Clock: clk_i
Sources: clk_i 
Generated: no
Virtual: yes
Propagated: no
Period: 20.000000

===========================================================================
report_clock_properties
============================================================================
Clock                   Period          Waveform
----------------------------------------------------
clk_i                20.000000    0.000000 10.000000

===========================================================================
report_clock_latency
============================================================================
Clock clk_i
rise -> rise
    min     max
0.000000 0.000000 source latency
0.410804         network latency _282_/CLK
        0.417357 network latency _301_/CLK
---------------
0.410804 0.417357 latency
        0.006553 skew

fall -> fall
    min     max
0.000000 0.000000 source latency
0.377637         network latency _282_/CLK
        0.384606 network latency _301_/CLK
---------------
0.377637 0.384606 latency
        0.006969 skew



===========================================================================
report_clock_min_period
============================================================================
clk_i period_min = 3.73 fmax = 267.85
