
===========================================================================
report_checks -unconstrained
===========================================================================
======================= min_ss_125C_4v50 Corner ===================================

Startpoint: _2030_ (rising edge-triggered flip-flop clocked by sys_clk)
Endpoint: _2067_ (recovery check against rising-edge clock sys_clk)
Path Group: asynchronous
Path Type: max

Fanout         Cap        Slew       Delay        Time   Description
---------------------------------------------------------------------------------------------
                                  0.000000    0.000000   clock sys_clk (rise edge)
                                  0.000000    0.000000   clock source latency
     1    0.053941    0.426507    0.217720    0.217720 ^ sys_clk_i (in)
                                                         sys_clk_i (net)
                      0.426528    0.000000    0.217720 ^ clkbuf_0_sys_clk_i/I (gf180mcu_fd_sc_mcu7t5v0__clkbuf_16)
    16    0.279608    0.547113    0.715853    0.933573 ^ clkbuf_0_sys_clk_i/Z (gf180mcu_fd_sc_mcu7t5v0__clkbuf_16)
                                                         clknet_0_sys_clk_i (net)
                      0.551116    0.022864    0.956438 ^ clkbuf_4_7_0_sys_clk_i/I (gf180mcu_fd_sc_mcu7t5v0__clkbuf_8)
     2    0.050208    0.277678    0.569818    1.526256 ^ clkbuf_4_7_0_sys_clk_i/Z (gf180mcu_fd_sc_mcu7t5v0__clkbuf_8)
                                                         clknet_4_7_0_sys_clk_i (net)
                      0.277678    0.000990    1.527246 ^ clkbuf_5_14__f_sys_clk_i/I (gf180mcu_fd_sc_mcu7t5v0__clkbuf_16)
     6    0.039469    0.189150    0.449096    1.976341 ^ clkbuf_5_14__f_sys_clk_i/Z (gf180mcu_fd_sc_mcu7t5v0__clkbuf_16)
                                                         clknet_5_14__leaf_sys_clk_i (net)
                      0.189151    0.000909    1.977250 ^ _2030_/CLK (gf180mcu_fd_sc_mcu7t5v0__dffrnq_1)
     2    0.022894    0.455682    1.496101    3.473352 v _2030_/Q (gf180mcu_fd_sc_mcu7t5v0__dffrnq_1)
                                                         s_uart_rx_clean_fifo (net)
                      0.455682    0.000899    3.474251 v _0923_/A2 (gf180mcu_fd_sc_mcu7t5v0__nor2_1)
     2    0.016354    1.101877    0.754560    4.228811 ^ _0923_/ZN (gf180mcu_fd_sc_mcu7t5v0__nor2_1)
                                                         u_dc_fifo_rx.dst_rstn_i (net)
                      1.101877    0.000190    4.229001 ^ fanout356/I (gf180mcu_fd_sc_mcu7t5v0__buf_1)
     8    0.075436    2.138854    1.588948    5.817949 ^ fanout356/Z (gf180mcu_fd_sc_mcu7t5v0__buf_1)
                                                         net356 (net)
                      2.138872    0.003486    5.821434 ^ fanout352/I (gf180mcu_fd_sc_mcu7t5v0__dlyb_1)
     2    0.015895    0.589326    1.939962    7.761396 ^ fanout352/Z (gf180mcu_fd_sc_mcu7t5v0__dlyb_1)
                                                         net352 (net)
                      0.589326    0.000170    7.761566 ^ load_slew353/I (gf180mcu_fd_sc_mcu7t5v0__clkbuf_4)
     9    0.086748    0.662321    0.839384    8.600949 ^ load_slew353/Z (gf180mcu_fd_sc_mcu7t5v0__clkbuf_4)
                                                         net353 (net)
                      0.662326    0.002532    8.603481 ^ _2067_/SETN (gf180mcu_fd_sc_mcu7t5v0__dffsnq_1)
                                              8.603481   data arrival time

                                 20.000000   20.000000   clock sys_clk (rise edge)
                                  0.000000   20.000000   clock source latency
     1    0.053941    0.426507    0.217719   20.217720 ^ sys_clk_i (in)
                                                         sys_clk_i (net)
                      0.426528    0.000000   20.217720 ^ clkbuf_0_sys_clk_i/I (gf180mcu_fd_sc_mcu7t5v0__clkbuf_16)
    16    0.279608    0.547113    0.715854   20.933573 ^ clkbuf_0_sys_clk_i/Z (gf180mcu_fd_sc_mcu7t5v0__clkbuf_16)
                                                         clknet_0_sys_clk_i (net)
                      0.551047    0.022590   20.956163 ^ clkbuf_4_4_0_sys_clk_i/I (gf180mcu_fd_sc_mcu7t5v0__clkbuf_8)
     2    0.049181    0.274761    0.567672   21.523836 ^ clkbuf_4_4_0_sys_clk_i/Z (gf180mcu_fd_sc_mcu7t5v0__clkbuf_8)
                                                         clknet_4_4_0_sys_clk_i (net)
                      0.274761    0.000513   21.524349 ^ clkbuf_5_8__f_sys_clk_i/I (gf180mcu_fd_sc_mcu7t5v0__clkbuf_16)
     6    0.030456    0.175549    0.437916   21.962265 ^ clkbuf_5_8__f_sys_clk_i/Z (gf180mcu_fd_sc_mcu7t5v0__clkbuf_16)
                                                         clknet_5_8__leaf_sys_clk_i (net)
                      0.175549    0.000133   21.962399 ^ _2067_/CLK (gf180mcu_fd_sc_mcu7t5v0__dffsnq_1)
                                 -0.250000   21.712400   clock uncertainty
                                  0.000000   21.712400   clock reconvergence pessimism
                                 -0.033674   21.678724   library recovery time
                                             21.678724   data required time
---------------------------------------------------------------------------------------------
                                             21.678724   data required time
                                             -8.603481   data arrival time
---------------------------------------------------------------------------------------------
                                             13.075244   slack (MET)


Startpoint: _1968_ (rising edge-triggered flip-flop clocked by periph_clk)
Endpoint: _1772_ (rising edge-triggered flip-flop clocked by periph_clk)
Path Group: periph_clk
Path Type: max

Fanout         Cap        Slew       Delay        Time   Description
---------------------------------------------------------------------------------------------
                                  0.000000    0.000000   clock periph_clk (rise edge)
                                  0.000000    0.000000   clock source latency
     1    0.048630    0.390898    0.196277    0.196277 ^ periph_clk_i (in)
                                                         periph_clk_i (net)
                      0.390908    0.000000    0.196277 ^ clkbuf_0_periph_clk_i/I (gf180mcu_fd_sc_mcu7t5v0__clkbuf_16)
    16    0.249343    0.513092    0.699886    0.896164 ^ clkbuf_0_periph_clk_i/Z (gf180mcu_fd_sc_mcu7t5v0__clkbuf_16)
                                                         clknet_0_periph_clk_i (net)
                      0.513104    0.003660    0.899823 ^ clkbuf_4_1_0_periph_clk_i/I (gf180mcu_fd_sc_mcu7t5v0__clkbuf_8)
     2    0.048775    0.273001    0.557677    1.457501 ^ clkbuf_4_1_0_periph_clk_i/Z (gf180mcu_fd_sc_mcu7t5v0__clkbuf_8)
                                                         clknet_4_1_0_periph_clk_i (net)
                      0.273002    0.001019    1.458519 ^ clkbuf_5_2__f_periph_clk_i/I (gf180mcu_fd_sc_mcu7t5v0__clkbuf_16)
     6    0.030003    0.174855    0.436990    1.895509 ^ clkbuf_5_2__f_periph_clk_i/Z (gf180mcu_fd_sc_mcu7t5v0__clkbuf_16)
                                                         clknet_5_2__leaf_periph_clk_i (net)
                      0.174855    0.000270    1.895779 ^ _1968_/CLK (gf180mcu_fd_sc_mcu7t5v0__dffrnq_1)
    10    0.053950    1.574997    2.483831    4.379610 ^ _1968_/Q (gf180mcu_fd_sc_mcu7t5v0__dffrnq_1)
                                                         u_uart_rx.CS[1] (net)
                      1.574997    0.001492    4.381102 ^ _1003_/A2 (gf180mcu_fd_sc_mcu7t5v0__nor2_1)
     2    0.009880    0.669840    0.475870    4.856971 v _1003_/ZN (gf180mcu_fd_sc_mcu7t5v0__nor2_1)
                                                         _0783_ (net)
                      0.669840    0.000081    4.857053 v _1005_/A4 (gf180mcu_fd_sc_mcu7t5v0__nand4_1)
     3    0.024414    1.406806    1.041653    5.898705 ^ _1005_/ZN (gf180mcu_fd_sc_mcu7t5v0__nand4_1)
                                                         _0785_ (net)
                      1.406806    0.000841    5.899546 ^ _1077_/B (gf180mcu_fd_sc_mcu7t5v0__aoi21_1)
     1    0.004740    0.664237    0.486455    6.386001 v _1077_/ZN (gf180mcu_fd_sc_mcu7t5v0__aoi21_1)
                                                         _0851_ (net)
                      0.664237    0.000093    6.386094 v fanout315/I (gf180mcu_fd_sc_mcu7t5v0__dlyb_1)
     8    0.071617    1.364622    2.900919    9.287013 v fanout315/Z (gf180mcu_fd_sc_mcu7t5v0__dlyb_1)
                                                         net315 (net)
                      1.364622    0.000556    9.287569 v fanout314/I (gf180mcu_fd_sc_mcu7t5v0__buf_1)
    10    0.078616    1.313591    1.563182   10.850751 v fanout314/Z (gf180mcu_fd_sc_mcu7t5v0__buf_1)
                                                         net314 (net)
                      1.313591    0.001226   10.851976 v _1078_/I (gf180mcu_fd_sc_mcu7t5v0__clkinv_1)
     3    0.023715    0.872581    0.806488   11.658464 ^ _1078_/ZN (gf180mcu_fd_sc_mcu7t5v0__clkinv_1)
                                                         _0852_ (net)
                      0.872581    0.000456   11.658920 ^ _1278_/A2 (gf180mcu_fd_sc_mcu7t5v0__nor2_1)
     2    0.023254    0.775718    0.628695   12.287616 v _1278_/ZN (gf180mcu_fd_sc_mcu7t5v0__nor2_1)
                                                         _0408_ (net)
                      0.775718    0.000403   12.288019 v max_cap536/I (gf180mcu_fd_sc_mcu7t5v0__buf_1)
     3    0.030655    0.579609    0.921252   13.209270 v max_cap536/Z (gf180mcu_fd_sc_mcu7t5v0__buf_1)
                                                         net536 (net)
                      0.579612    0.000669   13.209939 v max_cap227/I (gf180mcu_fd_sc_mcu7t5v0__buf_2)
     4    0.058531    0.529512    0.770885   13.980824 v max_cap227/Z (gf180mcu_fd_sc_mcu7t5v0__buf_2)
                                                         net227 (net)
                      0.529538    0.002082   13.982906 v _1281_/S (gf180mcu_fd_sc_mcu7t5v0__mux2_2)
     1    0.003805    0.179976    0.746813   14.729719 ^ _1281_/Z (gf180mcu_fd_sc_mcu7t5v0__mux2_2)
                                                         _0046_ (net)
                      0.179976    0.000039   14.729758 ^ _1772_/D (gf180mcu_fd_sc_mcu7t5v0__dffrnq_1)
                                             14.729758   data arrival time

                                 20.000000   20.000000   clock periph_clk (rise edge)
                                  0.000000   20.000000   clock source latency
     1    0.048630    0.390898    0.196277   20.196278 ^ periph_clk_i (in)
                                                         periph_clk_i (net)
                      0.390908    0.000000   20.196278 ^ clkbuf_0_periph_clk_i/I (gf180mcu_fd_sc_mcu7t5v0__clkbuf_16)
    16    0.249343    0.513092    0.699886   20.896164 ^ clkbuf_0_periph_clk_i/Z (gf180mcu_fd_sc_mcu7t5v0__clkbuf_16)
                                                         clknet_0_periph_clk_i (net)
                      0.513111    0.004663   20.900827 ^ clkbuf_4_7_0_periph_clk_i/I (gf180mcu_fd_sc_mcu7t5v0__clkbuf_8)
     2    0.048768    0.273109    0.557987   21.458815 ^ clkbuf_4_7_0_periph_clk_i/Z (gf180mcu_fd_sc_mcu7t5v0__clkbuf_8)
                                                         clknet_4_7_0_periph_clk_i (net)
                      0.273109    0.000451   21.459265 ^ clkbuf_5_15__f_periph_clk_i/I (gf180mcu_fd_sc_mcu7t5v0__clkbuf_16)
     5    0.022636    0.162588    0.426581   21.885847 ^ clkbuf_5_15__f_periph_clk_i/Z (gf180mcu_fd_sc_mcu7t5v0__clkbuf_16)
                                                         clknet_5_15__leaf_periph_clk_i (net)
                      0.162588    0.000037   21.885883 ^ _1772_/CLK (gf180mcu_fd_sc_mcu7t5v0__dffrnq_1)
                                 -0.250000   21.635885   clock uncertainty
                                  0.000000   21.635885   clock reconvergence pessimism
                                 -0.595532   21.040354   library setup time
                                             21.040354   data required time
---------------------------------------------------------------------------------------------
                                             21.040354   data required time
                                            -14.729758   data arrival time
---------------------------------------------------------------------------------------------
                                              6.310596   slack (MET)


Startpoint: cfg_rwn_i (input port clocked by sys_clk)
Endpoint: cfg_data_o[0] (output port clocked by sys_clk)
Path Group: sys_clk
Path Type: max

Fanout         Cap        Slew       Delay        Time   Description
---------------------------------------------------------------------------------------------
                                  0.000000    0.000000   clock sys_clk (rise edge)
                                  0.000000    0.000000   clock network delay (propagated)
                                  2.000000    2.000000 ^ input external delay
     1    0.006866    0.274709    0.109753    2.109753 ^ cfg_rwn_i (in)
                                                         cfg_rwn_i (net)
                      0.274709    0.000000    2.109753 ^ input38/I (gf180mcu_fd_sc_mcu7t5v0__dlyb_1)
     8    0.055031    1.593890    2.499327    4.609080 ^ input38/Z (gf180mcu_fd_sc_mcu7t5v0__dlyb_1)
                                                         net38 (net)
                      1.593899    0.002141    4.611221 ^ _1206_/A1 (gf180mcu_fd_sc_mcu7t5v0__nand3_1)
     3    0.013376    0.897268    0.645195    5.256416 v _1206_/ZN (gf180mcu_fd_sc_mcu7t5v0__nand3_1)
                                                         _0352_ (net)
                      0.897268    0.000164    5.256581 v _1210_/A2 (gf180mcu_fd_sc_mcu7t5v0__or2_1)
     3    0.017628    0.499252    1.101419    6.358000 v _1210_/Z (gf180mcu_fd_sc_mcu7t5v0__or2_1)
                                                         _0356_ (net)
                      0.499252    0.000287    6.358286 v _1214_/A4 (gf180mcu_fd_sc_mcu7t5v0__nor4_1)
     1    0.010233    1.736732    1.215573    7.573859 ^ _1214_/ZN (gf180mcu_fd_sc_mcu7t5v0__nor4_1)
                                                         _0360_ (net)
                      1.736732    0.000295    7.574154 ^ wire334/I (gf180mcu_fd_sc_mcu7t5v0__dlyb_1)
     2    0.017058    0.601151    1.971171    9.545324 ^ wire334/Z (gf180mcu_fd_sc_mcu7t5v0__dlyb_1)
                                                         net334 (net)
                      0.601151    0.000316    9.545641 ^ fanout331/I (gf180mcu_fd_sc_mcu7t5v0__buf_1)
    10    0.115946    3.237719    2.182958   11.728599 ^ fanout331/Z (gf180mcu_fd_sc_mcu7t5v0__buf_1)
                                                         net331 (net)
                      3.237719    0.000660   11.729259 ^ _1223_/B1 (gf180mcu_fd_sc_mcu7t5v0__aoi222_1)
     1    0.015548    1.480262    0.832614   12.561872 v _1223_/ZN (gf180mcu_fd_sc_mcu7t5v0__aoi222_1)
                                                         _0369_ (net)
                      1.480262    0.000571   12.562444 v wire311/I (gf180mcu_fd_sc_mcu7t5v0__dlyb_1)
     1    0.012370    0.505528    2.453263   15.015706 v wire311/Z (gf180mcu_fd_sc_mcu7t5v0__dlyb_1)
                                                         net311 (net)
                      0.505528    0.000375   15.016081 v _1229_/A1 (gf180mcu_fd_sc_mcu7t5v0__nand3_1)
     1    0.015707    0.828584    0.577618   15.593699 ^ _1229_/ZN (gf180mcu_fd_sc_mcu7t5v0__nand3_1)
                                                         net113 (net)
                      0.828584    0.000560   15.594258 ^ output113/I (gf180mcu_fd_sc_mcu7t5v0__buf_1)
     1    0.018922    0.613807    0.693733   16.287992 ^ output113/Z (gf180mcu_fd_sc_mcu7t5v0__buf_1)
                                                         net222 (net)
                      0.613807    0.000705   16.288696 ^ wire222/I (gf180mcu_fd_sc_mcu7t5v0__clkbuf_3)
     1    0.080157    0.622877    0.827921   17.116617 ^ wire222/Z (gf180mcu_fd_sc_mcu7t5v0__clkbuf_3)
                                                         cfg_data_o[0] (net)
                      0.622880    0.001911   17.118528 ^ cfg_data_o[0] (out)
                                             17.118528   data arrival time

                                 20.000000   20.000000   clock sys_clk (rise edge)
                                  0.000000   20.000000   clock network delay (propagated)
                                 -0.250000   19.750002   clock uncertainty
                                  0.000000   19.750002   clock reconvergence pessimism
                                 -2.000000   17.750002   output external delay
                                             17.750002   data required time
---------------------------------------------------------------------------------------------
                                             17.750002   data required time
                                            -17.118528   data arrival time
---------------------------------------------------------------------------------------------
                                              0.631472   slack (MET)




===========================================================================
report_checks --slack_max -0.01
============================================================================
======================= min_ss_125C_4v50 Corner ===================================

No paths found.


===========================================================================
 report_check_types -max_slew -max_cap -max_fanout -violators
============================================================================
======================= min_ss_125C_4v50 Corner ===================================

max slew

Pin                                        Limit        Slew       Slack
------------------------------------------------------------------------
ANTENNA_1/I                             3.000000    3.543740   -0.543740 (VIOLATED)
ANTENNA_2/I                             3.000000    3.543740   -0.543740 (VIOLATED)
_1225_/A2                               3.000000    3.543740   -0.543740 (VIOLATED)
_1232_/A2                               3.000000    3.543740   -0.543740 (VIOLATED)
_1236_/A2                               3.000000    3.543740   -0.543740 (VIOLATED)
_1238_/A2                               3.000000    3.543740   -0.543740 (VIOLATED)
_1243_/A2                               3.000000    3.543740   -0.543740 (VIOLATED)
_1249_/A2                               3.000000    3.543740   -0.543740 (VIOLATED)
_1259_/A2                               3.000000    3.543740   -0.543740 (VIOLATED)
_1262_/A2                               3.000000    3.543740   -0.543740 (VIOLATED)
fanout338/I                             3.000000    3.543740   -0.543740 (VIOLATED)
fanout339/Z                             3.000000    3.543740   -0.543740 (VIOLATED)
_1238_/B1                               3.000000    3.237752   -0.237752 (VIOLATED)
_1235_/A2                               3.000000    3.237749   -0.237749 (VIOLATED)
_1253_/B1                               3.000000    3.237749   -0.237749 (VIOLATED)
_1233_/A2                               3.000000    3.237746   -0.237746 (VIOLATED)
_1244_/B1                               3.000000    3.237738   -0.237738 (VIOLATED)
_1247_/A2                               3.000000    3.237734   -0.237734 (VIOLATED)
_1223_/B1                               3.000000    3.237719   -0.237719 (VIOLATED)
_1256_/B1                               3.000000    3.237719   -0.237719 (VIOLATED)
_1259_/B1                               3.000000    3.237719   -0.237719 (VIOLATED)
_1262_/B1                               3.000000    3.237719   -0.237719 (VIOLATED)
fanout331/Z                             3.000000    3.237719   -0.237719 (VIOLATED)

max fanout

Pin                                   Limit Fanout  Slack
---------------------------------------------------------
clkbuf_0_periph_clk_i/Z                  10     16     -6 (VIOLATED)
clkbuf_0_sys_clk_i/Z                     10     16     -6 (VIOLATED)
fanout339/Z                              10     11        (VIOLATED)

max capacitance

Pin                                        Limit         Cap       Slack
------------------------------------------------------------------------
clkbuf_0_sys_clk_i/Z                    0.200000    0.279608   -0.079608 (VIOLATED)
clkbuf_0_periph_clk_i/Z                 0.200000    0.249343   -0.049343 (VIOLATED)



===========================================================================
report_parasitic_annotation -report_unannotated
============================================================================
Found 45 unannotated drivers.
 data_tx_i[10]
 data_tx_i[11]
 data_tx_i[12]
 data_tx_i[13]
 data_tx_i[14]
 data_tx_i[15]
 data_tx_i[16]
 data_tx_i[17]
 data_tx_i[18]
 data_tx_i[19]
 data_tx_i[20]
 data_tx_i[21]
 data_tx_i[22]
 data_tx_i[23]
 data_tx_i[24]
 data_tx_i[25]
 data_tx_i[26]
 data_tx_i[27]
 data_tx_i[28]
 data_tx_i[29]
 data_tx_i[30]
 data_tx_i[31]
 data_tx_i[8]
 data_tx_i[9]
 clkload0/Z
 clkload1/Z
 clkload10/Z
 clkload11/Z
 clkload12/Z
 clkload13/Z
 clkload14/Z
 clkload15/Z
 clkload16/Z
 clkload17/Z
 clkload18/Z
 clkload19/Z
 clkload2/Z
 clkload20/Z
 clkload3/Z
 clkload4/Z
 clkload5/Z
 clkload6/Z
 clkload7/Z
 clkload8/Z
 clkload9/Z
Found 0 partially unannotated drivers.

===========================================================================
max slew violation count 23
max fanout violation count 3
max cap violation count 2
============================================================================

===========================================================================
check_setup -verbose -unconstrained_endpoints -multiple_clock -no_clock -no_input_delay -loops -generated_clocks
===========================================================================
Warning: There is 1 input port missing set_input_delay.
  rstn_i
