
===========================================================================
report_checks -unconstrained
===========================================================================
======================= min_tt_025C_5v00 Corner ===================================

Startpoint: rstn_i (input port clocked by clk_i)
Endpoint: _389_ (recovery check against rising-edge clock clk_i)
Path Group: asynchronous
Path Type: max

Fanout         Cap        Slew       Delay        Time   Description
---------------------------------------------------------------------------------------------
                                  0.000000    0.000000   clock clk_i (rise edge)
                                  0.000000    0.000000   clock network delay (propagated)
                                  4.000000    4.000000 ^ input external delay
     1    0.004475    0.121306    0.044369    4.044369 ^ rstn_i (in)
                                                         rstn_i (net)
                      0.121306    0.000000    4.044369 ^ input21/I (gf180mcu_fd_sc_mcu7t5v0__dlyb_1)
     1    0.004666    0.162045    0.874667    4.919037 ^ input21/Z (gf180mcu_fd_sc_mcu7t5v0__dlyb_1)
                                                         net21 (net)
                      0.162045    0.000054    4.919091 ^ fanout44/I (gf180mcu_fd_sc_mcu7t5v0__dlyb_1)
     9    0.087167    1.445447    1.646446    6.565537 ^ fanout44/Z (gf180mcu_fd_sc_mcu7t5v0__dlyb_1)
                                                         net44 (net)
                      1.445447    0.000702    6.566238 ^ fanout41/I (gf180mcu_fd_sc_mcu7t5v0__dlyb_1)
    10    0.098683    1.631865    1.756978    8.323216 ^ fanout41/Z (gf180mcu_fd_sc_mcu7t5v0__dlyb_1)
                                                         net41 (net)
                      1.631876    0.002420    8.325637 ^ _389_/RN (gf180mcu_fd_sc_mcu7t5v0__dffrnq_1)
                                              8.325637   data arrival time

                                 20.000000   20.000000   clock clk_i (rise edge)
                                  0.000000   20.000000   clock source latency
     1    0.033738    0.170447    0.083910   20.083910 ^ clk_i (in)
                                                         clk_i (net)
                      0.170451    0.000000   20.083910 ^ clkbuf_0_clk_i/I (gf180mcu_fd_sc_mcu7t5v0__clkbuf_16)
     4    0.098155    0.156684    0.290923   20.374832 ^ clkbuf_0_clk_i/Z (gf180mcu_fd_sc_mcu7t5v0__clkbuf_16)
                                                         clknet_0_clk_i (net)
                      0.156684    0.000668   20.375502 ^ clkbuf_2_3__f_clk_i/I (gf180mcu_fd_sc_mcu7t5v0__clkbuf_16)
     9    0.048428    0.113818    0.254907   20.630407 ^ clkbuf_2_3__f_clk_i/Z (gf180mcu_fd_sc_mcu7t5v0__clkbuf_16)
                                                         clknet_2_3__leaf_clk_i (net)
                      0.113822    0.001270   20.631678 ^ _389_/CLK (gf180mcu_fd_sc_mcu7t5v0__dffrnq_1)
                                 -0.250000   20.381680   clock uncertainty
                                  0.000000   20.381680   clock reconvergence pessimism
                                 -0.173397   20.208282   library recovery time
                                             20.208282   data required time
---------------------------------------------------------------------------------------------
                                             20.208282   data required time
                                             -8.325637   data arrival time
---------------------------------------------------------------------------------------------
                                             11.882646   slack (MET)


Startpoint: rx_ready_i (input port clocked by clk_i)
Endpoint: err_overflow_o (output port clocked by clk_i)
Path Group: clk_i
Path Type: max

Fanout         Cap        Slew       Delay        Time   Description
---------------------------------------------------------------------------------------------
                                  0.000000    0.000000   clock clk_i (rise edge)
                                  0.000000    0.000000   clock network delay (propagated)
                                  4.000000    4.000000 v input external delay
     1    0.004546    0.071156    0.027821    4.027821 v rx_ready_i (in)
                                                         rx_ready_i (net)
                      0.071156    0.000000    4.027821 v input23/I (gf180mcu_fd_sc_mcu7t5v0__dlyb_1)
     2    0.008173    0.241804    0.995433    5.023254 v input23/Z (gf180mcu_fd_sc_mcu7t5v0__dlyb_1)
                                                         net23 (net)
                      0.241804    0.000117    5.023371 v _257_/A2 (gf180mcu_fd_sc_mcu7t5v0__nor3_1)
     1    0.003820    0.399480    0.285758    5.309129 ^ _257_/ZN (gf180mcu_fd_sc_mcu7t5v0__nor3_1)
                                                         net26 (net)
                      0.399480    0.000073    5.309202 ^ output26/I (gf180mcu_fd_sc_mcu7t5v0__dlyb_1)
     1    0.074766    1.249056    1.554171    6.863373 ^ output26/Z (gf180mcu_fd_sc_mcu7t5v0__dlyb_1)
                                                         err_overflow_o (net)
                      1.249056    0.001001    6.864373 ^ err_overflow_o (out)
                                              6.864373   data arrival time

                                 20.000000   20.000000   clock clk_i (rise edge)
                                  0.000000   20.000000   clock network delay (propagated)
                                 -0.250000   19.750002   clock uncertainty
                                  0.000000   19.750002   clock reconvergence pessimism
                                 -4.000000   15.750001   output external delay
                                             15.750001   data required time
---------------------------------------------------------------------------------------------
                                             15.750001   data required time
                                             -6.864373   data arrival time
---------------------------------------------------------------------------------------------
                                              8.885628   slack (MET)




===========================================================================
report_checks --slack_max -0.01
============================================================================
======================= min_tt_025C_5v00 Corner ===================================

No paths found.


===========================================================================
 report_check_types -max_slew -max_cap -max_fanout -violators
============================================================================
======================= min_tt_025C_5v00 Corner ===================================



===========================================================================
report_parasitic_annotation -report_unannotated
============================================================================
Found 4 unannotated drivers.
 cfg_stop_bits_i
 clkload0/Z
 clkload1/Z
 clkload2/Z
Found 0 partially unannotated drivers.

===========================================================================
max slew violation count 0
max fanout violation count 0
max cap violation count 0
============================================================================

===========================================================================
check_setup -verbose -unconstrained_endpoints -multiple_clock -no_clock -no_input_delay -loops -generated_clocks
===========================================================================
