Clock: clk_i
Sources: clk_i 
Generated: no
Virtual: yes
Propagated: no
Period: 20.000000

===========================================================================
report_clock_properties
============================================================================
Clock                   Period          Waveform
----------------------------------------------------
clk_i                20.000000    0.000000 10.000000

===========================================================================
report_clock_latency
============================================================================
Clock clk_i
rise -> rise
    min     max
0.000000 0.000000 source latency
0.630886         network latency _372_/CLK
        0.638290 network latency _390_/CLK
---------------
0.630886 0.638290 latency
        0.007404 skew

fall -> fall
    min     max
0.000000 0.000000 source latency
0.587107         network latency _372_/CLK
        0.595033 network latency _390_/CLK
---------------
0.587107 0.595033 latency
        0.007926 skew



===========================================================================
report_clock_min_period
============================================================================
clk_i period_min = 5.90 fmax = 169.57
