
===========================================================================
 report_power
============================================================================
======================= min_tt_025C_5v00 Corner ===================================

Group                    Internal    Switching      Leakage        Total
                            Power        Power        Power        Power (Watts)
------------------------------------------------------------------------
Sequential           1.123079e-03 8.556940e-05 1.652728e-08 1.208665e-03  35.0%
Combinational        4.608799e-04 5.048514e-04 2.880092e-08 9.657601e-04  27.9%
Clock                8.926425e-04 3.904213e-04 4.574448e-08 1.283110e-03  37.1%
Macro                0.000000e+00 0.000000e+00 0.000000e+00 0.000000e+00   0.0%
Pad                  0.000000e+00 0.000000e+00 0.000000e+00 0.000000e+00   0.0%
------------------------------------------------------------------------
Total                2.476601e-03 9.808422e-04 9.107266e-08 3.457534e-03 100.0%
                            71.6%        28.4%         0.0%

