Clock: sys_clk
Sources: sys_clk_i 
Generated: no
Virtual: no
Propagated: no
Period: 20.000000

===========================================================================
report_clock_properties
============================================================================
Clock                   Period          Waveform
----------------------------------------------------
sys_clk              20.000000    0.000000 10.000000

===========================================================================
report_clock_latency
============================================================================
Clock sys_clk
rise -> rise
    min     max
0.000000 0.000000 source latency
1.001492         network latency _1892_/CLK
        1.001492 network latency _1892_/CLK
---------------
1.001492 1.001492 latency
        0.000000 skew

fall -> fall
    min     max
0.000000 0.000000 source latency
0.633465         network latency _1892_/CLK
        0.633465 network latency _1892_/CLK
---------------
0.633465 0.633465 latency
        0.000000 skew



===========================================================================
report_clock_min_period
============================================================================
sys_clk period_min = 7.35 fmax = 136.14
Clock: periph_clk
Sources: periph_clk_i 
Generated: no
Virtual: no
Propagated: no
Period: 20.000000

===========================================================================
report_clock_properties
============================================================================
Clock                   Period          Waveform
----------------------------------------------------
periph_clk           20.000000    0.000000 10.000000

===========================================================================
report_clock_latency
============================================================================
Clock periph_clk
rise -> rise
    min     max
0.000000 0.000000 source latency
0.834652         network latency _1856_/CLK
        0.834652 network latency _1856_/CLK
---------------
0.834652 0.834652 latency
        0.000000 skew

fall -> fall
    min     max
0.000000 0.000000 source latency
0.527570         network latency _1856_/CLK
        0.527570 network latency _1856_/CLK
---------------
0.527570 0.527570 latency
        0.000000 skew



===========================================================================
report_clock_min_period
============================================================================
periph_clk period_min = 3.67 fmax = 272.62
