
===========================================================================
report_checks -unconstrained
===========================================================================
======================= max_ss_125C_4v50 Corner ===================================

Startpoint: _2030_ (rising edge-triggered flip-flop clocked by sys_clk)
Endpoint: _2067_ (recovery check against rising-edge clock sys_clk)
Path Group: asynchronous
Path Type: max

Fanout         Cap        Slew       Delay        Time   Description
---------------------------------------------------------------------------------------------
                                  0.000000    0.000000   clock sys_clk (rise edge)
                                  0.000000    0.000000   clock source latency
     1    0.064289    0.494585    0.259182    0.259182 ^ sys_clk_i (in)
                                                         sys_clk_i (net)
                      0.494734    0.000000    0.259182 ^ clkbuf_0_sys_clk_i/I (gf180mcu_fd_sc_mcu7t5v0__clkbuf_20)
    16    0.191737    0.364816    0.619937    0.879119 ^ clkbuf_0_sys_clk_i/Z (gf180mcu_fd_sc_mcu7t5v0__clkbuf_20)
                                                         clknet_0_sys_clk_i (net)
                      0.364876    0.007574    0.886692 ^ clkbuf_4_7_0_sys_clk_i/I (gf180mcu_fd_sc_mcu7t5v0__clkbuf_2)
     2    0.061844    0.905963    0.903553    1.790245 ^ clkbuf_4_7_0_sys_clk_i/Z (gf180mcu_fd_sc_mcu7t5v0__clkbuf_2)
                                                         clknet_4_7_0_sys_clk_i (net)
                      0.905970    0.001360    1.791605 ^ clkbuf_5_14__f_sys_clk_i/I (gf180mcu_fd_sc_mcu7t5v0__clkbuf_20)
     6    0.044211    0.200551    0.565036    2.356641 ^ clkbuf_5_14__f_sys_clk_i/Z (gf180mcu_fd_sc_mcu7t5v0__clkbuf_20)
                                                         clknet_5_14__leaf_sys_clk_i (net)
                      0.200553    0.001088    2.357729 ^ _2030_/CLK (gf180mcu_fd_sc_mcu7t5v0__dffrnq_1)
     2    0.027599    0.523525    1.546034    3.903764 v _2030_/Q (gf180mcu_fd_sc_mcu7t5v0__dffrnq_1)
                                                         s_uart_rx_clean_fifo (net)
                      0.523533    0.001335    3.905099 v _0923_/A2 (gf180mcu_fd_sc_mcu7t5v0__nor2_1)
     2    0.019222    1.256930    0.851338    4.756437 ^ _0923_/ZN (gf180mcu_fd_sc_mcu7t5v0__nor2_1)
                                                         u_dc_fifo_rx.dst_rstn_i (net)
                      1.256930    0.000259    4.756696 ^ fanout356/I (gf180mcu_fd_sc_mcu7t5v0__buf_1)
     8    0.078564    2.223272    1.642451    6.399147 ^ fanout356/Z (gf180mcu_fd_sc_mcu7t5v0__buf_1)
                                                         net356 (net)
                      2.223288    0.003384    6.402532 ^ fanout352/I (gf180mcu_fd_sc_mcu7t5v0__dlyb_1)
     2    0.015896    0.589419    1.937160    8.339692 ^ fanout352/Z (gf180mcu_fd_sc_mcu7t5v0__dlyb_1)
                                                         net352 (net)
                      0.589419    0.000171    8.339863 ^ load_slew353/I (gf180mcu_fd_sc_mcu7t5v0__clkbuf_4)
     9    0.089529    0.679429    0.849878    9.189741 ^ load_slew353/Z (gf180mcu_fd_sc_mcu7t5v0__clkbuf_4)
                                                         net353 (net)
                      0.679478    0.003304    9.193045 ^ _2067_/SETN (gf180mcu_fd_sc_mcu7t5v0__dffsnq_1)
                                              9.193045   data arrival time

                                 20.000000   20.000000   clock sys_clk (rise edge)
                                  0.000000   20.000000   clock source latency
     1    0.064289    0.494585    0.259181   20.259182 ^ sys_clk_i (in)
                                                         sys_clk_i (net)
                      0.494734    0.000000   20.259182 ^ clkbuf_0_sys_clk_i/I (gf180mcu_fd_sc_mcu7t5v0__clkbuf_20)
    16    0.191737    0.364816    0.619938   20.879120 ^ clkbuf_0_sys_clk_i/Z (gf180mcu_fd_sc_mcu7t5v0__clkbuf_20)
                                                         clknet_0_sys_clk_i (net)
                      0.364976    0.010342   20.889462 ^ clkbuf_4_4_0_sys_clk_i/I (gf180mcu_fd_sc_mcu7t5v0__clkbuf_2)
     2    0.062304    0.912071    0.907097   21.796558 ^ clkbuf_4_4_0_sys_clk_i/Z (gf180mcu_fd_sc_mcu7t5v0__clkbuf_2)
                                                         clknet_4_4_0_sys_clk_i (net)
                      0.912078    0.001448   21.798006 ^ clkbuf_5_8__f_sys_clk_i/I (gf180mcu_fd_sc_mcu7t5v0__clkbuf_20)
     6    0.033110    0.186808    0.555055   22.353060 ^ clkbuf_5_8__f_sys_clk_i/Z (gf180mcu_fd_sc_mcu7t5v0__clkbuf_20)
                                                         clknet_5_8__leaf_sys_clk_i (net)
                      0.186808    0.000039   22.353100 ^ _2067_/CLK (gf180mcu_fd_sc_mcu7t5v0__dffsnq_1)
                                 -0.250000   22.103100   clock uncertainty
                                  0.000000   22.103100   clock reconvergence pessimism
                                 -0.034518   22.068583   library recovery time
                                             22.068583   data required time
---------------------------------------------------------------------------------------------
                                             22.068583   data required time
                                             -9.193045   data arrival time
---------------------------------------------------------------------------------------------
                                             12.875538   slack (MET)


Startpoint: _2074_ (rising edge-triggered flip-flop clocked by periph_clk)
Endpoint: _1776_ (rising edge-triggered flip-flop clocked by periph_clk)
Path Group: periph_clk
Path Type: max

Fanout         Cap        Slew       Delay        Time   Description
---------------------------------------------------------------------------------------------
                                  0.000000    0.000000   clock periph_clk (rise edge)
                                  0.000000    0.000000   clock source latency
     1    0.057543    0.449771    0.231666    0.231666 ^ periph_clk_i (in)
                                                         periph_clk_i (net)
                      0.449790    0.000000    0.231666 ^ clkbuf_0_periph_clk_i/I (gf180mcu_fd_sc_mcu7t5v0__clkbuf_20)
    16    0.144748    0.306540    0.574432    0.806097 ^ clkbuf_0_periph_clk_i/Z (gf180mcu_fd_sc_mcu7t5v0__clkbuf_20)
                                                         clknet_0_periph_clk_i (net)
                      0.306547    0.002818    0.808916 ^ clkbuf_4_12_0_periph_clk_i/I (gf180mcu_fd_sc_mcu7t5v0__clkbuf_2)
     2    0.063251    0.924645    0.901551    1.710467 ^ clkbuf_4_12_0_periph_clk_i/Z (gf180mcu_fd_sc_mcu7t5v0__clkbuf_2)
                                                         clknet_4_12_0_periph_clk_i (net)
                      0.924652    0.001421    1.711888 ^ clkbuf_5_24__f_periph_clk_i/I (gf180mcu_fd_sc_mcu7t5v0__clkbuf_20)
     5    0.027195    0.179790    0.549800    2.261688 ^ clkbuf_5_24__f_periph_clk_i/Z (gf180mcu_fd_sc_mcu7t5v0__clkbuf_20)
                                                         clknet_5_24__leaf_periph_clk_i (net)
                      0.179790    0.000309    2.261997 ^ _2074_/CLK (gf180mcu_fd_sc_mcu7t5v0__dffrnq_1)
     7    0.051488    1.509376    2.445801    4.707799 ^ _2074_/Q (gf180mcu_fd_sc_mcu7t5v0__dffrnq_1)
                                                         u_uart_rx.bit_done (net)
                      1.509387    0.002291    4.710090 ^ _1005_/A3 (gf180mcu_fd_sc_mcu7t5v0__nand4_1)
     3    0.028096    1.605339    1.073909    5.783999 v _1005_/ZN (gf180mcu_fd_sc_mcu7t5v0__nand4_1)
                                                         _0785_ (net)
                      1.605339    0.000878    5.784877 v _1077_/B (gf180mcu_fd_sc_mcu7t5v0__aoi21_1)
     1    0.006888    0.869661    0.792577    6.577454 ^ _1077_/ZN (gf180mcu_fd_sc_mcu7t5v0__aoi21_1)
                                                         _0851_ (net)
                      0.869661    0.000159    6.577613 ^ fanout315/I (gf180mcu_fd_sc_mcu7t5v0__dlyb_1)
     8    0.074346    2.114504    2.855206    9.432819 ^ fanout315/Z (gf180mcu_fd_sc_mcu7t5v0__dlyb_1)
                                                         net315 (net)
                      2.114504    0.001198    9.434017 ^ fanout314/I (gf180mcu_fd_sc_mcu7t5v0__buf_1)
    10    0.084447    2.382459    1.751542   11.185559 ^ fanout314/Z (gf180mcu_fd_sc_mcu7t5v0__buf_1)
                                                         net314 (net)
                      2.382459    0.001323   11.186883 ^ _1078_/I (gf180mcu_fd_sc_mcu7t5v0__clkinv_1)
     3    0.024600    1.125169    0.894603   12.081486 v _1078_/ZN (gf180mcu_fd_sc_mcu7t5v0__clkinv_1)
                                                         _0852_ (net)
                      1.125169    0.000662   12.082148 v _1278_/A2 (gf180mcu_fd_sc_mcu7t5v0__nor2_1)
     3    0.044177    2.518629    1.701332   13.783480 ^ _1278_/ZN (gf180mcu_fd_sc_mcu7t5v0__nor2_1)
                                                         _0408_ (net)
                      2.518629    0.001157   13.784636 ^ max_cap535/I (gf180mcu_fd_sc_mcu7t5v0__clkbuf_2)
     3    0.043804    0.691973    1.046158   14.830794 ^ max_cap535/Z (gf180mcu_fd_sc_mcu7t5v0__clkbuf_2)
                                                         net535 (net)
                      0.691974    0.001370   14.832165 ^ max_cap227/I (gf180mcu_fd_sc_mcu7t5v0__buf_2)
     4    0.064882    0.944748    0.846823   15.678988 ^ max_cap227/Z (gf180mcu_fd_sc_mcu7t5v0__buf_2)
                                                         net227 (net)
                      0.944759    0.001830   15.680817 ^ _1285_/S (gf180mcu_fd_sc_mcu7t5v0__mux2_2)
     1    0.003686    0.178757    0.544393   16.225210 ^ _1285_/Z (gf180mcu_fd_sc_mcu7t5v0__mux2_2)
                                                         _0050_ (net)
                      0.178757    0.000039   16.225248 ^ _1776_/D (gf180mcu_fd_sc_mcu7t5v0__dffrnq_1)
                                             16.225248   data arrival time

                                 20.000000   20.000000   clock periph_clk (rise edge)
                                  0.000000   20.000000   clock source latency
     1    0.057543    0.449771    0.231665   20.231667 ^ periph_clk_i (in)
                                                         periph_clk_i (net)
                      0.449790    0.000000   20.231667 ^ clkbuf_0_periph_clk_i/I (gf180mcu_fd_sc_mcu7t5v0__clkbuf_20)
    16    0.144748    0.306540    0.574433   20.806099 ^ clkbuf_0_periph_clk_i/Z (gf180mcu_fd_sc_mcu7t5v0__clkbuf_20)
                                                         clknet_0_periph_clk_i (net)
                      0.306545    0.002366   20.808464 ^ clkbuf_4_1_0_periph_clk_i/I (gf180mcu_fd_sc_mcu7t5v0__clkbuf_2)
     2    0.059418    0.873432    0.871710   21.680174 ^ clkbuf_4_1_0_periph_clk_i/Z (gf180mcu_fd_sc_mcu7t5v0__clkbuf_2)
                                                         clknet_4_1_0_periph_clk_i (net)
                      0.873439    0.001402   21.681576 ^ clkbuf_5_3__f_periph_clk_i/I (gf180mcu_fd_sc_mcu7t5v0__clkbuf_20)
     5    0.031325    0.183017    0.546388   22.227964 ^ clkbuf_5_3__f_periph_clk_i/Z (gf180mcu_fd_sc_mcu7t5v0__clkbuf_20)
                                                         clknet_5_3__leaf_periph_clk_i (net)
                      0.183017    0.000314   22.228279 ^ _1776_/CLK (gf180mcu_fd_sc_mcu7t5v0__dffrnq_1)
                                 -0.250000   21.978279   clock uncertainty
                                  0.000000   21.978279   clock reconvergence pessimism
                                 -0.590228   21.388052   library setup time
                                             21.388052   data required time
---------------------------------------------------------------------------------------------
                                             21.388052   data required time
                                            -16.225248   data arrival time
---------------------------------------------------------------------------------------------
                                              5.162802   slack (MET)


Startpoint: cfg_rwn_i (input port clocked by sys_clk)
Endpoint: cfg_data_o[0] (output port clocked by sys_clk)
Path Group: sys_clk
Path Type: max

Fanout         Cap        Slew       Delay        Time   Description
---------------------------------------------------------------------------------------------
                                  0.000000    0.000000   clock sys_clk (rise edge)
                                  0.000000    0.000000   clock network delay (propagated)
                                  2.000000    2.000000 ^ input external delay
     1    0.010363    0.369226    0.164767    2.164767 ^ cfg_rwn_i (in)
                                                         cfg_rwn_i (net)
                      0.369226    0.000000    2.164767 ^ input38/I (gf180mcu_fd_sc_mcu7t5v0__dlyb_1)
     8    0.059628    1.716274    2.582839    4.747605 ^ input38/Z (gf180mcu_fd_sc_mcu7t5v0__dlyb_1)
                                                         net38 (net)
                      1.716298    0.003596    4.751201 ^ _1206_/A1 (gf180mcu_fd_sc_mcu7t5v0__nand3_1)
     3    0.014051    0.922262    0.677289    5.428490 v _1206_/ZN (gf180mcu_fd_sc_mcu7t5v0__nand3_1)
                                                         _0352_ (net)
                      0.922262    0.000178    5.428668 v _1210_/A2 (gf180mcu_fd_sc_mcu7t5v0__or2_1)
     3    0.019891    0.535917    1.139796    6.568464 v _1210_/Z (gf180mcu_fd_sc_mcu7t5v0__or2_1)
                                                         _0356_ (net)
                      0.535917    0.000380    6.568844 v _1214_/A4 (gf180mcu_fd_sc_mcu7t5v0__nor4_1)
     1    0.010977    1.821193    1.263175    7.832020 ^ _1214_/ZN (gf180mcu_fd_sc_mcu7t5v0__nor4_1)
                                                         _0360_ (net)
                      1.821193    0.000341    7.832361 ^ wire334/I (gf180mcu_fd_sc_mcu7t5v0__dlyb_1)
     2    0.026425    0.839927    2.117928    9.950289 ^ wire334/Z (gf180mcu_fd_sc_mcu7t5v0__dlyb_1)
                                                         net334 (net)
                      0.839927    0.000542    9.950830 ^ fanout331/I (gf180mcu_fd_sc_mcu7t5v0__buf_1)
    10    0.121908    3.400250    2.293295   12.244126 ^ fanout331/Z (gf180mcu_fd_sc_mcu7t5v0__buf_1)
                                                         net331 (net)
                      3.400250    0.001124   12.245251 ^ _1223_/B1 (gf180mcu_fd_sc_mcu7t5v0__aoi222_1)
     1    0.016494    1.538241    0.860335   13.105585 v _1223_/ZN (gf180mcu_fd_sc_mcu7t5v0__aoi222_1)
                                                         _0369_ (net)
                      1.538241    0.000663   13.106248 v wire311/I (gf180mcu_fd_sc_mcu7t5v0__dlyb_1)
     1    0.012516    0.507787    2.475411   15.581659 v wire311/Z (gf180mcu_fd_sc_mcu7t5v0__dlyb_1)
                                                         net311 (net)
                      0.507787    0.000405   15.582064 v _1229_/A1 (gf180mcu_fd_sc_mcu7t5v0__nand3_1)
     1    0.014266    0.794203    0.550351   16.132416 ^ _1229_/ZN (gf180mcu_fd_sc_mcu7t5v0__nand3_1)
                                                         net113 (net)
                      0.794203    0.000533   16.132948 ^ output113/I (gf180mcu_fd_sc_mcu7t5v0__buf_1)
     1    0.019619    0.631578    0.701588   16.834536 ^ output113/Z (gf180mcu_fd_sc_mcu7t5v0__buf_1)
                                                         net222 (net)
                      0.631579    0.000821   16.835356 ^ wire222/I (gf180mcu_fd_sc_mcu7t5v0__clkbuf_3)
     1    0.085679    0.658309    0.852449   17.687805 ^ wire222/Z (gf180mcu_fd_sc_mcu7t5v0__clkbuf_3)
                                                         cfg_data_o[0] (net)
                      0.658313    0.002530   17.690334 ^ cfg_data_o[0] (out)
                                             17.690334   data arrival time

                                 20.000000   20.000000   clock sys_clk (rise edge)
                                  0.000000   20.000000   clock network delay (propagated)
                                 -0.250000   19.750002   clock uncertainty
                                  0.000000   19.750002   clock reconvergence pessimism
                                 -2.000000   17.750002   output external delay
                                             17.750002   data required time
---------------------------------------------------------------------------------------------
                                             17.750002   data required time
                                            -17.690334   data arrival time
---------------------------------------------------------------------------------------------
                                              0.059666   slack (MET)




===========================================================================
report_checks --slack_max -0.01
============================================================================
======================= max_ss_125C_4v50 Corner ===================================

No paths found.


===========================================================================
 report_check_types -max_slew -max_cap -max_fanout -violators
============================================================================
======================= max_ss_125C_4v50 Corner ===================================

max slew

Pin                                        Limit        Slew       Slack
------------------------------------------------------------------------
_1264_/B1                               3.000000    4.092392   -1.092392 (VIOLATED)
_1267_/B1                               3.000000    4.092390   -1.092390 (VIOLATED)
_1218_/ZN                               3.000000    4.092358   -1.092358 (VIOLATED)
fanout326/I                             3.000000    4.092358   -1.092358 (VIOLATED)
_1236_/A2                               3.000000    3.726953   -0.726953 (VIOLATED)
_1238_/A2                               3.000000    3.726953   -0.726953 (VIOLATED)
ANTENNA_1/I                             3.000000    3.726951   -0.726951 (VIOLATED)
fanout338/I                             3.000000    3.726951   -0.726951 (VIOLATED)
ANTENNA_2/I                             3.000000    3.726950   -0.726951 (VIOLATED)
_1225_/A2                               3.000000    3.726937   -0.726937 (VIOLATED)
_1232_/A2                               3.000000    3.726937   -0.726937 (VIOLATED)
_1243_/A2                               3.000000    3.726937   -0.726937 (VIOLATED)
_1249_/A2                               3.000000    3.726937   -0.726937 (VIOLATED)
_1259_/A2                               3.000000    3.726937   -0.726937 (VIOLATED)
_1262_/A2                               3.000000    3.726937   -0.726937 (VIOLATED)
fanout339/Z                             3.000000    3.726937   -0.726937 (VIOLATED)
_1248_/B1                               3.000000    3.477752   -0.477752 (VIOLATED)
_1211_/ZN                               3.000000    3.477740   -0.477740 (VIOLATED)
_1223_/A2                               3.000000    3.477740   -0.477740 (VIOLATED)
_1244_/A2                               3.000000    3.477740   -0.477740 (VIOLATED)
_1238_/B1                               3.000000    3.400307   -0.400308 (VIOLATED)
_1235_/A2                               3.000000    3.400301   -0.400301 (VIOLATED)
_1253_/B1                               3.000000    3.400297   -0.400297 (VIOLATED)
_1233_/A2                               3.000000    3.400290   -0.400290 (VIOLATED)
_1244_/B1                               3.000000    3.400277   -0.400277 (VIOLATED)
_1247_/A2                               3.000000    3.400270   -0.400270 (VIOLATED)
_1223_/B1                               3.000000    3.400250   -0.400250 (VIOLATED)
_1256_/B1                               3.000000    3.400250   -0.400250 (VIOLATED)
_1259_/B1                               3.000000    3.400250   -0.400250 (VIOLATED)
_1262_/B1                               3.000000    3.400250   -0.400250 (VIOLATED)
fanout331/Z                             3.000000    3.400250   -0.400250 (VIOLATED)
_1238_/C1                               3.000000    3.315999   -0.315999 (VIOLATED)
_1252_/B1                               3.000000    3.315996   -0.315997 (VIOLATED)
_1235_/C1                               3.000000    3.315992   -0.315992 (VIOLATED)
_1233_/C1                               3.000000    3.315977   -0.315977 (VIOLATED)
_1247_/B1                               3.000000    3.315970   -0.315970 (VIOLATED)
_1244_/C1                               3.000000    3.315969   -0.315969 (VIOLATED)
_1255_/B1                               3.000000    3.315942   -0.315942 (VIOLATED)
_1226_/A2                               3.000000    3.315899   -0.315899 (VIOLATED)
_1258_/B1                               3.000000    3.315899   -0.315899 (VIOLATED)
_1261_/B1                               3.000000    3.315899   -0.315899 (VIOLATED)
fanout326/Z                             3.000000    3.315899   -0.315899 (VIOLATED)

max fanout

Pin                                   Limit Fanout  Slack
---------------------------------------------------------
clkbuf_0_periph_clk_i/Z                  10     16     -6 (VIOLATED)
clkbuf_0_sys_clk_i/Z                     10     16     -6 (VIOLATED)
fanout339/Z                              10     11        (VIOLATED)



===========================================================================
report_parasitic_annotation -report_unannotated
============================================================================
Found 45 unannotated drivers.
 data_tx_i[10]
 data_tx_i[11]
 data_tx_i[12]
 data_tx_i[13]
 data_tx_i[14]
 data_tx_i[15]
 data_tx_i[16]
 data_tx_i[17]
 data_tx_i[18]
 data_tx_i[19]
 data_tx_i[20]
 data_tx_i[21]
 data_tx_i[22]
 data_tx_i[23]
 data_tx_i[24]
 data_tx_i[25]
 data_tx_i[26]
 data_tx_i[27]
 data_tx_i[28]
 data_tx_i[29]
 data_tx_i[30]
 data_tx_i[31]
 data_tx_i[8]
 data_tx_i[9]
 clkload0/Z
 clkload1/Z
 clkload10/Z
 clkload11/Z
 clkload12/Z
 clkload13/Z
 clkload14/Z
 clkload15/Z
 clkload16/Z
 clkload17/Z
 clkload18/Z
 clkload19/Z
 clkload2/Z
 clkload20/Z
 clkload3/Z
 clkload4/Z
 clkload5/Z
 clkload6/Z
 clkload7/Z
 clkload8/Z
 clkload9/Z
Found 0 partially unannotated drivers.

===========================================================================
max slew violation count 42
max fanout violation count 3
max cap violation count 0
============================================================================

===========================================================================
check_setup -verbose -unconstrained_endpoints -multiple_clock -no_clock -no_input_delay -loops -generated_clocks
===========================================================================
Warning: There is 1 input port missing set_input_delay.
  rstn_i
