Clock: sys_clk
Sources: sys_clk_i 
Generated: no
Virtual: yes
Propagated: no
Period: 20.000000

===========================================================================
report_clock_properties
============================================================================
Clock                   Period          Waveform
----------------------------------------------------
sys_clk              20.000000    0.000000 10.000000

===========================================================================
report_clock_latency
============================================================================
Clock sys_clk
rise -> rise
    min     max
0.000000 0.000000 source latency
2.272938         network latency _2067_/CLK
        2.369233 network latency _1905_/CLK
---------------
2.272938 2.369233 latency
        0.096295 skew

fall -> fall
    min     max
0.000000 0.000000 source latency
2.232723         network latency _2067_/CLK
        2.340500 network latency _1905_/CLK
---------------
2.232723 2.340500 latency
        0.107777 skew



===========================================================================
report_clock_min_period
============================================================================
sys_clk period_min = 15.52 fmax = 64.44
Clock: periph_clk
Sources: periph_clk_i 
Generated: no
Virtual: yes
Propagated: no
Period: 20.000000

===========================================================================
report_clock_properties
============================================================================
Clock                   Period          Waveform
----------------------------------------------------
periph_clk           20.000000    0.000000 10.000000

===========================================================================
report_clock_latency
============================================================================
Clock periph_clk
rise -> rise
    min     max
0.000000 0.000000 source latency
2.211704         network latency _2032_/CLK
        2.270947 network latency _1991_/CLK
---------------
2.211704 2.270947 latency
        0.059242 skew

fall -> fall
    min     max
0.000000 0.000000 source latency
2.173447         network latency _2032_/CLK
        2.239388 network latency _1991_/CLK
---------------
2.173447 2.239388 latency
        0.065940 skew



===========================================================================
report_clock_min_period
============================================================================
periph_clk period_min = 19.73 fmax = 50.69
