Clock: sys_clk
Sources: sys_clk_i 
Generated: no
Virtual: yes
Propagated: no
Period: 20.000000

===========================================================================
report_clock_properties
============================================================================
Clock                   Period          Waveform
----------------------------------------------------
sys_clk              20.000000    0.000000 10.000000

===========================================================================
report_clock_latency
============================================================================
Clock sys_clk
rise -> rise
    min     max
0.000000 0.000000 source latency
0.830789         network latency _2067_/CLK
        0.850511 network latency _1919_/CLK
---------------
0.830789 0.850511 latency
        0.019723 skew

fall -> fall
    min     max
0.000000 0.000000 source latency
0.805053         network latency _2067_/CLK
        0.825994 network latency _1919_/CLK
---------------
0.805053 0.825994 latency
        0.020941 skew



===========================================================================
report_clock_min_period
============================================================================
sys_clk period_min = 4.14 fmax = 241.29
Clock: periph_clk
Sources: periph_clk_i 
Generated: no
Virtual: yes
Propagated: no
Period: 20.000000

===========================================================================
report_clock_properties
============================================================================
Clock                   Period          Waveform
----------------------------------------------------
periph_clk           20.000000    0.000000 10.000000

===========================================================================
report_clock_latency
============================================================================
Clock periph_clk
rise -> rise
    min     max
0.000000 0.000000 source latency
0.803866         network latency _1848_/CLK
        0.824603 network latency _1798_/CLK
---------------
0.803866 0.824603 latency
        0.020738 skew

fall -> fall
    min     max
0.000000 0.000000 source latency
0.781786         network latency _1848_/CLK
        0.803823 network latency _1798_/CLK
---------------
0.781786 0.803823 latency
        0.022037 skew



===========================================================================
report_clock_min_period
============================================================================
periph_clk period_min = 5.48 fmax = 182.49
