Clock: sys_clk
Sources: sys_clk_i 
Generated: no
Virtual: yes
Propagated: no
Period: 20.000000

===========================================================================
report_clock_properties
============================================================================
Clock                   Period          Waveform
----------------------------------------------------
sys_clk              20.000000    0.000000 10.000000

===========================================================================
report_clock_latency
============================================================================
Clock sys_clk
rise -> rise
    min     max
0.000000 0.000000 source latency
1.095488         network latency _2025_/CLK
        1.145312 network latency _1950_/CLK
---------------
1.095488 1.145312 latency
        0.049824 skew

fall -> fall
    min     max
0.000000 0.000000 source latency
1.062503         network latency _2025_/CLK
        1.114374 network latency _1950_/CLK
---------------
1.062503 1.114374 latency
        0.051871 skew



===========================================================================
report_clock_min_period
============================================================================
sys_clk period_min = 5.82 fmax = 171.68
Clock: periph_clk
Sources: periph_clk_i 
Generated: no
Virtual: yes
Propagated: no
Period: 20.000000

===========================================================================
report_clock_properties
============================================================================
Clock                   Period          Waveform
----------------------------------------------------
periph_clk           20.000000    0.000000 10.000000

===========================================================================
report_clock_latency
============================================================================
Clock periph_clk
rise -> rise
    min     max
0.000000 0.000000 source latency
1.059583         network latency _2021_/CLK
        1.072308 network latency _1798_/CLK
---------------
1.059583 1.072308 latency
        0.012724 skew

fall -> fall
    min     max
0.000000 0.000000 source latency
1.030172         network latency _2021_/CLK
        1.044797 network latency _1798_/CLK
---------------
1.030172 1.044797 latency
        0.014626 skew



===========================================================================
report_clock_min_period
============================================================================
periph_clk period_min = 7.65 fmax = 130.69
