
===========================================================================
report_checks -unconstrained
===========================================================================
======================= nom_ff_n40C_5v50 Corner ===================================

Startpoint: _2030_ (rising edge-triggered flip-flop clocked by sys_clk)
Endpoint: _2067_ (recovery check against rising-edge clock sys_clk)
Path Group: asynchronous
Path Type: max

Fanout         Cap        Slew       Delay        Time   Description
---------------------------------------------------------------------------------------------
                                  0.000000    0.000000   clock sys_clk (rise edge)
                                  0.000000    0.000000   clock source latency
     1    0.061604    0.185297    0.104653    0.104653 ^ sys_clk_i (in)
                                                         sys_clk_i (net)
                      0.185925    0.000000    0.104653 ^ clkbuf_0_sys_clk_i/I (gf180mcu_fd_sc_mcu7t5v0__clkbuf_20)
    16    0.162601    0.118160    0.209472    0.314125 ^ clkbuf_0_sys_clk_i/Z (gf180mcu_fd_sc_mcu7t5v0__clkbuf_20)
                                                         clknet_0_sys_clk_i (net)
                      0.118290    0.005852    0.319977 ^ clkbuf_4_7_0_sys_clk_i/I (gf180mcu_fd_sc_mcu7t5v0__clkbuf_2)
     2    0.060246    0.342627    0.327704    0.647681 ^ clkbuf_4_7_0_sys_clk_i/Z (gf180mcu_fd_sc_mcu7t5v0__clkbuf_2)
                                                         clknet_4_7_0_sys_clk_i (net)
                      0.342641    0.001230    0.648911 ^ clkbuf_5_14__f_sys_clk_i/I (gf180mcu_fd_sc_mcu7t5v0__clkbuf_20)
     6    0.038183    0.069462    0.199827    0.848738 ^ clkbuf_5_14__f_sys_clk_i/Z (gf180mcu_fd_sc_mcu7t5v0__clkbuf_20)
                                                         clknet_5_14__leaf_sys_clk_i (net)
                      0.069466    0.001163    0.849901 ^ _2030_/CLK (gf180mcu_fd_sc_mcu7t5v0__dffrnq_1)
     2    0.036515    0.258481    0.564779    1.414680 v _2030_/Q (gf180mcu_fd_sc_mcu7t5v0__dffrnq_1)
                                                         s_uart_rx_clean_fifo (net)
                      0.258576    0.001822    1.416502 v _0923_/A2 (gf180mcu_fd_sc_mcu7t5v0__nor2_1)
     2    0.020656    0.445518    0.315467    1.731969 ^ _0923_/ZN (gf180mcu_fd_sc_mcu7t5v0__nor2_1)
                                                         u_dc_fifo_rx.dst_rstn_i (net)
                      0.445518    0.000661    1.732630 ^ fanout336/I (gf180mcu_fd_sc_mcu7t5v0__dlyd_1)
     1    0.009702    0.148441    1.340751    3.073382 ^ fanout336/Z (gf180mcu_fd_sc_mcu7t5v0__dlyd_1)
                                                         net336 (net)
                      0.148443    0.000282    3.073664 ^ wire338/I (gf180mcu_fd_sc_mcu7t5v0__clkbuf_2)
     5    0.048045    0.276955    0.295112    3.368776 ^ wire338/Z (gf180mcu_fd_sc_mcu7t5v0__clkbuf_2)
                                                         net338 (net)
                      0.277023    0.002420    3.371196 ^ load_slew337/I (gf180mcu_fd_sc_mcu7t5v0__clkbuf_2)
     4    0.040218    0.236486    0.295064    3.666260 ^ load_slew337/Z (gf180mcu_fd_sc_mcu7t5v0__clkbuf_2)
                                                         net337 (net)
                      0.236504    0.001094    3.667354 ^ fanout329/I (gf180mcu_fd_sc_mcu7t5v0__dlyd_1)
     2    0.014405    0.194912    1.367380    5.034735 ^ fanout329/Z (gf180mcu_fd_sc_mcu7t5v0__dlyd_1)
                                                         net329 (net)
                      0.194912    0.000152    5.034886 ^ load_slew332/I (gf180mcu_fd_sc_mcu7t5v0__clkbuf_2)
     4    0.042552    0.249081    0.288082    5.322968 ^ load_slew332/Z (gf180mcu_fd_sc_mcu7t5v0__clkbuf_2)
                                                         net332 (net)
                      0.249111    0.001521    5.324490 ^ load_slew331/I (gf180mcu_fd_sc_mcu7t5v0__clkbuf_2)
     4    0.031244    0.192107    0.263674    5.588163 ^ load_slew331/Z (gf180mcu_fd_sc_mcu7t5v0__clkbuf_2)
                                                         net331 (net)
                      0.192107    0.000316    5.588480 ^ load_slew330/I (gf180mcu_fd_sc_mcu7t5v0__buf_2)
     3    0.027058    0.168736    0.198670    5.787149 ^ load_slew330/Z (gf180mcu_fd_sc_mcu7t5v0__buf_2)
                                                         net330 (net)
                      0.168736    0.000389    5.787538 ^ _2067_/SETN (gf180mcu_fd_sc_mcu7t5v0__dffsnq_1)
                                              5.787538   data arrival time

                                 20.000000   20.000000   clock sys_clk (rise edge)
                                  0.000000   20.000000   clock source latency
     1    0.061604    0.185297    0.104654   20.104654 ^ sys_clk_i (in)
                                                         sys_clk_i (net)
                      0.185925    0.000000   20.104654 ^ clkbuf_0_sys_clk_i/I (gf180mcu_fd_sc_mcu7t5v0__clkbuf_20)
    16    0.162601    0.118160    0.209472   20.314127 ^ clkbuf_0_sys_clk_i/Z (gf180mcu_fd_sc_mcu7t5v0__clkbuf_20)
                                                         clknet_0_sys_clk_i (net)
                      0.118279    0.005613   20.319740 ^ clkbuf_4_4_0_sys_clk_i/I (gf180mcu_fd_sc_mcu7t5v0__clkbuf_2)
     2    0.059126    0.336595    0.324008   20.643747 ^ clkbuf_4_4_0_sys_clk_i/Z (gf180mcu_fd_sc_mcu7t5v0__clkbuf_2)
                                                         clknet_4_4_0_sys_clk_i (net)
                      0.336613    0.001345   20.645092 ^ clkbuf_5_8__f_sys_clk_i/I (gf180mcu_fd_sc_mcu7t5v0__clkbuf_20)
     6    0.030114    0.065371    0.195813   20.840904 ^ clkbuf_5_8__f_sys_clk_i/Z (gf180mcu_fd_sc_mcu7t5v0__clkbuf_20)
                                                         clknet_5_8__leaf_sys_clk_i (net)
                      0.065371    0.000101   20.841005 ^ _2067_/CLK (gf180mcu_fd_sc_mcu7t5v0__dffsnq_1)
                                 -0.250000   20.591007   clock uncertainty
                                  0.000000   20.591007   clock reconvergence pessimism
                                  0.012171   20.603178   library recovery time
                                             20.603178   data required time
---------------------------------------------------------------------------------------------
                                             20.603178   data required time
                                             -5.787538   data arrival time
---------------------------------------------------------------------------------------------
                                             14.815640   slack (MET)


Startpoint: _1967_ (rising edge-triggered flip-flop clocked by periph_clk)
Endpoint: _1776_ (rising edge-triggered flip-flop clocked by periph_clk)
Path Group: periph_clk
Path Type: max

Fanout         Cap        Slew       Delay        Time   Description
---------------------------------------------------------------------------------------------
                                  0.000000    0.000000   clock periph_clk (rise edge)
                                  0.000000    0.000000   clock source latency
     1    0.057698    0.175506    0.097528    0.097528 ^ periph_clk_i (in)
                                                         periph_clk_i (net)
                      0.175823    0.000000    0.097528 ^ clkbuf_0_periph_clk_i/I (gf180mcu_fd_sc_mcu7t5v0__clkbuf_20)
    16    0.137626    0.108281    0.203108    0.300636 ^ clkbuf_0_periph_clk_i/Z (gf180mcu_fd_sc_mcu7t5v0__clkbuf_20)
                                                         clknet_0_periph_clk_i (net)
                      0.108292    0.001842    0.302478 ^ clkbuf_4_12_0_periph_clk_i/I (gf180mcu_fd_sc_mcu7t5v0__clkbuf_2)
     2    0.062361    0.353715    0.331980    0.634458 ^ clkbuf_4_12_0_periph_clk_i/Z (gf180mcu_fd_sc_mcu7t5v0__clkbuf_2)
                                                         clknet_4_12_0_periph_clk_i (net)
                      0.353748    0.001905    0.636363 ^ clkbuf_5_24__f_periph_clk_i/I (gf180mcu_fd_sc_mcu7t5v0__clkbuf_20)
     5    0.026330    0.064209    0.196855    0.833217 ^ clkbuf_5_24__f_periph_clk_i/Z (gf180mcu_fd_sc_mcu7t5v0__clkbuf_20)
                                                         clknet_5_24__leaf_periph_clk_i (net)
                      0.064209    0.000451    0.833668 ^ _1967_/CLK (gf180mcu_fd_sc_mcu7t5v0__dffrnq_1)
     8    0.058772    0.660270    0.875383    1.709051 ^ _1967_/Q (gf180mcu_fd_sc_mcu7t5v0__dffrnq_1)
                                                         u_uart_rx.CS[0] (net)
                      0.660277    0.001217    1.710268 ^ _1003_/A1 (gf180mcu_fd_sc_mcu7t5v0__nor2_1)
     2    0.010057    0.248607    0.138941    1.849208 v _1003_/ZN (gf180mcu_fd_sc_mcu7t5v0__nor2_1)
                                                         _0783_ (net)
                      0.248607    0.000069    1.849278 v _1005_/A4 (gf180mcu_fd_sc_mcu7t5v0__nand4_1)
     3    0.027267    0.574577    0.410304    2.259581 ^ _1005_/ZN (gf180mcu_fd_sc_mcu7t5v0__nand4_1)
                                                         _0785_ (net)
                      0.574577    0.000936    2.260517 ^ _1077_/B (gf180mcu_fd_sc_mcu7t5v0__aoi21_1)
     1    0.007050    0.289787    0.194962    2.455479 v _1077_/ZN (gf180mcu_fd_sc_mcu7t5v0__aoi21_1)
                                                         _0851_ (net)
                      0.289787    0.000171    2.455650 v fanout285/I (gf180mcu_fd_sc_mcu7t5v0__dlyd_1)
     4    0.031645    0.283006    1.580817    4.036467 v fanout285/Z (gf180mcu_fd_sc_mcu7t5v0__dlyd_1)
                                                         net285 (net)
                      0.283009    0.000688    4.037155 v fanout282/I (gf180mcu_fd_sc_mcu7t5v0__dlyd_1)
     3    0.024519    0.243371    1.544240    5.581395 v fanout282/Z (gf180mcu_fd_sc_mcu7t5v0__dlyd_1)
                                                         net282 (net)
                      0.243371    0.000255    5.581650 v load_slew284/I (gf180mcu_fd_sc_mcu7t5v0__clkbuf_2)
     6    0.039599    0.222249    0.301342    5.882992 v load_slew284/Z (gf180mcu_fd_sc_mcu7t5v0__clkbuf_2)
                                                         net284 (net)
                      0.222262    0.000933    5.883924 v _1078_/I (gf180mcu_fd_sc_mcu7t5v0__clkinv_1)
     3    0.043016    0.485094    0.345324    6.229249 ^ _1078_/ZN (gf180mcu_fd_sc_mcu7t5v0__clkinv_1)
                                                         _0852_ (net)
                      0.485100    0.000905    6.230153 ^ _1278_/A2 (gf180mcu_fd_sc_mcu7t5v0__nor2_4)
     4    0.059733    0.285712    0.194559    6.424713 v _1278_/ZN (gf180mcu_fd_sc_mcu7t5v0__nor2_4)
                                                         _0408_ (net)
                      0.285714    0.000925    6.425637 v load_slew224/I (gf180mcu_fd_sc_mcu7t5v0__clkbuf_3)
     5    0.073954    0.220101    0.317896    6.743533 v load_slew224/Z (gf180mcu_fd_sc_mcu7t5v0__clkbuf_3)
                                                         net224 (net)
                      0.220186    0.002387    6.745919 v _1285_/S (gf180mcu_fd_sc_mcu7t5v0__mux2_2)
     1    0.003672    0.064538    0.269840    7.015759 ^ _1285_/Z (gf180mcu_fd_sc_mcu7t5v0__mux2_2)
                                                         _0050_ (net)
                      0.064538    0.000038    7.015798 ^ _1776_/D (gf180mcu_fd_sc_mcu7t5v0__dffrnq_1)
                                              7.015798   data arrival time

                                 20.000000   20.000000   clock periph_clk (rise edge)
                                  0.000000   20.000000   clock source latency
     1    0.057698    0.175506    0.097527   20.097528 ^ periph_clk_i (in)
                                                         periph_clk_i (net)
                      0.175823    0.000000   20.097528 ^ clkbuf_0_periph_clk_i/I (gf180mcu_fd_sc_mcu7t5v0__clkbuf_20)
    16    0.137626    0.108281    0.203109   20.300636 ^ clkbuf_0_periph_clk_i/Z (gf180mcu_fd_sc_mcu7t5v0__clkbuf_20)
                                                         clknet_0_periph_clk_i (net)
                      0.108291    0.001766   20.302402 ^ clkbuf_4_1_0_periph_clk_i/I (gf180mcu_fd_sc_mcu7t5v0__clkbuf_2)
     2    0.059518    0.338780    0.323357   20.625759 ^ clkbuf_4_1_0_periph_clk_i/Z (gf180mcu_fd_sc_mcu7t5v0__clkbuf_2)
                                                         clknet_4_1_0_periph_clk_i (net)
                      0.338797    0.001352   20.627111 ^ clkbuf_5_3__f_periph_clk_i/I (gf180mcu_fd_sc_mcu7t5v0__clkbuf_20)
     5    0.031864    0.066276    0.196904   20.824015 ^ clkbuf_5_3__f_periph_clk_i/Z (gf180mcu_fd_sc_mcu7t5v0__clkbuf_20)
                                                         clknet_5_3__leaf_periph_clk_i (net)
                      0.066277    0.000277   20.824293 ^ _1776_/CLK (gf180mcu_fd_sc_mcu7t5v0__dffrnq_1)
                                 -0.250000   20.574293   clock uncertainty
                                  0.000000   20.574293   clock reconvergence pessimism
                                 -0.184622   20.389671   library setup time
                                             20.389671   data required time
---------------------------------------------------------------------------------------------
                                             20.389671   data required time
                                             -7.015798   data arrival time
---------------------------------------------------------------------------------------------
                                             13.373873   slack (MET)


Startpoint: cfg_rwn_i (input port clocked by sys_clk)
Endpoint: cfg_data_o[2] (output port clocked by sys_clk)
Path Group: sys_clk
Path Type: max

Fanout         Cap        Slew       Delay        Time   Description
---------------------------------------------------------------------------------------------
                                  0.000000    0.000000   clock sys_clk (rise edge)
                                  0.000000    0.000000   clock network delay (propagated)
                                  2.000000    2.000000 ^ input external delay
     1    0.017207    0.214898    0.113364    2.113364 ^ cfg_rwn_i (in)
                                                         cfg_rwn_i (net)
                      0.214906    0.000000    2.113364 ^ input38/I (gf180mcu_fd_sc_mcu7t5v0__clkbuf_2)
     8    0.072456    0.405708    0.383219    2.496583 ^ input38/Z (gf180mcu_fd_sc_mcu7t5v0__clkbuf_2)
                                                         net38 (net)
                      0.405851    0.004281    2.500864 ^ _1206_/A1 (gf180mcu_fd_sc_mcu7t5v0__nand3_1)
     3    0.015613    0.292253    0.216933    2.717796 v _1206_/ZN (gf180mcu_fd_sc_mcu7t5v0__nand3_1)
                                                         _0352_ (net)
                      0.292253    0.000190    2.717986 v _1210_/A2 (gf180mcu_fd_sc_mcu7t5v0__or2_1)
     3    0.046704    0.346368    0.486751    3.204737 v _1210_/Z (gf180mcu_fd_sc_mcu7t5v0__or2_1)
                                                         _0356_ (net)
                      0.346374    0.000804    3.205541 v _1215_/A4 (gf180mcu_fd_sc_mcu7t5v0__nor4_4)
     4    0.046635    0.621597    0.440108    3.645649 ^ _1215_/ZN (gf180mcu_fd_sc_mcu7t5v0__nor4_4)
                                                         _0361_ (net)
                      0.621597    0.000700    3.646349 ^ load_slew313/I (gf180mcu_fd_sc_mcu7t5v0__clkbuf_2)
     4    0.055108    0.316224    0.388416    4.034766 ^ load_slew313/Z (gf180mcu_fd_sc_mcu7t5v0__clkbuf_2)
                                                         net313 (net)
                      0.316282    0.002337    4.037102 ^ fanout310/I (gf180mcu_fd_sc_mcu7t5v0__dlyd_1)
     5    0.041919    0.478323    1.539524    5.576626 ^ fanout310/Z (gf180mcu_fd_sc_mcu7t5v0__dlyd_1)
                                                         net310 (net)
                      0.478323    0.000417    5.577044 ^ load_slew311/I (gf180mcu_fd_sc_mcu7t5v0__clkbuf_2)
     6    0.066947    0.376860    0.405499    5.982543 ^ load_slew311/Z (gf180mcu_fd_sc_mcu7t5v0__clkbuf_2)
                                                         net311 (net)
                      0.376997    0.003991    5.986534 ^ _1236_/B1 (gf180mcu_fd_sc_mcu7t5v0__aoi222_2)
     1    0.012242    0.391405    0.176302    6.162836 v _1236_/ZN (gf180mcu_fd_sc_mcu7t5v0__aoi222_2)
                                                         _0380_ (net)
                      0.391405    0.000442    6.163279 v _1237_/A2 (gf180mcu_fd_sc_mcu7t5v0__nand2_1)
     1    0.018780    0.304587    0.283649    6.446928 ^ _1237_/ZN (gf180mcu_fd_sc_mcu7t5v0__nand2_1)
                                                         net135 (net)
                      0.304588    0.000709    6.447637 ^ output135/I (gf180mcu_fd_sc_mcu7t5v0__buf_2)
     1    0.086945    0.483218    0.392545    6.840181 ^ output135/Z (gf180mcu_fd_sc_mcu7t5v0__buf_2)
                                                         cfg_data_o[2] (net)
                      0.483306    0.003690    6.843872 ^ cfg_data_o[2] (out)
                                              6.843872   data arrival time

                                 20.000000   20.000000   clock sys_clk (rise edge)
                                  0.000000   20.000000   clock network delay (propagated)
                                 -0.250000   19.750002   clock uncertainty
                                  0.000000   19.750002   clock reconvergence pessimism
                                 -2.000000   17.750002   output external delay
                                             17.750002   data required time
---------------------------------------------------------------------------------------------
                                             17.750002   data required time
                                             -6.843872   data arrival time
---------------------------------------------------------------------------------------------
                                             10.906130   slack (MET)




===========================================================================
report_checks --slack_max -0.01
============================================================================
======================= nom_ff_n40C_5v50 Corner ===================================

No paths found.


===========================================================================
 report_check_types -max_slew -max_cap -max_fanout -violators
============================================================================
======================= nom_ff_n40C_5v50 Corner ===================================

max fanout

Pin                                   Limit Fanout  Slack
---------------------------------------------------------
clkbuf_0_periph_clk_i/Z                  10     16     -6 (VIOLATED)
clkbuf_0_sys_clk_i/Z                     10     16     -6 (VIOLATED)



===========================================================================
report_parasitic_annotation -report_unannotated
============================================================================
Found 46 unannotated drivers.
 data_tx_i[10]
 data_tx_i[11]
 data_tx_i[12]
 data_tx_i[13]
 data_tx_i[14]
 data_tx_i[15]
 data_tx_i[16]
 data_tx_i[17]
 data_tx_i[18]
 data_tx_i[19]
 data_tx_i[20]
 data_tx_i[21]
 data_tx_i[22]
 data_tx_i[23]
 data_tx_i[24]
 data_tx_i[25]
 data_tx_i[26]
 data_tx_i[27]
 data_tx_i[28]
 data_tx_i[29]
 data_tx_i[30]
 data_tx_i[31]
 data_tx_i[8]
 data_tx_i[9]
 clkload0/Z
 clkload1/Z
 clkload10/Z
 clkload11/Z
 clkload12/Z
 clkload13/Z
 clkload14/Z
 clkload15/Z
 clkload16/Z
 clkload17/Z
 clkload18/Z
 clkload19/Z
 clkload2/Z
 clkload20/Z
 clkload21/Z
 clkload3/Z
 clkload4/Z
 clkload5/Z
 clkload6/Z
 clkload7/Z
 clkload8/Z
 clkload9/Z
Found 0 partially unannotated drivers.

===========================================================================
max slew violation count 0
max fanout violation count 2
max cap violation count 0
============================================================================

===========================================================================
check_setup -verbose -unconstrained_endpoints -multiple_clock -no_clock -no_input_delay -loops -generated_clocks
===========================================================================
Warning: There is 1 input port missing set_input_delay.
  rstn_i
