Clock: sys_clk
Sources: sys_clk_i 
Generated: no
Virtual: yes
Propagated: no
Period: 20.000000

===========================================================================
report_clock_properties
============================================================================
Clock                   Period          Waveform
----------------------------------------------------
sys_clk              20.000000    0.000000 10.000000

===========================================================================
report_clock_latency
============================================================================
Clock sys_clk
rise -> rise
    min     max
0.000000 0.000000 source latency
0.841005         network latency _2067_/CLK
        0.882645 network latency _1905_/CLK
---------------
0.841005 0.882645 latency
        0.041640 skew

fall -> fall
    min     max
0.000000 0.000000 source latency
0.814024         network latency _2067_/CLK
        0.858272 network latency _1905_/CLK
---------------
0.814024 0.858272 latency
        0.044247 skew



===========================================================================
report_clock_min_period
============================================================================
sys_clk period_min = 5.18 fmax = 192.89
Clock: periph_clk
Sources: periph_clk_i 
Generated: no
Virtual: yes
Propagated: no
Period: 20.000000

===========================================================================
report_clock_properties
============================================================================
Clock                   Period          Waveform
----------------------------------------------------
periph_clk           20.000000    0.000000 10.000000

===========================================================================
report_clock_latency
============================================================================
Clock periph_clk
rise -> rise
    min     max
0.000000 0.000000 source latency
0.818228         network latency _2032_/CLK
        0.842240 network latency _1991_/CLK
---------------
0.818228 0.842240 latency
        0.024012 skew

fall -> fall
    min     max
0.000000 0.000000 source latency
0.793057         network latency _2032_/CLK
        0.818472 network latency _1991_/CLK
---------------
0.793057 0.818472 latency
        0.025415 skew



===========================================================================
report_clock_min_period
============================================================================
periph_clk period_min = 6.63 fmax = 150.92
