Clock: sys_clk
Sources: sys_clk_i 
Generated: no
Virtual: yes
Propagated: no
Period: 20.000000

===========================================================================
report_clock_properties
============================================================================
Clock                   Period          Waveform
----------------------------------------------------
sys_clk              20.000000    0.000000 10.000000

===========================================================================
report_clock_latency
============================================================================
Clock sys_clk
rise -> rise
    min     max
0.000000 0.000000 source latency
0.849898         network latency _1822_/CLK
        0.872162 network latency _1911_/CLK
---------------
0.849898 0.872162 latency
        0.022265 skew

fall -> fall
    min     max
0.000000 0.000000 source latency
0.823496         network latency _1822_/CLK
        0.847245 network latency _1911_/CLK
---------------
0.823496 0.847245 latency
        0.023749 skew



===========================================================================
report_clock_min_period
============================================================================
sys_clk period_min = 3.92 fmax = 254.86
Clock: periph_clk
Sources: periph_clk_i 
Generated: no
Virtual: yes
Propagated: no
Period: 20.000000

===========================================================================
report_clock_properties
============================================================================
Clock                   Period          Waveform
----------------------------------------------------
periph_clk           20.000000    0.000000 10.000000

===========================================================================
report_clock_latency
============================================================================
Clock periph_clk
rise -> rise
    min     max
0.000000 0.000000 source latency
0.812876         network latency _1784_/CLK
        0.832670 network latency _1771_/CLK
---------------
0.812876 0.832670 latency
        0.019794 skew

fall -> fall
    min     max
0.000000 0.000000 source latency
0.789941         network latency _1784_/CLK
        0.810968 network latency _1771_/CLK
---------------
0.789941 0.810968 latency
        0.021027 skew



===========================================================================
report_clock_min_period
============================================================================
periph_clk period_min = 5.18 fmax = 193.19
