Clock: sys_clk
Sources: sys_clk_i 
Generated: no
Virtual: yes
Propagated: no
Period: 20.000000

===========================================================================
report_clock_properties
============================================================================
Clock                   Period          Waveform
----------------------------------------------------
sys_clk              20.000000    0.000000 10.000000

===========================================================================
report_clock_latency
============================================================================
Clock sys_clk
rise -> rise
    min     max
0.000000 0.000000 source latency
0.838887         network latency _1822_/CLK
        0.858178 network latency _1911_/CLK
---------------
0.838887 0.858178 latency
        0.019291 skew

fall -> fall
    min     max
0.000000 0.000000 source latency
0.813647         network latency _1822_/CLK
        0.834198 network latency _1911_/CLK
---------------
0.813647 0.834198 latency
        0.020551 skew



===========================================================================
report_clock_min_period
============================================================================
sys_clk period_min = 3.84 fmax = 260.62
Clock: periph_clk
Sources: periph_clk_i 
Generated: no
Virtual: yes
Propagated: no
Period: 20.000000

===========================================================================
report_clock_properties
============================================================================
Clock                   Period          Waveform
----------------------------------------------------
periph_clk           20.000000    0.000000 10.000000

===========================================================================
report_clock_latency
============================================================================
Clock periph_clk
rise -> rise
    min     max
0.000000 0.000000 source latency
0.803622         network latency _1848_/CLK
        0.820997 network latency _1798_/CLK
---------------
0.803622 0.820997 latency
        0.017375 skew

fall -> fall
    min     max
0.000000 0.000000 source latency
0.782074         network latency _1848_/CLK
        0.800461 network latency _1798_/CLK
---------------
0.782074 0.800461 latency
        0.018387 skew



===========================================================================
report_clock_min_period
============================================================================
periph_clk period_min = 5.06 fmax = 197.67
