157. Printing statistics.

=== udma_uart_top ===

        +----------Local Count, excluding submodules.
        |        +-Local Area, excluding submodules.
        |        | 
     1229        - wires
     1465        - wire bits
      328        - public wires
      564        - public wire bits
       43        - ports
      279        - port bits
     1327 4.57E+04 cells
       17  298.547   gf180mcu_fd_sc_mcu7t5v0__and2_1
        8  175.616   gf180mcu_fd_sc_mcu7t5v0__and3_1
       55 1.33E+03   gf180mcu_fd_sc_mcu7t5v0__and4_1
        7  153.664   gf180mcu_fd_sc_mcu7t5v0__aoi211_1
       33  579.533   gf180mcu_fd_sc_mcu7t5v0__aoi21_1
       12  289.766   gf180mcu_fd_sc_mcu7t5v0__aoi221_1
        7   215.13   gf180mcu_fd_sc_mcu7t5v0__aoi222_1
       61 1.21E+03   gf180mcu_fd_sc_mcu7t5v0__aoi22_1
       68  597.094   gf180mcu_fd_sc_mcu7t5v0__clkinv_1
      304 2.27E+04   gf180mcu_fd_sc_mcu7t5v0__dffrnq_1
       35 2.77E+03   gf180mcu_fd_sc_mcu7t5v0__dffsnq_1
      208 6.85E+03   gf180mcu_fd_sc_mcu7t5v0__mux2_2
        8  561.971   gf180mcu_fd_sc_mcu7t5v0__mux4_1
      150   1646.4   gf180mcu_fd_sc_mcu7t5v0__nand2_1
       60  921.984   gf180mcu_fd_sc_mcu7t5v0__nand3_1
       61 1.21E+03   gf180mcu_fd_sc_mcu7t5v0__nand4_1
       35  460.992   gf180mcu_fd_sc_mcu7t5v0__nor2_1
       35  614.656   gf180mcu_fd_sc_mcu7t5v0__nor3_1
       17  373.184   gf180mcu_fd_sc_mcu7t5v0__nor4_1
       17  373.184   gf180mcu_fd_sc_mcu7t5v0__oai211_1
       36  632.218   gf180mcu_fd_sc_mcu7t5v0__oai21_1
        3   79.027   gf180mcu_fd_sc_mcu7t5v0__oai221_1
        2   65.856   gf180mcu_fd_sc_mcu7t5v0__oai222_1
        3   65.856   gf180mcu_fd_sc_mcu7t5v0__oai22_1
        3   72.442   gf180mcu_fd_sc_mcu7t5v0__oai31_1
        2   52.685   gf180mcu_fd_sc_mcu7t5v0__oai32_1
       17  298.547   gf180mcu_fd_sc_mcu7t5v0__or2_1
        5   109.76   gf180mcu_fd_sc_mcu7t5v0__or3_1
        1    8.781   gf180mcu_fd_sc_mcu7t5v0__tieh
       32  280.986   gf180mcu_fd_sc_mcu7t5v0__tiel
        4   114.15   gf180mcu_fd_sc_mcu7t5v0__xnor2_1
       20  526.848   gf180mcu_fd_sc_mcu7t5v0__xor2_1
        1    50.49   gf180mcu_fd_sc_mcu7t5v0__xor3_1

   Chip area for module '\udma_uart_top': 45662.355200
     of which used for sequential elements: 25455.539200 (55.75%)

