
===========================================================================
report_checks -unconstrained
===========================================================================
======================= min_ss_125C_4v50 Corner ===================================

Startpoint: rstn_i (input port clocked by clk_i)
Endpoint: _396_ (recovery check against rising-edge clock clk_i)
Path Group: asynchronous
Path Type: max

Fanout         Cap        Slew       Delay        Time   Description
---------------------------------------------------------------------------------------------
                                  0.000000    0.000000   clock clk_i (rise edge)
                                  0.000000    0.000000   clock network delay (propagated)
                                  4.000000    4.000000 ^ input external delay
     1    0.004495    0.210777    0.072255    4.072255 ^ rstn_i (in)
                                                         rstn_i (net)
                      0.210777    0.000000    4.072255 ^ input21/I (gf180mcu_fd_sc_mcu7t5v0__dlyb_1)
     1    0.004686    0.295181    1.683958    5.756213 ^ input21/Z (gf180mcu_fd_sc_mcu7t5v0__dlyb_1)
                                                         net21 (net)
                      0.295181    0.000054    5.756267 ^ fanout44/I (gf180mcu_fd_sc_mcu7t5v0__dlyb_1)
     9    0.087867    2.477824    3.010598    8.766865 ^ fanout44/Z (gf180mcu_fd_sc_mcu7t5v0__dlyb_1)
                                                         net44 (net)
                      2.477824    0.000487    8.767351 ^ fanout43/I (gf180mcu_fd_sc_mcu7t5v0__dlyb_1)
    10    0.092070    2.592929    3.115781   11.883132 ^ fanout43/Z (gf180mcu_fd_sc_mcu7t5v0__dlyb_1)
                                                         net43 (net)
                      2.592929    0.001106   11.884238 ^ _396_/SETN (gf180mcu_fd_sc_mcu7t5v0__dffsnq_1)
                                             11.884238   data arrival time

                                 20.000000   20.000000   clock clk_i (rise edge)
                                  0.000000   20.000000   clock source latency
     1    0.034008    0.294040    0.138400   20.138399 ^ clk_i (in)
                                                         clk_i (net)
                      0.294042    0.000000   20.138399 ^ clkbuf_0_clk_i/I (gf180mcu_fd_sc_mcu7t5v0__clkbuf_16)
     4    0.099235    0.278951    0.523345   20.661745 ^ clkbuf_0_clk_i/Z (gf180mcu_fd_sc_mcu7t5v0__clkbuf_16)
                                                         clknet_0_clk_i (net)
                      0.278951    0.001000   20.662745 ^ clkbuf_2_0__f_clk_i/I (gf180mcu_fd_sc_mcu7t5v0__clkbuf_16)
    10    0.053503    0.210173    0.465597   21.128342 ^ clkbuf_2_0__f_clk_i/Z (gf180mcu_fd_sc_mcu7t5v0__clkbuf_16)
                                                         clknet_2_0__leaf_clk_i (net)
                      0.210177    0.001569   21.129911 ^ _396_/CLK (gf180mcu_fd_sc_mcu7t5v0__dffsnq_1)
                                 -0.250000   20.879911   clock uncertainty
                                  0.000000   20.879911   clock reconvergence pessimism
                                 -0.435189   20.444723   library recovery time
                                             20.444723   data required time
---------------------------------------------------------------------------------------------
                                             20.444723   data required time
                                            -11.884238   data arrival time
---------------------------------------------------------------------------------------------
                                              8.560486   slack (MET)


Startpoint: rx_ready_i (input port clocked by clk_i)
Endpoint: err_overflow_o (output port clocked by clk_i)
Path Group: clk_i
Path Type: max

Fanout         Cap        Slew       Delay        Time   Description
---------------------------------------------------------------------------------------------
                                  0.000000    0.000000   clock clk_i (rise edge)
                                  0.000000    0.000000   clock network delay (propagated)
                                  4.000000    4.000000 v input external delay
     1    0.004566    0.121840    0.044848    4.044847 v rx_ready_i (in)
                                                         rx_ready_i (net)
                      0.121840    0.000000    4.044847 v input23/I (gf180mcu_fd_sc_mcu7t5v0__dlyb_1)
     2    0.008227    0.439566    1.905824    5.950671 v input23/Z (gf180mcu_fd_sc_mcu7t5v0__dlyb_1)
                                                         net23 (net)
                      0.439566    0.000118    5.950789 v _257_/A2 (gf180mcu_fd_sc_mcu7t5v0__nor3_1)
     1    0.003840    0.753674    0.545051    6.495840 ^ _257_/ZN (gf180mcu_fd_sc_mcu7t5v0__nor3_1)
                                                         net26 (net)
                      0.753674    0.000073    6.495914 ^ output26/I (gf180mcu_fd_sc_mcu7t5v0__dlyb_1)
     1    0.074766    2.125559    2.855901    9.351814 ^ output26/Z (gf180mcu_fd_sc_mcu7t5v0__dlyb_1)
                                                         err_overflow_o (net)
                      2.125559    0.001000    9.352814 ^ err_overflow_o (out)
                                              9.352814   data arrival time

                                 20.000000   20.000000   clock clk_i (rise edge)
                                  0.000000   20.000000   clock network delay (propagated)
                                 -0.250000   19.750002   clock uncertainty
                                  0.000000   19.750002   clock reconvergence pessimism
                                 -4.000000   15.750001   output external delay
                                             15.750001   data required time
---------------------------------------------------------------------------------------------
                                             15.750001   data required time
                                             -9.352814   data arrival time
---------------------------------------------------------------------------------------------
                                              6.397187   slack (MET)




===========================================================================
report_checks --slack_max -0.01
============================================================================
======================= min_ss_125C_4v50 Corner ===================================

No paths found.


===========================================================================
 report_check_types -max_slew -max_cap -max_fanout -violators
============================================================================
======================= min_ss_125C_4v50 Corner ===================================



===========================================================================
report_parasitic_annotation -report_unannotated
============================================================================
Found 4 unannotated drivers.
 cfg_stop_bits_i
 clkload0/Z
 clkload1/Z
 clkload2/Z
Found 0 partially unannotated drivers.

===========================================================================
max slew violation count 0
max fanout violation count 0
max cap violation count 0
============================================================================

===========================================================================
check_setup -verbose -unconstrained_endpoints -multiple_clock -no_clock -no_input_delay -loops -generated_clocks
===========================================================================
