Clock: clk_i
Sources: clk_i 
Generated: no
Virtual: yes
Propagated: no
Period: 20.000000

===========================================================================
report_clock_properties
============================================================================
Clock                   Period          Waveform
----------------------------------------------------
clk_i                20.000000    0.000000 10.000000

===========================================================================
report_clock_latency
============================================================================
Clock clk_i
rise -> rise
    min     max
0.000000 0.000000 source latency
1.123227         network latency _372_/CLK
        1.135258 network latency _390_/CLK
---------------
1.123227 1.135258 latency
        0.012030 skew

fall -> fall
    min     max
0.000000 0.000000 source latency
1.046973         network latency _372_/CLK
        1.059818 network latency _390_/CLK
---------------
1.046973 1.059818 latency
        0.012845 skew



===========================================================================
report_clock_min_period
============================================================================
clk_i period_min = 10.71 fmax = 93.39
