
===========================================================================
report_checks -unconstrained
===========================================================================
======================= nom_tt_025C_5v00 Corner ===================================

Startpoint: _2030_ (rising edge-triggered flip-flop clocked by sys_clk)
Endpoint: _1806_ (recovery check against rising-edge clock sys_clk)
Path Group: asynchronous
Path Type: max

Fanout         Cap        Slew       Delay        Time   Description
---------------------------------------------------------------------------------------------
                      0.150000    0.000000    0.000000   clock sys_clk (rise edge)
                                  0.000000    0.000000   clock network delay (ideal)
                      0.150000    0.000000    0.000000 ^ _2030_/CLK (gf180mcu_fd_sc_mcu7t5v0__dffrnq_1)
     2    0.020344    0.244740    0.803217    0.803217 v _2030_/Q (gf180mcu_fd_sc_mcu7t5v0__dffrnq_1)
                                                         s_uart_rx_clean_fifo (net)
                      0.244740    0.000809    0.804025 v _0923_/A2 (gf180mcu_fd_sc_mcu7t5v0__nor2_1)
     2    0.011741    0.459868    0.332711    1.136737 ^ _0923_/ZN (gf180mcu_fd_sc_mcu7t5v0__nor2_1)
                                                         u_dc_fifo_rx.dst_rstn_i (net)
                      0.459868    0.000097    1.136834 ^ fanout281/I (gf180mcu_fd_sc_mcu7t5v0__dlyb_1)
     8    0.066037    1.108382    1.474111    2.610945 ^ fanout281/Z (gf180mcu_fd_sc_mcu7t5v0__dlyb_1)
                                                         net281 (net)
                      1.108405    0.002822    2.613766 ^ fanout279/I (gf180mcu_fd_sc_mcu7t5v0__dlyb_1)
    10    0.087139    1.445666    1.663900    4.277667 ^ fanout279/Z (gf180mcu_fd_sc_mcu7t5v0__dlyb_1)
                                                         net279 (net)
                      1.445708    0.004362    4.282028 ^ _1806_/SETN (gf180mcu_fd_sc_mcu7t5v0__dffsnq_1)
                                              4.282028   data arrival time

                      0.150000   20.000000   20.000000   clock sys_clk (rise edge)
                                  0.000000   20.000000   clock network delay (ideal)
                                 -0.250000   19.750002   clock uncertainty
                                  0.000000   19.750002   clock reconvergence pessimism
                                             19.750002 ^ _1806_/CLK (gf180mcu_fd_sc_mcu7t5v0__dffsnq_1)
                                 -0.221052   19.528950   library recovery time
                                             19.528950   data required time
---------------------------------------------------------------------------------------------
                                             19.528950   data required time
                                             -4.282028   data arrival time
---------------------------------------------------------------------------------------------
                                             15.246922   slack (MET)


Startpoint: _2019_ (rising edge-triggered flip-flop clocked by periph_clk)
Endpoint: _2008_ (rising edge-triggered flip-flop clocked by periph_clk)
Path Group: periph_clk
Path Type: max

Fanout         Cap        Slew       Delay        Time   Description
---------------------------------------------------------------------------------------------
                      0.150000    0.000000    0.000000   clock periph_clk (rise edge)
                                  0.000000    0.000000   clock network delay (ideal)
                      0.150000    0.000000    0.000000 ^ _2019_/CLK (gf180mcu_fd_sc_mcu7t5v0__dffrnq_1)
     3    0.018256    0.226530    0.789953    0.789953 v _2019_/Q (gf180mcu_fd_sc_mcu7t5v0__dffrnq_1)
                                                         r_uart_en_rx_sync[2] (net)
                      0.226531    0.000308    0.790261 v _0911_/I (gf180mcu_fd_sc_mcu7t5v0__clkinv_1)
     5    0.030249    0.528787    0.372879    1.163140 ^ _0911_/ZN (gf180mcu_fd_sc_mcu7t5v0__clkinv_1)
                                                         _0706_ (net)
                      0.528787    0.000311    1.163450 ^ _1739_/B2 (gf180mcu_fd_sc_mcu7t5v0__aoi22_1)
     1    0.005309    0.308917    0.209586    1.373036 v _1739_/ZN (gf180mcu_fd_sc_mcu7t5v0__aoi22_1)
                                                         _0642_ (net)
                      0.308917    0.000117    1.373153 v fanout261/I (gf180mcu_fd_sc_mcu7t5v0__dlyb_1)
     7    0.065140    0.733121    1.495196    2.868349 v fanout261/Z (gf180mcu_fd_sc_mcu7t5v0__dlyb_1)
                                                         net261 (net)
                      0.733128    0.001196    2.869545 v fanout260/I (gf180mcu_fd_sc_mcu7t5v0__dlyb_1)
     9    0.092717    0.974001    1.815087    4.684632 v fanout260/Z (gf180mcu_fd_sc_mcu7t5v0__dlyb_1)
                                                         net260 (net)
                      0.974031    0.003068    4.687700 v fanout259/I (gf180mcu_fd_sc_mcu7t5v0__dlyb_1)
     7    0.044692    0.558074    1.591820    6.279520 v fanout259/Z (gf180mcu_fd_sc_mcu7t5v0__dlyb_1)
                                                         net259 (net)
                      0.558075    0.000725    6.280244 v fanout258/I (gf180mcu_fd_sc_mcu7t5v0__dlyb_1)
    10    0.068453    0.762266    1.604887    7.885131 v fanout258/Z (gf180mcu_fd_sc_mcu7t5v0__dlyb_1)
                                                         net258 (net)
                      0.762266    0.000566    7.885697 v _1757_/S (gf180mcu_fd_sc_mcu7t5v0__mux2_2)
     1    0.005171    0.126348    0.529743    8.415441 ^ _1757_/Z (gf180mcu_fd_sc_mcu7t5v0__mux2_2)
                                                         _0282_ (net)
                      0.126348    0.000111    8.415551 ^ _2008_/D (gf180mcu_fd_sc_mcu7t5v0__dffrnq_1)
                                              8.415551   data arrival time

                      0.150000   20.000000   20.000000   clock periph_clk (rise edge)
                                  0.000000   20.000000   clock network delay (ideal)
                                 -0.250000   19.750002   clock uncertainty
                                  0.000000   19.750002   clock reconvergence pessimism
                                             19.750002 ^ _2008_/CLK (gf180mcu_fd_sc_mcu7t5v0__dffrnq_1)
                                 -0.291993   19.458010   library setup time
                                             19.458010   data required time
---------------------------------------------------------------------------------------------
                                             19.458010   data required time
                                             -8.415551   data arrival time
---------------------------------------------------------------------------------------------
                                             11.042458   slack (MET)


Startpoint: cfg_addr_i[4] (input port clocked by sys_clk)
Endpoint: cfg_data_o[0] (output port clocked by sys_clk)
Path Group: sys_clk
Path Type: max

Fanout         Cap        Slew       Delay        Time   Description
---------------------------------------------------------------------------------------------
                      0.150000    0.000000    0.000000   clock sys_clk (rise edge)
                                  0.000000    0.000000   clock network delay (ideal)
                                  4.000000    4.000000 ^ input external delay
     1    0.008376    0.183708    0.081838    4.081838 ^ cfg_addr_i[4] (in)
                                                         cfg_addr_i[4] (net)
                      0.183709    0.000000    4.081838 ^ input5/I (gf180mcu_fd_sc_mcu7t5v0__dlyb_1)
     9    0.052827    0.898179    1.332108    5.413946 ^ input5/Z (gf180mcu_fd_sc_mcu7t5v0__dlyb_1)
                                                         net5 (net)
                      0.898201    0.002526    5.416472 ^ _0928_/A2 (gf180mcu_fd_sc_mcu7t5v0__nor2_1)
     3    0.016757    0.463220    0.343597    5.760069 v _0928_/ZN (gf180mcu_fd_sc_mcu7t5v0__nor2_1)
                                                         _0720_ (net)
                      0.463220    0.000310    5.760378 v _1217_/A2 (gf180mcu_fd_sc_mcu7t5v0__aoi21_1)
     3    0.018217    0.730408    0.541293    6.301672 ^ _1217_/ZN (gf180mcu_fd_sc_mcu7t5v0__aoi21_1)
                                                         _0363_ (net)
                      0.730408    0.000294    6.301965 ^ _1218_/A2 (gf180mcu_fd_sc_mcu7t5v0__nor2_1)
     3    0.036293    0.623472    0.511218    6.813183 v _1218_/ZN (gf180mcu_fd_sc_mcu7t5v0__nor2_1)
                                                         _0364_ (net)
                      0.623472    0.000533    6.813716 v fanout263/I (gf180mcu_fd_sc_mcu7t5v0__dlyb_1)
    10    0.079335    0.858307    1.693960    8.507676 v fanout263/Z (gf180mcu_fd_sc_mcu7t5v0__dlyb_1)
                                                         net263 (net)
                      0.858311    0.001051    8.508726 v _1226_/A2 (gf180mcu_fd_sc_mcu7t5v0__aoi21_1)
     1    0.007455    0.481835    0.492637    9.001364 ^ _1226_/ZN (gf180mcu_fd_sc_mcu7t5v0__aoi21_1)
                                                         _0372_ (net)
                      0.481835    0.000184    9.001547 ^ _1228_/A2 (gf180mcu_fd_sc_mcu7t5v0__and3_1)
     1    0.016208    0.347997    0.537893    9.539440 ^ _1228_/Z (gf180mcu_fd_sc_mcu7t5v0__and3_1)
                                                         _0374_ (net)
                      0.347997    0.000691    9.540132 ^ _1229_/A3 (gf180mcu_fd_sc_mcu7t5v0__nand3_1)
     1    0.006176    0.434604    0.180616    9.720747 v _1229_/ZN (gf180mcu_fd_sc_mcu7t5v0__nand3_1)
                                                         net113 (net)
                      0.434604    0.000137    9.720884 v output113/I (gf180mcu_fd_sc_mcu7t5v0__dlya_1)
     1    0.076544    0.771109    1.088961   10.809845 v output113/Z (gf180mcu_fd_sc_mcu7t5v0__dlya_1)
                                                         cfg_data_o[0] (net)
                      0.771122    0.001777   10.811622 v cfg_data_o[0] (out)
                                             10.811622   data arrival time

                      0.150000   20.000000   20.000000   clock sys_clk (rise edge)
                                  0.000000   20.000000   clock network delay (ideal)
                                 -0.250000   19.750002   clock uncertainty
                                  0.000000   19.750002   clock reconvergence pessimism
                                 -4.000000   15.750001   output external delay
                                             15.750001   data required time
---------------------------------------------------------------------------------------------
                                             15.750001   data required time
                                            -10.811622   data arrival time
---------------------------------------------------------------------------------------------
                                              4.938379   slack (MET)




===========================================================================
report_checks --slack_max -0.01
============================================================================
======================= nom_tt_025C_5v00 Corner ===================================

No paths found.


===========================================================================
 report_check_types -max_slew -max_cap -max_fanout -violators
============================================================================
======================= nom_tt_025C_5v00 Corner ===================================



===========================================================================
report_parasitic_annotation -report_unannotated
============================================================================
Found 46 unannotated drivers.
 data_tx_i[10]
 data_tx_i[11]
 data_tx_i[12]
 data_tx_i[13]
 data_tx_i[14]
 data_tx_i[15]
 data_tx_i[16]
 data_tx_i[17]
 data_tx_i[18]
 data_tx_i[19]
 data_tx_i[20]
 data_tx_i[21]
 data_tx_i[22]
 data_tx_i[23]
 data_tx_i[24]
 data_tx_i[25]
 data_tx_i[26]
 data_tx_i[27]
 data_tx_i[28]
 data_tx_i[29]
 data_tx_i[30]
 data_tx_i[31]
 data_tx_i[8]
 data_tx_i[9]
 clkload0/Z
 clkload1/Z
 clkload10/Z
 clkload11/Z
 clkload12/Z
 clkload13/Z
 clkload14/Z
 clkload15/Z
 clkload16/Z
 clkload17/Z
 clkload18/Z
 clkload19/Z
 clkload2/Z
 clkload20/Z
 clkload21/Z
 clkload3/Z
 clkload4/Z
 clkload5/Z
 clkload6/Z
 clkload7/Z
 clkload8/Z
 clkload9/Z
Found 0 partially unannotated drivers.

===========================================================================
max slew violation count 0
Writing metric design__max_slew_violation__count__corner:nom_tt_025C_5v00: 0
max fanout violation count 0
Writing metric design__max_fanout_violation__count__corner:nom_tt_025C_5v00: 0
max cap violation count 0
Writing metric design__max_cap_violation__count__corner:nom_tt_025C_5v00: 0
============================================================================

===========================================================================
check_setup -verbose -unconstrained_endpoints -multiple_clock -no_clock -no_input_delay -loops -generated_clocks
===========================================================================
Warning: There is 1 input port missing set_input_delay.
  rstn_i
