Clock: sys_clk
Sources: sys_clk_i 
Generated: no
Virtual: no
Propagated: no
Period: 20.000000

===========================================================================
report_clock_properties
============================================================================
Clock                   Period          Waveform
----------------------------------------------------
sys_clk              20.000000    0.000000 10.000000

===========================================================================
report_clock_latency
============================================================================
Clock sys_clk
rise -> rise
    min     max
0.000000 0.000000 source latency
1.081024         network latency _1808_/CLK
        1.103640 network latency _1888_/CLK
---------------
1.081024 1.103640 latency
        0.022616 skew

fall -> fall
    min     max
0.000000 0.000000 source latency
1.049789         network latency _1808_/CLK
        1.073327 network latency _1888_/CLK
---------------
1.049789 1.073327 latency
        0.023539 skew



===========================================================================
report_clock_min_period
============================================================================
sys_clk period_min = 6.60 fmax = 151.48
Clock: periph_clk
Sources: periph_clk_i 
Generated: no
Virtual: no
Propagated: no
Period: 20.000000

===========================================================================
report_clock_properties
============================================================================
Clock                   Period          Waveform
----------------------------------------------------
periph_clk           20.000000    0.000000 10.000000

===========================================================================
report_clock_latency
============================================================================
Clock periph_clk
rise -> rise
    min     max
0.000000 0.000000 source latency
1.035680         network latency _1997_/CLK
        1.046911 network latency _1846_/CLK
---------------
1.035680 1.046911 latency
        0.011231 skew

fall -> fall
    min     max
0.000000 0.000000 source latency
1.012011         network latency _1997_/CLK
        1.024770 network latency _1846_/CLK
---------------
1.012011 1.024770 latency
        0.012760 skew



===========================================================================
report_clock_min_period
============================================================================
periph_clk period_min = 8.96 fmax = 111.64
