Reading timing models for corner nom_tt_025C_5v00…
Reading timing library for the 'nom_tt_025C_5v00' corner at '/home/sahana/.ciel/gf180mcuD/libs.ref/gf180mcu_fd_sc_mcu7t5v0/lib/gf180mcu_fd_sc_mcu7t5v0__tt_025C_5v00.lib'…
Reading OpenROAD database at '/home/sahana/core5_udma/hardening/uart_top/runs/RUN_2026-07-26_13-08-17/42-openroad-repairantennas/1-openroad-diodeinsertion/udma_uart_top.odb'…
Reading design constraints file at '/home/sahana/core5_udma/hardening/uart_top/constraints.sdc'…
[INFO ORD-0030] Using 16 thread(s).
+ detailed_route -droute_end_iter 64 -or_seed 42 -verbose 1 -output_drc /home/sahana/core5_udma/hardening/uart_top/runs/RUN_2026-07-26_13-08-17/44-openroad-detailedrouting/drt-run-0/udma_uart_top.drc
[INFO DRT-0149] Reading tech and libs.
[WARNING DRT-0349] LEF58_ENCLOSURE with no CUTCLASS is not supported. Skipping for layer Via1
[WARNING DRT-0349] LEF58_ENCLOSURE with no CUTCLASS is not supported. Skipping for layer Via1
[WARNING DRT-0349] LEF58_ENCLOSURE with no CUTCLASS is not supported. Skipping for layer Via2
[WARNING DRT-0349] LEF58_ENCLOSURE with no CUTCLASS is not supported. Skipping for layer Via2
[WARNING DRT-0349] LEF58_ENCLOSURE with no CUTCLASS is not supported. Skipping for layer Via3
[WARNING DRT-0349] LEF58_ENCLOSURE with no CUTCLASS is not supported. Skipping for layer Via3
[WARNING DRT-0349] LEF58_ENCLOSURE with no CUTCLASS is not supported. Skipping for layer Via4
[WARNING DRT-0349] LEF58_ENCLOSURE with no CUTCLASS is not supported. Skipping for layer Via4

Units:                2000
Number of layers:     11
Number of macros:     229
Number of vias:       60
Number of viarulegen: 16

[INFO DRT-0150] Reading design.

Design:                   udma_uart_top
Die area:                 ( 0 0 ) ( 793270 829110 )
Number of track patterns: 10
Number of DEF vias:       0
Number of components:     2879
Number of terminals:      281
Number of snets:          2
Number of nets:           1859

[INFO DRT-0167] List of default vias:
  Layer Via2
    default via: Via2_VH
  Layer Via3
    default via: Via3_HV
  Layer Via4
    default via: Via4_VH
[INFO DRT-0162] Library cell analysis.
[INFO DRT-0163] Instance analysis.
[INFO DRT-0164] Number of unique instances = 149.
[INFO DRT-0168] Init region query.
[INFO DRT-0024]   Complete Poly2.
[INFO DRT-0024]   Complete CON.
[INFO DRT-0024]   Complete Metal1.
[INFO DRT-0024]   Complete Via1.
[INFO DRT-0024]   Complete Metal2.
[INFO DRT-0024]   Complete Via2.
[INFO DRT-0024]   Complete Metal3.
[INFO DRT-0024]   Complete Via3.
[INFO DRT-0024]   Complete Metal4.
[INFO DRT-0024]   Complete Via4.
[INFO DRT-0024]   Complete Metal5.
[INFO DRT-0033] Poly2 shape region query size = 0.
[INFO DRT-0033] CON shape region query size = 0.
[INFO DRT-0033] Metal1 shape region query size = 56254.
[INFO DRT-0033] Via1 shape region query size = 882.
[INFO DRT-0033] Metal2 shape region query size = 740.
[INFO DRT-0033] Via2 shape region query size = 882.
[INFO DRT-0033] Metal3 shape region query size = 715.
[INFO DRT-0033] Via3 shape region query size = 882.
[INFO DRT-0033] Metal4 shape region query size = 324.
[INFO DRT-0033] Via4 shape region query size = 162.
[INFO DRT-0033] Metal5 shape region query size = 30.
[INFO DRT-0165] Start pin access.
[INFO DRT-0076]   Complete 1000 pins.
[INFO DRT-0078]   Complete 1094 pins.
[INFO DRT-0079]   Complete 100 unique inst patterns.
[INFO DRT-0081]   Complete 145 unique inst patterns.
[INFO DRT-0084]   Complete 1306 groups.
#scanned instances     = 2879
#unique  instances     = 149
#stdCellGenAp          = 2684
#stdCellValidPlanarAp  = 0
#stdCellValidViaAp     = 2454
#stdCellPinNoAp        = 0
#stdCellPinCnt         = 5630
#instTermValidViaApCnt = 0
#macroGenAp            = 0
#macroValidPlanarAp    = 0
#macroValidViaAp       = 0
#macroNoAp             = 0
[INFO DRT-0166] Complete pin access.
[INFO DRT-0267] cpu time = 00:00:39, elapsed time = 00:00:03, memory = 148.12 (MB), peak = 147.01 (MB)

[INFO DRT-0157] Number of guides:     14746

[INFO DRT-0169] Post process guides.
[INFO DRT-0176] GCELLGRID X 0 DO 47 STEP 16800 ;
[INFO DRT-0177] GCELLGRID Y 0 DO 49 STEP 16800 ;
[INFO DRT-0028]   Complete Poly2.
[INFO DRT-0028]   Complete CON.
[INFO DRT-0028]   Complete Metal1.
[INFO DRT-0028]   Complete Via1.
[INFO DRT-0028]   Complete Metal2.
[INFO DRT-0028]   Complete Via2.
[INFO DRT-0028]   Complete Metal3.
[INFO DRT-0028]   Complete Via3.
[INFO DRT-0028]   Complete Metal4.
[INFO DRT-0028]   Complete Via4.
[INFO DRT-0028]   Complete Metal5.
[INFO DRT-0178] Init guide query.
[INFO DRT-0035]   Complete Poly2 (guide).
[INFO DRT-0035]   Complete CON (guide).
[INFO DRT-0035]   Complete Metal1 (guide).
[INFO DRT-0035]   Complete Via1 (guide).
[INFO DRT-0035]   Complete Metal2 (guide).
[INFO DRT-0035]   Complete Via2 (guide).
[INFO DRT-0035]   Complete Metal3 (guide).
[INFO DRT-0035]   Complete Via3 (guide).
[INFO DRT-0035]   Complete Metal4 (guide).
[INFO DRT-0035]   Complete Via4 (guide).
[INFO DRT-0035]   Complete Metal5 (guide).
[INFO DRT-0036] Poly2 guide region query size = 0.
[INFO DRT-0036] CON guide region query size = 0.
[INFO DRT-0036] Metal1 guide region query size = 5111.
[INFO DRT-0036] Via1 guide region query size = 0.
[INFO DRT-0036] Metal2 guide region query size = 4721.
[INFO DRT-0036] Via2 guide region query size = 0.
[INFO DRT-0036] Metal3 guide region query size = 2404.
[INFO DRT-0036] Via3 guide region query size = 0.
[INFO DRT-0036] Metal4 guide region query size = 43.
[INFO DRT-0036] Via4 guide region query size = 0.
[INFO DRT-0036] Metal5 guide region query size = 9.
[INFO DRT-0179] Init gr pin query.
[INFO DRT-0267] cpu time = 00:00:01, elapsed time = 00:00:00, memory = 152.77 (MB), peak = 151.51 (MB)
[INFO DRT-0245] skipped writing guide updates to database.
[INFO DRT-0185] Post process initialize RPin region query.
[INFO DRT-0181] Start track assignment.
[INFO DRT-0184] Done with 4764 vertical wires in 1 frboxes and 7524 horizontal wires in 1 frboxes.
[INFO DRT-0186] Done with 845 vertical wires in 1 frboxes and 787 horizontal wires in 1 frboxes.
[INFO DRT-0182] Complete track assignment.
[INFO DRT-0267] cpu time = 00:00:08, elapsed time = 00:00:01, memory = 189.18 (MB), peak = 187.96 (MB)
[INFO DRT-0187] Start routing data preparation.
[INFO DRT-0267] cpu time = 00:00:00, elapsed time = 00:00:00, memory = 189.18 (MB), peak = 187.96 (MB)
[INFO DRT-0194] Start detail routing.
[INFO DRT-0195] Start 0th optimization iteration.
    Completing 10% with 0 violations.
    elapsed time = 00:00:00, memory = 219.46 (MB).
    Completing 20% with 0 violations.
    elapsed time = 00:00:00, memory = 233.90 (MB).
    Completing 30% with 0 violations.
    elapsed time = 00:00:00, memory = 232.96 (MB).
    Completing 40% with 34 violations.
    elapsed time = 00:00:01, memory = 255.04 (MB).
    Completing 50% with 34 violations.
    elapsed time = 00:00:01, memory = 264.39 (MB).
    Completing 60% with 65 violations.
    elapsed time = 00:00:02, memory = 272.21 (MB).
    Completing 70% with 65 violations.
    elapsed time = 00:00:02, memory = 271.99 (MB).
    Completing 80% with 65 violations.
    elapsed time = 00:00:03, memory = 265.38 (MB).
    Completing 90% with 101 violations.
    elapsed time = 00:00:03, memory = 281.39 (MB).
    Completing 100% with 137 violations.
    elapsed time = 00:00:04, memory = 279.62 (MB).
[INFO DRT-0199]   Number of violations = 211.
Viol/Layer      Metal1 Metal2 Metal3 Metal4
Metal Spacing        1     38      5      0
Recheck              3     63      7      1
Short                0     90      3      0
[INFO DRT-0267] cpu time = 00:00:44, elapsed time = 00:00:04, memory = 574.36 (MB), peak = 585.15 (MB)
Total wire length = 84539 um.
Total wire length on LAYER Metal1 = 0 um.
Total wire length on LAYER Metal2 = 44805 um.
Total wire length on LAYER Metal3 = 38140 um.
Total wire length on LAYER Metal4 = 1081 um.
Total wire length on LAYER Metal5 = 511 um.
Total number of vias = 10919.
Up-via summary (total 10919):

----------------
  Poly2        0
 Metal1     5840
 Metal2     4972
 Metal3       90
 Metal4       17
----------------
       10919


[INFO DRT-0195] Start 1st optimization iteration.
    Completing 10% with 211 violations.
    elapsed time = 00:00:00, memory = 582.50 (MB).
    Completing 20% with 211 violations.
    elapsed time = 00:00:00, memory = 585.69 (MB).
    Completing 30% with 170 violations.
    elapsed time = 00:00:01, memory = 593.06 (MB).
    Completing 40% with 170 violations.
    elapsed time = 00:00:01, memory = 593.15 (MB).
    Completing 50% with 170 violations.
    elapsed time = 00:00:01, memory = 594.88 (MB).
    Completing 60% with 121 violations.
    elapsed time = 00:00:02, memory = 597.40 (MB).
    Completing 70% with 121 violations.
    elapsed time = 00:00:02, memory = 600.56 (MB).
    Completing 80% with 92 violations.
    elapsed time = 00:00:03, memory = 602.88 (MB).
    Completing 90% with 92 violations.
    elapsed time = 00:00:03, memory = 605.44 (MB).
    Completing 100% with 42 violations.
    elapsed time = 00:00:04, memory = 605.51 (MB).
[INFO DRT-0199]   Number of violations = 42.
Viol/Layer      Metal2
Metal Spacing        8
Short               34
[INFO DRT-0267] cpu time = 00:00:43, elapsed time = 00:00:04, memory = 608.64 (MB), peak = 619.36 (MB)
Total wire length = 84120 um.
Total wire length on LAYER Metal1 = 0 um.
Total wire length on LAYER Metal2 = 44496 um.
Total wire length on LAYER Metal3 = 37991 um.
Total wire length on LAYER Metal4 = 1113 um.
Total wire length on LAYER Metal5 = 518 um.
Total number of vias = 10856.
Up-via summary (total 10856):

----------------
  Poly2        0
 Metal1     5842
 Metal2     4905
 Metal3       92
 Metal4       17
----------------
       10856


[INFO DRT-0195] Start 2nd optimization iteration.
    Completing 10% with 42 violations.
    elapsed time = 00:00:00, memory = 608.64 (MB).
    Completing 20% with 42 violations.
    elapsed time = 00:00:00, memory = 608.64 (MB).
    Completing 30% with 36 violations.
    elapsed time = 00:00:00, memory = 608.64 (MB).
    Completing 40% with 36 violations.
    elapsed time = 00:00:00, memory = 608.64 (MB).
    Completing 50% with 36 violations.
    elapsed time = 00:00:01, memory = 608.64 (MB).
    Completing 60% with 34 violations.
    elapsed time = 00:00:01, memory = 608.64 (MB).
    Completing 70% with 34 violations.
    elapsed time = 00:00:01, memory = 608.64 (MB).
    Completing 80% with 29 violations.
    elapsed time = 00:00:02, memory = 608.64 (MB).
    Completing 90% with 29 violations.
    elapsed time = 00:00:02, memory = 608.64 (MB).
    Completing 100% with 28 violations.
    elapsed time = 00:00:02, memory = 608.64 (MB).
[INFO DRT-0199]   Number of violations = 28.
Viol/Layer      Metal2 Metal3
Metal Spacing        4      0
Short               23      1
[INFO DRT-0267] cpu time = 00:00:24, elapsed time = 00:00:03, memory = 608.64 (MB), peak = 619.41 (MB)
Total wire length = 84020 um.
Total wire length on LAYER Metal1 = 0 um.
Total wire length on LAYER Metal2 = 44413 um.
Total wire length on LAYER Metal3 = 37943 um.
Total wire length on LAYER Metal4 = 1141 um.
Total wire length on LAYER Metal5 = 521 um.
Total number of vias = 10842.
Up-via summary (total 10842):

----------------
  Poly2        0
 Metal1     5838
 Metal2     4892
 Metal3       95
 Metal4       17
----------------
       10842


[INFO DRT-0195] Start 3rd guides tiles iteration.
    Completing 10% with 28 violations.
    elapsed time = 00:00:00, memory = 608.77 (MB).
    Completing 20% with 28 violations.
    elapsed time = 00:00:00, memory = 608.77 (MB).
    Completing 30% with 28 violations.
    elapsed time = 00:00:00, memory = 608.77 (MB).
    Completing 40% with 28 violations.
    elapsed time = 00:00:00, memory = 608.77 (MB).
    Completing 50% with 4 violations.
    elapsed time = 00:00:00, memory = 608.77 (MB).
    Completing 60% with 4 violations.
    elapsed time = 00:00:00, memory = 608.77 (MB).
    Completing 70% with 4 violations.
    elapsed time = 00:00:00, memory = 608.77 (MB).
    Completing 80% with 4 violations.
    elapsed time = 00:00:00, memory = 608.77 (MB).
    Completing 90% with 4 violations.
    elapsed time = 00:00:00, memory = 608.77 (MB).
    Completing 100% with 0 violations.
    elapsed time = 00:00:00, memory = 608.77 (MB).
[INFO DRT-0199]   Number of violations = 0.
[INFO DRT-0267] cpu time = 00:00:09, elapsed time = 00:00:00, memory = 608.77 (MB), peak = 619.60 (MB)
Total wire length = 84018 um.
Total wire length on LAYER Metal1 = 0 um.
Total wire length on LAYER Metal2 = 44041 um.
Total wire length on LAYER Metal3 = 37972 um.
Total wire length on LAYER Metal4 = 1484 um.
Total wire length on LAYER Metal5 = 521 um.
Total number of vias = 10901.
Up-via summary (total 10901):

----------------
  Poly2        0
 Metal1     5836
 Metal2     4918
 Metal3      130
 Metal4       17
----------------
       10901


[INFO DRT-0198] Complete detail routing.
Total wire length = 84018 um.
Total wire length on LAYER Metal1 = 0 um.
Total wire length on LAYER Metal2 = 44041 um.
Total wire length on LAYER Metal3 = 37972 um.
Total wire length on LAYER Metal4 = 1484 um.
Total wire length on LAYER Metal5 = 521 um.
Total number of vias = 10901.
Up-via summary (total 10901):

----------------
  Poly2        0
 Metal1     5836
 Metal2     4918
 Metal3      130
 Metal4       17
----------------
       10901


[INFO DRT-0267] cpu time = 00:02:02, elapsed time = 00:00:13, memory = 608.94 (MB), peak = 619.60 (MB)

[INFO DRT-0180] Post processing.
+ check_antennas 
[INFO ANT-0002] Found 0 net violations.
[INFO ANT-0001] Found 0 pin violations.
Setting global connections for newly added cells…
[INFO] Setting global connections...
[INFO ODB-0403] 0 connections made, 0 conflicts skipped.
Updating metrics…
Cell type report:                       Count       Area
  Endcap cell                             194     851.74
  Tap cell                                942    4135.76
  Tie cell                                 33     289.77
  Clock buffer                            120    9456.92
  Timing Repair Buffer                    339   11557.73
  Inverter                                 69     605.88
  Sequential cell                         339   25455.54
  Multi-Input combinational cell          843   17715.26
  Total                                  2879   70068.59
Writing OpenROAD database to '/home/sahana/core5_udma/hardening/uart_top/runs/RUN_2026-07-26_13-08-17/44-openroad-detailedrouting/udma_uart_top.odb'…
Writing netlist to '/home/sahana/core5_udma/hardening/uart_top/runs/RUN_2026-07-26_13-08-17/44-openroad-detailedrouting/udma_uart_top.nl.v'…
Writing powered netlist to '/home/sahana/core5_udma/hardening/uart_top/runs/RUN_2026-07-26_13-08-17/44-openroad-detailedrouting/udma_uart_top.pnl.v'…
Writing layout to '/home/sahana/core5_udma/hardening/uart_top/runs/RUN_2026-07-26_13-08-17/44-openroad-detailedrouting/udma_uart_top.def'…
Writing timing constraints to '/home/sahana/core5_udma/hardening/uart_top/runs/RUN_2026-07-26_13-08-17/44-openroad-detailedrouting/udma_uart_top.sdc'…
