
===========================================================================
report_checks -unconstrained
===========================================================================
======================= min_tt_025C_5v00 Corner ===================================

Startpoint: _2030_ (rising edge-triggered flip-flop clocked by sys_clk)
Endpoint: _2067_ (recovery check against rising-edge clock sys_clk)
Path Group: asynchronous
Path Type: max

Fanout         Cap        Slew       Delay        Time   Description
---------------------------------------------------------------------------------------------
                                  0.000000    0.000000   clock sys_clk (rise edge)
                                  0.000000    0.000000   clock source latency
     1    0.059031    0.269610    0.144922    0.144922 ^ sys_clk_i (in)
                                                         sys_clk_i (net)
                      0.269867    0.000000    0.144922 ^ clkbuf_0_sys_clk_i/I (gf180mcu_fd_sc_mcu7t5v0__clkbuf_20)
    16    0.152723    0.178069    0.322063    0.466984 ^ clkbuf_0_sys_clk_i/Z (gf180mcu_fd_sc_mcu7t5v0__clkbuf_20)
                                                         clknet_0_sys_clk_i (net)
                      0.178153    0.005944    0.472928 ^ clkbuf_4_7_0_sys_clk_i/I (gf180mcu_fd_sc_mcu7t5v0__clkbuf_2)
     2    0.060376    0.518571    0.501158    0.974086 ^ clkbuf_4_7_0_sys_clk_i/Z (gf180mcu_fd_sc_mcu7t5v0__clkbuf_2)
                                                         clknet_4_7_0_sys_clk_i (net)
                      0.518580    0.001221    0.975307 ^ clkbuf_5_14__f_sys_clk_i/I (gf180mcu_fd_sc_mcu7t5v0__clkbuf_20)
     6    0.041354    0.110448    0.310899    1.286207 ^ clkbuf_5_14__f_sys_clk_i/Z (gf180mcu_fd_sc_mcu7t5v0__clkbuf_20)
                                                         clknet_5_14__leaf_sys_clk_i (net)
                      0.110450    0.000970    1.287177 ^ _2030_/CLK (gf180mcu_fd_sc_mcu7t5v0__dffrnq_1)
     2    0.022935    0.267285    0.810925    2.098102 v _2030_/Q (gf180mcu_fd_sc_mcu7t5v0__dffrnq_1)
                                                         s_uart_rx_clean_fifo (net)
                      0.267294    0.000925    2.099027 v _0923_/A2 (gf180mcu_fd_sc_mcu7t5v0__nor2_1)
     2    0.016499    0.596644    0.415268    2.514295 ^ _0923_/ZN (gf180mcu_fd_sc_mcu7t5v0__nor2_1)
                                                         u_dc_fifo_rx.dst_rstn_i (net)
                      0.596644    0.000202    2.514498 ^ fanout331/I (gf180mcu_fd_sc_mcu7t5v0__dlyb_1)
     8    0.072762    1.215937    1.541339    4.055836 ^ fanout331/Z (gf180mcu_fd_sc_mcu7t5v0__dlyb_1)
                                                         net331 (net)
                      1.215952    0.002439    4.058275 ^ fanout329/I (gf180mcu_fd_sc_mcu7t5v0__buf_1)
     3    0.026171    0.477755    0.472705    4.530980 ^ fanout329/Z (gf180mcu_fd_sc_mcu7t5v0__buf_1)
                                                         net329 (net)
                      0.477755    0.000446    4.531426 ^ max_cap502/I (gf180mcu_fd_sc_mcu7t5v0__buf_2)
     8    0.069909    0.595437    0.515934    5.047360 ^ max_cap502/Z (gf180mcu_fd_sc_mcu7t5v0__buf_2)
                                                         net502 (net)
                      0.595449    0.001504    5.048864 ^ _2067_/SETN (gf180mcu_fd_sc_mcu7t5v0__dffsnq_1)
                                              5.048864   data arrival time

                                 20.000000   20.000000   clock sys_clk (rise edge)
                                  0.000000   20.000000   clock source latency
     1    0.059031    0.269610    0.144922   20.144922 ^ sys_clk_i (in)
                                                         sys_clk_i (net)
                      0.269867    0.000000   20.144922 ^ clkbuf_0_sys_clk_i/I (gf180mcu_fd_sc_mcu7t5v0__clkbuf_20)
    16    0.152723    0.178069    0.322062   20.466986 ^ clkbuf_0_sys_clk_i/Z (gf180mcu_fd_sc_mcu7t5v0__clkbuf_20)
                                                         clknet_0_sys_clk_i (net)
                      0.178176    0.006661   20.473646 ^ clkbuf_4_4_0_sys_clk_i/I (gf180mcu_fd_sc_mcu7t5v0__clkbuf_2)
     2    0.058657    0.504876    0.493072   20.966719 ^ clkbuf_4_4_0_sys_clk_i/Z (gf180mcu_fd_sc_mcu7t5v0__clkbuf_2)
                                                         clknet_4_4_0_sys_clk_i (net)
                      0.504891    0.001529   20.968248 ^ clkbuf_5_8__f_sys_clk_i/I (gf180mcu_fd_sc_mcu7t5v0__clkbuf_20)
     6    0.027271    0.099776    0.300101   21.268349 ^ clkbuf_5_8__f_sys_clk_i/Z (gf180mcu_fd_sc_mcu7t5v0__clkbuf_20)
                                                         clknet_5_8__leaf_sys_clk_i (net)
                      0.099776    0.000036   21.268385 ^ _2067_/CLK (gf180mcu_fd_sc_mcu7t5v0__dffsnq_1)
                                 -0.250000   21.018385   clock uncertainty
                                  0.000000   21.018385   clock reconvergence pessimism
                                 -0.048770   20.969616   library recovery time
                                             20.969616   data required time
---------------------------------------------------------------------------------------------
                                             20.969616   data required time
                                             -5.048864   data arrival time
---------------------------------------------------------------------------------------------
                                             15.920752   slack (MET)


Startpoint: _2019_ (rising edge-triggered flip-flop clocked by periph_clk)
Endpoint: _2010_ (rising edge-triggered flip-flop clocked by periph_clk)
Path Group: periph_clk
Path Type: max

Fanout         Cap        Slew       Delay        Time   Description
---------------------------------------------------------------------------------------------
                                  0.000000    0.000000   clock periph_clk (rise edge)
                                  0.000000    0.000000   clock source latency
     1    0.052884    0.245965    0.129666    0.129666 ^ periph_clk_i (in)
                                                         periph_clk_i (net)
                      0.246003    0.000000    0.129666 ^ clkbuf_0_periph_clk_i/I (gf180mcu_fd_sc_mcu7t5v0__clkbuf_20)
    16    0.130155    0.162853    0.308208    0.437874 ^ clkbuf_0_periph_clk_i/Z (gf180mcu_fd_sc_mcu7t5v0__clkbuf_20)
                                                         clknet_0_periph_clk_i (net)
                      0.162865    0.002372    0.440246 ^ clkbuf_4_3_0_periph_clk_i/I (gf180mcu_fd_sc_mcu7t5v0__clkbuf_2)
     2    0.059822    0.513955    0.495044    0.935290 ^ clkbuf_4_3_0_periph_clk_i/Z (gf180mcu_fd_sc_mcu7t5v0__clkbuf_2)
                                                         clknet_4_3_0_periph_clk_i (net)
                      0.513981    0.002034    0.937324 ^ clkbuf_5_7__f_periph_clk_i/I (gf180mcu_fd_sc_mcu7t5v0__clkbuf_20)
     5    0.026732    0.099727    0.301132    1.238456 ^ clkbuf_5_7__f_periph_clk_i/Z (gf180mcu_fd_sc_mcu7t5v0__clkbuf_20)
                                                         clknet_5_7__leaf_periph_clk_i (net)
                      0.099727    0.000440    1.238896 ^ _2019_/CLK (gf180mcu_fd_sc_mcu7t5v0__dffrnq_1)
     3    0.020168    0.399190    1.031499    2.270395 ^ _2019_/Q (gf180mcu_fd_sc_mcu7t5v0__dffrnq_1)
                                                         r_uart_en_rx_sync[2] (net)
                      0.399190    0.000494    2.270889 ^ _0911_/I (gf180mcu_fd_sc_mcu7t5v0__clkinv_1)
     5    0.033324    0.560168    0.439910    2.710799 v _0911_/ZN (gf180mcu_fd_sc_mcu7t5v0__clkinv_1)
                                                         _0706_ (net)
                      0.560168    0.000343    2.711142 v _1739_/B2 (gf180mcu_fd_sc_mcu7t5v0__aoi22_1)
     1    0.006021    0.462230    0.418380    3.129522 ^ _1739_/ZN (gf180mcu_fd_sc_mcu7t5v0__aoi22_1)
                                                         _0642_ (net)
                      0.462230    0.000133    3.129655 ^ fanout311/I (gf180mcu_fd_sc_mcu7t5v0__dlyb_1)
     7    0.073637    1.230689    1.545653    4.675307 ^ fanout311/Z (gf180mcu_fd_sc_mcu7t5v0__dlyb_1)
                                                         net311 (net)
                      1.230696    0.001668    4.676976 ^ fanout310/I (gf180mcu_fd_sc_mcu7t5v0__buf_1)
     4    0.044734    0.769886    0.642081    5.319057 ^ fanout310/Z (gf180mcu_fd_sc_mcu7t5v0__buf_1)
                                                         net310 (net)
                      0.769886    0.000589    5.319645 ^ max_cap497/I (gf180mcu_fd_sc_mcu7t5v0__buf_2)
     6    0.057869    0.500872    0.475600    5.795245 ^ max_cap497/Z (gf180mcu_fd_sc_mcu7t5v0__buf_2)
                                                         net497 (net)
                      0.500896    0.001932    5.797177 ^ fanout309/I (gf180mcu_fd_sc_mcu7t5v0__dlyb_1)
     7    0.048351    0.827646    1.312968    7.110146 ^ fanout309/Z (gf180mcu_fd_sc_mcu7t5v0__dlyb_1)
                                                         net309 (net)
                      0.827654    0.001468    7.111613 ^ fanout308/I (gf180mcu_fd_sc_mcu7t5v0__dlyb_1)
    10    0.072367    1.210225    1.535856    8.647470 ^ fanout308/Z (gf180mcu_fd_sc_mcu7t5v0__dlyb_1)
                                                         net308 (net)
                      1.210231    0.001516    8.648986 ^ _1760_/A2 (gf180mcu_fd_sc_mcu7t5v0__nor2_1)
     1    0.010287    0.463681    0.279450    8.928436 v _1760_/ZN (gf180mcu_fd_sc_mcu7t5v0__nor2_1)
                                                         _0650_ (net)
                      0.463681    0.000203    8.928638 v _1761_/B (gf180mcu_fd_sc_mcu7t5v0__aoi21_1)
     1    0.004094    0.356344    0.308037    9.236675 ^ _1761_/ZN (gf180mcu_fd_sc_mcu7t5v0__aoi21_1)
                                                         _0284_ (net)
                      0.356344    0.000077    9.236753 ^ _2010_/D (gf180mcu_fd_sc_mcu7t5v0__dffrnq_1)
                                              9.236753   data arrival time

                                 20.000000   20.000000   clock periph_clk (rise edge)
                                  0.000000   20.000000   clock source latency
     1    0.052884    0.245965    0.129665   20.129665 ^ periph_clk_i (in)
                                                         periph_clk_i (net)
                      0.246003    0.000000   20.129665 ^ clkbuf_0_periph_clk_i/I (gf180mcu_fd_sc_mcu7t5v0__clkbuf_20)
    16    0.130155    0.162853    0.308209   20.437874 ^ clkbuf_0_periph_clk_i/Z (gf180mcu_fd_sc_mcu7t5v0__clkbuf_20)
                                                         clknet_0_periph_clk_i (net)
                      0.162862    0.002103   20.439978 ^ clkbuf_4_14_0_periph_clk_i/I (gf180mcu_fd_sc_mcu7t5v0__clkbuf_2)
     2    0.059157    0.508921    0.492381   20.932358 ^ clkbuf_4_14_0_periph_clk_i/Z (gf180mcu_fd_sc_mcu7t5v0__clkbuf_2)
                                                         clknet_4_14_0_periph_clk_i (net)
                      0.508929    0.001153   20.933512 ^ clkbuf_5_28__f_periph_clk_i/I (gf180mcu_fd_sc_mcu7t5v0__clkbuf_20)
     5    0.032601    0.103753    0.304395   21.237906 ^ clkbuf_5_28__f_periph_clk_i/Z (gf180mcu_fd_sc_mcu7t5v0__clkbuf_20)
                                                         clknet_5_28__leaf_periph_clk_i (net)
                      0.103754    0.000684   21.238590 ^ _2010_/CLK (gf180mcu_fd_sc_mcu7t5v0__dffrnq_1)
                                 -0.250000   20.988590   clock uncertainty
                                  0.000000   20.988590   clock reconvergence pessimism
                                 -0.345751   20.642841   library setup time
                                             20.642841   data required time
---------------------------------------------------------------------------------------------
                                             20.642841   data required time
                                             -9.236753   data arrival time
---------------------------------------------------------------------------------------------
                                             11.406088   slack (MET)


Startpoint: cfg_rwn_i (input port clocked by sys_clk)
Endpoint: cfg_data_o[23] (output port clocked by sys_clk)
Path Group: sys_clk
Path Type: max

Fanout         Cap        Slew       Delay        Time   Description
---------------------------------------------------------------------------------------------
                                  0.000000    0.000000   clock sys_clk (rise edge)
                                  0.000000    0.000000   clock network delay (propagated)
                                  2.000000    2.000000 v input external delay
     1    0.008667    0.110193    0.052526    2.052526 v cfg_rwn_i (in)
                                                         cfg_rwn_i (net)
                      0.110194    0.000000    2.052526 v input38/I (gf180mcu_fd_sc_mcu7t5v0__dlyb_1)
     8    0.056132    0.656796    1.367130    3.419657 v input38/Z (gf180mcu_fd_sc_mcu7t5v0__dlyb_1)
                                                         net38 (net)
                      0.656821    0.002284    3.421941 v _1085_/A1 (gf180mcu_fd_sc_mcu7t5v0__nand3_1)
     5    0.023578    0.648276    0.526586    3.948527 ^ _1085_/ZN (gf180mcu_fd_sc_mcu7t5v0__nand3_1)
                                                         _0291_ (net)
                      0.648276    0.000400    3.948927 ^ _1086_/A2 (gf180mcu_fd_sc_mcu7t5v0__nor2_1)
     4    0.018923    0.461174    0.342106    4.291033 v _1086_/ZN (gf180mcu_fd_sc_mcu7t5v0__nor2_1)
                                                         _0292_ (net)
                      0.461174    0.000111    4.291144 v _1087_/A2 (gf180mcu_fd_sc_mcu7t5v0__and2_1)
     1    0.009993    0.170904    0.408751    4.699895 v _1087_/Z (gf180mcu_fd_sc_mcu7t5v0__and2_1)
                                                         _0293_ (net)
                      0.170904    0.000281    4.700175 v fanout322/I (gf180mcu_fd_sc_mcu7t5v0__dlyb_1)
    10    0.130020    1.312469    1.838807    6.538982 v fanout322/Z (gf180mcu_fd_sc_mcu7t5v0__dlyb_1)
                                                         net322 (net)
                      1.312496    0.003390    6.542372 v fanout321/I (gf180mcu_fd_sc_mcu7t5v0__dlyb_1)
     7    0.048189    0.587977    1.721071    8.263443 v fanout321/Z (gf180mcu_fd_sc_mcu7t5v0__dlyb_1)
                                                         net321 (net)
                      0.587979    0.000845    8.264287 v fanout320/I (gf180mcu_fd_sc_mcu7t5v0__dlyb_1)
    10    0.054941    0.646408    1.528484    9.792771 v fanout320/Z (gf180mcu_fd_sc_mcu7t5v0__dlyb_1)
                                                         net320 (net)
                      0.646408    0.000315    9.793087 v _1095_/A2 (gf180mcu_fd_sc_mcu7t5v0__and2_1)
     1    0.021731    0.271940    0.541104   10.334190 v _1095_/Z (gf180mcu_fd_sc_mcu7t5v0__and2_1)
                                                         net128 (net)
                      0.271940    0.001084   10.335275 v output128/I (gf180mcu_fd_sc_mcu7t5v0__buf_1)
     1    0.005799    0.124848    0.303121   10.638396 v output128/Z (gf180mcu_fd_sc_mcu7t5v0__buf_1)
                                                         net278 (net)
                      0.124848    0.000056   10.638453 v wire278/I (gf180mcu_fd_sc_mcu7t5v0__clkbuf_3)
     1    0.074082    0.340669    0.417571   11.056023 v wire278/Z (gf180mcu_fd_sc_mcu7t5v0__clkbuf_3)
                                                         cfg_data_o[23] (net)
                      0.340677    0.000929   11.056952 v cfg_data_o[23] (out)
                                             11.056952   data arrival time

                                 20.000000   20.000000   clock sys_clk (rise edge)
                                  0.000000   20.000000   clock network delay (propagated)
                                 -0.250000   19.750002   clock uncertainty
                                  0.000000   19.750002   clock reconvergence pessimism
                                 -2.000000   17.750002   output external delay
                                             17.750002   data required time
---------------------------------------------------------------------------------------------
                                             17.750002   data required time
                                            -11.056952   data arrival time
---------------------------------------------------------------------------------------------
                                              6.693049   slack (MET)




===========================================================================
report_checks --slack_max -0.01
============================================================================
======================= min_tt_025C_5v00 Corner ===================================

No paths found.


===========================================================================
 report_check_types -max_slew -max_cap -max_fanout -violators
============================================================================
======================= min_tt_025C_5v00 Corner ===================================

max fanout

Pin                                   Limit Fanout  Slack
---------------------------------------------------------
clkbuf_0_periph_clk_i/Z                  10     16     -6 (VIOLATED)
clkbuf_0_sys_clk_i/Z                     10     16     -6 (VIOLATED)



===========================================================================
report_parasitic_annotation -report_unannotated
============================================================================
Found 45 unannotated drivers.
 data_tx_i[10]
 data_tx_i[11]
 data_tx_i[12]
 data_tx_i[13]
 data_tx_i[14]
 data_tx_i[15]
 data_tx_i[16]
 data_tx_i[17]
 data_tx_i[18]
 data_tx_i[19]
 data_tx_i[20]
 data_tx_i[21]
 data_tx_i[22]
 data_tx_i[23]
 data_tx_i[24]
 data_tx_i[25]
 data_tx_i[26]
 data_tx_i[27]
 data_tx_i[28]
 data_tx_i[29]
 data_tx_i[30]
 data_tx_i[31]
 data_tx_i[8]
 data_tx_i[9]
 clkload0/Z
 clkload1/Z
 clkload10/Z
 clkload11/Z
 clkload12/Z
 clkload13/Z
 clkload14/Z
 clkload15/Z
 clkload16/Z
 clkload17/Z
 clkload18/Z
 clkload19/Z
 clkload2/Z
 clkload20/Z
 clkload3/Z
 clkload4/Z
 clkload5/Z
 clkload6/Z
 clkload7/Z
 clkload8/Z
 clkload9/Z
Found 0 partially unannotated drivers.

===========================================================================
max slew violation count 0
max fanout violation count 2
max cap violation count 0
============================================================================

===========================================================================
check_setup -verbose -unconstrained_endpoints -multiple_clock -no_clock -no_input_delay -loops -generated_clocks
===========================================================================
Warning: There is 1 input port missing set_input_delay.
  rstn_i
