Clock: sys_clk
Sources: sys_clk_i 
Generated: no
Virtual: yes
Propagated: no
Period: 20.000000

===========================================================================
report_clock_properties
============================================================================
Clock                   Period          Waveform
----------------------------------------------------
sys_clk              20.000000    0.000000 10.000000

===========================================================================
report_clock_latency
============================================================================
Clock sys_clk
rise -> rise
    min     max
0.000000 0.000000 source latency
1.268384         network latency _2067_/CLK
        1.297163 network latency _1919_/CLK
---------------
1.268384 1.297163 latency
        0.028780 skew

fall -> fall
    min     max
0.000000 0.000000 source latency
1.242356         network latency _2067_/CLK
        1.273716 network latency _1919_/CLK
---------------
1.242356 1.273716 latency
        0.031360 skew



===========================================================================
report_clock_min_period
============================================================================
sys_clk period_min = 6.36 fmax = 157.30
Clock: periph_clk
Sources: periph_clk_i 
Generated: no
Virtual: yes
Propagated: no
Period: 20.000000

===========================================================================
report_clock_properties
============================================================================
Clock                   Period          Waveform
----------------------------------------------------
periph_clk           20.000000    0.000000 10.000000

===========================================================================
report_clock_latency
============================================================================
Clock periph_clk
rise -> rise
    min     max
0.000000 0.000000 source latency
1.228490         network latency _1848_/CLK
        1.259057 network latency _1798_/CLK
---------------
1.228490 1.259057 latency
        0.030567 skew

fall -> fall
    min     max
0.000000 0.000000 source latency
1.206741         network latency _1848_/CLK
        1.240291 network latency _1798_/CLK
---------------
1.206741 1.240291 latency
        0.033549 skew



===========================================================================
report_clock_min_period
============================================================================
periph_clk period_min = 8.59 fmax = 116.36
