
===========================================================================
report_checks -unconstrained
===========================================================================
======================= nom_ss_125C_4v50 Corner ===================================

Startpoint: _2116_ (rising edge-triggered flip-flop clocked by sys_clk)
Endpoint: _2148_ (recovery check against rising-edge clock sys_clk)
Path Group: asynchronous
Path Type: max

Fanout         Cap        Slew       Delay        Time   Description
---------------------------------------------------------------------------------------------
                                  0.000000    0.000000   clock sys_clk (rise edge)
                                  0.000000    0.000000   clock source latency
     1    0.056675    0.444295    0.229290    0.229290 ^ sys_clk_i (in)
                                                         sys_clk_i (net)
                      0.444334    0.000000    0.229290 ^ clkbuf_0_sys_clk_i/I (gf180mcu_fd_sc_mcu7t5v0__clkbuf_16)
    16    0.176341    0.398598    0.637437    0.866727 ^ clkbuf_0_sys_clk_i/Z (gf180mcu_fd_sc_mcu7t5v0__clkbuf_16)
                                                         clknet_0_sys_clk_i (net)
                      0.398612    0.003595    0.870322 ^ clkbuf_4_7_0_sys_clk_i/I (gf180mcu_fd_sc_mcu7t5v0__clkbuf_2)
     2    0.050434    0.753962    0.822448    1.692770 ^ clkbuf_4_7_0_sys_clk_i/Z (gf180mcu_fd_sc_mcu7t5v0__clkbuf_2)
                                                         clknet_4_7_0_sys_clk_i (net)
                      0.753966    0.000954    1.693724 ^ clkbuf_5_14__f_sys_clk_i/I (gf180mcu_fd_sc_mcu7t5v0__clkbuf_16)
     6    0.037345    0.195479    0.546641    2.240365 ^ clkbuf_5_14__f_sys_clk_i/Z (gf180mcu_fd_sc_mcu7t5v0__clkbuf_16)
                                                         clknet_5_14__leaf_sys_clk_i (net)
                      0.195480    0.000542    2.240907 ^ _2116_/CLK (gf180mcu_fd_sc_mcu7t5v0__dffrnq_1)
     2    0.030363    0.563858    1.572997    3.813904 v _2116_/Q (gf180mcu_fd_sc_mcu7t5v0__dffrnq_1)
                                                         s_uart_rx_clean_fifo (net)
                      0.563862    0.001110    3.815014 v _0966_/A2 (gf180mcu_fd_sc_mcu7t5v0__nor2_1)
     4    0.045346    2.576429    1.640220    5.455235 ^ _0966_/ZN (gf180mcu_fd_sc_mcu7t5v0__nor2_1)
                                                         u_dc_fifo_rx.dst_rstn_i (net)
                      2.576429    0.000409    5.455644 ^ fanout350/I (gf180mcu_fd_sc_mcu7t5v0__dlyb_1)
     5    0.045554    1.341320    2.391234    7.846878 ^ fanout350/Z (gf180mcu_fd_sc_mcu7t5v0__dlyb_1)
                                                         net350 (net)
                      1.341320    0.000410    7.847289 ^ fanout347/I (gf180mcu_fd_sc_mcu7t5v0__dlyb_1)
     8    0.072547    2.065684    2.836828   10.684116 ^ fanout347/Z (gf180mcu_fd_sc_mcu7t5v0__dlyb_1)
                                                         net347 (net)
                      2.065684    0.001338   10.685454 ^ fanout346/I (gf180mcu_fd_sc_mcu7t5v0__buf_1)
     4    0.033609    1.014373    0.965208   11.650663 ^ fanout346/Z (gf180mcu_fd_sc_mcu7t5v0__buf_1)
                                                         net346 (net)
                      1.014373    0.000475   11.651138 ^ max_cap534/I (gf180mcu_fd_sc_mcu7t5v0__buf_2)
     7    0.064242    0.938483    0.868731   12.519869 ^ max_cap534/Z (gf180mcu_fd_sc_mcu7t5v0__buf_2)
                                                         net534 (net)
                      0.938483    0.000330   12.520200 ^ _2148_/SETN (gf180mcu_fd_sc_mcu7t5v0__dffsnq_1)
                                             12.520200   data arrival time

                                 20.000000   20.000000   clock sys_clk (rise edge)
                                  0.000000   20.000000   clock source latency
     1    0.056675    0.444295    0.229290   20.229290 ^ sys_clk_i (in)
                                                         sys_clk_i (net)
                      0.444334    0.000000   20.229290 ^ clkbuf_0_sys_clk_i/I (gf180mcu_fd_sc_mcu7t5v0__clkbuf_16)
    16    0.176341    0.398598    0.637437   20.866728 ^ clkbuf_0_sys_clk_i/Z (gf180mcu_fd_sc_mcu7t5v0__clkbuf_16)
                                                         clknet_0_sys_clk_i (net)
                      0.398619    0.004320   20.871048 ^ clkbuf_4_5_0_sys_clk_i/I (gf180mcu_fd_sc_mcu7t5v0__clkbuf_2)
     2    0.048928    0.733947    0.810795   21.681843 ^ clkbuf_4_5_0_sys_clk_i/Z (gf180mcu_fd_sc_mcu7t5v0__clkbuf_2)
                                                         clknet_4_5_0_sys_clk_i (net)
                      0.733950    0.000909   21.682753 ^ clkbuf_5_11__f_sys_clk_i/I (gf180mcu_fd_sc_mcu7t5v0__clkbuf_16)
     6    0.041422    0.200763    0.548027   22.230780 ^ clkbuf_5_11__f_sys_clk_i/Z (gf180mcu_fd_sc_mcu7t5v0__clkbuf_16)
                                                         clknet_5_11__leaf_sys_clk_i (net)
                      0.200763    0.000165   22.230946 ^ _2148_/CLK (gf180mcu_fd_sc_mcu7t5v0__dffsnq_1)
                                 -0.250000   21.980946   clock uncertainty
                                  0.000000   21.980946   clock reconvergence pessimism
                                 -0.084459   21.896486   library recovery time
                                             21.896486   data required time
---------------------------------------------------------------------------------------------
                                             21.896486   data required time
                                            -12.520200   data arrival time
---------------------------------------------------------------------------------------------
                                              9.376287   slack (MET)


Startpoint: _2069_ (rising edge-triggered flip-flop clocked by periph_clk)
Endpoint: uart_tx_o (output port clocked by periph_clk)
Path Group: periph_clk
Path Type: max

Fanout         Cap        Slew       Delay        Time   Description
---------------------------------------------------------------------------------------------
                                  0.000000    0.000000   clock periph_clk (rise edge)
                                  0.000000    0.000000   clock source latency
     1    0.057229    0.448373    0.230844    0.230844 ^ periph_clk_i (in)
                                                         periph_clk_i (net)
                      0.448398    0.000000    0.230844 ^ clkbuf_0_periph_clk_i/I (gf180mcu_fd_sc_mcu7t5v0__clkbuf_16)
    16    0.175780    0.398965    0.639462    0.870306 ^ clkbuf_0_periph_clk_i/Z (gf180mcu_fd_sc_mcu7t5v0__clkbuf_16)
                                                         clknet_0_periph_clk_i (net)
                      0.398972    0.002637    0.872942 ^ clkbuf_4_9_0_periph_clk_i/I (gf180mcu_fd_sc_mcu7t5v0__clkbuf_2)
     2    0.051818    0.772315    0.833155    1.706097 ^ clkbuf_4_9_0_periph_clk_i/Z (gf180mcu_fd_sc_mcu7t5v0__clkbuf_2)
                                                         clknet_4_9_0_periph_clk_i (net)
                      0.772323    0.001335    1.707433 ^ clkbuf_5_18__f_periph_clk_i/I (gf180mcu_fd_sc_mcu7t5v0__clkbuf_16)
     5    0.024991    0.176823    0.534122    2.241555 ^ clkbuf_5_18__f_periph_clk_i/Z (gf180mcu_fd_sc_mcu7t5v0__clkbuf_16)
                                                         clknet_5_18__leaf_periph_clk_i (net)
                      0.176823    0.000308    2.241863 ^ _2069_/CLK (gf180mcu_fd_sc_mcu7t5v0__dffrnq_1)
     5    0.031802    0.585010    1.583905    3.825767 v _2069_/Q (gf180mcu_fd_sc_mcu7t5v0__dffrnq_1)
                                                         u_uart_tx.CS[1] (net)
                      0.585010    0.000430    3.826197 v fanout418/I (gf180mcu_fd_sc_mcu7t5v0__dlyb_1)
    10    0.064231    1.258857    2.793430    6.619627 v fanout418/Z (gf180mcu_fd_sc_mcu7t5v0__dlyb_1)
                                                         net418 (net)
                      1.258861    0.001837    6.621464 v _1313_/A1 (gf180mcu_fd_sc_mcu7t5v0__and2_1)
     5    0.035851    0.665515    1.095889    7.717353 v _1313_/Z (gf180mcu_fd_sc_mcu7t5v0__and2_1)
                                                         _0413_ (net)
                      0.665515    0.000273    7.717626 v fanout328/I (gf180mcu_fd_sc_mcu7t5v0__dlyb_1)
    10    0.071467    1.362346    2.898874   10.616500 v fanout328/Z (gf180mcu_fd_sc_mcu7t5v0__dlyb_1)
                                                         net328 (net)
                      1.362350    0.002047   10.618547 v _1315_/A2 (gf180mcu_fd_sc_mcu7t5v0__aoi221_1)
     1    0.005340    1.247361    1.037072   11.655619 ^ _1315_/ZN (gf180mcu_fd_sc_mcu7t5v0__aoi221_1)
                                                         _0415_ (net)
                      1.247361    0.000101   11.655721 ^ _1316_/B (gf180mcu_fd_sc_mcu7t5v0__oai21_1)
     1    0.020703    0.873835    0.650122   12.305842 v _1316_/ZN (gf180mcu_fd_sc_mcu7t5v0__oai21_1)
                                                         net220 (net)
                      0.873835    0.000965   12.306808 v output220/I (gf180mcu_fd_sc_mcu7t5v0__buf_1)
     1    0.007496    0.254619    0.696816   13.003623 v output220/Z (gf180mcu_fd_sc_mcu7t5v0__buf_1)
                                                         net236 (net)
                      0.254619    0.000090   13.003714 v wire236/I (gf180mcu_fd_sc_mcu7t5v0__clkbuf_3)
     1    0.075455    0.604631    0.757522   13.761235 v wire236/Z (gf180mcu_fd_sc_mcu7t5v0__clkbuf_3)
                                                         uart_tx_o (net)
                      0.604638    0.001155   13.762390 v uart_tx_o (out)
                                             13.762390   data arrival time

                                 20.000000   20.000000   clock periph_clk (rise edge)
                                  0.000000   20.000000   clock network delay (propagated)
                                 -0.250000   19.750002   clock uncertainty
                                  0.000000   19.750002   clock reconvergence pessimism
                                 -4.000000   15.750001   output external delay
                                             15.750001   data required time
---------------------------------------------------------------------------------------------
                                             15.750001   data required time
                                            -13.762390   data arrival time
---------------------------------------------------------------------------------------------
                                              1.987611   slack (MET)


Startpoint: cfg_addr_i[3] (input port clocked by sys_clk)
Endpoint: cfg_data_o[1] (output port clocked by sys_clk)
Path Group: sys_clk
Path Type: max

Fanout         Cap        Slew       Delay        Time   Description
---------------------------------------------------------------------------------------------
                                  0.000000    0.000000   clock sys_clk (rise edge)
                                  0.000000    0.000000   clock network delay (propagated)
                                  4.000000    4.000000 v input external delay
     1    0.007923    0.174546    0.077714    4.077714 v cfg_addr_i[3] (in)
                                                         cfg_addr_i[3] (net)
                      0.174546    0.000000    4.077714 v input4/I (gf180mcu_fd_sc_mcu7t5v0__dlyb_1)
     5    0.059775    1.198817    2.597454    6.675168 v input4/Z (gf180mcu_fd_sc_mcu7t5v0__dlyb_1)
                                                         net4 (net)
                      1.198884    0.005072    6.680240 v fanout428/I (gf180mcu_fd_sc_mcu7t5v0__dlyb_1)
    10    0.068098    1.314065    3.055589    9.735829 v fanout428/Z (gf180mcu_fd_sc_mcu7t5v0__dlyb_1)
                                                         net428 (net)
                      1.314084    0.003342    9.739172 v _0907_/I (gf180mcu_fd_sc_mcu7t5v0__clkinv_1)
     8    0.053382    1.561667    1.286543   11.025715 ^ _0907_/ZN (gf180mcu_fd_sc_mcu7t5v0__clkinv_1)
                                                         _0698_ (net)
                      1.561667    0.001055   11.026770 ^ _1323_/A1 (gf180mcu_fd_sc_mcu7t5v0__nand4_1)
     2    0.010094    0.996768    0.648175   11.674945 v _1323_/ZN (gf180mcu_fd_sc_mcu7t5v0__nand4_1)
                                                         _0422_ (net)
                      0.996768    0.000152   11.675097 v _1332_/A1 (gf180mcu_fd_sc_mcu7t5v0__nor4_1)
     2    0.040206    4.742959    2.840245   14.515342 ^ _1332_/ZN (gf180mcu_fd_sc_mcu7t5v0__nor4_1)
                                                         _0431_ (net)
                      4.742959    0.001926   14.517268 ^ fanout325/I (gf180mcu_fd_sc_mcu7t5v0__dlya_1)
    10    0.088456    2.482654    1.850800   16.368069 ^ fanout325/Z (gf180mcu_fd_sc_mcu7t5v0__dlya_1)
                                                         net325 (net)
                      2.482654    0.000554   16.368622 ^ _1351_/B1 (gf180mcu_fd_sc_mcu7t5v0__aoi22_1)
     1    0.017153    1.204978    0.829669   17.198292 v _1351_/ZN (gf180mcu_fd_sc_mcu7t5v0__aoi22_1)
                                                         _0449_ (net)
                      1.204978    0.000691   17.198982 v _1355_/A1 (gf180mcu_fd_sc_mcu7t5v0__and4_1)
     1    0.022397    0.514465    1.045219   18.244202 v _1355_/Z (gf180mcu_fd_sc_mcu7t5v0__and4_1)
                                                         _0453_ (net)
                      0.514465    0.001110   18.245312 v _1356_/A2 (gf180mcu_fd_sc_mcu7t5v0__nand2_1)
     1    0.015425    0.765133    0.533591   18.778902 ^ _1356_/ZN (gf180mcu_fd_sc_mcu7t5v0__nand2_1)
                                                         net124 (net)
                      0.765133    0.000597   18.779499 ^ output124/I (gf180mcu_fd_sc_mcu7t5v0__buf_1)
     1    0.010263    0.388391    0.554179   19.333679 ^ output124/Z (gf180mcu_fd_sc_mcu7t5v0__buf_1)
                                                         net227 (net)
                      0.388391    0.000258   19.333937 ^ wire227/I (gf180mcu_fd_sc_mcu7t5v0__clkbuf_3)
     1    0.080718    0.625036    0.779195   20.113131 ^ wire227/Z (gf180mcu_fd_sc_mcu7t5v0__clkbuf_3)
                                                         cfg_data_o[1] (net)
                      0.625038    0.001897   20.115028 ^ cfg_data_o[1] (out)
                                             20.115028   data arrival time

                                 20.000000   20.000000   clock sys_clk (rise edge)
                                  0.000000   20.000000   clock network delay (propagated)
                                 -0.250000   19.750002   clock uncertainty
                                  0.000000   19.750002   clock reconvergence pessimism
                                 -4.000000   15.750001   output external delay
                                             15.750001   data required time
---------------------------------------------------------------------------------------------
                                             15.750001   data required time
                                            -20.115028   data arrival time
---------------------------------------------------------------------------------------------
                                             -4.365027   slack (VIOLATED)




===========================================================================
report_checks --slack_max -0.01
============================================================================
======================= nom_ss_125C_4v50 Corner ===================================

Startpoint: cfg_addr_i[3] (input port clocked by sys_clk)
Endpoint: cfg_data_o[1] (output port clocked by sys_clk)
Path Group: sys_clk
Path Type: max

Fanout         Cap        Slew       Delay        Time   Description
---------------------------------------------------------------------------------------------
                                  0.000000    0.000000   clock sys_clk (rise edge)
                                  0.000000    0.000000   clock network delay (propagated)
                                  4.000000    4.000000 v input external delay
     1    0.007923    0.174546    0.077714    4.077714 v cfg_addr_i[3] (in)
                                                         cfg_addr_i[3] (net)
                      0.174546    0.000000    4.077714 v input4/I (gf180mcu_fd_sc_mcu7t5v0__dlyb_1)
     5    0.059775    1.198817    2.597454    6.675168 v input4/Z (gf180mcu_fd_sc_mcu7t5v0__dlyb_1)
                                                         net4 (net)
                      1.198884    0.005072    6.680240 v fanout428/I (gf180mcu_fd_sc_mcu7t5v0__dlyb_1)
    10    0.068098    1.314065    3.055589    9.735829 v fanout428/Z (gf180mcu_fd_sc_mcu7t5v0__dlyb_1)
                                                         net428 (net)
                      1.314084    0.003342    9.739172 v _0907_/I (gf180mcu_fd_sc_mcu7t5v0__clkinv_1)
     8    0.053382    1.561667    1.286543   11.025715 ^ _0907_/ZN (gf180mcu_fd_sc_mcu7t5v0__clkinv_1)
                                                         _0698_ (net)
                      1.561667    0.001055   11.026770 ^ _1323_/A1 (gf180mcu_fd_sc_mcu7t5v0__nand4_1)
     2    0.010094    0.996768    0.648175   11.674945 v _1323_/ZN (gf180mcu_fd_sc_mcu7t5v0__nand4_1)
                                                         _0422_ (net)
                      0.996768    0.000152   11.675097 v _1332_/A1 (gf180mcu_fd_sc_mcu7t5v0__nor4_1)
     2    0.040206    4.742959    2.840245   14.515342 ^ _1332_/ZN (gf180mcu_fd_sc_mcu7t5v0__nor4_1)
                                                         _0431_ (net)
                      4.742959    0.001926   14.517268 ^ fanout325/I (gf180mcu_fd_sc_mcu7t5v0__dlya_1)
    10    0.088456    2.482654    1.850800   16.368069 ^ fanout325/Z (gf180mcu_fd_sc_mcu7t5v0__dlya_1)
                                                         net325 (net)
                      2.482654    0.000554   16.368622 ^ _1351_/B1 (gf180mcu_fd_sc_mcu7t5v0__aoi22_1)
     1    0.017153    1.204978    0.829669   17.198292 v _1351_/ZN (gf180mcu_fd_sc_mcu7t5v0__aoi22_1)
                                                         _0449_ (net)
                      1.204978    0.000691   17.198982 v _1355_/A1 (gf180mcu_fd_sc_mcu7t5v0__and4_1)
     1    0.022397    0.514465    1.045219   18.244202 v _1355_/Z (gf180mcu_fd_sc_mcu7t5v0__and4_1)
                                                         _0453_ (net)
                      0.514465    0.001110   18.245312 v _1356_/A2 (gf180mcu_fd_sc_mcu7t5v0__nand2_1)
     1    0.015425    0.765133    0.533591   18.778902 ^ _1356_/ZN (gf180mcu_fd_sc_mcu7t5v0__nand2_1)
                                                         net124 (net)
                      0.765133    0.000597   18.779499 ^ output124/I (gf180mcu_fd_sc_mcu7t5v0__buf_1)
     1    0.010263    0.388391    0.554179   19.333679 ^ output124/Z (gf180mcu_fd_sc_mcu7t5v0__buf_1)
                                                         net227 (net)
                      0.388391    0.000258   19.333937 ^ wire227/I (gf180mcu_fd_sc_mcu7t5v0__clkbuf_3)
     1    0.080718    0.625036    0.779195   20.113131 ^ wire227/Z (gf180mcu_fd_sc_mcu7t5v0__clkbuf_3)
                                                         cfg_data_o[1] (net)
                      0.625038    0.001897   20.115028 ^ cfg_data_o[1] (out)
                                             20.115028   data arrival time

                                 20.000000   20.000000   clock sys_clk (rise edge)
                                  0.000000   20.000000   clock network delay (propagated)
                                 -0.250000   19.750002   clock uncertainty
                                  0.000000   19.750002   clock reconvergence pessimism
                                 -4.000000   15.750001   output external delay
                                             15.750001   data required time
---------------------------------------------------------------------------------------------
                                             15.750001   data required time
                                            -20.115028   data arrival time
---------------------------------------------------------------------------------------------
                                             -4.365027   slack (VIOLATED)




===========================================================================
 report_check_types -max_slew -max_cap -max_fanout -violators
============================================================================
======================= nom_ss_125C_4v50 Corner ===================================

max slew

Pin                                        Limit        Slew       Slack
------------------------------------------------------------------------
_1332_/ZN                               3.000000    4.742959   -1.742959 (VIOLATED)
fanout325/I                             3.000000    4.742959   -1.742959 (VIOLATED)
fanout326/I                             3.000000    4.742959   -1.742959 (VIOLATED)
_1335_/ZN                               3.000000    4.677994   -1.677994 (VIOLATED)
_1395_/B1                               3.000000    4.677994   -1.677994 (VIOLATED)
fanout322/I                             3.000000    4.677994   -1.677994 (VIOLATED)
_1338_/ZN                               3.000000    3.808954   -0.808954 (VIOLATED)
_1350_/C2                               3.000000    3.808954   -0.808954 (VIOLATED)
_1086_/ZN                               3.000000    3.269334   -0.269334 (VIOLATED)
_1109_/A1                               3.000000    3.269334   -0.269334 (VIOLATED)
_1142_/A1                               3.000000    3.269334   -0.269334 (VIOLATED)
_1159_/A3                               3.000000    3.269334   -0.269334 (VIOLATED)
fanout438/I                             3.000000    3.161005   -0.161005 (VIOLATED)
fanout450/I                             3.000000    3.161000   -0.161000 (VIOLATED)
fanout443/I                             3.000000    3.160988   -0.160988 (VIOLATED)
_2062_/SETN                             3.000000    3.160969   -0.160969 (VIOLATED)
fanout453/I                             3.000000    3.160955   -0.160955 (VIOLATED)
fanout457/I                             3.000000    3.160955   -0.160955 (VIOLATED)
fanout458/Z                             3.000000    3.160955   -0.160955 (VIOLATED)
fanout425/I                             3.000000    3.084933   -0.084933 (VIOLATED)
_1181_/A4                               3.000000    3.084932   -0.084933 (VIOLATED)
_0906_/ZN                               3.000000    3.084915   -0.084915 (VIOLATED)
_0974_/A2                               3.000000    3.084915   -0.084915 (VIOLATED)
_0979_/A1                               3.000000    3.084915   -0.084915 (VIOLATED)
_1179_/A2                               3.000000    3.084915   -0.084915 (VIOLATED)
_1318_/A3                               3.000000    3.084915   -0.084915 (VIOLATED)
_1322_/A1                               3.000000    3.084915   -0.084915 (VIOLATED)
_1324_/A1                               3.000000    3.084915   -0.084915 (VIOLATED)
_1342_/A2                               3.000000    3.084915   -0.084915 (VIOLATED)
_1604_/A3                               3.000000    3.084915   -0.084915 (VIOLATED)
fanout462/I                             3.000000    3.051412   -0.051412 (VIOLATED)
fanout469/I                             3.000000    3.051411   -0.051411 (VIOLATED)
fanout464/I                             3.000000    3.051410   -0.051410 (VIOLATED)
fanout463/I                             3.000000    3.051406   -0.051406 (VIOLATED)
_2175_/RN                               3.000000    3.051393   -0.051393 (VIOLATED)
_2176_/RN                               3.000000    3.051393   -0.051393 (VIOLATED)
fanout473/I                             3.000000    3.051393   -0.051393 (VIOLATED)
fanout477/I                             3.000000    3.051393   -0.051393 (VIOLATED)
fanout478/Z                             3.000000    3.051393   -0.051393 (VIOLATED)

max fanout

Pin                                   Limit Fanout  Slack
---------------------------------------------------------
clkbuf_0_periph_clk_i/Z                  10     16     -6 (VIOLATED)
clkbuf_0_sys_clk_i/Z                     10     16     -6 (VIOLATED)



===========================================================================
report_parasitic_annotation -report_unannotated
============================================================================
Found 45 unannotated drivers.
 data_tx_i[10]
 data_tx_i[11]
 data_tx_i[12]
 data_tx_i[13]
 data_tx_i[14]
 data_tx_i[15]
 data_tx_i[16]
 data_tx_i[17]
 data_tx_i[18]
 data_tx_i[19]
 data_tx_i[20]
 data_tx_i[21]
 data_tx_i[22]
 data_tx_i[23]
 data_tx_i[24]
 data_tx_i[25]
 data_tx_i[26]
 data_tx_i[27]
 data_tx_i[28]
 data_tx_i[29]
 data_tx_i[30]
 data_tx_i[31]
 data_tx_i[8]
 data_tx_i[9]
 clkload0/Z
 clkload1/Z
 clkload10/Z
 clkload11/Z
 clkload12/Z
 clkload13/Z
 clkload14/Z
 clkload15/Z
 clkload16/Z
 clkload17/Z
 clkload18/Z
 clkload19/Z
 clkload2/Z
 clkload20/Z
 clkload3/Z
 clkload4/Z
 clkload5/Z
 clkload6/Z
 clkload7/Z
 clkload8/Z
 clkload9/Z
Found 0 partially unannotated drivers.

===========================================================================
max slew violation count 39
max fanout violation count 2
max cap violation count 0
============================================================================

===========================================================================
check_setup -verbose -unconstrained_endpoints -multiple_clock -no_clock -no_input_delay -loops -generated_clocks
===========================================================================
Warning: There is 1 input port missing set_input_delay.
  rstn_i
