Clock: sys_clk
Sources: sys_clk_i 
Generated: no
Virtual: yes
Propagated: no
Period: 20.000000

===========================================================================
report_clock_properties
============================================================================
Clock                   Period          Waveform
----------------------------------------------------
sys_clk              20.000000    0.000000 10.000000

===========================================================================
report_clock_latency
============================================================================
Clock sys_clk
rise -> rise
    min     max
0.000000 0.000000 source latency
2.208764         network latency _2027_/CLK
        2.265830 network latency _2025_/CLK
---------------
2.208764 2.265830 latency
        0.057066 skew

fall -> fall
    min     max
0.000000 0.000000 source latency
2.144820         network latency _2027_/CLK
        2.209043 network latency _2025_/CLK
---------------
2.144820 2.209043 latency
        0.064222 skew



===========================================================================
report_clock_min_period
============================================================================
sys_clk period_min = 13.30 fmax = 75.18
Clock: periph_clk
Sources: periph_clk_i 
Generated: no
Virtual: yes
Propagated: no
Period: 20.000000

===========================================================================
report_clock_properties
============================================================================
Clock                   Period          Waveform
----------------------------------------------------
periph_clk           20.000000    0.000000 10.000000

===========================================================================
report_clock_latency
============================================================================
Clock periph_clk
rise -> rise
    min     max
0.000000 0.000000 source latency
2.195040         network latency _2053_/CLK
        2.275352 network latency _1888_/CLK
---------------
2.195040 2.275352 latency
        0.080312 skew

fall -> fall
    min     max
0.000000 0.000000 source latency
2.129869         network latency _2053_/CLK
        2.218534 network latency _1888_/CLK
---------------
2.129869 2.218534 latency
        0.088665 skew



===========================================================================
report_clock_min_period
============================================================================
periph_clk period_min = 14.33 fmax = 69.77
