
===========================================================================
Violator List
============================================================================
[setup in-out] cfg_addr_i[3] -> cfg_data_o[1] : -4.365027
[setup in-out] cfg_addr_i[3] -> cfg_data_o[4] : -3.443756
[setup in-out] cfg_addr_i[3] -> cfg_data_o[5] : -3.375181
[setup in-out] cfg_addr_i[3] -> cfg_data_o[9] : -3.315947
[setup in-out] cfg_addr_i[3] -> cfg_data_o[8] : -3.266072
[setup in-out] cfg_addr_i[3] -> cfg_data_o[2] : -3.180118
[setup in-out] cfg_addr_i[2] -> cfg_data_o[24] : -3.163896
[setup in-out] cfg_addr_i[2] -> cfg_data_o[22] : -3.163468
[setup in-out] cfg_addr_i[3] -> cfg_data_o[3] : -3.050261
[setup in-out] cfg_addr_i[2] -> cfg_data_o[19] : -3.044034
[setup in-out] cfg_addr_i[2] -> cfg_data_o[25] : -3.035234
[setup in-out] cfg_addr_i[3] -> cfg_data_o[0] : -3.017984
[setup in-out] cfg_addr_i[3] -> cfg_data_o[7] : -3.015399
[setup in-out] cfg_addr_i[2] -> cfg_data_o[23] : -2.988742
[setup in-out] cfg_addr_i[2] -> cfg_data_o[27] : -2.984027
[setup in-out] cfg_addr_i[3] -> cfg_data_o[6] : -2.981167
[setup in-out] cfg_addr_i[2] -> cfg_data_o[26] : -2.980354
[setup in-out] cfg_addr_i[2] -> cfg_data_o[21] : -2.958533
[setup in-out] cfg_addr_i[2] -> cfg_data_o[20] : -2.947781
[setup in-out] cfg_addr_i[2] -> cfg_data_o[16] : -2.924779
[setup in-out] cfg_addr_i[3] -> cfg_data_o[10] : -2.914996
[setup in-out] cfg_addr_i[3] -> cfg_data_o[14] : -2.894950
[setup in-out] cfg_addr_i[3] -> cfg_data_o[15] : -2.890610
[setup in-out] cfg_addr_i[3] -> cfg_data_o[11] : -2.849349
[setup in-out] cfg_addr_i[3] -> cfg_data_o[13] : -2.836234
[setup in-out] cfg_addr_i[3] -> cfg_data_o[12] : -2.783540
[setup in-out] cfg_addr_i[4] -> cfg_data_o[18] : -1.583423
[setup in-out] cfg_addr_i[4] -> cfg_data_o[30] : -1.119920
[setup in-out] cfg_addr_i[4] -> cfg_data_o[28] : -1.095465
[setup in-out] cfg_addr_i[4] -> cfg_data_o[31] : -1.003135
[setup in-out] cfg_addr_i[4] -> cfg_data_o[29] : -0.981753
[setup in-reg] cfg_addr_i[2] -> _1968_/D : -0.787745
[setup in-reg] cfg_addr_i[2] -> _1963_/D : -0.778323
[setup in-reg] cfg_addr_i[2] -> _1972_/D : -0.774275
[setup in-reg] cfg_addr_i[2] -> _1974_/D : -0.772085
[setup in-reg] cfg_addr_i[2] -> _1973_/D : -0.764237
