Clock: sys_clk
Sources: sys_clk_i 
Generated: no
Virtual: yes
Propagated: no
Period: 20.000000

===========================================================================
report_clock_properties
============================================================================
Clock                   Period          Waveform
----------------------------------------------------
sys_clk              20.000000    0.000000 10.000000

===========================================================================
report_clock_latency
============================================================================
Clock sys_clk
rise -> rise
    min     max
0.000000 0.000000 source latency
1.248540         network latency _2027_/CLK
        1.281263 network latency _2025_/CLK
---------------
1.248540 1.281263 latency
        0.032723 skew

fall -> fall
    min     max
0.000000 0.000000 source latency
1.208744         network latency _2027_/CLK
        1.244753 network latency _2025_/CLK
---------------
1.208744 1.244753 latency
        0.036009 skew



===========================================================================
report_clock_min_period
============================================================================
sys_clk period_min = 7.23 fmax = 138.34
Clock: periph_clk
Sources: periph_clk_i 
Generated: no
Virtual: yes
Propagated: no
Period: 20.000000

===========================================================================
report_clock_properties
============================================================================
Clock                   Period          Waveform
----------------------------------------------------
periph_clk           20.000000    0.000000 10.000000

===========================================================================
report_clock_latency
============================================================================
Clock periph_clk
rise -> rise
    min     max
0.000000 0.000000 source latency
1.238863         network latency _2053_/CLK
        1.286711 network latency _1888_/CLK
---------------
1.238863 1.286711 latency
        0.047848 skew

fall -> fall
    min     max
0.000000 0.000000 source latency
1.198212         network latency _2053_/CLK
        1.250123 network latency _1888_/CLK
---------------
1.198212 1.250123 latency
        0.051910 skew



===========================================================================
report_clock_min_period
============================================================================
periph_clk period_min = 7.81 fmax = 128.01
