
===========================================================================
 report_power
============================================================================
======================= max_ss_125C_4v50 Corner ===================================

Group                    Internal    Switching      Leakage        Total
                            Power        Power        Power        Power (Watts)
------------------------------------------------------------------------
Sequential           1.111743e-02 1.483314e-03 4.221912e-07 1.260116e-02  71.5%
Combinational        3.635002e-03 1.383594e-03 6.326818e-07 5.019228e-03  28.5%
Clock                0.000000e+00 0.000000e+00 5.617063e-07 5.617063e-07   0.0%
Macro                0.000000e+00 0.000000e+00 0.000000e+00 0.000000e+00   0.0%
Pad                  0.000000e+00 0.000000e+00 0.000000e+00 0.000000e+00   0.0%
------------------------------------------------------------------------
Total                1.475242e-02 2.866908e-03 1.616576e-06 1.762095e-02 100.0%
                            83.7%        16.3%         0.0%
Writing metric power__internal__total: 0.014752424322068691
Writing metric power__switching__total: 0.0028669077437371016
Writing metric power__leakage__total: 1.616576128071756e-6
Writing metric power__total: 0.01762094907462597

