Clock: sys_clk
Sources: sys_clk_i 
Generated: no
Virtual: yes
Propagated: no
Period: 20.000000

===========================================================================
report_clock_properties
============================================================================
Clock                   Period          Waveform
----------------------------------------------------
sys_clk              20.000000    0.000000 10.000000

===========================================================================
report_clock_latency
============================================================================
Clock sys_clk
rise -> rise
    min     max
0.000000 0.000000 source latency
2.247251         network latency _2067_/CLK
        2.330939 network latency _1905_/CLK
---------------
2.247251 2.330939 latency
        0.083689 skew

fall -> fall
    min     max
0.000000 0.000000 source latency
2.209129         network latency _2067_/CLK
        2.302843 network latency _1905_/CLK
---------------
2.209129 2.302843 latency
        0.093714 skew



===========================================================================
report_clock_min_period
============================================================================
sys_clk period_min = 15.33 fmax = 65.24
Clock: periph_clk
Sources: periph_clk_i 
Generated: no
Virtual: yes
Propagated: no
Period: 20.000000

===========================================================================
report_clock_properties
============================================================================
Clock                   Period          Waveform
----------------------------------------------------
periph_clk           20.000000    0.000000 10.000000

===========================================================================
report_clock_latency
============================================================================
Clock periph_clk
rise -> rise
    min     max
0.000000 0.000000 source latency
2.186882         network latency _2032_/CLK
        2.238972 network latency _1991_/CLK
---------------
2.186882 2.238972 latency
        0.052090 skew

fall -> fall
    min     max
0.000000 0.000000 source latency
2.151557         network latency _2032_/CLK
        2.209500 network latency _1991_/CLK
---------------
2.151557 2.209500 latency
        0.057943 skew



===========================================================================
report_clock_min_period
============================================================================
periph_clk period_min = 19.53 fmax = 51.19
