Reading timing models for corner max_ff_n40C_5v50…
Reading timing library for the 'max_ff_n40C_5v50' corner at '/home/sahana/.ciel/gf180mcuD/libs.ref/gf180mcu_fd_sc_mcu7t5v0/lib/gf180mcu_fd_sc_mcu7t5v0__ff_n40C_5v50.lib'…
Reading timing models for corner max_tt_025C_5v00…
Reading timing library for the 'max_tt_025C_5v00' corner at '/home/sahana/.ciel/gf180mcuD/libs.ref/gf180mcu_fd_sc_mcu7t5v0/lib/gf180mcu_fd_sc_mcu7t5v0__tt_025C_5v00.lib'…
Reading timing models for corner nom_ff_n40C_5v50…
Reading timing library for the 'nom_ff_n40C_5v50' corner at '/home/sahana/.ciel/gf180mcuD/libs.ref/gf180mcu_fd_sc_mcu7t5v0/lib/gf180mcu_fd_sc_mcu7t5v0__ff_n40C_5v50.lib'…
[WARNING STA-1140] /home/sahana/.ciel/gf180mcuD/libs.ref/gf180mcu_fd_sc_mcu7t5v0/lib/gf180mcu_fd_sc_mcu7t5v0__ff_n40C_5v50.lib line 17, library gf180mcu_fd_sc_mcu7t5v0__ff_n40C_5v50 already exists.
Reading timing models for corner nom_tt_025C_5v00…
Reading timing library for the 'nom_tt_025C_5v00' corner at '/home/sahana/.ciel/gf180mcuD/libs.ref/gf180mcu_fd_sc_mcu7t5v0/lib/gf180mcu_fd_sc_mcu7t5v0__tt_025C_5v00.lib'…
[WARNING STA-1140] /home/sahana/.ciel/gf180mcuD/libs.ref/gf180mcu_fd_sc_mcu7t5v0/lib/gf180mcu_fd_sc_mcu7t5v0__tt_025C_5v00.lib line 17, library gf180mcu_fd_sc_mcu7t5v0__tt_025C_5v00 already exists.
Reading timing models for corner min_ss_125C_4v50…
Reading timing library for the 'min_ss_125C_4v50' corner at '/home/sahana/.ciel/gf180mcuD/libs.ref/gf180mcu_fd_sc_mcu7t5v0/lib/gf180mcu_fd_sc_mcu7t5v0__ss_125C_4v50.lib'…
Reading timing models for corner min_ff_n40C_5v50…
Reading timing library for the 'min_ff_n40C_5v50' corner at '/home/sahana/.ciel/gf180mcuD/libs.ref/gf180mcu_fd_sc_mcu7t5v0/lib/gf180mcu_fd_sc_mcu7t5v0__ff_n40C_5v50.lib'…
[WARNING STA-1140] /home/sahana/.ciel/gf180mcuD/libs.ref/gf180mcu_fd_sc_mcu7t5v0/lib/gf180mcu_fd_sc_mcu7t5v0__ff_n40C_5v50.lib line 17, library gf180mcu_fd_sc_mcu7t5v0__ff_n40C_5v50 already exists.
Reading timing models for corner min_tt_025C_5v00…
Reading timing library for the 'min_tt_025C_5v00' corner at '/home/sahana/.ciel/gf180mcuD/libs.ref/gf180mcu_fd_sc_mcu7t5v0/lib/gf180mcu_fd_sc_mcu7t5v0__tt_025C_5v00.lib'…
[WARNING STA-1140] /home/sahana/.ciel/gf180mcuD/libs.ref/gf180mcu_fd_sc_mcu7t5v0/lib/gf180mcu_fd_sc_mcu7t5v0__tt_025C_5v00.lib line 17, library gf180mcu_fd_sc_mcu7t5v0__tt_025C_5v00 already exists.
Reading timing models for corner max_ss_125C_4v50…
Reading timing library for the 'max_ss_125C_4v50' corner at '/home/sahana/.ciel/gf180mcuD/libs.ref/gf180mcu_fd_sc_mcu7t5v0/lib/gf180mcu_fd_sc_mcu7t5v0__ss_125C_4v50.lib'…
[WARNING STA-1140] /home/sahana/.ciel/gf180mcuD/libs.ref/gf180mcu_fd_sc_mcu7t5v0/lib/gf180mcu_fd_sc_mcu7t5v0__ss_125C_4v50.lib line 17, library gf180mcu_fd_sc_mcu7t5v0__ss_125C_4v50 already exists.
Reading timing models for corner nom_ss_125C_4v50…
Reading timing library for the 'nom_ss_125C_4v50' corner at '/home/sahana/.ciel/gf180mcuD/libs.ref/gf180mcu_fd_sc_mcu7t5v0/lib/gf180mcu_fd_sc_mcu7t5v0__ss_125C_4v50.lib'…
[WARNING STA-1140] /home/sahana/.ciel/gf180mcuD/libs.ref/gf180mcu_fd_sc_mcu7t5v0/lib/gf180mcu_fd_sc_mcu7t5v0__ss_125C_4v50.lib line 17, library gf180mcu_fd_sc_mcu7t5v0__ss_125C_4v50 already exists.
Reading OpenROAD database at '/home/sahana/core5_udma/hardening/uart_tx/runs/RUN_2026-07-25_16-50-47/28-openroad-globalplacement/udma_uart_tx.odb'…
Reading design constraints file at '/nix/store/ffl2vg3m80k0p74pyffnmai83fnv38mf-python3-3.13.9-env/lib/python3.13/site-packages/librelane/scripts/base.sdc'…
[INFO] Using clock clk_i…
[INFO] Setting output delay to: 4
[INFO] Setting input delay to: 4
[INFO] Setting load to: 0.07291
[INFO] Setting clock uncertainty to: 0.25
[INFO] Setting clock transition to: 0.1499999999999999944488848768742172978818416595458984375
[INFO] Setting timing derate to: 5%
[INFO RSZ-0027] Inserted 31 gf180mcu_fd_sc_mcu7t5v0__dlyb_1 input buffers.
[INFO RSZ-0028] Inserted 3 gf180mcu_fd_sc_mcu7t5v0__dlyb_1 output buffers.
+ repair_design -verbose -max_wire_length 0 -slew_margin 20 -cap_margin 20
Iteration |   Area    | Resized | Buffers | Nets repaired | Remaining
---------------------------------------------------------------------
        0 |     +0.0% |       0 |       0 |             0 |       238
       10 |     +0.0% |       0 |       0 |             0 |       228
       20 |     +0.0% |       0 |       0 |             0 |       218
       30 |     +0.0% |       0 |       0 |             0 |       208
       40 |     +0.5% |       0 |       1 |             1 |       198
       50 |     +1.6% |       0 |       3 |             2 |       188
       60 |     +1.6% |       0 |       3 |             2 |       178
       70 |     +1.8% |       0 |       4 |             3 |       168
       80 |     +1.8% |       0 |       4 |             3 |       158
       90 |     +2.3% |       0 |       6 |             5 |       148
      100 |     +2.8% |       0 |       7 |             6 |       138
      110 |     +2.8% |       0 |       7 |             6 |       128
      120 |     +2.8% |       0 |       7 |             6 |       118
      130 |     +2.8% |       0 |       7 |             6 |       108
      140 |     +3.0% |       0 |       8 |             7 |        98
      150 |     +3.0% |       0 |       8 |             7 |        88
      160 |     +3.0% |       0 |       8 |             7 |        78
      170 |     +3.0% |       0 |       8 |             7 |        68
      180 |     +3.0% |       0 |       8 |             7 |        58
      190 |     +3.0% |       0 |       8 |             7 |        48
      200 |     +5.2% |       0 |      12 |             8 |        38
      210 |     +5.2% |       0 |      12 |             8 |        28
      220 |     +5.2% |       0 |      12 |             8 |        18
      230 |     +5.2% |       0 |      12 |             8 |         8
    final |     +5.2% |       0 |      12 |             8 |         0
---------------------------------------------------------------------
[INFO RSZ-0034] Found 8 slew violations.
[INFO RSZ-0035] Found 2 fanout violations.
[INFO RSZ-0038] Inserted 12 buffers in 8 nets.
[WARNING RSZ-0020] found 2 floating nets.
 VDD
 VSS
+ detailed_placement -max_displacement  500 100 
Placement Analysis
---------------------------------
total displacement       1421.6 u
average displacement        3.7 u
max displacement           27.4 u
original HPWL            5259.5 u
legalized HPWL           6087.1 u
delta HPWL                   16 %

[INFO DPL-0020] Mirrored 82 instances
[INFO DPL-0021] HPWL before            6087.1 u
[INFO DPL-0022] HPWL after             5809.2 u
[INFO DPL-0023] HPWL delta               -4.6 %
Setting global connections for newly added cells…
[INFO] Setting global connections...
[INFO ODB-0403] 184 connections made, 0 conflicts skipped.
Updating metrics…
Cell type report:                       Count       Area
  Endcap cell                              66     289.77
  Tap cell                                105     460.99
  Timing Repair Buffer                     46    1527.86
  Inverter                                 11      96.59
  Sequential cell                          32    2423.50
  Multi-Input combinational cell          129    2658.39
  Total                                   389    7457.09
Writing OpenROAD database to '/home/sahana/core5_udma/hardening/uart_tx/runs/RUN_2026-07-25_16-50-47/32-openroad-repairdesignpostgpl/udma_uart_tx.odb'…
Writing netlist to '/home/sahana/core5_udma/hardening/uart_tx/runs/RUN_2026-07-25_16-50-47/32-openroad-repairdesignpostgpl/udma_uart_tx.nl.v'…
Writing powered netlist to '/home/sahana/core5_udma/hardening/uart_tx/runs/RUN_2026-07-25_16-50-47/32-openroad-repairdesignpostgpl/udma_uart_tx.pnl.v'…
Writing layout to '/home/sahana/core5_udma/hardening/uart_tx/runs/RUN_2026-07-25_16-50-47/32-openroad-repairdesignpostgpl/udma_uart_tx.def'…
Writing timing constraints to '/home/sahana/core5_udma/hardening/uart_tx/runs/RUN_2026-07-25_16-50-47/32-openroad-repairdesignpostgpl/udma_uart_tx.sdc'…
