Clock: sys_clk
Sources: sys_clk_i 
Generated: no
Virtual: yes
Propagated: no
Period: 20.000000

===========================================================================
report_clock_properties
============================================================================
Clock                   Period          Waveform
----------------------------------------------------
sys_clk              20.000000    0.000000 10.000000

===========================================================================
report_clock_latency
============================================================================
Clock sys_clk
rise -> rise
    min     max
0.000000 0.000000 source latency
1.303069         network latency _1808_/CLK
        1.375826 network latency _1939_/CLK
---------------
1.303069 1.375826 latency
        0.072757 skew

fall -> fall
    min     max
0.000000 0.000000 source latency
1.273239         network latency _1808_/CLK
        1.352984 network latency _1939_/CLK
---------------
1.273239 1.352984 latency
        0.079745 skew



===========================================================================
report_clock_min_period
============================================================================
sys_clk period_min = 6.59 fmax = 151.85
Clock: periph_clk
Sources: periph_clk_i 
Generated: no
Virtual: yes
Propagated: no
Period: 20.000000

===========================================================================
report_clock_properties
============================================================================
Clock                   Period          Waveform
----------------------------------------------------
periph_clk           20.000000    0.000000 10.000000

===========================================================================
report_clock_latency
============================================================================
Clock periph_clk
rise -> rise
    min     max
0.000000 0.000000 source latency
1.270603         network latency _1998_/CLK
        1.301810 network latency _2077_/CLK
---------------
1.270603 1.301810 latency
        0.031206 skew

fall -> fall
    min     max
0.000000 0.000000 source latency
1.244864         network latency _1998_/CLK
        1.279613 network latency _2077_/CLK
---------------
1.244864 1.279613 latency
        0.034749 skew



===========================================================================
report_clock_min_period
============================================================================
periph_clk period_min = 10.33 fmax = 96.78
