
===========================================================================
report_checks -unconstrained
===========================================================================
======================= max_ss_125C_4v50 Corner ===================================

Startpoint: _2030_ (rising edge-triggered flip-flop clocked by sys_clk)
Endpoint: _2067_ (recovery check against rising-edge clock sys_clk)
Path Group: asynchronous
Path Type: max

Fanout         Cap        Slew       Delay        Time   Description
---------------------------------------------------------------------------------------------
                                  0.000000    0.000000   clock sys_clk (rise edge)
                                  0.000000    0.000000   clock source latency
     1    0.057860    0.452053    0.233819    0.233819 ^ sys_clk_i (in)
                                                         sys_clk_i (net)
                      0.452099    0.000000    0.233819 ^ clkbuf_0_sys_clk_i/I (gf180mcu_fd_sc_mcu7t5v0__clkbuf_16)
    16    0.290894    0.570538    0.744664    0.978484 ^ clkbuf_0_sys_clk_i/Z (gf180mcu_fd_sc_mcu7t5v0__clkbuf_16)
                                                         clknet_0_sys_clk_i (net)
                      0.571663    0.011961    0.990445 ^ clkbuf_4_7_0_sys_clk_i/I (gf180mcu_fd_sc_mcu7t5v0__clkbuf_8)
     2    0.050510    0.279010    0.574581    1.565026 ^ clkbuf_4_7_0_sys_clk_i/Z (gf180mcu_fd_sc_mcu7t5v0__clkbuf_8)
                                                         clknet_4_7_0_sys_clk_i (net)
                      0.279010    0.001042    1.566068 ^ clkbuf_5_14__f_sys_clk_i/I (gf180mcu_fd_sc_mcu7t5v0__clkbuf_16)
     6    0.045559    0.198300    0.456503    2.022571 ^ clkbuf_5_14__f_sys_clk_i/Z (gf180mcu_fd_sc_mcu7t5v0__clkbuf_16)
                                                         clknet_5_14__leaf_sys_clk_i (net)
                      0.198302    0.001166    2.023736 ^ _2030_/CLK (gf180mcu_fd_sc_mcu7t5v0__dffrnq_1)
     2    0.028744    0.540195    1.557106    3.580843 v _2030_/Q (gf180mcu_fd_sc_mcu7t5v0__dffrnq_1)
                                                         s_uart_rx_clean_fifo (net)
                      0.540203    0.001356    3.582199 v _0923_/A2 (gf180mcu_fd_sc_mcu7t5v0__nor2_1)
     2    0.019216    1.218943    0.853562    4.435760 ^ _0923_/ZN (gf180mcu_fd_sc_mcu7t5v0__nor2_1)
                                                         u_dc_fifo_rx.dst_rstn_i (net)
                      1.218943    0.000048    4.435808 ^ fanout281/I (gf180mcu_fd_sc_mcu7t5v0__dlyb_1)
     8    0.080961    2.292351    2.965404    7.401212 ^ fanout281/Z (gf180mcu_fd_sc_mcu7t5v0__dlyb_1)
                                                         net281 (net)
                      2.292383    0.004873    7.406086 ^ fanout279/I (gf180mcu_fd_sc_mcu7t5v0__dlyb_1)
    10    0.103495    2.901101    3.297720   10.703806 ^ fanout279/Z (gf180mcu_fd_sc_mcu7t5v0__dlyb_1)
                                                         net279 (net)
                      2.901127    0.004832   10.708638 ^ _2067_/SETN (gf180mcu_fd_sc_mcu7t5v0__dffsnq_1)
                                             10.708638   data arrival time

                                 20.000000   20.000000   clock sys_clk (rise edge)
                                  0.000000   20.000000   clock source latency
     1    0.057860    0.452053    0.233820   20.233820 ^ sys_clk_i (in)
                                                         sys_clk_i (net)
                      0.452099    0.000000   20.233820 ^ clkbuf_0_sys_clk_i/I (gf180mcu_fd_sc_mcu7t5v0__clkbuf_16)
    16    0.290894    0.570538    0.744663   20.978483 ^ clkbuf_0_sys_clk_i/Z (gf180mcu_fd_sc_mcu7t5v0__clkbuf_16)
                                                         clknet_0_sys_clk_i (net)
                      0.571536    0.010989   20.989471 ^ clkbuf_4_4_0_sys_clk_i/I (gf180mcu_fd_sc_mcu7t5v0__clkbuf_8)
     2    0.048196    0.272275    0.569345   21.558817 ^ clkbuf_4_4_0_sys_clk_i/Z (gf180mcu_fd_sc_mcu7t5v0__clkbuf_8)
                                                         clknet_4_4_0_sys_clk_i (net)
                      0.272275    0.000636   21.559454 ^ clkbuf_5_8__f_sys_clk_i/I (gf180mcu_fd_sc_mcu7t5v0__clkbuf_16)
     6    0.028743    0.172929    0.435303   21.994757 ^ clkbuf_5_8__f_sys_clk_i/Z (gf180mcu_fd_sc_mcu7t5v0__clkbuf_16)
                                                         clknet_5_8__leaf_sys_clk_i (net)
                      0.172929    0.000089   21.994846 ^ _2067_/CLK (gf180mcu_fd_sc_mcu7t5v0__dffsnq_1)
                                 -0.250000   21.744846   clock uncertainty
                                  0.000000   21.744846   clock reconvergence pessimism
                                 -0.522989   21.221859   library recovery time
                                             21.221859   data required time
---------------------------------------------------------------------------------------------
                                             21.221859   data required time
                                            -10.708638   data arrival time
---------------------------------------------------------------------------------------------
                                             10.513221   slack (MET)


Startpoint: _2019_ (rising edge-triggered flip-flop clocked by periph_clk)
Endpoint: _2010_ (rising edge-triggered flip-flop clocked by periph_clk)
Path Group: periph_clk
Path Type: max

Fanout         Cap        Slew       Delay        Time   Description
---------------------------------------------------------------------------------------------
                                  0.000000    0.000000   clock periph_clk (rise edge)
                                  0.000000    0.000000   clock source latency
     1    0.053878    0.425470    0.217334    0.217334 ^ periph_clk_i (in)
                                                         periph_clk_i (net)
                      0.425487    0.000000    0.217334 ^ clkbuf_0_periph_clk_i/I (gf180mcu_fd_sc_mcu7t5v0__clkbuf_16)
    16    0.260571    0.529731    0.718048    0.935382 ^ clkbuf_0_periph_clk_i/Z (gf180mcu_fd_sc_mcu7t5v0__clkbuf_16)
                                                         clknet_0_periph_clk_i (net)
                      0.529762    0.005944    0.941326 ^ clkbuf_4_3_0_periph_clk_i/I (gf180mcu_fd_sc_mcu7t5v0__clkbuf_8)
     2    0.047580    0.269699    0.558783    1.500109 ^ clkbuf_4_3_0_periph_clk_i/Z (gf180mcu_fd_sc_mcu7t5v0__clkbuf_8)
                                                         clknet_4_3_0_periph_clk_i (net)
                      0.269700    0.000866    1.500975 ^ clkbuf_5_7__f_periph_clk_i/I (gf180mcu_fd_sc_mcu7t5v0__clkbuf_16)
     5    0.027567    0.170695    0.433129    1.934103 ^ clkbuf_5_7__f_periph_clk_i/Z (gf180mcu_fd_sc_mcu7t5v0__clkbuf_16)
                                                         clknet_5_7__leaf_periph_clk_i (net)
                      0.170695    0.000341    1.934444 ^ _2019_/CLK (gf180mcu_fd_sc_mcu7t5v0__dffrnq_1)
     3    0.020141    0.700205    1.949727    3.884171 ^ _2019_/Q (gf180mcu_fd_sc_mcu7t5v0__dffrnq_1)
                                                         r_uart_en_rx_sync[2] (net)
                      0.700205    0.000317    3.884487 ^ _0911_/I (gf180mcu_fd_sc_mcu7t5v0__clkinv_1)
     5    0.035714    1.030126    0.807044    4.691531 v _0911_/ZN (gf180mcu_fd_sc_mcu7t5v0__clkinv_1)
                                                         _0706_ (net)
                      1.030126    0.000417    4.691948 v _1739_/B2 (gf180mcu_fd_sc_mcu7t5v0__aoi22_1)
     1    0.006460    0.856336    0.797066    5.489014 ^ _1739_/ZN (gf180mcu_fd_sc_mcu7t5v0__aoi22_1)
                                                         _0642_ (net)
                      0.856336    0.000151    5.489164 ^ fanout261/I (gf180mcu_fd_sc_mcu7t5v0__dlyb_1)
     7    0.077019    2.186605    2.895795    8.384959 ^ fanout261/Z (gf180mcu_fd_sc_mcu7t5v0__dlyb_1)
                                                         net261 (net)
                      2.186614    0.002539    8.387499 ^ fanout260/I (gf180mcu_fd_sc_mcu7t5v0__dlyb_1)
     9    0.102581    2.876334    3.287948   11.675447 ^ fanout260/Z (gf180mcu_fd_sc_mcu7t5v0__dlyb_1)
                                                         net260 (net)
                      2.876361    0.004930   11.680377 ^ fanout259/I (gf180mcu_fd_sc_mcu7t5v0__dlyb_1)
     7    0.056498    1.632884    2.545559   14.225936 ^ fanout259/Z (gf180mcu_fd_sc_mcu7t5v0__dlyb_1)
                                                         net259 (net)
                      1.632893    0.002138   14.228074 ^ fanout258/I (gf180mcu_fd_sc_mcu7t5v0__dlyb_1)
    10    0.078077    2.214129    2.922390   17.150465 ^ fanout258/Z (gf180mcu_fd_sc_mcu7t5v0__dlyb_1)
                                                         net258 (net)
                      2.214129    0.001846   17.152309 ^ _1760_/A2 (gf180mcu_fd_sc_mcu7t5v0__nor2_1)
     1    0.013176    0.864457    0.583650   17.735960 v _1760_/ZN (gf180mcu_fd_sc_mcu7t5v0__nor2_1)
                                                         _0650_ (net)
                      0.864457    0.000346   17.736307 v _1761_/B (gf180mcu_fd_sc_mcu7t5v0__aoi21_1)
     1    0.004341    0.671550    0.589059   18.325367 ^ _1761_/ZN (gf180mcu_fd_sc_mcu7t5v0__aoi21_1)
                                                         _0284_ (net)
                      0.671550    0.000083   18.325451 ^ _2010_/D (gf180mcu_fd_sc_mcu7t5v0__dffrnq_1)
                                             18.325451   data arrival time

                                 20.000000   20.000000   clock periph_clk (rise edge)
                                  0.000000   20.000000   clock source latency
     1    0.053878    0.425470    0.217334   20.217335 ^ periph_clk_i (in)
                                                         periph_clk_i (net)
                      0.425487    0.000000   20.217335 ^ clkbuf_0_periph_clk_i/I (gf180mcu_fd_sc_mcu7t5v0__clkbuf_16)
    16    0.260571    0.529731    0.718048   20.935383 ^ clkbuf_0_periph_clk_i/Z (gf180mcu_fd_sc_mcu7t5v0__clkbuf_16)
                                                         clknet_0_periph_clk_i (net)
                      0.529775    0.006610   20.941992 ^ clkbuf_4_14_0_periph_clk_i/I (gf180mcu_fd_sc_mcu7t5v0__clkbuf_8)
     2    0.048911    0.273749    0.562221   21.504211 ^ clkbuf_4_14_0_periph_clk_i/Z (gf180mcu_fd_sc_mcu7t5v0__clkbuf_8)
                                                         clknet_4_14_0_periph_clk_i (net)
                      0.273749    0.000256   21.504469 ^ clkbuf_5_28__f_periph_clk_i/I (gf180mcu_fd_sc_mcu7t5v0__clkbuf_16)
     5    0.032871    0.179183    0.440464   21.944931 ^ clkbuf_5_28__f_periph_clk_i/Z (gf180mcu_fd_sc_mcu7t5v0__clkbuf_16)
                                                         clknet_5_28__leaf_periph_clk_i (net)
                      0.179183    0.000504   21.945436 ^ _2010_/CLK (gf180mcu_fd_sc_mcu7t5v0__dffrnq_1)
                                 -0.250000   21.695436   clock uncertainty
                                  0.000000   21.695436   clock reconvergence pessimism
                                 -0.686286   21.009151   library setup time
                                             21.009151   data required time
---------------------------------------------------------------------------------------------
                                             21.009151   data required time
                                            -18.325451   data arrival time
---------------------------------------------------------------------------------------------
                                              2.683701   slack (MET)


Startpoint: cfg_rwn_i (input port clocked by sys_clk)
Endpoint: cfg_data_o[0] (output port clocked by sys_clk)
Path Group: sys_clk
Path Type: max

Fanout         Cap        Slew       Delay        Time   Description
---------------------------------------------------------------------------------------------
                                  0.000000    0.000000   clock sys_clk (rise edge)
                                  0.000000    0.000000   clock network delay (propagated)
                                  4.000000    4.000000 ^ input external delay
     1    0.013614    0.457214    0.215716    4.215716 ^ cfg_rwn_i (in)
                                                         cfg_rwn_i (net)
                      0.457214    0.000000    4.215716 ^ input38/I (gf180mcu_fd_sc_mcu7t5v0__dlyb_1)
     8    0.065650    1.877561    2.687635    6.903351 ^ input38/Z (gf180mcu_fd_sc_mcu7t5v0__dlyb_1)
                                                         net38 (net)
                      1.877602    0.004906    6.908257 ^ _1206_/A1 (gf180mcu_fd_sc_mcu7t5v0__nand3_1)
     3    0.013763    0.966007    0.682273    7.590530 v _1206_/ZN (gf180mcu_fd_sc_mcu7t5v0__nand3_1)
                                                         _0352_ (net)
                      0.966007    0.000172    7.590703 v _1210_/A2 (gf180mcu_fd_sc_mcu7t5v0__or2_1)
     3    0.020530    0.545802    1.158615    8.749317 v _1210_/Z (gf180mcu_fd_sc_mcu7t5v0__or2_1)
                                                         _0356_ (net)
                      0.545802    0.000432    8.749749 v _1214_/A4 (gf180mcu_fd_sc_mcu7t5v0__nor4_1)
     2    0.043811    5.113730    3.227996   11.977744 ^ _1214_/ZN (gf180mcu_fd_sc_mcu7t5v0__nor4_1)
                                                         _0360_ (net)
                      5.113730    0.001966   11.979710 ^ fanout268/I (gf180mcu_fd_sc_mcu7t5v0__dlyb_1)
    10    0.128475    3.575686    3.514653   15.494364 ^ fanout268/Z (gf180mcu_fd_sc_mcu7t5v0__dlyb_1)
                                                         net268 (net)
                      3.575686    0.001224   15.495587 ^ _1223_/B1 (gf180mcu_fd_sc_mcu7t5v0__aoi222_1)
     1    0.021079    1.678923    0.978263   16.473850 v _1223_/ZN (gf180mcu_fd_sc_mcu7t5v0__aoi222_1)
                                                         _0369_ (net)
                      1.678923    0.001029   16.474878 v _1229_/A1 (gf180mcu_fd_sc_mcu7t5v0__nand3_1)
     1    0.007016    0.673947    0.686097   17.160975 ^ _1229_/ZN (gf180mcu_fd_sc_mcu7t5v0__nand3_1)
                                                         net113 (net)
                      0.673947    0.000174   17.161150 ^ output113/I (gf180mcu_fd_sc_mcu7t5v0__dlya_1)
     1    0.080745    2.274930    2.000027   19.161177 ^ output113/Z (gf180mcu_fd_sc_mcu7t5v0__dlya_1)
                                                         cfg_data_o[0] (net)
                      2.274930    0.001869   19.163046 ^ cfg_data_o[0] (out)
                                             19.163046   data arrival time

                                 20.000000   20.000000   clock sys_clk (rise edge)
                                  0.000000   20.000000   clock network delay (propagated)
                                 -0.250000   19.750002   clock uncertainty
                                  0.000000   19.750002   clock reconvergence pessimism
                                 -4.000000   15.750001   output external delay
                                             15.750001   data required time
---------------------------------------------------------------------------------------------
                                             15.750001   data required time
                                            -19.163046   data arrival time
---------------------------------------------------------------------------------------------
                                             -3.413044   slack (VIOLATED)




===========================================================================
report_checks --slack_max -0.01
============================================================================
======================= max_ss_125C_4v50 Corner ===================================

Startpoint: cfg_rwn_i (input port clocked by sys_clk)
Endpoint: cfg_data_o[0] (output port clocked by sys_clk)
Path Group: sys_clk
Path Type: max

Fanout         Cap        Slew       Delay        Time   Description
---------------------------------------------------------------------------------------------
                                  0.000000    0.000000   clock sys_clk (rise edge)
                                  0.000000    0.000000   clock network delay (propagated)
                                  4.000000    4.000000 ^ input external delay
     1    0.013614    0.457214    0.215716    4.215716 ^ cfg_rwn_i (in)
                                                         cfg_rwn_i (net)
                      0.457214    0.000000    4.215716 ^ input38/I (gf180mcu_fd_sc_mcu7t5v0__dlyb_1)
     8    0.065650    1.877561    2.687635    6.903351 ^ input38/Z (gf180mcu_fd_sc_mcu7t5v0__dlyb_1)
                                                         net38 (net)
                      1.877602    0.004906    6.908257 ^ _1206_/A1 (gf180mcu_fd_sc_mcu7t5v0__nand3_1)
     3    0.013763    0.966007    0.682273    7.590530 v _1206_/ZN (gf180mcu_fd_sc_mcu7t5v0__nand3_1)
                                                         _0352_ (net)
                      0.966007    0.000172    7.590703 v _1210_/A2 (gf180mcu_fd_sc_mcu7t5v0__or2_1)
     3    0.020530    0.545802    1.158615    8.749317 v _1210_/Z (gf180mcu_fd_sc_mcu7t5v0__or2_1)
                                                         _0356_ (net)
                      0.545802    0.000432    8.749749 v _1214_/A4 (gf180mcu_fd_sc_mcu7t5v0__nor4_1)
     2    0.043811    5.113730    3.227996   11.977744 ^ _1214_/ZN (gf180mcu_fd_sc_mcu7t5v0__nor4_1)
                                                         _0360_ (net)
                      5.113730    0.001966   11.979710 ^ fanout268/I (gf180mcu_fd_sc_mcu7t5v0__dlyb_1)
    10    0.128475    3.575686    3.514653   15.494364 ^ fanout268/Z (gf180mcu_fd_sc_mcu7t5v0__dlyb_1)
                                                         net268 (net)
                      3.575686    0.001224   15.495587 ^ _1223_/B1 (gf180mcu_fd_sc_mcu7t5v0__aoi222_1)
     1    0.021079    1.678923    0.978263   16.473850 v _1223_/ZN (gf180mcu_fd_sc_mcu7t5v0__aoi222_1)
                                                         _0369_ (net)
                      1.678923    0.001029   16.474878 v _1229_/A1 (gf180mcu_fd_sc_mcu7t5v0__nand3_1)
     1    0.007016    0.673947    0.686097   17.160975 ^ _1229_/ZN (gf180mcu_fd_sc_mcu7t5v0__nand3_1)
                                                         net113 (net)
                      0.673947    0.000174   17.161150 ^ output113/I (gf180mcu_fd_sc_mcu7t5v0__dlya_1)
     1    0.080745    2.274930    2.000027   19.161177 ^ output113/Z (gf180mcu_fd_sc_mcu7t5v0__dlya_1)
                                                         cfg_data_o[0] (net)
                      2.274930    0.001869   19.163046 ^ cfg_data_o[0] (out)
                                             19.163046   data arrival time

                                 20.000000   20.000000   clock sys_clk (rise edge)
                                  0.000000   20.000000   clock network delay (propagated)
                                 -0.250000   19.750002   clock uncertainty
                                  0.000000   19.750002   clock reconvergence pessimism
                                 -4.000000   15.750001   output external delay
                                             15.750001   data required time
---------------------------------------------------------------------------------------------
                                             15.750001   data required time
                                            -19.163046   data arrival time
---------------------------------------------------------------------------------------------
                                             -3.413044   slack (VIOLATED)




===========================================================================
 report_check_types -max_slew -max_cap -max_fanout -violators
============================================================================
======================= max_ss_125C_4v50 Corner ===================================

max slew

Pin                                        Limit        Slew       Slack
------------------------------------------------------------------------
_1214_/ZN                               3.000000    5.113730   -2.113731 (VIOLATED)
fanout268/I                             3.000000    5.113730   -2.113731 (VIOLATED)
wire269/I                               3.000000    5.113730   -2.113731 (VIOLATED)
_1562_/S                                3.000000    4.845159   -1.845159 (VIOLATED)
_1561_/S                                3.000000    4.845150   -1.845151 (VIOLATED)
_1565_/S                                3.000000    4.845143   -1.845144 (VIOLATED)
_1566_/S                                3.000000    4.845130   -1.845130 (VIOLATED)
_1563_/S                                3.000000    4.845118   -1.845118 (VIOLATED)
_1558_/S                                3.000000    4.845089   -1.845089 (VIOLATED)
_1564_/S                                3.000000    4.845060   -1.845060 (VIOLATED)
_1551_/S                                3.000000    4.845033   -1.845033 (VIOLATED)
_1553_/S                                3.000000    4.844990   -1.844990 (VIOLATED)
_1552_/S                                3.000000    4.844975   -1.844974 (VIOLATED)
fanout243/Z                             3.000000    4.844975   -1.844974 (VIOLATED)
_1209_/ZN                               3.000000    4.757386   -1.757386 (VIOLATED)
_1227_/A2                               3.000000    4.757386   -1.757386 (VIOLATED)
_1241_/A2                               3.000000    4.757386   -1.757386 (VIOLATED)
_1248_/A2                               3.000000    4.757386   -1.757386 (VIOLATED)
_1514_/S                                3.000000    4.482786   -1.482786 (VIOLATED)
_1516_/S                                3.000000    4.482784   -1.482784 (VIOLATED)
_1515_/S                                3.000000    4.482777   -1.482777 (VIOLATED)
_1512_/S                                3.000000    4.482762   -1.482762 (VIOLATED)
_1505_/S                                3.000000    4.482756   -1.482756 (VIOLATED)
_1510_/S                                3.000000    4.482755   -1.482755 (VIOLATED)
_1506_/S                                3.000000    4.482741   -1.482741 (VIOLATED)
_1507_/S                                3.000000    4.482741   -1.482741 (VIOLATED)
_1508_/S                                3.000000    4.482741   -1.482741 (VIOLATED)
_1509_/S                                3.000000    4.482741   -1.482741 (VIOLATED)
fanout234/Z                             3.000000    4.482741   -1.482741 (VIOLATED)
_1527_/S                                3.000000    4.189125   -1.189125 (VIOLATED)
_1529_/S                                3.000000    4.189122   -1.189122 (VIOLATED)
_1528_/S                                3.000000    4.189116   -1.189116 (VIOLATED)
_1532_/S                                3.000000    4.189110   -1.189111 (VIOLATED)
_1533_/S                                3.000000    4.189105   -1.189105 (VIOLATED)
_1530_/S                                3.000000    4.189085   -1.189085 (VIOLATED)
_1531_/S                                3.000000    4.189060   -1.189060 (VIOLATED)
_1525_/S                                3.000000    4.189052   -1.189052 (VIOLATED)
_1518_/S                                3.000000    4.189026   -1.189027 (VIOLATED)
_1519_/S                                3.000000    4.189026   -1.189027 (VIOLATED)
fanout232/Z                             3.000000    4.189026   -1.189027 (VIOLATED)
_1538_/S                                3.000000    3.950482   -0.950482 (VIOLATED)
_1549_/S                                3.000000    3.950483   -0.950483 (VIOLATED)
_1540_/S                                3.000000    3.950481   -0.950481 (VIOLATED)
_1548_/S                                3.000000    3.950480   -0.950481 (VIOLATED)
_1542_/A2                               3.000000    3.950476   -0.950477 (VIOLATED)
_1545_/S                                3.000000    3.950472   -0.950472 (VIOLATED)
_1537_/S                                3.000000    3.950469   -0.950469 (VIOLATED)
_1546_/S                                3.000000    3.950465   -0.950465 (VIOLATED)
_1539_/S                                3.000000    3.950441   -0.950441 (VIOLATED)
_1541_/S                                3.000000    3.950441   -0.950441 (VIOLATED)
fanout245/Z                             3.000000    3.950441   -0.950441 (VIOLATED)
_1278_/ZN                               3.000000    3.600798   -0.600798 (VIOLATED)
_1279_/S                                3.000000    3.600798   -0.600798 (VIOLATED)
_1280_/S                                3.000000    3.600798   -0.600798 (VIOLATED)
_1284_/S                                3.000000    3.600798   -0.600798 (VIOLATED)
load_slew225/I                          3.000000    3.600798   -0.600798 (VIOLATED)
_1238_/B1                               3.000000    3.575728   -0.575728 (VIOLATED)
_1235_/A2                               3.000000    3.575724   -0.575724 (VIOLATED)
_1253_/B1                               3.000000    3.575722   -0.575722 (VIOLATED)
_1233_/A2                               3.000000    3.575721   -0.575721 (VIOLATED)
_1247_/A2                               3.000000    3.575718   -0.575718 (VIOLATED)
_1244_/B1                               3.000000    3.575715   -0.575715 (VIOLATED)
_1223_/B1                               3.000000    3.575686   -0.575686 (VIOLATED)
_1256_/B1                               3.000000    3.575686   -0.575686 (VIOLATED)
_1259_/B1                               3.000000    3.575686   -0.575686 (VIOLATED)
_1262_/B1                               3.000000    3.575686   -0.575686 (VIOLATED)
fanout268/Z                             3.000000    3.575686   -0.575686 (VIOLATED)
_1264_/B1                               3.000000    3.388545   -0.388545 (VIOLATED)
_1267_/B1                               3.000000    3.388545   -0.388545 (VIOLATED)
_1218_/ZN                               3.000000    3.388523   -0.388523 (VIOLATED)
fanout263/I                             3.000000    3.388523   -0.388523 (VIOLATED)
_1961_/RN                               3.000000    3.326896   -0.326896 (VIOLATED)
_1959_/RN                               3.000000    3.326894   -0.326894 (VIOLATED)
_1963_/RN                               3.000000    3.326891   -0.326891 (VIOLATED)
_1960_/RN                               3.000000    3.326889   -0.326889 (VIOLATED)
_1971_/SETN                             3.000000    3.326880   -0.326880 (VIOLATED)
_1970_/SETN                             3.000000    3.326870   -0.326871 (VIOLATED)
_2096_/RN                               3.000000    3.326848   -0.326848 (VIOLATED)
fanout301/I                             3.000000    3.326848   -0.326848 (VIOLATED)
fanout302/I                             3.000000    3.326848   -0.326848 (VIOLATED)
fanout303/I                             3.000000    3.326848   -0.326848 (VIOLATED)
fanout304/Z                             3.000000    3.326848   -0.326848 (VIOLATED)
_1232_/ZN                               3.000000    3.296815   -0.296815 (VIOLATED)
_1234_/A2                               3.000000    3.296815   -0.296815 (VIOLATED)
_1772_/RN                               3.000000    3.292096   -0.292096 (VIOLATED)
_1773_/RN                               3.000000    3.292096   -0.292096 (VIOLATED)
_1774_/RN                               3.000000    3.292096   -0.292096 (VIOLATED)
_1780_/RN                               3.000000    3.292096   -0.292096 (VIOLATED)
_1781_/RN                               3.000000    3.292096   -0.292096 (VIOLATED)
_1782_/RN                               3.000000    3.292096   -0.292096 (VIOLATED)
_1788_/RN                               3.000000    3.292096   -0.292096 (VIOLATED)
_1790_/RN                               3.000000    3.292096   -0.292096 (VIOLATED)
_1791_/RN                               3.000000    3.292096   -0.292096 (VIOLATED)
_1798_/RN                               3.000000    3.292096   -0.292096 (VIOLATED)
fanout283/Z                             3.000000    3.292096   -0.292096 (VIOLATED)
_1197_/S1                               3.000000    3.224020   -0.224020 (VIOLATED)
_1198_/S1                               3.000000    3.224014   -0.224014 (VIOLATED)
_1201_/S1                               3.000000    3.224006   -0.224007 (VIOLATED)
_1202_/S1                               3.000000    3.223997   -0.223997 (VIOLATED)
_1195_/S1                               3.000000    3.223984   -0.223984 (VIOLATED)
_1199_/S1                               3.000000    3.223965   -0.223966 (VIOLATED)
_1200_/S1                               3.000000    3.223965   -0.223965 (VIOLATED)
_1196_/S1                               3.000000    3.223950   -0.223950 (VIOLATED)
_1011_/ZN                               3.000000    3.223938   -0.223939 (VIOLATED)
_1015_/A2                               3.000000    3.223938   -0.223939 (VIOLATED)
_1274_/A2                               3.000000    3.173868   -0.173868 (VIOLATED)
_1255_/A2                               3.000000    3.173868   -0.173868 (VIOLATED)
_1276_/A2                               3.000000    3.173863   -0.173863 (VIOLATED)
fanout266/I                             3.000000    3.173862   -0.173862 (VIOLATED)
_1232_/B1                               3.000000    3.173841   -0.173841 (VIOLATED)
_1258_/A2                               3.000000    3.173841   -0.173841 (VIOLATED)
_1261_/A2                               3.000000    3.173841   -0.173841 (VIOLATED)
fanout267/Z                             3.000000    3.173841   -0.173841 (VIOLATED)
_1287_/ZN                               3.000000    3.168777   -0.168777 (VIOLATED)
_1288_/A2                               3.000000    3.168777   -0.168777 (VIOLATED)
_1294_/A2                               3.000000    3.168777   -0.168777 (VIOLATED)
_1297_/A2                               3.000000    3.168777   -0.168777 (VIOLATED)
_1300_/A2                               3.000000    3.168777   -0.168777 (VIOLATED)
_1303_/A2                               3.000000    3.168777   -0.168777 (VIOLATED)
_1306_/A2                               3.000000    3.168777   -0.168777 (VIOLATED)
_1309_/A2                               3.000000    3.168777   -0.168777 (VIOLATED)
_1312_/A2                               3.000000    3.168777   -0.168777 (VIOLATED)
_1239_/A2                               3.000000    3.120747   -0.120747 (VIOLATED)
_1253_/A2                               3.000000    3.120746   -0.120746 (VIOLATED)
_1236_/C1                               3.000000    3.120738   -0.120738 (VIOLATED)
_1249_/B1                               3.000000    3.120733   -0.120734 (VIOLATED)
_1242_/A2                               3.000000    3.120733   -0.120733 (VIOLATED)
_1231_/A2                               3.000000    3.120706   -0.120706 (VIOLATED)
_1225_/B1                               3.000000    3.120694   -0.120694 (VIOLATED)
_1207_/Z                                3.000000    3.120679   -0.120679 (VIOLATED)
_1256_/A2                               3.000000    3.120679   -0.120679 (VIOLATED)
_1348_/A1                               3.000000    3.120679   -0.120679 (VIOLATED)
_1350_/A1                               3.000000    3.120679   -0.120679 (VIOLATED)
_1238_/C1                               3.000000    3.028812   -0.028813 (VIOLATED)
_1235_/C1                               3.000000    3.028806   -0.028807 (VIOLATED)
_1233_/C1                               3.000000    3.028798   -0.028799 (VIOLATED)
_1252_/B1                               3.000000    3.028798   -0.028798 (VIOLATED)
_1244_/C1                               3.000000    3.028795   -0.028795 (VIOLATED)
_1247_/B1                               3.000000    3.028773   -0.028773 (VIOLATED)
_1255_/B1                               3.000000    3.028771   -0.028771 (VIOLATED)
_1226_/A2                               3.000000    3.028720   -0.028720 (VIOLATED)
_1258_/B1                               3.000000    3.028720   -0.028720 (VIOLATED)
_1261_/B1                               3.000000    3.028720   -0.028720 (VIOLATED)
fanout263/Z                             3.000000    3.028720   -0.028720 (VIOLATED)
_1792_/RN                               3.000000    3.003892   -0.003892 (VIOLATED)
_1776_/RN                               3.000000    3.003891   -0.003892 (VIOLATED)
_1784_/RN                               3.000000    3.003889   -0.003889 (VIOLATED)
_2068_/RN                               3.000000    3.003886   -0.003886 (VIOLATED)
_1777_/RN                               3.000000    3.003885   -0.003885 (VIOLATED)
_2069_/RN                               3.000000    3.003884   -0.003884 (VIOLATED)
_1793_/RN                               3.000000    3.003884   -0.003884 (VIOLATED)
_1801_/RN                               3.000000    3.003883   -0.003883 (VIOLATED)
_1770_/RN                               3.000000    3.003872   -0.003872 (VIOLATED)
_1785_/RN                               3.000000    3.003872   -0.003872 (VIOLATED)
fanout282/Z                             3.000000    3.003872   -0.003872 (VIOLATED)
_2083_/RN                               3.000000    3.002429   -0.002429 (VIOLATED)
_2084_/RN                               3.000000    3.002429   -0.002429 (VIOLATED)
_2085_/RN                               3.000000    3.002427   -0.002427 (VIOLATED)
_2090_/RN                               3.000000    3.002426   -0.002426 (VIOLATED)
_2086_/RN                               3.000000    3.002420   -0.002420 (VIOLATED)
_2087_/RN                               3.000000    3.002420   -0.002420 (VIOLATED)
_1875_/RN                               3.000000    3.002401   -0.002401 (VIOLATED)
_1882_/RN                               3.000000    3.002401   -0.002401 (VIOLATED)
_2000_/RN                               3.000000    3.002401   -0.002401 (VIOLATED)
_2004_/RN                               3.000000    3.002401   -0.002401 (VIOLATED)
fanout322/Z                             3.000000    3.002401   -0.002401 (VIOLATED)

max fanout

Pin                                   Limit Fanout  Slack
---------------------------------------------------------
clkbuf_0_periph_clk_i/Z                  10     16     -6 (VIOLATED)
clkbuf_0_sys_clk_i/Z                     10     16     -6 (VIOLATED)

max capacitance

Pin                                        Limit         Cap       Slack
------------------------------------------------------------------------
clkbuf_0_sys_clk_i/Z                    0.200000    0.290894   -0.090894 (VIOLATED)
clkbuf_0_periph_clk_i/Z                 0.200000    0.260571   -0.060571 (VIOLATED)



===========================================================================
report_parasitic_annotation -report_unannotated
============================================================================
Found 46 unannotated drivers.
 data_tx_i[10]
 data_tx_i[11]
 data_tx_i[12]
 data_tx_i[13]
 data_tx_i[14]
 data_tx_i[15]
 data_tx_i[16]
 data_tx_i[17]
 data_tx_i[18]
 data_tx_i[19]
 data_tx_i[20]
 data_tx_i[21]
 data_tx_i[22]
 data_tx_i[23]
 data_tx_i[24]
 data_tx_i[25]
 data_tx_i[26]
 data_tx_i[27]
 data_tx_i[28]
 data_tx_i[29]
 data_tx_i[30]
 data_tx_i[31]
 data_tx_i[8]
 data_tx_i[9]
 clkload0/Z
 clkload1/Z
 clkload10/Z
 clkload11/Z
 clkload12/Z
 clkload13/Z
 clkload14/Z
 clkload15/Z
 clkload16/Z
 clkload17/Z
 clkload18/Z
 clkload19/Z
 clkload2/Z
 clkload20/Z
 clkload21/Z
 clkload3/Z
 clkload4/Z
 clkload5/Z
 clkload6/Z
 clkload7/Z
 clkload8/Z
 clkload9/Z
Found 0 partially unannotated drivers.

===========================================================================
max slew violation count 166
max fanout violation count 2
max cap violation count 2
============================================================================

===========================================================================
check_setup -verbose -unconstrained_endpoints -multiple_clock -no_clock -no_input_delay -loops -generated_clocks
===========================================================================
Warning: There is 1 input port missing set_input_delay.
  rstn_i
