Clock: sys_clk
Sources: sys_clk_i 
Generated: no
Virtual: yes
Propagated: no
Period: 20.000000

===========================================================================
report_clock_properties
============================================================================
Clock                   Period          Waveform
----------------------------------------------------
sys_clk              20.000000    0.000000 10.000000

===========================================================================
report_clock_latency
============================================================================
Clock sys_clk
rise -> rise
    min     max
0.000000 0.000000 source latency
1.994813         network latency _1808_/CLK
        2.034438 network latency _1888_/CLK
---------------
1.994813 2.034438 latency
        0.039625 skew

fall -> fall
    min     max
0.000000 0.000000 source latency
1.940496         network latency _1808_/CLK
        1.982076 network latency _1895_/CLK
---------------
1.940496 1.982076 latency
        0.041580 skew



===========================================================================
report_clock_min_period
============================================================================
sys_clk period_min = 13.01 fmax = 76.87
Clock: periph_clk
Sources: periph_clk_i 
Generated: no
Virtual: yes
Propagated: no
Period: 20.000000

===========================================================================
report_clock_properties
============================================================================
Clock                   Period          Waveform
----------------------------------------------------
periph_clk           20.000000    0.000000 10.000000

===========================================================================
report_clock_latency
============================================================================
Clock periph_clk
rise -> rise
    min     max
0.000000 0.000000 source latency
1.929268         network latency _2021_/CLK
        1.955581 network latency _1798_/CLK
---------------
1.929268 1.955581 latency
        0.026313 skew

fall -> fall
    min     max
0.000000 0.000000 source latency
1.876588         network latency _2021_/CLK
        1.907426 network latency _1798_/CLK
---------------
1.876588 1.907426 latency
        0.030838 skew



===========================================================================
report_clock_min_period
============================================================================
periph_clk period_min = 17.32 fmax = 57.75
