
===========================================================================
 report_power
============================================================================
======================= max_ss_125C_4v50 Corner ===================================

Group                    Internal    Switching      Leakage        Total
                            Power        Power        Power        Power (Watts)
------------------------------------------------------------------------
Sequential           9.895398e-03 9.191317e-04 4.225083e-07 1.081495e-02  33.3%
Combinational        3.050230e-03 3.030640e-03 8.551993e-07 6.081725e-03  18.7%
Clock                1.124117e-02 4.321433e-03 2.943718e-06 1.556554e-02  47.9%
Macro                0.000000e+00 0.000000e+00 0.000000e+00 0.000000e+00   0.0%
Pad                  0.000000e+00 0.000000e+00 0.000000e+00 0.000000e+00   0.0%
------------------------------------------------------------------------
Total                2.418679e-02 8.271203e-03 4.221414e-06 3.246222e-02 100.0%
                            74.5%        25.5%         0.0%

