Reading timing models for corner nom_tt_025C_5v00…
Reading timing library for the 'nom_tt_025C_5v00' corner at '/home/sahana/.ciel/gf180mcuD/libs.ref/gf180mcu_fd_sc_mcu7t5v0/lib/gf180mcu_fd_sc_mcu7t5v0__tt_025C_5v00.lib'…
Reading OpenROAD database at '/home/sahana/core5_udma/hardening/uart_rx/runs/RUN_2026-07-26_12-38-49/42-openroad-repairantennas/1-openroad-diodeinsertion/udma_uart_rx.odb'…
Reading design constraints file at '/nix/store/ffl2vg3m80k0p74pyffnmai83fnv38mf-python3-3.13.9-env/lib/python3.13/site-packages/librelane/scripts/base.sdc'…
[INFO] Using clock clk_i…
[INFO] Setting output delay to: 4
[INFO] Setting input delay to: 4
[INFO] Setting load to: 0.07291
[INFO] Setting clock uncertainty to: 0.25
[INFO] Setting clock transition to: 0.1499999999999999944488848768742172978818416595458984375
[INFO] Setting timing derate to: 5%
[INFO ORD-0030] Using 16 thread(s).
+ detailed_route -droute_end_iter 64 -or_seed 42 -verbose 1 -output_drc /home/sahana/core5_udma/hardening/uart_rx/runs/RUN_2026-07-26_12-38-49/44-openroad-detailedrouting/drt-run-0/udma_uart_rx.drc
[INFO DRT-0149] Reading tech and libs.
[WARNING DRT-0349] LEF58_ENCLOSURE with no CUTCLASS is not supported. Skipping for layer Via1
[WARNING DRT-0349] LEF58_ENCLOSURE with no CUTCLASS is not supported. Skipping for layer Via1
[WARNING DRT-0349] LEF58_ENCLOSURE with no CUTCLASS is not supported. Skipping for layer Via2
[WARNING DRT-0349] LEF58_ENCLOSURE with no CUTCLASS is not supported. Skipping for layer Via2
[WARNING DRT-0349] LEF58_ENCLOSURE with no CUTCLASS is not supported. Skipping for layer Via3
[WARNING DRT-0349] LEF58_ENCLOSURE with no CUTCLASS is not supported. Skipping for layer Via3
[WARNING DRT-0349] LEF58_ENCLOSURE with no CUTCLASS is not supported. Skipping for layer Via4
[WARNING DRT-0349] LEF58_ENCLOSURE with no CUTCLASS is not supported. Skipping for layer Via4

Units:                2000
Number of layers:     11
Number of macros:     229
Number of vias:       60
Number of viarulegen: 16

[INFO DRT-0150] Reading design.

Design:                   udma_uart_rx
Die area:                 ( 0 0 ) ( 310690 346530 )
Number of track patterns: 10
Number of DEF vias:       0
Number of components:     476
Number of terminals:      40
Number of snets:          2
Number of nets:           293

[INFO DRT-0167] List of default vias:
  Layer Via2
    default via: Via2_VH
  Layer Via3
    default via: Via3_HV
  Layer Via4
    default via: Via4_VH
[INFO DRT-0162] Library cell analysis.
[INFO DRT-0163] Instance analysis.
[INFO DRT-0164] Number of unique instances = 84.
[INFO DRT-0168] Init region query.
[INFO DRT-0024]   Complete Poly2.
[INFO DRT-0024]   Complete CON.
[INFO DRT-0024]   Complete Metal1.
[INFO DRT-0024]   Complete Via1.
[INFO DRT-0024]   Complete Metal2.
[INFO DRT-0024]   Complete Via2.
[INFO DRT-0024]   Complete Metal3.
[INFO DRT-0024]   Complete Via3.
[INFO DRT-0024]   Complete Metal4.
[INFO DRT-0024]   Complete Via4.
[INFO DRT-0024]   Complete Metal5.
[INFO DRT-0033] Poly2 shape region query size = 0.
[INFO DRT-0033] CON shape region query size = 0.
[INFO DRT-0033] Metal1 shape region query size = 7473.
[INFO DRT-0033] Via1 shape region query size = 111.
[INFO DRT-0033] Metal2 shape region query size = 82.
[INFO DRT-0033] Via2 shape region query size = 111.
[INFO DRT-0033] Metal3 shape region query size = 104.
[INFO DRT-0033] Via3 shape region query size = 111.
[INFO DRT-0033] Metal4 shape region query size = 43.
[INFO DRT-0033] Via4 shape region query size = 18.
[INFO DRT-0033] Metal5 shape region query size = 6.
[INFO DRT-0165] Start pin access.
[INFO DRT-0078]   Complete 603 pins.
[INFO DRT-0081]   Complete 80 unique inst patterns.
[INFO DRT-0084]   Complete 210 groups.
#scanned instances     = 476
#unique  instances     = 84
#stdCellGenAp          = 1425
#stdCellValidPlanarAp  = 0
#stdCellValidViaAp     = 1348
#stdCellPinNoAp        = 0
#stdCellPinCnt         = 878
#instTermValidViaApCnt = 0
#macroGenAp            = 0
#macroValidPlanarAp    = 0
#macroValidViaAp       = 0
#macroNoAp             = 0
[INFO DRT-0166] Complete pin access.
[INFO DRT-0267] cpu time = 00:00:32, elapsed time = 00:00:04, memory = 136.77 (MB), peak = 135.59 (MB)

[INFO DRT-0157] Number of guides:     2085

[INFO DRT-0169] Post process guides.
[INFO DRT-0176] GCELLGRID X 0 DO 18 STEP 16800 ;
[INFO DRT-0177] GCELLGRID Y 0 DO 20 STEP 16800 ;
[INFO DRT-0028]   Complete Poly2.
[INFO DRT-0028]   Complete CON.
[INFO DRT-0028]   Complete Metal1.
[INFO DRT-0028]   Complete Via1.
[INFO DRT-0028]   Complete Metal2.
[INFO DRT-0028]   Complete Via2.
[INFO DRT-0028]   Complete Metal3.
[INFO DRT-0028]   Complete Via3.
[INFO DRT-0028]   Complete Metal4.
[INFO DRT-0028]   Complete Via4.
[INFO DRT-0028]   Complete Metal5.
[INFO DRT-0178] Init guide query.
[INFO DRT-0035]   Complete Poly2 (guide).
[INFO DRT-0035]   Complete CON (guide).
[INFO DRT-0035]   Complete Metal1 (guide).
[INFO DRT-0035]   Complete Via1 (guide).
[INFO DRT-0035]   Complete Metal2 (guide).
[INFO DRT-0035]   Complete Via2 (guide).
[INFO DRT-0035]   Complete Metal3 (guide).
[INFO DRT-0035]   Complete Via3 (guide).
[INFO DRT-0035]   Complete Metal4 (guide).
[INFO DRT-0035]   Complete Via4 (guide).
[INFO DRT-0035]   Complete Metal5 (guide).
[INFO DRT-0036] Poly2 guide region query size = 0.
[INFO DRT-0036] CON guide region query size = 0.
[INFO DRT-0036] Metal1 guide region query size = 771.
[INFO DRT-0036] Via1 guide region query size = 0.
[INFO DRT-0036] Metal2 guide region query size = 669.
[INFO DRT-0036] Via2 guide region query size = 0.
[INFO DRT-0036] Metal3 guide region query size = 318.
[INFO DRT-0036] Via3 guide region query size = 0.
[INFO DRT-0036] Metal4 guide region query size = 0.
[INFO DRT-0036] Via4 guide region query size = 0.
[INFO DRT-0036] Metal5 guide region query size = 0.
[INFO DRT-0179] Init gr pin query.
[INFO DRT-0267] cpu time = 00:00:00, elapsed time = 00:00:00, memory = 137.57 (MB), peak = 136.37 (MB)
[INFO DRT-0245] skipped writing guide updates to database.
[INFO DRT-0185] Post process initialize RPin region query.
[INFO DRT-0181] Start track assignment.
[INFO DRT-0184] Done with 669 vertical wires in 1 frboxes and 1089 horizontal wires in 1 frboxes.
[INFO DRT-0186] Done with 114 vertical wires in 1 frboxes and 114 horizontal wires in 1 frboxes.
[INFO DRT-0182] Complete track assignment.
[INFO DRT-0267] cpu time = 00:00:04, elapsed time = 00:00:00, memory = 141.06 (MB), peak = 139.75 (MB)
[INFO DRT-0187] Start routing data preparation.
[INFO DRT-0267] cpu time = 00:00:00, elapsed time = 00:00:00, memory = 141.12 (MB), peak = 139.88 (MB)
[INFO DRT-0194] Start detail routing.
[INFO DRT-0195] Start 0th optimization iteration.
    Completing 10% with 0 violations.
    elapsed time = 00:00:00, memory = 149.73 (MB).
    Completing 20% with 0 violations.
    elapsed time = 00:00:00, memory = 148.94 (MB).
    Completing 30% with 0 violations.
    elapsed time = 00:00:00, memory = 147.94 (MB).
    Completing 40% with 0 violations.
    elapsed time = 00:00:00, memory = 147.80 (MB).
    Completing 50% with 6 violations.
    elapsed time = 00:00:01, memory = 151.62 (MB).
    Completing 60% with 6 violations.
    elapsed time = 00:00:01, memory = 150.99 (MB).
    Completing 70% with 7 violations.
    elapsed time = 00:00:01, memory = 151.46 (MB).
    Completing 80% with 7 violations.
    elapsed time = 00:00:01, memory = 151.55 (MB).
    Completing 100% with 22 violations.
    elapsed time = 00:00:02, memory = 152.36 (MB).
[INFO DRT-0199]   Number of violations = 27.
Viol/Layer      Metal2 Metal3
Metal Spacing        8      1
Recheck              5      0
Short               13      0
[INFO DRT-0267] cpu time = 00:00:23, elapsed time = 00:00:03, memory = 421.38 (MB), peak = 462.08 (MB)
Total wire length = 8693 um.
Total wire length on LAYER Metal1 = 0 um.
Total wire length on LAYER Metal2 = 4902 um.
Total wire length on LAYER Metal3 = 3791 um.
Total wire length on LAYER Metal4 = 0 um.
Total wire length on LAYER Metal5 = 0 um.
Total number of vias = 1558.
Up-via summary (total 1558):

---------------
  Poly2       0
 Metal1     899
 Metal2     659
 Metal3       0
 Metal4       0
---------------
       1558


[INFO DRT-0195] Start 1st optimization iteration.
    Completing 10% with 27 violations.
    elapsed time = 00:00:00, memory = 426.19 (MB).
    Completing 20% with 27 violations.
    elapsed time = 00:00:00, memory = 426.19 (MB).
    Completing 30% with 27 violations.
    elapsed time = 00:00:00, memory = 426.40 (MB).
    Completing 40% with 22 violations.
    elapsed time = 00:00:00, memory = 426.54 (MB).
    Completing 50% with 22 violations.
    elapsed time = 00:00:00, memory = 426.57 (MB).
    Completing 60% with 22 violations.
    elapsed time = 00:00:01, memory = 433.59 (MB).
    Completing 70% with 12 violations.
    elapsed time = 00:00:01, memory = 435.57 (MB).
    Completing 80% with 12 violations.
    elapsed time = 00:00:01, memory = 436.52 (MB).
    Completing 90% with 9 violations.
    elapsed time = 00:00:01, memory = 404.50 (MB).
    Completing 100% with 0 violations.
    elapsed time = 00:00:02, memory = 406.98 (MB).
[INFO DRT-0199]   Number of violations = 0.
[INFO DRT-0267] cpu time = 00:00:18, elapsed time = 00:00:02, memory = 481.10 (MB), peak = 479.84 (MB)
Total wire length = 8632 um.
Total wire length on LAYER Metal1 = 0 um.
Total wire length on LAYER Metal2 = 4840 um.
Total wire length on LAYER Metal3 = 3791 um.
Total wire length on LAYER Metal4 = 0 um.
Total wire length on LAYER Metal5 = 0 um.
Total number of vias = 1541.
Up-via summary (total 1541):

---------------
  Poly2       0
 Metal1     894
 Metal2     647
 Metal3       0
 Metal4       0
---------------
       1541


[INFO DRT-0198] Complete detail routing.
Total wire length = 8632 um.
Total wire length on LAYER Metal1 = 0 um.
Total wire length on LAYER Metal2 = 4840 um.
Total wire length on LAYER Metal3 = 3791 um.
Total wire length on LAYER Metal4 = 0 um.
Total wire length on LAYER Metal5 = 0 um.
Total number of vias = 1541.
Up-via summary (total 1541):

---------------
  Poly2       0
 Metal1     894
 Metal2     647
 Metal3       0
 Metal4       0
---------------
       1541


[INFO DRT-0267] cpu time = 00:00:42, elapsed time = 00:00:06, memory = 481.21 (MB), peak = 479.98 (MB)

[INFO DRT-0180] Post processing.
+ check_antennas 
[INFO ANT-0002] Found 0 net violations.
[INFO ANT-0001] Found 0 pin violations.
Setting global connections for newly added cells…
[INFO] Setting global connections...
[INFO ODB-0403] 0 connections made, 0 conflicts skipped.
Updating metrics…
Cell type report:                       Count       Area
  Endcap cell                              72     316.11
  Tap cell                                133     583.92
  Clock buffer                              8     601.48
  Timing Repair Buffer                     44    1545.42
  Inverter                                 22     193.18
  Sequential cell                          36    2735.22
  Multi-Input combinational cell          161    3112.79
  Total                                   476    9088.13
Writing OpenROAD database to '/home/sahana/core5_udma/hardening/uart_rx/runs/RUN_2026-07-26_12-38-49/44-openroad-detailedrouting/udma_uart_rx.odb'…
Writing netlist to '/home/sahana/core5_udma/hardening/uart_rx/runs/RUN_2026-07-26_12-38-49/44-openroad-detailedrouting/udma_uart_rx.nl.v'…
Writing powered netlist to '/home/sahana/core5_udma/hardening/uart_rx/runs/RUN_2026-07-26_12-38-49/44-openroad-detailedrouting/udma_uart_rx.pnl.v'…
Writing layout to '/home/sahana/core5_udma/hardening/uart_rx/runs/RUN_2026-07-26_12-38-49/44-openroad-detailedrouting/udma_uart_rx.def'…
Writing timing constraints to '/home/sahana/core5_udma/hardening/uart_rx/runs/RUN_2026-07-26_12-38-49/44-openroad-detailedrouting/udma_uart_rx.sdc'…
