Clock: clk_i
Sources: clk_i 
Generated: no
Virtual: yes
Propagated: no
Period: 20.000000

===========================================================================
report_clock_properties
============================================================================
Clock                   Period          Waveform
----------------------------------------------------
clk_i                20.000000    0.000000 10.000000

===========================================================================
report_clock_latency
============================================================================
Clock clk_i
rise -> rise
    min     max
0.000000 0.000000 source latency
0.404157         network latency _282_/CLK
        0.409509 network latency _301_/CLK
---------------
0.404157 0.409509 latency
        0.005351 skew

fall -> fall
    min     max
0.000000 0.000000 source latency
0.372504         network latency _282_/CLK
        0.378199 network latency _301_/CLK
---------------
0.372504 0.378199 latency
        0.005695 skew



===========================================================================
report_clock_min_period
============================================================================
clk_i period_min = 3.59 fmax = 278.35
