Clock: sys_clk
Sources: sys_clk_i 
Generated: no
Virtual: yes
Propagated: no
Period: 20.000000

===========================================================================
report_clock_properties
============================================================================
Clock                   Period          Waveform
----------------------------------------------------
sys_clk              20.000000    0.000000 10.000000

===========================================================================
report_clock_latency
============================================================================
Clock sys_clk
rise -> rise
    min     max
0.000000 0.000000 source latency
1.313812         network latency _1822_/CLK
        1.351878 network latency _1911_/CLK
---------------
1.313812 1.351878 latency
        0.038066 skew

fall -> fall
    min     max
0.000000 0.000000 source latency
1.285332         network latency _1822_/CLK
        1.327205 network latency _1911_/CLK
---------------
1.285332 1.327205 latency
        0.041873 skew



===========================================================================
report_clock_min_period
============================================================================
sys_clk period_min = 6.17 fmax = 162.14
Clock: periph_clk
Sources: periph_clk_i 
Generated: no
Virtual: yes
Propagated: no
Period: 20.000000

===========================================================================
report_clock_properties
============================================================================
Clock                   Period          Waveform
----------------------------------------------------
periph_clk           20.000000    0.000000 10.000000

===========================================================================
report_clock_latency
============================================================================
Clock periph_clk
rise -> rise
    min     max
0.000000 0.000000 source latency
1.258454         network latency _1784_/CLK
        1.292113 network latency _1771_/CLK
---------------
1.258454 1.292113 latency
        0.033660 skew

fall -> fall
    min     max
0.000000 0.000000 source latency
1.233911         network latency _1784_/CLK
        1.270845 network latency _1771_/CLK
---------------
1.233911 1.270845 latency
        0.036934 skew



===========================================================================
report_clock_min_period
============================================================================
periph_clk period_min = 8.23 fmax = 121.48
