Clock: sys_clk
Sources: sys_clk_i 
Generated: no
Virtual: yes
Propagated: no
Period: 20.000000

===========================================================================
report_clock_properties
============================================================================
Clock                   Period          Waveform
----------------------------------------------------
sys_clk              20.000000    0.000000 10.000000

===========================================================================
report_clock_latency
============================================================================
Clock sys_clk
rise -> rise
    min     max
0.000000 0.000000 source latency
1.283319         network latency _2067_/CLK
        1.315927 network latency _1919_/CLK
---------------
1.283319 1.315927 latency
        0.032608 skew

fall -> fall
    min     max
0.000000 0.000000 source latency
1.255952         network latency _2067_/CLK
        1.291491 network latency _1919_/CLK
---------------
1.255952 1.291491 latency
        0.035540 skew



===========================================================================
report_clock_min_period
============================================================================
sys_clk period_min = 6.51 fmax = 153.69
Clock: periph_clk
Sources: periph_clk_i 
Generated: no
Virtual: yes
Propagated: no
Period: 20.000000

===========================================================================
report_clock_properties
============================================================================
Clock                   Period          Waveform
----------------------------------------------------
periph_clk           20.000000    0.000000 10.000000

===========================================================================
report_clock_latency
============================================================================
Clock periph_clk
rise -> rise
    min     max
0.000000 0.000000 source latency
1.242462         network latency _1848_/CLK
        1.277674 network latency _1798_/CLK
---------------
1.242462 1.277674 latency
        0.035212 skew

fall -> fall
    min     max
0.000000 0.000000 source latency
1.219096         network latency _1848_/CLK
        1.257750 network latency _1798_/CLK
---------------
1.219096 1.257750 latency
        0.038654 skew



===========================================================================
report_clock_min_period
============================================================================
periph_clk period_min = 8.73 fmax = 114.52
