Clock: clk_i
Sources: clk_i 
Generated: no
Virtual: no
Propagated: no
Period: 20.000000

===========================================================================
report_clock_properties
============================================================================
Clock                   Period          Waveform
----------------------------------------------------
clk_i                20.000000    0.000000 10.000000

===========================================================================
report_clock_latency
============================================================================
Clock clk_i
rise -> rise
    min     max
0.000000 0.000000 source latency
0.177476         network latency _278_/CLK
        0.177476 network latency _278_/CLK
---------------
0.177476 0.177476 latency
        0.000000 skew

fall -> fall
    min     max
0.000000 0.000000 source latency
0.109846         network latency _278_/CLK
        0.109846 network latency _278_/CLK
---------------
0.109846 0.109846 latency
        0.000000 skew



===========================================================================
report_clock_min_period
============================================================================
clk_i period_min = 2.19 fmax = 457.47
