Clock: sys_clk
Sources: sys_clk_i 
Generated: no
Virtual: yes
Propagated: no
Period: 20.000000

===========================================================================
report_clock_properties
============================================================================
Clock                   Period          Waveform
----------------------------------------------------
sys_clk              20.000000    0.000000 10.000000

===========================================================================
report_clock_latency
============================================================================
Clock sys_clk
rise -> rise
    min     max
0.000000 0.000000 source latency
1.958323         network latency _2025_/CLK
        2.013209 network latency _1950_/CLK
---------------
1.958323 2.013209 latency
        0.054886 skew

fall -> fall
    min     max
0.000000 0.000000 source latency
1.909395         network latency _2025_/CLK
        1.965586 network latency _1950_/CLK
---------------
1.909395 1.965586 latency
        0.056191 skew



===========================================================================
report_clock_min_period
============================================================================
sys_clk period_min = 10.41 fmax = 96.02
Clock: periph_clk
Sources: periph_clk_i 
Generated: no
Virtual: yes
Propagated: no
Period: 20.000000

===========================================================================
report_clock_properties
============================================================================
Clock                   Period          Waveform
----------------------------------------------------
periph_clk           20.000000    0.000000 10.000000

===========================================================================
report_clock_latency
============================================================================
Clock periph_clk
rise -> rise
    min     max
0.000000 0.000000 source latency
1.882523         network latency _2021_/CLK
        1.905077 network latency _1798_/CLK
---------------
1.882523 1.905077 latency
        0.022554 skew

fall -> fall
    min     max
0.000000 0.000000 source latency
1.837655         network latency _2021_/CLK
        1.863561 network latency _1798_/CLK
---------------
1.837655 1.863561 latency
        0.025906 skew



===========================================================================
report_clock_min_period
============================================================================
periph_clk period_min = 13.69 fmax = 73.05
