
===========================================================================
report_checks -unconstrained
===========================================================================
======================= max_ss_125C_4v50 Corner ===================================

Startpoint: _2030_ (rising edge-triggered flip-flop clocked by sys_clk)
Endpoint: _1809_ (recovery check against rising-edge clock sys_clk)
Path Group: asynchronous
Path Type: max

Fanout         Cap        Slew       Delay        Time   Description
---------------------------------------------------------------------------------------------
                      0.150000    0.000000    0.000000   clock sys_clk (rise edge)
                                  0.000000    0.000000   clock network delay (ideal)
                      0.150000    0.000000    0.000000 ^ _2030_/CLK (gf180mcu_fd_sc_mcu7t5v0__dffrnq_1)
     2    0.011038    0.288333    1.356431    1.356431 v _2030_/Q (gf180mcu_fd_sc_mcu7t5v0__dffrnq_1)
                                                         s_uart_rx_clean_fifo (net)
                      0.288333    0.000295    1.356726 v _0923_/A2 (gf180mcu_fd_sc_mcu7t5v0__nor2_1)
    51    0.382089   20.798674   11.722748   13.079473 ^ _0923_/ZN (gf180mcu_fd_sc_mcu7t5v0__nor2_1)
                                                         u_dc_fifo_rx.dst_rstn_i (net)
                     20.798674    0.003237   13.082711 ^ _1809_/RN (gf180mcu_fd_sc_mcu7t5v0__dffrnq_1)
                                             13.082711   data arrival time

                      0.150000   20.000000   20.000000   clock sys_clk (rise edge)
                                  0.000000   20.000000   clock network delay (ideal)
                                 -0.250000   19.750002   clock uncertainty
                                  0.000000   19.750002   clock reconvergence pessimism
                                             19.750002 ^ _1809_/CLK (gf180mcu_fd_sc_mcu7t5v0__dffrnq_1)
                                 -8.024188   11.725814   library recovery time
                                             11.725814   data required time
---------------------------------------------------------------------------------------------
                                             11.725814   data required time
                                            -13.082711   data arrival time
---------------------------------------------------------------------------------------------
                                             -1.356898   slack (VIOLATED)


Startpoint: _1968_ (rising edge-triggered flip-flop clocked by periph_clk)
Endpoint: _1786_ (rising edge-triggered flip-flop clocked by periph_clk)
Path Group: periph_clk
Path Type: max

Fanout         Cap        Slew       Delay        Time   Description
---------------------------------------------------------------------------------------------
                      0.150000    0.000000    0.000000   clock periph_clk (rise edge)
                                  0.000000    0.000000   clock network delay (ideal)
                      0.150000    0.000000    0.000000 ^ _1968_/CLK (gf180mcu_fd_sc_mcu7t5v0__dffrnq_1)
    10    0.042869    0.750885    1.688757    1.688757 v _1968_/Q (gf180mcu_fd_sc_mcu7t5v0__dffrnq_1)
                                                         u_uart_rx.CS[1] (net)
                      0.750885    0.000179    1.688936 v _1003_/A2 (gf180mcu_fd_sc_mcu7t5v0__nor2_1)
     2    0.008692    0.726285    0.578096    2.267032 ^ _1003_/ZN (gf180mcu_fd_sc_mcu7t5v0__nor2_1)
                                                         _0783_ (net)
                      0.726285    0.000013    2.267045 ^ _1005_/A4 (gf180mcu_fd_sc_mcu7t5v0__nand4_1)
     3    0.014666    1.010521    0.677469    2.944514 v _1005_/ZN (gf180mcu_fd_sc_mcu7t5v0__nand4_1)
                                                         _0785_ (net)
                      1.010521    0.000359    2.944873 v _1077_/B (gf180mcu_fd_sc_mcu7t5v0__aoi21_1)
    17    0.092191    5.177192    3.261654    6.206527 ^ _1077_/ZN (gf180mcu_fd_sc_mcu7t5v0__aoi21_1)
                                                         _0851_ (net)
                      5.177192    0.002156    6.208683 ^ _1078_/I (gf180mcu_fd_sc_mcu7t5v0__clkinv_1)
     3    0.014075    1.352360    0.773856    6.982538 v _1078_/ZN (gf180mcu_fd_sc_mcu7t5v0__clkinv_1)
                                                         _0852_ (net)
                      1.352360    0.000077    6.982615 v _1315_/A3 (gf180mcu_fd_sc_mcu7t5v0__nor3_1)
     8    0.087184    7.381733    4.398406   11.381021 ^ _1315_/ZN (gf180mcu_fd_sc_mcu7t5v0__nor3_1)
                                                         _0429_ (net)
                      7.381733    0.001137   11.382157 ^ _1316_/S (gf180mcu_fd_sc_mcu7t5v0__mux2_2)
     1    0.003194    0.290949    0.501528   11.883685 ^ _1316_/Z (gf180mcu_fd_sc_mcu7t5v0__mux2_2)
                                                         _0060_ (net)
                      0.290949    0.000011   11.883697 ^ _1786_/D (gf180mcu_fd_sc_mcu7t5v0__dffrnq_1)
                                             11.883697   data arrival time

                      0.150000   20.000000   20.000000   clock periph_clk (rise edge)
                                  0.000000   20.000000   clock network delay (ideal)
                                 -0.250000   19.750002   clock uncertainty
                                  0.000000   19.750002   clock reconvergence pessimism
                                             19.750002 ^ _1786_/CLK (gf180mcu_fd_sc_mcu7t5v0__dffrnq_1)
                                 -0.622302   19.127699   library setup time
                                             19.127699   data required time
---------------------------------------------------------------------------------------------
                                             19.127699   data required time
                                            -11.883697   data arrival time
---------------------------------------------------------------------------------------------
                                              7.244003   slack (MET)


Startpoint: cfg_rwn_i (input port clocked by sys_clk)
Endpoint: _1882_ (rising edge-triggered flip-flop clocked by sys_clk)
Path Group: sys_clk
Path Type: max

Fanout         Cap        Slew       Delay        Time   Description
---------------------------------------------------------------------------------------------
                      0.150000    0.000000    0.000000   clock sys_clk (rise edge)
                                  0.000000    0.000000   clock network delay (ideal)
                                  2.000000    2.000000 v input external delay
     8    0.035798    0.614254    0.346951    2.346951 v cfg_rwn_i (in)
                                                         cfg_rwn_i (net)
                      0.614259    0.000000    2.346951 v _0864_/I (gf180mcu_fd_sc_mcu7t5v0__clkinv_1)
     2    0.009026    0.407436    0.371774    2.718725 ^ _0864_/ZN (gf180mcu_fd_sc_mcu7t5v0__clkinv_1)
                                                         _0659_ (net)
                      0.407436    0.000004    2.718729 ^ _0926_/A1 (gf180mcu_fd_sc_mcu7t5v0__nand3_1)
     2    0.007536    0.575761    0.356664    3.075393 v _0926_/ZN (gf180mcu_fd_sc_mcu7t5v0__nand3_1)
                                                         _0718_ (net)
                      0.575761    0.000018    3.075411 v _0938_/A3 (gf180mcu_fd_sc_mcu7t5v0__or3_1)
     3    0.013256    0.584807    1.430893    4.506304 v _0938_/Z (gf180mcu_fd_sc_mcu7t5v0__or3_1)
                                                         _0726_ (net)
                      0.584807    0.000071    4.506375 v _1481_/A3 (gf180mcu_fd_sc_mcu7t5v0__nor3_1)
    23    0.247594   19.581051   11.520158   16.026533 ^ _1481_/ZN (gf180mcu_fd_sc_mcu7t5v0__nor3_1)
                                                         _0509_ (net)
                     19.581131    0.022586   16.049120 ^ _1492_/S (gf180mcu_fd_sc_mcu7t5v0__mux2_2)
     1    0.003103    0.484440    0.027134   16.076254 ^ _1492_/Z (gf180mcu_fd_sc_mcu7t5v0__mux2_2)
                                                         _0156_ (net)
                      0.484440    0.000007   16.076262 ^ _1882_/D (gf180mcu_fd_sc_mcu7t5v0__dffrnq_1)
                                             16.076262   data arrival time

                      0.150000   20.000000   20.000000   clock sys_clk (rise edge)
                                  0.000000   20.000000   clock network delay (ideal)
                                 -0.250000   19.750002   clock uncertainty
                                  0.000000   19.750002   clock reconvergence pessimism
                                             19.750002 ^ _1882_/CLK (gf180mcu_fd_sc_mcu7t5v0__dffrnq_1)
                                 -0.662469   19.087532   library setup time
                                             19.087532   data required time
---------------------------------------------------------------------------------------------
                                             19.087532   data required time
                                            -16.076262   data arrival time
---------------------------------------------------------------------------------------------
                                              3.011271   slack (MET)




===========================================================================
report_checks --slack_max -0.01
============================================================================
======================= max_ss_125C_4v50 Corner ===================================

Startpoint: _2030_ (rising edge-triggered flip-flop clocked by sys_clk)
Endpoint: _1809_ (recovery check against rising-edge clock sys_clk)
Path Group: asynchronous
Path Type: max

Fanout         Cap        Slew       Delay        Time   Description
---------------------------------------------------------------------------------------------
                      0.150000    0.000000    0.000000   clock sys_clk (rise edge)
                                  0.000000    0.000000   clock network delay (ideal)
                      0.150000    0.000000    0.000000 ^ _2030_/CLK (gf180mcu_fd_sc_mcu7t5v0__dffrnq_1)
     2    0.011038    0.288333    1.356431    1.356431 v _2030_/Q (gf180mcu_fd_sc_mcu7t5v0__dffrnq_1)
                                                         s_uart_rx_clean_fifo (net)
                      0.288333    0.000295    1.356726 v _0923_/A2 (gf180mcu_fd_sc_mcu7t5v0__nor2_1)
    51    0.382089   20.798674   11.722748   13.079473 ^ _0923_/ZN (gf180mcu_fd_sc_mcu7t5v0__nor2_1)
                                                         u_dc_fifo_rx.dst_rstn_i (net)
                     20.798674    0.003237   13.082711 ^ _1809_/RN (gf180mcu_fd_sc_mcu7t5v0__dffrnq_1)
                                             13.082711   data arrival time

                      0.150000   20.000000   20.000000   clock sys_clk (rise edge)
                                  0.000000   20.000000   clock network delay (ideal)
                                 -0.250000   19.750002   clock uncertainty
                                  0.000000   19.750002   clock reconvergence pessimism
                                             19.750002 ^ _1809_/CLK (gf180mcu_fd_sc_mcu7t5v0__dffrnq_1)
                                 -8.024188   11.725814   library recovery time
                                             11.725814   data required time
---------------------------------------------------------------------------------------------
                                             11.725814   data required time
                                            -13.082711   data arrival time
---------------------------------------------------------------------------------------------
                                             -1.356898   slack (VIOLATED)




===========================================================================
 report_check_types -max_slew -max_cap -max_fanout -violators
============================================================================
======================= max_ss_125C_4v50 Corner ===================================

max slew

Pin                                        Limit        Slew       Slack
------------------------------------------------------------------------
_1873_/RN                               3.000000   59.263760  -56.263760 (VIOLATED)
_1920_/RN                               3.000000   59.263798  -56.263798 (VIOLATED)
_1964_/RN                               3.000000   59.263805  -56.263805 (VIOLATED)
_2027_/RN                               3.000000   59.263798  -56.263798 (VIOLATED)
_2028_/RN                               3.000000   59.263802  -56.263802 (VIOLATED)
_2029_/RN                               3.000000   59.263790  -56.263790 (VIOLATED)
_2103_/RN                               3.000000   59.263802  -56.263802 (VIOLATED)
_1890_/RN                               3.000000   59.263733  -56.263733 (VIOLATED)
_1892_/RN                               3.000000   59.263725  -56.263725 (VIOLATED)
_1893_/RN                               3.000000   59.263721  -56.263721 (VIOLATED)
_1894_/RN                               3.000000   59.263737  -56.263737 (VIOLATED)
_1895_/RN                               3.000000   59.263729  -56.263729 (VIOLATED)
_1896_/RN                               3.000000   59.263760  -56.263760 (VIOLATED)
_1897_/RN                               3.000000   59.263737  -56.263737 (VIOLATED)
_1898_/RN                               3.000000   59.263741  -56.263737 (VIOLATED)
_1899_/RN                               3.000000   59.263741  -56.263741 (VIOLATED)
_1900_/RN                               3.000000   59.263741  -56.263737 (VIOLATED)
_1904_/RN                               3.000000   59.263741  -56.263737 (VIOLATED)
_1905_/RN                               3.000000   59.263748  -56.263748 (VIOLATED)
_1906_/RN                               3.000000   59.263748  -56.263748 (VIOLATED)
_1908_/RN                               3.000000   59.263775  -56.263775 (VIOLATED)
_1909_/RN                               3.000000   59.263748  -56.263748 (VIOLATED)
_1910_/RN                               3.000000   59.263741  -56.263741 (VIOLATED)
_1923_/RN                               3.000000   59.263783  -56.263783 (VIOLATED)
_1934_/RN                               3.000000   59.263790  -56.263790 (VIOLATED)
_1935_/RN                               3.000000   59.263790  -56.263790 (VIOLATED)
_1937_/RN                               3.000000   59.263790  -56.263786 (VIOLATED)
_1949_/RN                               3.000000   59.263802  -56.263802 (VIOLATED)
_1921_/RN                               3.000000   59.263725  -56.263725 (VIOLATED)
_1922_/RN                               3.000000   59.263741  -56.263737 (VIOLATED)
_1924_/RN                               3.000000   59.263725  -56.263725 (VIOLATED)
_1925_/RN                               3.000000   59.263775  -56.263775 (VIOLATED)
_1926_/RN                               3.000000   59.263748  -56.263748 (VIOLATED)
_1927_/RN                               3.000000   59.263741  -56.263741 (VIOLATED)
_1928_/RN                               3.000000   59.263741  -56.263741 (VIOLATED)
_1929_/RN                               3.000000   59.263741  -56.263741 (VIOLATED)
_1965_/RN                               3.000000   59.263779  -56.263779 (VIOLATED)
_2017_/RN                               3.000000   59.263718  -56.263718 (VIOLATED)
_2030_/RN                               3.000000   59.263771  -56.263771 (VIOLATED)
_2031_/RN                               3.000000   59.263794  -56.263794 (VIOLATED)
_2018_/RN                               3.000000   59.263710  -56.263710 (VIOLATED)
_2020_/RN                               3.000000   59.263702  -56.263702 (VIOLATED)
_2021_/RN                               3.000000   59.263706  -56.263706 (VIOLATED)
_2022_/RN                               3.000000   59.263691  -56.263691 (VIOLATED)
_2023_/RN                               3.000000   59.263710  -56.263710 (VIOLATED)
_2024_/RN                               3.000000   59.263699  -56.263699 (VIOLATED)
_2025_/RN                               3.000000   59.263748  -56.263748 (VIOLATED)
_2026_/RN                               3.000000   59.263752  -56.263752 (VIOLATED)
_2091_/RN                               3.000000   59.263741  -56.263741 (VIOLATED)
_2092_/RN                               3.000000   59.263733  -56.263733 (VIOLATED)
_2093_/RN                               3.000000   59.263741  -56.263737 (VIOLATED)
_2094_/RN                               3.000000   59.263748  -56.263748 (VIOLATED)
_2095_/RN                               3.000000   59.263748  -56.263748 (VIOLATED)
_2096_/RN                               3.000000   59.263752  -56.263752 (VIOLATED)
_2104_/RN                               3.000000   59.263779  -56.263779 (VIOLATED)
_2105_/RN                               3.000000   59.263802  -56.263802 (VIOLATED)
_2106_/RN                               3.000000   59.263775  -56.263775 (VIOLATED)
_2107_/RN                               3.000000   59.263771  -56.263771 (VIOLATED)
_2108_/RN                               3.000000   59.263775  -56.263775 (VIOLATED)
_1842_/RN                               3.000000   59.263630  -56.263630 (VIOLATED)
_1848_/RN                               3.000000   59.263645  -56.263645 (VIOLATED)
_1849_/RN                               3.000000   59.263638  -56.263634 (VIOLATED)
_1872_/RN                               3.000000   59.263664  -56.263664 (VIOLATED)
_1891_/RN                               3.000000   59.263664  -56.263664 (VIOLATED)
_1907_/RN                               3.000000   59.263660  -56.263660 (VIOLATED)
_1930_/RN                               3.000000   59.263706  -56.263706 (VIOLATED)
_1933_/RN                               3.000000   59.263729  -56.263729 (VIOLATED)
_1936_/RN                               3.000000   59.263729  -56.263729 (VIOLATED)
_1939_/RN                               3.000000   59.263744  -56.263744 (VIOLATED)
_1941_/RN                               3.000000   59.263741  -56.263741 (VIOLATED)
_1942_/RN                               3.000000   59.263710  -56.263710 (VIOLATED)
_1950_/RN                               3.000000   59.263741  -56.263737 (VIOLATED)
_1952_/RN                               3.000000   59.263756  -56.263756 (VIOLATED)
_1953_/RN                               3.000000   59.263741  -56.263741 (VIOLATED)
_1954_/RN                               3.000000   59.263771  -56.263771 (VIOLATED)
_1955_/RN                               3.000000   59.263733  -56.263733 (VIOLATED)
_1956_/RN                               3.000000   59.263737  -56.263737 (VIOLATED)
_1957_/RN                               3.000000   59.263771  -56.263771 (VIOLATED)
_1951_/RN                               3.000000   59.263664  -56.263664 (VIOLATED)
_1982_/RN                               3.000000   59.263691  -56.263691 (VIOLATED)
_1997_/RN                               3.000000   59.263683  -56.263683 (VIOLATED)
_2032_/RN                               3.000000   59.263660  -56.263660 (VIOLATED)
_2097_/RN                               3.000000   59.263699  -56.263699 (VIOLATED)
_2098_/RN                               3.000000   59.263695  -56.263695 (VIOLATED)
_2099_/RN                               3.000000   59.263699  -56.263699 (VIOLATED)
_2101_/RN                               3.000000   59.263699  -56.263699 (VIOLATED)
_2033_/RN                               3.000000   59.263638  -56.263638 (VIOLATED)
_2034_/SETN                             3.000000   59.263657  -56.263657 (VIOLATED)
_2035_/SETN                             3.000000   59.263660  -56.263660 (VIOLATED)
_2036_/RN                               3.000000   59.263622  -56.263622 (VIOLATED)
_2037_/RN                               3.000000   59.263615  -56.263615 (VIOLATED)
_2038_/SETN                             3.000000   59.263622  -56.263622 (VIOLATED)
_2039_/SETN                             3.000000   59.263622  -56.263622 (VIOLATED)
_1843_/RN                               3.000000   59.263523  -56.263523 (VIOLATED)
_1844_/SETN                             3.000000   59.263577  -56.263577 (VIOLATED)
_1845_/SETN                             3.000000   59.263615  -56.263615 (VIOLATED)
_0863_/I                                3.000000   59.263454  -56.263454 (VIOLATED)
_1816_/RN                               3.000000   59.263447  -56.263447 (VIOLATED)
_1958_/RN                               3.000000   59.263454  -56.263454 (VIOLATED)
_1959_/RN                               3.000000   59.263451  -56.263451 (VIOLATED)
_1960_/RN                               3.000000   59.263447  -56.263447 (VIOLATED)
_1961_/RN                               3.000000   59.263454  -56.263454 (VIOLATED)
_1962_/RN                               3.000000   59.263454  -56.263454 (VIOLATED)
_1963_/RN                               3.000000   59.263451  -56.263451 (VIOLATED)
_2040_/RN                               3.000000   59.263481  -56.263481 (VIOLATED)
_2041_/RN                               3.000000   59.263481  -56.263481 (VIOLATED)
_2042_/RN                               3.000000   59.263481  -56.263481 (VIOLATED)
_1832_/RN                               3.000000   59.263351  -56.263351 (VIOLATED)
_1853_/RN                               3.000000   59.263405  -56.263405 (VIOLATED)
_1966_/RN                               3.000000   59.263405  -56.263405 (VIOLATED)
_1970_/SETN                             3.000000   59.263428  -56.263424 (VIOLATED)
_1971_/SETN                             3.000000   59.263435  -56.263435 (VIOLATED)
_1972_/SETN                             3.000000   59.263432  -56.263432 (VIOLATED)
_1973_/SETN                             3.000000   59.263428  -56.263428 (VIOLATED)
_1974_/SETN                             3.000000   59.263428  -56.263424 (VIOLATED)
_1975_/SETN                             3.000000   59.263424  -56.263424 (VIOLATED)
_2077_/RN                               3.000000   59.263405  -56.263405 (VIOLATED)
_2078_/RN                               3.000000   59.263405  -56.263405 (VIOLATED)
_2079_/RN                               3.000000   59.263409  -56.263409 (VIOLATED)
_2080_/RN                               3.000000   59.263409  -56.263409 (VIOLATED)
_2081_/RN                               3.000000   59.263409  -56.263409 (VIOLATED)
_2086_/RN                               3.000000   59.263412  -56.263412 (VIOLATED)
_2015_/RN                               3.000000   59.263325  -56.263321 (VIOLATED)
_2016_/RN                               3.000000   59.263325  -56.263321 (VIOLATED)
_2019_/RN                               3.000000   59.263325  -56.263321 (VIOLATED)
_1850_/RN                               3.000000   59.263268  -56.263268 (VIOLATED)
_1851_/RN                               3.000000   59.263275  -56.263271 (VIOLATED)
_1902_/RN                               3.000000   59.263309  -56.263309 (VIOLATED)
_2043_/RN                               3.000000   59.263309  -56.263309 (VIOLATED)
_2052_/RN                               3.000000   59.263329  -56.263329 (VIOLATED)
_2056_/RN                               3.000000   59.263325  -56.263325 (VIOLATED)
_2071_/SETN                             3.000000   59.263344  -56.263344 (VIOLATED)
_2072_/SETN                             3.000000   59.263363  -56.263363 (VIOLATED)
_2073_/SETN                             3.000000   59.263359  -56.263359 (VIOLATED)
_2074_/RN                               3.000000   59.263393  -56.263393 (VIOLATED)
_2075_/RN                               3.000000   59.263374  -56.263374 (VIOLATED)
_2076_/RN                               3.000000   59.263374  -56.263374 (VIOLATED)
_2100_/RN                               3.000000   59.263363  -56.263363 (VIOLATED)
_2102_/RN                               3.000000   59.263363  -56.263363 (VIOLATED)
_1852_/RN                               3.000000   59.263245  -56.263245 (VIOLATED)
_1854_/RN                               3.000000   59.263294  -56.263294 (VIOLATED)
_1903_/RN                               3.000000   59.263298  -56.263298 (VIOLATED)
_1911_/RN                               3.000000   59.263340  -56.263340 (VIOLATED)
_1912_/RN                               3.000000   59.263340  -56.263340 (VIOLATED)
_1967_/RN                               3.000000   59.263348  -56.263348 (VIOLATED)
_1968_/RN                               3.000000   59.263359  -56.263359 (VIOLATED)
_1969_/RN                               3.000000   59.263355  -56.263355 (VIOLATED)
_1976_/SETN                             3.000000   59.263363  -56.263363 (VIOLATED)
_1977_/SETN                             3.000000   59.263363  -56.263363 (VIOLATED)
_1978_/RN                               3.000000   59.263409  -56.263409 (VIOLATED)
_1979_/RN                               3.000000   59.263409  -56.263409 (VIOLATED)
_1980_/RN                               3.000000   59.263409  -56.263409 (VIOLATED)
_1981_/RN                               3.000000   59.263409  -56.263409 (VIOLATED)
_1913_/RN                               3.000000   59.263287  -56.263287 (VIOLATED)
_1914_/RN                               3.000000   59.263309  -56.263309 (VIOLATED)
_1915_/RN                               3.000000   59.263290  -56.263290 (VIOLATED)
_1916_/RN                               3.000000   59.263336  -56.263336 (VIOLATED)
_1917_/RN                               3.000000   59.263340  -56.263340 (VIOLATED)
_1918_/RN                               3.000000   59.263317  -56.263317 (VIOLATED)
_1919_/RN                               3.000000   59.263325  -56.263321 (VIOLATED)
_1938_/RN                               3.000000   59.263340  -56.263340 (VIOLATED)
_1940_/RN                               3.000000   59.263340  -56.263340 (VIOLATED)
_1931_/RN                               3.000000   59.263283  -56.263283 (VIOLATED)
_1932_/RN                               3.000000   59.263283  -56.263283 (VIOLATED)
_1943_/RN                               3.000000   59.263283  -56.263283 (VIOLATED)
_1944_/RN                               3.000000   59.263298  -56.263298 (VIOLATED)
_1945_/RN                               3.000000   59.263336  -56.263336 (VIOLATED)
_1946_/RN                               3.000000   59.263340  -56.263340 (VIOLATED)
_1947_/RN                               3.000000   59.263321  -56.263321 (VIOLATED)
_1948_/RN                               3.000000   59.263325  -56.263325 (VIOLATED)
_1983_/RN                               3.000000   59.263317  -56.263317 (VIOLATED)
_1984_/RN                               3.000000   59.263325  -56.263321 (VIOLATED)
_1993_/RN                               3.000000   59.263313  -56.263313 (VIOLATED)
_1994_/RN                               3.000000   59.263321  -56.263321 (VIOLATED)
_1995_/RN                               3.000000   59.263348  -56.263348 (VIOLATED)
_1998_/RN                               3.000000   59.263325  -56.263321 (VIOLATED)
_1858_/RN                               3.000000   59.263226  -56.263226 (VIOLATED)
_1860_/RN                               3.000000   59.263229  -56.263229 (VIOLATED)
_1862_/RN                               3.000000   59.263268  -56.263268 (VIOLATED)
_1866_/RN                               3.000000   59.263222  -56.263222 (VIOLATED)
_1870_/RN                               3.000000   59.263275  -56.263271 (VIOLATED)
_1875_/RN                               3.000000   59.263248  -56.263248 (VIOLATED)
_1888_/RN                               3.000000   59.263248  -56.263248 (VIOLATED)
_1901_/RN                               3.000000   59.263279  -56.263279 (VIOLATED)
_1985_/SETN                             3.000000   59.263229  -56.263229 (VIOLATED)
_1986_/SETN                             3.000000   59.263229  -56.263229 (VIOLATED)
_1987_/SETN                             3.000000   59.263233  -56.263233 (VIOLATED)
_1988_/SETN                             3.000000   59.263222  -56.263222 (VIOLATED)
_2000_/RN                               3.000000   59.263252  -56.263252 (VIOLATED)
_2007_/RN                               3.000000   59.263252  -56.263252 (VIOLATED)
_2049_/RN                               3.000000   59.263260  -56.263260 (VIOLATED)
_2050_/RN                               3.000000   59.263290  -56.263290 (VIOLATED)
_2051_/RN                               3.000000   59.263309  -56.263309 (VIOLATED)
_2053_/RN                               3.000000   59.263351  -56.263351 (VIOLATED)
_2054_/RN                               3.000000   59.263359  -56.263359 (VIOLATED)
_2055_/RN                               3.000000   59.263359  -56.263359 (VIOLATED)
_2082_/RN                               3.000000   59.263268  -56.263268 (VIOLATED)
_2083_/RN                               3.000000   59.263268  -56.263268 (VIOLATED)
_2084_/RN                               3.000000   59.263264  -56.263264 (VIOLATED)
_2085_/RN                               3.000000   59.263264  -56.263264 (VIOLATED)
_2087_/RN                               3.000000   59.263260  -56.263260 (VIOLATED)
_2088_/RN                               3.000000   59.263256  -56.263256 (VIOLATED)
_2089_/RN                               3.000000   59.263256  -56.263256 (VIOLATED)
_2090_/RN                               3.000000   59.263264  -56.263264 (VIOLATED)
_1813_/RN                               3.000000   59.263157  -56.263157 (VIOLATED)
_1821_/RN                               3.000000   59.263134  -56.263134 (VIOLATED)
_1829_/RN                               3.000000   59.263142  -56.263142 (VIOLATED)
_1846_/SETN                             3.000000   59.263165  -56.263165 (VIOLATED)
_1847_/SETN                             3.000000   59.263165  -56.263165 (VIOLATED)
_1859_/RN                               3.000000   59.263210  -56.263210 (VIOLATED)
_1867_/RN                               3.000000   59.263199  -56.263199 (VIOLATED)
_1868_/RN                               3.000000   59.263229  -56.263229 (VIOLATED)
_1871_/RN                               3.000000   59.263275  -56.263271 (VIOLATED)
_1874_/RN                               3.000000   59.263187  -56.263187 (VIOLATED)
_1876_/RN                               3.000000   59.263180  -56.263180 (VIOLATED)
_1877_/RN                               3.000000   59.263184  -56.263184 (VIOLATED)
_1878_/RN                               3.000000   59.263226  -56.263226 (VIOLATED)
_1879_/RN                               3.000000   59.263191  -56.263191 (VIOLATED)
_1880_/RN                               3.000000   59.263187  -56.263187 (VIOLATED)
_1881_/RN                               3.000000   59.263203  -56.263203 (VIOLATED)
_1882_/RN                               3.000000   59.263248  -56.263248 (VIOLATED)
_1883_/RN                               3.000000   59.263210  -56.263210 (VIOLATED)
_1884_/RN                               3.000000   59.263191  -56.263191 (VIOLATED)
_1885_/RN                               3.000000   59.263226  -56.263226 (VIOLATED)
_1886_/RN                               3.000000   59.263187  -56.263187 (VIOLATED)
_1887_/RN                               3.000000   59.263199  -56.263199 (VIOLATED)
_1889_/RN                               3.000000   59.263184  -56.263184 (VIOLATED)
_1989_/SETN                             3.000000   59.263184  -56.263184 (VIOLATED)
_1996_/RN                               3.000000   59.263229  -56.263229 (VIOLATED)
_1999_/RN                               3.000000   59.263222  -56.263222 (VIOLATED)
_2014_/RN                               3.000000   59.263176  -56.263176 (VIOLATED)
_2044_/RN                               3.000000   59.263161  -56.263161 (VIOLATED)
_2057_/RN                               3.000000   59.263206  -56.263206 (VIOLATED)
_2058_/RN                               3.000000   59.263214  -56.263214 (VIOLATED)
_1830_/RN                               3.000000   59.263103  -56.263103 (VIOLATED)
_1861_/RN                               3.000000   59.263119  -56.263115 (VIOLATED)
_1869_/RN                               3.000000   59.263115  -56.263115 (VIOLATED)
_1990_/SETN                             3.000000   59.263157  -56.263157 (VIOLATED)
_1991_/SETN                             3.000000   59.263161  -56.263161 (VIOLATED)
_1992_/SETN                             3.000000   59.263161  -56.263161 (VIOLATED)
_2001_/RN                               3.000000   59.263176  -56.263176 (VIOLATED)
_2002_/RN                               3.000000   59.263199  -56.263199 (VIOLATED)
_2003_/RN                               3.000000   59.263229  -56.263229 (VIOLATED)
_2004_/RN                               3.000000   59.263245  -56.263245 (VIOLATED)
_2005_/RN                               3.000000   59.263222  -56.263222 (VIOLATED)
_2006_/RN                               3.000000   59.263206  -56.263206 (VIOLATED)
_2008_/RN                               3.000000   59.263226  -56.263226 (VIOLATED)
_2009_/RN                               3.000000   59.263222  -56.263222 (VIOLATED)
_2010_/RN                               3.000000   59.263222  -56.263222 (VIOLATED)
_2011_/RN                               3.000000   59.263199  -56.263199 (VIOLATED)
_2012_/RN                               3.000000   59.263210  -56.263210 (VIOLATED)
_2013_/RN                               3.000000   59.263248  -56.263248 (VIOLATED)
_2045_/RN                               3.000000   59.263149  -56.263149 (VIOLATED)
_2046_/RN                               3.000000   59.263172  -56.263172 (VIOLATED)
_2047_/RN                               3.000000   59.263184  -56.263184 (VIOLATED)
_2048_/RN                               3.000000   59.263206  -56.263206 (VIOLATED)
_2059_/RN                               3.000000   59.263199  -56.263199 (VIOLATED)
_1810_/RN                               3.000000   59.263023  -56.263023 (VIOLATED)
_1811_/RN                               3.000000   59.263016  -56.263012 (VIOLATED)
_1812_/RN                               3.000000   59.263016  -56.263012 (VIOLATED)
_1814_/RN                               3.000000   59.263020  -56.263020 (VIOLATED)
_1815_/RN                               3.000000   59.263016  -56.263016 (VIOLATED)
_1817_/RN                               3.000000   59.263016  -56.263012 (VIOLATED)
_1818_/RN                               3.000000   59.263023  -56.263023 (VIOLATED)
_1819_/RN                               3.000000   59.263039  -56.263039 (VIOLATED)
_1820_/RN                               3.000000   59.263065  -56.263062 (VIOLATED)
_1822_/RN                               3.000000   59.263107  -56.263107 (VIOLATED)
_1823_/RN                               3.000000   59.263023  -56.263023 (VIOLATED)
_1824_/RN                               3.000000   59.263023  -56.263023 (VIOLATED)
_1825_/RN                               3.000000   59.263020  -56.263020 (VIOLATED)
_1826_/RN                               3.000000   59.263023  -56.263023 (VIOLATED)
_1827_/RN                               3.000000   59.262997  -56.262997 (VIOLATED)
_1828_/RN                               3.000000   59.263012  -56.263012 (VIOLATED)
_1831_/RN                               3.000000   59.263016  -56.263016 (VIOLATED)
_1833_/RN                               3.000000   59.263016  -56.263016 (VIOLATED)
_1834_/RN                               3.000000   59.263023  -56.263023 (VIOLATED)
_1835_/RN                               3.000000   59.263065  -56.263065 (VIOLATED)
_1836_/RN                               3.000000   59.263073  -56.263073 (VIOLATED)
_1837_/RN                               3.000000   59.263119  -56.263119 (VIOLATED)
_1838_/RN                               3.000000   59.263096  -56.263096 (VIOLATED)
_1839_/RN                               3.000000   59.263020  -56.263020 (VIOLATED)
_1840_/RN                               3.000000   59.263023  -56.263023 (VIOLATED)
_1841_/RN                               3.000000   59.263020  -56.263020 (VIOLATED)
_1857_/RN                               3.000000   59.263046  -56.263046 (VIOLATED)
_1865_/RN                               3.000000   59.263042  -56.263042 (VIOLATED)
_1855_/RN                               3.000000   59.262959  -56.262959 (VIOLATED)
_1856_/RN                               3.000000   59.262989  -56.262989 (VIOLATED)
_1863_/RN                               3.000000   59.262932  -56.262932 (VIOLATED)
_1864_/RN                               3.000000   59.262974  -56.262974 (VIOLATED)
rstn_i                                  3.000000   59.262741  -56.262741 (VIOLATED)
_0923_/ZN                               3.000000   20.798674  -17.798674 (VIOLATED)
_1770_/RN                               3.000000   20.798674  -17.798674 (VIOLATED)
_1771_/RN                               3.000000   20.798674  -17.798674 (VIOLATED)
_1772_/RN                               3.000000   20.798674  -17.798674 (VIOLATED)
_1773_/RN                               3.000000   20.798674  -17.798674 (VIOLATED)
_1774_/RN                               3.000000   20.798674  -17.798674 (VIOLATED)
_1775_/RN                               3.000000   20.798674  -17.798674 (VIOLATED)
_1776_/RN                               3.000000   20.798674  -17.798674 (VIOLATED)
_1777_/RN                               3.000000   20.798674  -17.798674 (VIOLATED)
_1778_/RN                               3.000000   20.798674  -17.798674 (VIOLATED)
_1779_/RN                               3.000000   20.798674  -17.798674 (VIOLATED)
_1780_/RN                               3.000000   20.798674  -17.798674 (VIOLATED)
_1781_/RN                               3.000000   20.798674  -17.798674 (VIOLATED)
_1782_/RN                               3.000000   20.798674  -17.798674 (VIOLATED)
_1783_/RN                               3.000000   20.798674  -17.798674 (VIOLATED)
_1784_/RN                               3.000000   20.798674  -17.798674 (VIOLATED)
_1785_/RN                               3.000000   20.798674  -17.798674 (VIOLATED)
_1786_/RN                               3.000000   20.798674  -17.798674 (VIOLATED)
_1787_/RN                               3.000000   20.798674  -17.798674 (VIOLATED)
_1788_/RN                               3.000000   20.798674  -17.798674 (VIOLATED)
_1789_/RN                               3.000000   20.798674  -17.798674 (VIOLATED)
_1790_/RN                               3.000000   20.798674  -17.798674 (VIOLATED)
_1791_/RN                               3.000000   20.798674  -17.798674 (VIOLATED)
_1792_/RN                               3.000000   20.798674  -17.798674 (VIOLATED)
_1793_/RN                               3.000000   20.798674  -17.798674 (VIOLATED)
_1794_/RN                               3.000000   20.798674  -17.798674 (VIOLATED)
_1795_/RN                               3.000000   20.798674  -17.798674 (VIOLATED)
_1796_/RN                               3.000000   20.798674  -17.798674 (VIOLATED)
_1797_/RN                               3.000000   20.798674  -17.798674 (VIOLATED)
_1798_/RN                               3.000000   20.798674  -17.798674 (VIOLATED)
_1799_/RN                               3.000000   20.798674  -17.798674 (VIOLATED)
_1800_/RN                               3.000000   20.798674  -17.798674 (VIOLATED)
_1801_/RN                               3.000000   20.798674  -17.798674 (VIOLATED)
_1802_/RN                               3.000000   20.798674  -17.798674 (VIOLATED)
_1803_/RN                               3.000000   20.798674  -17.798674 (VIOLATED)
_1804_/SETN                             3.000000   20.798674  -17.798674 (VIOLATED)
_1805_/SETN                             3.000000   20.798674  -17.798674 (VIOLATED)
_1806_/SETN                             3.000000   20.798674  -17.798674 (VIOLATED)
_1807_/SETN                             3.000000   20.798674  -17.798674 (VIOLATED)
_1808_/RN                               3.000000   20.798674  -17.798674 (VIOLATED)
_1809_/RN                               3.000000   20.798674  -17.798674 (VIOLATED)
_2060_/RN                               3.000000   20.798674  -17.798674 (VIOLATED)
_2061_/RN                               3.000000   20.798674  -17.798674 (VIOLATED)
_2062_/SETN                             3.000000   20.798674  -17.798674 (VIOLATED)
_2063_/SETN                             3.000000   20.798674  -17.798674 (VIOLATED)
_2064_/RN                               3.000000   20.798674  -17.798674 (VIOLATED)
_2065_/RN                               3.000000   20.798674  -17.798674 (VIOLATED)
_2066_/SETN                             3.000000   20.798674  -17.798674 (VIOLATED)
_2067_/SETN                             3.000000   20.798674  -17.798674 (VIOLATED)
_2068_/RN                               3.000000   20.798674  -17.798674 (VIOLATED)
_2069_/RN                               3.000000   20.798674  -17.798674 (VIOLATED)
_2070_/RN                               3.000000   20.798674  -17.798674 (VIOLATED)
_1484_/S                                3.000000   19.581125  -16.581125 (VIOLATED)
_1485_/S                                3.000000   19.581131  -16.581129 (VIOLATED)
_1486_/S                                3.000000   19.581112  -16.581112 (VIOLATED)
_1487_/S                                3.000000   19.581118  -16.581118 (VIOLATED)
_1488_/S                                3.000000   19.581125  -16.581125 (VIOLATED)
_1489_/S                                3.000000   19.581127  -16.581127 (VIOLATED)
_1490_/S                                3.000000   19.581123  -16.581123 (VIOLATED)
_1492_/S                                3.000000   19.581131  -16.581129 (VIOLATED)
_1493_/S                                3.000000   19.581123  -16.581123 (VIOLATED)
_1494_/S                                3.000000   19.581129  -16.581127 (VIOLATED)
_1495_/S                                3.000000   19.581125  -16.581125 (VIOLATED)
_1496_/S                                3.000000   19.581121  -16.581121 (VIOLATED)
_1497_/S                                3.000000   19.581121  -16.581121 (VIOLATED)
_1498_/S                                3.000000   19.581129  -16.581127 (VIOLATED)
_1499_/S                                3.000000   19.581114  -16.581114 (VIOLATED)
_1481_/ZN                               3.000000   19.581051  -16.581049 (VIOLATED)
_1482_/S                                3.000000   19.581051  -16.581049 (VIOLATED)
_1483_/S                                3.000000   19.581051  -16.581049 (VIOLATED)
_1491_/S                                3.000000   19.581051  -16.581049 (VIOLATED)
_1500_/S                                3.000000   19.581051  -16.581049 (VIOLATED)
_1501_/S                                3.000000   19.581051  -16.581049 (VIOLATED)
_1568_/S                                3.000000   19.581051  -16.581049 (VIOLATED)
_1569_/S                                3.000000   19.581051  -16.581049 (VIOLATED)
_1574_/S                                3.000000   19.581051  -16.581049 (VIOLATED)
_1739_/ZN                               3.000000   11.104762   -8.104761 (VIOLATED)
_1740_/S                                3.000000   11.104762   -8.104761 (VIOLATED)
_1741_/A2                               3.000000   11.104762   -8.104761 (VIOLATED)
_1742_/A2                               3.000000   11.104762   -8.104761 (VIOLATED)
_1743_/S                                3.000000   11.104762   -8.104761 (VIOLATED)
_1744_/A2                               3.000000   11.104762   -8.104761 (VIOLATED)
_1745_/A2                               3.000000   11.104762   -8.104761 (VIOLATED)
_1746_/S                                3.000000   11.104762   -8.104761 (VIOLATED)
_1747_/S                                3.000000   11.104762   -8.104761 (VIOLATED)
_1748_/A2                               3.000000   11.104762   -8.104761 (VIOLATED)
_1749_/A2                               3.000000   11.104762   -8.104761 (VIOLATED)
_1750_/A2                               3.000000   11.104762   -8.104761 (VIOLATED)
_1751_/A2                               3.000000   11.104762   -8.104761 (VIOLATED)
_1752_/A2                               3.000000   11.104762   -8.104761 (VIOLATED)
_1753_/A2                               3.000000   11.104762   -8.104761 (VIOLATED)
_1754_/S                                3.000000   11.104762   -8.104761 (VIOLATED)
_1755_/A2                               3.000000   11.104762   -8.104761 (VIOLATED)
_1756_/A2                               3.000000   11.104762   -8.104761 (VIOLATED)
_1757_/S                                3.000000   11.104762   -8.104761 (VIOLATED)
_1758_/A2                               3.000000   11.104762   -8.104761 (VIOLATED)
_1759_/A2                               3.000000   11.104762   -8.104761 (VIOLATED)
_1760_/A2                               3.000000   11.104762   -8.104761 (VIOLATED)
_1761_/A2                               3.000000   11.104762   -8.104761 (VIOLATED)
_1762_/S                                3.000000   11.104762   -8.104761 (VIOLATED)
_1763_/S                                3.000000   11.104762   -8.104761 (VIOLATED)
_1764_/A2                               3.000000   11.104762   -8.104761 (VIOLATED)
_1765_/A2                               3.000000   11.104762   -8.104761 (VIOLATED)
_1766_/S                                3.000000   11.104762   -8.104761 (VIOLATED)
_1767_/S                                3.000000   11.104762   -8.104761 (VIOLATED)
_1768_/A2                               3.000000   11.104762   -8.104761 (VIOLATED)
_1769_/A2                               3.000000   11.104762   -8.104761 (VIOLATED)
_1215_/ZN                               3.000000    9.268888   -6.268888 (VIOLATED)
_1224_/A2                               3.000000    9.268888   -6.268888 (VIOLATED)
_1232_/B1                               3.000000    9.268888   -6.268888 (VIOLATED)
_1236_/B1                               3.000000    9.268888   -6.268888 (VIOLATED)
_1239_/B1                               3.000000    9.268888   -6.268888 (VIOLATED)
_1243_/B1                               3.000000    9.268888   -6.268888 (VIOLATED)
_1246_/A2                               3.000000    9.268888   -6.268888 (VIOLATED)
_1252_/A2                               3.000000    9.268888   -6.268888 (VIOLATED)
_1255_/A2                               3.000000    9.268888   -6.268888 (VIOLATED)
_1258_/A2                               3.000000    9.268888   -6.268888 (VIOLATED)
_1261_/A2                               3.000000    9.268888   -6.268888 (VIOLATED)
_1264_/A2                               3.000000    9.268888   -6.268888 (VIOLATED)
_1267_/A2                               3.000000    9.268888   -6.268888 (VIOLATED)
_1270_/A2                               3.000000    9.268888   -6.268888 (VIOLATED)
_1272_/A2                               3.000000    9.268888   -6.268888 (VIOLATED)
_1274_/A2                               3.000000    9.268888   -6.268888 (VIOLATED)
_1276_/A2                               3.000000    9.268888   -6.268888 (VIOLATED)
_1315_/ZN                               3.000000    7.381733   -4.381733 (VIOLATED)
_1316_/S                                3.000000    7.381733   -4.381733 (VIOLATED)
_1317_/S                                3.000000    7.381733   -4.381733 (VIOLATED)
_1318_/S                                3.000000    7.381733   -4.381733 (VIOLATED)
_1319_/S                                3.000000    7.381733   -4.381733 (VIOLATED)
_1320_/S                                3.000000    7.381733   -4.381733 (VIOLATED)
_1321_/S                                3.000000    7.381733   -4.381733 (VIOLATED)
_1322_/S                                3.000000    7.381733   -4.381733 (VIOLATED)
_1323_/S                                3.000000    7.381733   -4.381733 (VIOLATED)
_1214_/ZN                               3.000000    7.092968   -4.092968 (VIOLATED)
_1223_/B1                               3.000000    7.092968   -4.092968 (VIOLATED)
_1233_/A2                               3.000000    7.092968   -4.092968 (VIOLATED)
_1235_/A2                               3.000000    7.092968   -4.092968 (VIOLATED)
_1238_/B1                               3.000000    7.092968   -4.092968 (VIOLATED)
_1244_/B1                               3.000000    7.092968   -4.092968 (VIOLATED)
_1247_/A2                               3.000000    7.092968   -4.092968 (VIOLATED)
_1253_/B1                               3.000000    7.092968   -4.092968 (VIOLATED)
_1256_/B1                               3.000000    7.092968   -4.092968 (VIOLATED)
_1259_/B1                               3.000000    7.092968   -4.092968 (VIOLATED)
_1262_/B1                               3.000000    7.092968   -4.092968 (VIOLATED)
_1265_/A2                               3.000000    7.092968   -4.092968 (VIOLATED)
_1268_/A2                               3.000000    7.092968   -4.092968 (VIOLATED)
_0863_/ZN                               3.000000    6.505153   -3.505153 (VIOLATED)
_0923_/A1                               3.000000    6.505153   -3.505153 (VIOLATED)
rx_char_event_o                         3.000000    6.310782   -3.310782 (VIOLATED)
_0922_/ZN                               3.000000    6.310782   -3.310782 (VIOLATED)
_1527_/S                                3.000000    5.240818   -2.240818 (VIOLATED)
_1529_/S                                3.000000    5.240818   -2.240818 (VIOLATED)
_1528_/S                                3.000000    5.240815   -2.240815 (VIOLATED)
_1532_/S                                3.000000    5.240812   -2.240813 (VIOLATED)
_1533_/S                                3.000000    5.240810   -2.240810 (VIOLATED)
_1525_/S                                3.000000    5.240799   -2.240799 (VIOLATED)
_1530_/S                                3.000000    5.240801   -2.240801 (VIOLATED)
_1531_/S                                3.000000    5.240797   -2.240797 (VIOLATED)
_1517_/ZN                               3.000000    5.240781   -2.240781 (VIOLATED)
_1518_/S                                3.000000    5.240781   -2.240781 (VIOLATED)
_1519_/S                                3.000000    5.240781   -2.240781 (VIOLATED)
_1520_/S                                3.000000    5.240781   -2.240781 (VIOLATED)
_1521_/S                                3.000000    5.240781   -2.240781 (VIOLATED)
_1522_/S                                3.000000    5.240781   -2.240781 (VIOLATED)
_1523_/S                                3.000000    5.240781   -2.240781 (VIOLATED)
_1524_/S                                3.000000    5.240781   -2.240781 (VIOLATED)
_1526_/S                                3.000000    5.240781   -2.240781 (VIOLATED)
_1077_/ZN                               3.000000    5.177192   -2.177192 (VIOLATED)
_1078_/I                                3.000000    5.177192   -2.177192 (VIOLATED)
_1287_/A3                               3.000000    5.177192   -2.177192 (VIOLATED)
_1292_/A3                               3.000000    5.177192   -2.177192 (VIOLATED)
_1295_/A3                               3.000000    5.177192   -2.177192 (VIOLATED)
_1298_/A3                               3.000000    5.177192   -2.177192 (VIOLATED)
_1301_/A3                               3.000000    5.177192   -2.177192 (VIOLATED)
_1304_/A3                               3.000000    5.177192   -2.177192 (VIOLATED)
_1307_/A3                               3.000000    5.177192   -2.177192 (VIOLATED)
_1310_/A3                               3.000000    5.177192   -2.177192 (VIOLATED)
_1313_/A3                               3.000000    5.177192   -2.177192 (VIOLATED)
_1324_/B                                3.000000    5.177192   -2.177192 (VIOLATED)
_1341_/S                                3.000000    5.177192   -2.177192 (VIOLATED)
_1342_/S                                3.000000    5.177192   -2.177192 (VIOLATED)
_1343_/A2                               3.000000    5.177192   -2.177192 (VIOLATED)
_1344_/A2                               3.000000    5.177192   -2.177192 (VIOLATED)
_1345_/A2                               3.000000    5.177192   -2.177192 (VIOLATED)
_1346_/A2                               3.000000    5.177192   -2.177192 (VIOLATED)
_1561_/S                                3.000000    4.797298   -1.797298 (VIOLATED)
_1562_/S                                3.000000    4.797298   -1.797298 (VIOLATED)
_1550_/Z                                3.000000    4.797282   -1.797282 (VIOLATED)
_1551_/S                                3.000000    4.797282   -1.797282 (VIOLATED)
_1552_/S                                3.000000    4.797282   -1.797282 (VIOLATED)
_1553_/S                                3.000000    4.797282   -1.797282 (VIOLATED)
_1554_/S                                3.000000    4.797282   -1.797282 (VIOLATED)
_1555_/S                                3.000000    4.797282   -1.797282 (VIOLATED)
_1556_/S                                3.000000    4.797282   -1.797282 (VIOLATED)
_1557_/S                                3.000000    4.797282   -1.797282 (VIOLATED)
_1558_/S                                3.000000    4.797282   -1.797282 (VIOLATED)
_1559_/S                                3.000000    4.797282   -1.797282 (VIOLATED)
_1560_/S                                3.000000    4.797282   -1.797282 (VIOLATED)
_1563_/S                                3.000000    4.797282   -1.797282 (VIOLATED)
_1564_/S                                3.000000    4.797282   -1.797282 (VIOLATED)
_1565_/S                                3.000000    4.797282   -1.797282 (VIOLATED)
_1566_/S                                3.000000    4.797282   -1.797282 (VIOLATED)
_1504_/ZN                               3.000000    4.769673   -1.769673 (VIOLATED)
_1505_/S                                3.000000    4.769673   -1.769673 (VIOLATED)
_1506_/S                                3.000000    4.769673   -1.769673 (VIOLATED)
_1507_/S                                3.000000    4.769673   -1.769673 (VIOLATED)
_1508_/S                                3.000000    4.769673   -1.769673 (VIOLATED)
_1509_/S                                3.000000    4.769673   -1.769673 (VIOLATED)
_1510_/S                                3.000000    4.769673   -1.769673 (VIOLATED)
_1511_/S                                3.000000    4.769673   -1.769673 (VIOLATED)
_1512_/S                                3.000000    4.769673   -1.769673 (VIOLATED)
_1513_/S                                3.000000    4.769673   -1.769673 (VIOLATED)
_1514_/S                                3.000000    4.769673   -1.769673 (VIOLATED)
_1515_/S                                3.000000    4.769673   -1.769673 (VIOLATED)
_1516_/S                                3.000000    4.769673   -1.769673 (VIOLATED)
_1278_/ZN                               3.000000    4.769383   -1.769383 (VIOLATED)
_1279_/S                                3.000000    4.769383   -1.769383 (VIOLATED)
_1280_/S                                3.000000    4.769383   -1.769383 (VIOLATED)
_1281_/S                                3.000000    4.769383   -1.769383 (VIOLATED)
_1282_/S                                3.000000    4.769383   -1.769383 (VIOLATED)
_1283_/S                                3.000000    4.769383   -1.769383 (VIOLATED)
_1284_/S                                3.000000    4.769383   -1.769383 (VIOLATED)
_1285_/S                                3.000000    4.769383   -1.769383 (VIOLATED)
_1286_/S                                3.000000    4.769383   -1.769383 (VIOLATED)
data_tx_req_o                           3.000000    4.729277   -1.729277 (VIOLATED)
_0953_/ZN                               3.000000    4.729277   -1.729277 (VIOLATED)
_1447_/A2                               3.000000    4.729277   -1.729277 (VIOLATED)
_1448_/A2                               3.000000    4.729277   -1.729277 (VIOLATED)
_1454_/ZN                               3.000000    4.660603   -1.660603 (VIOLATED)
_1457_/S                                3.000000    4.660603   -1.660603 (VIOLATED)
_1458_/S                                3.000000    4.660603   -1.660603 (VIOLATED)
_1459_/S                                3.000000    4.660603   -1.660603 (VIOLATED)
_1460_/S                                3.000000    4.660603   -1.660603 (VIOLATED)
_1461_/S                                3.000000    4.660603   -1.660603 (VIOLATED)
_1462_/S                                3.000000    4.660603   -1.660603 (VIOLATED)
_1463_/S                                3.000000    4.660603   -1.660603 (VIOLATED)
_1464_/S                                3.000000    4.660603   -1.660603 (VIOLATED)
_1355_/ZN                               3.000000    4.602359   -1.602360 (VIOLATED)
_1356_/A3                               3.000000    4.602359   -1.602360 (VIOLATED)
_1374_/A2                               3.000000    4.602359   -1.602360 (VIOLATED)
_1380_/A1                               3.000000    4.602359   -1.602360 (VIOLATED)
_1404_/A1                               3.000000    4.602359   -1.602360 (VIOLATED)
_1430_/S                                3.000000    4.602359   -1.602360 (VIOLATED)
_1431_/S                                3.000000    4.602359   -1.602360 (VIOLATED)
_1432_/S                                3.000000    4.602359   -1.602360 (VIOLATED)
_1433_/S                                3.000000    4.602359   -1.602360 (VIOLATED)
_1456_/A2                               3.000000    4.602359   -1.602360 (VIOLATED)
_1473_/A1                               3.000000    4.602359   -1.602360 (VIOLATED)
_1474_/A1                               3.000000    4.602359   -1.602360 (VIOLATED)
data_rx_valid_o                         3.000000    4.593751   -1.593751 (VIOLATED)
_0948_/ZN                               3.000000    4.593751   -1.593751 (VIOLATED)
_1350_/C                                3.000000    4.593751   -1.593751 (VIOLATED)
_1580_/A1                               3.000000    4.593751   -1.593751 (VIOLATED)
uart_tx_o                               3.000000    4.305094   -1.305094 (VIOLATED)
_1205_/ZN                               3.000000    4.305094   -1.305094 (VIOLATED)
_1439_/ZN                               3.000000    4.277006   -1.277006 (VIOLATED)
_1441_/A2                               3.000000    4.277006   -1.277006 (VIOLATED)
_1661_/A1                               3.000000    4.277006   -1.277006 (VIOLATED)
_1670_/A1                               3.000000    4.277006   -1.277006 (VIOLATED)
_1678_/A1                               3.000000    4.277006   -1.277006 (VIOLATED)
_1688_/A1                               3.000000    4.277006   -1.277006 (VIOLATED)
_1697_/B2                               3.000000    4.277006   -1.277006 (VIOLATED)
_1705_/B2                               3.000000    4.277006   -1.277006 (VIOLATED)
_1713_/B2                               3.000000    4.277006   -1.277006 (VIOLATED)
_1721_/B2                               3.000000    4.277006   -1.277006 (VIOLATED)
_1727_/B2                               3.000000    4.277006   -1.277006 (VIOLATED)
err_event_o                             3.000000    4.245477   -1.245477 (VIOLATED)
_0920_/ZN                               3.000000    4.245477   -1.245477 (VIOLATED)
_1152_/ZN                               3.000000    4.165588   -1.165588 (VIOLATED)
_1153_/A2                               3.000000    4.165588   -1.165588 (VIOLATED)
_1155_/A1                               3.000000    4.165588   -1.165588 (VIOLATED)
_1158_/A1                               3.000000    4.165588   -1.165588 (VIOLATED)
_1161_/A1                               3.000000    4.165588   -1.165588 (VIOLATED)
_1164_/A1                               3.000000    4.165588   -1.165588 (VIOLATED)
_1166_/A1                               3.000000    4.165588   -1.165588 (VIOLATED)
_1169_/A1                               3.000000    4.165588   -1.165588 (VIOLATED)
_1172_/A1                               3.000000    4.165588   -1.165588 (VIOLATED)
_1174_/A1                               3.000000    4.165588   -1.165588 (VIOLATED)
_1177_/A1                               3.000000    4.165588   -1.165588 (VIOLATED)
_1180_/A1                               3.000000    4.165588   -1.165588 (VIOLATED)
_1184_/A1                               3.000000    4.165588   -1.165588 (VIOLATED)
_1187_/A1                               3.000000    4.165588   -1.165588 (VIOLATED)
_1189_/C                                3.000000    4.165588   -1.165588 (VIOLATED)
_1192_/A1                               3.000000    4.165588   -1.165588 (VIOLATED)
_1194_/A1                               3.000000    4.165588   -1.165588 (VIOLATED)
cfg_data_o[4]                           3.000000    3.720678   -0.720678 (VIOLATED)
_1245_/ZN                               3.000000    3.720678   -0.720678 (VIOLATED)
_1536_/Z                                3.000000    3.700090   -0.700090 (VIOLATED)
_1537_/S                                3.000000    3.700090   -0.700090 (VIOLATED)
_1538_/S                                3.000000    3.700090   -0.700090 (VIOLATED)
_1539_/S                                3.000000    3.700090   -0.700090 (VIOLATED)
_1540_/S                                3.000000    3.700090   -0.700090 (VIOLATED)
_1541_/S                                3.000000    3.700090   -0.700090 (VIOLATED)
_1542_/A2                               3.000000    3.700090   -0.700090 (VIOLATED)
_1543_/A2                               3.000000    3.700090   -0.700090 (VIOLATED)
_1544_/S                                3.000000    3.700090   -0.700090 (VIOLATED)
_1545_/S                                3.000000    3.700090   -0.700090 (VIOLATED)
_1546_/S                                3.000000    3.700090   -0.700090 (VIOLATED)
_1547_/S                                3.000000    3.700090   -0.700090 (VIOLATED)
_1548_/S                                3.000000    3.700090   -0.700090 (VIOLATED)
_1549_/S                                3.000000    3.700090   -0.700090 (VIOLATED)
data_rx_o[7]                            3.000000    3.582097   -0.582097 (VIOLATED)
_1588_/I0                               3.000000    3.582092   -0.582092 (VIOLATED)
_1202_/Z                                3.000000    3.582081   -0.582081 (VIOLATED)
data_rx_o[6]                            3.000000    3.575961   -0.575961 (VIOLATED)
_1201_/Z                                3.000000    3.575961   -0.575961 (VIOLATED)
_1587_/I0                               3.000000    3.575961   -0.575961 (VIOLATED)
data_rx_o[0]                            3.000000    3.574555   -0.574555 (VIOLATED)
_1195_/Z                                3.000000    3.574543   -0.574543 (VIOLATED)
_1581_/I0                               3.000000    3.574543   -0.574543 (VIOLATED)
data_rx_o[3]                            3.000000    3.555348   -0.555348 (VIOLATED)
_1198_/Z                                3.000000    3.555348   -0.555348 (VIOLATED)
_1584_/I0                               3.000000    3.555348   -0.555348 (VIOLATED)
data_rx_o[5]                            3.000000    3.547965   -0.547965 (VIOLATED)
_1200_/Z                                3.000000    3.547965   -0.547965 (VIOLATED)
_1586_/I0                               3.000000    3.547965   -0.547965 (VIOLATED)
data_rx_o[4]                            3.000000    3.545777   -0.545777 (VIOLATED)
_1199_/Z                                3.000000    3.545777   -0.545777 (VIOLATED)
_1585_/I0                               3.000000    3.545777   -0.545777 (VIOLATED)
data_rx_o[2]                            3.000000    3.543934   -0.543934 (VIOLATED)
_1197_/Z                                3.000000    3.543934   -0.543934 (VIOLATED)
_1583_/I0                               3.000000    3.543934   -0.543934 (VIOLATED)
data_rx_o[1]                            3.000000    3.539896   -0.539897 (VIOLATED)
_1196_/Z                                3.000000    3.539896   -0.539897 (VIOLATED)
_1582_/I0                               3.000000    3.539896   -0.539897 (VIOLATED)
_1356_/ZN                               3.000000    3.485183   -0.485184 (VIOLATED)
_1358_/S                                3.000000    3.485183   -0.485184 (VIOLATED)
_1360_/S                                3.000000    3.485183   -0.485184 (VIOLATED)
_1362_/S                                3.000000    3.485183   -0.485184 (VIOLATED)
_1364_/S                                3.000000    3.485183   -0.485184 (VIOLATED)
_1366_/S                                3.000000    3.485183   -0.485184 (VIOLATED)
_1368_/S                                3.000000    3.485183   -0.485184 (VIOLATED)
_1370_/S                                3.000000    3.485183   -0.485184 (VIOLATED)
_1372_/A1                               3.000000    3.485183   -0.485184 (VIOLATED)
_1373_/A2                               3.000000    3.485183   -0.485184 (VIOLATED)
_1218_/ZN                               3.000000    3.454561   -0.454561 (VIOLATED)
_1226_/A2                               3.000000    3.454561   -0.454561 (VIOLATED)
_1233_/C1                               3.000000    3.454561   -0.454561 (VIOLATED)
_1235_/C1                               3.000000    3.454561   -0.454561 (VIOLATED)
_1238_/C1                               3.000000    3.454561   -0.454561 (VIOLATED)
_1244_/C1                               3.000000    3.454561   -0.454561 (VIOLATED)
_1247_/B1                               3.000000    3.454561   -0.454561 (VIOLATED)
_1252_/B1                               3.000000    3.454561   -0.454561 (VIOLATED)
_1255_/B1                               3.000000    3.454561   -0.454561 (VIOLATED)
_1258_/B1                               3.000000    3.454561   -0.454561 (VIOLATED)
_1261_/B1                               3.000000    3.454561   -0.454561 (VIOLATED)
_1264_/B1                               3.000000    3.454561   -0.454561 (VIOLATED)
_1267_/B1                               3.000000    3.454561   -0.454561 (VIOLATED)
_1453_/ZN                               3.000000    3.269575   -0.269575 (VIOLATED)
_1465_/S                                3.000000    3.269575   -0.269575 (VIOLATED)
_1466_/S                                3.000000    3.269575   -0.269575 (VIOLATED)
_1467_/S                                3.000000    3.269575   -0.269575 (VIOLATED)
_1468_/S                                3.000000    3.269575   -0.269575 (VIOLATED)
_1469_/S                                3.000000    3.269575   -0.269575 (VIOLATED)
_1470_/S                                3.000000    3.269575   -0.269575 (VIOLATED)
_1471_/S                                3.000000    3.269575   -0.269575 (VIOLATED)
_1472_/S                                3.000000    3.269575   -0.269575 (VIOLATED)
_1660_/ZN                               3.000000    3.100189   -0.100189 (VIOLATED)
_1661_/A2                               3.000000    3.100189   -0.100189 (VIOLATED)
_1663_/A3                               3.000000    3.100189   -0.100189 (VIOLATED)
_1679_/A3                               3.000000    3.100189   -0.100189 (VIOLATED)
_1689_/A2                               3.000000    3.100189   -0.100189 (VIOLATED)
_1697_/A2                               3.000000    3.100189   -0.100189 (VIOLATED)
_1705_/A2                               3.000000    3.100189   -0.100189 (VIOLATED)
_1713_/A2                               3.000000    3.100189   -0.100189 (VIOLATED)
_1721_/A2                               3.000000    3.100189   -0.100189 (VIOLATED)
_1728_/I0                               3.000000    3.100189   -0.100189 (VIOLATED)
_1731_/A2                               3.000000    3.100189   -0.100189 (VIOLATED)
_1733_/A4                               3.000000    3.100189   -0.100189 (VIOLATED)
_1584_/S                                3.000000    3.039410   -0.039410 (VIOLATED)
_1587_/S                                3.000000    3.039409   -0.039410 (VIOLATED)
_1583_/S                                3.000000    3.039409   -0.039409 (VIOLATED)
_1585_/S                                3.000000    3.039407   -0.039407 (VIOLATED)
_1586_/S                                3.000000    3.039405   -0.039405 (VIOLATED)
_1582_/S                                3.000000    3.039404   -0.039404 (VIOLATED)
_1580_/ZN                               3.000000    3.039389   -0.039389 (VIOLATED)
_1581_/S                                3.000000    3.039389   -0.039389 (VIOLATED)
_1588_/S                                3.000000    3.039389   -0.039389 (VIOLATED)
_1590_/A1                               3.000000    3.039389   -0.039389 (VIOLATED)

max fanout

Pin                                   Limit Fanout  Slack
---------------------------------------------------------
rstn_i                                   10    289   -279 (VIOLATED)
_0923_/ZN                                10     51    -41 (VIOLATED)
_1739_/ZN                                10     30    -20 (VIOLATED)
_1087_/Z                                 10     24    -14 (VIOLATED)
_1481_/ZN                                10     23    -13 (VIOLATED)
_1077_/ZN                                10     17     -7 (VIOLATED)
_1104_/ZN                                10     16     -6 (VIOLATED)
_1152_/ZN                                10     16     -6 (VIOLATED)
_1215_/ZN                                10     16     -6 (VIOLATED)
_1216_/Z                                 10     16     -6 (VIOLATED)
_1517_/ZN                                10     16     -6 (VIOLATED)
_1550_/Z                                 10     16     -6 (VIOLATED)
_0961_/ZN                                10     15     -5 (VIOLATED)
_1610_/Z                                 10     14     -4 (VIOLATED)
_1536_/Z                                 10     13     -3 (VIOLATED)
_1214_/ZN                                10     12     -2 (VIOLATED)
_1218_/ZN                                10     12     -2 (VIOLATED)
_1504_/ZN                                10     12     -2 (VIOLATED)
_0956_/ZN                                10     11        (VIOLATED)
_0960_/Z                                 10     11        (VIOLATED)
_1355_/ZN                                10     11        (VIOLATED)
_1660_/ZN                                10     11        (VIOLATED)

max capacitance

Pin                                        Limit         Cap       Slack
------------------------------------------------------------------------
rstn_i                                  0.200000    2.177309   -1.977309 (VIOLATED)
_0923_/ZN                               0.121600    0.382089   -0.260489 (VIOLATED)
_1481_/ZN                               0.079850    0.247594   -0.167744 (VIOLATED)
_1739_/ZN                               0.160800    0.203076   -0.042276 (VIOLATED)
_1215_/ZN                               0.058450    0.084287   -0.025837 (VIOLATED)
_1315_/ZN                               0.079850    0.087184   -0.007334 (VIOLATED)
_1214_/ZN                               0.058450    0.063132   -0.004682 (VIOLATED)



===========================================================================
report_parasitic_annotation -report_unannotated
============================================================================
Found 26 unannotated drivers.
 data_tx_i[10]
 data_tx_i[11]
 data_tx_i[12]
 data_tx_i[13]
 data_tx_i[14]
 data_tx_i[15]
 data_tx_i[16]
 data_tx_i[17]
 data_tx_i[18]
 data_tx_i[19]
 data_tx_i[20]
 data_tx_i[21]
 data_tx_i[22]
 data_tx_i[23]
 data_tx_i[24]
 data_tx_i[25]
 data_tx_i[26]
 data_tx_i[27]
 data_tx_i[28]
 data_tx_i[29]
 data_tx_i[30]
 data_tx_i[31]
 data_tx_i[8]
 data_tx_i[9]
 periph_clk_i
 sys_clk_i
Found 0 partially unannotated drivers.

===========================================================================
max slew violation count 669
Writing metric design__max_slew_violation__count__corner:max_ss_125C_4v50: 669
max fanout violation count 22
Writing metric design__max_fanout_violation__count__corner:max_ss_125C_4v50: 22
max cap violation count 7
Writing metric design__max_cap_violation__count__corner:max_ss_125C_4v50: 7
============================================================================

===========================================================================
check_setup -verbose -unconstrained_endpoints -multiple_clock -no_clock -no_input_delay -loops -generated_clocks
===========================================================================
Warning: There is 1 input port missing set_input_delay.
  rstn_i
