Clock: sys_clk
Sources: sys_clk_i 
Generated: no
Virtual: no
Propagated: no
Period: 20.000000

===========================================================================
report_clock_properties
============================================================================
Clock                   Period          Waveform
----------------------------------------------------
sys_clk              20.000000    0.000000 10.000000

===========================================================================
report_clock_latency
============================================================================
Clock sys_clk
rise -> rise
    min     max
0.000000 0.000000 source latency
2.496601         network latency _1806_/CLK
        2.496601 network latency _1806_/CLK
---------------
2.496601 2.496601 latency
        0.000000 skew

fall -> fall
    min     max
0.000000 0.000000 source latency
1.545737         network latency _1806_/CLK
        1.545737 network latency _1806_/CLK
---------------
1.545737 1.545737 latency
        0.000000 skew



===========================================================================
report_clock_min_period
============================================================================
sys_clk period_min = 21.36 fmax = 46.82
Clock: periph_clk
Sources: periph_clk_i 
Generated: no
Virtual: no
Propagated: no
Period: 20.000000

===========================================================================
report_clock_properties
============================================================================
Clock                   Period          Waveform
----------------------------------------------------
periph_clk           20.000000    0.000000 10.000000

===========================================================================
report_clock_latency
============================================================================
Clock periph_clk
rise -> rise
    min     max
0.000000 0.000000 source latency
2.079819         network latency _1770_/CLK
        2.079819 network latency _1770_/CLK
---------------
2.079819 2.079819 latency
        0.000000 skew

fall -> fall
    min     max
0.000000 0.000000 source latency
1.289012         network latency _1770_/CLK
        1.289012 network latency _1770_/CLK
---------------
1.289012 1.289012 latency
        0.000000 skew



===========================================================================
report_clock_min_period
============================================================================
periph_clk period_min = 12.76 fmax = 78.39
