
===========================================================================
Violator List
============================================================================
[setup reg-reg] _2030_/Q -> _1809_/RN : -1.356898
[setup reg-reg] _2030_/Q -> _1808_/RN : -1.356880
[setup reg-reg] _2030_/Q -> _2064_/RN : -1.356460
[setup reg-reg] _2030_/Q -> _2060_/RN : -1.356268
[setup reg-reg] _2030_/Q -> _2061_/RN : -1.355835
[setup reg-reg] _2030_/Q -> _2065_/RN : -1.355692
[setup reg-reg] _2030_/Q -> _2067_/SETN : -0.464557
[setup reg-reg] _2030_/Q -> _1807_/SETN : -0.463772
[setup reg-reg] _2030_/Q -> _2063_/SETN : -0.463770
[setup reg-reg] _2030_/Q -> _1806_/SETN : -0.463651
[setup reg-reg] _2030_/Q -> _2062_/SETN : -0.462721
[setup reg-reg] _2030_/Q -> _2066_/SETN : -0.462676
Writing metric timing__hold_vio__count__corner:max_ss_125C_4v50: 0
Writing metric timing__hold_r2r__ws__corner:max_ss_125C_4v50: 0.779687
Writing metric timing__hold_r2r_vio__count__corner:max_ss_125C_4v50: 0
Writing metric timing__setup_vio__count__corner:max_ss_125C_4v50: 12
Writing metric timing__setup_r2r__ws__corner:max_ss_125C_4v50: -1.356898
Writing metric timing__setup_r2r_vio__count__corner:max_ss_125C_4v50: 12
