Clock: sys_clk
Sources: sys_clk_i 
Generated: no
Virtual: yes
Propagated: no
Period: 20.000000

===========================================================================
report_clock_properties
============================================================================
Clock                   Period          Waveform
----------------------------------------------------
sys_clk              20.000000    0.000000 10.000000

===========================================================================
report_clock_latency
============================================================================
Clock sys_clk
rise -> rise
    min     max
0.000000 0.000000 source latency
1.230819         network latency _2027_/CLK
        1.259089 network latency _2034_/CLK
---------------
1.230819 1.259089 latency
        0.028269 skew

fall -> fall
    min     max
0.000000 0.000000 source latency
1.192793         network latency _2027_/CLK
        1.223745 network latency _2025_/CLK
---------------
1.192793 1.223745 latency
        0.030952 skew



===========================================================================
report_clock_min_period
============================================================================
sys_clk period_min = 7.16 fmax = 139.69
Clock: periph_clk
Sources: periph_clk_i 
Generated: no
Virtual: yes
Propagated: no
Period: 20.000000

===========================================================================
report_clock_properties
============================================================================
Clock                   Period          Waveform
----------------------------------------------------
periph_clk           20.000000    0.000000 10.000000

===========================================================================
report_clock_latency
============================================================================
Clock periph_clk
rise -> rise
    min     max
0.000000 0.000000 source latency
1.222353         network latency _2053_/CLK
        1.264657 network latency _1888_/CLK
---------------
1.222353 1.264657 latency
        0.042303 skew

fall -> fall
    min     max
0.000000 0.000000 source latency
1.183352         network latency _2053_/CLK
        1.229227 network latency _1888_/CLK
---------------
1.183352 1.229227 latency
        0.045875 skew



===========================================================================
report_clock_min_period
============================================================================
periph_clk period_min = 7.68 fmax = 130.14
