
===========================================================================
report_checks -unconstrained
===========================================================================
======================= max_tt_025C_5v00 Corner ===================================

Startpoint: _2030_ (rising edge-triggered flip-flop clocked by sys_clk)
Endpoint: _2067_ (recovery check against rising-edge clock sys_clk)
Path Group: asynchronous
Path Type: max

Fanout         Cap        Slew       Delay        Time   Description
---------------------------------------------------------------------------------------------
                                  0.000000    0.000000   clock sys_clk (rise edge)
                                  0.000000    0.000000   clock source latency
     1    0.064027    0.288591    0.157520    0.157520 ^ sys_clk_i (in)
                                                         sys_clk_i (net)
                      0.289133    0.000000    0.157520 ^ clkbuf_0_sys_clk_i/I (gf180mcu_fd_sc_mcu7t5v0__clkbuf_20)
    16    0.172772    0.191260    0.333912    0.491432 ^ clkbuf_0_sys_clk_i/Z (gf180mcu_fd_sc_mcu7t5v0__clkbuf_20)
                                                         clknet_0_sys_clk_i (net)
                      0.191365    0.006847    0.498279 ^ clkbuf_4_7_0_sys_clk_i/I (gf180mcu_fd_sc_mcu7t5v0__clkbuf_2)
     2    0.060573    0.520097    0.504738    1.003017 ^ clkbuf_4_7_0_sys_clk_i/Z (gf180mcu_fd_sc_mcu7t5v0__clkbuf_2)
                                                         clknet_4_7_0_sys_clk_i (net)
                      0.520107    0.001280    1.004297 ^ clkbuf_5_14__f_sys_clk_i/I (gf180mcu_fd_sc_mcu7t5v0__clkbuf_20)
     6    0.040276    0.109769    0.310478    1.314776 ^ clkbuf_5_14__f_sys_clk_i/Z (gf180mcu_fd_sc_mcu7t5v0__clkbuf_20)
                                                         clknet_5_14__leaf_sys_clk_i (net)
                      0.109773    0.001293    1.316068 ^ _2030_/CLK (gf180mcu_fd_sc_mcu7t5v0__dffrnq_1)
     2    0.040443    0.423828    0.916157    2.232225 v _2030_/Q (gf180mcu_fd_sc_mcu7t5v0__dffrnq_1)
                                                         s_uart_rx_clean_fifo (net)
                      0.423947    0.002037    2.234262 v _0923_/A2 (gf180mcu_fd_sc_mcu7t5v0__nor2_1)
     2    0.022886    0.784236    0.548090    2.782352 ^ _0923_/ZN (gf180mcu_fd_sc_mcu7t5v0__nor2_1)
                                                         u_dc_fifo_rx.dst_rstn_i (net)
                      0.784236    0.000771    2.783123 ^ fanout336/I (gf180mcu_fd_sc_mcu7t5v0__dlyd_1)
     1    0.010297    0.241562    2.298285    5.081409 ^ fanout336/Z (gf180mcu_fd_sc_mcu7t5v0__dlyd_1)
                                                         net336 (net)
                      0.241564    0.000319    5.081728 ^ wire338/I (gf180mcu_fd_sc_mcu7t5v0__clkbuf_2)
     5    0.050378    0.438147    0.467357    5.549085 ^ wire338/Z (gf180mcu_fd_sc_mcu7t5v0__clkbuf_2)
                                                         net338 (net)
                      0.438203    0.002743    5.551827 ^ load_slew337/I (gf180mcu_fd_sc_mcu7t5v0__clkbuf_2)
     4    0.042137    0.374660    0.465715    6.017543 ^ load_slew337/Z (gf180mcu_fd_sc_mcu7t5v0__clkbuf_2)
                                                         net337 (net)
                      0.374675    0.001207    6.018749 ^ fanout329/I (gf180mcu_fd_sc_mcu7t5v0__dlyd_1)
     2    0.014819    0.307883    2.335935    8.354684 ^ fanout329/Z (gf180mcu_fd_sc_mcu7t5v0__dlyd_1)
                                                         net329 (net)
                      0.307883    0.000160    8.354844 ^ load_slew332/I (gf180mcu_fd_sc_mcu7t5v0__clkbuf_2)
     4    0.044468    0.392806    0.454578    8.809422 ^ load_slew332/Z (gf180mcu_fd_sc_mcu7t5v0__clkbuf_2)
                                                         net332 (net)
                      0.392830    0.001708    8.811130 ^ load_slew331/I (gf180mcu_fd_sc_mcu7t5v0__clkbuf_2)
     4    0.031746    0.296735    0.411226    9.222356 ^ load_slew331/Z (gf180mcu_fd_sc_mcu7t5v0__clkbuf_2)
                                                         net331 (net)
                      0.296735    0.000346    9.222701 ^ load_slew330/I (gf180mcu_fd_sc_mcu7t5v0__buf_2)
     3    0.027435    0.258849    0.305699    9.528400 ^ load_slew330/Z (gf180mcu_fd_sc_mcu7t5v0__buf_2)
                                                         net330 (net)
                      0.258850    0.000406    9.528807 ^ _2067_/SETN (gf180mcu_fd_sc_mcu7t5v0__dffsnq_1)
                                              9.528807   data arrival time

                                 20.000000   20.000000   clock sys_clk (rise edge)
                                  0.000000   20.000000   clock source latency
     1    0.064027    0.288591    0.157520   20.157520 ^ sys_clk_i (in)
                                                         sys_clk_i (net)
                      0.289133    0.000000   20.157520 ^ clkbuf_0_sys_clk_i/I (gf180mcu_fd_sc_mcu7t5v0__clkbuf_20)
    16    0.172772    0.191260    0.333912   20.491432 ^ clkbuf_0_sys_clk_i/Z (gf180mcu_fd_sc_mcu7t5v0__clkbuf_20)
                                                         clknet_0_sys_clk_i (net)
                      0.191356    0.006587   20.498020 ^ clkbuf_4_4_0_sys_clk_i/I (gf180mcu_fd_sc_mcu7t5v0__clkbuf_2)
     2    0.059292    0.509855    0.498634   20.996655 ^ clkbuf_4_4_0_sys_clk_i/Z (gf180mcu_fd_sc_mcu7t5v0__clkbuf_2)
                                                         clknet_4_4_0_sys_clk_i (net)
                      0.509867    0.001393   20.998047 ^ clkbuf_5_8__f_sys_clk_i/I (gf180mcu_fd_sc_mcu7t5v0__clkbuf_20)
     6    0.031297    0.102847    0.303746   21.301792 ^ clkbuf_5_8__f_sys_clk_i/Z (gf180mcu_fd_sc_mcu7t5v0__clkbuf_20)
                                                         clknet_5_8__leaf_sys_clk_i (net)
                      0.102847    0.000103   21.301895 ^ _2067_/CLK (gf180mcu_fd_sc_mcu7t5v0__dffsnq_1)
                                 -0.250000   21.051897   clock uncertainty
                                  0.000000   21.051897   clock reconvergence pessimism
                                  0.014967   21.066862   library recovery time
                                             21.066862   data required time
---------------------------------------------------------------------------------------------
                                             21.066862   data required time
                                             -9.528807   data arrival time
---------------------------------------------------------------------------------------------
                                             11.538056   slack (MET)


Startpoint: _1967_ (rising edge-triggered flip-flop clocked by periph_clk)
Endpoint: _1776_ (rising edge-triggered flip-flop clocked by periph_clk)
Path Group: periph_clk
Path Type: max

Fanout         Cap        Slew       Delay        Time   Description
---------------------------------------------------------------------------------------------
                                  0.000000    0.000000   clock periph_clk (rise edge)
                                  0.000000    0.000000   clock source latency
     1    0.060688    0.276308    0.148711    0.148711 ^ periph_clk_i (in)
                                                         periph_clk_i (net)
                      0.276563    0.000000    0.148711 ^ clkbuf_0_periph_clk_i/I (gf180mcu_fd_sc_mcu7t5v0__clkbuf_20)
    16    0.145303    0.173461    0.322591    0.471301 ^ clkbuf_0_periph_clk_i/Z (gf180mcu_fd_sc_mcu7t5v0__clkbuf_20)
                                                         clknet_0_periph_clk_i (net)
                      0.173469    0.002145    0.473446 ^ clkbuf_4_12_0_periph_clk_i/I (gf180mcu_fd_sc_mcu7t5v0__clkbuf_2)
     2    0.062955    0.538770    0.511712    0.985158 ^ clkbuf_4_12_0_periph_clk_i/Z (gf180mcu_fd_sc_mcu7t5v0__clkbuf_2)
                                                         clknet_4_12_0_periph_clk_i (net)
                      0.538794    0.002000    0.987158 ^ clkbuf_5_24__f_periph_clk_i/I (gf180mcu_fd_sc_mcu7t5v0__clkbuf_20)
     5    0.027238    0.101021    0.305512    1.292670 ^ clkbuf_5_24__f_periph_clk_i/Z (gf180mcu_fd_sc_mcu7t5v0__clkbuf_20)
                                                         clknet_5_24__leaf_periph_clk_i (net)
                      0.101021    0.000507    1.293177 ^ _1967_/CLK (gf180mcu_fd_sc_mcu7t5v0__dffrnq_1)
     8    0.060567    1.024182    1.406291    2.699467 ^ _1967_/Q (gf180mcu_fd_sc_mcu7t5v0__dffrnq_1)
                                                         u_uart_rx.CS[0] (net)
                      1.024187    0.001324    2.700791 ^ _1003_/A1 (gf180mcu_fd_sc_mcu7t5v0__nor2_1)
     2    0.010319    0.390849    0.228439    2.929230 v _1003_/ZN (gf180mcu_fd_sc_mcu7t5v0__nor2_1)
                                                         _0783_ (net)
                      0.390849    0.000072    2.929302 v _1005_/A4 (gf180mcu_fd_sc_mcu7t5v0__nand4_1)
     3    0.029092    0.923274    0.656472    3.585773 ^ _1005_/ZN (gf180mcu_fd_sc_mcu7t5v0__nand4_1)
                                                         _0785_ (net)
                      0.923275    0.001084    3.586858 ^ _1077_/B (gf180mcu_fd_sc_mcu7t5v0__aoi21_1)
     1    0.007565    0.453484    0.315166    3.902024 v _1077_/ZN (gf180mcu_fd_sc_mcu7t5v0__aoi21_1)
                                                         _0851_ (net)
                      0.453484    0.000193    3.902217 v fanout285/I (gf180mcu_fd_sc_mcu7t5v0__dlyd_1)
     4    0.033873    0.465489    2.686992    6.589210 v fanout285/Z (gf180mcu_fd_sc_mcu7t5v0__dlyd_1)
                                                         net285 (net)
                      0.465491    0.000794    6.590003 v fanout282/I (gf180mcu_fd_sc_mcu7t5v0__dlyd_1)
     3    0.025725    0.396716    2.630111    9.220114 v fanout282/Z (gf180mcu_fd_sc_mcu7t5v0__dlyd_1)
                                                         net282 (net)
                      0.396716    0.000278    9.220392 v load_slew284/I (gf180mcu_fd_sc_mcu7t5v0__clkbuf_2)
     6    0.041516    0.355909    0.482171    9.702562 v load_slew284/Z (gf180mcu_fd_sc_mcu7t5v0__clkbuf_2)
                                                         net284 (net)
                      0.355918    0.001020    9.703582 v _1078_/I (gf180mcu_fd_sc_mcu7t5v0__clkinv_1)
     3    0.043930    0.747037    0.534815   10.238397 ^ _1078_/ZN (gf180mcu_fd_sc_mcu7t5v0__clkinv_1)
                                                         _0852_ (net)
                      0.747041    0.000979   10.239376 ^ _1278_/A2 (gf180mcu_fd_sc_mcu7t5v0__nor2_4)
     4    0.063721    0.446874    0.315771   10.555147 v _1278_/ZN (gf180mcu_fd_sc_mcu7t5v0__nor2_4)
                                                         _0408_ (net)
                      0.446875    0.001069   10.556216 v load_slew224/I (gf180mcu_fd_sc_mcu7t5v0__clkbuf_3)
     5    0.077831    0.355505    0.509102   11.065319 v load_slew224/Z (gf180mcu_fd_sc_mcu7t5v0__clkbuf_3)
                                                         net224 (net)
                      0.355573    0.002731   11.068049 v _1285_/S (gf180mcu_fd_sc_mcu7t5v0__mux2_2)
     1    0.003695    0.099318    0.424602   11.492652 ^ _1285_/Z (gf180mcu_fd_sc_mcu7t5v0__mux2_2)
                                                         _0050_ (net)
                      0.099318    0.000039   11.492691 ^ _1776_/D (gf180mcu_fd_sc_mcu7t5v0__dffrnq_1)
                                             11.492691   data arrival time

                                 20.000000   20.000000   clock periph_clk (rise edge)
                                  0.000000   20.000000   clock source latency
     1    0.060688    0.276308    0.148711   20.148712 ^ periph_clk_i (in)
                                                         periph_clk_i (net)
                      0.276563    0.000000   20.148712 ^ clkbuf_0_periph_clk_i/I (gf180mcu_fd_sc_mcu7t5v0__clkbuf_20)
    16    0.145303    0.173461    0.322590   20.471302 ^ clkbuf_0_periph_clk_i/Z (gf180mcu_fd_sc_mcu7t5v0__clkbuf_20)
                                                         clknet_0_periph_clk_i (net)
                      0.173468    0.002069   20.473372 ^ clkbuf_4_1_0_periph_clk_i/I (gf180mcu_fd_sc_mcu7t5v0__clkbuf_2)
     2    0.059659    0.512817    0.496748   20.970119 ^ clkbuf_4_1_0_periph_clk_i/Z (gf180mcu_fd_sc_mcu7t5v0__clkbuf_2)
                                                         clknet_4_1_0_periph_clk_i (net)
                      0.512830    0.001418   20.971537 ^ clkbuf_5_3__f_periph_clk_i/I (gf180mcu_fd_sc_mcu7t5v0__clkbuf_20)
     5    0.033803    0.105134    0.305898   21.277433 ^ clkbuf_5_3__f_periph_clk_i/Z (gf180mcu_fd_sc_mcu7t5v0__clkbuf_20)
                                                         clknet_5_3__leaf_periph_clk_i (net)
                      0.105134    0.000306   21.277739 ^ _1776_/CLK (gf180mcu_fd_sc_mcu7t5v0__dffrnq_1)
                                 -0.250000   21.027740   clock uncertainty
                                  0.000000   21.027740   clock reconvergence pessimism
                                 -0.297412   20.730328   library setup time
                                             20.730328   data required time
---------------------------------------------------------------------------------------------
                                             20.730328   data required time
                                            -11.492691   data arrival time
---------------------------------------------------------------------------------------------
                                              9.237638   slack (MET)


Startpoint: cfg_rwn_i (input port clocked by sys_clk)
Endpoint: cfg_data_o[2] (output port clocked by sys_clk)
Path Group: sys_clk
Path Type: max

Fanout         Cap        Slew       Delay        Time   Description
---------------------------------------------------------------------------------------------
                                  0.000000    0.000000   clock sys_clk (rise edge)
                                  0.000000    0.000000   clock network delay (propagated)
                                  2.000000    2.000000 ^ input external delay
     1    0.018941    0.351506    0.180967    2.180968 ^ cfg_rwn_i (in)
                                                         cfg_rwn_i (net)
                      0.351507    0.000000    2.180968 ^ input38/I (gf180mcu_fd_sc_mcu7t5v0__clkbuf_2)
     8    0.076968    0.649199    0.610206    2.791173 ^ input38/Z (gf180mcu_fd_sc_mcu7t5v0__clkbuf_2)
                                                         net38 (net)
                      0.649319    0.004932    2.796106 ^ _1206_/A1 (gf180mcu_fd_sc_mcu7t5v0__nand3_1)
     3    0.016407    0.482178    0.359285    3.155391 v _1206_/ZN (gf180mcu_fd_sc_mcu7t5v0__nand3_1)
                                                         _0352_ (net)
                      0.482178    0.000202    3.155592 v _1210_/A2 (gf180mcu_fd_sc_mcu7t5v0__or2_1)
     3    0.048230    0.544265    0.794255    3.949847 v _1210_/Z (gf180mcu_fd_sc_mcu7t5v0__or2_1)
                                                         _0356_ (net)
                      0.544269    0.000866    3.950713 v _1215_/A4 (gf180mcu_fd_sc_mcu7t5v0__nor4_4)
     4    0.049945    1.085309    0.777358    4.728071 ^ _1215_/ZN (gf180mcu_fd_sc_mcu7t5v0__nor4_4)
                                                         _0361_ (net)
                      1.085309    0.000803    4.728875 ^ load_slew313/I (gf180mcu_fd_sc_mcu7t5v0__clkbuf_2)
     4    0.059452    0.514591    0.627512    5.356387 ^ load_slew313/Z (gf180mcu_fd_sc_mcu7t5v0__clkbuf_2)
                                                         net313 (net)
                      0.514639    0.002683    5.359069 ^ fanout310/I (gf180mcu_fd_sc_mcu7t5v0__dlyd_1)
     5    0.045028    0.773103    2.619735    7.978805 ^ fanout310/Z (gf180mcu_fd_sc_mcu7t5v0__dlyd_1)
                                                         net310 (net)
                      0.773103    0.000469    7.979273 ^ load_slew311/I (gf180mcu_fd_sc_mcu7t5v0__clkbuf_2)
     6    0.071816    0.609037    0.646780    8.626054 ^ load_slew311/Z (gf180mcu_fd_sc_mcu7t5v0__clkbuf_2)
                                                         net311 (net)
                      0.609147    0.004547    8.630601 ^ _1236_/B1 (gf180mcu_fd_sc_mcu7t5v0__aoi222_2)
     1    0.013447    0.618215    0.294338    8.924938 v _1236_/ZN (gf180mcu_fd_sc_mcu7t5v0__aoi222_2)
                                                         _0380_ (net)
                      0.618215    0.000505    8.925444 v _1237_/A2 (gf180mcu_fd_sc_mcu7t5v0__nand2_1)
     1    0.020854    0.497747    0.459298    9.384741 ^ _1237_/ZN (gf180mcu_fd_sc_mcu7t5v0__nand2_1)
                                                         net135 (net)
                      0.497748    0.000848    9.385590 ^ output135/I (gf180mcu_fd_sc_mcu7t5v0__buf_2)
     1    0.088840    0.745823    0.603076    9.988666 ^ output135/Z (gf180mcu_fd_sc_mcu7t5v0__buf_2)
                                                         cfg_data_o[2] (net)
                      0.745895    0.004102    9.992767 ^ cfg_data_o[2] (out)
                                              9.992767   data arrival time

                                 20.000000   20.000000   clock sys_clk (rise edge)
                                  0.000000   20.000000   clock network delay (propagated)
                                 -0.250000   19.750002   clock uncertainty
                                  0.000000   19.750002   clock reconvergence pessimism
                                 -2.000000   17.750002   output external delay
                                             17.750002   data required time
---------------------------------------------------------------------------------------------
                                             17.750002   data required time
                                             -9.992767   data arrival time
---------------------------------------------------------------------------------------------
                                              7.757233   slack (MET)




===========================================================================
report_checks --slack_max -0.01
============================================================================
======================= max_tt_025C_5v00 Corner ===================================

No paths found.


===========================================================================
 report_check_types -max_slew -max_cap -max_fanout -violators
============================================================================
======================= max_tt_025C_5v00 Corner ===================================

max fanout

Pin                                   Limit Fanout  Slack
---------------------------------------------------------
clkbuf_0_periph_clk_i/Z                  10     16     -6 (VIOLATED)
clkbuf_0_sys_clk_i/Z                     10     16     -6 (VIOLATED)



===========================================================================
report_parasitic_annotation -report_unannotated
============================================================================
Found 46 unannotated drivers.
 data_tx_i[10]
 data_tx_i[11]
 data_tx_i[12]
 data_tx_i[13]
 data_tx_i[14]
 data_tx_i[15]
 data_tx_i[16]
 data_tx_i[17]
 data_tx_i[18]
 data_tx_i[19]
 data_tx_i[20]
 data_tx_i[21]
 data_tx_i[22]
 data_tx_i[23]
 data_tx_i[24]
 data_tx_i[25]
 data_tx_i[26]
 data_tx_i[27]
 data_tx_i[28]
 data_tx_i[29]
 data_tx_i[30]
 data_tx_i[31]
 data_tx_i[8]
 data_tx_i[9]
 clkload0/Z
 clkload1/Z
 clkload10/Z
 clkload11/Z
 clkload12/Z
 clkload13/Z
 clkload14/Z
 clkload15/Z
 clkload16/Z
 clkload17/Z
 clkload18/Z
 clkload19/Z
 clkload2/Z
 clkload20/Z
 clkload21/Z
 clkload3/Z
 clkload4/Z
 clkload5/Z
 clkload6/Z
 clkload7/Z
 clkload8/Z
 clkload9/Z
Found 0 partially unannotated drivers.

===========================================================================
max slew violation count 0
max fanout violation count 2
max cap violation count 0
============================================================================

===========================================================================
check_setup -verbose -unconstrained_endpoints -multiple_clock -no_clock -no_input_delay -loops -generated_clocks
===========================================================================
Warning: There is 1 input port missing set_input_delay.
  rstn_i
