Clock: sys_clk
Sources: sys_clk_i 
Generated: no
Virtual: yes
Propagated: no
Period: 20.000000

===========================================================================
report_clock_properties
============================================================================
Clock                   Period          Waveform
----------------------------------------------------
sys_clk              20.000000    0.000000 10.000000

===========================================================================
report_clock_latency
============================================================================
Clock sys_clk
rise -> rise
    min     max
0.000000 0.000000 source latency
1.301896         network latency _2067_/CLK
        1.370319 network latency _1905_/CLK
---------------
1.301896 1.370319 latency
        0.068423 skew

fall -> fall
    min     max
0.000000 0.000000 source latency
1.272526         network latency _2067_/CLK
        1.347445 network latency _1905_/CLK
---------------
1.272526 1.347445 latency
        0.074919 skew



===========================================================================
report_clock_min_period
============================================================================
sys_clk period_min = 8.46 fmax = 118.18
Clock: periph_clk
Sources: periph_clk_i 
Generated: no
Virtual: yes
Propagated: no
Period: 20.000000

===========================================================================
report_clock_properties
============================================================================
Clock                   Period          Waveform
----------------------------------------------------
periph_clk           20.000000    0.000000 10.000000

===========================================================================
report_clock_latency
============================================================================
Clock periph_clk
rise -> rise
    min     max
0.000000 0.000000 source latency
1.267515         network latency _2032_/CLK
        1.307331 network latency _1991_/CLK
---------------
1.267515 1.307331 latency
        0.039816 skew

fall -> fall
    min     max
0.000000 0.000000 source latency
1.239339         network latency _2032_/CLK
        1.282894 network latency _1991_/CLK
---------------
1.239339 1.282894 latency
        0.043554 skew



===========================================================================
report_clock_min_period
============================================================================
periph_clk period_min = 10.76 fmax = 92.92
