107. Printing statistics.

=== udma_uart_rx ===

        +----------Local Count, excluding submodules.
        | 
      250 wires
      318 wire bits
       24 public wires
       66 public wire bits
       15 ports
       38 port bits
      292 cells
       57   $_ANDNOT_
        9   $_AND_
        8   $_DFFE_PN0P_
        8   $_DFFE_PN1P_
       17   $_DFF_PN0_
        3   $_DFF_PN1_
        2   $_MUX_
       11   $_NAND_
        9   $_NOR_
        5   $_NOT_
       17   $_ORNOT_
       95   $_OR_
        2   $_XNOR_
       49   $_XOR_

   Area for cell type $_ANDNOT_ is unknown!
   Area for cell type $_AND_ is unknown!
   Area for cell type $_DFFE_PN0P_ is unknown!
   Area for cell type $_DFFE_PN1P_ is unknown!
   Area for cell type $_DFF_PN0_ is unknown!
   Area for cell type $_DFF_PN1_ is unknown!
   Area for cell type $_MUX_ is unknown!
   Area for cell type $_NAND_ is unknown!
   Area for cell type $_NOR_ is unknown!
   Area for cell type $_NOT_ is unknown!
   Area for cell type $_ORNOT_ is unknown!
   Area for cell type $_OR_ is unknown!
   Area for cell type $_XNOR_ is unknown!
   Area for cell type $_XOR_ is unknown!

