117. Printing statistics.

=== udma_uart_rx ===

        +----------Local Count, excluding submodules.
        |        +-Local Area, excluding submodules.
        |        | 
      221        - wires
      244        - wire bits
       41        - public wires
       64        - public wire bits
       15        - ports
       38        - port bits
      219  6041.19 cells
        8  140.493   gf180mcu_fd_sc_mcu7t5v0__and2_1
        1   21.952   gf180mcu_fd_sc_mcu7t5v0__and3_1
        4   96.589   gf180mcu_fd_sc_mcu7t5v0__and4_1
        1   21.952   gf180mcu_fd_sc_mcu7t5v0__aoi211_1
       10  175.616   gf180mcu_fd_sc_mcu7t5v0__aoi21_1
        1   24.147   gf180mcu_fd_sc_mcu7t5v0__aoi221_1
        4   79.027   gf180mcu_fd_sc_mcu7t5v0__aoi22_1
       22  193.178   gf180mcu_fd_sc_mcu7t5v0__clkinv_1
       25  1865.92   gf180mcu_fd_sc_mcu7t5v0__dffrnq_1
       11  869.299   gf180mcu_fd_sc_mcu7t5v0__dffsnq_1
        7  230.496   gf180mcu_fd_sc_mcu7t5v0__mux2_2
       19  208.544   gf180mcu_fd_sc_mcu7t5v0__nand2_1
        7  107.565   gf180mcu_fd_sc_mcu7t5v0__nand3_1
        6  118.541   gf180mcu_fd_sc_mcu7t5v0__nand4_1
       24  316.109   gf180mcu_fd_sc_mcu7t5v0__nor2_1
       14  245.862   gf180mcu_fd_sc_mcu7t5v0__nor3_1
        4   87.808   gf180mcu_fd_sc_mcu7t5v0__nor4_1
        2   43.904   gf180mcu_fd_sc_mcu7t5v0__oai211_1
       10  175.616   gf180mcu_fd_sc_mcu7t5v0__oai21_1
        1   32.928   gf180mcu_fd_sc_mcu7t5v0__oai222_1
        2   43.904   gf180mcu_fd_sc_mcu7t5v0__oai22_1
        1   24.147   gf180mcu_fd_sc_mcu7t5v0__oai31_1
        2   35.123   gf180mcu_fd_sc_mcu7t5v0__or2_1
        1   26.342   gf180mcu_fd_sc_mcu7t5v0__or4_1
        6  171.226   gf180mcu_fd_sc_mcu7t5v0__xnor2_1
       26  684.902   gf180mcu_fd_sc_mcu7t5v0__xor2_1

   Chip area for module '\udma_uart_rx': 6041.190400
     of which used for sequential elements: 2735.219200 (45.28%)

