+ analyze_power_grid -net VDD -voltage_file /home/sahana/core5_udma/hardening/uart_top/runs/RUN_2026-07-26_13-08-17/56-openroad-irdropreport/net-VDD.csv
[INFO PSM-0040] All shapes on net VDD are connected.
########## IR report #################
Net              : VDD
Corner           : nom_tt_025C_5v00
Total power      : 3.98e-02 W
Supply voltage   : 5.00e+00 V
Worstcase voltage: 5.00e+00 V
Average voltage  : 5.00e+00 V
Average IR drop  : 2.67e-04 V
Worstcase IR drop: 7.19e-04 V
Percentage drop  : 0.01 %
######################################
+ analyze_power_grid -net VSS -voltage_file /home/sahana/core5_udma/hardening/uart_top/runs/RUN_2026-07-26_13-08-17/56-openroad-irdropreport/net-VSS.csv
[INFO PSM-0040] All shapes on net VSS are connected.
########## IR report #################
Net              : VSS
Corner           : nom_tt_025C_5v00
Total power      : 3.98e-02 W
Supply voltage   : 0.00e+00 V
Worstcase voltage: 7.27e-04 V
Average voltage  : 2.56e-04 V
Average IR drop  : 2.56e-04 V
Worstcase IR drop: 7.27e-04 V
Percentage drop  : 0.01 %
######################################
