Clock: sys_clk
Sources: sys_clk_i 
Generated: no
Virtual: yes
Propagated: no
Period: 20.000000

===========================================================================
report_clock_properties
============================================================================
Clock                   Period          Waveform
----------------------------------------------------
sys_clk              20.000000    0.000000 10.000000

===========================================================================
report_clock_latency
============================================================================
Clock sys_clk
rise -> rise
    min     max
0.000000 0.000000 source latency
0.710613         network latency _1808_/CLK
        0.732499 network latency _1888_/CLK
---------------
0.710613 0.732499 latency
        0.021887 skew

fall -> fall
    min     max
0.000000 0.000000 source latency
0.682167         network latency _1808_/CLK
        0.704774 network latency _1888_/CLK
---------------
0.682167 0.704774 latency
        0.022607 skew



===========================================================================
report_clock_min_period
============================================================================
sys_clk period_min = 4.43 fmax = 225.63
Clock: periph_clk
Sources: periph_clk_i 
Generated: no
Virtual: yes
Propagated: no
Period: 20.000000

===========================================================================
report_clock_properties
============================================================================
Clock                   Period          Waveform
----------------------------------------------------
periph_clk           20.000000    0.000000 10.000000

===========================================================================
report_clock_latency
============================================================================
Clock periph_clk
rise -> rise
    min     max
0.000000 0.000000 source latency
0.688178         network latency _2021_/CLK
        0.696244 network latency _1798_/CLK
---------------
0.688178 0.696244 latency
        0.008066 skew

fall -> fall
    min     max
0.000000 0.000000 source latency
0.662653         network latency _2021_/CLK
        0.671847 network latency _1798_/CLK
---------------
0.662653 0.671847 latency
        0.009194 skew



===========================================================================
report_clock_min_period
============================================================================
periph_clk period_min = 5.79 fmax = 172.60
