Starting…
Running 'Verilator.Lint' at '../../core5_udma/hardening/uart_top/runs/TRIAL_8/01-verilator-lint'…
Logging subprocess to [repr.filename]'../../core5_udma/hardening/uart_top/runs/TRIAL_8/01-verilator-lint/verilator-lint.log'[/repr.filename]…
Running 'Checker.LintTimingConstructs' at '../../core5_udma/hardening/uart_top/runs/TRIAL_8/02-checker-linttimingconstructs'…
Check for Lint Timing Errors clear.
Running 'Checker.LintErrors' at '../../core5_udma/hardening/uart_top/runs/TRIAL_8/03-checker-linterrors'…
Check for Lint errors clear.
Running 'Checker.LintWarnings' at '../../core5_udma/hardening/uart_top/runs/TRIAL_8/04-checker-lintwarnings'…
12 Lint warnings found.
Running 'Yosys.JsonHeader' at '../../core5_udma/hardening/uart_top/runs/TRIAL_8/05-yosys-jsonheader'…
Logging subprocess to [repr.filename]'../../core5_udma/hardening/uart_top/runs/TRIAL_8/05-yosys-jsonheader/yosys-jsonheader.log'[/repr.filename]…
Running 'Yosys.Synthesis' at '../../core5_udma/hardening/uart_top/runs/TRIAL_8/06-yosys-synthesis'…
Logging subprocess to [repr.filename]'../../core5_udma/hardening/uart_top/runs/TRIAL_8/06-yosys-synthesis/yosys-synthesis.log'[/repr.filename]…
Parsing synthesis checks…
Running 'Checker.YosysUnmappedCells' at '../../core5_udma/hardening/uart_top/runs/TRIAL_8/07-checker-yosysunmappedcells'…
Check for Unmapped Yosys instances clear.
Running 'Checker.YosysSynthChecks' at '../../core5_udma/hardening/uart_top/runs/TRIAL_8/08-checker-yosyssynthchecks'…
Check for Yosys check errors clear.
Running 'Checker.NetlistAssignStatements' at '../../core5_udma/hardening/uart_top/runs/TRIAL_8/09-checker-netlistassignstatements'…
Running 'OpenROAD.CheckSDCFiles' at '../../core5_udma/hardening/uart_top/runs/TRIAL_8/10-openroad-checksdcfiles'…
Running 'OpenROAD.CheckMacroInstances' at '../../core5_udma/hardening/uart_top/runs/TRIAL_8/11-openroad-checkmacroinstances'…
No macros found, skipping instance check…
Running 'OpenROAD.STAPrePNR' at '../../core5_udma/hardening/uart_top/runs/TRIAL_8/12-openroad-staprepnr'…
Starting STA for the nom_tt_025C_5v00 timing corner…
Starting STA for the nom_ss_125C_4v50 timing corner…
Starting STA for the nom_ff_n40C_5v50 timing corner…
Skipping corner min_tt_025C_5v00 for STA (identical to nom_tt_025C_5v00 at this stage)…
Skipping corner min_ss_125C_4v50 for STA (identical to nom_ss_125C_4v50 at this stage)…
Skipping corner min_ff_n40C_5v50 for STA (identical to nom_ff_n40C_5v50 at this stage)…
Skipping corner max_tt_025C_5v00 for STA (identical to nom_tt_025C_5v00 at this stage)…
Skipping corner max_ss_125C_4v50 for STA (identical to nom_ss_125C_4v50 at this stage)…
Logging subprocess to [repr.filename]'../../core5_udma/hardening/uart_top/runs/TRIAL_8/12-openroad-staprepnr/nom_tt_025C_5v00/sta.log'[/repr.filename]…
Skipping corner max_ff_n40C_5v50 for STA (identical to nom_ff_n40C_5v50 at this stage)…
Logging subprocess to [repr.filename]'../../core5_udma/hardening/uart_top/runs/TRIAL_8/12-openroad-staprepnr/nom_ss_125C_4v50/sta.log'[/repr.filename]…
Logging subprocess to [repr.filename]'../../core5_udma/hardening/uart_top/runs/TRIAL_8/12-openroad-staprepnr/nom_ff_n40C_5v50/sta.log'[/repr.filename]…
Finished STA for the nom_tt_025C_5v00 timing corner.
Finished STA for the nom_ff_n40C_5v50 timing corner.
Finished STA for the nom_ss_125C_4v50 timing corner.
Running 'OpenROAD.Floorplan' at '../../core5_udma/hardening/uart_top/runs/TRIAL_8/13-openroad-floorplan'…
Logging subprocess to [repr.filename]'../../core5_udma/hardening/uart_top/runs/TRIAL_8/13-openroad-floorplan/openroad-floorplan.log'[/repr.filename]…
Running 'OpenROAD.DumpRCValues' at '../../core5_udma/hardening/uart_top/runs/TRIAL_8/14-openroad-dumprcvalues'…
Logging subprocess to [repr.filename]'../../core5_udma/hardening/uart_top/runs/TRIAL_8/14-openroad-dumprcvalues/openroad-dumprcvalues.log'[/repr.filename]…
Running 'Odb.CheckMacroAntennaProperties' at '../../core5_udma/hardening/uart_top/runs/TRIAL_8/15-odb-checkmacroantennaproperties'…
No cells provided, skipping 'Odb.CheckMacroAntennaProperties'…
Running 'Odb.SetPowerConnections' at '../../core5_udma/hardening/uart_top/runs/TRIAL_8/16-odb-setpowerconnections'…
Logging subprocess to [repr.filename]'../../core5_udma/hardening/uart_top/runs/TRIAL_8/16-odb-setpowerconnections/odb-setpowerconnections.log'[/repr.filename]…
Running 'Odb.ManualMacroPlacement' at '../../core5_udma/hardening/uart_top/runs/TRIAL_8/17-odb-manualmacroplacement'…
No instances found, skipping 'Odb.ManualMacroPlacement'…
Running 'OpenROAD.CutRows' at '../../core5_udma/hardening/uart_top/runs/TRIAL_8/18-openroad-cutrows'…
Logging subprocess to [repr.filename]'../../core5_udma/hardening/uart_top/runs/TRIAL_8/18-openroad-cutrows/openroad-cutrows.log'[/repr.filename]…
Running 'OpenROAD.TapEndcapInsertion' at '../../core5_udma/hardening/uart_top/runs/TRIAL_8/19-openroad-tapendcapinsertion'…
Logging subprocess to [repr.filename]'../../core5_udma/hardening/uart_top/runs/TRIAL_8/19-openroad-tapendcapinsertion/openroad-tapendcapinsertion.log'[/repr.filename]…
Running 'Odb.AddPDNObstructions' at '../../core5_udma/hardening/uart_top/runs/TRIAL_8/20-odb-addpdnobstructions'…
'PDN_OBSTRUCTIONS' is not defined. Skipping 'Odb.AddPDNObstructions'…
Running 'OpenROAD.GeneratePDN' at '../../core5_udma/hardening/uart_top/runs/TRIAL_8/21-openroad-generatepdn'…
'PDN_CFG' not explicitly set, setting it to /nix/store/iqyiydf2bhwgfxm1zn9qnqfm9wvgby9d-python3-3.13.9-env/lib/python3.13/site-packages/librelane/scripts/openroad/common/pdn_cfg.tcl…
Logging subprocess to [repr.filename]'../../core5_udma/hardening/uart_top/runs/TRIAL_8/21-openroad-generatepdn/openroad-generatepdn.log'[/repr.filename]…
Running 'Odb.RemovePDNObstructions' at '../../core5_udma/hardening/uart_top/runs/TRIAL_8/22-odb-removepdnobstructions'…
'PDN_OBSTRUCTIONS' is not defined. Skipping 'Odb.RemovePDNObstructions'…
Running 'Odb.AddRoutingObstructions' at '../../core5_udma/hardening/uart_top/runs/TRIAL_8/23-odb-addroutingobstructions'…
'ROUTING_OBSTRUCTIONS' is not defined. Skipping 'Odb.AddRoutingObstructions'…
Running 'OpenROAD.GlobalPlacementSkipIO' at '../../core5_udma/hardening/uart_top/runs/TRIAL_8/24-openroad-globalplacementskipio'…
Logging subprocess to [repr.filename]'../../core5_udma/hardening/uart_top/runs/TRIAL_8/24-openroad-globalplacementskipio/openroad-globalplacementskipio.log'[/repr.filename]…
Running 'OpenROAD.IOPlacement' at '../../core5_udma/hardening/uart_top/runs/TRIAL_8/25-openroad-ioplacement'…
Logging subprocess to [repr.filename]'../../core5_udma/hardening/uart_top/runs/TRIAL_8/25-openroad-ioplacement/openroad-ioplacement.log'[/repr.filename]…
Running 'Odb.CustomIOPlacement' at '../../core5_udma/hardening/uart_top/runs/TRIAL_8/26-odb-customioplacement'…
No custom I/O placement file configured, skipping 'Odb.CustomIOPlacement'…
Running 'Odb.ApplyDEFTemplate' at '../../core5_udma/hardening/uart_top/runs/TRIAL_8/27-odb-applydeftemplate'…
No DEF template provided, skipping 'Odb.ApplyDEFTemplate'…
Running 'OpenROAD.GlobalPlacement' at '../../core5_udma/hardening/uart_top/runs/TRIAL_8/28-openroad-globalplacement'…
Logging subprocess to [repr.filename]'../../core5_udma/hardening/uart_top/runs/TRIAL_8/28-openroad-globalplacement/openroad-globalplacement.log'[/repr.filename]…
Running 'Odb.WriteVerilogHeader' at '../../core5_udma/hardening/uart_top/runs/TRIAL_8/29-odb-writeverilogheader'…
Logging subprocess to [repr.filename]'../../core5_udma/hardening/uart_top/runs/TRIAL_8/29-odb-writeverilogheader/odb-writeverilogheader.log'[/repr.filename]…
Running 'Checker.PowerGridViolations' at '../../core5_udma/hardening/uart_top/runs/TRIAL_8/30-checker-powergridviolations'…
Check for power grid violations (as reported by OpenROAD PSM- you may ignore these if LVS passes) clear.
Running 'OpenROAD.STAMidPNR' at '../../core5_udma/hardening/uart_top/runs/TRIAL_8/31-openroad-stamidpnr'…
Logging subprocess to [repr.filename]'../../core5_udma/hardening/uart_top/runs/TRIAL_8/31-openroad-stamidpnr/openroad-stamidpnr.log'[/repr.filename]…
Running 'OpenROAD.RepairDesignPostGPL' at '../../core5_udma/hardening/uart_top/runs/TRIAL_8/32-openroad-repairdesignpostgpl'…
Logging subprocess to [repr.filename]'../../core5_udma/hardening/uart_top/runs/TRIAL_8/32-openroad-repairdesignpostgpl/openroad-repairdesignpostgpl.log'[/repr.filename]…
[STA-1140] /home/sahana/.ciel/gf180mcuD/libs.ref/gf180mcu_fd_sc_mcu7t5v0/lib/gf180mcu_fd_sc_mcu7t5v0__ff_n40C_5v50.lib line 17, library gf180mcu_fd_sc_mcu7t5v0__ff_n40C_5v50 already exists.
[STA-1140] /home/sahana/.ciel/gf180mcuD/libs.ref/gf180mcu_fd_sc_mcu7t5v0/lib/gf180mcu_fd_sc_mcu7t5v0__tt_025C_5v00.lib line 17, library gf180mcu_fd_sc_mcu7t5v0__tt_025C_5v00 already exists.
[STA-1140] /home/sahana/.ciel/gf180mcuD/libs.ref/gf180mcu_fd_sc_mcu7t5v0/lib/gf180mcu_fd_sc_mcu7t5v0__ff_n40C_5v50.lib line 17, library gf180mcu_fd_sc_mcu7t5v0__ff_n40C_5v50 already exists.
[STA-1140] /home/sahana/.ciel/gf180mcuD/libs.ref/gf180mcu_fd_sc_mcu7t5v0/lib/gf180mcu_fd_sc_mcu7t5v0__tt_025C_5v00.lib line 17, library gf180mcu_fd_sc_mcu7t5v0__tt_025C_5v00 already exists.
[STA-1140] /home/sahana/.ciel/gf180mcuD/libs.ref/gf180mcu_fd_sc_mcu7t5v0/lib/gf180mcu_fd_sc_mcu7t5v0__ss_125C_4v50.lib line 17, library gf180mcu_fd_sc_mcu7t5v0__ss_125C_4v50 already exists.
[STA-1140] /home/sahana/.ciel/gf180mcuD/libs.ref/gf180mcu_fd_sc_mcu7t5v0/lib/gf180mcu_fd_sc_mcu7t5v0__ss_125C_4v50.lib line 17, library gf180mcu_fd_sc_mcu7t5v0__ss_125C_4v50 already exists.
[RSZ-0020] found 2 floating nets.
Running 'Odb.ManualGlobalPlacement' at '../../core5_udma/hardening/uart_top/runs/TRIAL_8/33-odb-manualglobalplacement'…
'MANUAL_GLOBAL_PLACEMENTS' not set. Skipping 'Odb.ManualGlobalPlacement'…
Running 'OpenROAD.DetailedPlacement' at '../../core5_udma/hardening/uart_top/runs/TRIAL_8/34-openroad-detailedplacement'…
Logging subprocess to [repr.filename]'../../core5_udma/hardening/uart_top/runs/TRIAL_8/34-openroad-detailedplacement/openroad-detailedplacement.log'[/repr.filename]…
Running 'OpenROAD.CTS' at '../../core5_udma/hardening/uart_top/runs/TRIAL_8/35-openroad-cts'…
Logging subprocess to [repr.filename]'../../core5_udma/hardening/uart_top/runs/TRIAL_8/35-openroad-cts/openroad-cts.log'[/repr.filename]…
[STA-1140] /home/sahana/.ciel/gf180mcuD/libs.ref/gf180mcu_fd_sc_mcu7t5v0/lib/gf180mcu_fd_sc_mcu7t5v0__ff_n40C_5v50.lib line 17, library gf180mcu_fd_sc_mcu7t5v0__ff_n40C_5v50 already exists.
[STA-1140] /home/sahana/.ciel/gf180mcuD/libs.ref/gf180mcu_fd_sc_mcu7t5v0/lib/gf180mcu_fd_sc_mcu7t5v0__tt_025C_5v00.lib line 17, library gf180mcu_fd_sc_mcu7t5v0__tt_025C_5v00 already exists.
[STA-1140] /home/sahana/.ciel/gf180mcuD/libs.ref/gf180mcu_fd_sc_mcu7t5v0/lib/gf180mcu_fd_sc_mcu7t5v0__ff_n40C_5v50.lib line 17, library gf180mcu_fd_sc_mcu7t5v0__ff_n40C_5v50 already exists.
[STA-1140] /home/sahana/.ciel/gf180mcuD/libs.ref/gf180mcu_fd_sc_mcu7t5v0/lib/gf180mcu_fd_sc_mcu7t5v0__tt_025C_5v00.lib line 17, library gf180mcu_fd_sc_mcu7t5v0__tt_025C_5v00 already exists.
[STA-1140] /home/sahana/.ciel/gf180mcuD/libs.ref/gf180mcu_fd_sc_mcu7t5v0/lib/gf180mcu_fd_sc_mcu7t5v0__ss_125C_4v50.lib line 17, library gf180mcu_fd_sc_mcu7t5v0__ss_125C_4v50 already exists.
[STA-1140] /home/sahana/.ciel/gf180mcuD/libs.ref/gf180mcu_fd_sc_mcu7t5v0/lib/gf180mcu_fd_sc_mcu7t5v0__ss_125C_4v50.lib line 17, library gf180mcu_fd_sc_mcu7t5v0__ss_125C_4v50 already exists.
Running 'OpenROAD.STAMidPNR-1' at '../../core5_udma/hardening/uart_top/runs/TRIAL_8/36-openroad-stamidpnr-1'…
Logging subprocess to [repr.filename]'../../core5_udma/hardening/uart_top/runs/TRIAL_8/36-openroad-stamidpnr-1/openroad-stamidpnr-1.log'[/repr.filename]…
Running 'OpenROAD.ResizerTimingPostCTS' at '../../core5_udma/hardening/uart_top/runs/TRIAL_8/37-openroad-resizertimingpostcts'…
Logging subprocess to [repr.filename]'../../core5_udma/hardening/uart_top/runs/TRIAL_8/37-openroad-resizertimingpostcts/openroad-resizertimingpostcts.log'[/repr.filename]…
[STA-1140] /home/sahana/.ciel/gf180mcuD/libs.ref/gf180mcu_fd_sc_mcu7t5v0/lib/gf180mcu_fd_sc_mcu7t5v0__ff_n40C_5v50.lib line 17, library gf180mcu_fd_sc_mcu7t5v0__ff_n40C_5v50 already exists.
[STA-1140] /home/sahana/.ciel/gf180mcuD/libs.ref/gf180mcu_fd_sc_mcu7t5v0/lib/gf180mcu_fd_sc_mcu7t5v0__tt_025C_5v00.lib line 17, library gf180mcu_fd_sc_mcu7t5v0__tt_025C_5v00 already exists.
[STA-1140] /home/sahana/.ciel/gf180mcuD/libs.ref/gf180mcu_fd_sc_mcu7t5v0/lib/gf180mcu_fd_sc_mcu7t5v0__ff_n40C_5v50.lib line 17, library gf180mcu_fd_sc_mcu7t5v0__ff_n40C_5v50 already exists.
[STA-1140] /home/sahana/.ciel/gf180mcuD/libs.ref/gf180mcu_fd_sc_mcu7t5v0/lib/gf180mcu_fd_sc_mcu7t5v0__tt_025C_5v00.lib line 17, library gf180mcu_fd_sc_mcu7t5v0__tt_025C_5v00 already exists.
[STA-1140] /home/sahana/.ciel/gf180mcuD/libs.ref/gf180mcu_fd_sc_mcu7t5v0/lib/gf180mcu_fd_sc_mcu7t5v0__ss_125C_4v50.lib line 17, library gf180mcu_fd_sc_mcu7t5v0__ss_125C_4v50 already exists.
[STA-1140] /home/sahana/.ciel/gf180mcuD/libs.ref/gf180mcu_fd_sc_mcu7t5v0/lib/gf180mcu_fd_sc_mcu7t5v0__ss_125C_4v50.lib line 17, library gf180mcu_fd_sc_mcu7t5v0__ss_125C_4v50 already exists.
Running 'OpenROAD.STAMidPNR-2' at '../../core5_udma/hardening/uart_top/runs/TRIAL_8/38-openroad-stamidpnr-2'…
Logging subprocess to [repr.filename]'../../core5_udma/hardening/uart_top/runs/TRIAL_8/38-openroad-stamidpnr-2/openroad-stamidpnr-2.log'[/repr.filename]…
Running 'OpenROAD.GlobalRouting' at '../../core5_udma/hardening/uart_top/runs/TRIAL_8/39-openroad-globalrouting'…
Logging subprocess to [repr.filename]'../../core5_udma/hardening/uart_top/runs/TRIAL_8/39-openroad-globalrouting/openroad-globalrouting.log'[/repr.filename]…
Running 'OpenROAD.CheckAntennas' at '../../core5_udma/hardening/uart_top/runs/TRIAL_8/40-openroad-checkantennas'…
Logging subprocess to [repr.filename]'../../core5_udma/hardening/uart_top/runs/TRIAL_8/40-openroad-checkantennas/openroad-checkantennas.log'[/repr.filename]…
Running 'OpenROAD.RepairDesignPostGRT' at '../../core5_udma/hardening/uart_top/runs/TRIAL_8/41-openroad-repairdesignpostgrt'…
Logging subprocess to [repr.filename]'../../core5_udma/hardening/uart_top/runs/TRIAL_8/41-openroad-repairdesignpostgrt/openroad-repairdesignpostgrt.log'[/repr.filename]…
[STA-1140] /home/sahana/.ciel/gf180mcuD/libs.ref/gf180mcu_fd_sc_mcu7t5v0/lib/gf180mcu_fd_sc_mcu7t5v0__ff_n40C_5v50.lib line 17, library gf180mcu_fd_sc_mcu7t5v0__ff_n40C_5v50 already exists.
[STA-1140] /home/sahana/.ciel/gf180mcuD/libs.ref/gf180mcu_fd_sc_mcu7t5v0/lib/gf180mcu_fd_sc_mcu7t5v0__tt_025C_5v00.lib line 17, library gf180mcu_fd_sc_mcu7t5v0__tt_025C_5v00 already exists.
[STA-1140] /home/sahana/.ciel/gf180mcuD/libs.ref/gf180mcu_fd_sc_mcu7t5v0/lib/gf180mcu_fd_sc_mcu7t5v0__ff_n40C_5v50.lib line 17, library gf180mcu_fd_sc_mcu7t5v0__ff_n40C_5v50 already exists.
[STA-1140] /home/sahana/.ciel/gf180mcuD/libs.ref/gf180mcu_fd_sc_mcu7t5v0/lib/gf180mcu_fd_sc_mcu7t5v0__tt_025C_5v00.lib line 17, library gf180mcu_fd_sc_mcu7t5v0__tt_025C_5v00 already exists.
[STA-1140] /home/sahana/.ciel/gf180mcuD/libs.ref/gf180mcu_fd_sc_mcu7t5v0/lib/gf180mcu_fd_sc_mcu7t5v0__ss_125C_4v50.lib line 17, library gf180mcu_fd_sc_mcu7t5v0__ss_125C_4v50 already exists.
[STA-1140] /home/sahana/.ciel/gf180mcuD/libs.ref/gf180mcu_fd_sc_mcu7t5v0/lib/gf180mcu_fd_sc_mcu7t5v0__ss_125C_4v50.lib line 17, library gf180mcu_fd_sc_mcu7t5v0__ss_125C_4v50 already exists.
Running 'Odb.DiodesOnPorts' at '../../core5_udma/hardening/uart_top/runs/TRIAL_8/42-odb-diodesonports'…
'DIODE_ON_PORTS' is set to 'none': skipping 'Odb.DiodesOnPorts'…
Gating variable for step 'Odb.HeuristicDiodeInsertion' set to 'False'- the step will be skipped.
Skipping step 'Heuristic Diode Insertion'…
Running 'OpenROAD.RepairAntennas' at '../../core5_udma/hardening/uart_top/runs/TRIAL_8/43-openroad-repairantennas'…
Running 'OpenROAD.DiodeInsertion' at '../../core5_udma/hardening/uart_top/runs/TRIAL_8/43-openroad-repairantennas/1-openroad-diodeinsertion'…
Logging subprocess to [repr.filename]'../../core5_udma/hardening/uart_top/runs/TRIAL_8/43-openroad-repairantennas/1-openroad-diodeinsertion/openroad-diodeinsertion.log'[/repr.filename]…
Running 'OpenROAD.CheckAntennas' at '../../core5_udma/hardening/uart_top/runs/TRIAL_8/43-openroad-repairantennas/2-openroad-checkantennas'…
Logging subprocess to [repr.filename]'../../core5_udma/hardening/uart_top/runs/TRIAL_8/43-openroad-repairantennas/2-openroad-checkantennas/openroad-checkantennas.log'[/repr.filename]…
Running 'OpenROAD.ResizerTimingPostGRT' at '../../core5_udma/hardening/uart_top/runs/TRIAL_8/44-openroad-resizertimingpostgrt'…
Logging subprocess to [repr.filename]'../../core5_udma/hardening/uart_top/runs/TRIAL_8/44-openroad-resizertimingpostgrt/openroad-resizertimingpostgrt.log'[/repr.filename]…
[STA-1140] /home/sahana/.ciel/gf180mcuD/libs.ref/gf180mcu_fd_sc_mcu7t5v0/lib/gf180mcu_fd_sc_mcu7t5v0__ff_n40C_5v50.lib line 17, library gf180mcu_fd_sc_mcu7t5v0__ff_n40C_5v50 already exists.
[STA-1140] /home/sahana/.ciel/gf180mcuD/libs.ref/gf180mcu_fd_sc_mcu7t5v0/lib/gf180mcu_fd_sc_mcu7t5v0__tt_025C_5v00.lib line 17, library gf180mcu_fd_sc_mcu7t5v0__tt_025C_5v00 already exists.
[STA-1140] /home/sahana/.ciel/gf180mcuD/libs.ref/gf180mcu_fd_sc_mcu7t5v0/lib/gf180mcu_fd_sc_mcu7t5v0__ff_n40C_5v50.lib line 17, library gf180mcu_fd_sc_mcu7t5v0__ff_n40C_5v50 already exists.
[STA-1140] /home/sahana/.ciel/gf180mcuD/libs.ref/gf180mcu_fd_sc_mcu7t5v0/lib/gf180mcu_fd_sc_mcu7t5v0__tt_025C_5v00.lib line 17, library gf180mcu_fd_sc_mcu7t5v0__tt_025C_5v00 already exists.
[STA-1140] /home/sahana/.ciel/gf180mcuD/libs.ref/gf180mcu_fd_sc_mcu7t5v0/lib/gf180mcu_fd_sc_mcu7t5v0__ss_125C_4v50.lib line 17, library gf180mcu_fd_sc_mcu7t5v0__ss_125C_4v50 already exists.
[STA-1140] /home/sahana/.ciel/gf180mcuD/libs.ref/gf180mcu_fd_sc_mcu7t5v0/lib/gf180mcu_fd_sc_mcu7t5v0__ss_125C_4v50.lib line 17, library gf180mcu_fd_sc_mcu7t5v0__ss_125C_4v50 already exists.
Running 'OpenROAD.STAMidPNR-3' at '../../core5_udma/hardening/uart_top/runs/TRIAL_8/45-openroad-stamidpnr-3'…
Logging subprocess to [repr.filename]'../../core5_udma/hardening/uart_top/runs/TRIAL_8/45-openroad-stamidpnr-3/openroad-stamidpnr-3.log'[/repr.filename]…
Running 'OpenROAD.DetailedRouting' at '../../core5_udma/hardening/uart_top/runs/TRIAL_8/46-openroad-detailedrouting'…
Running TritonRoute with 16 threads…
Logging subprocess to [repr.filename]'../../core5_udma/hardening/uart_top/runs/TRIAL_8/46-openroad-detailedrouting/openroad-detailedrouting.log'[/repr.filename]…
[DRT-0349] LEF58_ENCLOSURE with no CUTCLASS is not supported. Skipping for layer Via1
[DRT-0349] LEF58_ENCLOSURE with no CUTCLASS is not supported. Skipping for layer Via1
[DRT-0349] LEF58_ENCLOSURE with no CUTCLASS is not supported. Skipping for layer Via2
[DRT-0349] LEF58_ENCLOSURE with no CUTCLASS is not supported. Skipping for layer Via2
[DRT-0349] LEF58_ENCLOSURE with no CUTCLASS is not supported. Skipping for layer Via3
[DRT-0349] LEF58_ENCLOSURE with no CUTCLASS is not supported. Skipping for layer Via3
[DRT-0349] LEF58_ENCLOSURE with no CUTCLASS is not supported. Skipping for layer Via4
[DRT-0349] LEF58_ENCLOSURE with no CUTCLASS is not supported. Skipping for layer Via4
Running 'Odb.RemoveRoutingObstructions' at '../../core5_udma/hardening/uart_top/runs/TRIAL_8/47-odb-removeroutingobstructions'…
'ROUTING_OBSTRUCTIONS' is not defined. Skipping 'Odb.RemoveRoutingObstructions'…
Running 'OpenROAD.CheckAntennas-1' at '../../core5_udma/hardening/uart_top/runs/TRIAL_8/48-openroad-checkantennas-1'…
Logging subprocess to [repr.filename]'../../core5_udma/hardening/uart_top/runs/TRIAL_8/48-openroad-checkantennas-1/openroad-checkantennas-1.log'[/repr.filename]…
Running 'Checker.TrDRC' at '../../core5_udma/hardening/uart_top/runs/TRIAL_8/49-checker-trdrc'…
Check for Routing DRC errors clear.
Running 'Odb.ReportDisconnectedPins' at '../../core5_udma/hardening/uart_top/runs/TRIAL_8/50-odb-reportdisconnectedpins'…
Logging subprocess to [repr.filename]'../../core5_udma/hardening/uart_top/runs/TRIAL_8/50-odb-reportdisconnectedpins/odb-reportdisconnectedpins.log'[/repr.filename]…
Running 'Checker.DisconnectedPins' at '../../core5_udma/hardening/uart_top/runs/TRIAL_8/51-checker-disconnectedpins'…
Check for critical disconnected pins clear.
Running 'Odb.ReportWireLength' at '../../core5_udma/hardening/uart_top/runs/TRIAL_8/52-odb-reportwirelength'…
Logging subprocess to [repr.filename]'../../core5_udma/hardening/uart_top/runs/TRIAL_8/52-odb-reportwirelength/odb-reportwirelength.log'[/repr.filename]…
Running 'Checker.WireLength' at '../../core5_udma/hardening/uart_top/runs/TRIAL_8/53-checker-wirelength'…
Threshold for Threshold-surpassing long wires is not set. The checker will be skipped.
Running 'OpenROAD.FillInsertion' at '../../core5_udma/hardening/uart_top/runs/TRIAL_8/54-openroad-fillinsertion'…
Logging subprocess to [repr.filename]'../../core5_udma/hardening/uart_top/runs/TRIAL_8/54-openroad-fillinsertion/openroad-fillinsertion.log'[/repr.filename]…
Running 'Odb.CellFrequencyTables' at '../../core5_udma/hardening/uart_top/runs/TRIAL_8/55-odb-cellfrequencytables'…
Logging subprocess to [repr.filename]'../../core5_udma/hardening/uart_top/runs/TRIAL_8/55-odb-cellfrequencytables/buffer_list.txt'[/repr.filename]…
Logging subprocess to [repr.filename]'../../core5_udma/hardening/uart_top/runs/TRIAL_8/55-odb-cellfrequencytables/odb-cellfrequencytables.log'[/repr.filename]…
Running 'OpenROAD.RCX' at '../../core5_udma/hardening/uart_top/runs/TRIAL_8/56-openroad-rcx'…
Running RCX for corners matching nom_* (/home/sahana/core5_udma/hardening/uart_top/runs/TRIAL_8/56-openroad-rcx/nom/rcx.log)…
Running RCX for corners matching min_* (/home/sahana/core5_udma/hardening/uart_top/runs/TRIAL_8/56-openroad-rcx/min/rcx.log)…
Running RCX for corners matching max_* (/home/sahana/core5_udma/hardening/uart_top/runs/TRIAL_8/56-openroad-rcx/max/rcx.log)…
Logging subprocess to [repr.filename]'../../core5_udma/hardening/uart_top/runs/TRIAL_8/56-openroad-rcx/nom/rcx.log'[/repr.filename]…
Logging subprocess to [repr.filename]'../../core5_udma/hardening/uart_top/runs/TRIAL_8/56-openroad-rcx/min/rcx.log'[/repr.filename]…
Logging subprocess to [repr.filename]'../../core5_udma/hardening/uart_top/runs/TRIAL_8/56-openroad-rcx/max/rcx.log'[/repr.filename]…
Finished RCX for corners matching nom_*.
Finished RCX for corners matching min_*.
Finished RCX for corners matching max_*.
Running 'OpenROAD.STAPostPNR' at '../../core5_udma/hardening/uart_top/runs/TRIAL_8/57-openroad-stapostpnr'…
Starting STA for the nom_tt_025C_5v00 timing corner…
Starting STA for the nom_ss_125C_4v50 timing corner…
Starting STA for the nom_ff_n40C_5v50 timing corner…
Starting STA for the min_tt_025C_5v00 timing corner…
Starting STA for the min_ss_125C_4v50 timing corner…
Starting STA for the min_ff_n40C_5v50 timing corner…
Starting STA for the max_tt_025C_5v00 timing corner…
Starting STA for the max_ss_125C_4v50 timing corner…
Logging subprocess to [repr.filename]'../../core5_udma/hardening/uart_top/runs/TRIAL_8/57-openroad-stapostpnr/nom_tt_025C_5v00/sta.log'[/repr.filename]…
Starting STA for the max_ff_n40C_5v50 timing corner…
Logging subprocess to [repr.filename]'../../core5_udma/hardening/uart_top/runs/TRIAL_8/57-openroad-stapostpnr/nom_ff_n40C_5v50/sta.log'[/repr.filename]…
Logging subprocess to [repr.filename]'../../core5_udma/hardening/uart_top/runs/TRIAL_8/57-openroad-stapostpnr/nom_ss_125C_4v50/sta.log'[/repr.filename]…
Logging subprocess to [repr.filename]'../../core5_udma/hardening/uart_top/runs/TRIAL_8/57-openroad-stapostpnr/min_tt_025C_5v00/sta.log'[/repr.filename]…
Logging subprocess to [repr.filename]'../../core5_udma/hardening/uart_top/runs/TRIAL_8/57-openroad-stapostpnr/min_ss_125C_4v50/sta.log'[/repr.filename]…
Logging subprocess to [repr.filename]'../../core5_udma/hardening/uart_top/runs/TRIAL_8/57-openroad-stapostpnr/min_ff_n40C_5v50/sta.log'[/repr.filename]…
Logging subprocess to [repr.filename]'../../core5_udma/hardening/uart_top/runs/TRIAL_8/57-openroad-stapostpnr/max_ss_125C_4v50/sta.log'[/repr.filename]…
Logging subprocess to [repr.filename]'../../core5_udma/hardening/uart_top/runs/TRIAL_8/57-openroad-stapostpnr/max_tt_025C_5v00/sta.log'[/repr.filename]…
Logging subprocess to [repr.filename]'../../core5_udma/hardening/uart_top/runs/TRIAL_8/57-openroad-stapostpnr/max_ff_n40C_5v50/sta.log'[/repr.filename]…
Finished STA for the nom_ss_125C_4v50 timing corner.
Logging subprocess to [repr.filename]'../../core5_udma/hardening/uart_top/runs/TRIAL_8/57-openroad-stapostpnr/nom_ss_125C_4v50/filter_unannotated.log'[/repr.filename]…
Finished STA for the min_ff_n40C_5v50 timing corner.
Logging subprocess to [repr.filename]'../../core5_udma/hardening/uart_top/runs/TRIAL_8/57-openroad-stapostpnr/min_ff_n40C_5v50/filter_unannotated.log'[/repr.filename]…
Finished STA for the nom_tt_025C_5v00 timing corner.
Finished STA for the nom_ff_n40C_5v50 timing corner.
Logging subprocess to [repr.filename]'../../core5_udma/hardening/uart_top/runs/TRIAL_8/57-openroad-stapostpnr/nom_tt_025C_5v00/filter_unannotated.log'[/repr.filename]…
Logging subprocess to [repr.filename]'../../core5_udma/hardening/uart_top/runs/TRIAL_8/57-openroad-stapostpnr/nom_ff_n40C_5v50/filter_unannotated.log'[/repr.filename]…
Finished STA for the min_ss_125C_4v50 timing corner.
Finished STA for the min_tt_025C_5v00 timing corner.
Logging subprocess to [repr.filename]'../../core5_udma/hardening/uart_top/runs/TRIAL_8/57-openroad-stapostpnr/min_ss_125C_4v50/filter_unannotated.log'[/repr.filename]…
Finished STA for the max_tt_025C_5v00 timing corner.
Logging subprocess to [repr.filename]'../../core5_udma/hardening/uart_top/runs/TRIAL_8/57-openroad-stapostpnr/min_tt_025C_5v00/filter_unannotated.log'[/repr.filename]…
Finished STA for the max_ss_125C_4v50 timing corner.
Logging subprocess to [repr.filename]'../../core5_udma/hardening/uart_top/runs/TRIAL_8/57-openroad-stapostpnr/max_tt_025C_5v00/filter_unannotated.log'[/repr.filename]…
Finished STA for the max_ff_n40C_5v50 timing corner.
Logging subprocess to [repr.filename]'../../core5_udma/hardening/uart_top/runs/TRIAL_8/57-openroad-stapostpnr/max_ss_125C_4v50/filter_unannotated.log'[/repr.filename]…
Logging subprocess to [repr.filename]'../../core5_udma/hardening/uart_top/runs/TRIAL_8/57-openroad-stapostpnr/max_ff_n40C_5v50/filter_unannotated.log'[/repr.filename]…
Running 'OpenROAD.IRDropReport' at '../../core5_udma/hardening/uart_top/runs/TRIAL_8/58-openroad-irdropreport'…
'VSRC_LOC_FILES' was not given a value, which may make the results of IR drop analysis inaccurate. If you are not integrating a top-level chip for manufacture, you may ignore this warning, otherwise, see the documentation for 'VSRC_LOC_FILES'.
Logging subprocess to [repr.filename]'../../core5_udma/hardening/uart_top/runs/TRIAL_8/58-openroad-irdropreport/openroad-irdropreport.log'[/repr.filename]…
+ analyze_power_grid -net VDD -voltage_file /home/sahana/core5_udma/hardening/uart_top/runs/TRIAL_8/58-openroad-irdropreport/net-VDD.csv
[INFO PSM-0040] All shapes on net VDD are connected.
########## IR report #################
Net              : VDD
Corner           : max_ss_125C_4v50
Total power      : 3.36e-02 W
Supply voltage   : 4.50e+00 V
Worstcase voltage: 4.50e+00 V
Average voltage  : 4.50e+00 V
Average IR drop  : 7.83e-04 V
Worstcase IR drop: 1.76e-03 V
Percentage drop  : 0.04 %
######################################
+ analyze_power_grid -net VSS -voltage_file /home/sahana/core5_udma/hardening/uart_top/runs/TRIAL_8/58-openroad-irdropreport/net-VSS.csv
[INFO PSM-0040] All shapes on net VSS are connected.
########## IR report #################
Net              : VSS
Corner           : max_ss_125C_4v50
Total power      : 3.36e-02 W
Supply voltage   : 0.00e+00 V
Worstcase voltage: 1.64e-03 V
Average voltage  : 7.68e-04 V
Average IR drop  : 7.68e-04 V
Worstcase IR drop: 1.64e-03 V
Percentage drop  : 0.04 %
######################################

Running 'Magic.StreamOut' at '../../core5_udma/hardening/uart_top/runs/TRIAL_8/59-magic-streamout'…
Logging subprocess to [repr.filename]'../../core5_udma/hardening/uart_top/runs/TRIAL_8/59-magic-streamout/magic-streamout.log'[/repr.filename]…
Running 'KLayout.StreamOut' at '../../core5_udma/hardening/uart_top/runs/TRIAL_8/60-klayout-streamout'…
Logging subprocess to [repr.filename]'../../core5_udma/hardening/uart_top/runs/TRIAL_8/60-klayout-streamout/klayout-streamout.log'[/repr.filename]…
Running 'KLayout.Render' at '../../core5_udma/hardening/uart_top/runs/TRIAL_8/61-klayout-render'…
Logging subprocess to [repr.filename]'../../core5_udma/hardening/uart_top/runs/TRIAL_8/61-klayout-render/klayout-render.log'[/repr.filename]…
Running 'Magic.WriteLEF' at '../../core5_udma/hardening/uart_top/runs/TRIAL_8/62-magic-writelef'…
Logging subprocess to [repr.filename]'../../core5_udma/hardening/uart_top/runs/TRIAL_8/62-magic-writelef/magic-writelef.log'[/repr.filename]…
Running 'Odb.CheckDesignAntennaProperties' at '../../core5_udma/hardening/uart_top/runs/TRIAL_8/63-odb-checkdesignantennaproperties'…
Logging subprocess to [repr.filename]'../../core5_udma/hardening/uart_top/runs/TRIAL_8/63-odb-checkdesignantennaproperties/odb-checkdesignantennaproperties.log'[/repr.filename]…
Cell 'udma_uart_top' has (24) input pin(s) without antenna gate information. They might not be connected to a gate.
Cell 'udma_uart_top' has (67) output pin(s) without antenna diffusion information. They might not be driven.
Running 'KLayout.XOR' at '../../core5_udma/hardening/uart_top/runs/TRIAL_8/64-klayout-xor'…
Running XOR with 16 threads…
Logging subprocess to [repr.filename]'../../core5_udma/hardening/uart_top/runs/TRIAL_8/64-klayout-xor/klayout-xor.log'[/repr.filename]…
Running 'Checker.XOR' at '../../core5_udma/hardening/uart_top/runs/TRIAL_8/65-checker-xor'…
Check for XOR differences clear.
Running 'Magic.DRC' at '../../core5_udma/hardening/uart_top/runs/TRIAL_8/66-magic-drc'…
Logging subprocess to [repr.filename]'../../core5_udma/hardening/uart_top/runs/TRIAL_8/66-magic-drc/magic-drc.log'[/repr.filename]…
Running 'KLayout.DRC' at '../../core5_udma/hardening/uart_top/runs/TRIAL_8/67-klayout-drc'…
KLAYOUT_DRC_RUNSET is unset. KLayout.DRC may not be supported for the gf180mcuD PDK. This step will be skipped.
Running 'Checker.MagicDRC' at '../../core5_udma/hardening/uart_top/runs/TRIAL_8/68-checker-magicdrc'…
Check for Magic DRC errors clear.
Running 'Checker.KLayoutDRC' at '../../core5_udma/hardening/uart_top/runs/TRIAL_8/69-checker-klayoutdrc'…
The KLayout DRC errors metric was not found. Are you sure the relevant step was run?
Running 'Magic.SpiceExtraction' at '../../core5_udma/hardening/uart_top/runs/TRIAL_8/70-magic-spiceextraction'…
Logging subprocess to [repr.filename]'../../core5_udma/hardening/uart_top/runs/TRIAL_8/70-magic-spiceextraction/magic-spiceextraction.log'[/repr.filename]…
Running 'Checker.IllegalOverlap' at '../../core5_udma/hardening/uart_top/runs/TRIAL_8/71-checker-illegaloverlap'…
Check for Magic Illegal Overlap errors clear.
Running 'Netgen.LVS' at '../../core5_udma/hardening/uart_top/runs/TRIAL_8/72-netgen-lvs'…
Logging subprocess to [repr.filename]'../../core5_udma/hardening/uart_top/runs/TRIAL_8/72-netgen-lvs/netgen-lvs.log'[/repr.filename]…
Running 'Checker.LVS' at '../../core5_udma/hardening/uart_top/runs/TRIAL_8/73-checker-lvs'…
Check for LVS errors clear.
Gating variable for step 'Yosys.EQY' set to 'False'- the step will be skipped.
Skipping step 'Equivalence Check'…
Running 'Checker.SetupViolations' at '../../core5_udma/hardening/uart_top/runs/TRIAL_8/74-checker-setupviolations'…
Setup violations found in the following corners:
* max_ss_125C_4v50
* min_ss_125C_4v50
* nom_ss_125C_4v50
No setup violations found
Running 'Checker.HoldViolations' at '../../core5_udma/hardening/uart_top/runs/TRIAL_8/75-checker-holdviolations'…
No hold violations found
Running 'Checker.MaxSlewViolations' at '../../core5_udma/hardening/uart_top/runs/TRIAL_8/76-checker-maxslewviolations'…
Max Slew violations found in the following corners:
* max_ss_125C_4v50
* min_ss_125C_4v50
* nom_ss_125C_4v50
No max slew violations found
Running 'Checker.MaxCapViolations' at '../../core5_udma/hardening/uart_top/runs/TRIAL_8/77-checker-maxcapviolations'…
No max cap violations found
Running 'Misc.ReportManufacturability' at '../../core5_udma/hardening/uart_top/runs/TRIAL_8/78-misc-reportmanufacturability'…
klayout__drc_error__count not reported. KLayout.DRC may have been skipped.
Saving views to '/home/sahana/core5_udma/hardening/uart_top/runs/TRIAL_8/final'…
Flow complete.
