Reading timing models for corner max_ff_n40C_5v50…
Reading timing library for the 'max_ff_n40C_5v50' corner at '/home/sahana/.ciel/gf180mcuD/libs.ref/gf180mcu_fd_sc_mcu7t5v0/lib/gf180mcu_fd_sc_mcu7t5v0__ff_n40C_5v50.lib'…
Reading timing models for corner max_tt_025C_5v00…
Reading timing library for the 'max_tt_025C_5v00' corner at '/home/sahana/.ciel/gf180mcuD/libs.ref/gf180mcu_fd_sc_mcu7t5v0/lib/gf180mcu_fd_sc_mcu7t5v0__tt_025C_5v00.lib'…
Reading timing models for corner nom_ff_n40C_5v50…
Reading timing library for the 'nom_ff_n40C_5v50' corner at '/home/sahana/.ciel/gf180mcuD/libs.ref/gf180mcu_fd_sc_mcu7t5v0/lib/gf180mcu_fd_sc_mcu7t5v0__ff_n40C_5v50.lib'…
[WARNING STA-1140] /home/sahana/.ciel/gf180mcuD/libs.ref/gf180mcu_fd_sc_mcu7t5v0/lib/gf180mcu_fd_sc_mcu7t5v0__ff_n40C_5v50.lib line 17, library gf180mcu_fd_sc_mcu7t5v0__ff_n40C_5v50 already exists.
Reading timing models for corner nom_tt_025C_5v00…
Reading timing library for the 'nom_tt_025C_5v00' corner at '/home/sahana/.ciel/gf180mcuD/libs.ref/gf180mcu_fd_sc_mcu7t5v0/lib/gf180mcu_fd_sc_mcu7t5v0__tt_025C_5v00.lib'…
[WARNING STA-1140] /home/sahana/.ciel/gf180mcuD/libs.ref/gf180mcu_fd_sc_mcu7t5v0/lib/gf180mcu_fd_sc_mcu7t5v0__tt_025C_5v00.lib line 17, library gf180mcu_fd_sc_mcu7t5v0__tt_025C_5v00 already exists.
Reading timing models for corner min_ss_125C_4v50…
Reading timing library for the 'min_ss_125C_4v50' corner at '/home/sahana/.ciel/gf180mcuD/libs.ref/gf180mcu_fd_sc_mcu7t5v0/lib/gf180mcu_fd_sc_mcu7t5v0__ss_125C_4v50.lib'…
Reading timing models for corner min_ff_n40C_5v50…
Reading timing library for the 'min_ff_n40C_5v50' corner at '/home/sahana/.ciel/gf180mcuD/libs.ref/gf180mcu_fd_sc_mcu7t5v0/lib/gf180mcu_fd_sc_mcu7t5v0__ff_n40C_5v50.lib'…
[WARNING STA-1140] /home/sahana/.ciel/gf180mcuD/libs.ref/gf180mcu_fd_sc_mcu7t5v0/lib/gf180mcu_fd_sc_mcu7t5v0__ff_n40C_5v50.lib line 17, library gf180mcu_fd_sc_mcu7t5v0__ff_n40C_5v50 already exists.
Reading timing models for corner min_tt_025C_5v00…
Reading timing library for the 'min_tt_025C_5v00' corner at '/home/sahana/.ciel/gf180mcuD/libs.ref/gf180mcu_fd_sc_mcu7t5v0/lib/gf180mcu_fd_sc_mcu7t5v0__tt_025C_5v00.lib'…
[WARNING STA-1140] /home/sahana/.ciel/gf180mcuD/libs.ref/gf180mcu_fd_sc_mcu7t5v0/lib/gf180mcu_fd_sc_mcu7t5v0__tt_025C_5v00.lib line 17, library gf180mcu_fd_sc_mcu7t5v0__tt_025C_5v00 already exists.
Reading timing models for corner max_ss_125C_4v50…
Reading timing library for the 'max_ss_125C_4v50' corner at '/home/sahana/.ciel/gf180mcuD/libs.ref/gf180mcu_fd_sc_mcu7t5v0/lib/gf180mcu_fd_sc_mcu7t5v0__ss_125C_4v50.lib'…
[WARNING STA-1140] /home/sahana/.ciel/gf180mcuD/libs.ref/gf180mcu_fd_sc_mcu7t5v0/lib/gf180mcu_fd_sc_mcu7t5v0__ss_125C_4v50.lib line 17, library gf180mcu_fd_sc_mcu7t5v0__ss_125C_4v50 already exists.
Reading timing models for corner nom_ss_125C_4v50…
Reading timing library for the 'nom_ss_125C_4v50' corner at '/home/sahana/.ciel/gf180mcuD/libs.ref/gf180mcu_fd_sc_mcu7t5v0/lib/gf180mcu_fd_sc_mcu7t5v0__ss_125C_4v50.lib'…
[WARNING STA-1140] /home/sahana/.ciel/gf180mcuD/libs.ref/gf180mcu_fd_sc_mcu7t5v0/lib/gf180mcu_fd_sc_mcu7t5v0__ss_125C_4v50.lib line 17, library gf180mcu_fd_sc_mcu7t5v0__ss_125C_4v50 already exists.
Reading OpenROAD database at '/home/sahana/core5_udma/hardening/uart_top/runs/CLOSURE_FULL_1/39-openroad-globalrouting/udma_uart_top.odb'…
Reading design constraints file at '/home/sahana/core5_udma/hardening/uart_top/constraints.sdc'…
[INFO] Setting signal min routing layer to: Metal2 and clock min routing layer to Metal2. 
[INFO] Setting signal max routing layer to: Metal5 and clock max routing layer to Metal5. 
+ global_route -congestion_iterations 50 -verbose
[INFO GRT-0020] Min routing layer: Metal2
[INFO GRT-0021] Max routing layer: Metal5
[INFO GRT-0022] Global adjustment: 30%
[INFO GRT-0023] Grid origin: (0, 0)
[INFO GRT-0088] Layer Metal1  Track-Pitch = 0.5600  line-2-Via Pitch: 0.4750
[INFO GRT-0088] Layer Metal2  Track-Pitch = 0.5600  line-2-Via Pitch: 0.5600
[INFO GRT-0088] Layer Metal3  Track-Pitch = 0.5600  line-2-Via Pitch: 0.5600
[INFO GRT-0088] Layer Metal4  Track-Pitch = 0.5600  line-2-Via Pitch: 0.5600
[INFO GRT-0088] Layer Metal5  Track-Pitch = 0.9000  line-2-Via Pitch: 0.8200
[INFO GRT-0003] Macros: 0
[INFO GRT-0004] Blockages: 0
[INFO GRT-0019] Found 100 clock nets.
[INFO GRT-0001] Minimum degree: 2
[INFO GRT-0002] Maximum degree: 17

[INFO GRT-0053] Routing resources analysis:
          Routing      Original      Derated      Resource
Layer     Direction    Resources     Resources    Reduction (%)
---------------------------------------------------------------
Metal1     Horizontal          0             0          0.00%
Metal2     Vertical        34434         22956          33.33%
Metal3     Horizontal      35026         23299          33.48%
Metal4     Vertical        34425         22950          33.33%
Metal5     Horizontal      21385         14382          32.75%
---------------------------------------------------------------

[INFO GRT-0197] Via related to pin nodes: 11543
[INFO GRT-0198] Via related Steiner nodes: 273
[INFO GRT-0199] Via filling finished.
[INFO GRT-0111] Final number of vias: 14558
[INFO GRT-0112] Final usage 3D: 55198

[INFO GRT-0096] Final congestion report:
Layer         Resource        Demand        Usage (%)    Max H / Max V / Total Overflow
---------------------------------------------------------------------------------------
Metal1               0             0            0.00%             0 /  0 /  0
Metal2           22956          6079           26.48%             0 /  0 /  0
Metal3           23299          5354           22.98%             0 /  0 /  0
Metal4           22950            91            0.40%             0 /  0 /  0
Metal5           14382             0            0.00%             0 /  0 /  0
---------------------------------------------------------------------------------------
Total            83587         11524           13.79%             0 /  0 /  0

[INFO GRT-0018] Total wirelength: 143530 um
[INFO GRT-0014] Routed nets: 2032
[INFO GRT-0303] Global routing runtime = 00:00:00
+ repair_design -verbose -max_wire_length 0 -slew_margin 40 -cap_margin 40
Iteration |   Area    | Resized | Buffers | Nets repaired | Remaining
---------------------------------------------------------------------
        0 |     +0.0% |       0 |       0 |             0 |      2077
       10 |     +0.0% |       0 |       0 |             0 |      2067
       20 |     +0.0% |       0 |       0 |             0 |      2057
       30 |     +0.0% |       0 |       0 |             0 |      2047
       40 |     +0.0% |       0 |       0 |             0 |      2037
       50 |     +0.0% |       0 |       0 |             0 |      2027
       60 |     +0.0% |       0 |       0 |             0 |      2017
       70 |     +0.0% |       0 |       0 |             0 |      2007
       80 |     +0.0% |       0 |       0 |             0 |      1997
       90 |     +0.0% |       0 |       0 |             0 |      1987
      100 |     +0.0% |       0 |       0 |             0 |      1977
      110 |     +0.0% |       0 |       0 |             0 |      1967
      120 |     +0.0% |       0 |       0 |             0 |      1957
      130 |     +0.0% |       0 |       0 |             0 |      1947
      140 |     +0.0% |       0 |       0 |             0 |      1937
      150 |     +0.0% |       0 |       0 |             0 |      1927
      160 |     +0.0% |       0 |       0 |             0 |      1917
      170 |     +0.0% |       0 |       0 |             0 |      1907
      180 |     +0.0% |       0 |       0 |             0 |      1897
      190 |     +0.0% |       0 |       0 |             0 |      1887
      200 |     +0.0% |       0 |       0 |             0 |      1877
      210 |     +0.0% |       0 |       0 |             0 |      1867
      220 |     +0.0% |       0 |       0 |             0 |      1857
      230 |     +0.0% |       0 |       0 |             0 |      1847
      240 |     +0.0% |       0 |       0 |             0 |      1837
      250 |     +0.0% |       0 |       0 |             0 |      1827
      260 |     +0.1% |       0 |       3 |             1 |      1817
      270 |     +0.1% |       0 |       3 |             1 |      1807
      280 |     +0.1% |       0 |       3 |             1 |      1797
      290 |     +0.1% |       0 |       3 |             1 |      1787
      300 |     +0.1% |       0 |       3 |             1 |      1777
      310 |     +0.1% |       0 |       3 |             1 |      1767
      320 |     +0.1% |       0 |       3 |             1 |      1757
      330 |     +0.1% |       0 |       3 |             1 |      1747
      340 |     +0.1% |       0 |       3 |             1 |      1737
      350 |     +0.1% |       0 |       3 |             1 |      1727
      360 |     +0.1% |       0 |       3 |             1 |      1717
      370 |     +0.1% |       0 |       5 |             2 |      1707
      380 |     +0.1% |       0 |       5 |             2 |      1697
      390 |     +0.1% |       0 |       5 |             2 |      1687
      400 |     +0.2% |       0 |       7 |             4 |      1677
      410 |     +0.2% |       0 |       7 |             4 |      1667
      420 |     +0.2% |       0 |       7 |             4 |      1657
      430 |     +0.2% |       0 |       7 |             4 |      1647
      440 |     +0.2% |       0 |       7 |             4 |      1637
      450 |     +0.2% |       0 |       7 |             4 |      1627
      460 |     +0.2% |       0 |       7 |             4 |      1617
      470 |     +0.1% |       1 |       8 |             5 |      1607
      480 |     +0.1% |       5 |      12 |             9 |      1597
      490 |     +0.1% |       5 |      12 |             9 |      1587
      500 |     +0.1% |       5 |      12 |             9 |      1577
      510 |     +0.1% |       5 |      12 |             9 |      1567
      520 |     +0.1% |       5 |      12 |             9 |      1557
      530 |     +0.2% |       5 |      14 |            10 |      1547
      540 |     +0.2% |       5 |      14 |            10 |      1537
      550 |     +0.2% |       5 |      14 |            10 |      1527
      560 |     +0.2% |       5 |      14 |            10 |      1517
      570 |     +0.2% |       5 |      14 |            10 |      1507
      580 |     +0.2% |       5 |      14 |            10 |      1497
      590 |     +0.2% |       5 |      15 |            11 |      1487
      600 |     +0.2% |       5 |      15 |            11 |      1477
      610 |     +0.2% |       5 |      15 |            11 |      1467
      620 |     +0.2% |       5 |      15 |            11 |      1457
      630 |     +0.2% |       5 |      15 |            11 |      1447
      640 |     +0.2% |       5 |      15 |            11 |      1437
      650 |     +0.2% |       5 |      15 |            11 |      1427
      660 |     +0.2% |       5 |      15 |            11 |      1417
      670 |     +0.2% |       5 |      15 |            11 |      1407
      680 |     +0.2% |       5 |      15 |            11 |      1397
      690 |     +0.2% |       5 |      15 |            11 |      1387
      700 |     +0.2% |       5 |      15 |            11 |      1377
      710 |     +0.2% |       5 |      15 |            11 |      1367
      720 |     +0.2% |       5 |      15 |            11 |      1357
      730 |     +0.2% |       5 |      15 |            11 |      1347
      740 |     +0.2% |       5 |      15 |            11 |      1337
      750 |     +0.2% |       5 |      15 |            11 |      1327
      760 |     +0.2% |       5 |      15 |            11 |      1317
      770 |     +0.2% |       5 |      15 |            11 |      1307
      780 |     +0.2% |       5 |      15 |            11 |      1297
      790 |     +0.2% |       5 |      15 |            11 |      1287
      800 |     +0.2% |       5 |      15 |            11 |      1277
      810 |     +0.2% |       5 |      15 |            11 |      1267
      820 |     +0.2% |       5 |      15 |            11 |      1257
      830 |     +0.2% |       5 |      15 |            11 |      1247
      840 |     +0.2% |       6 |      16 |            12 |      1237
      850 |     +0.2% |       9 |      19 |            15 |      1227
      860 |     +0.2% |       9 |      19 |            15 |      1217
      870 |     +0.2% |       9 |      19 |            15 |      1207
      880 |     +0.2% |       9 |      19 |            15 |      1197
      890 |     +0.2% |       9 |      19 |            15 |      1187
      900 |     +0.2% |       9 |      19 |            15 |      1177
      910 |     +0.2% |       9 |      19 |            15 |      1167
      920 |     +0.2% |       9 |      19 |            15 |      1157
      930 |     +0.2% |       9 |      19 |            15 |      1147
      940 |     +0.2% |       9 |      19 |            15 |      1137
      950 |     +0.2% |       9 |      19 |            15 |      1127
      960 |     +0.2% |       9 |      19 |            15 |      1117
      970 |     +0.2% |       9 |      19 |            15 |      1107
      980 |     +0.2% |       9 |      19 |            15 |      1097
      990 |     +0.2% |       9 |      19 |            15 |      1087
     1000 |     +0.2% |       9 |      19 |            15 |      1077
     1010 |     +0.2% |       9 |      19 |            15 |      1067
     1020 |     +0.2% |       9 |      19 |            15 |      1057
     1030 |     +0.2% |       9 |      19 |            15 |      1047
     1040 |     +0.2% |       9 |      19 |            15 |      1037
     1050 |     +0.2% |       9 |      19 |            15 |      1027
     1060 |     +0.2% |       9 |      19 |            15 |      1017
     1070 |     +0.2% |      11 |      21 |            17 |      1007
     1080 |     +0.2% |      11 |      21 |            17 |       997
     1090 |     +0.2% |      11 |      21 |            17 |       987
     1100 |     +0.2% |      11 |      21 |            17 |       977
     1110 |     +0.2% |      11 |      21 |            17 |       967
     1120 |     +0.2% |      11 |      21 |            17 |       957
     1130 |     +0.2% |      11 |      21 |            17 |       947
     1140 |     +0.2% |      11 |      21 |            17 |       937
     1150 |     +0.2% |      11 |      21 |            17 |       927
     1160 |     +0.2% |      11 |      21 |            17 |       917
     1170 |     +0.2% |      11 |      21 |            17 |       907
     1180 |     +0.2% |      11 |      21 |            17 |       897
     1190 |     +0.2% |      11 |      21 |            17 |       887
     1200 |     +0.2% |      11 |      21 |            17 |       877
     1210 |     +0.2% |      11 |      21 |            17 |       867
     1220 |     +0.2% |      11 |      21 |            17 |       857
     1230 |     +0.2% |      11 |      21 |            17 |       847
     1240 |     +0.2% |      11 |      21 |            17 |       837
     1250 |     +0.2% |      11 |      21 |            17 |       827
     1260 |     +0.2% |      11 |      21 |            17 |       817
     1270 |     +0.2% |      15 |      25 |            21 |       807
     1280 |     +0.1% |      20 |      30 |            26 |       797
     1290 |     +0.1% |      22 |      32 |            28 |       787
     1300 |     +0.1% |      22 |      32 |            28 |       777
     1310 |     +0.1% |      22 |      32 |            28 |       767
     1320 |     +0.1% |      22 |      32 |            28 |       757
     1330 |     +0.1% |      22 |      32 |            28 |       747
     1340 |     +0.1% |      22 |      32 |            28 |       737
     1350 |     +0.1% |      22 |      32 |            28 |       727
     1360 |     +0.1% |      22 |      32 |            28 |       717
     1370 |     +0.1% |      22 |      32 |            28 |       707
     1380 |     +0.1% |      22 |      32 |            28 |       697
     1390 |     +0.1% |      22 |      32 |            28 |       687
     1400 |     +0.1% |      22 |      32 |            28 |       677
     1410 |     +0.1% |      22 |      32 |            28 |       667
     1420 |     +0.1% |      22 |      32 |            28 |       657
     1430 |     +0.1% |      22 |      32 |            28 |       647
     1440 |     +0.1% |      22 |      32 |            28 |       637
     1450 |     +0.1% |      22 |      32 |            28 |       627
     1460 |     +0.1% |      22 |      32 |            28 |       617
     1470 |     +0.1% |      22 |      32 |            28 |       607
     1480 |     +0.1% |      22 |      32 |            28 |       597
     1490 |     +0.1% |      22 |      32 |            28 |       587
     1500 |     +0.1% |      22 |      32 |            28 |       577
     1510 |     +0.1% |      22 |      32 |            28 |       567
     1520 |     +0.1% |      22 |      32 |            28 |       557
     1530 |     +0.1% |      22 |      32 |            28 |       547
     1540 |     +0.1% |      22 |      32 |            28 |       537
     1550 |     +0.1% |      22 |      32 |            28 |       527
     1560 |     +0.1% |      22 |      32 |            28 |       517
     1570 |     +0.1% |      22 |      32 |            28 |       507
     1580 |     +0.1% |      22 |      32 |            28 |       497
     1590 |     +0.1% |      22 |      32 |            28 |       487
     1600 |     +0.1% |      22 |      32 |            28 |       477
     1610 |     +0.1% |      22 |      32 |            28 |       467
     1620 |     +0.1% |      22 |      32 |            28 |       457
     1630 |     +0.1% |      22 |      32 |            28 |       447
     1640 |     +0.1% |      22 |      32 |            28 |       437
     1650 |     +0.1% |      22 |      32 |            28 |       427
     1660 |     +0.1% |      22 |      32 |            28 |       417
     1670 |     +0.1% |      25 |      35 |            31 |       407
     1680 |     +0.1% |      25 |      35 |            31 |       397
     1690 |     +0.1% |      25 |      35 |            31 |       387
     1700 |     +0.1% |      25 |      35 |            31 |       377
     1710 |     +0.1% |      25 |      35 |            31 |       367
     1720 |     +0.1% |      25 |      35 |            31 |       357
     1730 |     +0.1% |      25 |      35 |            31 |       347
     1740 |     +0.1% |      25 |      35 |            31 |       337
     1750 |     +0.1% |      25 |      35 |            31 |       327
     1760 |     +0.1% |      25 |      35 |            31 |       317
     1770 |     +0.1% |      25 |      35 |            31 |       307
     1780 |     +0.1% |      25 |      35 |            31 |       297
     1790 |     +0.1% |      25 |      35 |            31 |       287
     1800 |     +0.1% |      25 |      35 |            31 |       277
     1810 |     +0.1% |      25 |      35 |            31 |       267
     1820 |     +0.1% |      25 |      35 |            31 |       257
     1830 |     +0.1% |      25 |      35 |            31 |       247
     1840 |     +0.1% |      25 |      35 |            31 |       237
     1850 |     +0.1% |      25 |      35 |            31 |       227
     1860 |     +0.1% |      25 |      35 |            31 |       217
     1870 |     +0.1% |      25 |      35 |            31 |       207
     1880 |     +0.1% |      25 |      35 |            31 |       197
     1890 |     +0.1% |      25 |      35 |            31 |       187
     1900 |     +0.1% |      25 |      35 |            31 |       177
     1910 |     +0.1% |      25 |      35 |            31 |       167
     1920 |     +0.1% |      25 |      35 |            31 |       157
     1930 |     +0.1% |      25 |      35 |            31 |       147
     1940 |     +0.1% |      25 |      35 |            31 |       137
     1950 |     +0.1% |      25 |      35 |            31 |       127
     1960 |     +0.1% |      25 |      35 |            31 |       117
     1970 |     +0.1% |      25 |      35 |            31 |       107
     1980 |     +0.1% |      25 |      35 |            31 |        97
     1990 |     +0.1% |      25 |      35 |            31 |        87
     2000 |     +0.1% |      25 |      35 |            31 |        77
     2010 |     +0.1% |      25 |      35 |            31 |        67
     2020 |     +0.1% |      25 |      35 |            31 |        57
     2030 |     +0.1% |      25 |      35 |            31 |        47
     2040 |     +0.1% |      25 |      35 |            31 |        37
     2050 |     +0.1% |      25 |      35 |            31 |        27
     2060 |     +0.1% |      25 |      35 |            31 |        17
     2070 |     +0.1% |      25 |      35 |            31 |         7
    final |     +0.1% |      25 |      35 |            31 |         0
---------------------------------------------------------------------
[INFO RSZ-0034] Found 31 slew violations.
[INFO RSZ-0039] Resized 25 instances.
[INFO RSZ-0038] Inserted 35 buffers in 31 nets.
+ detailed_placement -max_displacement  500 100 
Placement Analysis
---------------------------------
total displacement        521.9 u
average displacement        0.2 u
max displacement           31.4 u
original HPWL           85961.8 u
legalized HPWL          89007.5 u
delta HPWL                    4 %

[INFO DPL-0020] Mirrored 724 instances
[INFO DPL-0021] HPWL before           89007.5 u
[INFO DPL-0022] HPWL after            86300.5 u
[INFO DPL-0023] HPWL delta               -3.0 %
+ global_route -congestion_iterations 50 -verbose
[INFO GRT-0020] Min routing layer: Metal2
[INFO GRT-0021] Max routing layer: Metal5
[INFO GRT-0022] Global adjustment: 30%
[INFO GRT-0023] Grid origin: (0, 0)
[INFO GRT-0088] Layer Metal1  Track-Pitch = 0.5600  line-2-Via Pitch: 0.4750
[INFO GRT-0088] Layer Metal2  Track-Pitch = 0.5600  line-2-Via Pitch: 0.5600
[INFO GRT-0088] Layer Metal3  Track-Pitch = 0.5600  line-2-Via Pitch: 0.5600
[INFO GRT-0088] Layer Metal4  Track-Pitch = 0.5600  line-2-Via Pitch: 0.5600
[INFO GRT-0088] Layer Metal5  Track-Pitch = 0.9000  line-2-Via Pitch: 0.8200
[INFO GRT-0003] Macros: 0
[INFO GRT-0004] Blockages: 0
[INFO GRT-0019] Found 100 clock nets.
[INFO GRT-0001] Minimum degree: 2
[INFO GRT-0002] Maximum degree: 17

[INFO GRT-0053] Routing resources analysis:
          Routing      Original      Derated      Resource
Layer     Direction    Resources     Resources    Reduction (%)
---------------------------------------------------------------
Metal1     Horizontal          0             0          0.00%
Metal2     Vertical        34434         22956          33.33%
Metal3     Horizontal      35026         23299          33.48%
Metal4     Vertical        34425         22950          33.33%
Metal5     Horizontal      21385         14382          32.75%
---------------------------------------------------------------

[INFO GRT-0197] Via related to pin nodes: 11657
[INFO GRT-0198] Via related Steiner nodes: 265
[INFO GRT-0199] Via filling finished.
[INFO GRT-0111] Final number of vias: 14661
[INFO GRT-0112] Final usage 3D: 55575

[INFO GRT-0096] Final congestion report:
Layer         Resource        Demand        Usage (%)    Max H / Max V / Total Overflow
---------------------------------------------------------------------------------------
Metal1               0             0            0.00%             0 /  0 /  0
Metal2           22956          6101           26.58%             0 /  0 /  0
Metal3           23299          5421           23.27%             0 /  0 /  0
Metal4           22950            70            0.31%             0 /  0 /  0
Metal5           14382             0            0.00%             0 /  0 /  0
---------------------------------------------------------------------------------------
Total            83587         11592           13.87%             0 /  0 /  0

[INFO GRT-0018] Total wirelength: 144186 um
[INFO GRT-0014] Routed nets: 2067
[INFO GRT-0303] Global routing runtime = 00:00:00
Setting global connections for newly added cells…
[INFO] Setting global connections...
[INFO ODB-0403] 140 connections made, 0 conflicts skipped.
Updating metrics…
Cell type report:                       Count       Area
  Endcap cell                             198     869.30
  Tap cell                                961    4219.17
  Tie cell                                 33     289.77
  Clock buffer                            119    8174.92
  Timing Repair Buffer                    528   14167.82
  Inverter                                 68     597.09
  Sequential cell                         339   25455.54
  Multi-Input combinational cell          887   19425.32
  Total                                  3133   73198.94
Writing OpenROAD database to '/home/sahana/core5_udma/hardening/uart_top/runs/CLOSURE_FULL_1/41-openroad-repairdesignpostgrt/udma_uart_top.odb'…
Writing netlist to '/home/sahana/core5_udma/hardening/uart_top/runs/CLOSURE_FULL_1/41-openroad-repairdesignpostgrt/udma_uart_top.nl.v'…
Writing powered netlist to '/home/sahana/core5_udma/hardening/uart_top/runs/CLOSURE_FULL_1/41-openroad-repairdesignpostgrt/udma_uart_top.pnl.v'…
Writing layout to '/home/sahana/core5_udma/hardening/uart_top/runs/CLOSURE_FULL_1/41-openroad-repairdesignpostgrt/udma_uart_top.def'…
Writing timing constraints to '/home/sahana/core5_udma/hardening/uart_top/runs/CLOSURE_FULL_1/41-openroad-repairdesignpostgrt/udma_uart_top.sdc'…
