Reading timing models for corner max_ss_125C_4v50…
Reading timing library for the 'max_ss_125C_4v50' corner at '/home/sahana/.ciel/gf180mcuD/libs.ref/gf180mcu_fd_sc_mcu7t5v0/lib/gf180mcu_fd_sc_mcu7t5v0__ss_125C_4v50.lib'…
Reading OpenROAD database at '/home/sahana/core5_udma/hardening/uart_top/runs/TRIAL_8/55-odb-cellfrequencytables/udma_uart_top.odb'…
Reading design constraints file at '/home/sahana/core5_udma/hardening/uart_top/constraints.closure.sdc'…
[INFO] Using voltage extracted from lib (4.5V) for power nets and 0V for ground nets…
%OL_CREATE_REPORT irdrop.rpt
+ analyze_power_grid -net VDD -voltage_file /home/sahana/core5_udma/hardening/uart_top/runs/TRIAL_8/58-openroad-irdropreport/net-VDD.csv
[INFO PSM-0040] All shapes on net VDD are connected.
########## IR report #################
Net              : VDD
Corner           : max_ss_125C_4v50
Total power      : 3.36e-02 W
Supply voltage   : 4.50e+00 V
Worstcase voltage: 4.50e+00 V
Average voltage  : 4.50e+00 V
Average IR drop  : 7.83e-04 V
Worstcase IR drop: 1.76e-03 V
Percentage drop  : 0.04 %
######################################
+ analyze_power_grid -net VSS -voltage_file /home/sahana/core5_udma/hardening/uart_top/runs/TRIAL_8/58-openroad-irdropreport/net-VSS.csv
[INFO PSM-0040] All shapes on net VSS are connected.
########## IR report #################
Net              : VSS
Corner           : max_ss_125C_4v50
Total power      : 3.36e-02 W
Supply voltage   : 0.00e+00 V
Worstcase voltage: 1.64e-03 V
Average voltage  : 7.68e-04 V
Average IR drop  : 7.68e-04 V
Worstcase IR drop: 1.64e-03 V
Percentage drop  : 0.04 %
######################################
%OL_END_REPORT
