Clock: clk_i
Sources: clk_i 
Generated: no
Virtual: yes
Propagated: no
Period: 20.000000

===========================================================================
report_clock_properties
============================================================================
Clock                   Period          Waveform
----------------------------------------------------
clk_i                20.000000    0.000000 10.000000

===========================================================================
report_clock_latency
============================================================================
Clock clk_i
rise -> rise
    min     max
0.000000 0.000000 source latency
0.635562         network latency _372_/CLK
        0.643536 network latency _390_/CLK
---------------
0.635562 0.643536 latency
        0.007974 skew

fall -> fall
    min     max
0.000000 0.000000 source latency
0.591057         network latency _372_/CLK
        0.599587 network latency _390_/CLK
---------------
0.591057 0.599587 latency
        0.008530 skew



===========================================================================
report_clock_min_period
============================================================================
clk_i period_min = 6.00 fmax = 166.65
