
===========================================================================
report_checks -unconstrained
===========================================================================
======================= nom_tt_025C_5v00 Corner ===================================

Startpoint: _2030_ (rising edge-triggered flip-flop clocked by sys_clk)
Endpoint: _1808_ (recovery check against rising-edge clock sys_clk)
Path Group: asynchronous
Path Type: max

Fanout         Cap        Slew       Delay        Time   Description
---------------------------------------------------------------------------------------------
                      0.150000    0.000000    0.000000   clock sys_clk (rise edge)
                                  0.000000    0.000000   clock network delay (ideal)
                      0.150000    0.000000    0.000000 ^ _2030_/CLK (gf180mcu_fd_sc_mcu7t5v0__dffrnq_1)
     2    0.009192    0.154866    0.729117    0.729117 v _2030_/Q (gf180mcu_fd_sc_mcu7t5v0__dffrnq_1)
                                                         s_uart_rx_clean_fifo (net)
                      0.154866    0.000000    0.729117 v _0923_/A2 (gf180mcu_fd_sc_mcu7t5v0__nor2_1)
    51    0.364058   11.042778    6.202981    6.932097 ^ _0923_/ZN (gf180mcu_fd_sc_mcu7t5v0__nor2_1)
                                                         u_dc_fifo_rx.dst_rstn_i (net)
                     11.042778    0.000000    6.932097 ^ _1808_/RN (gf180mcu_fd_sc_mcu7t5v0__dffrnq_1)
                                              6.932097   data arrival time

                      0.150000   20.000000   20.000000   clock sys_clk (rise edge)
                                  0.000000   20.000000   clock network delay (ideal)
                                 -0.250000   19.750002   clock uncertainty
                                  0.000000   19.750002   clock reconvergence pessimism
                                             19.750002 ^ _1808_/CLK (gf180mcu_fd_sc_mcu7t5v0__dffrnq_1)
                                 -4.048716   15.701286   library recovery time
                                             15.701286   data required time
---------------------------------------------------------------------------------------------
                                             15.701286   data required time
                                             -6.932097   data arrival time
---------------------------------------------------------------------------------------------
                                              8.769188   slack (MET)


Startpoint: _1984_ (rising edge-triggered flip-flop clocked by periph_clk)
Endpoint: uart_tx_o (output port clocked by periph_clk)
Path Group: periph_clk
Path Type: max

Fanout         Cap        Slew       Delay        Time   Description
---------------------------------------------------------------------------------------------
                      0.150000    0.000000    0.000000   clock periph_clk (rise edge)
                                  0.000000    0.000000   clock network delay (ideal)
                      0.150000    0.000000    0.000000 ^ _1984_/CLK (gf180mcu_fd_sc_mcu7t5v0__dffrnq_1)
     8    0.036471    0.666986    1.193361    1.193361 ^ _1984_/Q (gf180mcu_fd_sc_mcu7t5v0__dffrnq_1)
                                                         u_uart_tx.CS[2] (net)
                      0.666986    0.000000    1.193361 ^ _0997_/A1 (gf180mcu_fd_sc_mcu7t5v0__nor2_1)
     3    0.011602    0.325811    0.233169    1.426530 v _0997_/ZN (gf180mcu_fd_sc_mcu7t5v0__nor2_1)
                                                         _0779_ (net)
                      0.325811    0.000000    1.426530 v _1203_/A2 (gf180mcu_fd_sc_mcu7t5v0__and2_1)
     5    0.023250    0.286860    0.457702    1.884232 v _1203_/Z (gf180mcu_fd_sc_mcu7t5v0__and2_1)
                                                         _0350_ (net)
                      0.286860    0.000000    1.884232 v _1205_/A2 (gf180mcu_fd_sc_mcu7t5v0__aoi21_1)
     1    0.072910    2.397364    1.399297    3.283529 ^ _1205_/ZN (gf180mcu_fd_sc_mcu7t5v0__aoi21_1)
                                                         uart_tx_o (net)
                      2.397364    0.000000    3.283529 ^ uart_tx_o (out)
                                              3.283529   data arrival time

                      0.150000   20.000000   20.000000   clock periph_clk (rise edge)
                                  0.000000   20.000000   clock network delay (ideal)
                                 -0.250000   19.750002   clock uncertainty
                                  0.000000   19.750002   clock reconvergence pessimism
                                 -4.000000   15.750001   output external delay
                                             15.750001   data required time
---------------------------------------------------------------------------------------------
                                             15.750001   data required time
                                             -3.283529   data arrival time
---------------------------------------------------------------------------------------------
                                             12.466473   slack (MET)


Startpoint: cfg_rwn_i (input port clocked by sys_clk)
Endpoint: cfg_data_o[4] (output port clocked by sys_clk)
Path Group: sys_clk
Path Type: max

Fanout         Cap        Slew       Delay        Time   Description
---------------------------------------------------------------------------------------------
                      0.150000    0.000000    0.000000   clock sys_clk (rise edge)
                                  0.000000    0.000000   clock network delay (ideal)
                                  4.000000    4.000000 ^ input external delay
     8    0.033556    0.605003    0.317121    4.317121 ^ cfg_rwn_i (in)
                                                         cfg_rwn_i (net)
                      0.605003    0.000000    4.317121 ^ _1206_/A1 (gf180mcu_fd_sc_mcu7t5v0__nand3_1)
     3    0.010083    0.375392    0.270220    4.587341 v _1206_/ZN (gf180mcu_fd_sc_mcu7t5v0__nand3_1)
                                                         _0352_ (net)
                      0.375392    0.000000    4.587341 v _1210_/A2 (gf180mcu_fd_sc_mcu7t5v0__or2_1)
     3    0.011993    0.237710    0.515257    5.102598 v _1210_/Z (gf180mcu_fd_sc_mcu7t5v0__or2_1)
                                                         _0356_ (net)
                      0.237710    0.000000    5.102598 v _1215_/A4 (gf180mcu_fd_sc_mcu7t5v0__nor4_1)
    16    0.077199    4.749471    2.758121    7.860719 ^ _1215_/ZN (gf180mcu_fd_sc_mcu7t5v0__nor4_1)
                                                         _0361_ (net)
                      4.749471    0.000000    7.860719 ^ _1243_/B1 (gf180mcu_fd_sc_mcu7t5v0__aoi22_1)
     1    0.003949    1.173297    0.220168    8.080887 v _1243_/ZN (gf180mcu_fd_sc_mcu7t5v0__aoi22_1)
                                                         _0385_ (net)
                      1.173297    0.000000    8.080887 v _1245_/A3 (gf180mcu_fd_sc_mcu7t5v0__nand4_1)
     1    0.072910    2.002629    1.452960    9.533846 ^ _1245_/ZN (gf180mcu_fd_sc_mcu7t5v0__nand4_1)
                                                         cfg_data_o[4] (net)
                      2.002629    0.000000    9.533846 ^ cfg_data_o[4] (out)
                                              9.533846   data arrival time

                      0.150000   20.000000   20.000000   clock sys_clk (rise edge)
                                  0.000000   20.000000   clock network delay (ideal)
                                 -0.250000   19.750002   clock uncertainty
                                  0.000000   19.750002   clock reconvergence pessimism
                                 -4.000000   15.750001   output external delay
                                             15.750001   data required time
---------------------------------------------------------------------------------------------
                                             15.750001   data required time
                                             -9.533846   data arrival time
---------------------------------------------------------------------------------------------
                                              6.216155   slack (MET)




===========================================================================
report_checks --slack_max -0.01
============================================================================
======================= nom_tt_025C_5v00 Corner ===================================

No paths found.


===========================================================================
 report_check_types -max_slew -max_cap -max_fanout -violators
============================================================================
======================= nom_tt_025C_5v00 Corner ===================================

max slew

Pin                                        Limit        Slew       Slack
------------------------------------------------------------------------
rstn_i                                  3.000000   34.212467  -31.212467 (VIOLATED)
_0863_/I                                3.000000   34.212467  -31.212467 (VIOLATED)
_1810_/RN                               3.000000   34.212467  -31.212467 (VIOLATED)
_1811_/RN                               3.000000   34.212467  -31.212467 (VIOLATED)
_1812_/RN                               3.000000   34.212467  -31.212467 (VIOLATED)
_1813_/RN                               3.000000   34.212467  -31.212467 (VIOLATED)
_1814_/RN                               3.000000   34.212467  -31.212467 (VIOLATED)
_1815_/RN                               3.000000   34.212467  -31.212467 (VIOLATED)
_1816_/RN                               3.000000   34.212467  -31.212467 (VIOLATED)
_1817_/RN                               3.000000   34.212467  -31.212467 (VIOLATED)
_1818_/RN                               3.000000   34.212467  -31.212467 (VIOLATED)
_1819_/RN                               3.000000   34.212467  -31.212467 (VIOLATED)
_1820_/RN                               3.000000   34.212467  -31.212467 (VIOLATED)
_1821_/RN                               3.000000   34.212467  -31.212467 (VIOLATED)
_1822_/RN                               3.000000   34.212467  -31.212467 (VIOLATED)
_1823_/RN                               3.000000   34.212467  -31.212467 (VIOLATED)
_1824_/RN                               3.000000   34.212467  -31.212467 (VIOLATED)
_1825_/RN                               3.000000   34.212467  -31.212467 (VIOLATED)
_1826_/RN                               3.000000   34.212467  -31.212467 (VIOLATED)
_1827_/RN                               3.000000   34.212467  -31.212467 (VIOLATED)
_1828_/RN                               3.000000   34.212467  -31.212467 (VIOLATED)
_1829_/RN                               3.000000   34.212467  -31.212467 (VIOLATED)
_1830_/RN                               3.000000   34.212467  -31.212467 (VIOLATED)
_1831_/RN                               3.000000   34.212467  -31.212467 (VIOLATED)
_1832_/RN                               3.000000   34.212467  -31.212467 (VIOLATED)
_1833_/RN                               3.000000   34.212467  -31.212467 (VIOLATED)
_1834_/RN                               3.000000   34.212467  -31.212467 (VIOLATED)
_1835_/RN                               3.000000   34.212467  -31.212467 (VIOLATED)
_1836_/RN                               3.000000   34.212467  -31.212467 (VIOLATED)
_1837_/RN                               3.000000   34.212467  -31.212467 (VIOLATED)
_1838_/RN                               3.000000   34.212467  -31.212467 (VIOLATED)
_1839_/RN                               3.000000   34.212467  -31.212467 (VIOLATED)
_1840_/RN                               3.000000   34.212467  -31.212467 (VIOLATED)
_1841_/RN                               3.000000   34.212467  -31.212467 (VIOLATED)
_1842_/RN                               3.000000   34.212467  -31.212467 (VIOLATED)
_1843_/RN                               3.000000   34.212467  -31.212467 (VIOLATED)
_1844_/SETN                             3.000000   34.212467  -31.212467 (VIOLATED)
_1845_/SETN                             3.000000   34.212467  -31.212467 (VIOLATED)
_1846_/SETN                             3.000000   34.212467  -31.212467 (VIOLATED)
_1847_/SETN                             3.000000   34.212467  -31.212467 (VIOLATED)
_1848_/RN                               3.000000   34.212467  -31.212467 (VIOLATED)
_1849_/RN                               3.000000   34.212467  -31.212467 (VIOLATED)
_1850_/RN                               3.000000   34.212467  -31.212467 (VIOLATED)
_1851_/RN                               3.000000   34.212467  -31.212467 (VIOLATED)
_1852_/RN                               3.000000   34.212467  -31.212467 (VIOLATED)
_1853_/RN                               3.000000   34.212467  -31.212467 (VIOLATED)
_1854_/RN                               3.000000   34.212467  -31.212467 (VIOLATED)
_1855_/RN                               3.000000   34.212467  -31.212467 (VIOLATED)
_1856_/RN                               3.000000   34.212467  -31.212467 (VIOLATED)
_1857_/RN                               3.000000   34.212467  -31.212467 (VIOLATED)
_1858_/RN                               3.000000   34.212467  -31.212467 (VIOLATED)
_1859_/RN                               3.000000   34.212467  -31.212467 (VIOLATED)
_1860_/RN                               3.000000   34.212467  -31.212467 (VIOLATED)
_1861_/RN                               3.000000   34.212467  -31.212467 (VIOLATED)
_1862_/RN                               3.000000   34.212467  -31.212467 (VIOLATED)
_1863_/RN                               3.000000   34.212467  -31.212467 (VIOLATED)
_1864_/RN                               3.000000   34.212467  -31.212467 (VIOLATED)
_1865_/RN                               3.000000   34.212467  -31.212467 (VIOLATED)
_1866_/RN                               3.000000   34.212467  -31.212467 (VIOLATED)
_1867_/RN                               3.000000   34.212467  -31.212467 (VIOLATED)
_1868_/RN                               3.000000   34.212467  -31.212467 (VIOLATED)
_1869_/RN                               3.000000   34.212467  -31.212467 (VIOLATED)
_1870_/RN                               3.000000   34.212467  -31.212467 (VIOLATED)
_1871_/RN                               3.000000   34.212467  -31.212467 (VIOLATED)
_1872_/RN                               3.000000   34.212467  -31.212467 (VIOLATED)
_1873_/RN                               3.000000   34.212467  -31.212467 (VIOLATED)
_1874_/RN                               3.000000   34.212467  -31.212467 (VIOLATED)
_1875_/RN                               3.000000   34.212467  -31.212467 (VIOLATED)
_1876_/RN                               3.000000   34.212467  -31.212467 (VIOLATED)
_1877_/RN                               3.000000   34.212467  -31.212467 (VIOLATED)
_1878_/RN                               3.000000   34.212467  -31.212467 (VIOLATED)
_1879_/RN                               3.000000   34.212467  -31.212467 (VIOLATED)
_1880_/RN                               3.000000   34.212467  -31.212467 (VIOLATED)
_1881_/RN                               3.000000   34.212467  -31.212467 (VIOLATED)
_1882_/RN                               3.000000   34.212467  -31.212467 (VIOLATED)
_1883_/RN                               3.000000   34.212467  -31.212467 (VIOLATED)
_1884_/RN                               3.000000   34.212467  -31.212467 (VIOLATED)
_1885_/RN                               3.000000   34.212467  -31.212467 (VIOLATED)
_1886_/RN                               3.000000   34.212467  -31.212467 (VIOLATED)
_1887_/RN                               3.000000   34.212467  -31.212467 (VIOLATED)
_1888_/RN                               3.000000   34.212467  -31.212467 (VIOLATED)
_1889_/RN                               3.000000   34.212467  -31.212467 (VIOLATED)
_1890_/RN                               3.000000   34.212467  -31.212467 (VIOLATED)
_1891_/RN                               3.000000   34.212467  -31.212467 (VIOLATED)
_1892_/RN                               3.000000   34.212467  -31.212467 (VIOLATED)
_1893_/RN                               3.000000   34.212467  -31.212467 (VIOLATED)
_1894_/RN                               3.000000   34.212467  -31.212467 (VIOLATED)
_1895_/RN                               3.000000   34.212467  -31.212467 (VIOLATED)
_1896_/RN                               3.000000   34.212467  -31.212467 (VIOLATED)
_1897_/RN                               3.000000   34.212467  -31.212467 (VIOLATED)
_1898_/RN                               3.000000   34.212467  -31.212467 (VIOLATED)
_1899_/RN                               3.000000   34.212467  -31.212467 (VIOLATED)
_1900_/RN                               3.000000   34.212467  -31.212467 (VIOLATED)
_1901_/RN                               3.000000   34.212467  -31.212467 (VIOLATED)
_1902_/RN                               3.000000   34.212467  -31.212467 (VIOLATED)
_1903_/RN                               3.000000   34.212467  -31.212467 (VIOLATED)
_1904_/RN                               3.000000   34.212467  -31.212467 (VIOLATED)
_1905_/RN                               3.000000   34.212467  -31.212467 (VIOLATED)
_1906_/RN                               3.000000   34.212467  -31.212467 (VIOLATED)
_1907_/RN                               3.000000   34.212467  -31.212467 (VIOLATED)
_1908_/RN                               3.000000   34.212467  -31.212467 (VIOLATED)
_1909_/RN                               3.000000   34.212467  -31.212467 (VIOLATED)
_1910_/RN                               3.000000   34.212467  -31.212467 (VIOLATED)
_1911_/RN                               3.000000   34.212467  -31.212467 (VIOLATED)
_1912_/RN                               3.000000   34.212467  -31.212467 (VIOLATED)
_1913_/RN                               3.000000   34.212467  -31.212467 (VIOLATED)
_1914_/RN                               3.000000   34.212467  -31.212467 (VIOLATED)
_1915_/RN                               3.000000   34.212467  -31.212467 (VIOLATED)
_1916_/RN                               3.000000   34.212467  -31.212467 (VIOLATED)
_1917_/RN                               3.000000   34.212467  -31.212467 (VIOLATED)
_1918_/RN                               3.000000   34.212467  -31.212467 (VIOLATED)
_1919_/RN                               3.000000   34.212467  -31.212467 (VIOLATED)
_1920_/RN                               3.000000   34.212467  -31.212467 (VIOLATED)
_1921_/RN                               3.000000   34.212467  -31.212467 (VIOLATED)
_1922_/RN                               3.000000   34.212467  -31.212467 (VIOLATED)
_1923_/RN                               3.000000   34.212467  -31.212467 (VIOLATED)
_1924_/RN                               3.000000   34.212467  -31.212467 (VIOLATED)
_1925_/RN                               3.000000   34.212467  -31.212467 (VIOLATED)
_1926_/RN                               3.000000   34.212467  -31.212467 (VIOLATED)
_1927_/RN                               3.000000   34.212467  -31.212467 (VIOLATED)
_1928_/RN                               3.000000   34.212467  -31.212467 (VIOLATED)
_1929_/RN                               3.000000   34.212467  -31.212467 (VIOLATED)
_1930_/RN                               3.000000   34.212467  -31.212467 (VIOLATED)
_1931_/RN                               3.000000   34.212467  -31.212467 (VIOLATED)
_1932_/RN                               3.000000   34.212467  -31.212467 (VIOLATED)
_1933_/RN                               3.000000   34.212467  -31.212467 (VIOLATED)
_1934_/RN                               3.000000   34.212467  -31.212467 (VIOLATED)
_1935_/RN                               3.000000   34.212467  -31.212467 (VIOLATED)
_1936_/RN                               3.000000   34.212467  -31.212467 (VIOLATED)
_1937_/RN                               3.000000   34.212467  -31.212467 (VIOLATED)
_1938_/RN                               3.000000   34.212467  -31.212467 (VIOLATED)
_1939_/RN                               3.000000   34.212467  -31.212467 (VIOLATED)
_1940_/RN                               3.000000   34.212467  -31.212467 (VIOLATED)
_1941_/RN                               3.000000   34.212467  -31.212467 (VIOLATED)
_1942_/RN                               3.000000   34.212467  -31.212467 (VIOLATED)
_1943_/RN                               3.000000   34.212467  -31.212467 (VIOLATED)
_1944_/RN                               3.000000   34.212467  -31.212467 (VIOLATED)
_1945_/RN                               3.000000   34.212467  -31.212467 (VIOLATED)
_1946_/RN                               3.000000   34.212467  -31.212467 (VIOLATED)
_1947_/RN                               3.000000   34.212467  -31.212467 (VIOLATED)
_1948_/RN                               3.000000   34.212467  -31.212467 (VIOLATED)
_1949_/RN                               3.000000   34.212467  -31.212467 (VIOLATED)
_1950_/RN                               3.000000   34.212467  -31.212467 (VIOLATED)
_1951_/RN                               3.000000   34.212467  -31.212467 (VIOLATED)
_1952_/RN                               3.000000   34.212467  -31.212467 (VIOLATED)
_1953_/RN                               3.000000   34.212467  -31.212467 (VIOLATED)
_1954_/RN                               3.000000   34.212467  -31.212467 (VIOLATED)
_1955_/RN                               3.000000   34.212467  -31.212467 (VIOLATED)
_1956_/RN                               3.000000   34.212467  -31.212467 (VIOLATED)
_1957_/RN                               3.000000   34.212467  -31.212467 (VIOLATED)
_1958_/RN                               3.000000   34.212467  -31.212467 (VIOLATED)
_1959_/RN                               3.000000   34.212467  -31.212467 (VIOLATED)
_1960_/RN                               3.000000   34.212467  -31.212467 (VIOLATED)
_1961_/RN                               3.000000   34.212467  -31.212467 (VIOLATED)
_1962_/RN                               3.000000   34.212467  -31.212467 (VIOLATED)
_1963_/RN                               3.000000   34.212467  -31.212467 (VIOLATED)
_1964_/RN                               3.000000   34.212467  -31.212467 (VIOLATED)
_1965_/RN                               3.000000   34.212467  -31.212467 (VIOLATED)
_1966_/RN                               3.000000   34.212467  -31.212467 (VIOLATED)
_1967_/RN                               3.000000   34.212467  -31.212467 (VIOLATED)
_1968_/RN                               3.000000   34.212467  -31.212467 (VIOLATED)
_1969_/RN                               3.000000   34.212467  -31.212467 (VIOLATED)
_1970_/SETN                             3.000000   34.212467  -31.212467 (VIOLATED)
_1971_/SETN                             3.000000   34.212467  -31.212467 (VIOLATED)
_1972_/SETN                             3.000000   34.212467  -31.212467 (VIOLATED)
_1973_/SETN                             3.000000   34.212467  -31.212467 (VIOLATED)
_1974_/SETN                             3.000000   34.212467  -31.212467 (VIOLATED)
_1975_/SETN                             3.000000   34.212467  -31.212467 (VIOLATED)
_1976_/SETN                             3.000000   34.212467  -31.212467 (VIOLATED)
_1977_/SETN                             3.000000   34.212467  -31.212467 (VIOLATED)
_1978_/RN                               3.000000   34.212467  -31.212467 (VIOLATED)
_1979_/RN                               3.000000   34.212467  -31.212467 (VIOLATED)
_1980_/RN                               3.000000   34.212467  -31.212467 (VIOLATED)
_1981_/RN                               3.000000   34.212467  -31.212467 (VIOLATED)
_1982_/RN                               3.000000   34.212467  -31.212467 (VIOLATED)
_1983_/RN                               3.000000   34.212467  -31.212467 (VIOLATED)
_1984_/RN                               3.000000   34.212467  -31.212467 (VIOLATED)
_1985_/SETN                             3.000000   34.212467  -31.212467 (VIOLATED)
_1986_/SETN                             3.000000   34.212467  -31.212467 (VIOLATED)
_1987_/SETN                             3.000000   34.212467  -31.212467 (VIOLATED)
_1988_/SETN                             3.000000   34.212467  -31.212467 (VIOLATED)
_1989_/SETN                             3.000000   34.212467  -31.212467 (VIOLATED)
_1990_/SETN                             3.000000   34.212467  -31.212467 (VIOLATED)
_1991_/SETN                             3.000000   34.212467  -31.212467 (VIOLATED)
_1992_/SETN                             3.000000   34.212467  -31.212467 (VIOLATED)
_1993_/RN                               3.000000   34.212467  -31.212467 (VIOLATED)
_1994_/RN                               3.000000   34.212467  -31.212467 (VIOLATED)
_1995_/RN                               3.000000   34.212467  -31.212467 (VIOLATED)
_1996_/RN                               3.000000   34.212467  -31.212467 (VIOLATED)
_1997_/RN                               3.000000   34.212467  -31.212467 (VIOLATED)
_1998_/RN                               3.000000   34.212467  -31.212467 (VIOLATED)
_1999_/RN                               3.000000   34.212467  -31.212467 (VIOLATED)
_2000_/RN                               3.000000   34.212467  -31.212467 (VIOLATED)
_2001_/RN                               3.000000   34.212467  -31.212467 (VIOLATED)
_2002_/RN                               3.000000   34.212467  -31.212467 (VIOLATED)
_2003_/RN                               3.000000   34.212467  -31.212467 (VIOLATED)
_2004_/RN                               3.000000   34.212467  -31.212467 (VIOLATED)
_2005_/RN                               3.000000   34.212467  -31.212467 (VIOLATED)
_2006_/RN                               3.000000   34.212467  -31.212467 (VIOLATED)
_2007_/RN                               3.000000   34.212467  -31.212467 (VIOLATED)
_2008_/RN                               3.000000   34.212467  -31.212467 (VIOLATED)
_2009_/RN                               3.000000   34.212467  -31.212467 (VIOLATED)
_2010_/RN                               3.000000   34.212467  -31.212467 (VIOLATED)
_2011_/RN                               3.000000   34.212467  -31.212467 (VIOLATED)
_2012_/RN                               3.000000   34.212467  -31.212467 (VIOLATED)
_2013_/RN                               3.000000   34.212467  -31.212467 (VIOLATED)
_2014_/RN                               3.000000   34.212467  -31.212467 (VIOLATED)
_2015_/RN                               3.000000   34.212467  -31.212467 (VIOLATED)
_2016_/RN                               3.000000   34.212467  -31.212467 (VIOLATED)
_2017_/RN                               3.000000   34.212467  -31.212467 (VIOLATED)
_2018_/RN                               3.000000   34.212467  -31.212467 (VIOLATED)
_2019_/RN                               3.000000   34.212467  -31.212467 (VIOLATED)
_2020_/RN                               3.000000   34.212467  -31.212467 (VIOLATED)
_2021_/RN                               3.000000   34.212467  -31.212467 (VIOLATED)
_2022_/RN                               3.000000   34.212467  -31.212467 (VIOLATED)
_2023_/RN                               3.000000   34.212467  -31.212467 (VIOLATED)
_2024_/RN                               3.000000   34.212467  -31.212467 (VIOLATED)
_2025_/RN                               3.000000   34.212467  -31.212467 (VIOLATED)
_2026_/RN                               3.000000   34.212467  -31.212467 (VIOLATED)
_2027_/RN                               3.000000   34.212467  -31.212467 (VIOLATED)
_2028_/RN                               3.000000   34.212467  -31.212467 (VIOLATED)
_2029_/RN                               3.000000   34.212467  -31.212467 (VIOLATED)
_2030_/RN                               3.000000   34.212467  -31.212467 (VIOLATED)
_2031_/RN                               3.000000   34.212467  -31.212467 (VIOLATED)
_2032_/RN                               3.000000   34.212467  -31.212467 (VIOLATED)
_2033_/RN                               3.000000   34.212467  -31.212467 (VIOLATED)
_2034_/SETN                             3.000000   34.212467  -31.212467 (VIOLATED)
_2035_/SETN                             3.000000   34.212467  -31.212467 (VIOLATED)
_2036_/RN                               3.000000   34.212467  -31.212467 (VIOLATED)
_2037_/RN                               3.000000   34.212467  -31.212467 (VIOLATED)
_2038_/SETN                             3.000000   34.212467  -31.212467 (VIOLATED)
_2039_/SETN                             3.000000   34.212467  -31.212467 (VIOLATED)
_2040_/RN                               3.000000   34.212467  -31.212467 (VIOLATED)
_2041_/RN                               3.000000   34.212467  -31.212467 (VIOLATED)
_2042_/RN                               3.000000   34.212467  -31.212467 (VIOLATED)
_2043_/RN                               3.000000   34.212467  -31.212467 (VIOLATED)
_2044_/RN                               3.000000   34.212467  -31.212467 (VIOLATED)
_2045_/RN                               3.000000   34.212467  -31.212467 (VIOLATED)
_2046_/RN                               3.000000   34.212467  -31.212467 (VIOLATED)
_2047_/RN                               3.000000   34.212467  -31.212467 (VIOLATED)
_2048_/RN                               3.000000   34.212467  -31.212467 (VIOLATED)
_2049_/RN                               3.000000   34.212467  -31.212467 (VIOLATED)
_2050_/RN                               3.000000   34.212467  -31.212467 (VIOLATED)
_2051_/RN                               3.000000   34.212467  -31.212467 (VIOLATED)
_2052_/RN                               3.000000   34.212467  -31.212467 (VIOLATED)
_2053_/RN                               3.000000   34.212467  -31.212467 (VIOLATED)
_2054_/RN                               3.000000   34.212467  -31.212467 (VIOLATED)
_2055_/RN                               3.000000   34.212467  -31.212467 (VIOLATED)
_2056_/RN                               3.000000   34.212467  -31.212467 (VIOLATED)
_2057_/RN                               3.000000   34.212467  -31.212467 (VIOLATED)
_2058_/RN                               3.000000   34.212467  -31.212467 (VIOLATED)
_2059_/RN                               3.000000   34.212467  -31.212467 (VIOLATED)
_2071_/SETN                             3.000000   34.212467  -31.212467 (VIOLATED)
_2072_/SETN                             3.000000   34.212467  -31.212467 (VIOLATED)
_2073_/SETN                             3.000000   34.212467  -31.212467 (VIOLATED)
_2074_/RN                               3.000000   34.212467  -31.212467 (VIOLATED)
_2075_/RN                               3.000000   34.212467  -31.212467 (VIOLATED)
_2076_/RN                               3.000000   34.212467  -31.212467 (VIOLATED)
_2077_/RN                               3.000000   34.212467  -31.212467 (VIOLATED)
_2078_/RN                               3.000000   34.212467  -31.212467 (VIOLATED)
_2079_/RN                               3.000000   34.212467  -31.212467 (VIOLATED)
_2080_/RN                               3.000000   34.212467  -31.212467 (VIOLATED)
_2081_/RN                               3.000000   34.212467  -31.212467 (VIOLATED)
_2082_/RN                               3.000000   34.212467  -31.212467 (VIOLATED)
_2083_/RN                               3.000000   34.212467  -31.212467 (VIOLATED)
_2084_/RN                               3.000000   34.212467  -31.212467 (VIOLATED)
_2085_/RN                               3.000000   34.212467  -31.212467 (VIOLATED)
_2086_/RN                               3.000000   34.212467  -31.212467 (VIOLATED)
_2087_/RN                               3.000000   34.212467  -31.212467 (VIOLATED)
_2088_/RN                               3.000000   34.212467  -31.212467 (VIOLATED)
_2089_/RN                               3.000000   34.212467  -31.212467 (VIOLATED)
_2090_/RN                               3.000000   34.212467  -31.212467 (VIOLATED)
_2091_/RN                               3.000000   34.212467  -31.212467 (VIOLATED)
_2092_/RN                               3.000000   34.212467  -31.212467 (VIOLATED)
_2093_/RN                               3.000000   34.212467  -31.212467 (VIOLATED)
_2094_/RN                               3.000000   34.212467  -31.212467 (VIOLATED)
_2095_/RN                               3.000000   34.212467  -31.212467 (VIOLATED)
_2096_/RN                               3.000000   34.212467  -31.212467 (VIOLATED)
_2097_/RN                               3.000000   34.212467  -31.212467 (VIOLATED)
_2098_/RN                               3.000000   34.212467  -31.212467 (VIOLATED)
_2099_/RN                               3.000000   34.212467  -31.212467 (VIOLATED)
_2100_/RN                               3.000000   34.212467  -31.212467 (VIOLATED)
_2101_/RN                               3.000000   34.212467  -31.212467 (VIOLATED)
_2102_/RN                               3.000000   34.212467  -31.212467 (VIOLATED)
_2103_/RN                               3.000000   34.212467  -31.212467 (VIOLATED)
_2104_/RN                               3.000000   34.212467  -31.212467 (VIOLATED)
_2105_/RN                               3.000000   34.212467  -31.212467 (VIOLATED)
_2106_/RN                               3.000000   34.212467  -31.212467 (VIOLATED)
_2107_/RN                               3.000000   34.212467  -31.212467 (VIOLATED)
_2108_/RN                               3.000000   34.212467  -31.212467 (VIOLATED)
_0923_/ZN                               3.000000   11.042778   -8.042777 (VIOLATED)
_1770_/RN                               3.000000   11.042778   -8.042777 (VIOLATED)
_1771_/RN                               3.000000   11.042778   -8.042777 (VIOLATED)
_1772_/RN                               3.000000   11.042778   -8.042777 (VIOLATED)
_1773_/RN                               3.000000   11.042778   -8.042777 (VIOLATED)
_1774_/RN                               3.000000   11.042778   -8.042777 (VIOLATED)
_1775_/RN                               3.000000   11.042778   -8.042777 (VIOLATED)
_1776_/RN                               3.000000   11.042778   -8.042777 (VIOLATED)
_1777_/RN                               3.000000   11.042778   -8.042777 (VIOLATED)
_1778_/RN                               3.000000   11.042778   -8.042777 (VIOLATED)
_1779_/RN                               3.000000   11.042778   -8.042777 (VIOLATED)
_1780_/RN                               3.000000   11.042778   -8.042777 (VIOLATED)
_1781_/RN                               3.000000   11.042778   -8.042777 (VIOLATED)
_1782_/RN                               3.000000   11.042778   -8.042777 (VIOLATED)
_1783_/RN                               3.000000   11.042778   -8.042777 (VIOLATED)
_1784_/RN                               3.000000   11.042778   -8.042777 (VIOLATED)
_1785_/RN                               3.000000   11.042778   -8.042777 (VIOLATED)
_1786_/RN                               3.000000   11.042778   -8.042777 (VIOLATED)
_1787_/RN                               3.000000   11.042778   -8.042777 (VIOLATED)
_1788_/RN                               3.000000   11.042778   -8.042777 (VIOLATED)
_1789_/RN                               3.000000   11.042778   -8.042777 (VIOLATED)
_1790_/RN                               3.000000   11.042778   -8.042777 (VIOLATED)
_1791_/RN                               3.000000   11.042778   -8.042777 (VIOLATED)
_1792_/RN                               3.000000   11.042778   -8.042777 (VIOLATED)
_1793_/RN                               3.000000   11.042778   -8.042777 (VIOLATED)
_1794_/RN                               3.000000   11.042778   -8.042777 (VIOLATED)
_1795_/RN                               3.000000   11.042778   -8.042777 (VIOLATED)
_1796_/RN                               3.000000   11.042778   -8.042777 (VIOLATED)
_1797_/RN                               3.000000   11.042778   -8.042777 (VIOLATED)
_1798_/RN                               3.000000   11.042778   -8.042777 (VIOLATED)
_1799_/RN                               3.000000   11.042778   -8.042777 (VIOLATED)
_1800_/RN                               3.000000   11.042778   -8.042777 (VIOLATED)
_1801_/RN                               3.000000   11.042778   -8.042777 (VIOLATED)
_1802_/RN                               3.000000   11.042778   -8.042777 (VIOLATED)
_1803_/RN                               3.000000   11.042778   -8.042777 (VIOLATED)
_1804_/SETN                             3.000000   11.042778   -8.042777 (VIOLATED)
_1805_/SETN                             3.000000   11.042778   -8.042777 (VIOLATED)
_1806_/SETN                             3.000000   11.042778   -8.042777 (VIOLATED)
_1807_/SETN                             3.000000   11.042778   -8.042777 (VIOLATED)
_1808_/RN                               3.000000   11.042778   -8.042777 (VIOLATED)
_1809_/RN                               3.000000   11.042778   -8.042777 (VIOLATED)
_2060_/RN                               3.000000   11.042778   -8.042777 (VIOLATED)
_2061_/RN                               3.000000   11.042778   -8.042777 (VIOLATED)
_2062_/SETN                             3.000000   11.042778   -8.042777 (VIOLATED)
_2063_/SETN                             3.000000   11.042778   -8.042777 (VIOLATED)
_2064_/RN                               3.000000   11.042778   -8.042777 (VIOLATED)
_2065_/RN                               3.000000   11.042778   -8.042777 (VIOLATED)
_2066_/SETN                             3.000000   11.042778   -8.042777 (VIOLATED)
_2067_/SETN                             3.000000   11.042778   -8.042777 (VIOLATED)
_2068_/RN                               3.000000   11.042778   -8.042777 (VIOLATED)
_2069_/RN                               3.000000   11.042778   -8.042777 (VIOLATED)
_2070_/RN                               3.000000   11.042778   -8.042777 (VIOLATED)
_1481_/ZN                               3.000000   10.398836   -7.398836 (VIOLATED)
_1482_/S                                3.000000   10.398836   -7.398836 (VIOLATED)
_1483_/S                                3.000000   10.398836   -7.398836 (VIOLATED)
_1484_/S                                3.000000   10.398836   -7.398836 (VIOLATED)
_1485_/S                                3.000000   10.398836   -7.398836 (VIOLATED)
_1486_/S                                3.000000   10.398836   -7.398836 (VIOLATED)
_1487_/S                                3.000000   10.398836   -7.398836 (VIOLATED)
_1488_/S                                3.000000   10.398836   -7.398836 (VIOLATED)
_1489_/S                                3.000000   10.398836   -7.398836 (VIOLATED)
_1490_/S                                3.000000   10.398836   -7.398836 (VIOLATED)
_1491_/S                                3.000000   10.398836   -7.398836 (VIOLATED)
_1492_/S                                3.000000   10.398836   -7.398836 (VIOLATED)
_1493_/S                                3.000000   10.398836   -7.398836 (VIOLATED)
_1494_/S                                3.000000   10.398836   -7.398836 (VIOLATED)
_1495_/S                                3.000000   10.398836   -7.398836 (VIOLATED)
_1496_/S                                3.000000   10.398836   -7.398836 (VIOLATED)
_1497_/S                                3.000000   10.398836   -7.398836 (VIOLATED)
_1498_/S                                3.000000   10.398836   -7.398836 (VIOLATED)
_1499_/S                                3.000000   10.398836   -7.398836 (VIOLATED)
_1500_/S                                3.000000   10.398836   -7.398836 (VIOLATED)
_1501_/S                                3.000000   10.398836   -7.398836 (VIOLATED)
_1568_/S                                3.000000   10.398836   -7.398836 (VIOLATED)
_1569_/S                                3.000000   10.398836   -7.398836 (VIOLATED)
_1574_/S                                3.000000   10.398836   -7.398836 (VIOLATED)
_1739_/ZN                               3.000000    6.035745   -3.035745 (VIOLATED)
_1740_/S                                3.000000    6.035745   -3.035745 (VIOLATED)
_1741_/A2                               3.000000    6.035745   -3.035745 (VIOLATED)
_1742_/A2                               3.000000    6.035745   -3.035745 (VIOLATED)
_1743_/S                                3.000000    6.035745   -3.035745 (VIOLATED)
_1744_/A2                               3.000000    6.035745   -3.035745 (VIOLATED)
_1745_/A2                               3.000000    6.035745   -3.035745 (VIOLATED)
_1746_/S                                3.000000    6.035745   -3.035745 (VIOLATED)
_1747_/S                                3.000000    6.035745   -3.035745 (VIOLATED)
_1748_/A2                               3.000000    6.035745   -3.035745 (VIOLATED)
_1749_/A2                               3.000000    6.035745   -3.035745 (VIOLATED)
_1750_/A2                               3.000000    6.035745   -3.035745 (VIOLATED)
_1751_/A2                               3.000000    6.035745   -3.035745 (VIOLATED)
_1752_/A2                               3.000000    6.035745   -3.035745 (VIOLATED)
_1753_/A2                               3.000000    6.035745   -3.035745 (VIOLATED)
_1754_/S                                3.000000    6.035745   -3.035745 (VIOLATED)
_1755_/A2                               3.000000    6.035745   -3.035745 (VIOLATED)
_1756_/A2                               3.000000    6.035745   -3.035745 (VIOLATED)
_1757_/S                                3.000000    6.035745   -3.035745 (VIOLATED)
_1758_/A2                               3.000000    6.035745   -3.035745 (VIOLATED)
_1759_/A2                               3.000000    6.035745   -3.035745 (VIOLATED)
_1760_/A2                               3.000000    6.035745   -3.035745 (VIOLATED)
_1761_/A2                               3.000000    6.035745   -3.035745 (VIOLATED)
_1762_/S                                3.000000    6.035745   -3.035745 (VIOLATED)
_1763_/S                                3.000000    6.035745   -3.035745 (VIOLATED)
_1764_/A2                               3.000000    6.035745   -3.035745 (VIOLATED)
_1765_/A2                               3.000000    6.035745   -3.035745 (VIOLATED)
_1766_/S                                3.000000    6.035745   -3.035745 (VIOLATED)
_1767_/S                                3.000000    6.035745   -3.035745 (VIOLATED)
_1768_/A2                               3.000000    6.035745   -3.035745 (VIOLATED)
_1769_/A2                               3.000000    6.035745   -3.035745 (VIOLATED)
_1215_/ZN                               3.000000    4.749471   -1.749471 (VIOLATED)
_1224_/A2                               3.000000    4.749471   -1.749471 (VIOLATED)
_1232_/B1                               3.000000    4.749471   -1.749471 (VIOLATED)
_1236_/B1                               3.000000    4.749471   -1.749471 (VIOLATED)
_1239_/B1                               3.000000    4.749471   -1.749471 (VIOLATED)
_1243_/B1                               3.000000    4.749471   -1.749471 (VIOLATED)
_1246_/A2                               3.000000    4.749471   -1.749471 (VIOLATED)
_1252_/A2                               3.000000    4.749471   -1.749471 (VIOLATED)
_1255_/A2                               3.000000    4.749471   -1.749471 (VIOLATED)
_1258_/A2                               3.000000    4.749471   -1.749471 (VIOLATED)
_1261_/A2                               3.000000    4.749471   -1.749471 (VIOLATED)
_1264_/A2                               3.000000    4.749471   -1.749471 (VIOLATED)
_1267_/A2                               3.000000    4.749471   -1.749471 (VIOLATED)
_1270_/A2                               3.000000    4.749471   -1.749471 (VIOLATED)
_1272_/A2                               3.000000    4.749471   -1.749471 (VIOLATED)
_1274_/A2                               3.000000    4.749471   -1.749471 (VIOLATED)
_1276_/A2                               3.000000    4.749471   -1.749471 (VIOLATED)
_0863_/ZN                               3.000000    3.902556   -0.902556 (VIOLATED)
_0923_/A1                               3.000000    3.902556   -0.902556 (VIOLATED)
_1315_/ZN                               3.000000    3.749489   -0.749489 (VIOLATED)
_1316_/S                                3.000000    3.749489   -0.749489 (VIOLATED)
_1317_/S                                3.000000    3.749489   -0.749489 (VIOLATED)
_1318_/S                                3.000000    3.749489   -0.749489 (VIOLATED)
_1319_/S                                3.000000    3.749489   -0.749489 (VIOLATED)
_1320_/S                                3.000000    3.749489   -0.749489 (VIOLATED)
_1321_/S                                3.000000    3.749489   -0.749489 (VIOLATED)
_1322_/S                                3.000000    3.749489   -0.749489 (VIOLATED)
_1323_/S                                3.000000    3.749489   -0.749489 (VIOLATED)
_1214_/ZN                               3.000000    3.554420   -0.554420 (VIOLATED)
_1223_/B1                               3.000000    3.554420   -0.554420 (VIOLATED)
_1233_/A2                               3.000000    3.554420   -0.554420 (VIOLATED)
_1235_/A2                               3.000000    3.554420   -0.554420 (VIOLATED)
_1238_/B1                               3.000000    3.554420   -0.554420 (VIOLATED)
_1244_/B1                               3.000000    3.554420   -0.554420 (VIOLATED)
_1247_/A2                               3.000000    3.554420   -0.554420 (VIOLATED)
_1253_/B1                               3.000000    3.554420   -0.554420 (VIOLATED)
_1256_/B1                               3.000000    3.554420   -0.554420 (VIOLATED)
_1259_/B1                               3.000000    3.554420   -0.554420 (VIOLATED)
_1262_/B1                               3.000000    3.554420   -0.554420 (VIOLATED)
_1265_/A2                               3.000000    3.554420   -0.554420 (VIOLATED)
_1268_/A2                               3.000000    3.554420   -0.554420 (VIOLATED)
rx_char_event_o                         3.000000    3.402187   -0.402187 (VIOLATED)
_0922_/ZN                               3.000000    3.402187   -0.402187 (VIOLATED)

max fanout

Pin                                   Limit Fanout  Slack
---------------------------------------------------------
rstn_i                                   10    289   -279 (VIOLATED)
_0923_/ZN                                10     51    -41 (VIOLATED)
_1739_/ZN                                10     30    -20 (VIOLATED)
_1087_/Z                                 10     24    -14 (VIOLATED)
_1481_/ZN                                10     23    -13 (VIOLATED)
_1077_/ZN                                10     17     -7 (VIOLATED)
_1104_/ZN                                10     16     -6 (VIOLATED)
_1152_/ZN                                10     16     -6 (VIOLATED)
_1215_/ZN                                10     16     -6 (VIOLATED)
_1216_/Z                                 10     16     -6 (VIOLATED)
_1517_/ZN                                10     16     -6 (VIOLATED)
_1550_/Z                                 10     16     -6 (VIOLATED)
_0961_/ZN                                10     15     -5 (VIOLATED)
_1610_/Z                                 10     14     -4 (VIOLATED)
_1536_/Z                                 10     13     -3 (VIOLATED)
_1214_/ZN                                10     12     -2 (VIOLATED)
_1218_/ZN                                10     12     -2 (VIOLATED)
_1504_/ZN                                10     12     -2 (VIOLATED)
_0956_/ZN                                10     11        (VIOLATED)
_0960_/Z                                 10     11        (VIOLATED)
_1355_/ZN                                10     11        (VIOLATED)
_1660_/ZN                                10     11        (VIOLATED)

max capacitance

Pin                                        Limit         Cap       Slack
------------------------------------------------------------------------
rstn_i                                  0.200000    2.072547   -1.872548 (VIOLATED)
_0923_/ZN                               0.125100    0.364058   -0.238958 (VIOLATED)
_1481_/ZN                               0.084260    0.232530   -0.148270 (VIOLATED)
_1739_/ZN                               0.163300    0.191250   -0.027950 (VIOLATED)
_1215_/ZN                               0.062220    0.077199   -0.014979 (VIOLATED)



===========================================================================
report_parasitic_annotation -report_unannotated
============================================================================
Found 1422 unannotated drivers.
 cfg_addr_i[0]
 cfg_addr_i[1]
 cfg_addr_i[2]
 cfg_addr_i[3]
 cfg_addr_i[4]
 cfg_data_i[0]
 cfg_data_i[10]
 cfg_data_i[11]
 cfg_data_i[12]
 cfg_data_i[13]
 cfg_data_i[14]
 cfg_data_i[15]
 cfg_data_i[16]
 cfg_data_i[17]
 cfg_data_i[18]
 cfg_data_i[19]
 cfg_data_i[1]
 cfg_data_i[20]
 cfg_data_i[21]
 cfg_data_i[22]
 cfg_data_i[23]
 cfg_data_i[24]
 cfg_data_i[25]
 cfg_data_i[26]
 cfg_data_i[27]
 cfg_data_i[28]
 cfg_data_i[29]
 cfg_data_i[2]
 cfg_data_i[30]
 cfg_data_i[31]
 cfg_data_i[3]
 cfg_data_i[4]
 cfg_data_i[5]
 cfg_data_i[6]
 cfg_data_i[7]
 cfg_data_i[8]
 cfg_data_i[9]
 cfg_rwn_i
 cfg_rx_bytes_left_i[0]
 cfg_rx_bytes_left_i[10]
 cfg_rx_bytes_left_i[11]
 cfg_rx_bytes_left_i[12]
 cfg_rx_bytes_left_i[13]
 cfg_rx_bytes_left_i[14]
 cfg_rx_bytes_left_i[15]
 cfg_rx_bytes_left_i[1]
 cfg_rx_bytes_left_i[2]
 cfg_rx_bytes_left_i[3]
 cfg_rx_bytes_left_i[4]
 cfg_rx_bytes_left_i[5]
 cfg_rx_bytes_left_i[6]
 cfg_rx_bytes_left_i[7]
 cfg_rx_bytes_left_i[8]
 cfg_rx_bytes_left_i[9]
 cfg_rx_curr_addr_i[0]
 cfg_rx_curr_addr_i[10]
 cfg_rx_curr_addr_i[11]
 cfg_rx_curr_addr_i[1]
 cfg_rx_curr_addr_i[2]
 cfg_rx_curr_addr_i[3]
 cfg_rx_curr_addr_i[4]
 cfg_rx_curr_addr_i[5]
 cfg_rx_curr_addr_i[6]
 cfg_rx_curr_addr_i[7]
 cfg_rx_curr_addr_i[8]
 cfg_rx_curr_addr_i[9]
 cfg_rx_en_i
 cfg_rx_pending_i
 cfg_tx_bytes_left_i[0]
 cfg_tx_bytes_left_i[10]
 cfg_tx_bytes_left_i[11]
 cfg_tx_bytes_left_i[12]
 cfg_tx_bytes_left_i[13]
 cfg_tx_bytes_left_i[14]
 cfg_tx_bytes_left_i[15]
 cfg_tx_bytes_left_i[1]
 cfg_tx_bytes_left_i[2]
 cfg_tx_bytes_left_i[3]
 cfg_tx_bytes_left_i[4]
 cfg_tx_bytes_left_i[5]
 cfg_tx_bytes_left_i[6]
 cfg_tx_bytes_left_i[7]
 cfg_tx_bytes_left_i[8]
 cfg_tx_bytes_left_i[9]
 cfg_tx_curr_addr_i[0]
 cfg_tx_curr_addr_i[10]
 cfg_tx_curr_addr_i[11]
 cfg_tx_curr_addr_i[1]
 cfg_tx_curr_addr_i[2]
 cfg_tx_curr_addr_i[3]
 cfg_tx_curr_addr_i[4]
 cfg_tx_curr_addr_i[5]
 cfg_tx_curr_addr_i[6]
 cfg_tx_curr_addr_i[7]
 cfg_tx_curr_addr_i[8]
 cfg_tx_curr_addr_i[9]
 cfg_tx_en_i
 cfg_tx_pending_i
 cfg_valid_i
 data_rx_ready_i
 data_tx_gnt_i
 data_tx_i[0]
 data_tx_i[10]
 data_tx_i[11]
 data_tx_i[12]
 data_tx_i[13]
 data_tx_i[14]
 data_tx_i[15]
 data_tx_i[16]
 data_tx_i[17]
 data_tx_i[18]
 data_tx_i[19]
 data_tx_i[1]
 data_tx_i[20]
 data_tx_i[21]
 data_tx_i[22]
 data_tx_i[23]
 data_tx_i[24]
 data_tx_i[25]
 data_tx_i[26]
 data_tx_i[27]
 data_tx_i[28]
 data_tx_i[29]
 data_tx_i[2]
 data_tx_i[30]
 data_tx_i[31]
 data_tx_i[3]
 data_tx_i[4]
 data_tx_i[5]
 data_tx_i[6]
 data_tx_i[7]
 data_tx_i[8]
 data_tx_i[9]
 data_tx_valid_i
 periph_clk_i
 rstn_i
 sys_clk_i
 uart_rx_i
 _0858_/ZN
 _0859_/ZN
 _0860_/ZN
 _0861_/ZN
 _0862_/ZN
 _0863_/ZN
 _0864_/ZN
 _0865_/ZN
 _0866_/ZN
 _0867_/ZN
 _0868_/ZN
 _0869_/ZN
 _0870_/ZN
 _0871_/ZN
 _0872_/ZN
 _0873_/ZN
 _0874_/ZN
 _0875_/ZN
 _0876_/ZN
 _0877_/ZN
 _0878_/ZN
 _0879_/ZN
 _0880_/ZN
 _0881_/ZN
 _0882_/ZN
 _0883_/ZN
 _0884_/ZN
 _0885_/ZN
 _0886_/ZN
 _0887_/ZN
 _0888_/ZN
 _0889_/ZN
 _0890_/ZN
 _0891_/ZN
 _0892_/ZN
 _0893_/ZN
 _0894_/ZN
 _0895_/ZN
 _0896_/ZN
 _0897_/ZN
 _0898_/ZN
 _0899_/ZN
 _0900_/ZN
 _0901_/ZN
 _0902_/ZN
 _0903_/ZN
 _0904_/ZN
 _0905_/ZN
 _0906_/ZN
 _0907_/ZN
 _0908_/ZN
 _0909_/ZN
 _0910_/ZN
 _0911_/ZN
 _0912_/ZN
 _0913_/ZN
 _0914_/ZN
 _0915_/ZN
 _0916_/ZN
 _0917_/ZN
 _0918_/ZN
 _0919_/ZN
 _0920_/ZN
 _0921_/ZN
 _0922_/ZN
 _0923_/ZN
 _0924_/ZN
 _0925_/ZN
 _0926_/ZN
 _0927_/ZN
 _0928_/ZN
 _0929_/ZN
 _0930_/ZN
 _0931_/Z
 _0932_/Z
 _0933_/ZN
 _0934_/Z
 _0935_/Z
 _0936_/Z
 _0937_/ZN
 _0938_/Z
 _0939_/ZN
 _0940_/ZN
 _0941_/ZN
 _0942_/ZN
 _0943_/ZN
 _0944_/ZN
 _0945_/ZN
 _0946_/ZN
 _0947_/ZN
 _0948_/ZN
 _0949_/ZN
 _0950_/ZN
 _0951_/ZN
 _0952_/Z
 _0953_/ZN
 _0954_/Z
 _0955_/ZN
 _0956_/ZN
 _0957_/ZN
 _0958_/ZN
 _0959_/ZN
 _0960_/Z
 _0961_/ZN
 _0962_/ZN
 _0963_/ZN
 _0964_/ZN
 _0965_/ZN
 _0966_/ZN
 _0967_/ZN
 _0968_/ZN
 _0969_/ZN
 _0970_/Z
 _0971_/ZN
 _0972_/ZN
 _0973_/ZN
 _0974_/ZN
 _0975_/Z
 _0976_/Z
 _0977_/Z
 _0978_/Z
 _0979_/Z
 _0980_/Z
 _0981_/Z
 _0982_/Z
 _0983_/Z
 _0984_/Z
 _0985_/Z
 _0986_/Z
 _0987_/Z
 _0988_/ZN
 _0989_/Z
 _0990_/ZN
 _0991_/Z
 _0992_/Z
 _0993_/ZN
 _0994_/Z
 _0995_/ZN
 _0996_/ZN
 _0997_/ZN
 _0998_/ZN
 _0999_/ZN
 _1000_/ZN
 _1001_/ZN
 _1002_/ZN
 _1003_/ZN
 _1004_/ZN
 _1005_/ZN
 _1006_/ZN
 _1007_/ZN
 _1008_/ZN
 _1009_/Z
 _1010_/ZN
 _1011_/ZN
 _1012_/ZN
 _1013_/ZN
 _1014_/ZN
 _1015_/ZN
 _1016_/ZN
 _1017_/ZN
 _1018_/ZN
 _1019_/ZN
 _1020_/ZN
 _1021_/ZN
 _1022_/ZN
 _1023_/ZN
 _1024_/ZN
 _1025_/ZN
 _1026_/ZN
 _1027_/Z
 _1028_/Z
 _1029_/ZN
 _1030_/ZN
 _1031_/Z
 _1032_/ZN
 _1033_/Z
 _1034_/Z
 _1035_/ZN
 _1036_/ZN
 _1037_/Z
 _1038_/Z
 _1039_/Z
 _1040_/Z
 _1041_/Z
 _1042_/ZN
 _1043_/ZN
 _1044_/ZN
 _1045_/ZN
 _1046_/Z
 _1047_/Z
 _1048_/ZN
 _1049_/Z
 _1050_/ZN
 _1051_/Z
 _1052_/ZN
 _1053_/Z
 _1054_/Z
 _1055_/ZN
 _1056_/Z
 _1057_/ZN
 _1058_/ZN
 _1059_/ZN
 _1060_/ZN
 _1061_/ZN
 _1062_/ZN
 _1063_/ZN
 _1064_/ZN
 _1065_/ZN
 _1066_/ZN
 _1067_/Z
 _1068_/ZN
 _1069_/ZN
 _1070_/ZN
 _1071_/Z
 _1072_/ZN
 _1073_/Z
 _1074_/ZN
 _1075_/ZN
 _1076_/ZN
 _1077_/ZN
 _1078_/ZN
 _1079_/ZN
 _1080_/ZN
 _1081_/ZN
 _1082_/ZN
 _1083_/ZN
 _1084_/Z
 _1085_/ZN
 _1086_/ZN
 _1087_/Z
 _1088_/Z
 _1089_/Z
 _1090_/Z
 _1091_/Z
 _1092_/Z
 _1093_/Z
 _1094_/Z
 _1095_/Z
 _1096_/Z
 _1097_/Z
 _1098_/Z
 _1099_/Z
 _1100_/Z
 _1101_/Z
 _1102_/Z
 _1103_/Z
 _1104_/ZN
 _1105_/ZN
 _1106_/ZN
 _1107_/ZN
 _1108_/Z
 _1109_/ZN
 _1110_/ZN
 _1111_/Z
 _1112_/ZN
 _1113_/ZN
 _1114_/ZN
 _1115_/ZN
 _1116_/Z
 _1117_/ZN
 _1118_/ZN
 _1119_/ZN
 _1120_/ZN
 _1121_/ZN
 _1122_/Z
 _1123_/Z
 _1124_/ZN
 _1125_/ZN
 _1126_/ZN
 _1127_/ZN
 _1128_/ZN
 _1129_/ZN
 _1130_/ZN
 _1131_/ZN
 _1132_/ZN
 _1133_/ZN
 _1134_/ZN
 _1135_/ZN
 _1136_/ZN
 _1137_/ZN
 _1138_/ZN
 _1139_/ZN
 _1140_/ZN
 _1141_/ZN
 _1142_/ZN
 _1143_/ZN
 _1144_/ZN
 _1145_/Z
 _1146_/ZN
 _1147_/ZN
 _1148_/ZN
 _1149_/Z
 _1150_/Z
 _1151_/ZN
 _1152_/ZN
 _1153_/ZN
 _1154_/Z
 _1155_/ZN
 _1156_/Z
 _1157_/ZN
 _1158_/ZN
 _1159_/Z
 _1160_/ZN
 _1161_/ZN
 _1162_/Z
 _1163_/ZN
 _1164_/ZN
 _1165_/Z
 _1166_/ZN
 _1167_/Z
 _1168_/ZN
 _1169_/ZN
 _1170_/Z
 _1171_/ZN
 _1172_/ZN
 _1173_/Z
 _1174_/ZN
 _1175_/Z
 _1176_/ZN
 _1177_/ZN
 _1178_/ZN
 _1179_/Z
 _1180_/ZN
 _1181_/ZN
 _1182_/ZN
 _1183_/Z
 _1184_/ZN
 _1185_/ZN
 _1186_/Z
 _1187_/ZN
 _1188_/Z
 _1189_/ZN
 _1190_/ZN
 _1191_/ZN
 _1192_/ZN
 _1193_/Z
 _1194_/ZN
 _1195_/Z
 _1196_/Z
 _1197_/Z
 _1198_/Z
 _1199_/Z
 _1200_/Z
 _1201_/Z
 _1202_/Z
 _1203_/Z
 _1204_/ZN
 _1205_/ZN
 _1206_/ZN
 _1207_/Z
 _1208_/ZN
 _1209_/ZN
 _1210_/Z
 _1211_/ZN
 _1212_/ZN
 _1213_/ZN
 _1214_/ZN
 _1215_/ZN
 _1216_/Z
 _1217_/ZN
 _1218_/ZN
 _1219_/ZN
 _1220_/Z
 _1221_/ZN
 _1222_/ZN
 _1223_/ZN
 _1224_/ZN
 _1225_/ZN
 _1226_/ZN
 _1227_/ZN
 _1228_/Z
 _1229_/ZN
 _1230_/Z
 _1231_/ZN
 _1232_/ZN
 _1233_/ZN
 _1234_/ZN
 _1235_/ZN
 _1236_/ZN
 _1237_/ZN
 _1238_/ZN
 _1239_/ZN
 _1240_/ZN
 _1241_/ZN
 _1242_/ZN
 _1243_/ZN
 _1244_/ZN
 _1245_/ZN
 _1246_/ZN
 _1247_/ZN
 _1248_/ZN
 _1249_/ZN
 _1250_/Z
 _1251_/ZN
 _1252_/ZN
 _1253_/ZN
 _1254_/ZN
 _1255_/ZN
 _1256_/ZN
 _1257_/ZN
 _1258_/ZN
 _1259_/ZN
 _1260_/ZN
 _1261_/ZN
 _1262_/ZN
 _1263_/ZN
 _1264_/ZN
 _1265_/ZN
 _1266_/ZN
 _1267_/ZN
 _1268_/ZN
 _1269_/ZN
 _1270_/ZN
 _1271_/ZN
 _1272_/ZN
 _1273_/ZN
 _1274_/ZN
 _1275_/ZN
 _1276_/ZN
 _1277_/ZN
 _1278_/ZN
 _1279_/Z
 _1280_/Z
 _1281_/Z
 _1282_/Z
 _1283_/Z
 _1284_/Z
 _1285_/Z
 _1286_/Z
 _1287_/ZN
 _1288_/ZN
 _1289_/ZN
 _1290_/Z
 _1291_/ZN
 _1292_/ZN
 _1293_/ZN
 _1294_/ZN
 _1295_/ZN
 _1296_/ZN
 _1297_/ZN
 _1298_/ZN
 _1299_/ZN
 _1300_/ZN
 _1301_/ZN
 _1302_/ZN
 _1303_/ZN
 _1304_/ZN
 _1305_/ZN
 _1306_/ZN
 _1307_/ZN
 _1308_/ZN
 _1309_/ZN
 _1310_/ZN
 _1311_/ZN
 _1312_/ZN
 _1313_/ZN
 _1314_/ZN
 _1315_/ZN
 _1316_/Z
 _1317_/Z
 _1318_/Z
 _1319_/Z
 _1320_/Z
 _1321_/Z
 _1322_/Z
 _1323_/Z
 _1324_/ZN
 _1325_/ZN
 _1326_/ZN
 _1327_/ZN
 _1328_/ZN
 _1329_/ZN
 _1330_/ZN
 _1331_/ZN
 _1332_/ZN
 _1333_/ZN
 _1334_/ZN
 _1335_/ZN
 _1336_/ZN
 _1337_/ZN
 _1338_/ZN
 _1339_/ZN
 _1340_/ZN
 _1341_/Z
 _1342_/Z
 _1343_/ZN
 _1344_/ZN
 _1345_/ZN
 _1346_/ZN
 _1347_/ZN
 _1348_/ZN
 _1349_/ZN
 _1350_/ZN
 _1351_/Z
 _1352_/Z
 _1353_/Z
 _1354_/Z
 _1355_/ZN
 _1356_/ZN
 _1357_/Z
 _1358_/Z
 _1359_/Z
 _1360_/Z
 _1361_/Z
 _1362_/Z
 _1363_/Z
 _1364_/Z
 _1365_/Z
 _1366_/Z
 _1367_/Z
 _1368_/Z
 _1369_/Z
 _1370_/Z
 _1371_/Z
 _1372_/ZN
 _1373_/ZN
 _1374_/Z
 _1375_/ZN
 _1376_/ZN
 _1377_/ZN
 _1378_/ZN
 _1379_/Z
 _1380_/ZN
 _1381_/ZN
 _1382_/ZN
 _1383_/ZN
 _1384_/ZN
 _1385_/ZN
 _1386_/ZN
 _1387_/ZN
 _1388_/ZN
 _1389_/ZN
 _1390_/ZN
 _1391_/ZN
 _1392_/ZN
 _1393_/ZN
 _1394_/ZN
 _1395_/ZN
 _1396_/ZN
 _1397_/ZN
 _1398_/ZN
 _1399_/ZN
 _1400_/ZN
 _1401_/ZN
 _1402_/ZN
 _1403_/ZN
 _1404_/ZN
 _1405_/Z
 _1406_/Z
 _1407_/Z
 _1408_/Z
 _1409_/Z
 _1410_/Z
 _1411_/Z
 _1412_/Z
 _1413_/ZN
 _1414_/ZN
 _1415_/ZN
 _1416_/ZN
 _1417_/ZN
 _1418_/ZN
 _1419_/ZN
 _1420_/ZN
 _1421_/ZN
 _1422_/ZN
 _1423_/ZN
 _1424_/ZN
 _1425_/ZN
 _1426_/ZN
 _1427_/ZN
 _1428_/ZN
 _1429_/ZN
 _1430_/Z
 _1431_/Z
 _1432_/Z
 _1433_/Z
 _1434_/ZN
 _1435_/ZN
 _1436_/ZN
 _1437_/ZN
 _1438_/ZN
 _1439_/ZN
 _1440_/Z
 _1441_/ZN
 _1442_/Z
 _1443_/Z
 _1444_/Z
 _1445_/Z
 _1446_/ZN
 _1447_/Z
 _1448_/ZN
 _1449_/ZN
 _1450_/Z
 _1451_/Z
 _1452_/Z
 _1453_/ZN
 _1454_/ZN
 _1455_/ZN
 _1456_/Z
 _1457_/Z
 _1458_/Z
 _1459_/Z
 _1460_/Z
 _1461_/Z
 _1462_/Z
 _1463_/Z
 _1464_/Z
 _1465_/Z
 _1466_/Z
 _1467_/Z
 _1468_/Z
 _1469_/Z
 _1470_/Z
 _1471_/Z
 _1472_/Z
 _1473_/ZN
 _1474_/Z
 _1475_/ZN
 _1476_/Z
 _1477_/ZN
 _1478_/ZN
 _1479_/Z
 _1480_/ZN
 _1481_/ZN
 _1482_/Z
 _1483_/Z
 _1484_/Z
 _1485_/Z
 _1486_/Z
 _1487_/Z
 _1488_/Z
 _1489_/Z
 _1490_/Z
 _1491_/Z
 _1492_/Z
 _1493_/Z
 _1494_/Z
 _1495_/Z
 _1496_/Z
 _1497_/Z
 _1498_/Z
 _1499_/Z
 _1500_/Z
 _1501_/Z
 _1502_/ZN
 _1503_/ZN
 _1504_/ZN
 _1505_/Z
 _1506_/Z
 _1507_/Z
 _1508_/Z
 _1509_/Z
 _1510_/Z
 _1511_/Z
 _1512_/Z
 _1513_/Z
 _1514_/Z
 _1515_/Z
 _1516_/Z
 _1517_/ZN
 _1518_/Z
 _1519_/Z
 _1520_/Z
 _1521_/Z
 _1522_/Z
 _1523_/Z
 _1524_/Z
 _1525_/Z
 _1526_/Z
 _1527_/Z
 _1528_/Z
 _1529_/Z
 _1530_/Z
 _1531_/Z
 _1532_/Z
 _1533_/Z
 _1534_/Z
 _1535_/ZN
 _1536_/Z
 _1537_/Z
 _1538_/Z
 _1539_/Z
 _1540_/Z
 _1541_/Z
 _1542_/ZN
 _1543_/ZN
 _1544_/Z
 _1545_/Z
 _1546_/Z
 _1547_/Z
 _1548_/Z
 _1549_/Z
 _1550_/Z
 _1551_/Z
 _1552_/Z
 _1553_/Z
 _1554_/Z
 _1555_/Z
 _1556_/Z
 _1557_/Z
 _1558_/Z
 _1559_/Z
 _1560_/Z
 _1561_/Z
 _1562_/Z
 _1563_/Z
 _1564_/Z
 _1565_/Z
 _1566_/Z
 _1567_/Z
 _1568_/Z
 _1569_/Z
 _1570_/ZN
 _1571_/ZN
 _1572_/ZN
 _1573_/ZN
 _1574_/Z
 _1575_/ZN
 _1576_/ZN
 _1577_/ZN
 _1578_/ZN
 _1579_/Z
 _1580_/ZN
 _1581_/Z
 _1582_/Z
 _1583_/Z
 _1584_/Z
 _1585_/Z
 _1586_/Z
 _1587_/Z
 _1588_/Z
 _1589_/ZN
 _1590_/ZN
 _1591_/ZN
 _1592_/ZN
 _1593_/ZN
 _1594_/ZN
 _1595_/ZN
 _1596_/ZN
 _1597_/ZN
 _1598_/ZN
 _1599_/ZN
 _1600_/ZN
 _1601_/ZN
 _1602_/ZN
 _1603_/ZN
 _1604_/ZN
 _1605_/ZN
 _1606_/ZN
 _1607_/ZN
 _1608_/ZN
 _1609_/ZN
 _1610_/Z
 _1611_/ZN
 _1612_/Z
 _1613_/Z
 _1614_/Z
 _1615_/Z
 _1616_/ZN
 _1617_/Z
 _1618_/Z
 _1619_/ZN
 _1620_/ZN
 _1621_/ZN
 _1622_/ZN
 _1623_/ZN
 _1624_/ZN
 _1625_/ZN
 _1626_/ZN
 _1627_/ZN
 _1628_/ZN
 _1629_/ZN
 _1630_/ZN
 _1631_/ZN
 _1632_/ZN
 _1633_/ZN
 _1634_/ZN
 _1635_/ZN
 _1636_/ZN
 _1637_/ZN
 _1638_/ZN
 _1639_/ZN
 _1640_/ZN
 _1641_/Z
 _1642_/ZN
 _1643_/ZN
 _1644_/ZN
 _1645_/ZN
 _1646_/ZN
 _1647_/ZN
 _1648_/Z
 _1649_/ZN
 _1650_/ZN
 _1651_/ZN
 _1652_/ZN
 _1653_/ZN
 _1654_/ZN
 _1655_/ZN
 _1656_/ZN
 _1657_/ZN
 _1658_/ZN
 _1659_/ZN
 _1660_/ZN
 _1661_/ZN
 _1662_/ZN
 _1663_/ZN
 _1664_/ZN
 _1665_/ZN
 _1666_/ZN
 _1667_/ZN
 _1668_/ZN
 _1669_/ZN
 _1670_/ZN
 _1671_/ZN
 _1672_/ZN
 _1673_/ZN
 _1674_/ZN
 _1675_/ZN
 _1676_/ZN
 _1677_/ZN
 _1678_/ZN
 _1679_/Z
 _1680_/ZN
 _1681_/ZN
 _1682_/ZN
 _1683_/ZN
 _1684_/ZN
 _1685_/ZN
 _1686_/ZN
 _1687_/ZN
 _1688_/ZN
 _1689_/ZN
 _1690_/ZN
 _1691_/ZN
 _1692_/ZN
 _1693_/ZN
 _1694_/ZN
 _1695_/ZN
 _1696_/ZN
 _1697_/ZN
 _1698_/ZN
 _1699_/ZN
 _1700_/ZN
 _1701_/ZN
 _1702_/ZN
 _1703_/ZN
 _1704_/ZN
 _1705_/ZN
 _1706_/ZN
 _1707_/ZN
 _1708_/ZN
 _1709_/ZN
 _1710_/ZN
 _1711_/ZN
 _1712_/ZN
 _1713_/ZN
 _1714_/ZN
 _1715_/ZN
 _1716_/ZN
 _1717_/ZN
 _1718_/ZN
 _1719_/ZN
 _1720_/ZN
 _1721_/ZN
 _1722_/ZN
 _1723_/Z
 _1724_/ZN
 _1725_/ZN
 _1726_/ZN
 _1727_/ZN
 _1728_/Z
 _1729_/ZN
 _1730_/ZN
 _1731_/ZN
 _1732_/ZN
 _1733_/ZN
 _1734_/ZN
 _1735_/ZN
 _1736_/ZN
 _1737_/ZN
 _1738_/ZN
 _1739_/ZN
 _1740_/Z
 _1741_/ZN
 _1742_/ZN
 _1743_/Z
 _1744_/ZN
 _1745_/ZN
 _1746_/Z
 _1747_/Z
 _1748_/ZN
 _1749_/ZN
 _1750_/ZN
 _1751_/ZN
 _1752_/ZN
 _1753_/ZN
 _1754_/Z
 _1755_/ZN
 _1756_/ZN
 _1757_/Z
 _1758_/ZN
 _1759_/ZN
 _1760_/ZN
 _1761_/ZN
 _1762_/Z
 _1763_/Z
 _1764_/ZN
 _1765_/ZN
 _1766_/Z
 _1767_/Z
 _1768_/ZN
 _1769_/ZN
 _1770_/Q
 _1771_/Q
 _1772_/Q
 _1773_/Q
 _1774_/Q
 _1775_/Q
 _1776_/Q
 _1777_/Q
 _1778_/Q
 _1779_/Q
 _1780_/Q
 _1781_/Q
 _1782_/Q
 _1783_/Q
 _1784_/Q
 _1785_/Q
 _1786_/Q
 _1787_/Q
 _1788_/Q
 _1789_/Q
 _1790_/Q
 _1791_/Q
 _1792_/Q
 _1793_/Q
 _1794_/Q
 _1795_/Q
 _1796_/Q
 _1797_/Q
 _1798_/Q
 _1799_/Q
 _1800_/Q
 _1801_/Q
 _1802_/Q
 _1803_/Q
 _1804_/Q
 _1805_/Q
 _1806_/Q
 _1807_/Q
 _1808_/Q
 _1809_/Q
 _1810_/Q
 _1811_/Q
 _1812_/Q
 _1813_/Q
 _1814_/Q
 _1815_/Q
 _1816_/Q
 _1817_/Q
 _1818_/Q
 _1819_/Q
 _1820_/Q
 _1821_/Q
 _1822_/Q
 _1823_/Q
 _1824_/Q
 _1825_/Q
 _1826_/Q
 _1827_/Q
 _1828_/Q
 _1829_/Q
 _1830_/Q
 _1831_/Q
 _1832_/Q
 _1833_/Q
 _1834_/Q
 _1835_/Q
 _1836_/Q
 _1837_/Q
 _1838_/Q
 _1839_/Q
 _1840_/Q
 _1841_/Q
 _1842_/Q
 _1843_/Q
 _1844_/Q
 _1845_/Q
 _1846_/Q
 _1847_/Q
 _1848_/Q
 _1849_/Q
 _1850_/Q
 _1851_/Q
 _1852_/Q
 _1853_/Q
 _1854_/Q
 _1855_/Q
 _1856_/Q
 _1857_/Q
 _1858_/Q
 _1859_/Q
 _1860_/Q
 _1861_/Q
 _1862_/Q
 _1863_/Q
 _1864_/Q
 _1865_/Q
 _1866_/Q
 _1867_/Q
 _1868_/Q
 _1869_/Q
 _1870_/Q
 _1871_/Q
 _1872_/Q
 _1873_/Q
 _1874_/Q
 _1875_/Q
 _1876_/Q
 _1877_/Q
 _1878_/Q
 _1879_/Q
 _1880_/Q
 _1881_/Q
 _1882_/Q
 _1883_/Q
 _1884_/Q
 _1885_/Q
 _1886_/Q
 _1887_/Q
 _1888_/Q
 _1889_/Q
 _1890_/Q
 _1891_/Q
 _1892_/Q
 _1893_/Q
 _1894_/Q
 _1895_/Q
 _1896_/Q
 _1897_/Q
 _1898_/Q
 _1899_/Q
 _1900_/Q
 _1901_/Q
 _1902_/Q
 _1903_/Q
 _1904_/Q
 _1905_/Q
 _1906_/Q
 _1907_/Q
 _1908_/Q
 _1909_/Q
 _1910_/Q
 _1911_/Q
 _1912_/Q
 _1913_/Q
 _1914_/Q
 _1915_/Q
 _1916_/Q
 _1917_/Q
 _1918_/Q
 _1919_/Q
 _1920_/Q
 _1921_/Q
 _1922_/Q
 _1923_/Q
 _1924_/Q
 _1925_/Q
 _1926_/Q
 _1927_/Q
 _1928_/Q
 _1929_/Q
 _1930_/Q
 _1931_/Q
 _1932_/Q
 _1933_/Q
 _1934_/Q
 _1935_/Q
 _1936_/Q
 _1937_/Q
 _1938_/Q
 _1939_/Q
 _1940_/Q
 _1941_/Q
 _1942_/Q
 _1943_/Q
 _1944_/Q
 _1945_/Q
 _1946_/Q
 _1947_/Q
 _1948_/Q
 _1949_/Q
 _1950_/Q
 _1951_/Q
 _1952_/Q
 _1953_/Q
 _1954_/Q
 _1955_/Q
 _1956_/Q
 _1957_/Q
 _1958_/Q
 _1959_/Q
 _1960_/Q
 _1961_/Q
 _1962_/Q
 _1963_/Q
 _1964_/Q
 _1965_/Q
 _1966_/Q
 _1967_/Q
 _1968_/Q
 _1969_/Q
 _1970_/Q
 _1971_/Q
 _1972_/Q
 _1973_/Q
 _1974_/Q
 _1975_/Q
 _1976_/Q
 _1977_/Q
 _1978_/Q
 _1979_/Q
 _1980_/Q
 _1981_/Q
 _1982_/Q
 _1983_/Q
 _1984_/Q
 _1985_/Q
 _1986_/Q
 _1987_/Q
 _1988_/Q
 _1989_/Q
 _1990_/Q
 _1991_/Q
 _1992_/Q
 _1993_/Q
 _1994_/Q
 _1995_/Q
 _1996_/Q
 _1997_/Q
 _1998_/Q
 _1999_/Q
 _2000_/Q
 _2001_/Q
 _2002_/Q
 _2003_/Q
 _2004_/Q
 _2005_/Q
 _2006_/Q
 _2007_/Q
 _2008_/Q
 _2009_/Q
 _2010_/Q
 _2011_/Q
 _2012_/Q
 _2013_/Q
 _2014_/Q
 _2015_/Q
 _2016_/Q
 _2017_/Q
 _2018_/Q
 _2019_/Q
 _2020_/Q
 _2021_/Q
 _2022_/Q
 _2023_/Q
 _2024_/Q
 _2025_/Q
 _2026_/Q
 _2027_/Q
 _2028_/Q
 _2029_/Q
 _2030_/Q
 _2031_/Q
 _2032_/Q
 _2033_/Q
 _2034_/Q
 _2035_/Q
 _2036_/Q
 _2037_/Q
 _2038_/Q
 _2039_/Q
 _2040_/Q
 _2041_/Q
 _2042_/Q
 _2043_/Q
 _2044_/Q
 _2045_/Q
 _2046_/Q
 _2047_/Q
 _2048_/Q
 _2049_/Q
 _2050_/Q
 _2051_/Q
 _2052_/Q
 _2053_/Q
 _2054_/Q
 _2055_/Q
 _2056_/Q
 _2057_/Q
 _2058_/Q
 _2059_/Q
 _2060_/Q
 _2061_/Q
 _2062_/Q
 _2063_/Q
 _2064_/Q
 _2065_/Q
 _2066_/Q
 _2067_/Q
 _2068_/Q
 _2069_/Q
 _2070_/Q
 _2071_/Q
 _2072_/Q
 _2073_/Q
 _2074_/Q
 _2075_/Q
 _2076_/Q
 _2077_/Q
 _2078_/Q
 _2079_/Q
 _2080_/Q
 _2081_/Q
 _2082_/Q
 _2083_/Q
 _2084_/Q
 _2085_/Q
 _2086_/Q
 _2087_/Q
 _2088_/Q
 _2089_/Q
 _2090_/Q
 _2091_/Q
 _2092_/Q
 _2093_/Q
 _2094_/Q
 _2095_/Q
 _2096_/Q
 _2097_/Q
 _2098_/Q
 _2099_/Q
 _2100_/Q
 _2101_/Q
 _2102_/Q
 _2103_/Q
 _2104_/Q
 _2105_/Q
 _2106_/Q
 _2107_/Q
 _2108_/Q
 _2109_/Z
 _2110_/ZN
 _2111_/ZN
 _2112_/ZN
 _2113_/ZN
 _2114_/ZN
 _2115_/ZN
 _2116_/ZN
 _2117_/ZN
 _2118_/ZN
 _2119_/ZN
 _2120_/ZN
 _2121_/ZN
 _2122_/ZN
 _2123_/ZN
 _2124_/ZN
 _2125_/ZN
 _2126_/ZN
 _2127_/ZN
 _2128_/ZN
 _2129_/ZN
 _2130_/ZN
 _2131_/ZN
 _2132_/ZN
 _2133_/ZN
 _2134_/ZN
 _2135_/ZN
 _2136_/ZN
 _2137_/ZN
 _2138_/ZN
 _2139_/ZN
 _2140_/ZN
 _2141_/ZN
Found 0 partially unannotated drivers.

===========================================================================
max slew violation count 440
max fanout violation count 22
max cap violation count 5
============================================================================

===========================================================================
check_setup -verbose -unconstrained_endpoints -multiple_clock -no_clock -no_input_delay -loops -generated_clocks
===========================================================================
Warning: There is 1 input port missing set_input_delay.
  rstn_i
