Clock: clk_i
Sources: clk_i 
Generated: no
Virtual: yes
Propagated: no
Period: 20.000000

===========================================================================
report_clock_properties
============================================================================
Clock                   Period          Waveform
----------------------------------------------------
clk_i                20.000000    0.000000 10.000000

===========================================================================
report_clock_latency
============================================================================
Clock clk_i
rise -> rise
    min     max
0.000000 0.000000 source latency
0.623454         network latency _282_/CLK
        0.631372 network latency _301_/CLK
---------------
0.623454 0.631372 latency
        0.007918 skew

fall -> fall
    min     max
0.000000 0.000000 source latency
0.578723         network latency _282_/CLK
        0.587321 network latency _301_/CLK
---------------
0.578723 0.587321 latency
        0.008598 skew



===========================================================================
report_clock_min_period
============================================================================
clk_i period_min = 5.61 fmax = 178.36
