
===========================================================================
 report_power
============================================================================
======================= min_tt_025C_5v00 Corner ===================================

Group                    Internal    Switching      Leakage        Total
                            Power        Power        Power        Power (Watts)
------------------------------------------------------------------------
Sequential           1.219723e-03 1.425329e-04 1.479178e-08 1.362270e-03  34.7%
Combinational        7.925298e-04 5.641241e-04 2.480062e-08 1.356679e-03  34.5%
Clock                8.737462e-04 3.383383e-04 3.651480e-08 1.212121e-03  30.8%
Macro                0.000000e+00 0.000000e+00 0.000000e+00 0.000000e+00   0.0%
Pad                  0.000000e+00 0.000000e+00 0.000000e+00 0.000000e+00   0.0%
------------------------------------------------------------------------
Total                2.885999e-03 1.044996e-03 7.610716e-08 3.931070e-03 100.0%
                            73.4%        26.6%         0.0%

