Reading timing models for corner max_ff_n40C_5v50…
Reading timing library for the 'max_ff_n40C_5v50' corner at '/home/sahana/.ciel/gf180mcuD/libs.ref/gf180mcu_fd_sc_mcu7t5v0/lib/gf180mcu_fd_sc_mcu7t5v0__ff_n40C_5v50.lib'…
Reading timing models for corner max_tt_025C_5v00…
Reading timing library for the 'max_tt_025C_5v00' corner at '/home/sahana/.ciel/gf180mcuD/libs.ref/gf180mcu_fd_sc_mcu7t5v0/lib/gf180mcu_fd_sc_mcu7t5v0__tt_025C_5v00.lib'…
Reading timing models for corner nom_ff_n40C_5v50…
Reading timing library for the 'nom_ff_n40C_5v50' corner at '/home/sahana/.ciel/gf180mcuD/libs.ref/gf180mcu_fd_sc_mcu7t5v0/lib/gf180mcu_fd_sc_mcu7t5v0__ff_n40C_5v50.lib'…
[WARNING STA-1140] /home/sahana/.ciel/gf180mcuD/libs.ref/gf180mcu_fd_sc_mcu7t5v0/lib/gf180mcu_fd_sc_mcu7t5v0__ff_n40C_5v50.lib line 17, library gf180mcu_fd_sc_mcu7t5v0__ff_n40C_5v50 already exists.
Reading timing models for corner nom_tt_025C_5v00…
Reading timing library for the 'nom_tt_025C_5v00' corner at '/home/sahana/.ciel/gf180mcuD/libs.ref/gf180mcu_fd_sc_mcu7t5v0/lib/gf180mcu_fd_sc_mcu7t5v0__tt_025C_5v00.lib'…
[WARNING STA-1140] /home/sahana/.ciel/gf180mcuD/libs.ref/gf180mcu_fd_sc_mcu7t5v0/lib/gf180mcu_fd_sc_mcu7t5v0__tt_025C_5v00.lib line 17, library gf180mcu_fd_sc_mcu7t5v0__tt_025C_5v00 already exists.
Reading timing models for corner min_ss_125C_4v50…
Reading timing library for the 'min_ss_125C_4v50' corner at '/home/sahana/.ciel/gf180mcuD/libs.ref/gf180mcu_fd_sc_mcu7t5v0/lib/gf180mcu_fd_sc_mcu7t5v0__ss_125C_4v50.lib'…
Reading timing models for corner min_ff_n40C_5v50…
Reading timing library for the 'min_ff_n40C_5v50' corner at '/home/sahana/.ciel/gf180mcuD/libs.ref/gf180mcu_fd_sc_mcu7t5v0/lib/gf180mcu_fd_sc_mcu7t5v0__ff_n40C_5v50.lib'…
[WARNING STA-1140] /home/sahana/.ciel/gf180mcuD/libs.ref/gf180mcu_fd_sc_mcu7t5v0/lib/gf180mcu_fd_sc_mcu7t5v0__ff_n40C_5v50.lib line 17, library gf180mcu_fd_sc_mcu7t5v0__ff_n40C_5v50 already exists.
Reading timing models for corner min_tt_025C_5v00…
Reading timing library for the 'min_tt_025C_5v00' corner at '/home/sahana/.ciel/gf180mcuD/libs.ref/gf180mcu_fd_sc_mcu7t5v0/lib/gf180mcu_fd_sc_mcu7t5v0__tt_025C_5v00.lib'…
[WARNING STA-1140] /home/sahana/.ciel/gf180mcuD/libs.ref/gf180mcu_fd_sc_mcu7t5v0/lib/gf180mcu_fd_sc_mcu7t5v0__tt_025C_5v00.lib line 17, library gf180mcu_fd_sc_mcu7t5v0__tt_025C_5v00 already exists.
Reading timing models for corner max_ss_125C_4v50…
Reading timing library for the 'max_ss_125C_4v50' corner at '/home/sahana/.ciel/gf180mcuD/libs.ref/gf180mcu_fd_sc_mcu7t5v0/lib/gf180mcu_fd_sc_mcu7t5v0__ss_125C_4v50.lib'…
[WARNING STA-1140] /home/sahana/.ciel/gf180mcuD/libs.ref/gf180mcu_fd_sc_mcu7t5v0/lib/gf180mcu_fd_sc_mcu7t5v0__ss_125C_4v50.lib line 17, library gf180mcu_fd_sc_mcu7t5v0__ss_125C_4v50 already exists.
Reading timing models for corner nom_ss_125C_4v50…
Reading timing library for the 'nom_ss_125C_4v50' corner at '/home/sahana/.ciel/gf180mcuD/libs.ref/gf180mcu_fd_sc_mcu7t5v0/lib/gf180mcu_fd_sc_mcu7t5v0__ss_125C_4v50.lib'…
[WARNING STA-1140] /home/sahana/.ciel/gf180mcuD/libs.ref/gf180mcu_fd_sc_mcu7t5v0/lib/gf180mcu_fd_sc_mcu7t5v0__ss_125C_4v50.lib line 17, library gf180mcu_fd_sc_mcu7t5v0__ss_125C_4v50 already exists.
Reading OpenROAD database at '/home/sahana/core5_udma/hardening/uart_tx/runs/RUN_2026-07-25_16-50-47/34-openroad-detailedplacement/udma_uart_tx.odb'…
Reading design constraints file at '/nix/store/ffl2vg3m80k0p74pyffnmai83fnv38mf-python3-3.13.9-env/lib/python3.13/site-packages/librelane/scripts/base.sdc'…
[INFO] Using clock clk_i…
[INFO] Setting output delay to: 4
[INFO] Setting input delay to: 4
[INFO] Setting load to: 0.07291
[INFO] Setting clock uncertainty to: 0.25
[INFO] Setting clock transition to: 0.1499999999999999944488848768742172978818416595458984375
[INFO] Setting timing derate to: 5%
[INFO] Configuring cts characterization…
+ configure_cts_characterization 
[INFO] Performing clock tree synthesis…
[INFO] Looking for the following net(s): clk_i
[INFO] Running Clock Tree Synthesis…
+ clock_tree_synthesis -buf_list gf180mcu_fd_sc_mcu7t5v0__clkbuf_2 gf180mcu_fd_sc_mcu7t5v0__clkbuf_4 gf180mcu_fd_sc_mcu7t5v0__clkbuf_8 -root_buf gf180mcu_fd_sc_mcu7t5v0__clkbuf_16 -sink_clustering_enable -apply_ndr half
[INFO CTS-0050] Root buffer is gf180mcu_fd_sc_mcu7t5v0__clkbuf_16.
[INFO CTS-0051] Sink buffer is gf180mcu_fd_sc_mcu7t5v0__clkbuf_4.
[INFO CTS-0052] The following clock buffers will be used for CTS:
                    gf180mcu_fd_sc_mcu7t5v0__clkbuf_2
                    gf180mcu_fd_sc_mcu7t5v0__clkbuf_4
                    gf180mcu_fd_sc_mcu7t5v0__clkbuf_8
[INFO CTS-0049] Characterization buffer is gf180mcu_fd_sc_mcu7t5v0__clkbuf_8.
[INFO CTS-0007] Net "clk_i" found for clock "clk_i".
[INFO CTS-0010]  Clock net "clk_i" has 32 sinks.
[INFO CTS-0008] TritonCTS found 1 clock nets.
[INFO CTS-0097] Characterization used 3 buffer(s) types.
[INFO CTS-0201] 0 blockages from hard placement blockages and placed macros will be used.
[INFO CTS-0027] Generating H-Tree topology for net clk_i.
[INFO CTS-0028]  Total number of sinks: 32.
[INFO CTS-0090]  Sinks will be clustered based on buffer max cap.
[INFO CTS-0030]  Number of static layers: 0.
[INFO CTS-0020]  Wire segment unit: 39200  dbu (19 um).
[INFO CTS-0023]  Original sink region: [(24250, 50935), (223610, 278320)].
[INFO CTS-0024]  Normalized sink region: [(0.618622, 1.29936), (5.70434, 7.1)].
[INFO CTS-0025]     Width:  5.0857.
[INFO CTS-0026]     Height: 5.8006.
 Level 1
    Direction: Vertical
    Sinks per sub-region: 16
    Sub-region size: 5.0857 X 2.9003
[INFO CTS-0034]     Segment length (rounded): 1.
 Level 2
    Direction: Horizontal
    Sinks per sub-region: 8
    Sub-region size: 2.5429 X 2.9003
[INFO CTS-0034]     Segment length (rounded): 1.
[INFO CTS-0032]  Stop criterion found. Max number of sinks is 10.
[INFO CTS-0035]  Number of sinks covered: 32.
[INFO CTS-0018]     Created 5 clock buffers.
[INFO CTS-0012]     Minimum number of buffers in the clock path: 2.
[INFO CTS-0013]     Maximum number of buffers in the clock path: 2.
[INFO CTS-0015]     Created 5 clock nets.
[INFO CTS-0016]     Fanout distribution for the current clock = 8:4..
[INFO CTS-0017]     Max level of the clock tree: 2.
[INFO CTS-0098] Clock net "clk_i"
[INFO CTS-0099]  Sinks 34
[INFO CTS-0100]  Leaf buffers 0
[INFO CTS-0101]  Average sink wire length 192.93 um
[INFO CTS-0102]  Path depth 2 - 2
[INFO CTS-0207]  Dummy loads inserted 2
[INFO] Repairing long wires on clock nets…
[INFO RSZ-0058] Using max wire length 11493um.
Setting global connections for newly added cells…
[INFO] Setting global connections...
[INFO ODB-0403] 28 connections made, 0 conflicts skipped.
Updating metrics…
Cell type report:                       Count       Area
  Endcap cell                              66     289.77
  Tap cell                                105     460.99
  Clock buffer                              7     583.92
  Timing Repair Buffer                     46    1527.86
  Inverter                                 11      96.59
  Sequential cell                          32    2423.50
  Multi-Input combinational cell          129    2658.39
  Total                                   396    8041.02
Writing OpenROAD database to '/home/sahana/core5_udma/hardening/uart_tx/runs/RUN_2026-07-25_16-50-47/35-openroad-cts/udma_uart_tx.odb'…
Writing netlist to '/home/sahana/core5_udma/hardening/uart_tx/runs/RUN_2026-07-25_16-50-47/35-openroad-cts/udma_uart_tx.nl.v'…
Writing powered netlist to '/home/sahana/core5_udma/hardening/uart_tx/runs/RUN_2026-07-25_16-50-47/35-openroad-cts/udma_uart_tx.pnl.v'…
Writing layout to '/home/sahana/core5_udma/hardening/uart_tx/runs/RUN_2026-07-25_16-50-47/35-openroad-cts/udma_uart_tx.def'…
Writing timing constraints to '/home/sahana/core5_udma/hardening/uart_tx/runs/RUN_2026-07-25_16-50-47/35-openroad-cts/udma_uart_tx.sdc'…
[INFO] Legalizing…
+ detailed_placement -max_displacement  500 100 
Placement Analysis
---------------------------------
total displacement         77.3 u
average displacement        0.2 u
max displacement            7.8 u
original HPWL            6193.3 u
legalized HPWL           6507.8 u
delta HPWL                    5 %

[INFO DPL-0020] Mirrored 85 instances
[INFO DPL-0021] HPWL before            6507.8 u
[INFO DPL-0022] HPWL after             6176.2 u
[INFO DPL-0023] HPWL delta               -5.1 %
Setting global connections for newly added cells…
[INFO] Setting global connections...
[INFO ODB-0403] 0 connections made, 0 conflicts skipped.
Updating metrics…
Cell type report:                       Count       Area
  Endcap cell                              66     289.77
  Tap cell                                105     460.99
  Clock buffer                              7     583.92
  Timing Repair Buffer                     46    1527.86
  Inverter                                 11      96.59
  Sequential cell                          32    2423.50
  Multi-Input combinational cell          129    2658.39
  Total                                   396    8041.02
Writing OpenROAD database to '/home/sahana/core5_udma/hardening/uart_tx/runs/RUN_2026-07-25_16-50-47/35-openroad-cts/udma_uart_tx.odb'…
Writing netlist to '/home/sahana/core5_udma/hardening/uart_tx/runs/RUN_2026-07-25_16-50-47/35-openroad-cts/udma_uart_tx.nl.v'…
Writing powered netlist to '/home/sahana/core5_udma/hardening/uart_tx/runs/RUN_2026-07-25_16-50-47/35-openroad-cts/udma_uart_tx.pnl.v'…
Writing layout to '/home/sahana/core5_udma/hardening/uart_tx/runs/RUN_2026-07-25_16-50-47/35-openroad-cts/udma_uart_tx.def'…
Writing timing constraints to '/home/sahana/core5_udma/hardening/uart_tx/runs/RUN_2026-07-25_16-50-47/35-openroad-cts/udma_uart_tx.sdc'…
%OL_CREATE_REPORT cts.rpt
Total number of Clock Roots: 1.
Total number of Buffers Inserted: 5.
Total number of Clock Subnets: 5.
Total number of Sinks: 32.
Cells used:
  gf180mcu_fd_sc_mcu7t5v0__clkbuf_16: 5
Dummys used:
  gf180mcu_fd_sc_mcu7t5v0__clkbuf_2: 2
%OL_END_REPORT
