
===========================================================================
report_checks -unconstrained
===========================================================================
======================= nom_tt_025C_5v00 Corner ===================================

Startpoint: _2030_ (rising edge-triggered flip-flop clocked by sys_clk)
Endpoint: _2067_ (recovery check against rising-edge clock sys_clk)
Path Group: asynchronous
Path Type: max

Fanout         Cap        Slew       Delay        Time   Description
---------------------------------------------------------------------------------------------
                                  0.000000    0.000000   clock sys_clk (rise edge)
                                  0.000000    0.000000   clock source latency
     1    0.062037    0.280958    0.152408    0.152408 ^ sys_clk_i (in)
                                                         sys_clk_i (net)
                      0.281389    0.000000    0.152408 ^ clkbuf_0_sys_clk_i/I (gf180mcu_fd_sc_mcu7t5v0__clkbuf_20)
    16    0.169857    0.190028    0.332107    0.484514 ^ clkbuf_0_sys_clk_i/Z (gf180mcu_fd_sc_mcu7t5v0__clkbuf_20)
                                                         clknet_0_sys_clk_i (net)
                      0.190072    0.004610    0.489125 ^ clkbuf_4_7_0_sys_clk_i/I (gf180mcu_fd_sc_mcu7t5v0__clkbuf_2)
     2    0.060572    0.520125    0.504528    0.993653 ^ clkbuf_4_7_0_sys_clk_i/Z (gf180mcu_fd_sc_mcu7t5v0__clkbuf_2)
                                                         clknet_4_7_0_sys_clk_i (net)
                      0.520134    0.001196    0.994849 ^ clkbuf_5_14__f_sys_clk_i/I (gf180mcu_fd_sc_mcu7t5v0__clkbuf_20)
     6    0.043068    0.111643    0.311988    1.306837 ^ clkbuf_5_14__f_sys_clk_i/Z (gf180mcu_fd_sc_mcu7t5v0__clkbuf_20)
                                                         clknet_5_14__leaf_sys_clk_i (net)
                      0.111647    0.001267    1.308104 ^ _2030_/CLK (gf180mcu_fd_sc_mcu7t5v0__dffrnq_1)
     2    0.027930    0.311403    0.841547    2.149651 v _2030_/Q (gf180mcu_fd_sc_mcu7t5v0__dffrnq_1)
                                                         s_uart_rx_clean_fifo (net)
                      0.311412    0.001053    2.150704 v _0923_/A2 (gf180mcu_fd_sc_mcu7t5v0__nor2_1)
     2    0.017458    0.626087    0.437949    2.588652 ^ _0923_/ZN (gf180mcu_fd_sc_mcu7t5v0__nor2_1)
                                                         u_dc_fifo_rx.dst_rstn_i (net)
                      0.626087    0.000146    2.588798 ^ fanout356/I (gf180mcu_fd_sc_mcu7t5v0__clkbuf_1)
     8    0.078490    1.301792    0.965992    3.554791 ^ fanout356/Z (gf180mcu_fd_sc_mcu7t5v0__clkbuf_1)
                                                         net356 (net)
                      1.301814    0.003015    3.557806 ^ fanout352/I (gf180mcu_fd_sc_mcu7t5v0__dlyd_1)
     2    0.014130    0.297949    2.319057    5.876862 ^ fanout352/Z (gf180mcu_fd_sc_mcu7t5v0__dlyd_1)
                                                         net352 (net)
                      0.297949    0.000092    5.876954 ^ load_slew353/I (gf180mcu_fd_sc_mcu7t5v0__buf_3)
     9    0.087165    0.506492    0.485885    6.362839 ^ load_slew353/Z (gf180mcu_fd_sc_mcu7t5v0__buf_3)
                                                         net353 (net)
                      0.506570    0.003451    6.366290 ^ _2067_/SETN (gf180mcu_fd_sc_mcu7t5v0__dffsnq_1)
                                              6.366290   data arrival time

                                 20.000000   20.000000   clock sys_clk (rise edge)
                                  0.000000   20.000000   clock source latency
     1    0.062037    0.280958    0.152408   20.152409 ^ sys_clk_i (in)
                                                         sys_clk_i (net)
                      0.281389    0.000000   20.152409 ^ clkbuf_0_sys_clk_i/I (gf180mcu_fd_sc_mcu7t5v0__clkbuf_20)
    16    0.169857    0.190028    0.332106   20.484514 ^ clkbuf_0_sys_clk_i/Z (gf180mcu_fd_sc_mcu7t5v0__clkbuf_20)
                                                         clknet_0_sys_clk_i (net)
                      0.190073    0.004633   20.489147 ^ clkbuf_4_4_0_sys_clk_i/I (gf180mcu_fd_sc_mcu7t5v0__clkbuf_2)
     2    0.058235    0.501626    0.493737   20.982883 ^ clkbuf_4_4_0_sys_clk_i/Z (gf180mcu_fd_sc_mcu7t5v0__clkbuf_2)
                                                         clknet_4_4_0_sys_clk_i (net)
                      0.501635    0.001224   20.984108 ^ clkbuf_5_8__f_sys_clk_i/I (gf180mcu_fd_sc_mcu7t5v0__clkbuf_20)
     6    0.030292    0.101818    0.301718   21.285826 ^ clkbuf_5_8__f_sys_clk_i/Z (gf180mcu_fd_sc_mcu7t5v0__clkbuf_20)
                                                         clknet_5_8__leaf_sys_clk_i (net)
                      0.101818    0.000085   21.285910 ^ _2067_/CLK (gf180mcu_fd_sc_mcu7t5v0__dffsnq_1)
                                 -0.250000   21.035912   clock uncertainty
                                  0.000000   21.035912   clock reconvergence pessimism
                                 -0.031547   21.004364   library recovery time
                                             21.004364   data required time
---------------------------------------------------------------------------------------------
                                             21.004364   data required time
                                             -6.366290   data arrival time
---------------------------------------------------------------------------------------------
                                             14.638073   slack (MET)


Startpoint: _1968_ (rising edge-triggered flip-flop clocked by periph_clk)
Endpoint: _2078_ (rising edge-triggered flip-flop clocked by periph_clk)
Path Group: periph_clk
Path Type: max

Fanout         Cap        Slew       Delay        Time   Description
---------------------------------------------------------------------------------------------
                                  0.000000    0.000000   clock periph_clk (rise edge)
                                  0.000000    0.000000   clock source latency
     1    0.055962    0.257882    0.137207    0.137207 ^ periph_clk_i (in)
                                                         periph_clk_i (net)
                      0.257992    0.000000    0.137207 ^ clkbuf_0_periph_clk_i/I (gf180mcu_fd_sc_mcu7t5v0__clkbuf_20)
    16    0.138588    0.168598    0.314872    0.452079 ^ clkbuf_0_periph_clk_i/Z (gf180mcu_fd_sc_mcu7t5v0__clkbuf_20)
                                                         clknet_0_periph_clk_i (net)
                      0.168607    0.002111    0.454190 ^ clkbuf_4_1_0_periph_clk_i/I (gf180mcu_fd_sc_mcu7t5v0__clkbuf_2)
     2    0.060606    0.520281    0.500056    0.954246 ^ clkbuf_4_1_0_periph_clk_i/Z (gf180mcu_fd_sc_mcu7t5v0__clkbuf_2)
                                                         clknet_4_1_0_periph_clk_i (net)
                      0.520295    0.001503    0.955749 ^ clkbuf_5_2__f_periph_clk_i/I (gf180mcu_fd_sc_mcu7t5v0__clkbuf_20)
     6    0.033422    0.105012    0.306844    1.262593 ^ clkbuf_5_2__f_periph_clk_i/Z (gf180mcu_fd_sc_mcu7t5v0__clkbuf_20)
                                                         clknet_5_2__leaf_periph_clk_i (net)
                      0.105014    0.000884    1.263476 ^ _1968_/CLK (gf180mcu_fd_sc_mcu7t5v0__dffrnq_1)
    10    0.055144    0.561306    1.002967    2.266443 v _1968_/Q (gf180mcu_fd_sc_mcu7t5v0__dffrnq_1)
                                                         u_uart_rx.CS[1] (net)
                      0.561311    0.000985    2.267428 v _1022_/A2 (gf180mcu_fd_sc_mcu7t5v0__nor3_1)
     2    0.016758    0.928633    0.656401    2.923829 ^ _1022_/ZN (gf180mcu_fd_sc_mcu7t5v0__nor3_1)
                                                         _0800_ (net)
                      0.928633    0.000042    2.923871 ^ max_cap348/I (gf180mcu_fd_sc_mcu7t5v0__clkbuf_1)
     2    0.011145    0.239196    0.373794    3.297665 ^ max_cap348/Z (gf180mcu_fd_sc_mcu7t5v0__clkbuf_1)
                                                         net348 (net)
                      0.239196    0.000114    3.297779 ^ _1025_/A3 (gf180mcu_fd_sc_mcu7t5v0__nand3_1)
     4    0.024256    0.650526    0.388582    3.686361 v _1025_/ZN (gf180mcu_fd_sc_mcu7t5v0__nand3_1)
                                                         _0802_ (net)
                      0.650526    0.000561    3.686922 v _1052_/A1 (gf180mcu_fd_sc_mcu7t5v0__nand4_1)
     1    0.003499    0.330651    0.292538    3.979460 ^ _1052_/ZN (gf180mcu_fd_sc_mcu7t5v0__nand4_1)
                                                         _0829_ (net)
                      0.330651    0.000035    3.979495 ^ _1053_/A3 (gf180mcu_fd_sc_mcu7t5v0__or3_1)
     2    0.010671    0.232212    0.354130    4.333625 ^ _1053_/Z (gf180mcu_fd_sc_mcu7t5v0__or3_1)
                                                         _0830_ (net)
                      0.232212    0.000097    4.333722 ^ _1152_/B (gf180mcu_fd_sc_mcu7t5v0__oai211_1)
     1    0.004676    0.293608    0.249103    4.582825 v _1152_/ZN (gf180mcu_fd_sc_mcu7t5v0__oai211_1)
                                                         _0323_ (net)
                      0.293608    0.000097    4.582922 v fanout229/I (gf180mcu_fd_sc_mcu7t5v0__dlyd_1)
     7    0.052849    0.627969    2.758196    7.341118 v fanout229/Z (gf180mcu_fd_sc_mcu7t5v0__dlyd_1)
                                                         net229 (net)
                      0.627971    0.001021    7.342139 v fanout228/I (gf180mcu_fd_sc_mcu7t5v0__dlyd_1)
    10    0.070773    0.781587    2.992773   10.334912 v fanout228/Z (gf180mcu_fd_sc_mcu7t5v0__dlyd_1)
                                                         net228 (net)
                      0.781588    0.000964   10.335876 v _1161_/A1 (gf180mcu_fd_sc_mcu7t5v0__nor3_1)
     1    0.007631    0.578259    0.507289   10.843164 ^ _1161_/ZN (gf180mcu_fd_sc_mcu7t5v0__nor3_1)
                                                         _0016_ (net)
                      0.578259    0.000187   10.843352 ^ _2078_/D (gf180mcu_fd_sc_mcu7t5v0__dffrnq_1)
                                             10.843352   data arrival time

                                 20.000000   20.000000   clock periph_clk (rise edge)
                                  0.000000   20.000000   clock source latency
     1    0.055962    0.257882    0.137208   20.137209 ^ periph_clk_i (in)
                                                         periph_clk_i (net)
                      0.257992    0.000000   20.137209 ^ clkbuf_0_periph_clk_i/I (gf180mcu_fd_sc_mcu7t5v0__clkbuf_20)
    16    0.138588    0.168598    0.314872   20.452080 ^ clkbuf_0_periph_clk_i/Z (gf180mcu_fd_sc_mcu7t5v0__clkbuf_20)
                                                         clknet_0_periph_clk_i (net)
                      0.168610    0.002437   20.454517 ^ clkbuf_4_13_0_periph_clk_i/I (gf180mcu_fd_sc_mcu7t5v0__clkbuf_2)
     2    0.064101    0.547895    0.516090   20.970608 ^ clkbuf_4_13_0_periph_clk_i/Z (gf180mcu_fd_sc_mcu7t5v0__clkbuf_2)
                                                         clknet_4_13_0_periph_clk_i (net)
                      0.547912    0.001661   20.972267 ^ clkbuf_5_26__f_periph_clk_i/I (gf180mcu_fd_sc_mcu7t5v0__clkbuf_20)
     5    0.027386    0.101470    0.307086   21.279354 ^ clkbuf_5_26__f_periph_clk_i/Z (gf180mcu_fd_sc_mcu7t5v0__clkbuf_20)
                                                         clknet_5_26__leaf_periph_clk_i (net)
                      0.101470    0.000291   21.279646 ^ _2078_/CLK (gf180mcu_fd_sc_mcu7t5v0__dffrnq_1)
                                 -0.250000   21.029646   clock uncertainty
                                  0.000000   21.029646   clock reconvergence pessimism
                                 -0.380171   20.649475   library setup time
                                             20.649475   data required time
---------------------------------------------------------------------------------------------
                                             20.649475   data required time
                                            -10.843352   data arrival time
---------------------------------------------------------------------------------------------
                                              9.806124   slack (MET)


Startpoint: cfg_addr_i[2] (input port clocked by sys_clk)
Endpoint: cfg_data_o[0] (output port clocked by sys_clk)
Path Group: sys_clk
Path Type: max

Fanout         Cap        Slew       Delay        Time   Description
---------------------------------------------------------------------------------------------
                                  0.000000    0.000000   clock sys_clk (rise edge)
                                  0.000000    0.000000   clock network delay (propagated)
                                  2.000000    2.000000 ^ input external delay
     1    0.016911    0.319237    0.161871    2.161871 ^ cfg_addr_i[2] (in)
                                                         cfg_addr_i[2] (net)
                      0.319237    0.000000    2.161871 ^ input3/I (gf180mcu_fd_sc_mcu7t5v0__dlya_1)
     8    0.067322    1.123800    1.019326    3.181198 ^ input3/Z (gf180mcu_fd_sc_mcu7t5v0__dlya_1)
                                                         net3 (net)
                      1.123863    0.004733    3.185931 ^ _1206_/A3 (gf180mcu_fd_sc_mcu7t5v0__nand3_1)
     3    0.013225    0.478007    0.265379    3.451310 v _1206_/ZN (gf180mcu_fd_sc_mcu7t5v0__nand3_1)
                                                         _0352_ (net)
                      0.478007    0.000164    3.451474 v _1210_/A2 (gf180mcu_fd_sc_mcu7t5v0__or2_1)
     3    0.018766    0.292064    0.596531    4.048004 v _1210_/Z (gf180mcu_fd_sc_mcu7t5v0__or2_1)
                                                         _0356_ (net)
                      0.292064    0.000348    4.048352 v _1214_/A4 (gf180mcu_fd_sc_mcu7t5v0__nor4_1)
     1    0.009832    0.891615    0.620135    4.668487 ^ _1214_/ZN (gf180mcu_fd_sc_mcu7t5v0__nor4_1)
                                                         _0360_ (net)
                      0.891615    0.000279    4.668766 ^ wire334/I (gf180mcu_fd_sc_mcu7t5v0__dlyc_1)
     2    0.021631    0.413441    1.749758    6.418524 ^ wire334/Z (gf180mcu_fd_sc_mcu7t5v0__dlyc_1)
                                                         net334 (net)
                      0.413441    0.000346    6.418869 ^ fanout331/I (gf180mcu_fd_sc_mcu7t5v0__buf_3)
    10    0.110816    0.632086    0.572543    6.991413 ^ fanout331/Z (gf180mcu_fd_sc_mcu7t5v0__buf_3)
                                                         net331 (net)
                      0.632086    0.000585    6.991998 ^ _1223_/B1 (gf180mcu_fd_sc_mcu7t5v0__aoi222_1)
     1    0.018926    0.718160    0.411922    7.403920 v _1223_/ZN (gf180mcu_fd_sc_mcu7t5v0__aoi222_1)
                                                         _0369_ (net)
                      0.718160    0.000763    7.404683 v wire311/I (gf180mcu_fd_sc_mcu7t5v0__dlyc_1)
     1    0.010261    0.266402    1.932124    9.336806 v wire311/Z (gf180mcu_fd_sc_mcu7t5v0__dlyc_1)
                                                         net311 (net)
                      0.266402    0.000280    9.337086 v _1229_/A1 (gf180mcu_fd_sc_mcu7t5v0__nand3_1)
     1    0.003887    0.294889    0.182451    9.519537 ^ _1229_/ZN (gf180mcu_fd_sc_mcu7t5v0__nand3_1)
                                                         net113 (net)
                      0.294889    0.000037    9.519575 ^ output113/I (gf180mcu_fd_sc_mcu7t5v0__clkbuf_1)
     1    0.012207    0.245620    0.311122    9.830696 ^ output113/Z (gf180mcu_fd_sc_mcu7t5v0__clkbuf_1)
                                                         net222 (net)
                      0.245620    0.000351    9.831047 ^ wire222/I (gf180mcu_fd_sc_mcu7t5v0__buf_3)
     1    0.080274    0.470254    0.455954   10.287001 ^ wire222/Z (gf180mcu_fd_sc_mcu7t5v0__buf_3)
                                                         cfg_data_o[0] (net)
                      0.470303    0.002633   10.289634 ^ cfg_data_o[0] (out)
                                             10.289634   data arrival time

                                 20.000000   20.000000   clock sys_clk (rise edge)
                                  0.000000   20.000000   clock network delay (propagated)
                                 -0.250000   19.750002   clock uncertainty
                                  0.000000   19.750002   clock reconvergence pessimism
                                 -2.000000   17.750002   output external delay
                                             17.750002   data required time
---------------------------------------------------------------------------------------------
                                             17.750002   data required time
                                            -10.289634   data arrival time
---------------------------------------------------------------------------------------------
                                              7.460368   slack (MET)




===========================================================================
report_checks --slack_max -0.01
============================================================================
======================= nom_tt_025C_5v00 Corner ===================================

No paths found.


===========================================================================
 report_check_types -max_slew -max_cap -max_fanout -violators
============================================================================
======================= nom_tt_025C_5v00 Corner ===================================

max fanout

Pin                                   Limit Fanout  Slack
---------------------------------------------------------
clkbuf_0_periph_clk_i/Z                  10     16     -6 (VIOLATED)
clkbuf_0_sys_clk_i/Z                     10     16     -6 (VIOLATED)



===========================================================================
report_parasitic_annotation -report_unannotated
============================================================================
Found 47 unannotated drivers.
 data_tx_i[10]
 data_tx_i[11]
 data_tx_i[12]
 data_tx_i[13]
 data_tx_i[14]
 data_tx_i[15]
 data_tx_i[16]
 data_tx_i[17]
 data_tx_i[18]
 data_tx_i[19]
 data_tx_i[20]
 data_tx_i[21]
 data_tx_i[22]
 data_tx_i[23]
 data_tx_i[24]
 data_tx_i[25]
 data_tx_i[26]
 data_tx_i[27]
 data_tx_i[28]
 data_tx_i[29]
 data_tx_i[30]
 data_tx_i[31]
 data_tx_i[8]
 data_tx_i[9]
 clkload0/Z
 clkload1/Z
 clkload10/Z
 clkload11/Z
 clkload12/Z
 clkload13/Z
 clkload14/Z
 clkload15/Z
 clkload16/Z
 clkload17/Z
 clkload18/Z
 clkload19/Z
 clkload2/Z
 clkload20/Z
 clkload21/Z
 clkload22/Z
 clkload3/Z
 clkload4/Z
 clkload5/Z
 clkload6/Z
 clkload7/Z
 clkload8/Z
 clkload9/Z
Found 0 partially unannotated drivers.

===========================================================================
max slew violation count 0
max fanout violation count 2
max cap violation count 0
============================================================================

===========================================================================
check_setup -verbose -unconstrained_endpoints -multiple_clock -no_clock -no_input_delay -loops -generated_clocks
===========================================================================
Warning: There is 1 input port missing set_input_delay.
  rstn_i
