Clock: sys_clk
Sources: sys_clk_i 
Generated: no
Virtual: yes
Propagated: no
Period: 20.000000

===========================================================================
report_clock_properties
============================================================================
Clock                   Period          Waveform
----------------------------------------------------
sys_clk              20.000000    0.000000 10.000000

===========================================================================
report_clock_latency
============================================================================
Clock sys_clk
rise -> rise
    min     max
0.000000 0.000000 source latency
1.285876         network latency _1808_/CLK
        1.349201 network latency _1939_/CLK
---------------
1.285876 1.349201 latency
        0.063325 skew

fall -> fall
    min     max
0.000000 0.000000 source latency
1.257885         network latency _1808_/CLK
        1.327255 network latency _1939_/CLK
---------------
1.257885 1.327255 latency
        0.069369 skew



===========================================================================
report_clock_min_period
============================================================================
sys_clk period_min = 6.42 fmax = 155.72
Clock: periph_clk
Sources: periph_clk_i 
Generated: no
Virtual: yes
Propagated: no
Period: 20.000000

===========================================================================
report_clock_properties
============================================================================
Clock                   Period          Waveform
----------------------------------------------------
periph_clk           20.000000    0.000000 10.000000

===========================================================================
report_clock_latency
============================================================================
Clock periph_clk
rise -> rise
    min     max
0.000000 0.000000 source latency
1.253010         network latency _2071_/CLK
        1.279834 network latency _2077_/CLK
---------------
1.253010 1.279834 latency
        0.026824 skew

fall -> fall
    min     max
0.000000 0.000000 source latency
1.229405         network latency _2071_/CLK
        1.259264 network latency _2077_/CLK
---------------
1.229405 1.259264 latency
        0.029859 skew



===========================================================================
report_clock_min_period
============================================================================
periph_clk period_min = 10.19 fmax = 98.10
