Clock: sys_clk
Sources: sys_clk_i 
Generated: no
Virtual: no
Propagated: no
Period: 20.000000

===========================================================================
report_clock_properties
============================================================================
Clock                   Period          Waveform
----------------------------------------------------
sys_clk              20.000000    0.000000 10.000000

===========================================================================
report_clock_latency
============================================================================
Clock sys_clk
rise -> rise
    min     max
0.000000 0.000000 source latency
1.966716         network latency _2097_/CLK
        1.977171 network latency _1888_/CLK
---------------
1.966716 1.977171 latency
        0.010455 skew

fall -> fall
    min     max
0.000000 0.000000 source latency
1.958497         network latency _2097_/CLK
        1.969217 network latency _1888_/CLK
---------------
1.958497 1.969217 latency
        0.010720 skew



===========================================================================
report_clock_min_period
============================================================================
sys_clk period_min = 9.21 fmax = 108.60
Clock: periph_clk
Sources: periph_clk_i 
Generated: no
Virtual: no
Propagated: no
Period: 20.000000

===========================================================================
report_clock_properties
============================================================================
Clock                   Period          Waveform
----------------------------------------------------
periph_clk           20.000000    0.000000 10.000000

===========================================================================
report_clock_latency
============================================================================
Clock periph_clk
rise -> rise
    min     max
0.000000 0.000000 source latency
1.950218         network latency _2032_/CLK
        1.959819 network latency _1846_/CLK
---------------
1.950218 1.959819 latency
        0.009602 skew

fall -> fall
    min     max
0.000000 0.000000 source latency
1.943868         network latency _2032_/CLK
        1.954108 network latency _1846_/CLK
---------------
1.943868 1.954108 latency
        0.010240 skew



===========================================================================
report_clock_min_period
============================================================================
periph_clk period_min = 13.74 fmax = 72.77
