
===========================================================================
 report_power
============================================================================
======================= max_ss_125C_4v50 Corner ===================================

Group                    Internal    Switching      Leakage        Total
                            Power        Power        Power        Power (Watts)
------------------------------------------------------------------------
Sequential           9.855644e-03 5.497291e-04 4.225083e-07 1.040580e-02  33.3%
Combinational        3.184594e-03 2.446812e-03 9.445560e-07 5.632349e-03  18.0%
Clock                1.188992e-02 3.352448e-03 7.170209e-07 1.524309e-02  48.7%
Macro                0.000000e+00 0.000000e+00 0.000000e+00 0.000000e+00   0.0%
Pad                  0.000000e+00 0.000000e+00 0.000000e+00 0.000000e+00   0.0%
------------------------------------------------------------------------
Total                2.493015e-02 6.348989e-03 2.084068e-06 3.128122e-02 100.0%
                            79.7%        20.3%         0.0%
Writing metric power__internal__total: 0.02493014931678772
Writing metric power__switching__total: 0.006348988972604275
Writing metric power__leakage__total: 2.0840682282141643e-6
Writing metric power__total: 0.03128122165799141

