Reading timing models for corner max_ss_125C_4v50…
Reading timing library for the 'max_ss_125C_4v50' corner at '/home/sahana/.ciel/gf180mcuD/libs.ref/gf180mcu_fd_sc_mcu7t5v0/lib/gf180mcu_fd_sc_mcu7t5v0__ss_125C_4v50.lib'…
Reading OpenROAD database at '/home/sahana/core5_udma/hardening/uart_top/runs/CLOSURE_TRIAL_1/32-openroad-repairdesignpostgpl/udma_uart_top.odb'…
Reading design constraints file at '/home/sahana/core5_udma/hardening/uart_top/constraints.sdc'…
+ detailed_placement -max_displacement  500 100 
Placement Analysis
---------------------------------
total displacement          0.0 u
average displacement        0.0 u
max displacement            0.0 u
original HPWL           75248.3 u
legalized HPWL          77480.0 u
delta HPWL                    3 %

[INFO DPL-0020] Mirrored 648 instances
[INFO DPL-0021] HPWL before           77480.0 u
[INFO DPL-0022] HPWL after            75248.3 u
[INFO DPL-0023] HPWL delta               -2.9 %
Setting global connections for newly added cells…
[INFO] Setting global connections...
[INFO ODB-0403] 0 connections made, 0 conflicts skipped.
Updating metrics…
Cell type report:                       Count       Area
  Endcap cell                             198     869.30
  Tap cell                                961    4219.17
  Tie cell                                 33     289.77
  Timing Repair Buffer                    478   13364.38
  Inverter                                 68     597.09
  Sequential cell                         339   25455.54
  Multi-Input combinational cell          887   19425.32
  Total                                  2964   64220.58
Writing OpenROAD database to '/home/sahana/core5_udma/hardening/uart_top/runs/CLOSURE_TRIAL_1/34-openroad-detailedplacement/udma_uart_top.odb'…
Writing netlist to '/home/sahana/core5_udma/hardening/uart_top/runs/CLOSURE_TRIAL_1/34-openroad-detailedplacement/udma_uart_top.nl.v'…
Writing powered netlist to '/home/sahana/core5_udma/hardening/uart_top/runs/CLOSURE_TRIAL_1/34-openroad-detailedplacement/udma_uart_top.pnl.v'…
Writing layout to '/home/sahana/core5_udma/hardening/uart_top/runs/CLOSURE_TRIAL_1/34-openroad-detailedplacement/udma_uart_top.def'…
Writing timing constraints to '/home/sahana/core5_udma/hardening/uart_top/runs/CLOSURE_TRIAL_1/34-openroad-detailedplacement/udma_uart_top.sdc'…
