
===========================================================================
report_checks -unconstrained
===========================================================================
======================= nom_ss_125C_4v50 Corner ===================================

Startpoint: _2030_ (rising edge-triggered flip-flop clocked by sys_clk)
Endpoint: _2067_ (recovery check against rising-edge clock sys_clk)
Path Group: asynchronous
Path Type: max

Fanout         Cap        Slew       Delay        Time   Description
---------------------------------------------------------------------------------------------
                                  0.000000    0.000000   clock sys_clk (rise edge)
                                  0.000000    0.000000   clock source latency
     1    0.056079    0.440456    0.226466    0.226466 ^ sys_clk_i (in)
                                                         sys_clk_i (net)
                      0.440485    0.000000    0.226466 ^ clkbuf_0_sys_clk_i/I (gf180mcu_fd_sc_mcu7t5v0__clkbuf_16)
    16    0.288390    0.558657    0.724161    0.950626 ^ clkbuf_0_sys_clk_i/Z (gf180mcu_fd_sc_mcu7t5v0__clkbuf_16)
                                                         clknet_0_sys_clk_i (net)
                      0.563892    0.025787    0.976414 ^ clkbuf_4_7_0_sys_clk_i/I (gf180mcu_fd_sc_mcu7t5v0__clkbuf_8)
     2    0.050869    0.279836    0.574081    1.550495 ^ clkbuf_4_7_0_sys_clk_i/Z (gf180mcu_fd_sc_mcu7t5v0__clkbuf_8)
                                                         clknet_4_7_0_sys_clk_i (net)
                      0.279837    0.001040    1.551535 ^ clkbuf_5_14__f_sys_clk_i/I (gf180mcu_fd_sc_mcu7t5v0__clkbuf_16)
     6    0.041880    0.192788    0.452411    2.003946 ^ clkbuf_5_14__f_sys_clk_i/Z (gf180mcu_fd_sc_mcu7t5v0__clkbuf_16)
                                                         clknet_5_14__leaf_sys_clk_i (net)
                      0.192790    0.001026    2.004971 ^ _2030_/CLK (gf180mcu_fd_sc_mcu7t5v0__dffrnq_1)
     2    0.024254    0.475179    1.510595    3.515567 v _2030_/Q (gf180mcu_fd_sc_mcu7t5v0__dffrnq_1)
                                                         s_uart_rx_clean_fifo (net)
                      0.475185    0.001064    3.516630 v _0923_/A2 (gf180mcu_fd_sc_mcu7t5v0__nor2_1)
     2    0.017767    1.177395    0.800060    4.316690 ^ _0923_/ZN (gf180mcu_fd_sc_mcu7t5v0__nor2_1)
                                                         u_dc_fifo_rx.dst_rstn_i (net)
                      1.177395    0.000211    4.316902 ^ fanout356/I (gf180mcu_fd_sc_mcu7t5v0__buf_1)
     8    0.078829    2.230470    1.643712    5.960614 ^ fanout356/Z (gf180mcu_fd_sc_mcu7t5v0__buf_1)
                                                         net356 (net)
                      2.230492    0.003943    5.964557 ^ fanout352/I (gf180mcu_fd_sc_mcu7t5v0__dlyb_1)
     2    0.016224    0.597854    1.942302    7.906859 ^ fanout352/Z (gf180mcu_fd_sc_mcu7t5v0__dlyb_1)
                                                         net352 (net)
                      0.597854    0.000186    7.907045 ^ load_slew353/I (gf180mcu_fd_sc_mcu7t5v0__clkbuf_4)
     9    0.089272    0.678984    0.850602    8.757648 ^ load_slew353/Z (gf180mcu_fd_sc_mcu7t5v0__clkbuf_4)
                                                         net353 (net)
                      0.679003    0.002833    8.760481 ^ _2067_/SETN (gf180mcu_fd_sc_mcu7t5v0__dffsnq_1)
                                              8.760481   data arrival time

                                 20.000000   20.000000   clock sys_clk (rise edge)
                                  0.000000   20.000000   clock source latency
     1    0.056079    0.440456    0.226466   20.226467 ^ sys_clk_i (in)
                                                         sys_clk_i (net)
                      0.440485    0.000000   20.226467 ^ clkbuf_0_sys_clk_i/I (gf180mcu_fd_sc_mcu7t5v0__clkbuf_16)
    16    0.288390    0.558657    0.724160   20.950626 ^ clkbuf_0_sys_clk_i/Z (gf180mcu_fd_sc_mcu7t5v0__clkbuf_16)
                                                         clknet_0_sys_clk_i (net)
                      0.563809    0.025498   20.976124 ^ clkbuf_4_4_0_sys_clk_i/I (gf180mcu_fd_sc_mcu7t5v0__clkbuf_8)
     2    0.049740    0.276622    0.571706   21.547831 ^ clkbuf_4_4_0_sys_clk_i/Z (gf180mcu_fd_sc_mcu7t5v0__clkbuf_8)
                                                         clknet_4_4_0_sys_clk_i (net)
                      0.276622    0.000554   21.548386 ^ clkbuf_5_8__f_sys_clk_i/I (gf180mcu_fd_sc_mcu7t5v0__clkbuf_16)
     6    0.031442    0.177056    0.439513   21.987898 ^ clkbuf_5_8__f_sys_clk_i/Z (gf180mcu_fd_sc_mcu7t5v0__clkbuf_16)
                                                         clknet_5_8__leaf_sys_clk_i (net)
                      0.177056    0.000137   21.988035 ^ _2067_/CLK (gf180mcu_fd_sc_mcu7t5v0__dffsnq_1)
                                 -0.250000   21.738035   clock uncertainty
                                  0.000000   21.738035   clock reconvergence pessimism
                                 -0.036754   21.701281   library recovery time
                                             21.701281   data required time
---------------------------------------------------------------------------------------------
                                             21.701281   data required time
                                             -8.760481   data arrival time
---------------------------------------------------------------------------------------------
                                             12.940801   slack (MET)


Startpoint: _1968_ (rising edge-triggered flip-flop clocked by periph_clk)
Endpoint: _1772_ (rising edge-triggered flip-flop clocked by periph_clk)
Path Group: periph_clk
Path Type: max

Fanout         Cap        Slew       Delay        Time   Description
---------------------------------------------------------------------------------------------
                                  0.000000    0.000000   clock periph_clk (rise edge)
                                  0.000000    0.000000   clock source latency
     1    0.051206    0.407853    0.206613    0.206613 ^ periph_clk_i (in)
                                                         periph_clk_i (net)
                      0.407866    0.000000    0.206613 ^ clkbuf_0_periph_clk_i/I (gf180mcu_fd_sc_mcu7t5v0__clkbuf_16)
    16    0.255363    0.522216    0.709499    0.916111 ^ clkbuf_0_periph_clk_i/Z (gf180mcu_fd_sc_mcu7t5v0__clkbuf_16)
                                                         clknet_0_periph_clk_i (net)
                      0.522230    0.004127    0.920238 ^ clkbuf_4_1_0_periph_clk_i/I (gf180mcu_fd_sc_mcu7t5v0__clkbuf_8)
     2    0.049119    0.274113    0.560559    1.480798 ^ clkbuf_4_1_0_periph_clk_i/Z (gf180mcu_fd_sc_mcu7t5v0__clkbuf_8)
                                                         clknet_4_1_0_periph_clk_i (net)
                      0.274113    0.001074    1.481872 ^ clkbuf_5_2__f_periph_clk_i/I (gf180mcu_fd_sc_mcu7t5v0__clkbuf_16)
     6    0.030993    0.176362    0.438416    1.920287 ^ clkbuf_5_2__f_periph_clk_i/Z (gf180mcu_fd_sc_mcu7t5v0__clkbuf_16)
                                                         clknet_5_2__leaf_periph_clk_i (net)
                      0.176362    0.000305    1.920593 ^ _1968_/CLK (gf180mcu_fd_sc_mcu7t5v0__dffrnq_1)
    10    0.055312    1.611096    2.505359    4.425952 ^ _1968_/Q (gf180mcu_fd_sc_mcu7t5v0__dffrnq_1)
                                                         u_uart_rx.CS[1] (net)
                      1.611096    0.001589    4.427541 ^ _1003_/A2 (gf180mcu_fd_sc_mcu7t5v0__nor2_1)
     2    0.010031    0.681674    0.482176    4.909717 v _1003_/ZN (gf180mcu_fd_sc_mcu7t5v0__nor2_1)
                                                         _0783_ (net)
                      0.681674    0.000086    4.909803 v _1005_/A4 (gf180mcu_fd_sc_mcu7t5v0__nand4_1)
     3    0.025518    1.450907    1.070855    5.980658 ^ _1005_/ZN (gf180mcu_fd_sc_mcu7t5v0__nand4_1)
                                                         _0785_ (net)
                      1.450907    0.000956    5.981614 ^ _1077_/B (gf180mcu_fd_sc_mcu7t5v0__aoi21_1)
     1    0.004882    0.677948    0.493589    6.475203 v _1077_/ZN (gf180mcu_fd_sc_mcu7t5v0__aoi21_1)
                                                         _0851_ (net)
                      0.677948    0.000099    6.475302 v fanout315/I (gf180mcu_fd_sc_mcu7t5v0__dlyb_1)
     8    0.076732    1.438550    2.959522    9.434824 v fanout315/Z (gf180mcu_fd_sc_mcu7t5v0__dlyb_1)
                                                         net315 (net)
                      1.438550    0.000648    9.435472 v fanout314/I (gf180mcu_fd_sc_mcu7t5v0__buf_1)
    10    0.081360    1.356958    1.610060   11.045532 v fanout314/Z (gf180mcu_fd_sc_mcu7t5v0__buf_1)
                                                         net314 (net)
                      1.356962    0.001366   11.046898 v _1078_/I (gf180mcu_fd_sc_mcu7t5v0__clkinv_1)
     3    0.024219    0.893033    0.825884   11.872782 ^ _1078_/ZN (gf180mcu_fd_sc_mcu7t5v0__clkinv_1)
                                                         _0852_ (net)
                      0.893033    0.000492   11.873274 ^ _1278_/A2 (gf180mcu_fd_sc_mcu7t5v0__nor2_1)
     2    0.024409    0.807500    0.650111   12.523385 v _1278_/ZN (gf180mcu_fd_sc_mcu7t5v0__nor2_1)
                                                         _0408_ (net)
                      0.807500    0.000454   12.523839 v max_cap536/I (gf180mcu_fd_sc_mcu7t5v0__buf_1)
     3    0.031975    0.599118    0.944572   13.468411 v max_cap536/Z (gf180mcu_fd_sc_mcu7t5v0__buf_1)
                                                         net536 (net)
                      0.599121    0.000778   13.469190 v max_cap227/I (gf180mcu_fd_sc_mcu7t5v0__buf_2)
     4    0.060531    0.544654    0.786186   14.255376 v max_cap227/Z (gf180mcu_fd_sc_mcu7t5v0__buf_2)
                                                         net227 (net)
                      0.544686    0.002349   14.257725 v _1281_/S (gf180mcu_fd_sc_mcu7t5v0__mux2_2)
     1    0.003878    0.181470    0.752219   15.009944 ^ _1281_/Z (gf180mcu_fd_sc_mcu7t5v0__mux2_2)
                                                         _0046_ (net)
                      0.181470    0.000041   15.009985 ^ _1772_/D (gf180mcu_fd_sc_mcu7t5v0__dffrnq_1)
                                             15.009985   data arrival time

                                 20.000000   20.000000   clock periph_clk (rise edge)
                                  0.000000   20.000000   clock source latency
     1    0.051206    0.407853    0.206613   20.206614 ^ periph_clk_i (in)
                                                         periph_clk_i (net)
                      0.407866    0.000000   20.206614 ^ clkbuf_0_periph_clk_i/I (gf180mcu_fd_sc_mcu7t5v0__clkbuf_16)
    16    0.255363    0.522216    0.709498   20.916113 ^ clkbuf_0_periph_clk_i/Z (gf180mcu_fd_sc_mcu7t5v0__clkbuf_16)
                                                         clknet_0_periph_clk_i (net)
                      0.522239    0.005276   20.921389 ^ clkbuf_4_7_0_periph_clk_i/I (gf180mcu_fd_sc_mcu7t5v0__clkbuf_8)
     2    0.049095    0.274178    0.560851   21.482239 ^ clkbuf_4_7_0_periph_clk_i/Z (gf180mcu_fd_sc_mcu7t5v0__clkbuf_8)
                                                         clknet_4_7_0_periph_clk_i (net)
                      0.274178    0.000476   21.482716 ^ clkbuf_5_15__f_periph_clk_i/I (gf180mcu_fd_sc_mcu7t5v0__clkbuf_16)
     5    0.023134    0.163388    0.427573   21.910288 ^ clkbuf_5_15__f_periph_clk_i/Z (gf180mcu_fd_sc_mcu7t5v0__clkbuf_16)
                                                         clknet_5_15__leaf_periph_clk_i (net)
                      0.163388    0.000037   21.910324 ^ _1772_/CLK (gf180mcu_fd_sc_mcu7t5v0__dffrnq_1)
                                 -0.250000   21.660326   clock uncertainty
                                  0.000000   21.660326   clock reconvergence pessimism
                                 -0.595663   21.064663   library setup time
                                             21.064663   data required time
---------------------------------------------------------------------------------------------
                                             21.064663   data required time
                                            -15.009985   data arrival time
---------------------------------------------------------------------------------------------
                                              6.054679   slack (MET)


Startpoint: cfg_rwn_i (input port clocked by sys_clk)
Endpoint: cfg_data_o[0] (output port clocked by sys_clk)
Path Group: sys_clk
Path Type: max

Fanout         Cap        Slew       Delay        Time   Description
---------------------------------------------------------------------------------------------
                                  0.000000    0.000000   clock sys_clk (rise edge)
                                  0.000000    0.000000   clock network delay (propagated)
                                  2.000000    2.000000 ^ input external delay
     1    0.007213    0.284080    0.115249    2.115249 ^ cfg_rwn_i (in)
                                                         cfg_rwn_i (net)
                      0.284080    0.000000    2.115249 ^ input38/I (gf180mcu_fd_sc_mcu7t5v0__dlyb_1)
     8    0.057621    1.662993    2.540558    4.655807 ^ input38/Z (gf180mcu_fd_sc_mcu7t5v0__dlyb_1)
                                                         net38 (net)
                      1.663005    0.002497    4.658304 ^ _1206_/A1 (gf180mcu_fd_sc_mcu7t5v0__nand3_1)
     3    0.013745    0.923041    0.662932    5.321236 v _1206_/ZN (gf180mcu_fd_sc_mcu7t5v0__nand3_1)
                                                         _0352_ (net)
                      0.923041    0.000172    5.321407 v _1210_/A2 (gf180mcu_fd_sc_mcu7t5v0__or2_1)
     3    0.018306    0.509477    1.117486    6.438893 v _1210_/Z (gf180mcu_fd_sc_mcu7t5v0__or2_1)
                                                         _0356_ (net)
                      0.509477    0.000314    6.439207 v _1214_/A4 (gf180mcu_fd_sc_mcu7t5v0__nor4_1)
     1    0.011144    1.833372    1.270969    7.710176 ^ _1214_/ZN (gf180mcu_fd_sc_mcu7t5v0__nor4_1)
                                                         _0360_ (net)
                      1.833372    0.000346    7.710521 ^ wire334/I (gf180mcu_fd_sc_mcu7t5v0__dlyb_1)
     2    0.018237    0.630155    1.988309    9.698831 ^ wire334/Z (gf180mcu_fd_sc_mcu7t5v0__dlyb_1)
                                                         net334 (net)
                      0.630155    0.000351    9.699182 ^ fanout331/I (gf180mcu_fd_sc_mcu7t5v0__buf_1)
    10    0.125032    3.484551    2.326143   12.025324 ^ fanout331/Z (gf180mcu_fd_sc_mcu7t5v0__buf_1)
                                                         net331 (net)
                      3.484551    0.000714   12.026038 ^ _1223_/B1 (gf180mcu_fd_sc_mcu7t5v0__aoi222_1)
     1    0.017191    1.574938    0.880701   12.906739 v _1223_/ZN (gf180mcu_fd_sc_mcu7t5v0__aoi222_1)
                                                         _0369_ (net)
                      1.574938    0.000692   12.907431 v wire311/I (gf180mcu_fd_sc_mcu7t5v0__dlyb_1)
     1    0.013254    0.519067    2.499776   15.407207 v wire311/Z (gf180mcu_fd_sc_mcu7t5v0__dlyb_1)
                                                         net311 (net)
                      0.519067    0.000435   15.407641 v _1229_/A1 (gf180mcu_fd_sc_mcu7t5v0__nand3_1)
     1    0.017297    0.884494    0.612632   16.020273 ^ _1229_/ZN (gf180mcu_fd_sc_mcu7t5v0__nand3_1)
                                                         net113 (net)
                      0.884494    0.000679   16.020952 ^ output113/I (gf180mcu_fd_sc_mcu7t5v0__buf_1)
     1    0.020740    0.662049    0.726571   16.747522 ^ output113/Z (gf180mcu_fd_sc_mcu7t5v0__buf_1)
                                                         net222 (net)
                      0.662049    0.000847   16.748371 ^ wire222/I (gf180mcu_fd_sc_mcu7t5v0__clkbuf_3)
     1    0.080949    0.628492    0.840133   17.588503 ^ wire222/Z (gf180mcu_fd_sc_mcu7t5v0__clkbuf_3)
                                                         cfg_data_o[0] (net)
                      0.628495    0.002149   17.590652 ^ cfg_data_o[0] (out)
                                             17.590652   data arrival time

                                 20.000000   20.000000   clock sys_clk (rise edge)
                                  0.000000   20.000000   clock network delay (propagated)
                                 -0.250000   19.750002   clock uncertainty
                                  0.000000   19.750002   clock reconvergence pessimism
                                 -2.000000   17.750002   output external delay
                                             17.750002   data required time
---------------------------------------------------------------------------------------------
                                             17.750002   data required time
                                            -17.590652   data arrival time
---------------------------------------------------------------------------------------------
                                              0.159348   slack (MET)




===========================================================================
report_checks --slack_max -0.01
============================================================================
======================= nom_ss_125C_4v50 Corner ===================================

No paths found.


===========================================================================
 report_check_types -max_slew -max_cap -max_fanout -violators
============================================================================
======================= nom_ss_125C_4v50 Corner ===================================

max slew

Pin                                        Limit        Slew       Slack
------------------------------------------------------------------------
ANTENNA_1/I                             3.000000    3.803117   -0.803117 (VIOLATED)
ANTENNA_2/I                             3.000000    3.803117   -0.803117 (VIOLATED)
_1238_/A2                               3.000000    3.803117   -0.803117 (VIOLATED)
fanout338/I                             3.000000    3.803117   -0.803117 (VIOLATED)
_1236_/A2                               3.000000    3.803116   -0.803116 (VIOLATED)
_1225_/A2                               3.000000    3.803104   -0.803104 (VIOLATED)
_1232_/A2                               3.000000    3.803104   -0.803104 (VIOLATED)
_1243_/A2                               3.000000    3.803104   -0.803104 (VIOLATED)
_1249_/A2                               3.000000    3.803104   -0.803104 (VIOLATED)
_1259_/A2                               3.000000    3.803104   -0.803104 (VIOLATED)
_1262_/A2                               3.000000    3.803104   -0.803104 (VIOLATED)
fanout339/Z                             3.000000    3.803104   -0.803104 (VIOLATED)
_1238_/B1                               3.000000    3.484595   -0.484595 (VIOLATED)
_1235_/A2                               3.000000    3.484591   -0.484591 (VIOLATED)
_1253_/B1                               3.000000    3.484590   -0.484590 (VIOLATED)
_1233_/A2                               3.000000    3.484587   -0.484587 (VIOLATED)
_1244_/B1                               3.000000    3.484577   -0.484577 (VIOLATED)
_1247_/A2                               3.000000    3.484571   -0.484571 (VIOLATED)
_1223_/B1                               3.000000    3.484551   -0.484552 (VIOLATED)
_1256_/B1                               3.000000    3.484551   -0.484552 (VIOLATED)
_1259_/B1                               3.000000    3.484551   -0.484552 (VIOLATED)
_1262_/B1                               3.000000    3.484551   -0.484552 (VIOLATED)
fanout331/Z                             3.000000    3.484551   -0.484552 (VIOLATED)
_1264_/B1                               3.000000    3.200110   -0.200110 (VIOLATED)
_1267_/B1                               3.000000    3.200109   -0.200109 (VIOLATED)
_1218_/ZN                               3.000000    3.200095   -0.200095 (VIOLATED)
fanout326/I                             3.000000    3.200095   -0.200095 (VIOLATED)
_1238_/C1                               3.000000    3.007355   -0.007355 (VIOLATED)
_1252_/B1                               3.000000    3.007354   -0.007355 (VIOLATED)
_1235_/C1                               3.000000    3.007351   -0.007351 (VIOLATED)
_1233_/C1                               3.000000    3.007345   -0.007345 (VIOLATED)
_1247_/B1                               3.000000    3.007337   -0.007337 (VIOLATED)
_1244_/C1                               3.000000    3.007333   -0.007333 (VIOLATED)
_1255_/B1                               3.000000    3.007326   -0.007327 (VIOLATED)
_1226_/A2                               3.000000    3.007293   -0.007293 (VIOLATED)
_1258_/B1                               3.000000    3.007293   -0.007293 (VIOLATED)
_1261_/B1                               3.000000    3.007293   -0.007293 (VIOLATED)
fanout326/Z                             3.000000    3.007293   -0.007293 (VIOLATED)

max fanout

Pin                                   Limit Fanout  Slack
---------------------------------------------------------
clkbuf_0_periph_clk_i/Z                  10     16     -6 (VIOLATED)
clkbuf_0_sys_clk_i/Z                     10     16     -6 (VIOLATED)
fanout339/Z                              10     11        (VIOLATED)

max capacitance

Pin                                        Limit         Cap       Slack
------------------------------------------------------------------------
clkbuf_0_sys_clk_i/Z                    0.200000    0.288390   -0.088390 (VIOLATED)
clkbuf_0_periph_clk_i/Z                 0.200000    0.255363   -0.055363 (VIOLATED)



===========================================================================
report_parasitic_annotation -report_unannotated
============================================================================
Found 45 unannotated drivers.
 data_tx_i[10]
 data_tx_i[11]
 data_tx_i[12]
 data_tx_i[13]
 data_tx_i[14]
 data_tx_i[15]
 data_tx_i[16]
 data_tx_i[17]
 data_tx_i[18]
 data_tx_i[19]
 data_tx_i[20]
 data_tx_i[21]
 data_tx_i[22]
 data_tx_i[23]
 data_tx_i[24]
 data_tx_i[25]
 data_tx_i[26]
 data_tx_i[27]
 data_tx_i[28]
 data_tx_i[29]
 data_tx_i[30]
 data_tx_i[31]
 data_tx_i[8]
 data_tx_i[9]
 clkload0/Z
 clkload1/Z
 clkload10/Z
 clkload11/Z
 clkload12/Z
 clkload13/Z
 clkload14/Z
 clkload15/Z
 clkload16/Z
 clkload17/Z
 clkload18/Z
 clkload19/Z
 clkload2/Z
 clkload20/Z
 clkload3/Z
 clkload4/Z
 clkload5/Z
 clkload6/Z
 clkload7/Z
 clkload8/Z
 clkload9/Z
Found 0 partially unannotated drivers.

===========================================================================
max slew violation count 38
max fanout violation count 3
max cap violation count 2
============================================================================

===========================================================================
check_setup -verbose -unconstrained_endpoints -multiple_clock -no_clock -no_input_delay -loops -generated_clocks
===========================================================================
Warning: There is 1 input port missing set_input_delay.
  rstn_i
