Clock: sys_clk
Sources: sys_clk_i 
Generated: no
Virtual: yes
Propagated: no
Period: 20.000000

===========================================================================
report_clock_properties
============================================================================
Clock                   Period          Waveform
----------------------------------------------------
sys_clk              20.000000    0.000000 10.000000

===========================================================================
report_clock_latency
============================================================================
Clock sys_clk
rise -> rise
    min     max
0.000000 0.000000 source latency
1.983364         network latency _2025_/CLK
        2.044548 network latency _1950_/CLK
---------------
1.983364 2.044548 latency
        0.061184 skew

fall -> fall
    min     max
0.000000 0.000000 source latency
1.932266         network latency _2025_/CLK
        1.995343 network latency _1950_/CLK
---------------
1.932266 1.995343 latency
        0.063077 skew



===========================================================================
report_clock_min_period
============================================================================
sys_clk period_min = 10.63 fmax = 94.12
Clock: periph_clk
Sources: periph_clk_i 
Generated: no
Virtual: yes
Propagated: no
Period: 20.000000

===========================================================================
report_clock_properties
============================================================================
Clock                   Period          Waveform
----------------------------------------------------
periph_clk           20.000000    0.000000 10.000000

===========================================================================
report_clock_latency
============================================================================
Clock periph_clk
rise -> rise
    min     max
0.000000 0.000000 source latency
1.906763         network latency _2021_/CLK
        1.931569 network latency _1798_/CLK
---------------
1.906763 1.931569 latency
        0.024807 skew

fall -> fall
    min     max
0.000000 0.000000 source latency
1.858246         network latency _2021_/CLK
        1.886877 network latency _1798_/CLK
---------------
1.858246 1.886877 latency
        0.028631 skew



===========================================================================
report_clock_min_period
============================================================================
periph_clk period_min = 13.95 fmax = 71.71
