
===========================================================================
Violator List
============================================================================
[setup in-reg] cfg_addr_i[2] -> _1958_/D : -2.038281
[setup in-reg] cfg_addr_i[2] -> _1959_/D : -2.038281
[setup in-reg] cfg_addr_i[2] -> _1960_/D : -2.038281
[setup in-reg] cfg_addr_i[2] -> _1961_/D : -2.038281
[setup in-reg] cfg_addr_i[2] -> _1962_/D : -2.038281
[setup in-reg] cfg_addr_i[2] -> _1963_/D : -2.038281
[setup in-reg] cfg_addr_i[2] -> _1964_/D : -2.038281
[setup in-reg] cfg_addr_i[2] -> _1965_/D : -2.038281
[setup in-reg] cfg_addr_i[2] -> _1966_/D : -2.038281
[setup in-reg] cfg_addr_i[2] -> _1967_/D : -2.038281
[setup in-reg] cfg_addr_i[2] -> _1968_/D : -2.038281
[setup in-reg] cfg_addr_i[2] -> _1969_/D : -2.038281
[setup in-reg] cfg_addr_i[2] -> _1970_/D : -2.038281
[setup in-reg] cfg_addr_i[2] -> _1971_/D : -2.038281
[setup in-reg] cfg_addr_i[2] -> _1972_/D : -2.038281
[setup in-reg] cfg_addr_i[2] -> _1973_/D : -2.038281
[setup in-reg] cfg_addr_i[2] -> _1974_/D : -2.038281
[setup in-reg] cfg_addr_i[2] -> _1975_/D : -2.038281
[setup in-reg] cfg_addr_i[2] -> _1976_/D : -2.038281
[setup in-reg] cfg_addr_i[2] -> _1977_/D : -2.038281
[setup in-reg] cfg_addr_i[2] -> _2036_/D : -2.038281
[setup in-reg] cfg_addr_i[2] -> _2037_/D : -2.038281
[setup in-reg] cfg_addr_i[2] -> _2040_/D : -2.038281
[setup reg-reg] _2116_/Q -> _1894_/RN : -0.740529
[setup reg-reg] _2116_/Q -> _1895_/RN : -0.740529
[setup reg-reg] _2116_/Q -> _2146_/RN : -0.740529
[setup reg-reg] _2116_/Q -> _2147_/RN : -0.740529
[setup reg-reg] _2116_/Q -> _2150_/RN : -0.740529
[setup reg-reg] _2116_/Q -> _2151_/RN : -0.740529
