
===========================================================================
report_checks -unconstrained
===========================================================================
======================= max_ss_125C_4v50 Corner ===================================

Startpoint: rstn_i (input port clocked by clk_i)
Endpoint: _279_ (recovery check against rising-edge clock clk_i)
Path Group: asynchronous
Path Type: max

Fanout         Cap        Slew       Delay        Time   Description
---------------------------------------------------------------------------------------------
                                  0.000000    0.000000   clock clk_i (rise edge)
                                  0.000000    0.000000   clock network delay (propagated)
                                  4.000000    4.000000 ^ input external delay
     1    0.004720    0.216836    0.075813    4.075813 ^ rstn_i (in)
                                                         rstn_i (net)
                      0.216836    0.000000    4.075813 ^ input22/I (gf180mcu_fd_sc_mcu7t5v0__dlyb_1)
     1    0.004676    0.294932    1.684947    5.760760 ^ input22/Z (gf180mcu_fd_sc_mcu7t5v0__dlyb_1)
                                                         net22 (net)
                      0.294932    0.000057    5.760818 ^ fanout46/I (gf180mcu_fd_sc_mcu7t5v0__dlyb_1)
     7    0.073974    2.103177    2.795901    8.556718 ^ fanout46/Z (gf180mcu_fd_sc_mcu7t5v0__dlyb_1)
                                                         net46 (net)
                      2.103184    0.002156    8.558875 ^ fanout45/I (gf180mcu_fd_sc_mcu7t5v0__dlyb_1)
    10    0.106978    2.995145    3.359036   11.917911 ^ fanout45/Z (gf180mcu_fd_sc_mcu7t5v0__dlyb_1)
                                                         net45 (net)
                      2.995145    0.001354   11.919264 ^ _279_/RN (gf180mcu_fd_sc_mcu7t5v0__dffrnq_1)
                                             11.919264   data arrival time

                                 20.000000   20.000000   clock clk_i (rise edge)
                                  0.000000   20.000000   clock source latency
     1    0.036259    0.309013    0.147338   20.147339 ^ clk_i (in)
                                                         clk_i (net)
                      0.309017    0.000000   20.147339 ^ clkbuf_0_clk_i/I (gf180mcu_fd_sc_mcu7t5v0__clkbuf_16)
     4    0.098105    0.277298    0.525363   20.672701 ^ clkbuf_0_clk_i/Z (gf180mcu_fd_sc_mcu7t5v0__clkbuf_16)
                                                         clknet_0_clk_i (net)
                      0.277298    0.001075   20.673777 ^ clkbuf_2_3__f_clk_i/I (gf180mcu_fd_sc_mcu7t5v0__clkbuf_16)
     9    0.046731    0.200080    0.457701   21.131477 ^ clkbuf_2_3__f_clk_i/Z (gf180mcu_fd_sc_mcu7t5v0__clkbuf_16)
                                                         clknet_2_3__leaf_clk_i (net)
                      0.200080    0.000099   21.131577 ^ _279_/CLK (gf180mcu_fd_sc_mcu7t5v0__dffrnq_1)
                                 -0.250000   20.881578   clock uncertainty
                                  0.000000   20.881578   clock reconvergence pessimism
                                 -0.280433   20.601145   library recovery time
                                             20.601145   data required time
---------------------------------------------------------------------------------------------
                                             20.601145   data required time
                                            -11.919264   data arrival time
---------------------------------------------------------------------------------------------
                                              8.681880   slack (MET)


Startpoint: cfg_en_i (input port clocked by clk_i)
Endpoint: tx_ready_o (output port clocked by clk_i)
Path Group: clk_i
Path Type: max

Fanout         Cap        Slew       Delay        Time   Description
---------------------------------------------------------------------------------------------
                                  0.000000    0.000000   clock clk_i (rise edge)
                                  0.000000    0.000000   clock network delay (propagated)
                                  4.000000    4.000000 ^ input external delay
     1    0.005126    0.227786    0.082230    4.082230 ^ cfg_en_i (in)
                                                         cfg_en_i (net)
                      0.227786    0.000000    4.082230 ^ input19/I (gf180mcu_fd_sc_mcu7t5v0__dlyb_1)
     1    0.005609    0.323402    1.704515    5.786745 ^ input19/Z (gf180mcu_fd_sc_mcu7t5v0__dlyb_1)
                                                         net19 (net)
                      0.323402    0.000066    5.786811 ^ _141_/I (gf180mcu_fd_sc_mcu7t5v0__clkinv_1)
     4    0.022837    0.678910    0.511635    6.298446 v _141_/ZN (gf180mcu_fd_sc_mcu7t5v0__clkinv_1)
                                                         _034_ (net)
                      0.678910    0.000145    6.298591 v _175_/A1 (gf180mcu_fd_sc_mcu7t5v0__nor2_1)
     1    0.004629    0.513260    0.456073    6.754663 ^ _175_/ZN (gf180mcu_fd_sc_mcu7t5v0__nor2_1)
                                                         net34 (net)
                      0.513260    0.000058    6.754722 ^ output34/I (gf180mcu_fd_sc_mcu7t5v0__dlyb_1)
     1    0.074681    2.122602    2.837997    9.592719 ^ output34/Z (gf180mcu_fd_sc_mcu7t5v0__dlyb_1)
                                                         tx_ready_o (net)
                      2.122602    0.001045    9.593764 ^ tx_ready_o (out)
                                              9.593764   data arrival time

                                 20.000000   20.000000   clock clk_i (rise edge)
                                  0.000000   20.000000   clock network delay (propagated)
                                 -0.250000   19.750002   clock uncertainty
                                  0.000000   19.750002   clock reconvergence pessimism
                                 -4.000000   15.750001   output external delay
                                             15.750001   data required time
---------------------------------------------------------------------------------------------
                                             15.750001   data required time
                                             -9.593764   data arrival time
---------------------------------------------------------------------------------------------
                                              6.156237   slack (MET)




===========================================================================
report_checks --slack_max -0.01
============================================================================
======================= max_ss_125C_4v50 Corner ===================================

No paths found.


===========================================================================
 report_check_types -max_slew -max_cap -max_fanout -violators
============================================================================
======================= max_ss_125C_4v50 Corner ===================================



===========================================================================
report_parasitic_annotation -report_unannotated
============================================================================
Found 2 unannotated drivers.
 clkload0/Z
 clkload1/Z
Found 0 partially unannotated drivers.

===========================================================================
max slew violation count 0
max fanout violation count 0
max cap violation count 0
============================================================================

===========================================================================
check_setup -verbose -unconstrained_endpoints -multiple_clock -no_clock -no_input_delay -loops -generated_clocks
===========================================================================
