Clock: clk_i
Sources: clk_i 
Generated: no
Virtual: yes
Propagated: no
Period: 20.000000

===========================================================================
report_clock_properties
============================================================================
Clock                   Period          Waveform
----------------------------------------------------
clk_i                20.000000    0.000000 10.000000

===========================================================================
report_clock_latency
============================================================================
Clock clk_i
rise -> rise
    min     max
0.000000 0.000000 source latency
1.126673         network latency _282_/CLK
        1.143390 network latency _301_/CLK
---------------
1.126673 1.143390 latency
        0.016717 skew

fall -> fall
    min     max
0.000000 0.000000 source latency
1.045317         network latency _282_/CLK
        1.063302 network latency _301_/CLK
---------------
1.045317 1.063302 latency
        0.017986 skew



===========================================================================
report_clock_min_period
============================================================================
clk_i period_min = 10.56 fmax = 94.67
