Reading timing models for corner nom_tt_025C_5v00…
Reading timing library for the 'nom_tt_025C_5v00' corner at '/home/sahana/.ciel/gf180mcuD/libs.ref/gf180mcu_fd_sc_mcu7t5v0/lib/gf180mcu_fd_sc_mcu7t5v0__tt_025C_5v00.lib'…
Reading OpenROAD database at '/home/sahana/core5_udma/hardening/uart_rx/runs/RUN_2026-07-26_12-38-49/24-openroad-globalplacementskipio/udma_uart_rx.odb'…
Reading design constraints file at '/nix/store/ffl2vg3m80k0p74pyffnmai83fnv38mf-python3-3.13.9-env/lib/python3.13/site-packages/librelane/scripts/base.sdc'…
[INFO] Using clock clk_i…
[INFO] Setting output delay to: 4
[INFO] Setting input delay to: 4
[INFO] Setting load to: 0.07291
[INFO] Setting clock uncertainty to: 0.25
[INFO] Setting clock transition to: 0.1499999999999999944488848768742172978818416595458984375
[INFO] Setting timing derate to: 5%
+ place_pins -hor_layers Metal3 -ver_layers Metal2
Found 0 macro blocks.
Using 2 tracks default min distance between IO pins.
[INFO PPL-0001] Number of available slots 580
[INFO PPL-0002] Number of I/O             38
[INFO PPL-0003] Number of I/O w/sink      37
[INFO PPL-0004] Number of I/O w/o sink    1
[INFO PPL-0005] Slots per section         200
[INFO PPL-0008] Successfully assigned pins to sections.
[INFO PPL-0012] I/O nets HPWL: 2196.14 um.
Setting global connections for newly added cells…
[INFO] Setting global connections...
[INFO ODB-0403] 0 connections made, 0 conflicts skipped.
Updating metrics…
Cell type report:                       Count       Area
  Endcap cell                              72     316.11
  Tap cell                                133     583.92
  Inverter                                 22     193.18
  Sequential cell                          36    2735.22
  Multi-Input combinational cell          161    3112.79
  Total                                   424    6941.22
Writing OpenROAD database to '/home/sahana/core5_udma/hardening/uart_rx/runs/RUN_2026-07-26_12-38-49/25-openroad-ioplacement/udma_uart_rx.odb'…
Writing netlist to '/home/sahana/core5_udma/hardening/uart_rx/runs/RUN_2026-07-26_12-38-49/25-openroad-ioplacement/udma_uart_rx.nl.v'…
Writing powered netlist to '/home/sahana/core5_udma/hardening/uart_rx/runs/RUN_2026-07-26_12-38-49/25-openroad-ioplacement/udma_uart_rx.pnl.v'…
Writing layout to '/home/sahana/core5_udma/hardening/uart_rx/runs/RUN_2026-07-26_12-38-49/25-openroad-ioplacement/udma_uart_rx.def'…
Writing timing constraints to '/home/sahana/core5_udma/hardening/uart_rx/runs/RUN_2026-07-26_12-38-49/25-openroad-ioplacement/udma_uart_rx.sdc'…
