Reading timing models for corner nom_tt_025C_5v00…
Reading timing library for the 'nom_tt_025C_5v00' corner at '/home/sahana/.ciel/gf180mcuD/libs.ref/gf180mcu_fd_sc_mcu7t5v0/lib/gf180mcu_fd_sc_mcu7t5v0__tt_025C_5v00.lib'…
Reading OpenROAD database at '/home/sahana/core5_udma/hardening/uart_top/runs/TRIAL_11/41-openroad-repairdesignpostgrt/udma_uart_top.odb'…
Reading design constraints file at '/home/sahana/core5_udma/hardening/uart_top/constraints.closure.sdc'…
+ repair_antennas gf180mcu_fd_sc_mcu7t5v0__antenna -iterations 3 -ratio_margin 10
[INFO GRT-0012] Found 0 antenna violations.
Setting global connections for newly added cells…
[INFO] Setting global connections...
[INFO ODB-0403] 0 connections made, 0 conflicts skipped.
Updating metrics…
Cell type report:                       Count       Area
  Endcap cell                             194     851.74
  Tap cell                                942    4135.76
  Tie cell                                 33     289.77
  Clock buffer                            120    9931.08
  Timing Repair Buffer                    452   17879.90
  Inverter                                 69     610.27
  Sequential cell                         339   25468.71
  Multi-Input combinational cell          843   18863.35
  Total                                  2992   78030.58
Writing OpenROAD database to '/home/sahana/core5_udma/hardening/uart_top/runs/TRIAL_11/43-openroad-repairantennas/1-openroad-diodeinsertion/udma_uart_top.odb'…
Writing layout to '/home/sahana/core5_udma/hardening/uart_top/runs/TRIAL_11/43-openroad-repairantennas/1-openroad-diodeinsertion/udma_uart_top.def'…
