Reading timing models for corner nom_tt_025C_5v00…
Reading timing library for the 'nom_tt_025C_5v00' corner at '/home/sahana/.ciel/gf180mcuD/libs.ref/gf180mcu_fd_sc_mcu7t5v0/lib/gf180mcu_fd_sc_mcu7t5v0__tt_025C_5v00.lib'…
Reading OpenROAD database at '/home/sahana/core5_udma/hardening/uart_top/runs/TRIAL_6/24-openroad-globalplacementskipio/udma_uart_top.odb'…
Reading design constraints file at '/home/sahana/core5_udma/hardening/uart_top/constraints.closure.sdc'…
+ place_pins -hor_layers Metal3 -ver_layers Metal2
Found 0 macro blocks.
Using 2 tracks default min distance between IO pins.
[INFO PPL-0001] Number of available slots 1440
[INFO PPL-0002] Number of I/O             279
[INFO PPL-0003] Number of I/O w/sink      255
[INFO PPL-0004] Number of I/O w/o sink    24
[INFO PPL-0005] Slots per section         200
[INFO PPL-0008] Successfully assigned pins to sections.
[INFO PPL-0012] I/O nets HPWL: 31757.01 um.
Setting global connections for newly added cells…
[INFO] Setting global connections...
[INFO ODB-0403] 0 connections made, 0 conflicts skipped.
Updating metrics…
Cell type report:                       Count       Area
  Endcap cell                             194     851.74
  Tap cell                                942    4135.76
  Tie cell                                 33     289.77
  Inverter                                 69     605.88
  Sequential cell                         339   25455.54
  Multi-Input combinational cell          843   17699.90
  Total                                  2420   49038.57
Writing OpenROAD database to '/home/sahana/core5_udma/hardening/uart_top/runs/TRIAL_6/25-openroad-ioplacement/udma_uart_top.odb'…
Writing netlist to '/home/sahana/core5_udma/hardening/uart_top/runs/TRIAL_6/25-openroad-ioplacement/udma_uart_top.nl.v'…
Writing powered netlist to '/home/sahana/core5_udma/hardening/uart_top/runs/TRIAL_6/25-openroad-ioplacement/udma_uart_top.pnl.v'…
Writing layout to '/home/sahana/core5_udma/hardening/uart_top/runs/TRIAL_6/25-openroad-ioplacement/udma_uart_top.def'…
Writing timing constraints to '/home/sahana/core5_udma/hardening/uart_top/runs/TRIAL_6/25-openroad-ioplacement/udma_uart_top.sdc'…
