
===========================================================================
report_checks -unconstrained
===========================================================================
======================= max_tt_025C_5v00 Corner ===================================

Startpoint: _2030_ (rising edge-triggered flip-flop clocked by sys_clk)
Endpoint: _2067_ (recovery check against rising-edge clock sys_clk)
Path Group: asynchronous
Path Type: max

Fanout         Cap        Slew       Delay        Time   Description
---------------------------------------------------------------------------------------------
                                  0.000000    0.000000   clock sys_clk (rise edge)
                                  0.000000    0.000000   clock source latency
     1    0.063627    0.286969    0.156558    0.156558 ^ sys_clk_i (in)
                                                         sys_clk_i (net)
                      0.287512    0.000000    0.156558 ^ clkbuf_0_sys_clk_i/I (gf180mcu_fd_sc_mcu7t5v0__clkbuf_20)
    16    0.170399    0.189590    0.332582    0.489140 ^ clkbuf_0_sys_clk_i/Z (gf180mcu_fd_sc_mcu7t5v0__clkbuf_20)
                                                         clknet_0_sys_clk_i (net)
                      0.189741    0.008085    0.497225 ^ clkbuf_4_7_0_sys_clk_i/I (gf180mcu_fd_sc_mcu7t5v0__clkbuf_2)
     2    0.061677    0.528830    0.509487    1.006712 ^ clkbuf_4_7_0_sys_clk_i/Z (gf180mcu_fd_sc_mcu7t5v0__clkbuf_2)
                                                         clknet_4_7_0_sys_clk_i (net)
                      0.528841    0.001348    1.008060 ^ clkbuf_5_14__f_sys_clk_i/I (gf180mcu_fd_sc_mcu7t5v0__clkbuf_20)
     6    0.046431    0.114214    0.315252    1.323313 ^ clkbuf_5_14__f_sys_clk_i/Z (gf180mcu_fd_sc_mcu7t5v0__clkbuf_20)
                                                         clknet_5_14__leaf_sys_clk_i (net)
                      0.114217    0.001223    1.324536 ^ _2030_/CLK (gf180mcu_fd_sc_mcu7t5v0__dffrnq_1)
     2    0.026007    0.294327    0.830209    2.154745 v _2030_/Q (gf180mcu_fd_sc_mcu7t5v0__dffrnq_1)
                                                         s_uart_rx_clean_fifo (net)
                      0.294340    0.001225    2.155970 v _0923_/A2 (gf180mcu_fd_sc_mcu7t5v0__nor2_1)
     2    0.019687    0.689121    0.472113    2.628083 ^ _0923_/ZN (gf180mcu_fd_sc_mcu7t5v0__nor2_1)
                                                         u_dc_fifo_rx.dst_rstn_i (net)
                      0.689121    0.000257    2.628340 ^ fanout331/I (gf180mcu_fd_sc_mcu7t5v0__dlyb_1)
     8    0.079076    1.316706    1.598695    4.227036 ^ fanout331/Z (gf180mcu_fd_sc_mcu7t5v0__dlyb_1)
                                                         net331 (net)
                      1.316731    0.003211    4.230247 ^ fanout329/I (gf180mcu_fd_sc_mcu7t5v0__buf_1)
     3    0.028156    0.510029    0.490402    4.720648 ^ fanout329/Z (gf180mcu_fd_sc_mcu7t5v0__buf_1)
                                                         net329 (net)
                      0.510029    0.000544    4.721191 ^ max_cap502/I (gf180mcu_fd_sc_mcu7t5v0__buf_2)
     8    0.073148    0.621273    0.532788    5.253979 ^ max_cap502/Z (gf180mcu_fd_sc_mcu7t5v0__buf_2)
                                                         net502 (net)
                      0.621292    0.001927    5.255907 ^ _2067_/SETN (gf180mcu_fd_sc_mcu7t5v0__dffsnq_1)
                                              5.255907   data arrival time

                                 20.000000   20.000000   clock sys_clk (rise edge)
                                  0.000000   20.000000   clock source latency
     1    0.063627    0.286969    0.156559   20.156559 ^ sys_clk_i (in)
                                                         sys_clk_i (net)
                      0.287512    0.000000   20.156559 ^ clkbuf_0_sys_clk_i/I (gf180mcu_fd_sc_mcu7t5v0__clkbuf_20)
    16    0.170399    0.189590    0.332580   20.489140 ^ clkbuf_0_sys_clk_i/Z (gf180mcu_fd_sc_mcu7t5v0__clkbuf_20)
                                                         clknet_0_sys_clk_i (net)
                      0.189789    0.009159   20.498299 ^ clkbuf_4_4_0_sys_clk_i/I (gf180mcu_fd_sc_mcu7t5v0__clkbuf_2)
     2    0.059401    0.510742    0.498860   20.997158 ^ clkbuf_4_4_0_sys_clk_i/Z (gf180mcu_fd_sc_mcu7t5v0__clkbuf_2)
                                                         clknet_4_4_0_sys_clk_i (net)
                      0.510759    0.001627   20.998785 ^ clkbuf_5_8__f_sys_clk_i/I (gf180mcu_fd_sc_mcu7t5v0__clkbuf_20)
     6    0.028719    0.101036    0.302061   21.300846 ^ clkbuf_5_8__f_sys_clk_i/Z (gf180mcu_fd_sc_mcu7t5v0__clkbuf_20)
                                                         clknet_5_8__leaf_sys_clk_i (net)
                      0.101036    0.000037   21.300884 ^ _2067_/CLK (gf180mcu_fd_sc_mcu7t5v0__dffsnq_1)
                                 -0.250000   21.050884   clock uncertainty
                                  0.000000   21.050884   clock reconvergence pessimism
                                 -0.053423   20.997459   library recovery time
                                             20.997459   data required time
---------------------------------------------------------------------------------------------
                                             20.997459   data required time
                                             -5.255907   data arrival time
---------------------------------------------------------------------------------------------
                                             15.741554   slack (MET)


Startpoint: _2019_ (rising edge-triggered flip-flop clocked by periph_clk)
Endpoint: _2010_ (rising edge-triggered flip-flop clocked by periph_clk)
Path Group: periph_clk
Path Type: max

Fanout         Cap        Slew       Delay        Time   Description
---------------------------------------------------------------------------------------------
                                  0.000000    0.000000   clock periph_clk (rise edge)
                                  0.000000    0.000000   clock source latency
     1    0.058071    0.266086    0.142410    0.142410 ^ periph_clk_i (in)
                                                         periph_clk_i (net)
                      0.266264    0.000000    0.142410 ^ clkbuf_0_periph_clk_i/I (gf180mcu_fd_sc_mcu7t5v0__clkbuf_20)
    16    0.143833    0.172255    0.319385    0.461796 ^ clkbuf_0_periph_clk_i/Z (gf180mcu_fd_sc_mcu7t5v0__clkbuf_20)
                                                         clknet_0_periph_clk_i (net)
                      0.172275    0.003137    0.464932 ^ clkbuf_4_3_0_periph_clk_i/I (gf180mcu_fd_sc_mcu7t5v0__clkbuf_2)
     2    0.060623    0.520240    0.500585    0.965517 ^ clkbuf_4_3_0_periph_clk_i/Z (gf180mcu_fd_sc_mcu7t5v0__clkbuf_2)
                                                         clknet_4_3_0_periph_clk_i (net)
                      0.520270    0.002219    0.967737 ^ clkbuf_5_7__f_periph_clk_i/I (gf180mcu_fd_sc_mcu7t5v0__clkbuf_20)
     5    0.028828    0.101474    0.303602    1.271339 ^ clkbuf_5_7__f_periph_clk_i/Z (gf180mcu_fd_sc_mcu7t5v0__clkbuf_20)
                                                         clknet_5_7__leaf_periph_clk_i (net)
                      0.101474    0.000539    1.271878 ^ _2019_/CLK (gf180mcu_fd_sc_mcu7t5v0__dffrnq_1)
     3    0.021951    0.426007    1.048400    2.320277 ^ _2019_/Q (gf180mcu_fd_sc_mcu7t5v0__dffrnq_1)
                                                         r_uart_en_rx_sync[2] (net)
                      0.426007    0.000572    2.320849 ^ _0911_/I (gf180mcu_fd_sc_mcu7t5v0__clkinv_1)
     5    0.036684    0.611319    0.477769    2.798618 v _0911_/ZN (gf180mcu_fd_sc_mcu7t5v0__clkinv_1)
                                                         _0706_ (net)
                      0.611319    0.000413    2.799031 v _1739_/B2 (gf180mcu_fd_sc_mcu7t5v0__aoi22_1)
     1    0.006973    0.492980    0.444195    3.243227 ^ _1739_/ZN (gf180mcu_fd_sc_mcu7t5v0__aoi22_1)
                                                         _0642_ (net)
                      0.492980    0.000166    3.243392 ^ fanout311/I (gf180mcu_fd_sc_mcu7t5v0__dlyb_1)
     7    0.081503    1.356513    1.619297    4.862689 ^ fanout311/Z (gf180mcu_fd_sc_mcu7t5v0__dlyb_1)
                                                         net311 (net)
                      1.356524    0.002206    4.864895 ^ fanout310/I (gf180mcu_fd_sc_mcu7t5v0__buf_1)
     4    0.046947    0.805997    0.661903    5.526798 ^ fanout310/Z (gf180mcu_fd_sc_mcu7t5v0__buf_1)
                                                         net310 (net)
                      0.805997    0.000759    5.527557 ^ max_cap497/I (gf180mcu_fd_sc_mcu7t5v0__buf_2)
     6    0.061655    0.530951    0.493917    6.021474 ^ max_cap497/Z (gf180mcu_fd_sc_mcu7t5v0__buf_2)
                                                         net497 (net)
                      0.530987    0.002406    6.023880 ^ fanout309/I (gf180mcu_fd_sc_mcu7t5v0__dlyb_1)
     7    0.052551    0.893880    1.352400    7.376280 ^ fanout309/Z (gf180mcu_fd_sc_mcu7t5v0__dlyb_1)
                                                         net309 (net)
                      0.893892    0.001794    7.378074 ^ fanout308/I (gf180mcu_fd_sc_mcu7t5v0__dlyb_1)
    10    0.076494    1.276141    1.572822    8.950895 ^ fanout308/Z (gf180mcu_fd_sc_mcu7t5v0__dlyb_1)
                                                         net308 (net)
                      1.276149    0.001831    8.952726 ^ _1760_/A2 (gf180mcu_fd_sc_mcu7t5v0__nor2_1)
     1    0.011616    0.495218    0.299901    9.252627 v _1760_/ZN (gf180mcu_fd_sc_mcu7t5v0__nor2_1)
                                                         _0650_ (net)
                      0.495218    0.000274    9.252901 v _1761_/B (gf180mcu_fd_sc_mcu7t5v0__aoi21_1)
     1    0.004318    0.367417    0.317362    9.570263 ^ _1761_/ZN (gf180mcu_fd_sc_mcu7t5v0__aoi21_1)
                                                         _0284_ (net)
                      0.367417    0.000083    9.570347 ^ _2010_/D (gf180mcu_fd_sc_mcu7t5v0__dffrnq_1)
                                              9.570347   data arrival time

                                 20.000000   20.000000   clock periph_clk (rise edge)
                                  0.000000   20.000000   clock source latency
     1    0.058071    0.266086    0.142411   20.142410 ^ periph_clk_i (in)
                                                         periph_clk_i (net)
                      0.266264    0.000000   20.142410 ^ clkbuf_0_periph_clk_i/I (gf180mcu_fd_sc_mcu7t5v0__clkbuf_20)
    16    0.143833    0.172255    0.319385   20.461796 ^ clkbuf_0_periph_clk_i/Z (gf180mcu_fd_sc_mcu7t5v0__clkbuf_20)
                                                         clknet_0_periph_clk_i (net)
                      0.172272    0.002869   20.464664 ^ clkbuf_4_14_0_periph_clk_i/I (gf180mcu_fd_sc_mcu7t5v0__clkbuf_2)
     2    0.059888    0.514678    0.497645   20.962309 ^ clkbuf_4_14_0_periph_clk_i/Z (gf180mcu_fd_sc_mcu7t5v0__clkbuf_2)
                                                         clknet_4_14_0_periph_clk_i (net)
                      0.514688    0.001251   20.963560 ^ clkbuf_5_28__f_periph_clk_i/I (gf180mcu_fd_sc_mcu7t5v0__clkbuf_20)
     5    0.036774    0.107218    0.307780   21.271341 ^ clkbuf_5_28__f_periph_clk_i/Z (gf180mcu_fd_sc_mcu7t5v0__clkbuf_20)
                                                         clknet_5_28__leaf_periph_clk_i (net)
                      0.107220    0.000908   21.272249 ^ _2010_/CLK (gf180mcu_fd_sc_mcu7t5v0__dffrnq_1)
                                 -0.250000   21.022249   clock uncertainty
                                  0.000000   21.022249   clock reconvergence pessimism
                                 -0.346944   20.675306   library setup time
                                             20.675306   data required time
---------------------------------------------------------------------------------------------
                                             20.675306   data required time
                                             -9.570347   data arrival time
---------------------------------------------------------------------------------------------
                                             11.104959   slack (MET)


Startpoint: cfg_rwn_i (input port clocked by sys_clk)
Endpoint: cfg_data_o[23] (output port clocked by sys_clk)
Path Group: sys_clk
Path Type: max

Fanout         Cap        Slew       Delay        Time   Description
---------------------------------------------------------------------------------------------
                                  0.000000    0.000000   clock sys_clk (rise edge)
                                  0.000000    0.000000   clock network delay (propagated)
                                  2.000000    2.000000 v input external delay
     1    0.010313    0.125692    0.062256    2.062256 v cfg_rwn_i (in)
                                                         cfg_rwn_i (net)
                      0.125692    0.000000    2.062256 v input38/I (gf180mcu_fd_sc_mcu7t5v0__dlyb_1)
     8    0.062452    0.709113    1.412603    3.474859 v input38/Z (gf180mcu_fd_sc_mcu7t5v0__dlyb_1)
                                                         net38 (net)
                      0.709156    0.003102    3.477961 v _1085_/A1 (gf180mcu_fd_sc_mcu7t5v0__nand3_1)
     5    0.024599    0.669011    0.553462    4.031423 ^ _1085_/ZN (gf180mcu_fd_sc_mcu7t5v0__nand3_1)
                                                         _0291_ (net)
                      0.669011    0.000441    4.031865 ^ _1086_/A2 (gf180mcu_fd_sc_mcu7t5v0__nor2_1)
     4    0.020512    0.505540    0.359847    4.391712 v _1086_/ZN (gf180mcu_fd_sc_mcu7t5v0__nor2_1)
                                                         _0292_ (net)
                      0.505540    0.000123    4.391835 v _1087_/A2 (gf180mcu_fd_sc_mcu7t5v0__and2_1)
     1    0.011841    0.187144    0.434429    4.826263 v _1087_/Z (gf180mcu_fd_sc_mcu7t5v0__and2_1)
                                                         _0293_ (net)
                      0.187144    0.000382    4.826645 v fanout322/I (gf180mcu_fd_sc_mcu7t5v0__dlyb_1)
    10    0.153076    1.523758    1.979954    6.806599 v fanout322/Z (gf180mcu_fd_sc_mcu7t5v0__dlyb_1)
                                                         net322 (net)
                      1.523808    0.004992    6.811591 v fanout321/I (gf180mcu_fd_sc_mcu7t5v0__dlyb_1)
     7    0.055202    0.648776    1.833267    8.644857 v fanout321/Z (gf180mcu_fd_sc_mcu7t5v0__dlyb_1)
                                                         net321 (net)
                      0.648779    0.001044    8.645902 v fanout320/I (gf180mcu_fd_sc_mcu7t5v0__dlyb_1)
    10    0.061658    0.702310    1.593622   10.239524 v fanout320/Z (gf180mcu_fd_sc_mcu7t5v0__dlyb_1)
                                                         net320 (net)
                      0.702310    0.000356   10.239881 v _1095_/A2 (gf180mcu_fd_sc_mcu7t5v0__and2_1)
     1    0.026034    0.309294    0.581861   10.821741 v _1095_/Z (gf180mcu_fd_sc_mcu7t5v0__and2_1)
                                                         net128 (net)
                      0.309317    0.001461   10.823202 v output128/I (gf180mcu_fd_sc_mcu7t5v0__buf_1)
     1    0.005872    0.126003    0.315964   11.139166 v output128/Z (gf180mcu_fd_sc_mcu7t5v0__buf_1)
                                                         net278 (net)
                      0.126003    0.000058   11.139224 v wire278/I (gf180mcu_fd_sc_mcu7t5v0__clkbuf_3)
     1    0.074255    0.341198    0.418253   11.557477 v wire278/Z (gf180mcu_fd_sc_mcu7t5v0__clkbuf_3)
                                                         cfg_data_o[23] (net)
                      0.341207    0.001029   11.558506 v cfg_data_o[23] (out)
                                             11.558506   data arrival time

                                 20.000000   20.000000   clock sys_clk (rise edge)
                                  0.000000   20.000000   clock network delay (propagated)
                                 -0.250000   19.750002   clock uncertainty
                                  0.000000   19.750002   clock reconvergence pessimism
                                 -2.000000   17.750002   output external delay
                                             17.750002   data required time
---------------------------------------------------------------------------------------------
                                             17.750002   data required time
                                            -11.558506   data arrival time
---------------------------------------------------------------------------------------------
                                              6.191495   slack (MET)




===========================================================================
report_checks --slack_max -0.01
============================================================================
======================= max_tt_025C_5v00 Corner ===================================

No paths found.


===========================================================================
 report_check_types -max_slew -max_cap -max_fanout -violators
============================================================================
======================= max_tt_025C_5v00 Corner ===================================

max fanout

Pin                                   Limit Fanout  Slack
---------------------------------------------------------
clkbuf_0_periph_clk_i/Z                  10     16     -6 (VIOLATED)
clkbuf_0_sys_clk_i/Z                     10     16     -6 (VIOLATED)



===========================================================================
report_parasitic_annotation -report_unannotated
============================================================================
Found 45 unannotated drivers.
 data_tx_i[10]
 data_tx_i[11]
 data_tx_i[12]
 data_tx_i[13]
 data_tx_i[14]
 data_tx_i[15]
 data_tx_i[16]
 data_tx_i[17]
 data_tx_i[18]
 data_tx_i[19]
 data_tx_i[20]
 data_tx_i[21]
 data_tx_i[22]
 data_tx_i[23]
 data_tx_i[24]
 data_tx_i[25]
 data_tx_i[26]
 data_tx_i[27]
 data_tx_i[28]
 data_tx_i[29]
 data_tx_i[30]
 data_tx_i[31]
 data_tx_i[8]
 data_tx_i[9]
 clkload0/Z
 clkload1/Z
 clkload10/Z
 clkload11/Z
 clkload12/Z
 clkload13/Z
 clkload14/Z
 clkload15/Z
 clkload16/Z
 clkload17/Z
 clkload18/Z
 clkload19/Z
 clkload2/Z
 clkload20/Z
 clkload3/Z
 clkload4/Z
 clkload5/Z
 clkload6/Z
 clkload7/Z
 clkload8/Z
 clkload9/Z
Found 0 partially unannotated drivers.

===========================================================================
max slew violation count 0
max fanout violation count 2
max cap violation count 0
============================================================================

===========================================================================
check_setup -verbose -unconstrained_endpoints -multiple_clock -no_clock -no_input_delay -loops -generated_clocks
===========================================================================
Warning: There is 1 input port missing set_input_delay.
  rstn_i
