Clock: sys_clk
Sources: sys_clk_i 
Generated: no
Virtual: yes
Propagated: no
Period: 20.000000

===========================================================================
report_clock_properties
============================================================================
Clock                   Period          Waveform
----------------------------------------------------
sys_clk              20.000000    0.000000 10.000000

===========================================================================
report_clock_latency
============================================================================
Clock sys_clk
rise -> rise
    min     max
0.000000 0.000000 source latency
1.300406         network latency _1951_/CLK
        1.337950 network latency _1919_/CLK
---------------
1.300406 1.337950 latency
        0.037544 skew

fall -> fall
    min     max
0.000000 0.000000 source latency
1.271208         network latency _1951_/CLK
        1.312187 network latency _1919_/CLK
---------------
1.271208 1.312187 latency
        0.040979 skew



===========================================================================
report_clock_min_period
============================================================================
sys_clk period_min = 6.69 fmax = 149.58
Clock: periph_clk
Sources: periph_clk_i 
Generated: no
Virtual: yes
Propagated: no
Period: 20.000000

===========================================================================
report_clock_properties
============================================================================
Clock                   Period          Waveform
----------------------------------------------------
periph_clk           20.000000    0.000000 10.000000

===========================================================================
report_clock_latency
============================================================================
Clock periph_clk
rise -> rise
    min     max
0.000000 0.000000 source latency
1.259478         network latency _1848_/CLK
        1.300291 network latency _1798_/CLK
---------------
1.259478 1.300291 latency
        0.040812 skew

fall -> fall
    min     max
0.000000 0.000000 source latency
1.234062         network latency _1848_/CLK
        1.278867 network latency _1798_/CLK
---------------
1.234062 1.278867 latency
        0.044805 skew



===========================================================================
report_clock_min_period
============================================================================
periph_clk period_min = 8.90 fmax = 112.42
