
===========================================================================
 report_power
============================================================================
======================= max_tt_025C_5v00 Corner ===================================

Group                    Internal    Switching      Leakage        Total
                            Power        Power        Power        Power (Watts)
------------------------------------------------------------------------
Sequential           1.194984e-02 1.107004e-03 1.537154e-07 1.305700e-02  29.2%
Combinational        4.219312e-03 3.990399e-03 1.960278e-07 8.209907e-03  18.4%
Clock                1.784929e-02 5.527491e-03 3.205365e-07 2.337710e-02  52.4%
Macro                0.000000e+00 0.000000e+00 0.000000e+00 0.000000e+00   0.0%
Pad                  0.000000e+00 0.000000e+00 0.000000e+00 0.000000e+00   0.0%
------------------------------------------------------------------------
Total                3.401847e-02 1.062490e-02 6.702827e-07 4.464404e-02 100.0%
                            76.2%        23.8%         0.0%

