Starting…
Running 'Verilator.Lint' at '../../../../../../../../../home/sahana/core5_udma/hardening/uart_top/runs/CLOSURE_TRIAL_2/01-verilator-lint'…
Logging subprocess to [repr.filename]'../../../../../../../../../home/sahana/core5_udma/hardening/uart_top/runs/CLOSURE_TRIAL_2/01-verilator-lint/verilator-lint.log'[/repr.filename]…
Running 'Checker.LintTimingConstructs' at '../../../../../../../../../home/sahana/core5_udma/hardening/uart_top/runs/CLOSURE_TRIAL_2/02-checker-linttimingconstructs'…
Check for Lint Timing Errors clear.
Running 'Checker.LintErrors' at '../../../../../../../../../home/sahana/core5_udma/hardening/uart_top/runs/CLOSURE_TRIAL_2/03-checker-linterrors'…
Check for Lint errors clear.
Running 'Checker.LintWarnings' at '../../../../../../../../../home/sahana/core5_udma/hardening/uart_top/runs/CLOSURE_TRIAL_2/04-checker-lintwarnings'…
12 Lint warnings found.
Running 'Yosys.JsonHeader' at '../../../../../../../../../home/sahana/core5_udma/hardening/uart_top/runs/CLOSURE_TRIAL_2/05-yosys-jsonheader'…
Logging subprocess to [repr.filename]'../../../../../../../../../home/sahana/core5_udma/hardening/uart_top/runs/CLOSURE_TRIAL_2/05-yosys-jsonheader/yosys-jsonheader.log'[/repr.filename]…
Running 'Yosys.Synthesis' at '../../../../../../../../../home/sahana/core5_udma/hardening/uart_top/runs/CLOSURE_TRIAL_2/06-yosys-synthesis'…
Logging subprocess to [repr.filename]'../../../../../../../../../home/sahana/core5_udma/hardening/uart_top/runs/CLOSURE_TRIAL_2/06-yosys-synthesis/yosys-synthesis.log'[/repr.filename]…
Parsing synthesis checks…
Running 'Checker.YosysUnmappedCells' at '../../../../../../../../../home/sahana/core5_udma/hardening/uart_top/runs/CLOSURE_TRIAL_2/07-checker-yosysunmappedcells'…
Check for Unmapped Yosys instances clear.
Running 'Checker.YosysSynthChecks' at '../../../../../../../../../home/sahana/core5_udma/hardening/uart_top/runs/CLOSURE_TRIAL_2/08-checker-yosyssynthchecks'…
Check for Yosys check errors clear.
Running 'Checker.NetlistAssignStatements' at '../../../../../../../../../home/sahana/core5_udma/hardening/uart_top/runs/CLOSURE_TRIAL_2/09-checker-netlistassignstatements'…
Running 'OpenROAD.CheckSDCFiles' at '../../../../../../../../../home/sahana/core5_udma/hardening/uart_top/runs/CLOSURE_TRIAL_2/10-openroad-checksdcfiles'…
Running 'OpenROAD.CheckMacroInstances' at '../../../../../../../../../home/sahana/core5_udma/hardening/uart_top/runs/CLOSURE_TRIAL_2/11-openroad-checkmacroinstances'…
No macros found, skipping instance check…
Running 'OpenROAD.STAPrePNR' at '../../../../../../../../../home/sahana/core5_udma/hardening/uart_top/runs/CLOSURE_TRIAL_2/12-openroad-staprepnr'…
Starting STA for the nom_tt_025C_5v00 timing corner…
Starting STA for the nom_ss_125C_4v50 timing corner…
Starting STA for the nom_ff_n40C_5v50 timing corner…
Skipping corner min_tt_025C_5v00 for STA (identical to nom_tt_025C_5v00 at this stage)…
Skipping corner min_ss_125C_4v50 for STA (identical to nom_ss_125C_4v50 at this stage)…
Skipping corner min_ff_n40C_5v50 for STA (identical to nom_ff_n40C_5v50 at this stage)…
Skipping corner max_tt_025C_5v00 for STA (identical to nom_tt_025C_5v00 at this stage)…
Skipping corner max_ss_125C_4v50 for STA (identical to nom_ss_125C_4v50 at this stage)…
Skipping corner max_ff_n40C_5v50 for STA (identical to nom_ff_n40C_5v50 at this stage)…
Logging subprocess to [repr.filename]'../../../../../../../../../home/sahana/core5_udma/hardening/uart_top/runs/CLOSURE_TRIAL_2/12-openroad-staprepnr/nom_tt_025C_5v00/sta.log'[/repr.filename]…
Logging subprocess to [repr.filename]'../../../../../../../../../home/sahana/core5_udma/hardening/uart_top/runs/CLOSURE_TRIAL_2/12-openroad-staprepnr/nom_ff_n40C_5v50/sta.log'[/repr.filename]…
Logging subprocess to [repr.filename]'../../../../../../../../../home/sahana/core5_udma/hardening/uart_top/runs/CLOSURE_TRIAL_2/12-openroad-staprepnr/nom_ss_125C_4v50/sta.log'[/repr.filename]…
Finished STA for the nom_ff_n40C_5v50 timing corner.
Finished STA for the nom_tt_025C_5v00 timing corner.
Finished STA for the nom_ss_125C_4v50 timing corner.
Running 'OpenROAD.Floorplan' at '../../../../../../../../../home/sahana/core5_udma/hardening/uart_top/runs/CLOSURE_TRIAL_2/13-openroad-floorplan'…
Logging subprocess to [repr.filename]'../../../../../../../../../home/sahana/core5_udma/hardening/uart_top/runs/CLOSURE_TRIAL_2/13-openroad-floorplan/openroad-floorplan.log'[/repr.filename]…
Running 'OpenROAD.DumpRCValues' at '../../../../../../../../../home/sahana/core5_udma/hardening/uart_top/runs/CLOSURE_TRIAL_2/14-openroad-dumprcvalues'…
Logging subprocess to [repr.filename]'../../../../../../../../../home/sahana/core5_udma/hardening/uart_top/runs/CLOSURE_TRIAL_2/14-openroad-dumprcvalues/openroad-dumprcvalues.log'[/repr.filename]…
Running 'Odb.CheckMacroAntennaProperties' at '../../../../../../../../../home/sahana/core5_udma/hardening/uart_top/runs/CLOSURE_TRIAL_2/15-odb-checkmacroantennaproperties'…
No cells provided, skipping 'Odb.CheckMacroAntennaProperties'…
Running 'Odb.SetPowerConnections' at '../../../../../../../../../home/sahana/core5_udma/hardening/uart_top/runs/CLOSURE_TRIAL_2/16-odb-setpowerconnections'…
Logging subprocess to [repr.filename]'../../../../../../../../../home/sahana/core5_udma/hardening/uart_top/runs/CLOSURE_TRIAL_2/16-odb-setpowerconnections/odb-setpowerconnections.log'[/repr.filename]…
Running 'Odb.ManualMacroPlacement' at '../../../../../../../../../home/sahana/core5_udma/hardening/uart_top/runs/CLOSURE_TRIAL_2/17-odb-manualmacroplacement'…
No instances found, skipping 'Odb.ManualMacroPlacement'…
Running 'OpenROAD.CutRows' at '../../../../../../../../../home/sahana/core5_udma/hardening/uart_top/runs/CLOSURE_TRIAL_2/18-openroad-cutrows'…
Logging subprocess to [repr.filename]'../../../../../../../../../home/sahana/core5_udma/hardening/uart_top/runs/CLOSURE_TRIAL_2/18-openroad-cutrows/openroad-cutrows.log'[/repr.filename]…
Running 'OpenROAD.TapEndcapInsertion' at '../../../../../../../../../home/sahana/core5_udma/hardening/uart_top/runs/CLOSURE_TRIAL_2/19-openroad-tapendcapinsertion'…
Logging subprocess to [repr.filename]'../../../../../../../../../home/sahana/core5_udma/hardening/uart_top/runs/CLOSURE_TRIAL_2/19-openroad-tapendcapinsertion/openroad-tapendcapinsertion.log'[/repr.filename]…
Running 'Odb.AddPDNObstructions' at '../../../../../../../../../home/sahana/core5_udma/hardening/uart_top/runs/CLOSURE_TRIAL_2/20-odb-addpdnobstructions'…
'PDN_OBSTRUCTIONS' is not defined. Skipping 'Odb.AddPDNObstructions'…
Running 'OpenROAD.GeneratePDN' at '../../../../../../../../../home/sahana/core5_udma/hardening/uart_top/runs/CLOSURE_TRIAL_2/21-openroad-generatepdn'…
'PDN_CFG' not explicitly set, setting it to /nix/store/ffl2vg3m80k0p74pyffnmai83fnv38mf-python3-3.13.9-env/lib/python3.13/site-packages/librelane/scripts/openroad/common/pdn_cfg.tcl…
Logging subprocess to [repr.filename]'../../../../../../../../../home/sahana/core5_udma/hardening/uart_top/runs/CLOSURE_TRIAL_2/21-openroad-generatepdn/openroad-generatepdn.log'[/repr.filename]…
Running 'Odb.RemovePDNObstructions' at '../../../../../../../../../home/sahana/core5_udma/hardening/uart_top/runs/CLOSURE_TRIAL_2/22-odb-removepdnobstructions'…
'PDN_OBSTRUCTIONS' is not defined. Skipping 'Odb.RemovePDNObstructions'…
Running 'Odb.AddRoutingObstructions' at '../../../../../../../../../home/sahana/core5_udma/hardening/uart_top/runs/CLOSURE_TRIAL_2/23-odb-addroutingobstructions'…
'ROUTING_OBSTRUCTIONS' is not defined. Skipping 'Odb.AddRoutingObstructions'…
Running 'OpenROAD.GlobalPlacementSkipIO' at '../../../../../../../../../home/sahana/core5_udma/hardening/uart_top/runs/CLOSURE_TRIAL_2/24-openroad-globalplacementskipio'…
Logging subprocess to [repr.filename]'../../../../../../../../../home/sahana/core5_udma/hardening/uart_top/runs/CLOSURE_TRIAL_2/24-openroad-globalplacementskipio/openroad-globalplacementskipio.log'[/repr.filename]…
Running 'OpenROAD.IOPlacement' at '../../../../../../../../../home/sahana/core5_udma/hardening/uart_top/runs/CLOSURE_TRIAL_2/25-openroad-ioplacement'…
Logging subprocess to [repr.filename]'../../../../../../../../../home/sahana/core5_udma/hardening/uart_top/runs/CLOSURE_TRIAL_2/25-openroad-ioplacement/openroad-ioplacement.log'[/repr.filename]…
Running 'Odb.CustomIOPlacement' at '../../../../../../../../../home/sahana/core5_udma/hardening/uart_top/runs/CLOSURE_TRIAL_2/26-odb-customioplacement'…
No custom I/O placement file configured, skipping 'Odb.CustomIOPlacement'…
Running 'Odb.ApplyDEFTemplate' at '../../../../../../../../../home/sahana/core5_udma/hardening/uart_top/runs/CLOSURE_TRIAL_2/27-odb-applydeftemplate'…
No DEF template provided, skipping 'Odb.ApplyDEFTemplate'…
Running 'OpenROAD.GlobalPlacement' at '../../../../../../../../../home/sahana/core5_udma/hardening/uart_top/runs/CLOSURE_TRIAL_2/28-openroad-globalplacement'…
Logging subprocess to [repr.filename]'../../../../../../../../../home/sahana/core5_udma/hardening/uart_top/runs/CLOSURE_TRIAL_2/28-openroad-globalplacement/openroad-globalplacement.log'[/repr.filename]…
Running 'Odb.WriteVerilogHeader' at '../../../../../../../../../home/sahana/core5_udma/hardening/uart_top/runs/CLOSURE_TRIAL_2/29-odb-writeverilogheader'…
Logging subprocess to [repr.filename]'../../../../../../../../../home/sahana/core5_udma/hardening/uart_top/runs/CLOSURE_TRIAL_2/29-odb-writeverilogheader/odb-writeverilogheader.log'[/repr.filename]…
Running 'Checker.PowerGridViolations' at '../../../../../../../../../home/sahana/core5_udma/hardening/uart_top/runs/CLOSURE_TRIAL_2/30-checker-powergridviolations'…
Check for power grid violations (as reported by OpenROAD PSM- you may ignore these if LVS passes) clear.
Running 'OpenROAD.STAMidPNR' at '../../../../../../../../../home/sahana/core5_udma/hardening/uart_top/runs/CLOSURE_TRIAL_2/31-openroad-stamidpnr'…
Logging subprocess to [repr.filename]'../../../../../../../../../home/sahana/core5_udma/hardening/uart_top/runs/CLOSURE_TRIAL_2/31-openroad-stamidpnr/openroad-stamidpnr.log'[/repr.filename]…
Running 'OpenROAD.RepairDesignPostGPL' at '../../../../../../../../../home/sahana/core5_udma/hardening/uart_top/runs/CLOSURE_TRIAL_2/32-openroad-repairdesignpostgpl'…
Logging subprocess to [repr.filename]'../../../../../../../../../home/sahana/core5_udma/hardening/uart_top/runs/CLOSURE_TRIAL_2/32-openroad-repairdesignpostgpl/openroad-repairdesignpostgpl.log'[/repr.filename]…
[STA-1140] /home/sahana/.ciel/gf180mcuD/libs.ref/gf180mcu_fd_sc_mcu7t5v0/lib/gf180mcu_fd_sc_mcu7t5v0__ff_n40C_5v50.lib line 17, library gf180mcu_fd_sc_mcu7t5v0__ff_n40C_5v50 already exists.
[STA-1140] /home/sahana/.ciel/gf180mcuD/libs.ref/gf180mcu_fd_sc_mcu7t5v0/lib/gf180mcu_fd_sc_mcu7t5v0__tt_025C_5v00.lib line 17, library gf180mcu_fd_sc_mcu7t5v0__tt_025C_5v00 already exists.
[STA-1140] /home/sahana/.ciel/gf180mcuD/libs.ref/gf180mcu_fd_sc_mcu7t5v0/lib/gf180mcu_fd_sc_mcu7t5v0__ff_n40C_5v50.lib line 17, library gf180mcu_fd_sc_mcu7t5v0__ff_n40C_5v50 already exists.
[STA-1140] /home/sahana/.ciel/gf180mcuD/libs.ref/gf180mcu_fd_sc_mcu7t5v0/lib/gf180mcu_fd_sc_mcu7t5v0__tt_025C_5v00.lib line 17, library gf180mcu_fd_sc_mcu7t5v0__tt_025C_5v00 already exists.
[STA-1140] /home/sahana/.ciel/gf180mcuD/libs.ref/gf180mcu_fd_sc_mcu7t5v0/lib/gf180mcu_fd_sc_mcu7t5v0__ss_125C_4v50.lib line 17, library gf180mcu_fd_sc_mcu7t5v0__ss_125C_4v50 already exists.
[STA-1140] /home/sahana/.ciel/gf180mcuD/libs.ref/gf180mcu_fd_sc_mcu7t5v0/lib/gf180mcu_fd_sc_mcu7t5v0__ss_125C_4v50.lib line 17, library gf180mcu_fd_sc_mcu7t5v0__ss_125C_4v50 already exists.
[RSZ-0020] found 2 floating nets.
Running 'Odb.ManualGlobalPlacement' at '../../../../../../../../../home/sahana/core5_udma/hardening/uart_top/runs/CLOSURE_TRIAL_2/33-odb-manualglobalplacement'…
'MANUAL_GLOBAL_PLACEMENTS' not set. Skipping 'Odb.ManualGlobalPlacement'…
Running 'OpenROAD.DetailedPlacement' at '../../../../../../../../../home/sahana/core5_udma/hardening/uart_top/runs/CLOSURE_TRIAL_2/34-openroad-detailedplacement'…
Logging subprocess to [repr.filename]'../../../../../../../../../home/sahana/core5_udma/hardening/uart_top/runs/CLOSURE_TRIAL_2/34-openroad-detailedplacement/openroad-detailedplacement.log'[/repr.filename]…
Running 'OpenROAD.CTS' at '../../../../../../../../../home/sahana/core5_udma/hardening/uart_top/runs/CLOSURE_TRIAL_2/35-openroad-cts'…
Logging subprocess to [repr.filename]'../../../../../../../../../home/sahana/core5_udma/hardening/uart_top/runs/CLOSURE_TRIAL_2/35-openroad-cts/openroad-cts.log'[/repr.filename]…
[STA-1140] /home/sahana/.ciel/gf180mcuD/libs.ref/gf180mcu_fd_sc_mcu7t5v0/lib/gf180mcu_fd_sc_mcu7t5v0__ff_n40C_5v50.lib line 17, library gf180mcu_fd_sc_mcu7t5v0__ff_n40C_5v50 already exists.
[STA-1140] /home/sahana/.ciel/gf180mcuD/libs.ref/gf180mcu_fd_sc_mcu7t5v0/lib/gf180mcu_fd_sc_mcu7t5v0__tt_025C_5v00.lib line 17, library gf180mcu_fd_sc_mcu7t5v0__tt_025C_5v00 already exists.
[STA-1140] /home/sahana/.ciel/gf180mcuD/libs.ref/gf180mcu_fd_sc_mcu7t5v0/lib/gf180mcu_fd_sc_mcu7t5v0__ff_n40C_5v50.lib line 17, library gf180mcu_fd_sc_mcu7t5v0__ff_n40C_5v50 already exists.
[STA-1140] /home/sahana/.ciel/gf180mcuD/libs.ref/gf180mcu_fd_sc_mcu7t5v0/lib/gf180mcu_fd_sc_mcu7t5v0__tt_025C_5v00.lib line 17, library gf180mcu_fd_sc_mcu7t5v0__tt_025C_5v00 already exists.
[STA-1140] /home/sahana/.ciel/gf180mcuD/libs.ref/gf180mcu_fd_sc_mcu7t5v0/lib/gf180mcu_fd_sc_mcu7t5v0__ss_125C_4v50.lib line 17, library gf180mcu_fd_sc_mcu7t5v0__ss_125C_4v50 already exists.
[STA-1140] /home/sahana/.ciel/gf180mcuD/libs.ref/gf180mcu_fd_sc_mcu7t5v0/lib/gf180mcu_fd_sc_mcu7t5v0__ss_125C_4v50.lib line 17, library gf180mcu_fd_sc_mcu7t5v0__ss_125C_4v50 already exists.
Skipping step 'STA (Mid-PnR)'…
Skipping step 'Resizer Timing Optimizations (Post-Clock Tree Synthesis)'…
Skipping step 'STA (Mid-PnR)'…
Skipping step 'Global Routing'…
Skipping step 'Check Antennas'…
Gating variable for step 'OpenROAD.RepairDesignPostGRT' set to 'False'- the step will be skipped.
Skipping step 'Repair Design (Post-Global Routing)'…
Skipping step 'Diodes on Ports'…
Gating variable for step 'Odb.HeuristicDiodeInsertion' set to 'False'- the step will be skipped.
Skipping step 'Heuristic Diode Insertion'…
Skipping step 'Antenna Repair'…
Gating variable for step 'OpenROAD.ResizerTimingPostGRT' set to 'False'- the step will be skipped.
Skipping step 'Resizer Timing Optimizations (Post-Global Routing)'…
Skipping step 'STA (Mid-PnR)'…
Skipping step 'Detailed Routing'…
Skipping step 'Remove Obstructions'…
Skipping step 'Check Antennas'…
Skipping step 'Routing DRC Checker'…
Skipping step 'Report Disconnected Pins'…
Skipping step 'Disconnected Pins Checker'…
Skipping step 'Report Wire Length'…
Skipping step 'Wire Length Threshold Checker'…
Skipping step 'Fill Insertion'…
Skipping step 'Generate Cell Frequency Tables'…
Skipping step 'Parasitics (RC) Extraction'…
Skipping step 'STA (Post-PnR)'…
Skipping step 'IR Drop Report'…
Skipping step 'GDSII Stream Out (Magic)'…
Skipping step 'GDSII Stream Out (KLayout)'…
Skipping step 'Render Image (w/ KLayout)'…
Skipping step 'Write LEF (Magic)'…
Skipping step 'Check Antenna Properties of Pins in The Generated Design LEF view'…
Skipping step 'KLayout vs. Magic XOR'…
Skipping step 'XOR Difference Checker'…
Skipping step 'DRC'…
Skipping step 'Design Rule Check (KLayout)'…
Skipping step 'Magic DRC Checker'…
Skipping step 'KLayout DRC Checker'…
Skipping step 'SPICE Extraction'…
Skipping step 'Illegal Overlap Checker'…
Skipping step 'Netgen LVS'…
Skipping step 'LVS Error Checker'…
Gating variable for step 'Yosys.EQY' set to 'False'- the step will be skipped.
Skipping step 'Equivalence Check'…
Skipping step 'Setup Timing Violations Checker'…
Skipping step 'Hold Timing Violations Checker'…
Skipping step 'Max Slew Violations Checker'…
Skipping step 'Max Cap Violations Checker'…
Skipping step 'Report Manufacturability'…
Saving views to '/home/sahana/core5_udma/hardening/uart_top/runs/CLOSURE_TRIAL_2/final'…
Flow complete.
