Clock: sys_clk
Sources: sys_clk_i 
Generated: no
Virtual: no
Propagated: no
Period: 20.000000

===========================================================================
report_clock_properties
============================================================================
Clock                   Period          Waveform
----------------------------------------------------
sys_clk              20.000000    0.000000 10.000000

===========================================================================
report_clock_latency
============================================================================
Clock sys_clk
rise -> rise
    min     max
0.000000 0.000000 source latency
1.477363         network latency _1806_/CLK
        1.477363 network latency _1806_/CLK
---------------
1.477363 1.477363 latency
        0.000000 skew

fall -> fall
    min     max
0.000000 0.000000 source latency
0.931468         network latency _1806_/CLK
        0.931468 network latency _1806_/CLK
---------------
0.931468 0.931468 latency
        0.000000 skew



===========================================================================
report_clock_min_period
============================================================================
sys_clk period_min = 11.23 fmax = 89.04
Clock: periph_clk
Sources: periph_clk_i 
Generated: no
Virtual: no
Propagated: no
Period: 20.000000

===========================================================================
report_clock_properties
============================================================================
Clock                   Period          Waveform
----------------------------------------------------
periph_clk           20.000000    0.000000 10.000000

===========================================================================
report_clock_latency
============================================================================
Clock periph_clk
rise -> rise
    min     max
0.000000 0.000000 source latency
1.230935         network latency _1770_/CLK
        1.230935 network latency _1770_/CLK
---------------
1.230935 1.230935 latency
        0.000000 skew

fall -> fall
    min     max
0.000000 0.000000 source latency
0.776111         network latency _1770_/CLK
        0.776111 network latency _1770_/CLK
---------------
0.776111 0.776111 latency
        0.000000 skew



===========================================================================
report_clock_min_period
============================================================================
periph_clk period_min = 6.68 fmax = 149.77
