Reading timing models for corner max_ff_n40C_5v50…
Reading timing library for the 'max_ff_n40C_5v50' corner at '/home/sahana/.ciel/gf180mcuD/libs.ref/gf180mcu_fd_sc_mcu7t5v0/lib/gf180mcu_fd_sc_mcu7t5v0__ff_n40C_5v50.lib'…
Reading timing models for corner max_tt_025C_5v00…
Reading timing library for the 'max_tt_025C_5v00' corner at '/home/sahana/.ciel/gf180mcuD/libs.ref/gf180mcu_fd_sc_mcu7t5v0/lib/gf180mcu_fd_sc_mcu7t5v0__tt_025C_5v00.lib'…
Reading timing models for corner nom_ff_n40C_5v50…
Reading timing library for the 'nom_ff_n40C_5v50' corner at '/home/sahana/.ciel/gf180mcuD/libs.ref/gf180mcu_fd_sc_mcu7t5v0/lib/gf180mcu_fd_sc_mcu7t5v0__ff_n40C_5v50.lib'…
[WARNING STA-1140] /home/sahana/.ciel/gf180mcuD/libs.ref/gf180mcu_fd_sc_mcu7t5v0/lib/gf180mcu_fd_sc_mcu7t5v0__ff_n40C_5v50.lib line 17, library gf180mcu_fd_sc_mcu7t5v0__ff_n40C_5v50 already exists.
Reading timing models for corner nom_tt_025C_5v00…
Reading timing library for the 'nom_tt_025C_5v00' corner at '/home/sahana/.ciel/gf180mcuD/libs.ref/gf180mcu_fd_sc_mcu7t5v0/lib/gf180mcu_fd_sc_mcu7t5v0__tt_025C_5v00.lib'…
[WARNING STA-1140] /home/sahana/.ciel/gf180mcuD/libs.ref/gf180mcu_fd_sc_mcu7t5v0/lib/gf180mcu_fd_sc_mcu7t5v0__tt_025C_5v00.lib line 17, library gf180mcu_fd_sc_mcu7t5v0__tt_025C_5v00 already exists.
Reading timing models for corner min_ss_125C_4v50…
Reading timing library for the 'min_ss_125C_4v50' corner at '/home/sahana/.ciel/gf180mcuD/libs.ref/gf180mcu_fd_sc_mcu7t5v0/lib/gf180mcu_fd_sc_mcu7t5v0__ss_125C_4v50.lib'…
Reading timing models for corner min_ff_n40C_5v50…
Reading timing library for the 'min_ff_n40C_5v50' corner at '/home/sahana/.ciel/gf180mcuD/libs.ref/gf180mcu_fd_sc_mcu7t5v0/lib/gf180mcu_fd_sc_mcu7t5v0__ff_n40C_5v50.lib'…
[WARNING STA-1140] /home/sahana/.ciel/gf180mcuD/libs.ref/gf180mcu_fd_sc_mcu7t5v0/lib/gf180mcu_fd_sc_mcu7t5v0__ff_n40C_5v50.lib line 17, library gf180mcu_fd_sc_mcu7t5v0__ff_n40C_5v50 already exists.
Reading timing models for corner min_tt_025C_5v00…
Reading timing library for the 'min_tt_025C_5v00' corner at '/home/sahana/.ciel/gf180mcuD/libs.ref/gf180mcu_fd_sc_mcu7t5v0/lib/gf180mcu_fd_sc_mcu7t5v0__tt_025C_5v00.lib'…
[WARNING STA-1140] /home/sahana/.ciel/gf180mcuD/libs.ref/gf180mcu_fd_sc_mcu7t5v0/lib/gf180mcu_fd_sc_mcu7t5v0__tt_025C_5v00.lib line 17, library gf180mcu_fd_sc_mcu7t5v0__tt_025C_5v00 already exists.
Reading timing models for corner max_ss_125C_4v50…
Reading timing library for the 'max_ss_125C_4v50' corner at '/home/sahana/.ciel/gf180mcuD/libs.ref/gf180mcu_fd_sc_mcu7t5v0/lib/gf180mcu_fd_sc_mcu7t5v0__ss_125C_4v50.lib'…
[WARNING STA-1140] /home/sahana/.ciel/gf180mcuD/libs.ref/gf180mcu_fd_sc_mcu7t5v0/lib/gf180mcu_fd_sc_mcu7t5v0__ss_125C_4v50.lib line 17, library gf180mcu_fd_sc_mcu7t5v0__ss_125C_4v50 already exists.
Reading timing models for corner nom_ss_125C_4v50…
Reading timing library for the 'nom_ss_125C_4v50' corner at '/home/sahana/.ciel/gf180mcuD/libs.ref/gf180mcu_fd_sc_mcu7t5v0/lib/gf180mcu_fd_sc_mcu7t5v0__ss_125C_4v50.lib'…
[WARNING STA-1140] /home/sahana/.ciel/gf180mcuD/libs.ref/gf180mcu_fd_sc_mcu7t5v0/lib/gf180mcu_fd_sc_mcu7t5v0__ss_125C_4v50.lib line 17, library gf180mcu_fd_sc_mcu7t5v0__ss_125C_4v50 already exists.
Reading OpenROAD database at '/home/sahana/core5_udma/hardening/uart_top/runs/RUN_2026-07-26_13-08-17/35-openroad-cts/udma_uart_top.odb'…
Reading design constraints file at '/home/sahana/core5_udma/hardening/uart_top/constraints.sdc'…
+ repair_timing -verbose -setup -setup_margin 0.05000000000000000277555756156289135105907917022705078125 -max_buffer_percent 50
[INFO RSZ-0100] Repair move sequence: UnbufferMove SizeUpMove SwapPinsMove BufferMove CloneMove SplitLoadMove 
[INFO RSZ-0094] Found 30 endpoints with setup violations.
[INFO RSZ-0099] Repairing 30 out of 30 (100.00%) violating endpoints...
   Iter   | Removed | Resized | Inserted | Cloned |  Pin  |   Area   |    WNS   |   TNS      |  Viol  | Worst
          | Buffers |  Gates  | Buffers  |  Gates | Swaps |          |          |            | Endpts | Endpt
--------------------------------------------------------------------------------------------------------------
        0 |       0 |       0 |        0 |      0 |     0 |    +0.0% |   -4.584 |      -85.1 |     30 | cfg_data_o[23]
       10 |       1 |       8 |        0 |      0 |     0 |    -0.2% |   -1.764 |      -29.5 |     30 | cfg_data_o[19]
       20 |       1 |      18 |        0 |      0 |     0 |    -0.3% |   -1.399 |      -19.1 |     30 | cfg_data_o[0]
       27 |       1 |      25 |        0 |      0 |     0 |    -0.5% |   -0.588 |       -5.6 |     28 | cfg_data_o[2]
       28 |       1 |      25 |        0 |      0 |     0 |    -0.5% |   -0.588 |       -5.6 |     27 | cfg_data_o[2]
       29 |       1 |      25 |        0 |      0 |     0 |    -0.5% |   -0.588 |       -5.6 |     26 | cfg_data_o[2]
       30 |       1 |      25 |        0 |      0 |     0 |    -0.5% |   -0.588 |       -5.6 |     26 | cfg_data_o[2]
       30 |       1 |      25 |        0 |      0 |     0 |    -0.5% |   -0.588 |       -5.6 |     25 | cfg_data_o[2]
       31 |       1 |      25 |        0 |      0 |     0 |    -0.5% |   -0.588 |       -5.6 |     24 | cfg_data_o[2]
       32 |       1 |      25 |        0 |      0 |     0 |    -0.5% |   -0.588 |       -5.6 |     23 | cfg_data_o[2]
       33 |       1 |      25 |        0 |      0 |     0 |    -0.5% |   -0.588 |       -5.6 |     22 | cfg_data_o[2]
       34 |       1 |      25 |        0 |      0 |     0 |    -0.5% |   -0.588 |       -5.6 |     21 | cfg_data_o[2]
       35 |       1 |      25 |        0 |      0 |     0 |    -0.5% |   -0.588 |       -5.6 |     20 | cfg_data_o[2]
       36 |       1 |      25 |        0 |      0 |     0 |    -0.5% |   -0.588 |       -5.6 |     19 | cfg_data_o[2]
       39 |       1 |      27 |        0 |      0 |     0 |    -0.5% |   -0.539 |       -2.1 |     17 | cfg_data_o[13]
       40 |       1 |      27 |        0 |      0 |     0 |    -0.5% |   -0.539 |       -2.1 |     17 | cfg_data_o[13]
       40 |       1 |      27 |        0 |      0 |     0 |    -0.5% |   -0.539 |       -2.1 |     16 | cfg_data_o[13]
       41 |       1 |      27 |        0 |      0 |     0 |    -0.5% |   -0.539 |       -2.1 |     15 | cfg_data_o[13]
       43 |       1 |      28 |        0 |      0 |     0 |    -0.5% |   -0.539 |       -2.1 |     13 | cfg_data_o[13]
       44 |       1 |      28 |        0 |      0 |     0 |    -0.5% |   -0.539 |       -2.1 |     12 | cfg_data_o[13]
       45 |       1 |      28 |        0 |      0 |     0 |    -0.5% |   -0.539 |       -2.1 |     11 | cfg_data_o[13]
       46 |       1 |      28 |        0 |      0 |     0 |    -0.5% |   -0.539 |       -2.1 |     10 | cfg_data_o[13]
       48 |       1 |      29 |        0 |      0 |     0 |    -0.5% |   -0.534 |       -1.6 |      8 | cfg_data_o[9]
       49 |       1 |      29 |        0 |      0 |     0 |    -0.5% |   -0.534 |       -1.6 |      7 | cfg_data_o[9]
       50 |       1 |      29 |        0 |      0 |     0 |    -0.5% |   -0.534 |       -1.6 |      7 | cfg_data_o[9]
       50 |       1 |      29 |        0 |      0 |     0 |    -0.5% |   -0.534 |       -1.6 |      6 | cfg_data_o[9]
       51 |       1 |      29 |        0 |      0 |     0 |    -0.5% |   -0.534 |       -1.6 |      5 | cfg_data_o[9]
       52 |       1 |      29 |        0 |      0 |     0 |    -0.5% |   -0.534 |       -1.6 |      4 | cfg_data_o[9]
       53 |       1 |      29 |        0 |      0 |     0 |    -0.5% |   -0.534 |       -1.6 |      3 | cfg_data_o[9]
       54 |       1 |      29 |        0 |      0 |     0 |    -0.5% |   -0.534 |       -1.6 |      2 | cfg_data_o[9]
       55 |       1 |      29 |        0 |      0 |     0 |    -0.5% |   -0.534 |       -1.6 |      1 | cfg_data_o[9]
       56 |       1 |      29 |        0 |      0 |     0 |    -0.5% |   -0.534 |       -1.6 |      0 | cfg_data_o[9]
       57 |       1 |      29 |        0 |      0 |     0 |    -0.5% |   -0.534 |       -1.6 |      0 | cfg_data_o[9]
       59 |       1 |      30 |        0 |      0 |     0 |    -0.5% |   -0.518 |       -1.0 |      0 | cfg_data_o[7]
       60 |       1 |      30 |        0 |      0 |     0 |    -0.5% |   -0.518 |       -1.0 |      0 | cfg_data_o[7]
       61 |       1 |      31 |        0 |      0 |     0 |    -0.5% |   -0.516 |       -0.5 |      0 | cfg_data_o[8]
       63 |       1 |      32 |        0 |      0 |     0 |    -0.6% |    0.064 |        0.0 |      0 | cfg_data_o[3]
    final |       1 |      32 |        0 |      0 |     0 |    -0.6% |    0.064 |        0.0 |      0 | cfg_data_o[3]
--------------------------------------------------------------------------------------------------------------
[INFO RSZ-0059] Removed 1 buffers.
[INFO RSZ-0051] Resized 32 instances: 32 up, 0 up match, 0 down, 0 VT
+ repair_timing -verbose -hold -setup_margin 0.05000000000000000277555756156289135105907917022705078125 -hold_margin 0.1000000000000000055511151231257827021181583404541015625 -max_buffer_percent 50
[INFO RSZ-0046] Found 16 endpoints with hold violations.
Iteration | Resized | Buffers | Cloned Gates |   Area   |   WNS   |   TNS   | Endpoint
--------------------------------------------------------------------------------------
        0 |       0 |       0 |            0 |    +0.0% |   0.072 |   0.000 | _2060_/D
       10 |       0 |       9 |            0 |    +0.8% |   0.079 |   0.000 | _2069_/D
    final |       0 |      16 |            0 |    +1.4% |   0.109 |   0.000 | _2091_/D
--------------------------------------------------------------------------------------
[INFO RSZ-0032] Inserted 16 hold buffers.
+ detailed_placement -max_displacement  500 100 
Placement Analysis
---------------------------------
total displacement        166.1 u
average displacement        0.1 u
max displacement           14.1 u
original HPWL           76013.7 u
legalized HPWL          78771.8 u
delta HPWL                    4 %

[INFO DPL-0020] Mirrored 640 instances
[INFO DPL-0021] HPWL before           78771.8 u
[INFO DPL-0022] HPWL after            76066.0 u
[INFO DPL-0023] HPWL delta               -3.4 %
Setting global connections for newly added cells…
[INFO] Setting global connections...
[INFO ODB-0403] 64 connections made, 0 conflicts skipped.
Updating metrics…
Cell type report:                       Count       Area
  Endcap cell                             194     851.74
  Tap cell                                942    4135.76
  Tie cell                                 33     289.77
  Clock buffer                            120    9456.92
  Timing Repair Buffer                    339   11557.73
  Inverter                                 69     605.88
  Sequential cell                         339   25455.54
  Multi-Input combinational cell          843   17715.26
  Total                                  2879   70068.59
Writing OpenROAD database to '/home/sahana/core5_udma/hardening/uart_top/runs/RUN_2026-07-26_13-08-17/37-openroad-resizertimingpostcts/udma_uart_top.odb'…
Writing netlist to '/home/sahana/core5_udma/hardening/uart_top/runs/RUN_2026-07-26_13-08-17/37-openroad-resizertimingpostcts/udma_uart_top.nl.v'…
Writing powered netlist to '/home/sahana/core5_udma/hardening/uart_top/runs/RUN_2026-07-26_13-08-17/37-openroad-resizertimingpostcts/udma_uart_top.pnl.v'…
Writing layout to '/home/sahana/core5_udma/hardening/uart_top/runs/RUN_2026-07-26_13-08-17/37-openroad-resizertimingpostcts/udma_uart_top.def'…
Writing timing constraints to '/home/sahana/core5_udma/hardening/uart_top/runs/RUN_2026-07-26_13-08-17/37-openroad-resizertimingpostcts/udma_uart_top.sdc'…
