
===========================================================================
report_checks -unconstrained
===========================================================================
======================= nom_tt_025C_5v00 Corner ===================================

Startpoint: _2030_ (rising edge-triggered flip-flop clocked by sys_clk)
Endpoint: _1806_ (recovery check against rising-edge clock sys_clk)
Path Group: asynchronous
Path Type: max

Fanout         Cap        Slew       Delay        Time   Description
---------------------------------------------------------------------------------------------
                      0.150000    0.000000    0.000000   clock sys_clk (rise edge)
                                  0.000000    0.000000   clock network delay (ideal)
                      0.150000    0.000000    0.000000 ^ _2030_/CLK (gf180mcu_fd_sc_mcu7t5v0__dffrnq_1)
     2    0.019685    0.239006    0.799227    0.799227 v _2030_/Q (gf180mcu_fd_sc_mcu7t5v0__dffrnq_1)
                                                         s_uart_rx_clean_fifo (net)
                      0.239006    0.000761    0.799988 v _0923_/A2 (gf180mcu_fd_sc_mcu7t5v0__nor2_1)
     2    0.011768    0.460455    0.332201    1.132189 ^ _0923_/ZN (gf180mcu_fd_sc_mcu7t5v0__nor2_1)
                                                         u_dc_fifo_rx.dst_rstn_i (net)
                      0.460455    0.000106    1.132294 ^ fanout356/I (gf180mcu_fd_sc_mcu7t5v0__buf_1)
     8    0.065798    1.104114    0.817825    1.950119 ^ fanout356/Z (gf180mcu_fd_sc_mcu7t5v0__buf_1)
                                                         net356 (net)
                      1.104135    0.002680    1.952799 ^ fanout352/I (gf180mcu_fd_sc_mcu7t5v0__dlyb_1)
     2    0.015315    0.317156    1.002932    2.955731 ^ fanout352/Z (gf180mcu_fd_sc_mcu7t5v0__dlyb_1)
                                                         net352 (net)
                      0.317156    0.000203    2.955934 ^ load_slew353/I (gf180mcu_fd_sc_mcu7t5v0__clkbuf_4)
     9    0.078431    0.352121    0.454154    3.410088 ^ load_slew353/Z (gf180mcu_fd_sc_mcu7t5v0__clkbuf_4)
                                                         net353 (net)
                      0.352213    0.003289    3.413377 ^ _1806_/SETN (gf180mcu_fd_sc_mcu7t5v0__dffsnq_1)
                                              3.413377   data arrival time

                      0.150000   20.000000   20.000000   clock sys_clk (rise edge)
                                  0.000000   20.000000   clock network delay (ideal)
                                 -0.250000   19.750002   clock uncertainty
                                  0.000000   19.750002   clock reconvergence pessimism
                                             19.750002 ^ _1806_/CLK (gf180mcu_fd_sc_mcu7t5v0__dffsnq_1)
                                  0.006180   19.756182   library recovery time
                                             19.756182   data required time
---------------------------------------------------------------------------------------------
                                             19.756182   data required time
                                             -3.413377   data arrival time
---------------------------------------------------------------------------------------------
                                             16.342804   slack (MET)


Startpoint: _1968_ (rising edge-triggered flip-flop clocked by periph_clk)
Endpoint: _1773_ (rising edge-triggered flip-flop clocked by periph_clk)
Path Group: periph_clk
Path Type: max

Fanout         Cap        Slew       Delay        Time   Description
---------------------------------------------------------------------------------------------
                      0.150000    0.000000    0.000000   clock periph_clk (rise edge)
                                  0.000000    0.000000   clock network delay (ideal)
                      0.150000    0.000000    0.000000 ^ _1968_/CLK (gf180mcu_fd_sc_mcu7t5v0__dffrnq_1)
    10    0.052349    0.894727    1.339661    1.339661 ^ _1968_/Q (gf180mcu_fd_sc_mcu7t5v0__dffrnq_1)
                                                         u_uart_rx.CS[1] (net)
                      0.894730    0.000927    1.340588 ^ _1003_/A2 (gf180mcu_fd_sc_mcu7t5v0__nor2_1)
     2    0.011583    0.406431    0.282338    1.622926 v _1003_/ZN (gf180mcu_fd_sc_mcu7t5v0__nor2_1)
                                                         _0783_ (net)
                      0.406431    0.000241    1.623168 v _1005_/A4 (gf180mcu_fd_sc_mcu7t5v0__nand4_1)
     3    0.021579    0.749771    0.560807    2.183975 ^ _1005_/ZN (gf180mcu_fd_sc_mcu7t5v0__nand4_1)
                                                         _0785_ (net)
                      0.749771    0.000550    2.184524 ^ _1077_/B (gf180mcu_fd_sc_mcu7t5v0__aoi21_1)
     1    0.004740    0.375549    0.263275    2.447800 v _1077_/ZN (gf180mcu_fd_sc_mcu7t5v0__aoi21_1)
                                                         _0851_ (net)
                      0.375549    0.000099    2.447899 v fanout315/I (gf180mcu_fd_sc_mcu7t5v0__dlyb_1)
     8    0.054711    0.644440    1.451477    3.899376 v fanout315/Z (gf180mcu_fd_sc_mcu7t5v0__dlyb_1)
                                                         net315 (net)
                      0.644441    0.000730    3.900106 v fanout314/I (gf180mcu_fd_sc_mcu7t5v0__buf_1)
    10    0.070977    0.712372    0.816708    4.716813 v fanout314/Z (gf180mcu_fd_sc_mcu7t5v0__buf_1)
                                                         net314 (net)
                      0.712378    0.001204    4.718018 v _1078_/I (gf180mcu_fd_sc_mcu7t5v0__clkinv_1)
     3    0.023924    0.501780    0.447904    5.165922 ^ _1078_/ZN (gf180mcu_fd_sc_mcu7t5v0__clkinv_1)
                                                         _0852_ (net)
                      0.501780    0.000489    5.166411 ^ _1278_/A2 (gf180mcu_fd_sc_mcu7t5v0__nor2_1)
     3    0.033538    0.546666    0.444753    5.611164 v _1278_/ZN (gf180mcu_fd_sc_mcu7t5v0__nor2_1)
                                                         _0408_ (net)
                      0.546667    0.000865    5.612029 v max_cap535/I (gf180mcu_fd_sc_mcu7t5v0__clkbuf_2)
     3    0.035044    0.311945    0.485892    6.097920 v max_cap535/Z (gf180mcu_fd_sc_mcu7t5v0__clkbuf_2)
                                                         net535 (net)
                      0.311949    0.000612    6.098533 v max_cap227/I (gf180mcu_fd_sc_mcu7t5v0__buf_2)
     4    0.051671    0.282517    0.414611    6.513144 v max_cap227/Z (gf180mcu_fd_sc_mcu7t5v0__buf_2)
                                                         net227 (net)
                      0.282559    0.001921    6.515066 v _1282_/S (gf180mcu_fd_sc_mcu7t5v0__mux2_2)
     1    0.005085    0.111090    0.412260    6.927326 ^ _1282_/Z (gf180mcu_fd_sc_mcu7t5v0__mux2_2)
                                                         _0047_ (net)
                      0.111090    0.000109    6.927434 ^ _1773_/D (gf180mcu_fd_sc_mcu7t5v0__dffrnq_1)
                                              6.927434   data arrival time

                      0.150000   20.000000   20.000000   clock periph_clk (rise edge)
                                  0.000000   20.000000   clock network delay (ideal)
                                 -0.250000   19.750002   clock uncertainty
                                  0.000000   19.750002   clock reconvergence pessimism
                                             19.750002 ^ _1773_/CLK (gf180mcu_fd_sc_mcu7t5v0__dffrnq_1)
                                 -0.289603   19.460398   library setup time
                                             19.460398   data required time
---------------------------------------------------------------------------------------------
                                             19.460398   data required time
                                             -6.927434   data arrival time
---------------------------------------------------------------------------------------------
                                             12.532964   slack (MET)


Startpoint: cfg_valid_i (input port clocked by sys_clk)
Endpoint: cfg_data_o[23] (output port clocked by sys_clk)
Path Group: sys_clk
Path Type: max

Fanout         Cap        Slew       Delay        Time   Description
---------------------------------------------------------------------------------------------
                      0.150000    0.000000    0.000000   clock sys_clk (rise edge)
                                  0.000000    0.000000   clock network delay (ideal)
                                  2.000000    2.000000 v input external delay
     1    0.006133    0.086174    0.037373    2.037373 v cfg_valid_i (in)
                                                         cfg_valid_i (net)
                      0.086174    0.000000    2.037373 v input99/I (gf180mcu_fd_sc_mcu7t5v0__dlyb_1)
     8    0.045437    0.564514    1.289161    3.326534 v input99/Z (gf180mcu_fd_sc_mcu7t5v0__dlyb_1)
                                                         net99 (net)
                      0.564526    0.001701    3.328235 v _1085_/A2 (gf180mcu_fd_sc_mcu7t5v0__nand3_1)
     5    0.024200    0.657224    0.531246    3.859481 ^ _1085_/ZN (gf180mcu_fd_sc_mcu7t5v0__nand3_1)
                                                         _0291_ (net)
                      0.657224    0.000489    3.859970 ^ _1086_/A2 (gf180mcu_fd_sc_mcu7t5v0__nor2_1)
     4    0.018042    0.421713    0.333768    4.193738 v _1086_/ZN (gf180mcu_fd_sc_mcu7t5v0__nor2_1)
                                                         _0292_ (net)
                      0.421713    0.000131    4.193870 v _1087_/A2 (gf180mcu_fd_sc_mcu7t5v0__and2_1)
     1    0.008695    0.159128    0.388346    4.582215 v _1087_/Z (gf180mcu_fd_sc_mcu7t5v0__and2_1)
                                                         _0293_ (net)
                      0.159128    0.000249    4.582464 v fanout339/I (gf180mcu_fd_sc_mcu7t5v0__buf_1)
     9    0.083258    0.828262    0.739445    5.321909 v fanout339/Z (gf180mcu_fd_sc_mcu7t5v0__buf_1)
                                                         net339 (net)
                      0.828284    0.002419    5.324329 v fanout338/I (gf180mcu_fd_sc_mcu7t5v0__dlyb_1)
     7    0.041212    0.528597    1.518307    6.842636 v fanout338/Z (gf180mcu_fd_sc_mcu7t5v0__dlyb_1)
                                                         net338 (net)
                      0.528600    0.000848    6.843484 v fanout337/I (gf180mcu_fd_sc_mcu7t5v0__dlyb_1)
    10    0.049196    0.596737    1.468949    8.312432 v fanout337/Z (gf180mcu_fd_sc_mcu7t5v0__dlyb_1)
                                                         net337 (net)
                      0.596737    0.000329    8.312761 v _1095_/A2 (gf180mcu_fd_sc_mcu7t5v0__and2_1)
     1    0.016516    0.227117    0.493491    8.806252 v _1095_/Z (gf180mcu_fd_sc_mcu7t5v0__and2_1)
                                                         net128 (net)
                      0.227117    0.000705    8.806957 v output128/I (gf180mcu_fd_sc_mcu7t5v0__buf_1)
     1    0.006471    0.129928    0.293745    9.100701 v output128/Z (gf180mcu_fd_sc_mcu7t5v0__buf_1)
                                                         net285 (net)
                      0.129928    0.000076    9.100779 v wire285/I (gf180mcu_fd_sc_mcu7t5v0__clkbuf_3)
     1    0.074104    0.340713    0.418921    9.519699 v wire285/Z (gf180mcu_fd_sc_mcu7t5v0__clkbuf_3)
                                                         cfg_data_o[23] (net)
                      0.340723    0.001022    9.520721 v cfg_data_o[23] (out)
                                              9.520721   data arrival time

                      0.150000   20.000000   20.000000   clock sys_clk (rise edge)
                                  0.000000   20.000000   clock network delay (ideal)
                                 -0.250000   19.750002   clock uncertainty
                                  0.000000   19.750002   clock reconvergence pessimism
                                 -2.000000   17.750002   output external delay
                                             17.750002   data required time
---------------------------------------------------------------------------------------------
                                             17.750002   data required time
                                             -9.520721   data arrival time
---------------------------------------------------------------------------------------------
                                              8.229280   slack (MET)




===========================================================================
report_checks --slack_max -0.01
============================================================================
======================= nom_tt_025C_5v00 Corner ===================================

No paths found.


===========================================================================
 report_check_types -max_slew -max_cap -max_fanout -violators
============================================================================
======================= nom_tt_025C_5v00 Corner ===================================



===========================================================================
report_parasitic_annotation -report_unannotated
============================================================================
Found 45 unannotated drivers.
 data_tx_i[10]
 data_tx_i[11]
 data_tx_i[12]
 data_tx_i[13]
 data_tx_i[14]
 data_tx_i[15]
 data_tx_i[16]
 data_tx_i[17]
 data_tx_i[18]
 data_tx_i[19]
 data_tx_i[20]
 data_tx_i[21]
 data_tx_i[22]
 data_tx_i[23]
 data_tx_i[24]
 data_tx_i[25]
 data_tx_i[26]
 data_tx_i[27]
 data_tx_i[28]
 data_tx_i[29]
 data_tx_i[30]
 data_tx_i[31]
 data_tx_i[8]
 data_tx_i[9]
 clkload0/Z
 clkload1/Z
 clkload10/Z
 clkload11/Z
 clkload12/Z
 clkload13/Z
 clkload14/Z
 clkload15/Z
 clkload16/Z
 clkload17/Z
 clkload18/Z
 clkload19/Z
 clkload2/Z
 clkload20/Z
 clkload3/Z
 clkload4/Z
 clkload5/Z
 clkload6/Z
 clkload7/Z
 clkload8/Z
 clkload9/Z
Found 0 partially unannotated drivers.

===========================================================================
max slew violation count 0
Writing metric design__max_slew_violation__count__corner:nom_tt_025C_5v00: 0
max fanout violation count 0
Writing metric design__max_fanout_violation__count__corner:nom_tt_025C_5v00: 0
max cap violation count 0
Writing metric design__max_cap_violation__count__corner:nom_tt_025C_5v00: 0
============================================================================

===========================================================================
check_setup -verbose -unconstrained_endpoints -multiple_clock -no_clock -no_input_delay -loops -generated_clocks
===========================================================================
Warning: There is 1 input port missing set_input_delay.
  rstn_i
