                                                                       Cells by Function                                                                        
┏━━━━━━━━━━━━━━━━━━━━━━━━━━━━━━━━━━━━━━━━━━━━━━━━━━━━━━━━━━━━━━━━━━━━━━━━━━━━━━━━━━━━━━━━━━━━━━━━━━━━━━━━━━━━━━━━━━━━━━━━━━━━━━━━━━━┳━━━━━━━━━━━━━━━━━━━━━━━━━━┓
┃ Cell Function                                                                                                                     ┃ Count                    ┃
┡━━━━━━━━━━━━━━━━━━━━━━━━━━━━━━━━━━━━━━━━━━━━━━━━━━━━━━━━━━━━━━━━━━━━━━━━━━━━━━━━━━━━━━━━━━━━━━━━━━━━━━━━━━━━━━━━━━━━━━━━━━━━━━━━━━━╇━━━━━━━━━━━━━━━━━━━━━━━━━━┩
│ gf180mcu_fd_sc_mcu7t5v0__and2                                                                                                     │ 5                        │
│ gf180mcu_fd_sc_mcu7t5v0__and3                                                                                                     │ 4                        │
│ gf180mcu_fd_sc_mcu7t5v0__and4                                                                                                     │ 2                        │
│ gf180mcu_fd_sc_mcu7t5v0__aoi21                                                                                                    │ 14                       │
│ gf180mcu_fd_sc_mcu7t5v0__aoi211                                                                                                   │ 4                        │
│ gf180mcu_fd_sc_mcu7t5v0__aoi22                                                                                                    │ 1                        │
│ gf180mcu_fd_sc_mcu7t5v0__buf                                                                                                      │ 1                        │
│ gf180mcu_fd_sc_mcu7t5v0__clkbuf                                                                                                   │ 11                       │
│ gf180mcu_fd_sc_mcu7t5v0__clkinv                                                                                                   │ 11                       │
│ gf180mcu_fd_sc_mcu7t5v0__dffrnq                                                                                                   │ 24                       │
│ gf180mcu_fd_sc_mcu7t5v0__dffsnq                                                                                                   │ 8                        │
│ gf180mcu_fd_sc_mcu7t5v0__dlyb                                                                                                     │ 41                       │
│ gf180mcu_fd_sc_mcu7t5v0__fill                                                                                                     │ 202                      │
│ gf180mcu_fd_sc_mcu7t5v0__fillcap                                                                                                  │ 287                      │
│ gf180mcu_fd_sc_mcu7t5v0__mux2                                                                                                     │ 14                       │
│ gf180mcu_fd_sc_mcu7t5v0__nand2                                                                                                    │ 11                       │
│ gf180mcu_fd_sc_mcu7t5v0__nand3                                                                                                    │ 3                        │
│ gf180mcu_fd_sc_mcu7t5v0__nand4                                                                                                    │ 6                        │
│ gf180mcu_fd_sc_mcu7t5v0__nor2                                                                                                     │ 17                       │
│ gf180mcu_fd_sc_mcu7t5v0__nor3                                                                                                     │ 12                       │
│ gf180mcu_fd_sc_mcu7t5v0__nor4                                                                                                     │ 4                        │
│ gf180mcu_fd_sc_mcu7t5v0__oai21                                                                                                    │ 3                        │
│ gf180mcu_fd_sc_mcu7t5v0__oai211                                                                                                   │ 1                        │
│ gf180mcu_fd_sc_mcu7t5v0__oai22                                                                                                    │ 1                        │
│ gf180mcu_fd_sc_mcu7t5v0__oai221                                                                                                   │ 1                        │
│ gf180mcu_fd_sc_mcu7t5v0__oai31                                                                                                    │ 2                        │
│ gf180mcu_fd_sc_mcu7t5v0__oai32                                                                                                    │ 1                        │
│ gf180mcu_fd_sc_mcu7t5v0__or2                                                                                                      │ 1                        │
│ gf180mcu_fd_sc_mcu7t5v0__xnor2                                                                                                    │ 8                        │
│ gf180mcu_fd_sc_mcu7t5v0__xor2                                                                                                     │ 14                       │
└───────────────────────────────────────────────────────────────────────────────────────────────────────────────────────────────────┴──────────────────────────┘
