
===========================================================================
report_checks -unconstrained
===========================================================================
======================= nom_tt_025C_5v00 Corner ===================================

Startpoint: _2030_ (rising edge-triggered flip-flop clocked by sys_clk)
Endpoint: _2067_ (recovery check against rising-edge clock sys_clk)
Path Group: asynchronous
Path Type: max

Fanout         Cap        Slew       Delay        Time   Description
---------------------------------------------------------------------------------------------
                                  0.000000    0.000000   clock sys_clk (rise edge)
                                  0.000000    0.000000   clock source latency
     1    0.061504    0.278998    0.151149    0.151149 ^ sys_clk_i (in)
                                                         sys_clk_i (net)
                      0.279394    0.000000    0.151149 ^ clkbuf_0_sys_clk_i/I (gf180mcu_fd_sc_mcu7t5v0__clkbuf_20)
    16    0.162585    0.184484    0.328085    0.479234 ^ clkbuf_0_sys_clk_i/Z (gf180mcu_fd_sc_mcu7t5v0__clkbuf_20)
                                                         clknet_0_sys_clk_i (net)
                      0.184562    0.005869    0.485103 ^ clkbuf_4_7_0_sys_clk_i/I (gf180mcu_fd_sc_mcu7t5v0__clkbuf_2)
     2    0.060046    0.515947    0.500934    0.986037 ^ clkbuf_4_7_0_sys_clk_i/Z (gf180mcu_fd_sc_mcu7t5v0__clkbuf_2)
                                                         clknet_4_7_0_sys_clk_i (net)
                      0.515956    0.001226    0.987264 ^ clkbuf_5_14__f_sys_clk_i/I (gf180mcu_fd_sc_mcu7t5v0__clkbuf_20)
     6    0.038225    0.108238    0.308730    1.295993 ^ clkbuf_5_14__f_sys_clk_i/Z (gf180mcu_fd_sc_mcu7t5v0__clkbuf_20)
                                                         clknet_5_14__leaf_sys_clk_i (net)
                      0.108240    0.001165    1.297158 ^ _2030_/CLK (gf180mcu_fd_sc_mcu7t5v0__dffrnq_1)
     2    0.036611    0.388172    0.893203    2.190361 v _2030_/Q (gf180mcu_fd_sc_mcu7t5v0__dffrnq_1)
                                                         s_uart_rx_clean_fifo (net)
                      0.388194    0.001827    2.192188 v _0923_/A2 (gf180mcu_fd_sc_mcu7t5v0__nor2_1)
     2    0.020640    0.718213    0.504361    2.696549 ^ _0923_/ZN (gf180mcu_fd_sc_mcu7t5v0__nor2_1)
                                                         u_dc_fifo_rx.dst_rstn_i (net)
                      0.718213    0.000661    2.697210 ^ fanout336/I (gf180mcu_fd_sc_mcu7t5v0__dlyd_1)
     1    0.009701    0.232779    2.293611    4.990820 ^ fanout336/Z (gf180mcu_fd_sc_mcu7t5v0__dlyd_1)
                                                         net336 (net)
                      0.232780    0.000282    4.991102 ^ wire338/I (gf180mcu_fd_sc_mcu7t5v0__clkbuf_2)
     5    0.047811    0.418060    0.453876    5.444978 ^ wire338/Z (gf180mcu_fd_sc_mcu7t5v0__clkbuf_2)
                                                         net338 (net)
                      0.418105    0.002408    5.447386 ^ load_slew337/I (gf180mcu_fd_sc_mcu7t5v0__clkbuf_2)
     4    0.039931    0.357258    0.452425    5.899811 ^ load_slew337/Z (gf180mcu_fd_sc_mcu7t5v0__clkbuf_2)
                                                         net337 (net)
                      0.357273    0.001086    5.900898 ^ fanout329/I (gf180mcu_fd_sc_mcu7t5v0__dlyd_1)
     2    0.014329    0.300635    2.330730    8.231627 ^ fanout329/Z (gf180mcu_fd_sc_mcu7t5v0__dlyd_1)
                                                         net329 (net)
                      0.300635    0.000152    8.231779 ^ load_slew332/I (gf180mcu_fd_sc_mcu7t5v0__clkbuf_2)
     4    0.042326    0.375957    0.443293    8.675072 ^ load_slew332/Z (gf180mcu_fd_sc_mcu7t5v0__clkbuf_2)
                                                         net332 (net)
                      0.375977    0.001513    8.676585 ^ load_slew331/I (gf180mcu_fd_sc_mcu7t5v0__clkbuf_2)
     4    0.031009    0.291078    0.405078    9.081663 ^ load_slew331/Z (gf180mcu_fd_sc_mcu7t5v0__clkbuf_2)
                                                         net331 (net)
                      0.291078    0.000314    9.081977 ^ load_slew330/I (gf180mcu_fd_sc_mcu7t5v0__buf_2)
     3    0.026806    0.253939    0.302001    9.383978 ^ load_slew330/Z (gf180mcu_fd_sc_mcu7t5v0__buf_2)
                                                         net330 (net)
                      0.253939    0.000385    9.384363 ^ _2067_/SETN (gf180mcu_fd_sc_mcu7t5v0__dffsnq_1)
                                              9.384363   data arrival time

                                 20.000000   20.000000   clock sys_clk (rise edge)
                                  0.000000   20.000000   clock source latency
     1    0.061504    0.278998    0.151148   20.151150 ^ sys_clk_i (in)
                                                         sys_clk_i (net)
                      0.279394    0.000000   20.151150 ^ clkbuf_0_sys_clk_i/I (gf180mcu_fd_sc_mcu7t5v0__clkbuf_20)
    16    0.162585    0.184484    0.328086   20.479235 ^ clkbuf_0_sys_clk_i/Z (gf180mcu_fd_sc_mcu7t5v0__clkbuf_20)
                                                         clknet_0_sys_clk_i (net)
                      0.184555    0.005629   20.484863 ^ clkbuf_4_4_0_sys_clk_i/I (gf180mcu_fd_sc_mcu7t5v0__clkbuf_2)
     2    0.058926    0.506971    0.495568   20.980433 ^ clkbuf_4_4_0_sys_clk_i/Z (gf180mcu_fd_sc_mcu7t5v0__clkbuf_2)
                                                         clknet_4_4_0_sys_clk_i (net)
                      0.506983    0.001341   20.981773 ^ clkbuf_5_8__f_sys_clk_i/I (gf180mcu_fd_sc_mcu7t5v0__clkbuf_20)
     6    0.030156    0.101923    0.302478   21.284252 ^ clkbuf_5_8__f_sys_clk_i/Z (gf180mcu_fd_sc_mcu7t5v0__clkbuf_20)
                                                         clknet_5_8__leaf_sys_clk_i (net)
                      0.101923    0.000101   21.284353 ^ _2067_/CLK (gf180mcu_fd_sc_mcu7t5v0__dffsnq_1)
                                 -0.250000   21.034353   clock uncertainty
                                  0.000000   21.034353   clock reconvergence pessimism
                                  0.015694   21.050047   library recovery time
                                             21.050047   data required time
---------------------------------------------------------------------------------------------
                                             21.050047   data required time
                                             -9.384363   data arrival time
---------------------------------------------------------------------------------------------
                                             11.665685   slack (MET)


Startpoint: _1967_ (rising edge-triggered flip-flop clocked by periph_clk)
Endpoint: _1776_ (rising edge-triggered flip-flop clocked by periph_clk)
Path Group: periph_clk
Path Type: max

Fanout         Cap        Slew       Delay        Time   Description
---------------------------------------------------------------------------------------------
                                  0.000000    0.000000   clock periph_clk (rise edge)
                                  0.000000    0.000000   clock source latency
     1    0.057598    0.264299    0.141132    0.141132 ^ periph_clk_i (in)
                                                         periph_clk_i (net)
                      0.264448    0.000000    0.141132 ^ clkbuf_0_periph_clk_i/I (gf180mcu_fd_sc_mcu7t5v0__clkbuf_20)
    16    0.137609    0.168159    0.316119    0.457251 ^ clkbuf_0_periph_clk_i/Z (gf180mcu_fd_sc_mcu7t5v0__clkbuf_20)
                                                         clknet_0_periph_clk_i (net)
                      0.168165    0.001843    0.459095 ^ clkbuf_4_12_0_periph_clk_i/I (gf180mcu_fd_sc_mcu7t5v0__clkbuf_2)
     2    0.062161    0.532508    0.506999    0.966094 ^ clkbuf_4_12_0_periph_clk_i/Z (gf180mcu_fd_sc_mcu7t5v0__clkbuf_2)
                                                         clknet_4_12_0_periph_clk_i (net)
                      0.532530    0.001899    0.967993 ^ clkbuf_5_24__f_periph_clk_i/I (gf180mcu_fd_sc_mcu7t5v0__clkbuf_20)
     5    0.026365    0.100157    0.303890    1.271883 ^ clkbuf_5_24__f_periph_clk_i/Z (gf180mcu_fd_sc_mcu7t5v0__clkbuf_20)
                                                         clknet_5_24__leaf_periph_clk_i (net)
                      0.100157    0.000451    1.272334 ^ _1967_/CLK (gf180mcu_fd_sc_mcu7t5v0__dffrnq_1)
     8    0.059163    1.002018    1.393191    2.665525 ^ _1967_/Q (gf180mcu_fd_sc_mcu7t5v0__dffrnq_1)
                                                         u_uart_rx.CS[0] (net)
                      1.002023    0.001225    2.666749 ^ _1003_/A1 (gf180mcu_fd_sc_mcu7t5v0__nor2_1)
     2    0.010114    0.382906    0.224698    2.891447 v _1003_/ZN (gf180mcu_fd_sc_mcu7t5v0__nor2_1)
                                                         _0783_ (net)
                      0.382906    0.000070    2.891517 v _1005_/A4 (gf180mcu_fd_sc_mcu7t5v0__nand4_1)
     3    0.027322    0.882196    0.630375    3.521892 ^ _1005_/ZN (gf180mcu_fd_sc_mcu7t5v0__nand4_1)
                                                         _0785_ (net)
                      0.882197    0.000938    3.522829 ^ _1077_/B (gf180mcu_fd_sc_mcu7t5v0__aoi21_1)
     1    0.007042    0.436556    0.304346    3.827175 v _1077_/ZN (gf180mcu_fd_sc_mcu7t5v0__aoi21_1)
                                                         _0851_ (net)
                      0.436556    0.000171    3.827347 v fanout285/I (gf180mcu_fd_sc_mcu7t5v0__dlyd_1)
     4    0.031698    0.446739    2.664556    6.491902 v fanout285/Z (gf180mcu_fd_sc_mcu7t5v0__dlyd_1)
                                                         net285 (net)
                      0.446741    0.000688    6.492590 v fanout282/I (gf180mcu_fd_sc_mcu7t5v0__dlyd_1)
     3    0.024764    0.388707    2.616107    9.108698 v fanout282/Z (gf180mcu_fd_sc_mcu7t5v0__dlyd_1)
                                                         net282 (net)
                      0.388707    0.000258    9.108956 v load_slew284/I (gf180mcu_fd_sc_mcu7t5v0__clkbuf_2)
     6    0.039883    0.343700    0.472681    9.581637 v load_slew284/Z (gf180mcu_fd_sc_mcu7t5v0__clkbuf_2)
                                                         net284 (net)
                      0.343708    0.000941    9.582578 v _1078_/I (gf180mcu_fd_sc_mcu7t5v0__clkinv_1)
     3    0.043475    0.739285    0.527092   10.109670 ^ _1078_/ZN (gf180mcu_fd_sc_mcu7t5v0__clkinv_1)
                                                         _0852_ (net)
                      0.739289    0.000916   10.110585 ^ _1278_/A2 (gf180mcu_fd_sc_mcu7t5v0__nor2_4)
     4    0.060247    0.431405    0.305464   10.416050 v _1278_/ZN (gf180mcu_fd_sc_mcu7t5v0__nor2_4)
                                                         _0408_ (net)
                      0.431406    0.000932   10.416982 v load_slew224/I (gf180mcu_fd_sc_mcu7t5v0__clkbuf_3)
     5    0.074784    0.343830    0.498139   10.915121 v load_slew224/Z (gf180mcu_fd_sc_mcu7t5v0__clkbuf_3)
                                                         net224 (net)
                      0.343885    0.002415   10.917536 v _1285_/S (gf180mcu_fd_sc_mcu7t5v0__mux2_2)
     1    0.003643    0.098628    0.421359   11.338895 ^ _1285_/Z (gf180mcu_fd_sc_mcu7t5v0__mux2_2)
                                                         _0050_ (net)
                      0.098628    0.000038   11.338933 ^ _1776_/D (gf180mcu_fd_sc_mcu7t5v0__dffrnq_1)
                                             11.338933   data arrival time

                                 20.000000   20.000000   clock periph_clk (rise edge)
                                  0.000000   20.000000   clock source latency
     1    0.057598    0.264299    0.141132   20.141132 ^ periph_clk_i (in)
                                                         periph_clk_i (net)
                      0.264448    0.000000   20.141132 ^ clkbuf_0_periph_clk_i/I (gf180mcu_fd_sc_mcu7t5v0__clkbuf_20)
    16    0.137609    0.168159    0.316120   20.457253 ^ clkbuf_0_periph_clk_i/Z (gf180mcu_fd_sc_mcu7t5v0__clkbuf_20)
                                                         clknet_0_periph_clk_i (net)
                      0.168164    0.001766   20.459019 ^ clkbuf_4_1_0_periph_clk_i/I (gf180mcu_fd_sc_mcu7t5v0__clkbuf_2)
     2    0.059318    0.510139    0.494117   20.953135 ^ clkbuf_4_1_0_periph_clk_i/Z (gf180mcu_fd_sc_mcu7t5v0__clkbuf_2)
                                                         clknet_4_1_0_periph_clk_i (net)
                      0.510151    0.001346   20.954481 ^ clkbuf_5_3__f_periph_clk_i/I (gf180mcu_fd_sc_mcu7t5v0__clkbuf_20)
     5    0.031897    0.103293    0.304130   21.258612 ^ clkbuf_5_3__f_periph_clk_i/Z (gf180mcu_fd_sc_mcu7t5v0__clkbuf_20)
                                                         clknet_5_3__leaf_periph_clk_i (net)
                      0.103294    0.000277   21.258888 ^ _1776_/CLK (gf180mcu_fd_sc_mcu7t5v0__dffrnq_1)
                                 -0.250000   21.008890   clock uncertainty
                                  0.000000   21.008890   clock reconvergence pessimism
                                 -0.297680   20.711210   library setup time
                                             20.711210   data required time
---------------------------------------------------------------------------------------------
                                             20.711210   data required time
                                            -11.338933   data arrival time
---------------------------------------------------------------------------------------------
                                              9.372276   slack (MET)


Startpoint: cfg_rwn_i (input port clocked by sys_clk)
Endpoint: cfg_data_o[2] (output port clocked by sys_clk)
Path Group: sys_clk
Path Type: max

Fanout         Cap        Slew       Delay        Time   Description
---------------------------------------------------------------------------------------------
                                  0.000000    0.000000   clock sys_clk (rise edge)
                                  0.000000    0.000000   clock network delay (propagated)
                                  2.000000    2.000000 ^ input external delay
     1    0.017206    0.323911    0.164698    2.164698 ^ cfg_rwn_i (in)
                                                         cfg_rwn_i (net)
                      0.323912    0.000000    2.164698 ^ input38/I (gf180mcu_fd_sc_mcu7t5v0__clkbuf_2)
     8    0.072784    0.615924    0.586634    2.751332 ^ input38/Z (gf180mcu_fd_sc_mcu7t5v0__clkbuf_2)
                                                         net38 (net)
                      0.616021    0.004305    2.755637 ^ _1206_/A1 (gf180mcu_fd_sc_mcu7t5v0__nand3_1)
     3    0.015612    0.462408    0.346140    3.101777 v _1206_/ZN (gf180mcu_fd_sc_mcu7t5v0__nand3_1)
                                                         _0352_ (net)
                      0.462408    0.000189    3.101967 v _1210_/A2 (gf180mcu_fd_sc_mcu7t5v0__or2_1)
     3    0.047105    0.534377    0.782061    3.884028 v _1210_/Z (gf180mcu_fd_sc_mcu7t5v0__or2_1)
                                                         _0356_ (net)
                      0.534381    0.000811    3.884839 v _1215_/A4 (gf180mcu_fd_sc_mcu7t5v0__nor4_4)
     4    0.046856    1.042581    0.752217    4.637056 ^ _1215_/ZN (gf180mcu_fd_sc_mcu7t5v0__nor4_4)
                                                         _0361_ (net)
                      1.042581    0.000704    4.637760 ^ load_slew313/I (gf180mcu_fd_sc_mcu7t5v0__clkbuf_2)
     4    0.055262    0.481955    0.604792    5.242551 ^ load_slew313/Z (gf180mcu_fd_sc_mcu7t5v0__clkbuf_2)
                                                         net313 (net)
                      0.481995    0.002345    5.244896 ^ fanout310/I (gf180mcu_fd_sc_mcu7t5v0__dlyd_1)
     5    0.042122    0.727168    2.591859    7.836755 ^ fanout310/Z (gf180mcu_fd_sc_mcu7t5v0__dlyd_1)
                                                         net310 (net)
                      0.727168    0.000418    7.837174 ^ load_slew311/I (gf180mcu_fd_sc_mcu7t5v0__clkbuf_2)
     6    0.067304    0.572357    0.621208    8.458382 ^ load_slew311/Z (gf180mcu_fd_sc_mcu7t5v0__clkbuf_2)
                                                         net311 (net)
                      0.572449    0.004016    8.462399 ^ _1236_/B1 (gf180mcu_fd_sc_mcu7t5v0__aoi222_2)
     1    0.012282    0.594982    0.283369    8.745767 v _1236_/ZN (gf180mcu_fd_sc_mcu7t5v0__aoi222_2)
                                                         _0380_ (net)
                      0.594982    0.000444    8.746211 v _1237_/A2 (gf180mcu_fd_sc_mcu7t5v0__nand2_1)
     1    0.018851    0.464571    0.432530    9.178741 ^ _1237_/ZN (gf180mcu_fd_sc_mcu7t5v0__nand2_1)
                                                         net135 (net)
                      0.464572    0.000711    9.179453 ^ output135/I (gf180mcu_fd_sc_mcu7t5v0__buf_2)
     1    0.086945    0.730864    0.592331    9.771784 ^ output135/Z (gf180mcu_fd_sc_mcu7t5v0__buf_2)
                                                         cfg_data_o[2] (net)
                      0.730923    0.003691    9.775475 ^ cfg_data_o[2] (out)
                                              9.775475   data arrival time

                                 20.000000   20.000000   clock sys_clk (rise edge)
                                  0.000000   20.000000   clock network delay (propagated)
                                 -0.250000   19.750002   clock uncertainty
                                  0.000000   19.750002   clock reconvergence pessimism
                                 -2.000000   17.750002   output external delay
                                             17.750002   data required time
---------------------------------------------------------------------------------------------
                                             17.750002   data required time
                                             -9.775475   data arrival time
---------------------------------------------------------------------------------------------
                                              7.974526   slack (MET)




===========================================================================
report_checks --slack_max -0.01
============================================================================
======================= nom_tt_025C_5v00 Corner ===================================

No paths found.


===========================================================================
 report_check_types -max_slew -max_cap -max_fanout -violators
============================================================================
======================= nom_tt_025C_5v00 Corner ===================================

max fanout

Pin                                   Limit Fanout  Slack
---------------------------------------------------------
clkbuf_0_periph_clk_i/Z                  10     16     -6 (VIOLATED)
clkbuf_0_sys_clk_i/Z                     10     16     -6 (VIOLATED)



===========================================================================
report_parasitic_annotation -report_unannotated
============================================================================
Found 46 unannotated drivers.
 data_tx_i[10]
 data_tx_i[11]
 data_tx_i[12]
 data_tx_i[13]
 data_tx_i[14]
 data_tx_i[15]
 data_tx_i[16]
 data_tx_i[17]
 data_tx_i[18]
 data_tx_i[19]
 data_tx_i[20]
 data_tx_i[21]
 data_tx_i[22]
 data_tx_i[23]
 data_tx_i[24]
 data_tx_i[25]
 data_tx_i[26]
 data_tx_i[27]
 data_tx_i[28]
 data_tx_i[29]
 data_tx_i[30]
 data_tx_i[31]
 data_tx_i[8]
 data_tx_i[9]
 clkload0/Z
 clkload1/Z
 clkload10/Z
 clkload11/Z
 clkload12/Z
 clkload13/Z
 clkload14/Z
 clkload15/Z
 clkload16/Z
 clkload17/Z
 clkload18/Z
 clkload19/Z
 clkload2/Z
 clkload20/Z
 clkload21/Z
 clkload3/Z
 clkload4/Z
 clkload5/Z
 clkload6/Z
 clkload7/Z
 clkload8/Z
 clkload9/Z
Found 0 partially unannotated drivers.

===========================================================================
max slew violation count 0
max fanout violation count 2
max cap violation count 0
============================================================================

===========================================================================
check_setup -verbose -unconstrained_endpoints -multiple_clock -no_clock -no_input_delay -loops -generated_clocks
===========================================================================
Warning: There is 1 input port missing set_input_delay.
  rstn_i
