Clock: sys_clk
Sources: sys_clk_i 
Generated: no
Virtual: yes
Propagated: no
Period: 20.000000

===========================================================================
report_clock_properties
============================================================================
Clock                   Period          Waveform
----------------------------------------------------
sys_clk              20.000000    0.000000 10.000000

===========================================================================
report_clock_latency
============================================================================
Clock sys_clk
rise -> rise
    min     max
0.000000 0.000000 source latency
1.284351         network latency _2067_/CLK
        1.343210 network latency _1905_/CLK
---------------
1.284351 1.343210 latency
        0.058858 skew

fall -> fall
    min     max
0.000000 0.000000 source latency
1.256774         network latency _2067_/CLK
        1.321156 network latency _1905_/CLK
---------------
1.256774 1.321156 latency
        0.064381 skew



===========================================================================
report_clock_min_period
============================================================================
sys_clk period_min = 8.33 fmax = 119.99
Clock: periph_clk
Sources: periph_clk_i 
Generated: no
Virtual: yes
Propagated: no
Period: 20.000000

===========================================================================
report_clock_properties
============================================================================
Clock                   Period          Waveform
----------------------------------------------------
periph_clk           20.000000    0.000000 10.000000

===========================================================================
report_clock_latency
============================================================================
Clock periph_clk
rise -> rise
    min     max
0.000000 0.000000 source latency
1.249714         network latency _2032_/CLK
        1.284763 network latency _1991_/CLK
---------------
1.249714 1.284763 latency
        0.035049 skew

fall -> fall
    min     max
0.000000 0.000000 source latency
1.223802         network latency _2032_/CLK
        1.262089 network latency _1991_/CLK
---------------
1.223802 1.262089 latency
        0.038287 skew



===========================================================================
report_clock_min_period
============================================================================
periph_clk period_min = 10.63 fmax = 94.09
