Clock: sys_clk
Sources: sys_clk_i 
Generated: no
Virtual: yes
Propagated: no
Period: 20.000000

===========================================================================
report_clock_properties
============================================================================
Clock                   Period          Waveform
----------------------------------------------------
sys_clk              20.000000    0.000000 10.000000

===========================================================================
report_clock_latency
============================================================================
Clock sys_clk
rise -> rise
    min     max
0.000000 0.000000 source latency
0.852842         network latency _2067_/CLK
        0.901381 network latency _1905_/CLK
---------------
0.852842 0.901381 latency
        0.048539 skew

fall -> fall
    min     max
0.000000 0.000000 source latency
0.824598         network latency _2067_/CLK
        0.876243 network latency _1905_/CLK
---------------
0.824598 0.876243 latency
        0.051645 skew



===========================================================================
report_clock_min_period
============================================================================
sys_clk period_min = 5.27 fmax = 189.82
Clock: periph_clk
Sources: periph_clk_i 
Generated: no
Virtual: yes
Propagated: no
Period: 20.000000

===========================================================================
report_clock_properties
============================================================================
Clock                   Period          Waveform
----------------------------------------------------
periph_clk           20.000000    0.000000 10.000000

===========================================================================
report_clock_latency
============================================================================
Clock periph_clk
rise -> rise
    min     max
0.000000 0.000000 source latency
0.830352         network latency _2032_/CLK
        0.857634 network latency _1991_/CLK
---------------
0.830352 0.857634 latency
        0.027282 skew

fall -> fall
    min     max
0.000000 0.000000 source latency
0.803429         network latency _2032_/CLK
        0.832348 network latency _1991_/CLK
---------------
0.803429 0.832348 latency
        0.028919 skew



===========================================================================
report_clock_min_period
============================================================================
periph_clk period_min = 6.71 fmax = 148.94
