                                                                       Cells by Function                                                                        
┏━━━━━━━━━━━━━━━━━━━━━━━━━━━━━━━━━━━━━━━━━━━━━━━━━━━━━━━━━━━━━━━━━━━━━━━━━━━━━━━━━━━━━━━━━━━━━━━━━━━━━━━━━━━━━━━━━━━━━━━━━━━━━━━━━━━┳━━━━━━━━━━━━━━━━━━━━━━━━━━┓
┃ Cell Function                                                                                                                     ┃ Count                    ┃
┡━━━━━━━━━━━━━━━━━━━━━━━━━━━━━━━━━━━━━━━━━━━━━━━━━━━━━━━━━━━━━━━━━━━━━━━━━━━━━━━━━━━━━━━━━━━━━━━━━━━━━━━━━━━━━━━━━━━━━━━━━━━━━━━━━━━╇━━━━━━━━━━━━━━━━━━━━━━━━━━┩
│ gf180mcu_fd_sc_mcu7t5v0__and2                                                                                                     │ 8                        │
│ gf180mcu_fd_sc_mcu7t5v0__and3                                                                                                     │ 1                        │
│ gf180mcu_fd_sc_mcu7t5v0__and4                                                                                                     │ 4                        │
│ gf180mcu_fd_sc_mcu7t5v0__aoi21                                                                                                    │ 10                       │
│ gf180mcu_fd_sc_mcu7t5v0__aoi211                                                                                                   │ 1                        │
│ gf180mcu_fd_sc_mcu7t5v0__aoi22                                                                                                    │ 4                        │
│ gf180mcu_fd_sc_mcu7t5v0__aoi221                                                                                                   │ 1                        │
│ gf180mcu_fd_sc_mcu7t5v0__clkbuf                                                                                                   │ 8                        │
│ gf180mcu_fd_sc_mcu7t5v0__clkinv                                                                                                   │ 22                       │
│ gf180mcu_fd_sc_mcu7t5v0__dffrnq                                                                                                   │ 25                       │
│ gf180mcu_fd_sc_mcu7t5v0__dffsnq                                                                                                   │ 11                       │
│ gf180mcu_fd_sc_mcu7t5v0__dlyb                                                                                                     │ 44                       │
│ gf180mcu_fd_sc_mcu7t5v0__fill                                                                                                     │ 271                      │
│ gf180mcu_fd_sc_mcu7t5v0__fillcap                                                                                                  │ 366                      │
│ gf180mcu_fd_sc_mcu7t5v0__mux2                                                                                                     │ 7                        │
│ gf180mcu_fd_sc_mcu7t5v0__nand2                                                                                                    │ 19                       │
│ gf180mcu_fd_sc_mcu7t5v0__nand3                                                                                                    │ 7                        │
│ gf180mcu_fd_sc_mcu7t5v0__nand4                                                                                                    │ 6                        │
│ gf180mcu_fd_sc_mcu7t5v0__nor2                                                                                                     │ 24                       │
│ gf180mcu_fd_sc_mcu7t5v0__nor3                                                                                                     │ 14                       │
│ gf180mcu_fd_sc_mcu7t5v0__nor4                                                                                                     │ 4                        │
│ gf180mcu_fd_sc_mcu7t5v0__oai21                                                                                                    │ 10                       │
│ gf180mcu_fd_sc_mcu7t5v0__oai211                                                                                                   │ 2                        │
│ gf180mcu_fd_sc_mcu7t5v0__oai22                                                                                                    │ 2                        │
│ gf180mcu_fd_sc_mcu7t5v0__oai222                                                                                                   │ 1                        │
│ gf180mcu_fd_sc_mcu7t5v0__oai31                                                                                                    │ 1                        │
│ gf180mcu_fd_sc_mcu7t5v0__or2                                                                                                      │ 2                        │
│ gf180mcu_fd_sc_mcu7t5v0__or4                                                                                                      │ 1                        │
│ gf180mcu_fd_sc_mcu7t5v0__xnor2                                                                                                    │ 6                        │
│ gf180mcu_fd_sc_mcu7t5v0__xor2                                                                                                     │ 26                       │
└───────────────────────────────────────────────────────────────────────────────────────────────────────────────────────────────────┴──────────────────────────┘
