[WARNING ORD-0039] .openroad ignored with -python
                                Cells by Master                                 
┏━━━━━━━━━━━━━━━━━━━━━━━━━━━━━━━━━━━━━━━━━━━━━━━━━━━━━━━━━━━━━━━━━┳━━━━━━━━━━━━┓
┃ Cell                                                            ┃ Count      ┃
┡━━━━━━━━━━━━━━━━━━━━━━━━━━━━━━━━━━━━━━━━━━━━━━━━━━━━━━━━━━━━━━━━━╇━━━━━━━━━━━━┩
│ gf180mcu_fd_sc_mcu7t5v0__and2_1                                 │ 8          │
│ gf180mcu_fd_sc_mcu7t5v0__and3_1                                 │ 1          │
│ gf180mcu_fd_sc_mcu7t5v0__and4_1                                 │ 4          │
│ gf180mcu_fd_sc_mcu7t5v0__aoi211_1                               │ 1          │
│ gf180mcu_fd_sc_mcu7t5v0__aoi21_1                                │ 10         │
│ gf180mcu_fd_sc_mcu7t5v0__aoi221_1                               │ 1          │
│ gf180mcu_fd_sc_mcu7t5v0__aoi22_1                                │ 4          │
│ gf180mcu_fd_sc_mcu7t5v0__clkbuf_16                              │ 5          │
│ gf180mcu_fd_sc_mcu7t5v0__clkbuf_2                               │ 3          │
│ gf180mcu_fd_sc_mcu7t5v0__clkinv_1                               │ 22         │
│ gf180mcu_fd_sc_mcu7t5v0__dffrnq_1                               │ 25         │
│ gf180mcu_fd_sc_mcu7t5v0__dffsnq_1                               │ 11         │
│ gf180mcu_fd_sc_mcu7t5v0__dlyb_1                                 │ 44         │
│ gf180mcu_fd_sc_mcu7t5v0__endcap                                 │ 72         │
│ gf180mcu_fd_sc_mcu7t5v0__fill_1                                 │ 138        │
│ gf180mcu_fd_sc_mcu7t5v0__fill_2                                 │ 133        │
│ gf180mcu_fd_sc_mcu7t5v0__fillcap_16                             │ 73         │
│ gf180mcu_fd_sc_mcu7t5v0__fillcap_32                             │ 42         │
│ gf180mcu_fd_sc_mcu7t5v0__fillcap_4                              │ 143        │
│ gf180mcu_fd_sc_mcu7t5v0__fillcap_64                             │ 11         │
│ gf180mcu_fd_sc_mcu7t5v0__fillcap_8                              │ 97         │
│ gf180mcu_fd_sc_mcu7t5v0__filltie                                │ 133        │
│ gf180mcu_fd_sc_mcu7t5v0__mux2_2                                 │ 7          │
│ gf180mcu_fd_sc_mcu7t5v0__nand2_1                                │ 19         │
│ gf180mcu_fd_sc_mcu7t5v0__nand3_1                                │ 7          │
│ gf180mcu_fd_sc_mcu7t5v0__nand4_1                                │ 6          │
│ gf180mcu_fd_sc_mcu7t5v0__nor2_1                                 │ 24         │
│ gf180mcu_fd_sc_mcu7t5v0__nor3_1                                 │ 14         │
│ gf180mcu_fd_sc_mcu7t5v0__nor4_1                                 │ 4          │
│ gf180mcu_fd_sc_mcu7t5v0__oai211_1                               │ 2          │
│ gf180mcu_fd_sc_mcu7t5v0__oai21_1                                │ 10         │
│ gf180mcu_fd_sc_mcu7t5v0__oai222_1                               │ 1          │
│ gf180mcu_fd_sc_mcu7t5v0__oai22_1                                │ 2          │
│ gf180mcu_fd_sc_mcu7t5v0__oai31_1                                │ 1          │
│ gf180mcu_fd_sc_mcu7t5v0__or2_1                                  │ 2          │
│ gf180mcu_fd_sc_mcu7t5v0__or4_1                                  │ 1          │
│ gf180mcu_fd_sc_mcu7t5v0__xnor2_1                                │ 6          │
│ gf180mcu_fd_sc_mcu7t5v0__xor2_1                                 │ 26         │
└─────────────────────────────────────────────────────────────────┴────────────┘
                               Cells by Function                                
┏━━━━━━━━━━━━━━━━━━━━━━━━━━━━━━━━━━━━━━━━━━━━━━━━━━━━━━━━━━━━━━━━┳━━━━━━━━━━━━━┓
┃ Cell Function                                                  ┃ Count       ┃
┡━━━━━━━━━━━━━━━━━━━━━━━━━━━━━━━━━━━━━━━━━━━━━━━━━━━━━━━━━━━━━━━━╇━━━━━━━━━━━━━┩
│ gf180mcu_fd_sc_mcu7t5v0__and2                                  │ 8           │
│ gf180mcu_fd_sc_mcu7t5v0__and3                                  │ 1           │
│ gf180mcu_fd_sc_mcu7t5v0__and4                                  │ 4           │
│ gf180mcu_fd_sc_mcu7t5v0__aoi21                                 │ 10          │
│ gf180mcu_fd_sc_mcu7t5v0__aoi211                                │ 1           │
│ gf180mcu_fd_sc_mcu7t5v0__aoi22                                 │ 4           │
│ gf180mcu_fd_sc_mcu7t5v0__aoi221                                │ 1           │
│ gf180mcu_fd_sc_mcu7t5v0__clkbuf                                │ 8           │
│ gf180mcu_fd_sc_mcu7t5v0__clkinv                                │ 22          │
│ gf180mcu_fd_sc_mcu7t5v0__dffrnq                                │ 25          │
│ gf180mcu_fd_sc_mcu7t5v0__dffsnq                                │ 11          │
│ gf180mcu_fd_sc_mcu7t5v0__dlyb                                  │ 44          │
│ gf180mcu_fd_sc_mcu7t5v0__fill                                  │ 271         │
│ gf180mcu_fd_sc_mcu7t5v0__fillcap                               │ 366         │
│ gf180mcu_fd_sc_mcu7t5v0__mux2                                  │ 7           │
│ gf180mcu_fd_sc_mcu7t5v0__nand2                                 │ 19          │
│ gf180mcu_fd_sc_mcu7t5v0__nand3                                 │ 7           │
│ gf180mcu_fd_sc_mcu7t5v0__nand4                                 │ 6           │
│ gf180mcu_fd_sc_mcu7t5v0__nor2                                  │ 24          │
│ gf180mcu_fd_sc_mcu7t5v0__nor3                                  │ 14          │
│ gf180mcu_fd_sc_mcu7t5v0__nor4                                  │ 4           │
│ gf180mcu_fd_sc_mcu7t5v0__oai21                                 │ 10          │
│ gf180mcu_fd_sc_mcu7t5v0__oai211                                │ 2           │
│ gf180mcu_fd_sc_mcu7t5v0__oai22                                 │ 2           │
│ gf180mcu_fd_sc_mcu7t5v0__oai222                                │ 1           │
│ gf180mcu_fd_sc_mcu7t5v0__oai31                                 │ 1           │
│ gf180mcu_fd_sc_mcu7t5v0__or2                                   │ 2           │
│ gf180mcu_fd_sc_mcu7t5v0__or4                                   │ 1           │
│ gf180mcu_fd_sc_mcu7t5v0__xnor2                                 │ 6           │
│ gf180mcu_fd_sc_mcu7t5v0__xor2                                  │ 26          │
└────────────────────────────────────────────────────────────────┴─────────────┘
                                  Cells by SCL                                  
┏━━━━━━━━━━━━━━━━━━━━━━━━━━━━━━━━━━━━━━━━━━━━━━━━━━━━━━━━━━━━━┳━━━━━━━━━━━━━━━━┓
┃ SCL                                                         ┃ Count          ┃
┡━━━━━━━━━━━━━━━━━━━━━━━━━━━━━━━━━━━━━━━━━━━━━━━━━━━━━━━━━━━━━╇━━━━━━━━━━━━━━━━┩
│ gf180mcu_fd_sc_mcu7t5v0                                     │ 908            │
└─────────────────────────────────────────────────────────────┴────────────────┘
                             Buffers by Cell Master                             
┏━━━━━━━━━━━━━━━━━━━━━━━━━━━━━━━━━━━━━━━━━━━━━━━━━━━━━━━━━━━━━━━━━┳━━━━━━━━━━━━┓
┃ Buffer                                                          ┃ Count      ┃
┡━━━━━━━━━━━━━━━━━━━━━━━━━━━━━━━━━━━━━━━━━━━━━━━━━━━━━━━━━━━━━━━━━╇━━━━━━━━━━━━┩
│ gf180mcu_fd_sc_mcu7t5v0__clkbuf_16                              │ 5          │
│ gf180mcu_fd_sc_mcu7t5v0__clkbuf_2                               │ 3          │
│ gf180mcu_fd_sc_mcu7t5v0__dlyb_1                                 │ 44         │
└─────────────────────────────────────────────────────────────────┴────────────┘
