115. Printing statistics.

=== udma_uart_tx ===

        +----------Local Count, excluding submodules.
        | 
      194 wires
      270 wire bits
       21 public wires
       76 public wire bits
       12 ports
       35 port bits
      236 cells
       57   $_ANDNOT_
        9   $_AND_
        7   $_DFFE_PN0P_
        8   $_DFFE_PN1P_
       17   $_DFF_PN0_
       14   $_MUX_
       13   $_NAND_
        7   $_NOR_
        6   $_NOT_
        9   $_ORNOT_
       53   $_OR_
        8   $_XNOR_
       28   $_XOR_

   Area for cell type $_ANDNOT_ is unknown!
   Area for cell type $_AND_ is unknown!
   Area for cell type $_DFFE_PN0P_ is unknown!
   Area for cell type $_DFFE_PN1P_ is unknown!
   Area for cell type $_DFF_PN0_ is unknown!
   Area for cell type $_MUX_ is unknown!
   Area for cell type $_NAND_ is unknown!
   Area for cell type $_NOR_ is unknown!
   Area for cell type $_NOT_ is unknown!
   Area for cell type $_ORNOT_ is unknown!
   Area for cell type $_OR_ is unknown!
   Area for cell type $_XNOR_ is unknown!
   Area for cell type $_XOR_ is unknown!

