
===========================================================================
report_checks -unconstrained
===========================================================================
======================= max_ss_125C_4v50 Corner ===================================

Startpoint: _2030_ (rising edge-triggered flip-flop clocked by sys_clk)
Endpoint: _2067_ (recovery check against rising-edge clock sys_clk)
Path Group: asynchronous
Path Type: max

Fanout         Cap        Slew       Delay        Time   Description
---------------------------------------------------------------------------------------------
                                  0.000000    0.000000   clock sys_clk (rise edge)
                                  0.000000    0.000000   clock source latency
     1    0.058580    0.456811    0.236665    0.236665 ^ sys_clk_i (in)
                                                         sys_clk_i (net)
                      0.456863    0.000000    0.236665 ^ clkbuf_0_sys_clk_i/I (gf180mcu_fd_sc_mcu7t5v0__clkbuf_16)
    16    0.299240    0.573364    0.734672    0.971337 ^ clkbuf_0_sys_clk_i/Z (gf180mcu_fd_sc_mcu7t5v0__clkbuf_16)
                                                         clknet_0_sys_clk_i (net)
                      0.579968    0.029022    1.000359 ^ clkbuf_4_7_0_sys_clk_i/I (gf180mcu_fd_sc_mcu7t5v0__clkbuf_8)
     2    0.051652    0.282616    0.578697    1.579055 ^ clkbuf_4_7_0_sys_clk_i/Z (gf180mcu_fd_sc_mcu7t5v0__clkbuf_8)
                                                         clknet_4_7_0_sys_clk_i (net)
                      0.282616    0.001094    1.580149 ^ clkbuf_5_14__f_sys_clk_i/I (gf180mcu_fd_sc_mcu7t5v0__clkbuf_16)
     6    0.044563    0.196833    0.456182    2.036332 ^ clkbuf_5_14__f_sys_clk_i/Z (gf180mcu_fd_sc_mcu7t5v0__clkbuf_16)
                                                         clknet_5_14__leaf_sys_clk_i (net)
                      0.196835    0.001160    2.037491 ^ _2030_/CLK (gf180mcu_fd_sc_mcu7t5v0__dffrnq_1)
     2    0.025869    0.498474    1.527802    3.565294 v _2030_/Q (gf180mcu_fd_sc_mcu7t5v0__dffrnq_1)
                                                         s_uart_rx_clean_fifo (net)
                      0.498480    0.001187    3.566481 v _0923_/A2 (gf180mcu_fd_sc_mcu7t5v0__nor2_1)
     2    0.019463    1.268425    0.854600    4.421081 ^ _0923_/ZN (gf180mcu_fd_sc_mcu7t5v0__nor2_1)
                                                         u_dc_fifo_rx.dst_rstn_i (net)
                      1.268425    0.000236    4.421317 ^ fanout356/I (gf180mcu_fd_sc_mcu7t5v0__buf_1)
     8    0.082884    2.339935    1.709152    6.130468 ^ fanout356/Z (gf180mcu_fd_sc_mcu7t5v0__buf_1)
                                                         net356 (net)
                      2.339962    0.004460    6.134928 ^ fanout352/I (gf180mcu_fd_sc_mcu7t5v0__dlyb_1)
     2    0.016627    0.591151    1.945173    8.080101 ^ fanout352/Z (gf180mcu_fd_sc_mcu7t5v0__dlyb_1)
                                                         net352 (net)
                      0.591151    0.000203    8.080304 ^ load_slew353/I (gf180mcu_fd_sc_mcu7t5v0__clkbuf_4)
     9    0.092332    0.697992    0.861093    8.941398 ^ load_slew353/Z (gf180mcu_fd_sc_mcu7t5v0__clkbuf_4)
                                                         net353 (net)
                      0.698040    0.003164    8.944561 ^ _2067_/SETN (gf180mcu_fd_sc_mcu7t5v0__dffsnq_1)
                                              8.944561   data arrival time

                                 20.000000   20.000000   clock sys_clk (rise edge)
                                  0.000000   20.000000   clock source latency
     1    0.058580    0.456811    0.236666   20.236666 ^ sys_clk_i (in)
                                                         sys_clk_i (net)
                      0.456863    0.000000   20.236666 ^ clkbuf_0_sys_clk_i/I (gf180mcu_fd_sc_mcu7t5v0__clkbuf_16)
    16    0.299240    0.573364    0.734671   20.971336 ^ clkbuf_0_sys_clk_i/Z (gf180mcu_fd_sc_mcu7t5v0__clkbuf_16)
                                                         clknet_0_sys_clk_i (net)
                      0.579871    0.028717   21.000053 ^ clkbuf_4_4_0_sys_clk_i/I (gf180mcu_fd_sc_mcu7t5v0__clkbuf_8)
     2    0.050396    0.279037    0.576032   21.576086 ^ clkbuf_4_4_0_sys_clk_i/Z (gf180mcu_fd_sc_mcu7t5v0__clkbuf_8)
                                                         clknet_4_4_0_sys_clk_i (net)
                      0.279037    0.000595   21.576681 ^ clkbuf_5_8__f_sys_clk_i/I (gf180mcu_fd_sc_mcu7t5v0__clkbuf_16)
     6    0.032648    0.178899    0.441498   22.018179 ^ clkbuf_5_8__f_sys_clk_i/Z (gf180mcu_fd_sc_mcu7t5v0__clkbuf_16)
                                                         clknet_5_8__leaf_sys_clk_i (net)
                      0.178899    0.000142   22.018320 ^ _2067_/CLK (gf180mcu_fd_sc_mcu7t5v0__dffsnq_1)
                                 -0.250000   21.768322   clock uncertainty
                                  0.000000   21.768322   clock reconvergence pessimism
                                 -0.040239   21.728081   library recovery time
                                             21.728081   data required time
---------------------------------------------------------------------------------------------
                                             21.728081   data required time
                                             -8.944561   data arrival time
---------------------------------------------------------------------------------------------
                                             12.783521   slack (MET)


Startpoint: _1968_ (rising edge-triggered flip-flop clocked by periph_clk)
Endpoint: _1772_ (rising edge-triggered flip-flop clocked by periph_clk)
Path Group: periph_clk
Path Type: max

Fanout         Cap        Slew       Delay        Time   Description
---------------------------------------------------------------------------------------------
                                  0.000000    0.000000   clock periph_clk (rise edge)
                                  0.000000    0.000000   clock source latency
     1    0.054172    0.428194    0.218459    0.218459 ^ periph_clk_i (in)
                                                         periph_clk_i (net)
                      0.428212    0.000000    0.218459 ^ clkbuf_0_periph_clk_i/I (gf180mcu_fd_sc_mcu7t5v0__clkbuf_16)
    16    0.262772    0.533478    0.721259    0.939718 ^ clkbuf_0_periph_clk_i/Z (gf180mcu_fd_sc_mcu7t5v0__clkbuf_16)
                                                         clknet_0_periph_clk_i (net)
                      0.533496    0.004631    0.944349 ^ clkbuf_4_1_0_periph_clk_i/I (gf180mcu_fd_sc_mcu7t5v0__clkbuf_8)
     2    0.049536    0.275460    0.564102    1.508452 ^ clkbuf_4_1_0_periph_clk_i/Z (gf180mcu_fd_sc_mcu7t5v0__clkbuf_8)
                                                         clknet_4_1_0_periph_clk_i (net)
                      0.275460    0.001130    1.509582 ^ clkbuf_5_2__f_periph_clk_i/I (gf180mcu_fd_sc_mcu7t5v0__clkbuf_16)
     6    0.032190    0.178183    0.440141    1.949723 ^ clkbuf_5_2__f_periph_clk_i/Z (gf180mcu_fd_sc_mcu7t5v0__clkbuf_16)
                                                         clknet_5_2__leaf_periph_clk_i (net)
                      0.178183    0.000346    1.950068 ^ _1968_/CLK (gf180mcu_fd_sc_mcu7t5v0__dffrnq_1)
    10    0.056980    1.655286    2.531707    4.481775 ^ _1968_/Q (gf180mcu_fd_sc_mcu7t5v0__dffrnq_1)
                                                         u_uart_rx.CS[1] (net)
                      1.655291    0.001698    4.483472 ^ _1003_/A2 (gf180mcu_fd_sc_mcu7t5v0__nor2_1)
     2    0.010208    0.696038    0.489796    4.973268 v _1003_/ZN (gf180mcu_fd_sc_mcu7t5v0__nor2_1)
                                                         _0783_ (net)
                      0.696038    0.000090    4.973358 v _1005_/A4 (gf180mcu_fd_sc_mcu7t5v0__nand4_1)
     3    0.026859    1.504409    1.106284    6.079642 ^ _1005_/ZN (gf180mcu_fd_sc_mcu7t5v0__nand4_1)
                                                         _0785_ (net)
                      1.504409    0.001084    6.080726 ^ _1077_/B (gf180mcu_fd_sc_mcu7t5v0__aoi21_1)
     1    0.005055    0.694611    0.502327    6.583053 v _1077_/ZN (gf180mcu_fd_sc_mcu7t5v0__aoi21_1)
                                                         _0851_ (net)
                      0.694611    0.000106    6.583158 v fanout315/I (gf180mcu_fd_sc_mcu7t5v0__dlyb_1)
     8    0.082817    1.526619    3.029355    9.612514 v fanout315/Z (gf180mcu_fd_sc_mcu7t5v0__dlyb_1)
                                                         net315 (net)
                      1.526619    0.000757    9.613271 v fanout314/I (gf180mcu_fd_sc_mcu7t5v0__buf_1)
    10    0.084540    1.407160    1.665058   11.278329 v fanout314/Z (gf180mcu_fd_sc_mcu7t5v0__buf_1)
                                                         net314 (net)
                      1.407165    0.001520   11.279848 v _1078_/I (gf180mcu_fd_sc_mcu7t5v0__clkinv_1)
     3    0.024828    0.917153    0.848991   12.128839 ^ _1078_/ZN (gf180mcu_fd_sc_mcu7t5v0__clkinv_1)
                                                         _0852_ (net)
                      0.917153    0.000531   12.129371 ^ _1278_/A2 (gf180mcu_fd_sc_mcu7t5v0__nor2_1)
     2    0.025744    0.845337    0.675154   12.804525 v _1278_/ZN (gf180mcu_fd_sc_mcu7t5v0__nor2_1)
                                                         _0408_ (net)
                      0.845337    0.000511   12.805036 v max_cap536/I (gf180mcu_fd_sc_mcu7t5v0__buf_1)
     3    0.033582    0.622831    0.972688   13.777723 v max_cap536/Z (gf180mcu_fd_sc_mcu7t5v0__buf_1)
                                                         net536 (net)
                      0.622835    0.000900   13.778623 v max_cap227/I (gf180mcu_fd_sc_mcu7t5v0__buf_2)
     4    0.062901    0.562598    0.804504   14.583127 v max_cap227/Z (gf180mcu_fd_sc_mcu7t5v0__buf_2)
                                                         net227 (net)
                      0.562638    0.002642   14.585770 v _1281_/S (gf180mcu_fd_sc_mcu7t5v0__mux2_2)
     1    0.003967    0.183335    0.758522   15.344292 ^ _1281_/Z (gf180mcu_fd_sc_mcu7t5v0__mux2_2)
                                                         _0046_ (net)
                      0.183335    0.000043   15.344335 ^ _1772_/D (gf180mcu_fd_sc_mcu7t5v0__dffrnq_1)
                                             15.344335   data arrival time

                                 20.000000   20.000000   clock periph_clk (rise edge)
                                  0.000000   20.000000   clock source latency
     1    0.054172    0.428194    0.218460   20.218460 ^ periph_clk_i (in)
                                                         periph_clk_i (net)
                      0.428212    0.000000   20.218460 ^ clkbuf_0_periph_clk_i/I (gf180mcu_fd_sc_mcu7t5v0__clkbuf_16)
    16    0.262772    0.533478    0.721258   20.939718 ^ clkbuf_0_periph_clk_i/Z (gf180mcu_fd_sc_mcu7t5v0__clkbuf_16)
                                                         clknet_0_periph_clk_i (net)
                      0.533510    0.005940   20.945658 ^ clkbuf_4_7_0_periph_clk_i/I (gf180mcu_fd_sc_mcu7t5v0__clkbuf_8)
     2    0.049517    0.275551    0.564429   21.510086 ^ clkbuf_4_7_0_periph_clk_i/Z (gf180mcu_fd_sc_mcu7t5v0__clkbuf_8)
                                                         clknet_4_7_0_periph_clk_i (net)
                      0.275551    0.000504   21.510592 ^ clkbuf_5_15__f_periph_clk_i/I (gf180mcu_fd_sc_mcu7t5v0__clkbuf_16)
     5    0.023736    0.164354    0.428786   21.939377 ^ clkbuf_5_15__f_periph_clk_i/Z (gf180mcu_fd_sc_mcu7t5v0__clkbuf_16)
                                                         clknet_5_15__leaf_periph_clk_i (net)
                      0.164354    0.000039   21.939417 ^ _1772_/CLK (gf180mcu_fd_sc_mcu7t5v0__dffrnq_1)
                                 -0.250000   21.689417   clock uncertainty
                                  0.000000   21.689417   clock reconvergence pessimism
                                 -0.595834   21.093582   library setup time
                                             21.093582   data required time
---------------------------------------------------------------------------------------------
                                             21.093582   data required time
                                            -15.344335   data arrival time
---------------------------------------------------------------------------------------------
                                              5.749249   slack (MET)


Startpoint: cfg_rwn_i (input port clocked by sys_clk)
Endpoint: cfg_data_o[0] (output port clocked by sys_clk)
Path Group: sys_clk
Path Type: max

Fanout         Cap        Slew       Delay        Time   Description
---------------------------------------------------------------------------------------------
                                  0.000000    0.000000   clock sys_clk (rise edge)
                                  0.000000    0.000000   clock network delay (propagated)
                                  2.000000    2.000000 ^ input external delay
     1    0.007618    0.295041    0.121665    2.121665 ^ cfg_rwn_i (in)
                                                         cfg_rwn_i (net)
                      0.295041    0.000000    2.121665 ^ input38/I (gf180mcu_fd_sc_mcu7t5v0__dlyb_1)
     8    0.060720    1.745715    2.589880    4.711545 ^ input38/Z (gf180mcu_fd_sc_mcu7t5v0__dlyb_1)
                                                         net38 (net)
                      1.745730    0.002894    4.714439 ^ _1206_/A1 (gf180mcu_fd_sc_mcu7t5v0__nand3_1)
     3    0.014188    0.932945    0.684431    5.398870 v _1206_/ZN (gf180mcu_fd_sc_mcu7t5v0__nand3_1)
                                                         _0352_ (net)
                      0.932945    0.000180    5.399050 v _1210_/A2 (gf180mcu_fd_sc_mcu7t5v0__or2_1)
     3    0.019106    0.521670    1.131315    6.530365 v _1210_/Z (gf180mcu_fd_sc_mcu7t5v0__or2_1)
                                                         _0356_ (net)
                      0.521670    0.000343    6.530708 v _1214_/A4 (gf180mcu_fd_sc_mcu7t5v0__nor4_1)
     1    0.012218    1.946832    1.336279    7.866987 ^ _1214_/ZN (gf180mcu_fd_sc_mcu7t5v0__nor4_1)
                                                         _0360_ (net)
                      1.946832    0.000404    7.867392 ^ wire334/I (gf180mcu_fd_sc_mcu7t5v0__dlyb_1)
     2    0.019641    0.665602    2.007567    9.874959 ^ wire334/Z (gf180mcu_fd_sc_mcu7t5v0__dlyb_1)
                                                         net334 (net)
                      0.665602    0.000393    9.875352 ^ fanout331/I (gf180mcu_fd_sc_mcu7t5v0__buf_1)
    10    0.135803    3.777318    2.495984   12.371335 ^ fanout331/Z (gf180mcu_fd_sc_mcu7t5v0__buf_1)
                                                         net331 (net)
                      3.777318    0.000779   12.372114 ^ _1223_/B1 (gf180mcu_fd_sc_mcu7t5v0__aoi222_1)
     1    0.019082    1.687024    0.935347   13.307462 v _1223_/ZN (gf180mcu_fd_sc_mcu7t5v0__aoi222_1)
                                                         _0369_ (net)
                      1.687024    0.000832   13.308293 v wire311/I (gf180mcu_fd_sc_mcu7t5v0__dlyb_1)
     1    0.014312    0.535301    2.555032   15.863325 v wire311/Z (gf180mcu_fd_sc_mcu7t5v0__dlyb_1)
                                                         net311 (net)
                      0.535301    0.000503   15.863828 v _1229_/A1 (gf180mcu_fd_sc_mcu7t5v0__nand3_1)
     1    0.019202    0.951948    0.654527   16.518354 ^ _1229_/ZN (gf180mcu_fd_sc_mcu7t5v0__nand3_1)
                                                         net113 (net)
                      0.951948    0.000821   16.519176 ^ output113/I (gf180mcu_fd_sc_mcu7t5v0__buf_1)
     1    0.022885    0.720028    0.765359   17.284534 ^ output113/Z (gf180mcu_fd_sc_mcu7t5v0__buf_1)
                                                         net222 (net)
                      0.720029    0.001013   17.285547 ^ wire222/I (gf180mcu_fd_sc_mcu7t5v0__clkbuf_3)
     1    0.081890    0.634426    0.854858   18.140406 ^ wire222/Z (gf180mcu_fd_sc_mcu7t5v0__clkbuf_3)
                                                         cfg_data_o[0] (net)
                      0.634430    0.002393   18.142797 ^ cfg_data_o[0] (out)
                                             18.142797   data arrival time

                                 20.000000   20.000000   clock sys_clk (rise edge)
                                  0.000000   20.000000   clock network delay (propagated)
                                 -0.250000   19.750002   clock uncertainty
                                  0.000000   19.750002   clock reconvergence pessimism
                                 -2.000000   17.750002   output external delay
                                             17.750002   data required time
---------------------------------------------------------------------------------------------
                                             17.750002   data required time
                                            -18.142797   data arrival time
---------------------------------------------------------------------------------------------
                                             -0.392797   slack (VIOLATED)




===========================================================================
report_checks --slack_max -0.01
============================================================================
======================= max_ss_125C_4v50 Corner ===================================

Startpoint: cfg_rwn_i (input port clocked by sys_clk)
Endpoint: cfg_data_o[0] (output port clocked by sys_clk)
Path Group: sys_clk
Path Type: max

Fanout         Cap        Slew       Delay        Time   Description
---------------------------------------------------------------------------------------------
                                  0.000000    0.000000   clock sys_clk (rise edge)
                                  0.000000    0.000000   clock network delay (propagated)
                                  2.000000    2.000000 ^ input external delay
     1    0.007618    0.295041    0.121665    2.121665 ^ cfg_rwn_i (in)
                                                         cfg_rwn_i (net)
                      0.295041    0.000000    2.121665 ^ input38/I (gf180mcu_fd_sc_mcu7t5v0__dlyb_1)
     8    0.060720    1.745715    2.589880    4.711545 ^ input38/Z (gf180mcu_fd_sc_mcu7t5v0__dlyb_1)
                                                         net38 (net)
                      1.745730    0.002894    4.714439 ^ _1206_/A1 (gf180mcu_fd_sc_mcu7t5v0__nand3_1)
     3    0.014188    0.932945    0.684431    5.398870 v _1206_/ZN (gf180mcu_fd_sc_mcu7t5v0__nand3_1)
                                                         _0352_ (net)
                      0.932945    0.000180    5.399050 v _1210_/A2 (gf180mcu_fd_sc_mcu7t5v0__or2_1)
     3    0.019106    0.521670    1.131315    6.530365 v _1210_/Z (gf180mcu_fd_sc_mcu7t5v0__or2_1)
                                                         _0356_ (net)
                      0.521670    0.000343    6.530708 v _1214_/A4 (gf180mcu_fd_sc_mcu7t5v0__nor4_1)
     1    0.012218    1.946832    1.336279    7.866987 ^ _1214_/ZN (gf180mcu_fd_sc_mcu7t5v0__nor4_1)
                                                         _0360_ (net)
                      1.946832    0.000404    7.867392 ^ wire334/I (gf180mcu_fd_sc_mcu7t5v0__dlyb_1)
     2    0.019641    0.665602    2.007567    9.874959 ^ wire334/Z (gf180mcu_fd_sc_mcu7t5v0__dlyb_1)
                                                         net334 (net)
                      0.665602    0.000393    9.875352 ^ fanout331/I (gf180mcu_fd_sc_mcu7t5v0__buf_1)
    10    0.135803    3.777318    2.495984   12.371335 ^ fanout331/Z (gf180mcu_fd_sc_mcu7t5v0__buf_1)
                                                         net331 (net)
                      3.777318    0.000779   12.372114 ^ _1223_/B1 (gf180mcu_fd_sc_mcu7t5v0__aoi222_1)
     1    0.019082    1.687024    0.935347   13.307462 v _1223_/ZN (gf180mcu_fd_sc_mcu7t5v0__aoi222_1)
                                                         _0369_ (net)
                      1.687024    0.000832   13.308293 v wire311/I (gf180mcu_fd_sc_mcu7t5v0__dlyb_1)
     1    0.014312    0.535301    2.555032   15.863325 v wire311/Z (gf180mcu_fd_sc_mcu7t5v0__dlyb_1)
                                                         net311 (net)
                      0.535301    0.000503   15.863828 v _1229_/A1 (gf180mcu_fd_sc_mcu7t5v0__nand3_1)
     1    0.019202    0.951948    0.654527   16.518354 ^ _1229_/ZN (gf180mcu_fd_sc_mcu7t5v0__nand3_1)
                                                         net113 (net)
                      0.951948    0.000821   16.519176 ^ output113/I (gf180mcu_fd_sc_mcu7t5v0__buf_1)
     1    0.022885    0.720028    0.765359   17.284534 ^ output113/Z (gf180mcu_fd_sc_mcu7t5v0__buf_1)
                                                         net222 (net)
                      0.720029    0.001013   17.285547 ^ wire222/I (gf180mcu_fd_sc_mcu7t5v0__clkbuf_3)
     1    0.081890    0.634426    0.854858   18.140406 ^ wire222/Z (gf180mcu_fd_sc_mcu7t5v0__clkbuf_3)
                                                         cfg_data_o[0] (net)
                      0.634430    0.002393   18.142797 ^ cfg_data_o[0] (out)
                                             18.142797   data arrival time

                                 20.000000   20.000000   clock sys_clk (rise edge)
                                  0.000000   20.000000   clock network delay (propagated)
                                 -0.250000   19.750002   clock uncertainty
                                  0.000000   19.750002   clock reconvergence pessimism
                                 -2.000000   17.750002   output external delay
                                             17.750002   data required time
---------------------------------------------------------------------------------------------
                                             17.750002   data required time
                                            -18.142797   data arrival time
---------------------------------------------------------------------------------------------
                                             -0.392797   slack (VIOLATED)




===========================================================================
 report_check_types -max_slew -max_cap -max_fanout -violators
============================================================================
======================= max_ss_125C_4v50 Corner ===================================

max slew

Pin                                        Limit        Slew       Slack
------------------------------------------------------------------------
ANTENNA_1/I                             3.000000    4.113083   -1.113083 (VIOLATED)
ANTENNA_2/I                             3.000000    4.113083   -1.113083 (VIOLATED)
_1236_/A2                               3.000000    4.113083   -1.113083 (VIOLATED)
_1238_/A2                               3.000000    4.113084   -1.113084 (VIOLATED)
fanout338/I                             3.000000    4.113084   -1.113084 (VIOLATED)
_1243_/A2                               3.000000    4.113080   -1.113080 (VIOLATED)
_1249_/A2                               3.000000    4.113080   -1.113080 (VIOLATED)
_1225_/A2                               3.000000    4.113067   -1.113067 (VIOLATED)
_1232_/A2                               3.000000    4.113067   -1.113067 (VIOLATED)
_1259_/A2                               3.000000    4.113067   -1.113067 (VIOLATED)
_1262_/A2                               3.000000    4.113067   -1.113067 (VIOLATED)
fanout339/Z                             3.000000    4.113067   -1.113067 (VIOLATED)
_1238_/B1                               3.000000    3.777374   -0.777374 (VIOLATED)
_1235_/A2                               3.000000    3.777369   -0.777369 (VIOLATED)
_1253_/B1                               3.000000    3.777368   -0.777368 (VIOLATED)
_1233_/A2                               3.000000    3.777364   -0.777364 (VIOLATED)
_1244_/B1                               3.000000    3.777351   -0.777352 (VIOLATED)
_1247_/A2                               3.000000    3.777344   -0.777344 (VIOLATED)
_1259_/B1                               3.000000    3.777330   -0.777330 (VIOLATED)
_1223_/B1                               3.000000    3.777318   -0.777318 (VIOLATED)
_1256_/B1                               3.000000    3.777318   -0.777318 (VIOLATED)
_1262_/B1                               3.000000    3.777318   -0.777318 (VIOLATED)
fanout331/Z                             3.000000    3.777318   -0.777318 (VIOLATED)
_1264_/B1                               3.000000    3.474581   -0.474581 (VIOLATED)
_1267_/B1                               3.000000    3.474580   -0.474580 (VIOLATED)
_1218_/ZN                               3.000000    3.474562   -0.474562 (VIOLATED)
fanout326/I                             3.000000    3.474562   -0.474562 (VIOLATED)
_1238_/C1                               3.000000    3.213329   -0.213329 (VIOLATED)
_1252_/B1                               3.000000    3.213328   -0.213328 (VIOLATED)
_1235_/C1                               3.000000    3.213323   -0.213323 (VIOLATED)
_1233_/C1                               3.000000    3.213315   -0.213316 (VIOLATED)
_1247_/B1                               3.000000    3.213305   -0.213305 (VIOLATED)
_1244_/C1                               3.000000    3.213299   -0.213299 (VIOLATED)
_1255_/B1                               3.000000    3.213291   -0.213291 (VIOLATED)
_1226_/A2                               3.000000    3.213245   -0.213245 (VIOLATED)
_1258_/B1                               3.000000    3.213245   -0.213245 (VIOLATED)
_1261_/B1                               3.000000    3.213245   -0.213245 (VIOLATED)
fanout326/Z                             3.000000    3.213245   -0.213245 (VIOLATED)

max fanout

Pin                                   Limit Fanout  Slack
---------------------------------------------------------
clkbuf_0_periph_clk_i/Z                  10     16     -6 (VIOLATED)
clkbuf_0_sys_clk_i/Z                     10     16     -6 (VIOLATED)
fanout339/Z                              10     11        (VIOLATED)

max capacitance

Pin                                        Limit         Cap       Slack
------------------------------------------------------------------------
clkbuf_0_sys_clk_i/Z                    0.200000    0.299240   -0.099240 (VIOLATED)
clkbuf_0_periph_clk_i/Z                 0.200000    0.262772   -0.062772 (VIOLATED)



===========================================================================
report_parasitic_annotation -report_unannotated
============================================================================
Found 45 unannotated drivers.
 data_tx_i[10]
 data_tx_i[11]
 data_tx_i[12]
 data_tx_i[13]
 data_tx_i[14]
 data_tx_i[15]
 data_tx_i[16]
 data_tx_i[17]
 data_tx_i[18]
 data_tx_i[19]
 data_tx_i[20]
 data_tx_i[21]
 data_tx_i[22]
 data_tx_i[23]
 data_tx_i[24]
 data_tx_i[25]
 data_tx_i[26]
 data_tx_i[27]
 data_tx_i[28]
 data_tx_i[29]
 data_tx_i[30]
 data_tx_i[31]
 data_tx_i[8]
 data_tx_i[9]
 clkload0/Z
 clkload1/Z
 clkload10/Z
 clkload11/Z
 clkload12/Z
 clkload13/Z
 clkload14/Z
 clkload15/Z
 clkload16/Z
 clkload17/Z
 clkload18/Z
 clkload19/Z
 clkload2/Z
 clkload20/Z
 clkload3/Z
 clkload4/Z
 clkload5/Z
 clkload6/Z
 clkload7/Z
 clkload8/Z
 clkload9/Z
Found 0 partially unannotated drivers.

===========================================================================
max slew violation count 38
max fanout violation count 3
max cap violation count 2
============================================================================

===========================================================================
check_setup -verbose -unconstrained_endpoints -multiple_clock -no_clock -no_input_delay -loops -generated_clocks
===========================================================================
Warning: There is 1 input port missing set_input_delay.
  rstn_i
