Clock: sys_clk
Sources: sys_clk_i 
Generated: no
Virtual: yes
Propagated: no
Period: 20.000000

===========================================================================
report_clock_properties
============================================================================
Clock                   Period          Waveform
----------------------------------------------------
sys_clk              20.000000    0.000000 10.000000

===========================================================================
report_clock_latency
============================================================================
Clock sys_clk
rise -> rise
    min     max
0.000000 0.000000 source latency
2.012885         network latency _2025_/CLK
        2.081819 network latency _1950_/CLK
---------------
2.012885 2.081819 latency
        0.068934 skew

fall -> fall
    min     max
0.000000 0.000000 source latency
1.959732         network latency _2025_/CLK
        2.030500 network latency _1950_/CLK
---------------
1.959732 2.030500 latency
        0.070768 skew



===========================================================================
report_clock_min_period
============================================================================
sys_clk period_min = 10.88 fmax = 91.92
Clock: periph_clk
Sources: periph_clk_i 
Generated: no
Virtual: yes
Propagated: no
Period: 20.000000

===========================================================================
report_clock_properties
============================================================================
Clock                   Period          Waveform
----------------------------------------------------
periph_clk           20.000000    0.000000 10.000000

===========================================================================
report_clock_latency
============================================================================
Clock periph_clk
rise -> rise
    min     max
0.000000 0.000000 source latency
1.935537         network latency _2021_/CLK
        1.962746 network latency _1798_/CLK
---------------
1.935537 1.962746 latency
        0.027209 skew

fall -> fall
    min     max
0.000000 0.000000 source latency
1.882895         network latency _2021_/CLK
        1.914425 network latency _1798_/CLK
---------------
1.882895 1.914425 latency
        0.031530 skew



===========================================================================
report_clock_min_period
============================================================================
periph_clk period_min = 14.25 fmax = 70.17
