
===========================================================================
report_checks -unconstrained
===========================================================================
======================= nom_tt_025C_5v00 Corner ===================================

Startpoint: rstn_i (input port clocked by clk_i)
Endpoint: _278_ (recovery check against rising-edge clock clk_i)
Path Group: asynchronous
Path Type: max

Fanout         Cap        Slew       Delay        Time   Description
---------------------------------------------------------------------------------------------
                      0.150000    0.000000    0.000000   clock clk_i (rise edge)
                                  0.000000    0.000000   clock network delay (ideal)
                                  4.000000    4.000000 ^ input external delay
    32    0.226384    3.789797    2.111713    6.111713 ^ rstn_i (in)
                                                         rstn_i (net)
                      3.789797    0.000000    6.111713 ^ _278_/RN (gf180mcu_fd_sc_mcu7t5v0__dffrnq_1)
                                              6.111713   data arrival time

                      0.150000   20.000000   20.000000   clock clk_i (rise edge)
                                  0.000000   20.000000   clock network delay (ideal)
                                 -0.250000   19.750002   clock uncertainty
                                  0.000000   19.750002   clock reconvergence pessimism
                                             19.750002 ^ _278_/CLK (gf180mcu_fd_sc_mcu7t5v0__dffrnq_1)
                                 -1.046432   18.703569   library recovery time
                                             18.703569   data required time
---------------------------------------------------------------------------------------------
                                             18.703569   data required time
                                             -6.111713   data arrival time
---------------------------------------------------------------------------------------------
                                             12.591856   slack (MET)


Startpoint: cfg_en_i (input port clocked by clk_i)
Endpoint: tx_ready_o (output port clocked by clk_i)
Path Group: clk_i
Path Type: max

Fanout         Cap        Slew       Delay        Time   Description
---------------------------------------------------------------------------------------------
                      0.150000    0.000000    0.000000   clock clk_i (rise edge)
                                  0.000000    0.000000   clock network delay (ideal)
                                  4.000000    4.000000 ^ input external delay
     1    0.004218    0.119372    0.041865    4.041865 ^ cfg_en_i (in)
                                                         cfg_en_i (net)
                      0.119372    0.000000    4.041865 ^ _141_/I (gf180mcu_fd_sc_mcu7t5v0__clkinv_1)
     4    0.016291    0.299736    0.218859    4.260725 v _141_/ZN (gf180mcu_fd_sc_mcu7t5v0__clkinv_1)
                                                         _034_ (net)
                      0.299736    0.000000    4.260725 v _175_/A1 (gf180mcu_fd_sc_mcu7t5v0__nor2_1)
     1    0.072910    2.316833    1.355072    5.615796 ^ _175_/ZN (gf180mcu_fd_sc_mcu7t5v0__nor2_1)
                                                         tx_ready_o (net)
                      2.316833    0.000000    5.615796 ^ tx_ready_o (out)
                                              5.615796   data arrival time

                      0.150000   20.000000   20.000000   clock clk_i (rise edge)
                                  0.000000   20.000000   clock network delay (ideal)
                                 -0.250000   19.750002   clock uncertainty
                                  0.000000   19.750002   clock reconvergence pessimism
                                 -4.000000   15.750001   output external delay
                                             15.750001   data required time
---------------------------------------------------------------------------------------------
                                             15.750001   data required time
                                             -5.615796   data arrival time
---------------------------------------------------------------------------------------------
                                             10.134205   slack (MET)




===========================================================================
report_checks --slack_max -0.01
============================================================================
======================= nom_tt_025C_5v00 Corner ===================================

No paths found.


===========================================================================
 report_check_types -max_slew -max_cap -max_fanout -violators
============================================================================
======================= nom_tt_025C_5v00 Corner ===================================

max slew

Pin                                        Limit        Slew       Slack
------------------------------------------------------------------------
rstn_i                                  3.000000    3.789797   -0.789797 (VIOLATED)
_278_/RN                                3.000000    3.789797   -0.789797 (VIOLATED)
_279_/RN                                3.000000    3.789797   -0.789797 (VIOLATED)
_280_/RN                                3.000000    3.789797   -0.789797 (VIOLATED)
_281_/SETN                              3.000000    3.789797   -0.789797 (VIOLATED)
_282_/SETN                              3.000000    3.789797   -0.789797 (VIOLATED)
_283_/SETN                              3.000000    3.789797   -0.789797 (VIOLATED)
_284_/SETN                              3.000000    3.789797   -0.789797 (VIOLATED)
_285_/SETN                              3.000000    3.789797   -0.789797 (VIOLATED)
_286_/SETN                              3.000000    3.789797   -0.789797 (VIOLATED)
_287_/SETN                              3.000000    3.789797   -0.789797 (VIOLATED)
_288_/SETN                              3.000000    3.789797   -0.789797 (VIOLATED)
_289_/RN                                3.000000    3.789797   -0.789797 (VIOLATED)
_290_/RN                                3.000000    3.789797   -0.789797 (VIOLATED)
_291_/RN                                3.000000    3.789797   -0.789797 (VIOLATED)
_292_/RN                                3.000000    3.789797   -0.789797 (VIOLATED)
_293_/RN                                3.000000    3.789797   -0.789797 (VIOLATED)
_294_/RN                                3.000000    3.789797   -0.789797 (VIOLATED)
_295_/RN                                3.000000    3.789797   -0.789797 (VIOLATED)
_296_/RN                                3.000000    3.789797   -0.789797 (VIOLATED)
_297_/RN                                3.000000    3.789797   -0.789797 (VIOLATED)
_298_/RN                                3.000000    3.789797   -0.789797 (VIOLATED)
_299_/RN                                3.000000    3.789797   -0.789797 (VIOLATED)
_300_/RN                                3.000000    3.789797   -0.789797 (VIOLATED)
_301_/RN                                3.000000    3.789797   -0.789797 (VIOLATED)
_302_/RN                                3.000000    3.789797   -0.789797 (VIOLATED)
_303_/RN                                3.000000    3.789797   -0.789797 (VIOLATED)
_304_/RN                                3.000000    3.789797   -0.789797 (VIOLATED)
_305_/RN                                3.000000    3.789797   -0.789797 (VIOLATED)
_306_/RN                                3.000000    3.789797   -0.789797 (VIOLATED)
_307_/RN                                3.000000    3.789797   -0.789797 (VIOLATED)
_308_/RN                                3.000000    3.789797   -0.789797 (VIOLATED)
_309_/RN                                3.000000    3.789797   -0.789797 (VIOLATED)

max fanout

Pin                                   Limit Fanout  Slack
---------------------------------------------------------
rstn_i                                   10     32    -22 (VIOLATED)
_176_/ZN                                 10     15     -5 (VIOLATED)

max capacitance

Pin                                        Limit         Cap       Slack
------------------------------------------------------------------------
rstn_i                                  0.200000    0.226384   -0.026384 (VIOLATED)



===========================================================================
report_parasitic_annotation -report_unannotated
============================================================================
Found 204 unannotated drivers.
 cfg_bits_i[0]
 cfg_bits_i[1]
 cfg_div_i[0]
 cfg_div_i[10]
 cfg_div_i[11]
 cfg_div_i[12]
 cfg_div_i[13]
 cfg_div_i[14]
 cfg_div_i[15]
 cfg_div_i[1]
 cfg_div_i[2]
 cfg_div_i[3]
 cfg_div_i[4]
 cfg_div_i[5]
 cfg_div_i[6]
 cfg_div_i[7]
 cfg_div_i[8]
 cfg_div_i[9]
 cfg_en_i
 cfg_parity_en_i
 cfg_stop_bits_i
 clk_i
 rstn_i
 tx_data_i[0]
 tx_data_i[1]
 tx_data_i[2]
 tx_data_i[3]
 tx_data_i[4]
 tx_data_i[5]
 tx_data_i[6]
 tx_data_i[7]
 tx_valid_i
 _138_/ZN
 _139_/ZN
 _140_/ZN
 _141_/ZN
 _142_/ZN
 _143_/ZN
 _144_/ZN
 _145_/ZN
 _146_/ZN
 _147_/ZN
 _148_/ZN
 _149_/ZN
 _150_/ZN
 _151_/Z
 _152_/ZN
 _153_/ZN
 _154_/Z
 _155_/Z
 _156_/ZN
 _157_/Z
 _158_/ZN
 _159_/Z
 _160_/Z
 _161_/Z
 _162_/ZN
 _163_/Z
 _164_/Z
 _165_/Z
 _166_/Z
 _167_/ZN
 _168_/Z
 _169_/ZN
 _170_/ZN
 _171_/ZN
 _172_/ZN
 _173_/ZN
 _174_/Z
 _175_/ZN
 _176_/ZN
 _177_/ZN
 _178_/ZN
 _179_/ZN
 _180_/Z
 _181_/ZN
 _182_/ZN
 _183_/Z
 _184_/ZN
 _185_/ZN
 _186_/ZN
 _187_/Z
 _188_/ZN
 _189_/ZN
 _190_/ZN
 _191_/ZN
 _192_/ZN
 _193_/ZN
 _194_/ZN
 _195_/ZN
 _196_/ZN
 _197_/ZN
 _198_/ZN
 _199_/ZN
 _200_/ZN
 _201_/Z
 _202_/ZN
 _203_/ZN
 _204_/ZN
 _205_/Z
 _206_/ZN
 _207_/ZN
 _208_/ZN
 _209_/ZN
 _210_/ZN
 _211_/ZN
 _212_/ZN
 _213_/ZN
 _214_/Z
 _215_/ZN
 _216_/ZN
 _217_/ZN
 _218_/ZN
 _219_/Z
 _220_/ZN
 _221_/ZN
 _222_/ZN
 _223_/ZN
 _224_/ZN
 _225_/ZN
 _226_/ZN
 _227_/ZN
 _228_/Z
 _229_/Z
 _230_/ZN
 _231_/ZN
 _232_/ZN
 _233_/ZN
 _234_/ZN
 _235_/ZN
 _236_/ZN
 _237_/ZN
 _238_/ZN
 _239_/ZN
 _240_/Z
 _241_/ZN
 _242_/ZN
 _243_/Z
 _244_/ZN
 _245_/ZN
 _246_/ZN
 _247_/ZN
 _248_/ZN
 _249_/Z
 _250_/Z
 _251_/Z
 _252_/Z
 _253_/Z
 _254_/Z
 _255_/Z
 _256_/Z
 _257_/Z
 _258_/Z
 _259_/Z
 _260_/Z
 _261_/ZN
 _262_/ZN
 _263_/ZN
 _264_/Z
 _265_/ZN
 _266_/ZN
 _267_/Z
 _268_/ZN
 _269_/Z
 _270_/ZN
 _271_/Z
 _272_/ZN
 _273_/ZN
 _274_/ZN
 _275_/ZN
 _276_/ZN
 _277_/ZN
 _278_/Q
 _279_/Q
 _280_/Q
 _281_/Q
 _282_/Q
 _283_/Q
 _284_/Q
 _285_/Q
 _286_/Q
 _287_/Q
 _288_/Q
 _289_/Q
 _290_/Q
 _291_/Q
 _292_/Q
 _293_/Q
 _294_/Q
 _295_/Q
 _296_/Q
 _297_/Q
 _298_/Q
 _299_/Q
 _300_/Q
 _301_/Q
 _302_/Q
 _303_/Q
 _304_/Q
 _305_/Q
 _306_/Q
 _307_/Q
 _308_/Q
 _309_/Q
Found 0 partially unannotated drivers.

===========================================================================
max slew violation count 33
max fanout violation count 2
max cap violation count 1
============================================================================

===========================================================================
check_setup -verbose -unconstrained_endpoints -multiple_clock -no_clock -no_input_delay -loops -generated_clocks
===========================================================================
