Reading timing models for corner max_ff_n40C_5v50…
Reading timing library for the 'max_ff_n40C_5v50' corner at '/home/sahana/.ciel/gf180mcuD/libs.ref/gf180mcu_fd_sc_mcu7t5v0/lib/gf180mcu_fd_sc_mcu7t5v0__ff_n40C_5v50.lib'…
Reading timing models for corner max_tt_025C_5v00…
Reading timing library for the 'max_tt_025C_5v00' corner at '/home/sahana/.ciel/gf180mcuD/libs.ref/gf180mcu_fd_sc_mcu7t5v0/lib/gf180mcu_fd_sc_mcu7t5v0__tt_025C_5v00.lib'…
Reading timing models for corner nom_ff_n40C_5v50…
Reading timing library for the 'nom_ff_n40C_5v50' corner at '/home/sahana/.ciel/gf180mcuD/libs.ref/gf180mcu_fd_sc_mcu7t5v0/lib/gf180mcu_fd_sc_mcu7t5v0__ff_n40C_5v50.lib'…
[WARNING STA-1140] /home/sahana/.ciel/gf180mcuD/libs.ref/gf180mcu_fd_sc_mcu7t5v0/lib/gf180mcu_fd_sc_mcu7t5v0__ff_n40C_5v50.lib line 17, library gf180mcu_fd_sc_mcu7t5v0__ff_n40C_5v50 already exists.
Reading timing models for corner nom_tt_025C_5v00…
Reading timing library for the 'nom_tt_025C_5v00' corner at '/home/sahana/.ciel/gf180mcuD/libs.ref/gf180mcu_fd_sc_mcu7t5v0/lib/gf180mcu_fd_sc_mcu7t5v0__tt_025C_5v00.lib'…
[WARNING STA-1140] /home/sahana/.ciel/gf180mcuD/libs.ref/gf180mcu_fd_sc_mcu7t5v0/lib/gf180mcu_fd_sc_mcu7t5v0__tt_025C_5v00.lib line 17, library gf180mcu_fd_sc_mcu7t5v0__tt_025C_5v00 already exists.
Reading timing models for corner min_ss_125C_4v50…
Reading timing library for the 'min_ss_125C_4v50' corner at '/home/sahana/.ciel/gf180mcuD/libs.ref/gf180mcu_fd_sc_mcu7t5v0/lib/gf180mcu_fd_sc_mcu7t5v0__ss_125C_4v50.lib'…
Reading timing models for corner min_ff_n40C_5v50…
Reading timing library for the 'min_ff_n40C_5v50' corner at '/home/sahana/.ciel/gf180mcuD/libs.ref/gf180mcu_fd_sc_mcu7t5v0/lib/gf180mcu_fd_sc_mcu7t5v0__ff_n40C_5v50.lib'…
[WARNING STA-1140] /home/sahana/.ciel/gf180mcuD/libs.ref/gf180mcu_fd_sc_mcu7t5v0/lib/gf180mcu_fd_sc_mcu7t5v0__ff_n40C_5v50.lib line 17, library gf180mcu_fd_sc_mcu7t5v0__ff_n40C_5v50 already exists.
Reading timing models for corner min_tt_025C_5v00…
Reading timing library for the 'min_tt_025C_5v00' corner at '/home/sahana/.ciel/gf180mcuD/libs.ref/gf180mcu_fd_sc_mcu7t5v0/lib/gf180mcu_fd_sc_mcu7t5v0__tt_025C_5v00.lib'…
[WARNING STA-1140] /home/sahana/.ciel/gf180mcuD/libs.ref/gf180mcu_fd_sc_mcu7t5v0/lib/gf180mcu_fd_sc_mcu7t5v0__tt_025C_5v00.lib line 17, library gf180mcu_fd_sc_mcu7t5v0__tt_025C_5v00 already exists.
Reading timing models for corner max_ss_125C_4v50…
Reading timing library for the 'max_ss_125C_4v50' corner at '/home/sahana/.ciel/gf180mcuD/libs.ref/gf180mcu_fd_sc_mcu7t5v0/lib/gf180mcu_fd_sc_mcu7t5v0__ss_125C_4v50.lib'…
[WARNING STA-1140] /home/sahana/.ciel/gf180mcuD/libs.ref/gf180mcu_fd_sc_mcu7t5v0/lib/gf180mcu_fd_sc_mcu7t5v0__ss_125C_4v50.lib line 17, library gf180mcu_fd_sc_mcu7t5v0__ss_125C_4v50 already exists.
Reading timing models for corner nom_ss_125C_4v50…
Reading timing library for the 'nom_ss_125C_4v50' corner at '/home/sahana/.ciel/gf180mcuD/libs.ref/gf180mcu_fd_sc_mcu7t5v0/lib/gf180mcu_fd_sc_mcu7t5v0__ss_125C_4v50.lib'…
[WARNING STA-1140] /home/sahana/.ciel/gf180mcuD/libs.ref/gf180mcu_fd_sc_mcu7t5v0/lib/gf180mcu_fd_sc_mcu7t5v0__ss_125C_4v50.lib line 17, library gf180mcu_fd_sc_mcu7t5v0__ss_125C_4v50 already exists.
Reading OpenROAD database at '/home/sahana/core5_udma/hardening/uart_top/runs/TRIAL_9/39-openroad-globalrouting/udma_uart_top.odb'…
Reading design constraints file at '/home/sahana/core5_udma/hardening/uart_top/constraints.closure.sdc'…
[INFO] Setting signal min routing layer to: Metal2 and clock min routing layer to Metal2. 
[INFO] Setting signal max routing layer to: Metal5 and clock max routing layer to Metal5. 
+ global_route -congestion_iterations 50 -verbose
[INFO GRT-0020] Min routing layer: Metal2
[INFO GRT-0021] Max routing layer: Metal5
[INFO GRT-0022] Global adjustment: 30%
[INFO GRT-0023] Grid origin: (0, 0)
[INFO GRT-0088] Layer Metal1  Track-Pitch = 0.5600  line-2-Via Pitch: 0.4750
[INFO GRT-0088] Layer Metal2  Track-Pitch = 0.5600  line-2-Via Pitch: 0.5600
[INFO GRT-0088] Layer Metal3  Track-Pitch = 0.5600  line-2-Via Pitch: 0.5600
[INFO GRT-0088] Layer Metal4  Track-Pitch = 0.5600  line-2-Via Pitch: 0.5600
[INFO GRT-0088] Layer Metal5  Track-Pitch = 0.9000  line-2-Via Pitch: 0.8200
[INFO GRT-0003] Macros: 0
[INFO GRT-0004] Blockages: 0
[INFO GRT-0019] Found 100 clock nets.
[INFO GRT-0001] Minimum degree: 2
[INFO GRT-0002] Maximum degree: 17

[INFO GRT-0053] Routing resources analysis:
          Routing      Original      Derated      Resource
Layer     Direction    Resources     Resources    Reduction (%)
---------------------------------------------------------------
Metal1     Horizontal          0             0          0.00%
Metal2     Vertical        33156         22104          33.33%
Metal3     Horizontal      33728         22481          33.35%
Metal4     Vertical        33147         22098          33.33%
Metal5     Horizontal      20562         13846          32.66%
---------------------------------------------------------------

[INFO GRT-0197] Via related to pin nodes: 10967
[INFO GRT-0198] Via related Steiner nodes: 294
[INFO GRT-0199] Via filling finished.
[INFO GRT-0111] Final number of vias: 13947
[INFO GRT-0112] Final usage 3D: 53162

[INFO GRT-0096] Final congestion report:
Layer         Resource        Demand        Usage (%)    Max H / Max V / Total Overflow
---------------------------------------------------------------------------------------
Metal1               0             0            0.00%             0 /  0 /  0
Metal2           22104          5814           26.30%             0 /  0 /  0
Metal3           22481          5145           22.89%             0 /  0 /  0
Metal4           22098           230            1.04%             0 /  0 /  0
Metal5           13846           132            0.95%             0 /  0 /  0
---------------------------------------------------------------------------------------
Total            80529         11321           14.06%             0 /  0 /  0

[INFO GRT-0018] Total wirelength: 139179 um
[INFO GRT-0014] Routed nets: 1995
[INFO GRT-0303] Global routing runtime = 00:00:00
+ repair_design -verbose -max_wire_length 0 -slew_margin 40 -cap_margin 40
Iteration |   Area    | Resized | Buffers | Nets repaired | Remaining
---------------------------------------------------------------------
        0 |     +0.0% |       0 |       0 |             0 |      2042
       10 |     +0.0% |       0 |       0 |             0 |      2032
       20 |     +0.0% |       0 |       0 |             0 |      2022
       30 |     +0.0% |       0 |       0 |             0 |      2012
       40 |     +0.0% |       0 |       0 |             0 |      2002
       50 |     +0.0% |       0 |       0 |             0 |      1992
       60 |     +0.0% |       0 |       0 |             0 |      1982
       70 |     +0.0% |       0 |       0 |             0 |      1972
       80 |     +0.0% |       0 |       0 |             0 |      1962
       90 |     +0.0% |       0 |       0 |             0 |      1952
      100 |     +0.0% |       0 |       0 |             0 |      1942
      110 |     +0.0% |       0 |       0 |             0 |      1932
      120 |     +0.0% |       0 |       0 |             0 |      1922
      130 |     +0.0% |       0 |       0 |             0 |      1912
      140 |     +0.0% |       0 |       0 |             0 |      1902
      150 |     +0.0% |       0 |       1 |             1 |      1892
      160 |     +0.0% |       1 |       2 |             2 |      1882
      170 |     +0.0% |       1 |       2 |             2 |      1872
      180 |     +0.0% |       1 |       2 |             2 |      1862
      190 |     +0.0% |       1 |       2 |             2 |      1852
      200 |     +0.0% |       1 |       2 |             2 |      1842
      210 |     -0.0% |       2 |       2 |             3 |      1832
      220 |     -0.0% |       2 |       2 |             3 |      1822
      230 |     -0.0% |       2 |       2 |             3 |      1812
      240 |     -0.0% |       2 |       2 |             3 |      1802
      250 |     -0.0% |       2 |       2 |             3 |      1792
      260 |     -0.0% |       2 |       2 |             3 |      1782
      270 |     -0.0% |       2 |       2 |             3 |      1772
      280 |     -0.0% |       2 |       2 |             3 |      1762
      290 |     -0.0% |       2 |       2 |             3 |      1752
      300 |     -0.0% |       2 |       2 |             3 |      1742
      310 |     -0.0% |       2 |       2 |             3 |      1732
      320 |     -0.0% |       2 |       2 |             3 |      1722
      330 |     -0.0% |       2 |       2 |             3 |      1712
      340 |     -0.1% |       3 |       2 |             4 |      1702
      350 |     -0.1% |       3 |       2 |             4 |      1692
      360 |     -0.1% |       3 |       2 |             4 |      1682
      370 |     -0.1% |       3 |       2 |             5 |      1672
      380 |     -0.1% |       3 |       2 |             5 |      1662
      390 |     -0.1% |       3 |       2 |             5 |      1652
      400 |     -0.1% |       3 |       2 |             5 |      1642
      410 |     -0.1% |       3 |       2 |             5 |      1632
      420 |     -0.1% |       3 |       2 |             6 |      1622
      430 |     -0.1% |       3 |       2 |             6 |      1612
      440 |     -0.1% |       3 |       2 |             7 |      1602
      450 |     -0.1% |       3 |       2 |             7 |      1592
      460 |     -0.1% |       3 |       2 |             7 |      1582
      470 |     -0.1% |       3 |       2 |             7 |      1572
      480 |     -0.1% |       3 |       2 |             7 |      1562
      490 |     -0.1% |       3 |       2 |             7 |      1552
      500 |     -0.3% |       5 |       2 |             9 |      1542
      510 |     -0.4% |       7 |       3 |            11 |      1532
      520 |     -0.4% |       7 |       3 |            11 |      1522
      530 |     -0.4% |       7 |       3 |            11 |      1512
      540 |     -0.4% |       7 |       3 |            11 |      1502
      550 |     -0.4% |       7 |       3 |            11 |      1492
      560 |     -0.4% |       7 |       4 |            12 |      1482
      570 |     -0.4% |       7 |       4 |            15 |      1472
      580 |     -0.4% |       7 |       4 |            15 |      1462
      590 |     -0.4% |       7 |       4 |            15 |      1452
      600 |     -0.4% |       7 |       4 |            15 |      1442
      610 |     -0.4% |       7 |       4 |            15 |      1432
      620 |     -0.4% |       7 |       4 |            15 |      1422
      630 |     -0.4% |       7 |       4 |            15 |      1412
      640 |     -0.6% |      10 |       7 |            18 |      1402
      650 |     -0.6% |      10 |       7 |            18 |      1392
      660 |     -0.6% |      10 |       7 |            18 |      1382
      670 |     -0.6% |      10 |       7 |            18 |      1372
      680 |     -0.6% |      10 |       7 |            18 |      1362
      690 |     -0.6% |      10 |       7 |            18 |      1352
      700 |     -0.6% |      10 |       7 |            18 |      1342
      710 |     -0.6% |      10 |       7 |            19 |      1332
      720 |     -0.6% |      10 |       7 |            20 |      1322
      730 |     -0.6% |      10 |       7 |            21 |      1312
      740 |     -0.6% |      10 |       7 |            21 |      1302
      750 |     -0.6% |      10 |       7 |            21 |      1292
      760 |     -0.6% |      10 |       7 |            21 |      1282
      770 |     -0.6% |      10 |       7 |            21 |      1272
      780 |     -0.6% |      10 |       7 |            21 |      1262
      790 |     -0.6% |      10 |       7 |            21 |      1252
      800 |     -0.6% |      10 |       7 |            21 |      1242
      810 |     -0.6% |      10 |       7 |            21 |      1232
      820 |     -0.6% |      10 |       7 |            21 |      1222
      830 |     -0.6% |      10 |       7 |            21 |      1212
      840 |     -0.7% |      11 |       7 |            22 |      1202
      850 |     -0.8% |      15 |      10 |            27 |      1192
      860 |     -0.8% |      15 |      10 |            27 |      1182
      870 |     -0.8% |      15 |      10 |            27 |      1172
      880 |     -0.8% |      15 |      10 |            28 |      1162
      890 |     -0.8% |      15 |      10 |            28 |      1152
      900 |     -0.8% |      15 |      10 |            30 |      1142
      910 |     -0.8% |      15 |      10 |            30 |      1132
      920 |     -0.8% |      15 |      10 |            30 |      1122
      930 |     -0.8% |      15 |      10 |            30 |      1112
      940 |     -0.8% |      15 |      10 |            30 |      1102
      950 |     -0.8% |      15 |      10 |            30 |      1092
      960 |     -0.8% |      15 |      10 |            31 |      1082
      970 |     -0.8% |      15 |      10 |            31 |      1072
      980 |     -0.8% |      15 |      10 |            31 |      1062
      990 |     -0.8% |      15 |      10 |            31 |      1052
     1000 |     -0.8% |      15 |      10 |            31 |      1042
     1010 |     -0.8% |      15 |      10 |            31 |      1032
     1020 |     -0.8% |      15 |      10 |            31 |      1022
     1030 |     -0.8% |      15 |      10 |            31 |      1012
     1040 |     -0.8% |      15 |      10 |            31 |      1002
     1050 |     -0.8% |      15 |      10 |            31 |       992
     1060 |     -0.8% |      15 |      10 |            31 |       982
     1070 |     -0.8% |      15 |      10 |            31 |       972
     1080 |     -1.0% |      18 |      10 |            34 |       962
     1090 |     -1.0% |      18 |      10 |            34 |       952
     1100 |     -1.0% |      18 |      10 |            34 |       942
     1110 |     -1.0% |      18 |      10 |            34 |       932
     1120 |     -1.0% |      18 |      10 |            34 |       922
     1130 |     -1.0% |      18 |      10 |            34 |       912
     1140 |     -1.0% |      18 |      10 |            34 |       902
     1150 |     -1.0% |      18 |      10 |            34 |       892
     1160 |     -1.0% |      18 |      10 |            34 |       882
     1170 |     -1.0% |      18 |      10 |            35 |       872
     1180 |     -1.0% |      18 |      10 |            35 |       862
     1190 |     -1.0% |      18 |      10 |            35 |       852
     1200 |     -1.0% |      18 |      10 |            35 |       842
     1210 |     -1.0% |      18 |      10 |            35 |       832
     1220 |     -1.0% |      18 |      10 |            35 |       822
     1230 |     -1.0% |      18 |      10 |            35 |       812
     1240 |     -1.1% |      19 |      10 |            36 |       802
     1250 |     -1.1% |      19 |      10 |            36 |       792
     1260 |     -1.1% |      19 |      10 |            36 |       782
     1270 |     -1.1% |      19 |      10 |            36 |       772
     1280 |     -1.1% |      19 |      10 |            36 |       762
     1290 |     -1.1% |      19 |      10 |            36 |       752
     1300 |     -1.1% |      19 |      10 |            36 |       742
     1310 |     -1.1% |      19 |      10 |            36 |       732
     1320 |     -1.1% |      19 |      10 |            36 |       722
     1330 |     -1.1% |      19 |      10 |            36 |       712
     1340 |     -1.1% |      19 |      10 |            36 |       702
     1350 |     -1.1% |      19 |      10 |            36 |       692
     1360 |     -1.1% |      19 |      10 |            36 |       682
     1370 |     -1.1% |      19 |      10 |            36 |       672
     1380 |     -1.1% |      19 |      10 |            36 |       662
     1390 |     -1.1% |      19 |      10 |            36 |       652
     1400 |     -1.1% |      19 |      10 |            36 |       642
     1410 |     -1.1% |      19 |      10 |            36 |       632
     1420 |     -1.1% |      19 |      10 |            36 |       622
     1430 |     -1.1% |      19 |      10 |            36 |       612
     1440 |     -1.1% |      19 |      10 |            36 |       602
     1450 |     -1.1% |      19 |      10 |            36 |       592
     1460 |     -1.1% |      19 |      10 |            36 |       582
     1470 |     -1.1% |      19 |      10 |            36 |       572
     1480 |     -1.1% |      19 |      10 |            36 |       562
     1490 |     -1.1% |      19 |      10 |            36 |       552
     1500 |     -1.1% |      19 |      10 |            36 |       542
     1510 |     -1.1% |      19 |      10 |            36 |       532
     1520 |     -1.1% |      19 |      10 |            36 |       522
     1530 |     -1.1% |      19 |      10 |            36 |       512
     1540 |     -1.1% |      19 |      10 |            36 |       502
     1550 |     -1.1% |      19 |      10 |            36 |       492
     1560 |     -1.1% |      19 |      10 |            36 |       482
     1570 |     -1.1% |      19 |      10 |            36 |       472
     1580 |     -1.1% |      19 |      10 |            36 |       462
     1590 |     -1.1% |      19 |      10 |            36 |       452
     1600 |     -1.1% |      19 |      10 |            36 |       442
     1610 |     -1.1% |      19 |      10 |            37 |       432
     1620 |     -1.1% |      19 |      10 |            38 |       422
     1630 |     -1.2% |      21 |      11 |            40 |       412
     1640 |     -1.3% |      22 |      11 |            41 |       402
     1650 |     -1.3% |      22 |      11 |            41 |       392
     1660 |     -1.3% |      22 |      11 |            41 |       382
     1670 |     -1.3% |      22 |      11 |            41 |       372
     1680 |     -1.3% |      22 |      11 |            41 |       362
     1690 |     -1.3% |      22 |      11 |            41 |       352
     1700 |     -1.3% |      22 |      11 |            41 |       342
     1710 |     -1.3% |      22 |      11 |            41 |       332
     1720 |     -1.4% |      23 |      11 |            42 |       322
     1730 |     -1.4% |      23 |      11 |            42 |       312
     1740 |     -1.4% |      23 |      11 |            42 |       302
     1750 |     -1.4% |      23 |      11 |            42 |       292
     1760 |     -1.4% |      23 |      11 |            42 |       282
     1770 |     -1.4% |      23 |      11 |            42 |       272
     1780 |     -1.4% |      23 |      11 |            42 |       262
     1790 |     -1.4% |      23 |      11 |            42 |       252
     1800 |     -1.4% |      23 |      11 |            42 |       242
     1810 |     -1.5% |      24 |      11 |            43 |       232
     1820 |     -1.5% |      24 |      11 |            43 |       222
     1830 |     -1.5% |      24 |      11 |            43 |       212
     1840 |     -1.5% |      24 |      11 |            43 |       202
     1850 |     -1.5% |      24 |      11 |            43 |       192
     1860 |     -1.5% |      24 |      11 |            43 |       182
     1870 |     -1.5% |      24 |      11 |            43 |       172
     1880 |     -1.5% |      24 |      11 |            43 |       162
     1890 |     -1.5% |      24 |      11 |            43 |       152
     1900 |     -1.5% |      24 |      11 |            43 |       142
     1910 |     -1.5% |      24 |      11 |            43 |       132
     1920 |     -1.5% |      24 |      11 |            43 |       122
     1930 |     -1.5% |      24 |      11 |            43 |       112
     1940 |     -1.5% |      24 |      11 |            43 |       102
     1950 |     -1.5% |      24 |      11 |            43 |        92
     1960 |     -1.5% |      24 |      11 |            43 |        82
     1970 |     -1.5% |      24 |      11 |            43 |        72
     1980 |     -1.5% |      24 |      11 |            43 |        62
     1990 |     -1.5% |      24 |      11 |            43 |        52
     2000 |     -1.5% |      24 |      11 |            43 |        42
     2010 |     -1.5% |      24 |      11 |            43 |        32
     2020 |     -1.5% |      24 |      11 |            43 |        22
     2030 |     -1.5% |      24 |      11 |            43 |        12
     2040 |     -1.5% |      24 |      11 |            43 |         2
    final |     -1.5% |      24 |      11 |            43 |         0
---------------------------------------------------------------------
[INFO RSZ-0034] Found 43 slew violations.
[INFO RSZ-0036] Found 1 capacitance violations.
[INFO RSZ-0039] Resized 24 instances.
[INFO RSZ-0038] Inserted 11 buffers in 43 nets.
+ detailed_placement -max_displacement  500 100 
Placement Analysis
---------------------------------
total displacement         96.9 u
average displacement        0.0 u
max displacement           14.0 u
original HPWL           86302.5 u
legalized HPWL          89317.2 u
delta HPWL                    3 %

[INFO DPL-0020] Mirrored 706 instances
[INFO DPL-0021] HPWL before           89317.2 u
[INFO DPL-0022] HPWL after            86360.7 u
[INFO DPL-0023] HPWL delta               -3.3 %
+ global_route -congestion_iterations 50 -verbose
[INFO GRT-0020] Min routing layer: Metal2
[INFO GRT-0021] Max routing layer: Metal5
[INFO GRT-0022] Global adjustment: 30%
[INFO GRT-0023] Grid origin: (0, 0)
[INFO GRT-0088] Layer Metal1  Track-Pitch = 0.5600  line-2-Via Pitch: 0.4750
[INFO GRT-0088] Layer Metal2  Track-Pitch = 0.5600  line-2-Via Pitch: 0.5600
[INFO GRT-0088] Layer Metal3  Track-Pitch = 0.5600  line-2-Via Pitch: 0.5600
[INFO GRT-0088] Layer Metal4  Track-Pitch = 0.5600  line-2-Via Pitch: 0.5600
[INFO GRT-0088] Layer Metal5  Track-Pitch = 0.9000  line-2-Via Pitch: 0.8200
[INFO GRT-0003] Macros: 0
[INFO GRT-0004] Blockages: 0
[INFO GRT-0019] Found 100 clock nets.
[INFO GRT-0001] Minimum degree: 2
[INFO GRT-0002] Maximum degree: 17

[INFO GRT-0053] Routing resources analysis:
          Routing      Original      Derated      Resource
Layer     Direction    Resources     Resources    Reduction (%)
---------------------------------------------------------------
Metal1     Horizontal          0             0          0.00%
Metal2     Vertical        33156         22104          33.33%
Metal3     Horizontal      33728         22481          33.35%
Metal4     Vertical        33147         22098          33.33%
Metal5     Horizontal      20562         13846          32.66%
---------------------------------------------------------------

[INFO GRT-0197] Via related to pin nodes: 11044
[INFO GRT-0198] Via related Steiner nodes: 291
[INFO GRT-0199] Via filling finished.
[INFO GRT-0111] Final number of vias: 14026
[INFO GRT-0112] Final usage 3D: 53417

[INFO GRT-0096] Final congestion report:
Layer         Resource        Demand        Usage (%)    Max H / Max V / Total Overflow
---------------------------------------------------------------------------------------
Metal1               0             0            0.00%             0 /  0 /  0
Metal2           22104          5792           26.20%             0 /  0 /  0
Metal3           22481          5176           23.02%             0 /  0 /  0
Metal4           22098           245            1.11%             0 /  0 /  0
Metal5           13846           126            0.91%             0 /  0 /  0
---------------------------------------------------------------------------------------
Total            80529         11339           14.08%             0 /  0 /  0

[INFO GRT-0018] Total wirelength: 139414 um
[INFO GRT-0014] Routed nets: 2006
[INFO GRT-0303] Global routing runtime = 00:00:00
Setting global connections for newly added cells…
[INFO] Setting global connections...
[INFO ODB-0403] 44 connections made, 0 conflicts skipped.
Updating metrics…
Cell type report:                       Count       Area
  Endcap cell                             194     851.74
  Tap cell                                942    4135.76
  Tie cell                                 33     289.77
  Clock buffer                            121    9948.65
  Timing Repair Buffer                    510   19014.82
  Inverter                                 69     605.88
  Sequential cell                         339   25455.54
  Multi-Input combinational cell          843   17724.04
  Total                                  3051   78026.19
Writing OpenROAD database to '/home/sahana/core5_udma/hardening/uart_top/runs/TRIAL_9/41-openroad-repairdesignpostgrt/udma_uart_top.odb'…
Writing netlist to '/home/sahana/core5_udma/hardening/uart_top/runs/TRIAL_9/41-openroad-repairdesignpostgrt/udma_uart_top.nl.v'…
Writing powered netlist to '/home/sahana/core5_udma/hardening/uart_top/runs/TRIAL_9/41-openroad-repairdesignpostgrt/udma_uart_top.pnl.v'…
Writing layout to '/home/sahana/core5_udma/hardening/uart_top/runs/TRIAL_9/41-openroad-repairdesignpostgrt/udma_uart_top.def'…
Writing timing constraints to '/home/sahana/core5_udma/hardening/uart_top/runs/TRIAL_9/41-openroad-repairdesignpostgrt/udma_uart_top.sdc'…
