Clock: sys_clk
Sources: sys_clk_i 
Generated: no
Virtual: yes
Propagated: no
Period: 20.000000

===========================================================================
report_clock_properties
============================================================================
Clock                   Period          Waveform
----------------------------------------------------
sys_clk              20.000000    0.000000 10.000000

===========================================================================
report_clock_latency
============================================================================
Clock sys_clk
rise -> rise
    min     max
0.000000 0.000000 source latency
2.319309         network latency _1822_/CLK
        2.384181 network latency _1911_/CLK
---------------
2.319309 2.384181 latency
        0.064873 skew

fall -> fall
    min     max
0.000000 0.000000 source latency
2.277885         network latency _1822_/CLK
        2.350586 network latency _1911_/CLK
---------------
2.277885 2.350586 latency
        0.072701 skew



===========================================================================
report_clock_min_period
============================================================================
sys_clk period_min = 10.99 fmax = 90.95
Clock: periph_clk
Sources: periph_clk_i 
Generated: no
Virtual: yes
Propagated: no
Period: 20.000000

===========================================================================
report_clock_properties
============================================================================
Clock                   Period          Waveform
----------------------------------------------------
periph_clk           20.000000    0.000000 10.000000

===========================================================================
report_clock_latency
============================================================================
Clock periph_clk
rise -> rise
    min     max
0.000000 0.000000 source latency
2.227544         network latency _1784_/CLK
        2.283430 network latency _1771_/CLK
---------------
2.227544 2.283430 latency
        0.055886 skew

fall -> fall
    min     max
0.000000 0.000000 source latency
2.191919         network latency _1784_/CLK
        2.254616 network latency _1771_/CLK
---------------
2.191919 2.254616 latency
        0.062697 skew



===========================================================================
report_clock_min_period
============================================================================
periph_clk period_min = 14.84 fmax = 67.40
