Clock: sys_clk
Sources: sys_clk_i 
Generated: no
Virtual: yes
Propagated: no
Period: 20.000000

===========================================================================
report_clock_properties
============================================================================
Clock                   Period          Waveform
----------------------------------------------------
sys_clk              20.000000    0.000000 10.000000

===========================================================================
report_clock_latency
============================================================================
Clock sys_clk
rise -> rise
    min     max
0.000000 0.000000 source latency
1.967410         network latency _1808_/CLK
        2.002223 network latency _1888_/CLK
---------------
1.967410 2.002223 latency
        0.034813 skew

fall -> fall
    min     max
0.000000 0.000000 source latency
1.915201         network latency _1808_/CLK
        1.951435 network latency _1895_/CLK
---------------
1.915201 1.951435 latency
        0.036233 skew



===========================================================================
report_clock_min_period
============================================================================
sys_clk period_min = 12.69 fmax = 78.78
Clock: periph_clk
Sources: periph_clk_i 
Generated: no
Virtual: yes
Propagated: no
Period: 20.000000

===========================================================================
report_clock_properties
============================================================================
Clock                   Period          Waveform
----------------------------------------------------
periph_clk           20.000000    0.000000 10.000000

===========================================================================
report_clock_latency
============================================================================
Clock periph_clk
rise -> rise
    min     max
0.000000 0.000000 source latency
1.901449         network latency _2021_/CLK
        1.925333 network latency _1798_/CLK
---------------
1.901449 1.925333 latency
        0.023883 skew

fall -> fall
    min     max
0.000000 0.000000 source latency
1.852851         network latency _2021_/CLK
        1.880728 network latency _1798_/CLK
---------------
1.852851 1.880728 latency
        0.027876 skew



===========================================================================
report_clock_min_period
============================================================================
periph_clk period_min = 17.05 fmax = 58.66
