
===========================================================================
 report_power
============================================================================
======================= nom_ss_125C_4v50 Corner ===================================

Group                    Internal    Switching      Leakage        Total
                            Power        Power        Power        Power (Watts)
------------------------------------------------------------------------
Sequential           9.893431e-03 8.745430e-04 4.225083e-07 1.076840e-02  33.5%
Combinational        3.035637e-03 2.946644e-03 8.551993e-07 5.983136e-03  18.6%
Clock                1.123926e-02 4.195887e-03 2.943718e-06 1.543809e-02  48.0%
Macro                0.000000e+00 0.000000e+00 0.000000e+00 0.000000e+00   0.0%
Pad                  0.000000e+00 0.000000e+00 0.000000e+00 0.000000e+00   0.0%
------------------------------------------------------------------------
Total                2.416836e-02 8.017075e-03 4.221414e-06 3.218966e-02 100.0%
                            75.1%        24.9%         0.0%

