117. Printing statistics.

=== udma_uart_tx ===

        +----------Local Count, excluding submodules.
        |        +-Local Area, excluding submodules.
        |        | 
      209        - wires
      285        - wire bits
       21        - public wires
       76        - public wire bits
       12        - ports
       35        - port bits
      251 2.42E+03 cells
       57        -   $_ANDNOT_
        9        -   $_AND_
       29        -   $_MUX_
       13        -   $_NAND_
        7        -   $_NOR_
        6        -   $_NOT_
        9        -   $_ORNOT_
       53        -   $_OR_
        8        -   $_XNOR_
       28        -   $_XOR_
       24 1.79E+03   gf180mcu_fd_sc_mcu7t5v0__dffrnq_1
        8  632.218   gf180mcu_fd_sc_mcu7t5v0__dffsnq_1

   Area for cell type $_ANDNOT_ is unknown!
   Area for cell type $_AND_ is unknown!
   Area for cell type $_MUX_ is unknown!
   Area for cell type $_NAND_ is unknown!
   Area for cell type $_NOR_ is unknown!
   Area for cell type $_NOT_ is unknown!
   Area for cell type $_ORNOT_ is unknown!
   Area for cell type $_OR_ is unknown!
   Area for cell type $_XNOR_ is unknown!
   Area for cell type $_XOR_ is unknown!

   Chip area for module '\udma_uart_tx': 2423.500800
     of which used for sequential elements: 2423.500800 (100.00%)

