Clock: sys_clk
Sources: sys_clk_i 
Generated: no
Virtual: yes
Propagated: no
Period: 20.000000

===========================================================================
report_clock_properties
============================================================================
Clock                   Period          Waveform
----------------------------------------------------
sys_clk              20.000000    0.000000 10.000000

===========================================================================
report_clock_latency
============================================================================
Clock sys_clk
rise -> rise
    min     max
0.000000 0.000000 source latency
0.714867         network latency _2025_/CLK
        0.769224 network latency _1950_/CLK
---------------
0.714867 0.769224 latency
        0.054357 skew

fall -> fall
    min     max
0.000000 0.000000 source latency
0.684241         network latency _2025_/CLK
        0.742308 network latency _1950_/CLK
---------------
0.684241 0.742308 latency
        0.058067 skew



===========================================================================
report_clock_min_period
============================================================================
sys_clk period_min = 3.88 fmax = 257.93
Clock: periph_clk
Sources: periph_clk_i 
Generated: no
Virtual: yes
Propagated: no
Period: 20.000000

===========================================================================
report_clock_properties
============================================================================
Clock                   Period          Waveform
----------------------------------------------------
periph_clk           20.000000    0.000000 10.000000

===========================================================================
report_clock_latency
============================================================================
Clock periph_clk
rise -> rise
    min     max
0.000000 0.000000 source latency
0.699035         network latency _2079_/CLK
        0.708480 network latency _1798_/CLK
---------------
0.699035 0.708480 latency
        0.009445 skew

fall -> fall
    min     max
0.000000 0.000000 source latency
0.672024         network latency _2079_/CLK
        0.682562 network latency _1798_/CLK
---------------
0.672024 0.682562 latency
        0.010537 skew



===========================================================================
report_clock_min_period
============================================================================
periph_clk period_min = 5.07 fmax = 197.42
