Starting…
Running 'Verilator.Lint' at '../../../../../../../home/sahana/core5_udma/hardening/uart_top/runs/RUN_2026-07-26_13-02-02/01-verilator-lint'…
Logging subprocess to [repr.filename]'../../../../../../../home/sahana/core5_udma/hardening/uart_top/runs/RUN_2026-07-26_13-02-02/01-verilator-lint/verilator-lint.log'[/repr.filename]…
Running 'Checker.LintTimingConstructs' at '../../../../../../../home/sahana/core5_udma/hardening/uart_top/runs/RUN_2026-07-26_13-02-02/02-checker-linttimingconstructs'…
Check for Lint Timing Errors clear.
Running 'Checker.LintErrors' at '../../../../../../../home/sahana/core5_udma/hardening/uart_top/runs/RUN_2026-07-26_13-02-02/03-checker-linterrors'…
Check for Lint errors clear.
Running 'Checker.LintWarnings' at '../../../../../../../home/sahana/core5_udma/hardening/uart_top/runs/RUN_2026-07-26_13-02-02/04-checker-lintwarnings'…
11 Lint warnings found.
Running 'Yosys.JsonHeader' at '../../../../../../../home/sahana/core5_udma/hardening/uart_top/runs/RUN_2026-07-26_13-02-02/05-yosys-jsonheader'…
Logging subprocess to [repr.filename]'../../../../../../../home/sahana/core5_udma/hardening/uart_top/runs/RUN_2026-07-26_13-02-02/05-yosys-jsonheader/yosys-jsonheader.log'[/repr.filename]…
Subprocess had a non-zero exit.
Last 10 line(s):
Successfully finished Verilog frontend.

6. Executing Verilog-2005 frontend: /home/sahana/core5_udma/dependencies/common_cells/src/edge_propagator.sv
Parsing SystemVerilog input from `/home/sahana/core5_udma/dependencies/common_cells/src/edge_propagator.sv' to AST representation.
Storing AST representation for module `$abstract\edge_propagator'.
Successfully finished Verilog frontend.

7. Executing Verilog-2005 frontend: /home/sahana/core5_udma/dependencies/common_cells/src/onehot_to_bin.sv
Parsing SystemVerilog input from `/home/sahana/core5_udma/dependencies/common_cells/src/onehot_to_bin.sv' to AST representation.
/home/sahana/core5_udma/dependencies/common_cells/src/onehot_to_bin.sv:34: ERROR: syntax error, unexpected TOK_FINAL, expecting TOK_PROPERTY

Full log file: '../../../../../../../home/sahana/core5_udma/hardening/uart_top/runs/RUN_2026-07-26_13-02-02/05-yosys-jsonheader/yosys-jsonheader.log'
