157. Printing statistics.

=== udma_uart_top ===

        +----------Local Count, excluding submodules.
        |        +-Local Area, excluding submodules.
        |        | 
     1186        - wires
     1422        - wire bits
      328        - public wires
      564        - public wire bits
       43        - ports
      279        - port bits
     1284 4.41E+04 cells
       38  667.341   gf180mcu_fd_sc_mcu7t5v0__and2_1
       16  351.232   gf180mcu_fd_sc_mcu7t5v0__and3_1
        6  144.883   gf180mcu_fd_sc_mcu7t5v0__and4_1
       10   219.52   gf180mcu_fd_sc_mcu7t5v0__aoi211_1
       52  913.203   gf180mcu_fd_sc_mcu7t5v0__aoi21_1
        9  217.325   gf180mcu_fd_sc_mcu7t5v0__aoi221_1
       13  399.526   gf180mcu_fd_sc_mcu7t5v0__aoi222_1
       43  849.542   gf180mcu_fd_sc_mcu7t5v0__aoi22_1
       69  605.875   gf180mcu_fd_sc_mcu7t5v0__clkinv_1
      304 2.27E+04   gf180mcu_fd_sc_mcu7t5v0__dffrnq_1
       35 2.77E+03   gf180mcu_fd_sc_mcu7t5v0__dffsnq_1
      178 5.86E+03   gf180mcu_fd_sc_mcu7t5v0__mux2_2
        8  561.971   gf180mcu_fd_sc_mcu7t5v0__mux4_1
      157 1.72E+03   gf180mcu_fd_sc_mcu7t5v0__nand2_1
       56  860.518   gf180mcu_fd_sc_mcu7t5v0__nand3_1
       13  256.838   gf180mcu_fd_sc_mcu7t5v0__nand4_1
       68  895.642   gf180mcu_fd_sc_mcu7t5v0__nor2_1
       29  509.286   gf180mcu_fd_sc_mcu7t5v0__nor3_1
       11  241.472   gf180mcu_fd_sc_mcu7t5v0__nor4_1
        9  197.568   gf180mcu_fd_sc_mcu7t5v0__oai211_1
       52  913.203   gf180mcu_fd_sc_mcu7t5v0__oai21_1
        2   52.685   gf180mcu_fd_sc_mcu7t5v0__oai221_1
        3   65.856   gf180mcu_fd_sc_mcu7t5v0__oai22_1
        2   48.294   gf180mcu_fd_sc_mcu7t5v0__oai31_1
        3   79.027   gf180mcu_fd_sc_mcu7t5v0__oai32_1
        5   87.808   gf180mcu_fd_sc_mcu7t5v0__or2_1
        6  131.712   gf180mcu_fd_sc_mcu7t5v0__or3_1
        1   26.342   gf180mcu_fd_sc_mcu7t5v0__or4_1
        1    8.781   gf180mcu_fd_sc_mcu7t5v0__tieh
       32  280.986   gf180mcu_fd_sc_mcu7t5v0__tiel
       13  370.989   gf180mcu_fd_sc_mcu7t5v0__xnor2_1
       40 1.05E+03   gf180mcu_fd_sc_mcu7t5v0__xor2_1

   Chip area for module '\udma_uart_top': 44051.078400
     of which used for sequential elements: 25455.539200 (57.79%)

