
===========================================================================
report_checks -unconstrained
===========================================================================
======================= nom_ss_125C_4v50 Corner ===================================

Startpoint: _2030_ (rising edge-triggered flip-flop clocked by sys_clk)
Endpoint: _2067_ (recovery check against rising-edge clock sys_clk)
Path Group: asynchronous
Path Type: max

Fanout         Cap        Slew       Delay        Time   Description
---------------------------------------------------------------------------------------------
                                  0.000000    0.000000   clock sys_clk (rise edge)
                                  0.000000    0.000000   clock source latency
     1    0.062317    0.481763    0.251035    0.251035 ^ sys_clk_i (in)
                                                         sys_clk_i (net)
                      0.481841    0.000000    0.251035 ^ clkbuf_0_sys_clk_i/I (gf180mcu_fd_sc_mcu7t5v0__clkbuf_20)
    16    0.170625    0.339079    0.601016    0.852051 ^ clkbuf_0_sys_clk_i/Z (gf180mcu_fd_sc_mcu7t5v0__clkbuf_20)
                                                         clknet_0_sys_clk_i (net)
                      0.339100    0.004639    0.856690 ^ clkbuf_4_7_0_sys_clk_i/I (gf180mcu_fd_sc_mcu7t5v0__clkbuf_2)
     2    0.061132    0.896442    0.892355    1.749045 ^ clkbuf_4_7_0_sys_clk_i/Z (gf180mcu_fd_sc_mcu7t5v0__clkbuf_2)
                                                         clknet_4_7_0_sys_clk_i (net)
                      0.896448    0.001207    1.750252 ^ clkbuf_5_14__f_sys_clk_i/I (gf180mcu_fd_sc_mcu7t5v0__clkbuf_20)
     6    0.043296    0.199095    0.562517    2.312769 ^ clkbuf_5_14__f_sys_clk_i/Z (gf180mcu_fd_sc_mcu7t5v0__clkbuf_20)
                                                         clknet_5_14__leaf_sys_clk_i (net)
                      0.199097    0.001274    2.314043 ^ _2030_/CLK (gf180mcu_fd_sc_mcu7t5v0__dffrnq_1)
     2    0.028160    0.531747    1.551609    3.865651 v _2030_/Q (gf180mcu_fd_sc_mcu7t5v0__dffrnq_1)
                                                         s_uart_rx_clean_fifo (net)
                      0.531751    0.001063    3.866714 v _0923_/A2 (gf180mcu_fd_sc_mcu7t5v0__nor2_1)
     2    0.017520    1.166552    0.801767    4.668481 ^ _0923_/ZN (gf180mcu_fd_sc_mcu7t5v0__nor2_1)
                                                         u_dc_fifo_rx.dst_rstn_i (net)
                      1.166552    0.000147    4.668627 ^ fanout356/I (gf180mcu_fd_sc_mcu7t5v0__clkbuf_1)
     8    0.079166    2.227765    1.679214    6.347842 ^ fanout356/Z (gf180mcu_fd_sc_mcu7t5v0__clkbuf_1)
                                                         net356 (net)
                      2.227777    0.003038    6.350880 ^ fanout352/I (gf180mcu_fd_sc_mcu7t5v0__dlyd_1)
     2    0.014418    0.547975    4.544061   10.894940 ^ fanout352/Z (gf180mcu_fd_sc_mcu7t5v0__dlyd_1)
                                                         net352 (net)
                      0.547975    0.000094   10.895035 ^ load_slew353/I (gf180mcu_fd_sc_mcu7t5v0__buf_3)
     9    0.087953    0.872658    0.857296   11.752331 ^ load_slew353/Z (gf180mcu_fd_sc_mcu7t5v0__buf_3)
                                                         net353 (net)
                      0.872704    0.003481   11.755812 ^ _2067_/SETN (gf180mcu_fd_sc_mcu7t5v0__dffsnq_1)
                                             11.755812   data arrival time

                                 20.000000   20.000000   clock sys_clk (rise edge)
                                  0.000000   20.000000   clock source latency
     1    0.062317    0.481763    0.251035   20.251036 ^ sys_clk_i (in)
                                                         sys_clk_i (net)
                      0.481841    0.000000   20.251036 ^ clkbuf_0_sys_clk_i/I (gf180mcu_fd_sc_mcu7t5v0__clkbuf_20)
    16    0.170625    0.339079    0.601016   20.852051 ^ clkbuf_0_sys_clk_i/Z (gf180mcu_fd_sc_mcu7t5v0__clkbuf_20)
                                                         clknet_0_sys_clk_i (net)
                      0.339101    0.004661   20.856712 ^ clkbuf_4_4_0_sys_clk_i/I (gf180mcu_fd_sc_mcu7t5v0__clkbuf_2)
     2    0.058795    0.865238    0.874172   21.730885 ^ clkbuf_4_4_0_sys_clk_i/Z (gf180mcu_fd_sc_mcu7t5v0__clkbuf_2)
                                                         clknet_4_4_0_sys_clk_i (net)
                      0.865244    0.001236   21.732121 ^ clkbuf_5_8__f_sys_clk_i/I (gf180mcu_fd_sc_mcu7t5v0__clkbuf_20)
     6    0.030520    0.181675    0.544045   22.276165 ^ clkbuf_5_8__f_sys_clk_i/Z (gf180mcu_fd_sc_mcu7t5v0__clkbuf_20)
                                                         clknet_5_8__leaf_sys_clk_i (net)
                      0.181675    0.000087   22.276253 ^ _2067_/CLK (gf180mcu_fd_sc_mcu7t5v0__dffsnq_1)
                                 -0.250000   22.026253   clock uncertainty
                                  0.000000   22.026253   clock reconvergence pessimism
                                 -0.075582   21.950672   library recovery time
                                             21.950672   data required time
---------------------------------------------------------------------------------------------
                                             21.950672   data required time
                                            -11.755812   data arrival time
---------------------------------------------------------------------------------------------
                                             10.194860   slack (MET)


Startpoint: _1968_ (rising edge-triggered flip-flop clocked by periph_clk)
Endpoint: _2078_ (rising edge-triggered flip-flop clocked by periph_clk)
Path Group: periph_clk
Path Type: max

Fanout         Cap        Slew       Delay        Time   Description
---------------------------------------------------------------------------------------------
                                  0.000000    0.000000   clock periph_clk (rise edge)
                                  0.000000    0.000000   clock source latency
     1    0.056242    0.441256    0.226383    0.226383 ^ periph_clk_i (in)
                                                         periph_clk_i (net)
                      0.441271    0.000000    0.226383 ^ clkbuf_0_periph_clk_i/I (gf180mcu_fd_sc_mcu7t5v0__clkbuf_20)
    16    0.139356    0.300032    0.567573    0.793956 ^ clkbuf_0_periph_clk_i/Z (gf180mcu_fd_sc_mcu7t5v0__clkbuf_20)
                                                         clknet_0_periph_clk_i (net)
                      0.300036    0.002125    0.796081 ^ clkbuf_4_1_0_periph_clk_i/I (gf180mcu_fd_sc_mcu7t5v0__clkbuf_2)
     2    0.061166    0.896730    0.883801    1.679882 ^ clkbuf_4_1_0_periph_clk_i/Z (gf180mcu_fd_sc_mcu7t5v0__clkbuf_2)
                                                         clknet_4_1_0_periph_clk_i (net)
                      0.896738    0.001517    1.681399 ^ clkbuf_5_2__f_periph_clk_i/I (gf180mcu_fd_sc_mcu7t5v0__clkbuf_20)
     6    0.033660    0.186895    0.553112    2.234512 ^ clkbuf_5_2__f_periph_clk_i/Z (gf180mcu_fd_sc_mcu7t5v0__clkbuf_20)
                                                         clknet_5_2__leaf_periph_clk_i (net)
                      0.186896    0.000890    2.235402 ^ _1968_/CLK (gf180mcu_fd_sc_mcu7t5v0__dffrnq_1)
    10    0.055965    0.954151    1.824305    4.059707 v _1968_/Q (gf180mcu_fd_sc_mcu7t5v0__dffrnq_1)
                                                         u_uart_rx.CS[1] (net)
                      0.954154    0.000998    4.060704 v _1022_/A2 (gf180mcu_fd_sc_mcu7t5v0__nor3_1)
     2    0.016894    1.723116    1.221434    5.282138 ^ _1022_/ZN (gf180mcu_fd_sc_mcu7t5v0__nor3_1)
                                                         _0800_ (net)
                      1.723116    0.000042    5.282180 ^ max_cap348/I (gf180mcu_fd_sc_mcu7t5v0__clkbuf_1)
     2    0.011298    0.430517    0.678089    5.960269 ^ max_cap348/Z (gf180mcu_fd_sc_mcu7t5v0__clkbuf_1)
                                                         net348 (net)
                      0.430517    0.000115    5.960384 ^ _1025_/A3 (gf180mcu_fd_sc_mcu7t5v0__nand3_1)
     4    0.024509    1.191069    0.728927    6.689312 v _1025_/ZN (gf180mcu_fd_sc_mcu7t5v0__nand3_1)
                                                         _0802_ (net)
                      1.191069    0.000567    6.689878 v _1052_/A1 (gf180mcu_fd_sc_mcu7t5v0__nand4_1)
     1    0.003465    0.572031    0.540584    7.230462 ^ _1052_/ZN (gf180mcu_fd_sc_mcu7t5v0__nand4_1)
                                                         _0829_ (net)
                      0.572031    0.000035    7.230497 ^ _1053_/A3 (gf180mcu_fd_sc_mcu7t5v0__or3_1)
     2    0.010905    0.421404    0.645496    7.875993 ^ _1053_/Z (gf180mcu_fd_sc_mcu7t5v0__or3_1)
                                                         _0830_ (net)
                      0.421404    0.000099    7.876092 ^ _1152_/B (gf180mcu_fd_sc_mcu7t5v0__oai211_1)
     1    0.004694    0.544277    0.479574    8.355666 v _1152_/ZN (gf180mcu_fd_sc_mcu7t5v0__oai211_1)
                                                         _0323_ (net)
                      0.544277    0.000098    8.355763 v fanout229/I (gf180mcu_fd_sc_mcu7t5v0__dlyd_1)
     7    0.053389    1.105069    5.314074   13.669837 v fanout229/Z (gf180mcu_fd_sc_mcu7t5v0__dlyd_1)
                                                         net229 (net)
                      1.105069    0.001031   13.670868 v fanout228/I (gf180mcu_fd_sc_mcu7t5v0__dlyd_1)
    10    0.071583    1.363599    5.719524   19.390392 v fanout228/Z (gf180mcu_fd_sc_mcu7t5v0__dlyd_1)
                                                         net228 (net)
                      1.363599    0.000975   19.391367 v _1161_/A1 (gf180mcu_fd_sc_mcu7t5v0__nor3_1)
     1    0.007636    1.083386    0.920352   20.311720 ^ _1161_/ZN (gf180mcu_fd_sc_mcu7t5v0__nor3_1)
                                                         _0016_ (net)
                      1.083386    0.000187   20.311905 ^ _2078_/D (gf180mcu_fd_sc_mcu7t5v0__dffrnq_1)
                                             20.311905   data arrival time

                                 20.000000   20.000000   clock periph_clk (rise edge)
                                  0.000000   20.000000   clock source latency
     1    0.056242    0.441256    0.226384   20.226385 ^ periph_clk_i (in)
                                                         periph_clk_i (net)
                      0.441271    0.000000   20.226385 ^ clkbuf_0_periph_clk_i/I (gf180mcu_fd_sc_mcu7t5v0__clkbuf_20)
    16    0.139356    0.300032    0.567571   20.793955 ^ clkbuf_0_periph_clk_i/Z (gf180mcu_fd_sc_mcu7t5v0__clkbuf_20)
                                                         clknet_0_periph_clk_i (net)
                      0.300037    0.002455   20.796410 ^ clkbuf_4_13_0_periph_clk_i/I (gf180mcu_fd_sc_mcu7t5v0__clkbuf_2)
     2    0.064661    0.943360    0.910889   21.707300 ^ clkbuf_4_13_0_periph_clk_i/Z (gf180mcu_fd_sc_mcu7t5v0__clkbuf_2)
                                                         clknet_4_13_0_periph_clk_i (net)
                      0.943370    0.001675   21.708975 ^ clkbuf_5_26__f_periph_clk_i/I (gf180mcu_fd_sc_mcu7t5v0__clkbuf_20)
     5    0.027576    0.181010    0.553397   22.262373 ^ clkbuf_5_26__f_periph_clk_i/Z (gf180mcu_fd_sc_mcu7t5v0__clkbuf_20)
                                                         clknet_5_26__leaf_periph_clk_i (net)
                      0.181010    0.000293   22.262665 ^ _2078_/CLK (gf180mcu_fd_sc_mcu7t5v0__dffrnq_1)
                                 -0.250000   22.012667   clock uncertainty
                                  0.000000   22.012667   clock reconvergence pessimism
                                 -0.742544   21.270123   library setup time
                                             21.270123   data required time
---------------------------------------------------------------------------------------------
                                             21.270123   data required time
                                            -20.311905   data arrival time
---------------------------------------------------------------------------------------------
                                              0.958217   slack (MET)


Startpoint: cfg_addr_i[2] (input port clocked by sys_clk)
Endpoint: cfg_data_o[0] (output port clocked by sys_clk)
Path Group: sys_clk
Path Type: max

Fanout         Cap        Slew       Delay        Time   Description
---------------------------------------------------------------------------------------------
                                  0.000000    0.000000   clock sys_clk (rise edge)
                                  0.000000    0.000000   clock network delay (propagated)
                                  2.000000    2.000000 ^ input external delay
     1    0.016905    0.546198    0.267288    2.267288 ^ cfg_addr_i[2] (in)
                                                         cfg_addr_i[2] (net)
                      0.546198    0.000000    2.267288 ^ input3/I (gf180mcu_fd_sc_mcu7t5v0__dlya_1)
     8    0.067814    1.922866    1.794484    4.061772 ^ input3/Z (gf180mcu_fd_sc_mcu7t5v0__dlya_1)
                                                         net3 (net)
                      1.922903    0.004775    4.066547 ^ _1206_/A3 (gf180mcu_fd_sc_mcu7t5v0__nand3_1)
     3    0.013318    0.871371    0.508868    4.575414 v _1206_/ZN (gf180mcu_fd_sc_mcu7t5v0__nand3_1)
                                                         _0352_ (net)
                      0.871371    0.000164    4.575579 v _1210_/A2 (gf180mcu_fd_sc_mcu7t5v0__or2_1)
     3    0.018990    0.519165    1.114251    5.689829 v _1210_/Z (gf180mcu_fd_sc_mcu7t5v0__or2_1)
                                                         _0356_ (net)
                      0.519165    0.000352    5.690181 v _1214_/A4 (gf180mcu_fd_sc_mcu7t5v0__nor4_1)
     1    0.009853    1.690950    1.194523    6.884704 ^ _1214_/ZN (gf180mcu_fd_sc_mcu7t5v0__nor4_1)
                                                         _0360_ (net)
                      1.690950    0.000279    6.884984 ^ wire334/I (gf180mcu_fd_sc_mcu7t5v0__dlyc_1)
     2    0.021776    0.725664    3.395784   10.280767 ^ wire334/Z (gf180mcu_fd_sc_mcu7t5v0__dlyc_1)
                                                         net334 (net)
                      0.725664    0.000349   10.281116 ^ fanout331/I (gf180mcu_fd_sc_mcu7t5v0__buf_3)
    10    0.111801    1.087660    1.002296   11.283413 ^ fanout331/Z (gf180mcu_fd_sc_mcu7t5v0__buf_3)
                                                         net331 (net)
                      1.087660    0.000591   11.284003 ^ _1223_/B1 (gf180mcu_fd_sc_mcu7t5v0__aoi222_1)
     1    0.018947    1.270758    0.753299   12.037302 v _1223_/ZN (gf180mcu_fd_sc_mcu7t5v0__aoi222_1)
                                                         _0369_ (net)
                      1.270758    0.000763   12.038065 v wire311/I (gf180mcu_fd_sc_mcu7t5v0__dlyc_1)
     1    0.010354    0.485342    3.717762   15.755827 v wire311/Z (gf180mcu_fd_sc_mcu7t5v0__dlyc_1)
                                                         net311 (net)
                      0.485342    0.000282   15.756110 v _1229_/A1 (gf180mcu_fd_sc_mcu7t5v0__nand3_1)
     1    0.003931    0.513314    0.335499   16.091608 ^ _1229_/ZN (gf180mcu_fd_sc_mcu7t5v0__nand3_1)
                                                         net113 (net)
                      0.513314    0.000037   16.091646 ^ output113/I (gf180mcu_fd_sc_mcu7t5v0__clkbuf_1)
     1    0.012331    0.426879    0.557602   16.649248 ^ output113/Z (gf180mcu_fd_sc_mcu7t5v0__clkbuf_1)
                                                         net222 (net)
                      0.426879    0.000355   16.649603 ^ wire222/I (gf180mcu_fd_sc_mcu7t5v0__buf_3)
     1    0.080274    0.803958    0.794209   17.443811 ^ wire222/Z (gf180mcu_fd_sc_mcu7t5v0__buf_3)
                                                         cfg_data_o[0] (net)
                      0.803987    0.002633   17.446445 ^ cfg_data_o[0] (out)
                                             17.446445   data arrival time

                                 20.000000   20.000000   clock sys_clk (rise edge)
                                  0.000000   20.000000   clock network delay (propagated)
                                 -0.250000   19.750002   clock uncertainty
                                  0.000000   19.750002   clock reconvergence pessimism
                                 -2.000000   17.750002   output external delay
                                             17.750002   data required time
---------------------------------------------------------------------------------------------
                                             17.750002   data required time
                                            -17.446445   data arrival time
---------------------------------------------------------------------------------------------
                                              0.303556   slack (MET)




===========================================================================
report_checks --slack_max -0.01
============================================================================
======================= nom_ss_125C_4v50 Corner ===================================

No paths found.


===========================================================================
 report_check_types -max_slew -max_cap -max_fanout -violators
============================================================================
======================= nom_ss_125C_4v50 Corner ===================================

max slew

Pin                                        Limit        Slew       Slack
------------------------------------------------------------------------
_1267_/B1                               3.000000    3.451288   -0.451289 (VIOLATED)
_1264_/B1                               3.000000    3.451287   -0.451287 (VIOLATED)
_1218_/ZN                               3.000000    3.451267   -0.451267 (VIOLATED)
fanout326/I                             3.000000    3.451267   -0.451267 (VIOLATED)
_1248_/B1                               3.000000    3.235793   -0.235793 (VIOLATED)
_1244_/A2                               3.000000    3.235791   -0.235791 (VIOLATED)
_1211_/ZN                               3.000000    3.235777   -0.235777 (VIOLATED)
_1223_/A2                               3.000000    3.235777   -0.235777 (VIOLATED)
_1252_/B1                               3.000000    3.168342   -0.168342 (VIOLATED)
_1238_/C1                               3.000000    3.168342   -0.168342 (VIOLATED)
_1235_/C1                               3.000000    3.168339   -0.168339 (VIOLATED)
_1233_/C1                               3.000000    3.168339   -0.168339 (VIOLATED)
_1244_/C1                               3.000000    3.168330   -0.168330 (VIOLATED)
_1247_/B1                               3.000000    3.168310   -0.168310 (VIOLATED)
_1255_/B1                               3.000000    3.168305   -0.168306 (VIOLATED)
_1226_/A2                               3.000000    3.168278   -0.168279 (VIOLATED)
_1258_/B1                               3.000000    3.168278   -0.168279 (VIOLATED)
_1261_/B1                               3.000000    3.168278   -0.168279 (VIOLATED)
fanout326/Z                             3.000000    3.168278   -0.168279 (VIOLATED)
_1739_/ZN                               3.000000    3.134590   -0.134590 (VIOLATED)
_1740_/S                                3.000000    3.134590   -0.134590 (VIOLATED)
_1742_/A2                               3.000000    3.134590   -0.134590 (VIOLATED)
fanout321/I                             3.000000    3.134590   -0.134590 (VIOLATED)
max_cap543/I                            3.000000    3.134590   -0.134590 (VIOLATED)

max fanout

Pin                                   Limit Fanout  Slack
---------------------------------------------------------
clkbuf_0_periph_clk_i/Z                  10     16     -6 (VIOLATED)
clkbuf_0_sys_clk_i/Z                     10     16     -6 (VIOLATED)



===========================================================================
report_parasitic_annotation -report_unannotated
============================================================================
Found 47 unannotated drivers.
 data_tx_i[10]
 data_tx_i[11]
 data_tx_i[12]
 data_tx_i[13]
 data_tx_i[14]
 data_tx_i[15]
 data_tx_i[16]
 data_tx_i[17]
 data_tx_i[18]
 data_tx_i[19]
 data_tx_i[20]
 data_tx_i[21]
 data_tx_i[22]
 data_tx_i[23]
 data_tx_i[24]
 data_tx_i[25]
 data_tx_i[26]
 data_tx_i[27]
 data_tx_i[28]
 data_tx_i[29]
 data_tx_i[30]
 data_tx_i[31]
 data_tx_i[8]
 data_tx_i[9]
 clkload0/Z
 clkload1/Z
 clkload10/Z
 clkload11/Z
 clkload12/Z
 clkload13/Z
 clkload14/Z
 clkload15/Z
 clkload16/Z
 clkload17/Z
 clkload18/Z
 clkload19/Z
 clkload2/Z
 clkload20/Z
 clkload21/Z
 clkload22/Z
 clkload3/Z
 clkload4/Z
 clkload5/Z
 clkload6/Z
 clkload7/Z
 clkload8/Z
 clkload9/Z
Found 0 partially unannotated drivers.

===========================================================================
max slew violation count 24
max fanout violation count 2
max cap violation count 0
============================================================================

===========================================================================
check_setup -verbose -unconstrained_endpoints -multiple_clock -no_clock -no_input_delay -loops -generated_clocks
===========================================================================
Warning: There is 1 input port missing set_input_delay.
  rstn_i
