Clock: sys_clk
Sources: sys_clk_i 
Generated: no
Virtual: yes
Propagated: no
Period: 20.000000

===========================================================================
report_clock_properties
============================================================================
Clock                   Period          Waveform
----------------------------------------------------
sys_clk              20.000000    0.000000 10.000000

===========================================================================
report_clock_latency
============================================================================
Clock sys_clk
rise -> rise
    min     max
0.000000 0.000000 source latency
2.276217         network latency _1808_/CLK
        2.381279 network latency _1939_/CLK
---------------
2.276217 2.381279 latency
        0.105062 skew

fall -> fall
    min     max
0.000000 0.000000 source latency
2.235288         network latency _1808_/CLK
        2.352841 network latency _1939_/CLK
---------------
2.235288 2.352841 latency
        0.117553 skew



===========================================================================
report_clock_min_period
============================================================================
sys_clk period_min = 11.46 fmax = 87.26
Clock: periph_clk
Sources: periph_clk_i 
Generated: no
Virtual: yes
Propagated: no
Period: 20.000000

===========================================================================
report_clock_properties
============================================================================
Clock                   Period          Waveform
----------------------------------------------------
periph_clk           20.000000    0.000000 10.000000

===========================================================================
report_clock_latency
============================================================================
Clock periph_clk
rise -> rise
    min     max
0.000000 0.000000 source latency
2.217191         network latency _2071_/CLK
        2.262856 network latency _2077_/CLK
---------------
2.217191 2.262856 latency
        0.045665 skew

fall -> fall
    min     max
0.000000 0.000000 source latency
2.183099         network latency _2071_/CLK
        2.235130 network latency _2077_/CLK
---------------
2.183099 2.235130 latency
        0.052031 skew



===========================================================================
report_clock_min_period
============================================================================
periph_clk period_min = 19.04 fmax = 52.52
