
===========================================================================
 report_power
============================================================================
======================= nom_ss_125C_4v50 Corner ===================================

Group                    Internal    Switching      Leakage        Total
                            Power        Power        Power        Power (Watts)
------------------------------------------------------------------------
Sequential           9.862383e-03 8.800746e-04 4.225083e-07 1.074288e-02  30.3%
Combinational        3.470625e-03 3.188236e-03 9.953211e-07 6.659856e-03  18.8%
Clock                1.357446e-02 4.458964e-03 2.759842e-06 1.803619e-02  50.9%
Macro                0.000000e+00 0.000000e+00 0.000000e+00 0.000000e+00   0.0%
Pad                  0.000000e+00 0.000000e+00 0.000000e+00 0.000000e+00   0.0%
------------------------------------------------------------------------
Total                2.690747e-02 8.527272e-03 4.177672e-06 3.543891e-02 100.0%
                            75.9%        24.1%         0.0%

