Clock: sys_clk
Sources: sys_clk_i 
Generated: no
Virtual: no
Propagated: no
Period: 20.000000

===========================================================================
report_clock_properties
============================================================================
Clock                   Period          Waveform
----------------------------------------------------
sys_clk              20.000000    0.000000 10.000000

===========================================================================
report_clock_latency
============================================================================
Clock sys_clk
rise -> rise
    min     max
0.000000 0.000000 source latency
1.084333         network latency _1810_/CLK
        1.086916 network latency _1850_/CLK
---------------
1.084333 1.086916 latency
        0.002583 skew

fall -> fall
    min     max
0.000000 0.000000 source latency
1.081172         network latency _1810_/CLK
        1.083904 network latency _1850_/CLK
---------------
1.081172 1.083904 latency
        0.002732 skew



===========================================================================
report_clock_min_period
============================================================================
sys_clk period_min = 7.60 fmax = 131.66
Clock: periph_clk
Sources: periph_clk_i 
Generated: no
Virtual: no
Propagated: no
Period: 20.000000

===========================================================================
report_clock_properties
============================================================================
Clock                   Period          Waveform
----------------------------------------------------
periph_clk           20.000000    0.000000 10.000000

===========================================================================
report_clock_latency
============================================================================
Clock periph_clk
rise -> rise
    min     max
0.000000 0.000000 source latency
1.081926         network latency _1771_/CLK
        1.084538 network latency _1846_/CLK
---------------
1.081926 1.084538 latency
        0.002613 skew

fall -> fall
    min     max
0.000000 0.000000 source latency
1.078625         network latency _1771_/CLK
        1.081388 network latency _1846_/CLK
---------------
1.078625 1.081388 latency
        0.002763 skew



===========================================================================
report_clock_min_period
============================================================================
periph_clk period_min = 13.83 fmax = 72.32
