                                                                       Cells by Function                                                                        
┏━━━━━━━━━━━━━━━━━━━━━━━━━━━━━━━━━━━━━━━━━━━━━━━━━━━━━━━━━━━━━━━━━━━━━━━━━━━━━━━━━━━━━━━━━━━━━━━━━━━━━━━━━━━━━━━━━━━━━━━━━━━━━━━━━━━┳━━━━━━━━━━━━━━━━━━━━━━━━━━┓
┃ Cell Function                                                                                                                     ┃ Count                    ┃
┡━━━━━━━━━━━━━━━━━━━━━━━━━━━━━━━━━━━━━━━━━━━━━━━━━━━━━━━━━━━━━━━━━━━━━━━━━━━━━━━━━━━━━━━━━━━━━━━━━━━━━━━━━━━━━━━━━━━━━━━━━━━━━━━━━━━╇━━━━━━━━━━━━━━━━━━━━━━━━━━┩
│ gf180mcu_fd_sc_mcu7t5v0__and2                                                                                                     │ 17                       │
│ gf180mcu_fd_sc_mcu7t5v0__and3                                                                                                     │ 8                        │
│ gf180mcu_fd_sc_mcu7t5v0__and4                                                                                                     │ 55                       │
│ gf180mcu_fd_sc_mcu7t5v0__aoi21                                                                                                    │ 33                       │
│ gf180mcu_fd_sc_mcu7t5v0__aoi211                                                                                                   │ 7                        │
│ gf180mcu_fd_sc_mcu7t5v0__aoi22                                                                                                    │ 61                       │
│ gf180mcu_fd_sc_mcu7t5v0__aoi221                                                                                                   │ 12                       │
│ gf180mcu_fd_sc_mcu7t5v0__aoi222                                                                                                   │ 7                        │
│ gf180mcu_fd_sc_mcu7t5v0__buf                                                                                                      │ 185                      │
│ gf180mcu_fd_sc_mcu7t5v0__clkbuf                                                                                                   │ 250                      │
│ gf180mcu_fd_sc_mcu7t5v0__clkinv                                                                                                   │ 68                       │
│ gf180mcu_fd_sc_mcu7t5v0__dffrnq                                                                                                   │ 304                      │
│ gf180mcu_fd_sc_mcu7t5v0__dffsnq                                                                                                   │ 35                       │
│ gf180mcu_fd_sc_mcu7t5v0__dlya                                                                                                     │ 6                        │
│ gf180mcu_fd_sc_mcu7t5v0__dlyb                                                                                                     │ 190                      │
│ gf180mcu_fd_sc_mcu7t5v0__dlyc                                                                                                     │ 16                       │
│ gf180mcu_fd_sc_mcu7t5v0__fill                                                                                                     │ 1835                     │
│ gf180mcu_fd_sc_mcu7t5v0__fillcap                                                                                                  │ 2382                     │
│ gf180mcu_fd_sc_mcu7t5v0__mux2                                                                                                     │ 208                      │
│ gf180mcu_fd_sc_mcu7t5v0__mux4                                                                                                     │ 8                        │
│ gf180mcu_fd_sc_mcu7t5v0__nand2                                                                                                    │ 150                      │
│ gf180mcu_fd_sc_mcu7t5v0__nand3                                                                                                    │ 60                       │
│ gf180mcu_fd_sc_mcu7t5v0__nand4                                                                                                    │ 61                       │
│ gf180mcu_fd_sc_mcu7t5v0__nor2                                                                                                     │ 35                       │
│ gf180mcu_fd_sc_mcu7t5v0__nor3                                                                                                     │ 35                       │
│ gf180mcu_fd_sc_mcu7t5v0__nor4                                                                                                     │ 17                       │
│ gf180mcu_fd_sc_mcu7t5v0__oai21                                                                                                    │ 36                       │
│ gf180mcu_fd_sc_mcu7t5v0__oai211                                                                                                   │ 17                       │
│ gf180mcu_fd_sc_mcu7t5v0__oai22                                                                                                    │ 3                        │
│ gf180mcu_fd_sc_mcu7t5v0__oai221                                                                                                   │ 3                        │
│ gf180mcu_fd_sc_mcu7t5v0__oai222                                                                                                   │ 2                        │
│ gf180mcu_fd_sc_mcu7t5v0__oai31                                                                                                    │ 3                        │
│ gf180mcu_fd_sc_mcu7t5v0__oai32                                                                                                    │ 2                        │
│ gf180mcu_fd_sc_mcu7t5v0__or2                                                                                                      │ 17                       │
│ gf180mcu_fd_sc_mcu7t5v0__or3                                                                                                      │ 5                        │
│ gf180mcu_fd_sc_mcu7t5v0__xnor2                                                                                                    │ 4                        │
│ gf180mcu_fd_sc_mcu7t5v0__xor2                                                                                                     │ 20                       │
│ gf180mcu_fd_sc_mcu7t5v0__xor3                                                                                                     │ 1                        │
└───────────────────────────────────────────────────────────────────────────────────────────────────────────────────────────────────┴──────────────────────────┘
