[WARNING ORD-0039] .openroad ignored with -python
                                Cells by Master                                 
┏━━━━━━━━━━━━━━━━━━━━━━━━━━━━━━━━━━━━━━━━━━━━━━━━━━━━━━━━━━━━━━━━━┳━━━━━━━━━━━━┓
┃ Cell                                                            ┃ Count      ┃
┡━━━━━━━━━━━━━━━━━━━━━━━━━━━━━━━━━━━━━━━━━━━━━━━━━━━━━━━━━━━━━━━━━╇━━━━━━━━━━━━┩
│ gf180mcu_fd_sc_mcu7t5v0__and2_1                                 │ 17         │
│ gf180mcu_fd_sc_mcu7t5v0__and3_1                                 │ 8          │
│ gf180mcu_fd_sc_mcu7t5v0__and4_1                                 │ 55         │
│ gf180mcu_fd_sc_mcu7t5v0__antenna                                │ 3          │
│ gf180mcu_fd_sc_mcu7t5v0__aoi211_1                               │ 7          │
│ gf180mcu_fd_sc_mcu7t5v0__aoi21_1                                │ 33         │
│ gf180mcu_fd_sc_mcu7t5v0__aoi221_1                               │ 12         │
│ gf180mcu_fd_sc_mcu7t5v0__aoi222_1                               │ 7          │
│ gf180mcu_fd_sc_mcu7t5v0__aoi22_1                                │ 60         │
│ gf180mcu_fd_sc_mcu7t5v0__aoi22_2                                │ 1          │
│ gf180mcu_fd_sc_mcu7t5v0__buf_1                                  │ 136        │
│ gf180mcu_fd_sc_mcu7t5v0__buf_2                                  │ 45         │
│ gf180mcu_fd_sc_mcu7t5v0__buf_3                                  │ 1          │
│ gf180mcu_fd_sc_mcu7t5v0__buf_4                                  │ 3          │
│ gf180mcu_fd_sc_mcu7t5v0__clkbuf_1                               │ 9          │
│ gf180mcu_fd_sc_mcu7t5v0__clkbuf_16                              │ 66         │
│ gf180mcu_fd_sc_mcu7t5v0__clkbuf_2                               │ 60         │
│ gf180mcu_fd_sc_mcu7t5v0__clkbuf_3                               │ 115        │
│ gf180mcu_fd_sc_mcu7t5v0__clkinv_1                               │ 68         │
│ gf180mcu_fd_sc_mcu7t5v0__dffrnq_1                               │ 304        │
│ gf180mcu_fd_sc_mcu7t5v0__dffsnq_1                               │ 35         │
│ gf180mcu_fd_sc_mcu7t5v0__dlya_1                                 │ 6          │
│ gf180mcu_fd_sc_mcu7t5v0__dlyb_1                                 │ 190        │
│ gf180mcu_fd_sc_mcu7t5v0__dlyc_1                                 │ 16         │
│ gf180mcu_fd_sc_mcu7t5v0__endcap                                 │ 198        │
│ gf180mcu_fd_sc_mcu7t5v0__fill_1                                 │ 917        │
│ gf180mcu_fd_sc_mcu7t5v0__fill_2                                 │ 918        │
│ gf180mcu_fd_sc_mcu7t5v0__fillcap_16                             │ 493        │
│ gf180mcu_fd_sc_mcu7t5v0__fillcap_32                             │ 251        │
│ gf180mcu_fd_sc_mcu7t5v0__fillcap_4                              │ 862        │
│ gf180mcu_fd_sc_mcu7t5v0__fillcap_64                             │ 129        │
│ gf180mcu_fd_sc_mcu7t5v0__fillcap_8                              │ 647        │
│ gf180mcu_fd_sc_mcu7t5v0__filltie                                │ 961        │
│ gf180mcu_fd_sc_mcu7t5v0__mux2_2                                 │ 208        │
│ gf180mcu_fd_sc_mcu7t5v0__mux4_1                                 │ 8          │
│ gf180mcu_fd_sc_mcu7t5v0__nand2_1                                │ 150        │
│ gf180mcu_fd_sc_mcu7t5v0__nand3_1                                │ 59         │
│ gf180mcu_fd_sc_mcu7t5v0__nand3_4                                │ 1          │
│ gf180mcu_fd_sc_mcu7t5v0__nand4_1                                │ 59         │
│ gf180mcu_fd_sc_mcu7t5v0__nand4_2                                │ 2          │
│ gf180mcu_fd_sc_mcu7t5v0__nor2_1                                 │ 35         │
│ gf180mcu_fd_sc_mcu7t5v0__nor3_1                                 │ 35         │
│ gf180mcu_fd_sc_mcu7t5v0__nor4_1                                 │ 16         │
│ gf180mcu_fd_sc_mcu7t5v0__nor4_2                                 │ 1          │
│ gf180mcu_fd_sc_mcu7t5v0__oai211_1                               │ 17         │
│ gf180mcu_fd_sc_mcu7t5v0__oai21_1                                │ 36         │
│ gf180mcu_fd_sc_mcu7t5v0__oai221_1                               │ 3          │
│ gf180mcu_fd_sc_mcu7t5v0__oai222_1                               │ 2          │
│ gf180mcu_fd_sc_mcu7t5v0__oai22_1                                │ 3          │
│ gf180mcu_fd_sc_mcu7t5v0__oai31_1                                │ 3          │
│ gf180mcu_fd_sc_mcu7t5v0__oai32_1                                │ 2          │
│ gf180mcu_fd_sc_mcu7t5v0__or2_1                                  │ 17         │
│ gf180mcu_fd_sc_mcu7t5v0__or3_1                                  │ 5          │
│ gf180mcu_fd_sc_mcu7t5v0__tieh                                   │ 1          │
│ gf180mcu_fd_sc_mcu7t5v0__tiel                                   │ 32         │
│ gf180mcu_fd_sc_mcu7t5v0__xnor2_1                                │ 4          │
│ gf180mcu_fd_sc_mcu7t5v0__xor2_1                                 │ 20         │
│ gf180mcu_fd_sc_mcu7t5v0__xor3_1                                 │ 1          │
└─────────────────────────────────────────────────────────────────┴────────────┘
                               Cells by Function                                
┏━━━━━━━━━━━━━━━━━━━━━━━━━━━━━━━━━━━━━━━━━━━━━━━━━━━━━━━━━━━━━━━━┳━━━━━━━━━━━━━┓
┃ Cell Function                                                  ┃ Count       ┃
┡━━━━━━━━━━━━━━━━━━━━━━━━━━━━━━━━━━━━━━━━━━━━━━━━━━━━━━━━━━━━━━━━╇━━━━━━━━━━━━━┩
│ gf180mcu_fd_sc_mcu7t5v0__and2                                  │ 17          │
│ gf180mcu_fd_sc_mcu7t5v0__and3                                  │ 8           │
│ gf180mcu_fd_sc_mcu7t5v0__and4                                  │ 55          │
│ gf180mcu_fd_sc_mcu7t5v0__aoi21                                 │ 33          │
│ gf180mcu_fd_sc_mcu7t5v0__aoi211                                │ 7           │
│ gf180mcu_fd_sc_mcu7t5v0__aoi22                                 │ 61          │
│ gf180mcu_fd_sc_mcu7t5v0__aoi221                                │ 12          │
│ gf180mcu_fd_sc_mcu7t5v0__aoi222                                │ 7           │
│ gf180mcu_fd_sc_mcu7t5v0__buf                                   │ 185         │
│ gf180mcu_fd_sc_mcu7t5v0__clkbuf                                │ 250         │
│ gf180mcu_fd_sc_mcu7t5v0__clkinv                                │ 68          │
│ gf180mcu_fd_sc_mcu7t5v0__dffrnq                                │ 304         │
│ gf180mcu_fd_sc_mcu7t5v0__dffsnq                                │ 35          │
│ gf180mcu_fd_sc_mcu7t5v0__dlya                                  │ 6           │
│ gf180mcu_fd_sc_mcu7t5v0__dlyb                                  │ 190         │
│ gf180mcu_fd_sc_mcu7t5v0__dlyc                                  │ 16          │
│ gf180mcu_fd_sc_mcu7t5v0__fill                                  │ 1835        │
│ gf180mcu_fd_sc_mcu7t5v0__fillcap                               │ 2382        │
│ gf180mcu_fd_sc_mcu7t5v0__mux2                                  │ 208         │
│ gf180mcu_fd_sc_mcu7t5v0__mux4                                  │ 8           │
│ gf180mcu_fd_sc_mcu7t5v0__nand2                                 │ 150         │
│ gf180mcu_fd_sc_mcu7t5v0__nand3                                 │ 60          │
│ gf180mcu_fd_sc_mcu7t5v0__nand4                                 │ 61          │
│ gf180mcu_fd_sc_mcu7t5v0__nor2                                  │ 35          │
│ gf180mcu_fd_sc_mcu7t5v0__nor3                                  │ 35          │
│ gf180mcu_fd_sc_mcu7t5v0__nor4                                  │ 17          │
│ gf180mcu_fd_sc_mcu7t5v0__oai21                                 │ 36          │
│ gf180mcu_fd_sc_mcu7t5v0__oai211                                │ 17          │
│ gf180mcu_fd_sc_mcu7t5v0__oai22                                 │ 3           │
│ gf180mcu_fd_sc_mcu7t5v0__oai221                                │ 3           │
│ gf180mcu_fd_sc_mcu7t5v0__oai222                                │ 2           │
│ gf180mcu_fd_sc_mcu7t5v0__oai31                                 │ 3           │
│ gf180mcu_fd_sc_mcu7t5v0__oai32                                 │ 2           │
│ gf180mcu_fd_sc_mcu7t5v0__or2                                   │ 17          │
│ gf180mcu_fd_sc_mcu7t5v0__or3                                   │ 5           │
│ gf180mcu_fd_sc_mcu7t5v0__xnor2                                 │ 4           │
│ gf180mcu_fd_sc_mcu7t5v0__xor2                                  │ 20          │
│ gf180mcu_fd_sc_mcu7t5v0__xor3                                  │ 1           │
└────────────────────────────────────────────────────────────────┴─────────────┘
                                  Cells by SCL                                  
┏━━━━━━━━━━━━━━━━━━━━━━━━━━━━━━━━━━━━━━━━━━━━━━━━━━━━━━━━━━━━━┳━━━━━━━━━━━━━━━━┓
┃ SCL                                                         ┃ Count          ┃
┡━━━━━━━━━━━━━━━━━━━━━━━━━━━━━━━━━━━━━━━━━━━━━━━━━━━━━━━━━━━━━╇━━━━━━━━━━━━━━━━┩
│ gf180mcu_fd_sc_mcu7t5v0                                     │ 6158           │
└─────────────────────────────────────────────────────────────┴────────────────┘
                             Buffers by Cell Master                             
┏━━━━━━━━━━━━━━━━━━━━━━━━━━━━━━━━━━━━━━━━━━━━━━━━━━━━━━━━━━━━━━━━━┳━━━━━━━━━━━━┓
┃ Buffer                                                          ┃ Count      ┃
┡━━━━━━━━━━━━━━━━━━━━━━━━━━━━━━━━━━━━━━━━━━━━━━━━━━━━━━━━━━━━━━━━━╇━━━━━━━━━━━━┩
│ gf180mcu_fd_sc_mcu7t5v0__buf_1                                  │ 136        │
│ gf180mcu_fd_sc_mcu7t5v0__buf_2                                  │ 45         │
│ gf180mcu_fd_sc_mcu7t5v0__buf_3                                  │ 1          │
│ gf180mcu_fd_sc_mcu7t5v0__buf_4                                  │ 3          │
│ gf180mcu_fd_sc_mcu7t5v0__clkbuf_1                               │ 9          │
│ gf180mcu_fd_sc_mcu7t5v0__clkbuf_16                              │ 66         │
│ gf180mcu_fd_sc_mcu7t5v0__clkbuf_2                               │ 60         │
│ gf180mcu_fd_sc_mcu7t5v0__clkbuf_3                               │ 115        │
│ gf180mcu_fd_sc_mcu7t5v0__dlya_1                                 │ 6          │
│ gf180mcu_fd_sc_mcu7t5v0__dlyb_1                                 │ 190        │
│ gf180mcu_fd_sc_mcu7t5v0__dlyc_1                                 │ 16         │
└─────────────────────────────────────────────────────────────────┴────────────┘
