Clock: sys_clk
Sources: sys_clk_i 
Generated: no
Virtual: yes
Propagated: no
Period: 20.000000

===========================================================================
report_clock_properties
============================================================================
Clock                   Period          Waveform
----------------------------------------------------
sys_clk              20.000000    0.000000 10.000000

===========================================================================
report_clock_latency
============================================================================
Clock sys_clk
rise -> rise
    min     max
0.000000 0.000000 source latency
0.862757         network latency _2042_/CLK
        0.888613 network latency _1911_/CLK
---------------
0.862757 0.888613 latency
        0.025856 skew

fall -> fall
    min     max
0.000000 0.000000 source latency
0.835277         network latency _1822_/CLK
        0.862767 network latency _1911_/CLK
---------------
0.835277 0.862767 latency
        0.027490 skew



===========================================================================
report_clock_min_period
============================================================================
sys_clk period_min = 4.03 fmax = 248.30
Clock: periph_clk
Sources: periph_clk_i 
Generated: no
Virtual: yes
Propagated: no
Period: 20.000000

===========================================================================
report_clock_properties
============================================================================
Clock                   Period          Waveform
----------------------------------------------------
periph_clk           20.000000    0.000000 10.000000

===========================================================================
report_clock_latency
============================================================================
Clock periph_clk
rise -> rise
    min     max
0.000000 0.000000 source latency
0.823828         network latency _1784_/CLK
        0.847260 network latency _1771_/CLK
---------------
0.823828 0.847260 latency
        0.023432 skew

fall -> fall
    min     max
0.000000 0.000000 source latency
0.799361         network latency _1784_/CLK
        0.824247 network latency _1771_/CLK
---------------
0.799361 0.824247 latency
        0.024887 skew



===========================================================================
report_clock_min_period
============================================================================
periph_clk period_min = 5.32 fmax = 188.08
