Clock: sys_clk
Sources: sys_clk_i 
Generated: no
Virtual: yes
Propagated: no
Period: 20.000000

===========================================================================
report_clock_properties
============================================================================
Clock                   Period          Waveform
----------------------------------------------------
sys_clk              20.000000    0.000000 10.000000

===========================================================================
report_clock_latency
============================================================================
Clock sys_clk
rise -> rise
    min     max
0.000000 0.000000 source latency
1.279576         network latency _1822_/CLK
        1.308101 network latency _1911_/CLK
---------------
1.279576 1.308101 latency
        0.028525 skew

fall -> fall
    min     max
0.000000 0.000000 source latency
1.254254         network latency _1822_/CLK
        1.285581 network latency _1911_/CLK
---------------
1.254254 1.285581 latency
        0.031328 skew



===========================================================================
report_clock_min_period
============================================================================
sys_clk period_min = 5.88 fmax = 170.08
Clock: periph_clk
Sources: periph_clk_i 
Generated: no
Virtual: yes
Propagated: no
Period: 20.000000

===========================================================================
report_clock_properties
============================================================================
Clock                   Period          Waveform
----------------------------------------------------
periph_clk           20.000000    0.000000 10.000000

===========================================================================
report_clock_latency
============================================================================
Clock periph_clk
rise -> rise
    min     max
0.000000 0.000000 source latency
1.228436         network latency _1848_/CLK
        1.253797 network latency _1798_/CLK
---------------
1.228436 1.253797 latency
        0.025361 skew

fall -> fall
    min     max
0.000000 0.000000 source latency
1.207533         network latency _1848_/CLK
        1.235240 network latency _1798_/CLK
---------------
1.207533 1.235240 latency
        0.027707 skew



===========================================================================
report_clock_min_period
============================================================================
periph_clk period_min = 7.84 fmax = 127.60
