Reading timing models for corner nom_tt_025C_5v00…
Reading timing library for the 'nom_tt_025C_5v00' corner at '/home/sahana/.ciel/gf180mcuD/libs.ref/gf180mcu_fd_sc_mcu7t5v0/lib/gf180mcu_fd_sc_mcu7t5v0__tt_025C_5v00.lib'…
Reading OpenROAD database at '/home/sahana/core5_udma/hardening/uart_top/runs/RUN_2026-08-01_23-03-19/18-openroad-cutrows/udma_uart_top.odb'…
Reading design constraints file at '/home/sahana/core5_udma/hardening/uart_top/constraints.closure.sdc'…
+ tapcell -halo_width_x 10 -halo_width_y 10 -distance 20 -tapcell_master gf180mcu_fd_sc_mcu7t5v0__filltie -endcap_master gf180mcu_fd_sc_mcu7t5v0__endcap
[INFO TAP-0004] Inserted 194 endcaps.
[INFO TAP-0005] Inserted 942 tapcells.
Setting global connections for newly added cells…
[INFO] Setting global connections...
[INFO ODB-0403] 2272 connections made, 0 conflicts skipped.
Updating metrics…
Cell type report:                       Count       Area
  Endcap cell                             194     851.74
  Tap cell                                942    4135.76
  Tie cell                                 33     289.77
  Inverter                                 69     605.88
  Sequential cell                         339   25455.54
  Multi-Input combinational cell          843   17699.90
  Total                                  2420   49038.57
Writing OpenROAD database to '/home/sahana/core5_udma/hardening/uart_top/runs/RUN_2026-08-01_23-03-19/19-openroad-tapendcapinsertion/udma_uart_top.odb'…
Writing netlist to '/home/sahana/core5_udma/hardening/uart_top/runs/RUN_2026-08-01_23-03-19/19-openroad-tapendcapinsertion/udma_uart_top.nl.v'…
Writing powered netlist to '/home/sahana/core5_udma/hardening/uart_top/runs/RUN_2026-08-01_23-03-19/19-openroad-tapendcapinsertion/udma_uart_top.pnl.v'…
Writing layout to '/home/sahana/core5_udma/hardening/uart_top/runs/RUN_2026-08-01_23-03-19/19-openroad-tapendcapinsertion/udma_uart_top.def'…
Writing timing constraints to '/home/sahana/core5_udma/hardening/uart_top/runs/RUN_2026-08-01_23-03-19/19-openroad-tapendcapinsertion/udma_uart_top.sdc'…
