Clock: sys_clk
Sources: sys_clk_i 
Generated: no
Virtual: yes
Propagated: no
Period: 20.000000

===========================================================================
report_clock_properties
============================================================================
Clock                   Period          Waveform
----------------------------------------------------
sys_clk              20.000000    0.000000 10.000000

===========================================================================
report_clock_latency
============================================================================
Clock sys_clk
rise -> rise
    min     max
0.000000 0.000000 source latency
0.730164         network latency _1808_/CLK
        0.759176 network latency _1888_/CLK
---------------
0.730164 0.759176 latency
        0.029013 skew

fall -> fall
    min     max
0.000000 0.000000 source latency
0.698698         network latency _1808_/CLK
        0.728881 network latency _1888_/CLK
---------------
0.698698 0.728881 latency
        0.030183 skew



===========================================================================
report_clock_min_period
============================================================================
sys_clk period_min = 4.65 fmax = 215.11
Clock: periph_clk
Sources: periph_clk_i 
Generated: no
Virtual: yes
Propagated: no
Period: 20.000000

===========================================================================
report_clock_properties
============================================================================
Clock                   Period          Waveform
----------------------------------------------------
periph_clk           20.000000    0.000000 10.000000

===========================================================================
report_clock_latency
============================================================================
Clock periph_clk
rise -> rise
    min     max
0.000000 0.000000 source latency
0.708472         network latency _2021_/CLK
        0.718254 network latency _1798_/CLK
---------------
0.708472 0.718254 latency
        0.009782 skew

fall -> fall
    min     max
0.000000 0.000000 source latency
0.679445         network latency _2021_/CLK
        0.690636 network latency _1798_/CLK
---------------
0.679445 0.690636 latency
        0.011191 skew



===========================================================================
report_clock_min_period
============================================================================
periph_clk period_min = 5.98 fmax = 167.10
