
===========================================================================
 report_power
============================================================================
======================= max_ff_n40C_5v50 Corner ===================================

Group                    Internal    Switching      Leakage        Total
                            Power        Power        Power        Power (Watts)
------------------------------------------------------------------------
Sequential           1.473756e-02 1.349560e-03 1.827542e-07 1.608730e-02  31.9%
Combinational        5.114824e-03 4.489141e-03 2.135359e-07 9.604178e-03  19.1%
Clock                1.829880e-02 6.403735e-03 3.846570e-07 2.470293e-02  49.0%
Macro                0.000000e+00 0.000000e+00 0.000000e+00 0.000000e+00   0.0%
Pad                  0.000000e+00 0.000000e+00 0.000000e+00 0.000000e+00   0.0%
------------------------------------------------------------------------
Total                3.815117e-02 1.224243e-02 7.809455e-07 5.039439e-02 100.0%
                            75.7%        24.3%         0.0%

