
===========================================================================
report_checks -unconstrained
===========================================================================
======================= nom_tt_025C_5v00 Corner ===================================

Startpoint: _2030_ (rising edge-triggered flip-flop clocked by sys_clk)
Endpoint: _2067_ (recovery check against rising-edge clock sys_clk)
Path Group: asynchronous
Path Type: max

Fanout         Cap        Slew       Delay        Time   Description
---------------------------------------------------------------------------------------------
                                  0.000000    0.000000   clock sys_clk (rise edge)
                                  0.000000    0.000000   clock source latency
     1    0.061505    0.278925    0.151145    0.151145 ^ sys_clk_i (in)
                                                         sys_clk_i (net)
                      0.279335    0.000000    0.151145 ^ clkbuf_0_sys_clk_i/I (gf180mcu_fd_sc_mcu7t5v0__clkbuf_20)
    16    0.178995    0.196678    0.335861    0.487005 ^ clkbuf_0_sys_clk_i/Z (gf180mcu_fd_sc_mcu7t5v0__clkbuf_20)
                                                         clknet_0_sys_clk_i (net)
                      0.196761    0.006272    0.493277 ^ clkbuf_4_7_0_sys_clk_i/I (gf180mcu_fd_sc_mcu7t5v0__clkbuf_2)
     2    0.060607    0.520400    0.506068    0.999346 ^ clkbuf_4_7_0_sys_clk_i/Z (gf180mcu_fd_sc_mcu7t5v0__clkbuf_2)
                                                         clknet_4_7_0_sys_clk_i (net)
                      0.520410    0.001282    1.000628 ^ clkbuf_5_14__f_sys_clk_i/I (gf180mcu_fd_sc_mcu7t5v0__clkbuf_20)
     6    0.041278    0.110463    0.311138    1.311765 ^ clkbuf_5_14__f_sys_clk_i/Z (gf180mcu_fd_sc_mcu7t5v0__clkbuf_20)
                                                         clknet_5_14__leaf_sys_clk_i (net)
                      0.110464    0.000966    1.312731 ^ _2030_/CLK (gf180mcu_fd_sc_mcu7t5v0__dffrnq_1)
     2    0.025474    0.289598    0.826219    2.138950 v _2030_/Q (gf180mcu_fd_sc_mcu7t5v0__dffrnq_1)
                                                         s_uart_rx_clean_fifo (net)
                      0.289610    0.001186    2.140136 v _0923_/A2 (gf180mcu_fd_sc_mcu7t5v0__nor2_1)
     2    0.017533    0.627253    0.435825    2.575961 ^ _0923_/ZN (gf180mcu_fd_sc_mcu7t5v0__nor2_1)
                                                         u_dc_fifo_rx.dst_rstn_i (net)
                      0.627253    0.000229    2.576190 ^ fanout356/I (gf180mcu_fd_sc_mcu7t5v0__buf_1)
     8    0.074461    1.241905    0.908036    3.484226 ^ fanout356/Z (gf180mcu_fd_sc_mcu7t5v0__buf_1)
                                                         net356 (net)
                      1.241927    0.002941    3.487167 ^ fanout352/I (gf180mcu_fd_sc_mcu7t5v0__dlyb_1)
     2    0.015283    0.316662    0.996508    4.483675 ^ fanout352/Z (gf180mcu_fd_sc_mcu7t5v0__dlyb_1)
                                                         net352 (net)
                      0.316662    0.000159    4.483833 ^ load_slew353/I (gf180mcu_fd_sc_mcu7t5v0__clkbuf_4)
     9    0.086051    0.381999    0.471634    4.955467 ^ load_slew353/Z (gf180mcu_fd_sc_mcu7t5v0__clkbuf_4)
                                                         net353 (net)
                      0.382073    0.002941    4.958408 ^ _2067_/SETN (gf180mcu_fd_sc_mcu7t5v0__dffsnq_1)
                                              4.958408   data arrival time

                                 20.000000   20.000000   clock sys_clk (rise edge)
                                  0.000000   20.000000   clock source latency
     1    0.061505    0.278925    0.151145   20.151146 ^ sys_clk_i (in)
                                                         sys_clk_i (net)
                      0.279335    0.000000   20.151146 ^ clkbuf_0_sys_clk_i/I (gf180mcu_fd_sc_mcu7t5v0__clkbuf_20)
    16    0.178995    0.196678    0.335861   20.487007 ^ clkbuf_0_sys_clk_i/Z (gf180mcu_fd_sc_mcu7t5v0__clkbuf_20)
                                                         clknet_0_sys_clk_i (net)
                      0.196870    0.008587   20.495594 ^ clkbuf_4_4_0_sys_clk_i/I (gf180mcu_fd_sc_mcu7t5v0__clkbuf_2)
     2    0.061049    0.523876    0.508086   21.003679 ^ clkbuf_4_4_0_sys_clk_i/Z (gf180mcu_fd_sc_mcu7t5v0__clkbuf_2)
                                                         clknet_4_4_0_sys_clk_i (net)
                      0.523887    0.001357   21.005037 ^ clkbuf_5_8__f_sys_clk_i/I (gf180mcu_fd_sc_mcu7t5v0__clkbuf_20)
     6    0.031590    0.103587    0.306185   21.311222 ^ clkbuf_5_8__f_sys_clk_i/Z (gf180mcu_fd_sc_mcu7t5v0__clkbuf_20)
                                                         clknet_5_8__leaf_sys_clk_i (net)
                      0.103587    0.000037   21.311258 ^ _2067_/CLK (gf180mcu_fd_sc_mcu7t5v0__dffsnq_1)
                                 -0.250000   21.061260   clock uncertainty
                                  0.000000   21.061260   clock reconvergence pessimism
                                 -0.007822   21.053438   library recovery time
                                             21.053438   data required time
---------------------------------------------------------------------------------------------
                                             21.053438   data required time
                                             -4.958408   data arrival time
---------------------------------------------------------------------------------------------
                                             16.095030   slack (MET)


Startpoint: _1968_ (rising edge-triggered flip-flop clocked by periph_clk)
Endpoint: _1776_ (rising edge-triggered flip-flop clocked by periph_clk)
Path Group: periph_clk
Path Type: max

Fanout         Cap        Slew       Delay        Time   Description
---------------------------------------------------------------------------------------------
                                  0.000000    0.000000   clock periph_clk (rise edge)
                                  0.000000    0.000000   clock source latency
     1    0.054527    0.252286    0.133751    0.133751 ^ periph_clk_i (in)
                                                         periph_clk_i (net)
                      0.252364    0.000000    0.133751 ^ clkbuf_0_periph_clk_i/I (gf180mcu_fd_sc_mcu7t5v0__clkbuf_20)
    16    0.136507    0.167149    0.312640    0.446392 ^ clkbuf_0_periph_clk_i/Z (gf180mcu_fd_sc_mcu7t5v0__clkbuf_20)
                                                         clknet_0_periph_clk_i (net)
                      0.167157    0.002069    0.448460 ^ clkbuf_4_1_0_periph_clk_i/I (gf180mcu_fd_sc_mcu7t5v0__clkbuf_2)
     2    0.058629    0.504697    0.490743    0.939203 ^ clkbuf_4_1_0_periph_clk_i/Z (gf180mcu_fd_sc_mcu7t5v0__clkbuf_2)
                                                         clknet_4_1_0_periph_clk_i (net)
                      0.504707    0.001241    0.940445 ^ clkbuf_5_2__f_periph_clk_i/I (gf180mcu_fd_sc_mcu7t5v0__clkbuf_20)
     6    0.029699    0.101511    0.301771    1.242216 ^ clkbuf_5_2__f_periph_clk_i/Z (gf180mcu_fd_sc_mcu7t5v0__clkbuf_20)
                                                         clknet_5_2__leaf_periph_clk_i (net)
                      0.101511    0.000425    1.242641 ^ _1968_/CLK (gf180mcu_fd_sc_mcu7t5v0__dffrnq_1)
    10    0.055517    0.564794    1.004477    2.247118 v _1968_/Q (gf180mcu_fd_sc_mcu7t5v0__dffrnq_1)
                                                         u_uart_rx.CS[1] (net)
                      0.564804    0.001328    2.248446 v _1003_/A2 (gf180mcu_fd_sc_mcu7t5v0__nor2_1)
     2    0.009847    0.449445    0.361793    2.610239 ^ _1003_/ZN (gf180mcu_fd_sc_mcu7t5v0__nor2_1)
                                                         _0783_ (net)
                      0.449445    0.000083    2.610322 ^ _1005_/A4 (gf180mcu_fd_sc_mcu7t5v0__nand4_1)
     3    0.026262    0.819342    0.517463    3.127785 v _1005_/ZN (gf180mcu_fd_sc_mcu7t5v0__nand4_1)
                                                         _0785_ (net)
                      0.819342    0.000744    3.128529 v _1077_/B (gf180mcu_fd_sc_mcu7t5v0__aoi21_1)
     1    0.006401    0.462425    0.409169    3.537698 ^ _1077_/ZN (gf180mcu_fd_sc_mcu7t5v0__aoi21_1)
                                                         _0851_ (net)
                      0.462425    0.000142    3.537840 ^ fanout315/I (gf180mcu_fd_sc_mcu7t5v0__dlyb_1)
     8    0.069039    1.157043    1.503176    5.041016 ^ fanout315/Z (gf180mcu_fd_sc_mcu7t5v0__dlyb_1)
                                                         net315 (net)
                      1.157043    0.001056    5.042073 ^ fanout314/I (gf180mcu_fd_sc_mcu7t5v0__buf_1)
    10    0.079955    1.330215    0.966626    6.008698 ^ fanout314/Z (gf180mcu_fd_sc_mcu7t5v0__buf_1)
                                                         net314 (net)
                      1.330215    0.001161    6.009860 ^ _1078_/I (gf180mcu_fd_sc_mcu7t5v0__clkinv_1)
     3    0.023553    0.626367    0.487772    6.497632 v _1078_/ZN (gf180mcu_fd_sc_mcu7t5v0__clkinv_1)
                                                         _0852_ (net)
                      0.626367    0.000604    6.498235 v _1278_/A2 (gf180mcu_fd_sc_mcu7t5v0__nor2_1)
     3    0.041232    1.313278    0.884101    7.382336 ^ _1278_/ZN (gf180mcu_fd_sc_mcu7t5v0__nor2_1)
                                                         _0408_ (net)
                      1.313278    0.001011    7.383347 ^ max_cap535/I (gf180mcu_fd_sc_mcu7t5v0__clkbuf_2)
     3    0.040860    0.377231    0.565449    7.948796 ^ max_cap535/Z (gf180mcu_fd_sc_mcu7t5v0__clkbuf_2)
                                                         net535 (net)
                      0.377233    0.001187    7.949983 ^ max_cap227/I (gf180mcu_fd_sc_mcu7t5v0__buf_2)
     4    0.060972    0.523595    0.467413    8.417396 ^ max_cap227/Z (gf180mcu_fd_sc_mcu7t5v0__buf_2)
                                                         net227 (net)
                      0.523611    0.001606    8.419002 ^ _1285_/S (gf180mcu_fd_sc_mcu7t5v0__mux2_2)
     1    0.003632    0.100390    0.291859    8.710860 ^ _1285_/Z (gf180mcu_fd_sc_mcu7t5v0__mux2_2)
                                                         _0050_ (net)
                      0.100390    0.000037    8.710898 ^ _1776_/D (gf180mcu_fd_sc_mcu7t5v0__dffrnq_1)
                                              8.710898   data arrival time

                                 20.000000   20.000000   clock periph_clk (rise edge)
                                  0.000000   20.000000   clock source latency
     1    0.054527    0.252286    0.133751   20.133751 ^ periph_clk_i (in)
                                                         periph_clk_i (net)
                      0.252364    0.000000   20.133751 ^ clkbuf_0_periph_clk_i/I (gf180mcu_fd_sc_mcu7t5v0__clkbuf_20)
    16    0.136507    0.167149    0.312641   20.446392 ^ clkbuf_0_periph_clk_i/Z (gf180mcu_fd_sc_mcu7t5v0__clkbuf_20)
                                                         clknet_0_periph_clk_i (net)
                      0.167157    0.002069   20.448462 ^ clkbuf_4_1_0_periph_clk_i/I (gf180mcu_fd_sc_mcu7t5v0__clkbuf_2)
     2    0.058629    0.504697    0.490743   20.939205 ^ clkbuf_4_1_0_periph_clk_i/Z (gf180mcu_fd_sc_mcu7t5v0__clkbuf_2)
                                                         clknet_4_1_0_periph_clk_i (net)
                      0.504709    0.001318   20.940523 ^ clkbuf_5_3__f_periph_clk_i/I (gf180mcu_fd_sc_mcu7t5v0__clkbuf_20)
     5    0.029707    0.101516    0.301778   21.242300 ^ clkbuf_5_3__f_periph_clk_i/Z (gf180mcu_fd_sc_mcu7t5v0__clkbuf_20)
                                                         clknet_5_3__leaf_periph_clk_i (net)
                      0.101516    0.000282   21.242584 ^ _1776_/CLK (gf180mcu_fd_sc_mcu7t5v0__dffrnq_1)
                                 -0.250000   20.992584   clock uncertainty
                                  0.000000   20.992584   clock reconvergence pessimism
                                 -0.298392   20.694191   library setup time
                                             20.694191   data required time
---------------------------------------------------------------------------------------------
                                             20.694191   data required time
                                             -8.710898   data arrival time
---------------------------------------------------------------------------------------------
                                             11.983294   slack (MET)


Startpoint: cfg_rwn_i (input port clocked by sys_clk)
Endpoint: cfg_data_o[23] (output port clocked by sys_clk)
Path Group: sys_clk
Path Type: max

Fanout         Cap        Slew       Delay        Time   Description
---------------------------------------------------------------------------------------------
                                  0.000000    0.000000   clock sys_clk (rise edge)
                                  0.000000    0.000000   clock network delay (propagated)
                                  2.000000    2.000000 v input external delay
     1    0.009434    0.117417    0.057060    2.057060 v cfg_rwn_i (in)
                                                         cfg_rwn_i (net)
                      0.117417    0.000000    2.057060 v input38/I (gf180mcu_fd_sc_mcu7t5v0__dlyb_1)
     8    0.056060    0.656129    1.368120    3.425181 v input38/Z (gf180mcu_fd_sc_mcu7t5v0__dlyb_1)
                                                         net38 (net)
                      0.656178    0.003198    3.428379 v _1085_/A1 (gf180mcu_fd_sc_mcu7t5v0__nand3_1)
     5    0.023453    0.646990    0.524939    3.953318 ^ _1085_/ZN (gf180mcu_fd_sc_mcu7t5v0__nand3_1)
                                                         _0291_ (net)
                      0.646990    0.000412    3.953730 ^ _1086_/A2 (gf180mcu_fd_sc_mcu7t5v0__nor2_1)
     4    0.019631    0.476073    0.349279    4.303009 v _1086_/ZN (gf180mcu_fd_sc_mcu7t5v0__nor2_1)
                                                         _0292_ (net)
                      0.476073    0.000116    4.303125 v _1087_/A2 (gf180mcu_fd_sc_mcu7t5v0__and2_1)
     1    0.011519    0.183619    0.423600    4.726726 v _1087_/Z (gf180mcu_fd_sc_mcu7t5v0__and2_1)
                                                         _0293_ (net)
                      0.183619    0.000361    4.727087 v fanout339/I (gf180mcu_fd_sc_mcu7t5v0__buf_1)
    11    0.123655    1.214965    0.984480    5.711566 v fanout339/Z (gf180mcu_fd_sc_mcu7t5v0__buf_1)
                                                         net339 (net)
                      1.214996    0.003562    5.715128 v fanout338/I (gf180mcu_fd_sc_mcu7t5v0__dlyb_1)
     7    0.051752    0.618597    1.713748    7.428877 v fanout338/Z (gf180mcu_fd_sc_mcu7t5v0__dlyb_1)
                                                         net338 (net)
                      0.618599    0.000949    7.429826 v fanout337/I (gf180mcu_fd_sc_mcu7t5v0__dlyb_1)
    10    0.060747    0.694454    1.577918    9.007744 v fanout337/Z (gf180mcu_fd_sc_mcu7t5v0__dlyb_1)
                                                         net337 (net)
                      0.694454    0.000357    9.008101 v _1095_/A2 (gf180mcu_fd_sc_mcu7t5v0__and2_1)
     1    0.025435    0.304105    0.576218    9.584319 v _1095_/Z (gf180mcu_fd_sc_mcu7t5v0__and2_1)
                                                         net128 (net)
                      0.304123    0.001291    9.585609 v output128/I (gf180mcu_fd_sc_mcu7t5v0__buf_1)
     1    0.005825    0.125539    0.313895    9.899505 v output128/Z (gf180mcu_fd_sc_mcu7t5v0__buf_1)
                                                         net285 (net)
                      0.125539    0.000057    9.899562 v wire285/I (gf180mcu_fd_sc_mcu7t5v0__clkbuf_3)
     1    0.074109    0.340744    0.417788   10.317349 v wire285/Z (gf180mcu_fd_sc_mcu7t5v0__clkbuf_3)
                                                         cfg_data_o[23] (net)
                      0.340752    0.000978   10.318327 v cfg_data_o[23] (out)
                                             10.318327   data arrival time

                                 20.000000   20.000000   clock sys_clk (rise edge)
                                  0.000000   20.000000   clock network delay (propagated)
                                 -0.250000   19.750002   clock uncertainty
                                  0.000000   19.750002   clock reconvergence pessimism
                                 -2.000000   17.750002   output external delay
                                             17.750002   data required time
---------------------------------------------------------------------------------------------
                                             17.750002   data required time
                                            -10.318327   data arrival time
---------------------------------------------------------------------------------------------
                                              7.431674   slack (MET)




===========================================================================
report_checks --slack_max -0.01
============================================================================
======================= nom_tt_025C_5v00 Corner ===================================

No paths found.


===========================================================================
 report_check_types -max_slew -max_cap -max_fanout -violators
============================================================================
======================= nom_tt_025C_5v00 Corner ===================================

max fanout

Pin                                   Limit Fanout  Slack
---------------------------------------------------------
clkbuf_0_periph_clk_i/Z                  10     16     -6 (VIOLATED)
clkbuf_0_sys_clk_i/Z                     10     16     -6 (VIOLATED)
fanout339/Z                              10     11        (VIOLATED)



===========================================================================
report_parasitic_annotation -report_unannotated
============================================================================
Found 45 unannotated drivers.
 data_tx_i[10]
 data_tx_i[11]
 data_tx_i[12]
 data_tx_i[13]
 data_tx_i[14]
 data_tx_i[15]
 data_tx_i[16]
 data_tx_i[17]
 data_tx_i[18]
 data_tx_i[19]
 data_tx_i[20]
 data_tx_i[21]
 data_tx_i[22]
 data_tx_i[23]
 data_tx_i[24]
 data_tx_i[25]
 data_tx_i[26]
 data_tx_i[27]
 data_tx_i[28]
 data_tx_i[29]
 data_tx_i[30]
 data_tx_i[31]
 data_tx_i[8]
 data_tx_i[9]
 clkload0/Z
 clkload1/Z
 clkload10/Z
 clkload11/Z
 clkload12/Z
 clkload13/Z
 clkload14/Z
 clkload15/Z
 clkload16/Z
 clkload17/Z
 clkload18/Z
 clkload19/Z
 clkload2/Z
 clkload20/Z
 clkload3/Z
 clkload4/Z
 clkload5/Z
 clkload6/Z
 clkload7/Z
 clkload8/Z
 clkload9/Z
Found 0 partially unannotated drivers.

===========================================================================
max slew violation count 0
max fanout violation count 3
max cap violation count 0
============================================================================

===========================================================================
check_setup -verbose -unconstrained_endpoints -multiple_clock -no_clock -no_input_delay -loops -generated_clocks
===========================================================================
Warning: There is 1 input port missing set_input_delay.
  rstn_i
