Clock: sys_clk
Sources: sys_clk_i 
Generated: no
Virtual: yes
Propagated: no
Period: 20.000000

===========================================================================
report_clock_properties
============================================================================
Clock                   Period          Waveform
----------------------------------------------------
sys_clk              20.000000    0.000000 10.000000

===========================================================================
report_clock_latency
============================================================================
Clock sys_clk
rise -> rise
    min     max
0.000000 0.000000 source latency
1.295167         network latency _1822_/CLK
        1.328088 network latency _1911_/CLK
---------------
1.295167 1.328088 latency
        0.032921 skew

fall -> fall
    min     max
0.000000 0.000000 source latency
1.268333         network latency _1822_/CLK
        1.304520 network latency _1911_/CLK
---------------
1.268333 1.304520 latency
        0.036187 skew



===========================================================================
report_clock_min_period
============================================================================
sys_clk period_min = 6.01 fmax = 166.37
Clock: periph_clk
Sources: periph_clk_i 
Generated: no
Virtual: yes
Propagated: no
Period: 20.000000

===========================================================================
report_clock_properties
============================================================================
Clock                   Period          Waveform
----------------------------------------------------
periph_clk           20.000000    0.000000 10.000000

===========================================================================
report_clock_latency
============================================================================
Clock periph_clk
rise -> rise
    min     max
0.000000 0.000000 source latency
1.242257         network latency _1784_/CLK
        1.270689 network latency _1771_/CLK
---------------
1.242257 1.270689 latency
        0.028431 skew

fall -> fall
    min     max
0.000000 0.000000 source latency
1.219658         network latency _1784_/CLK
        1.250876 network latency _1771_/CLK
---------------
1.219658 1.250876 latency
        0.031218 skew



===========================================================================
report_clock_min_period
============================================================================
periph_clk period_min = 8.02 fmax = 124.74
