                                                                        Cells by Master                                                                         
┏━━━━━━━━━━━━━━━━━━━━━━━━━━━━━━━━━━━━━━━━━━━━━━━━━━━━━━━━━━━━━━━━━━━━━━━━━━━━━━━━━━━━━━━━━━━━━━━━━━━━━━━━━━━━━━━━━━━━━━━━━━━━━━━━━━━━━┳━━━━━━━━━━━━━━━━━━━━━━━━┓
┃ Cell                                                                                                                                ┃ Count                  ┃
┡━━━━━━━━━━━━━━━━━━━━━━━━━━━━━━━━━━━━━━━━━━━━━━━━━━━━━━━━━━━━━━━━━━━━━━━━━━━━━━━━━━━━━━━━━━━━━━━━━━━━━━━━━━━━━━━━━━━━━━━━━━━━━━━━━━━━━╇━━━━━━━━━━━━━━━━━━━━━━━━┩
│ gf180mcu_fd_sc_mcu7t5v0__and2_1                                                                                                     │ 37                     │
│ gf180mcu_fd_sc_mcu7t5v0__and2_2                                                                                                     │ 1                      │
│ gf180mcu_fd_sc_mcu7t5v0__and3_1                                                                                                     │ 15                     │
│ gf180mcu_fd_sc_mcu7t5v0__and3_2                                                                                                     │ 1                      │
│ gf180mcu_fd_sc_mcu7t5v0__and4_1                                                                                                     │ 6                      │
│ gf180mcu_fd_sc_mcu7t5v0__antenna                                                                                                    │ 1                      │
│ gf180mcu_fd_sc_mcu7t5v0__aoi211_1                                                                                                   │ 10                     │
│ gf180mcu_fd_sc_mcu7t5v0__aoi21_1                                                                                                    │ 51                     │
│ gf180mcu_fd_sc_mcu7t5v0__aoi21_2                                                                                                    │ 1                      │
│ gf180mcu_fd_sc_mcu7t5v0__aoi221_1                                                                                                   │ 7                      │
│ gf180mcu_fd_sc_mcu7t5v0__aoi221_2                                                                                                   │ 1                      │
│ gf180mcu_fd_sc_mcu7t5v0__aoi221_4                                                                                                   │ 1                      │
│ gf180mcu_fd_sc_mcu7t5v0__aoi222_1                                                                                                   │ 10                     │
│ gf180mcu_fd_sc_mcu7t5v0__aoi222_2                                                                                                   │ 3                      │
│ gf180mcu_fd_sc_mcu7t5v0__aoi22_1                                                                                                    │ 42                     │
│ gf180mcu_fd_sc_mcu7t5v0__aoi22_2                                                                                                    │ 1                      │
│ gf180mcu_fd_sc_mcu7t5v0__buf_2                                                                                                      │ 51                     │
│ gf180mcu_fd_sc_mcu7t5v0__buf_4                                                                                                      │ 1                      │
│ gf180mcu_fd_sc_mcu7t5v0__clkbuf_1                                                                                                   │ 5                      │
│ gf180mcu_fd_sc_mcu7t5v0__clkbuf_2                                                                                                   │ 273                    │
│ gf180mcu_fd_sc_mcu7t5v0__clkbuf_20                                                                                                  │ 66                     │
│ gf180mcu_fd_sc_mcu7t5v0__clkbuf_3                                                                                                   │ 1                      │
│ gf180mcu_fd_sc_mcu7t5v0__clkinv_1                                                                                                   │ 68                     │
│ gf180mcu_fd_sc_mcu7t5v0__dffrnq_1                                                                                                   │ 301                    │
│ gf180mcu_fd_sc_mcu7t5v0__dffrnq_2                                                                                                   │ 3                      │
│ gf180mcu_fd_sc_mcu7t5v0__dffsnq_1                                                                                                   │ 35                     │
│ gf180mcu_fd_sc_mcu7t5v0__dlya_1                                                                                                     │ 1                      │
│ gf180mcu_fd_sc_mcu7t5v0__dlyd_1                                                                                                     │ 172                    │
│ gf180mcu_fd_sc_mcu7t5v0__endcap                                                                                                     │ 194                    │
│ gf180mcu_fd_sc_mcu7t5v0__fill_1                                                                                                     │ 846                    │
│ gf180mcu_fd_sc_mcu7t5v0__fill_2                                                                                                     │ 863                    │
│ gf180mcu_fd_sc_mcu7t5v0__fillcap_16                                                                                                 │ 401                    │
│ gf180mcu_fd_sc_mcu7t5v0__fillcap_32                                                                                                 │ 220                    │
│ gf180mcu_fd_sc_mcu7t5v0__fillcap_4                                                                                                  │ 862                    │
│ gf180mcu_fd_sc_mcu7t5v0__fillcap_64                                                                                                 │ 110                    │
│ gf180mcu_fd_sc_mcu7t5v0__fillcap_8                                                                                                  │ 544                    │
│ gf180mcu_fd_sc_mcu7t5v0__filltie                                                                                                    │ 942                    │
│ gf180mcu_fd_sc_mcu7t5v0__inv_2                                                                                                      │ 1                      │
│ gf180mcu_fd_sc_mcu7t5v0__mux2_2                                                                                                     │ 178                    │
│ gf180mcu_fd_sc_mcu7t5v0__mux4_1                                                                                                     │ 8                      │
│ gf180mcu_fd_sc_mcu7t5v0__nand2_1                                                                                                    │ 148                    │
│ gf180mcu_fd_sc_mcu7t5v0__nand2_2                                                                                                    │ 7                      │
│ gf180mcu_fd_sc_mcu7t5v0__nand2_4                                                                                                    │ 2                      │
│ gf180mcu_fd_sc_mcu7t5v0__nand3_1                                                                                                    │ 52                     │
│ gf180mcu_fd_sc_mcu7t5v0__nand3_2                                                                                                    │ 2                      │
│ gf180mcu_fd_sc_mcu7t5v0__nand3_4                                                                                                    │ 2                      │
│ gf180mcu_fd_sc_mcu7t5v0__nand4_1                                                                                                    │ 13                     │
│ gf180mcu_fd_sc_mcu7t5v0__nor2_1                                                                                                     │ 61                     │
│ gf180mcu_fd_sc_mcu7t5v0__nor2_2                                                                                                     │ 5                      │
│ gf180mcu_fd_sc_mcu7t5v0__nor2_4                                                                                                     │ 2                      │
│ gf180mcu_fd_sc_mcu7t5v0__nor3_1                                                                                                     │ 21                     │
│ gf180mcu_fd_sc_mcu7t5v0__nor3_2                                                                                                     │ 5                      │
│ gf180mcu_fd_sc_mcu7t5v0__nor3_4                                                                                                     │ 3                      │
│ gf180mcu_fd_sc_mcu7t5v0__nor4_1                                                                                                     │ 6                      │
│ gf180mcu_fd_sc_mcu7t5v0__nor4_2                                                                                                     │ 2                      │
│ gf180mcu_fd_sc_mcu7t5v0__nor4_4                                                                                                     │ 3                      │
│ gf180mcu_fd_sc_mcu7t5v0__oai211_1                                                                                                   │ 6                      │
│ gf180mcu_fd_sc_mcu7t5v0__oai211_2                                                                                                   │ 1                      │
│ gf180mcu_fd_sc_mcu7t5v0__oai211_4                                                                                                   │ 2                      │
│ gf180mcu_fd_sc_mcu7t5v0__oai21_1                                                                                                    │ 51                     │
│ gf180mcu_fd_sc_mcu7t5v0__oai21_4                                                                                                    │ 1                      │
│ gf180mcu_fd_sc_mcu7t5v0__oai221_1                                                                                                   │ 2                      │
│ gf180mcu_fd_sc_mcu7t5v0__oai22_1                                                                                                    │ 3                      │
│ gf180mcu_fd_sc_mcu7t5v0__oai31_1                                                                                                    │ 2                      │
│ gf180mcu_fd_sc_mcu7t5v0__oai32_1                                                                                                    │ 1                      │
│ gf180mcu_fd_sc_mcu7t5v0__oai32_2                                                                                                    │ 1                      │
│ gf180mcu_fd_sc_mcu7t5v0__oai32_4                                                                                                    │ 1                      │
│ gf180mcu_fd_sc_mcu7t5v0__or2_1                                                                                                      │ 4                      │
│ gf180mcu_fd_sc_mcu7t5v0__or2_2                                                                                                      │ 1                      │
│ gf180mcu_fd_sc_mcu7t5v0__or3_1                                                                                                      │ 6                      │
│ gf180mcu_fd_sc_mcu7t5v0__or4_1                                                                                                      │ 1                      │
│ gf180mcu_fd_sc_mcu7t5v0__tieh                                                                                                       │ 1                      │
│ gf180mcu_fd_sc_mcu7t5v0__tiel                                                                                                       │ 32                     │
│ gf180mcu_fd_sc_mcu7t5v0__xnor2_1                                                                                                    │ 13                     │
│ gf180mcu_fd_sc_mcu7t5v0__xor2_1                                                                                                     │ 40                     │
└─────────────────────────────────────────────────────────────────────────────────────────────────────────────────────────────────────┴────────────────────────┘
