Clock: sys_clk
Sources: sys_clk_i 
Generated: no
Virtual: yes
Propagated: no
Period: 20.000000

===========================================================================
report_clock_properties
============================================================================
Clock                   Period          Waveform
----------------------------------------------------
sys_clk              20.000000    0.000000 10.000000

===========================================================================
report_clock_latency
============================================================================
Clock sys_clk
rise -> rise
    min     max
0.000000 0.000000 source latency
1.123104         network latency _1808_/CLK
        1.155056 network latency _1888_/CLK
---------------
1.123104 1.155056 latency
        0.031953 skew

fall -> fall
    min     max
0.000000 0.000000 source latency
1.086877         network latency _1808_/CLK
        1.120360 network latency _1888_/CLK
---------------
1.086877 1.120360 latency
        0.033483 skew



===========================================================================
report_clock_min_period
============================================================================
sys_clk period_min = 7.21 fmax = 138.73
Clock: periph_clk
Sources: periph_clk_i 
Generated: no
Virtual: yes
Propagated: no
Period: 20.000000

===========================================================================
report_clock_properties
============================================================================
Clock                   Period          Waveform
----------------------------------------------------
periph_clk           20.000000    0.000000 10.000000

===========================================================================
report_clock_latency
============================================================================
Clock periph_clk
rise -> rise
    min     max
0.000000 0.000000 source latency
1.087524         network latency _2021_/CLK
        1.102380 network latency _1798_/CLK
---------------
1.087524 1.102380 latency
        0.014857 skew

fall -> fall
    min     max
0.000000 0.000000 source latency
1.053355         network latency _2021_/CLK
        1.070742 network latency _1798_/CLK
---------------
1.053355 1.070742 latency
        0.017387 skew



===========================================================================
report_clock_min_period
============================================================================
periph_clk period_min = 9.45 fmax = 105.82
