Clock: sys_clk
Sources: sys_clk_i 
Generated: no
Virtual: no
Propagated: no
Period: 20.000000

===========================================================================
report_clock_properties
============================================================================
Clock                   Period          Waveform
----------------------------------------------------
sys_clk              20.000000    0.000000 10.000000

===========================================================================
report_clock_latency
============================================================================
Clock sys_clk
rise -> rise
    min     max
0.000000 0.000000 source latency
1.928082         network latency _1810_/CLK
        1.932680 network latency _1920_/CLK
---------------
1.928082 1.932680 latency
        0.004598 skew

fall -> fall
    min     max
0.000000 0.000000 source latency
1.927371         network latency _1810_/CLK
        1.932240 network latency _1920_/CLK
---------------
1.927371 1.932240 latency
        0.004869 skew



===========================================================================
report_clock_min_period
============================================================================
sys_clk period_min = 10.40 fmax = 96.13
Clock: periph_clk
Sources: periph_clk_i 
Generated: no
Virtual: no
Propagated: no
Period: 20.000000

===========================================================================
report_clock_properties
============================================================================
Clock                   Period          Waveform
----------------------------------------------------
periph_clk           20.000000    0.000000 10.000000

===========================================================================
report_clock_latency
============================================================================
Clock periph_clk
rise -> rise
    min     max
0.000000 0.000000 source latency
1.923804         network latency _1771_/CLK
        1.928454 network latency _1846_/CLK
---------------
1.923804 1.928454 latency
        0.004650 skew

fall -> fall
    min     max
0.000000 0.000000 source latency
1.922841         network latency _1771_/CLK
        1.927766 network latency _1846_/CLK
---------------
1.922841 1.927766 latency
        0.004925 skew



===========================================================================
report_clock_min_period
============================================================================
periph_clk period_min = 15.12 fmax = 66.15
