Starting…
Running 'Verilator.Lint' at 'hardening/uart_tx/runs/RUN_2026-07-25_16-47-15/01-verilator-lint'…
Failed to pre-process input models for linting with Yosys: Command '['/nix/store/vqq4mi8prw8x5rfwz7b3136rqi8v70m7-yosys-with-plugins-0.62-python3-3.13.9-env/bin/yosys', '-p', '\n                    verilog_defines -DUSE_POWER_PINS;\nread_verilog -sv -lib /mnt/c/Users/sahan/projects/SystemVerilog/Schulich-On-Chip-Rkive/my core 5 mcu/uDMA/hardening/uart_tx/runs/RUN_2026-07-25_16-47-15/tmp/ae910501c35942efba2dec672f72ac5c.bb.v;\n\n                    blackbox;\n                    write_verilog -noattr -noexpr -nohex -nodec -defparam -blackboxes /mnt/c/Users/sahan/projects/SystemVerilog/Schulich-On-Chip-Rkive/my core 5 mcu/uDMA/hardening/uart_tx/runs/RUN_2026-07-25_16-47-15/tmp/ae910501c35942efba2dec672f72ac5c.bb.v;\n                    ']' returned non-zero exit status 1.

 /----------------------------------------------------------------------------\
 |  yosys -- Yosys Open SYnthesis Suite                                       |
 |  Copyright (C) 2012 - 2026  Claire Xenia Wolf <claire@yosyshq.com>         |
 |  Distributed under an ISC-like license, type "license" to see terms        |
 \----------------------------------------------------------------------------/
 Yosys 0.62 (git sha1 7326bb7d6641500ecb285c291a54a662cb1e76cf, clang++ 21.1.2 -fPIC -O3)

-- Running command `
                    verilog_defines -DUSE_POWER_PINS;
read_verilog -sv -lib /mnt/c/Users/sahan/projects/SystemVerilog/Schulich-On-Chip-Rkive/my core 5 mcu/uDMA/hardening/uart_tx/runs/RUN_2026-07-25_16-47-15/tmp/ae910501c35942efba2dec672f72ac5c.bb.v;

                    blackbox;
                    write_verilog -noattr -noexpr -nohex -nodec -defparam -blackboxes /mnt/c/Users/sahan/projects/SystemVerilog/Schulich-On-Chip-Rkive/my core 5 mcu/uDMA/hardening/uart_tx/runs/RUN_2026-07-25_16-47-15/tmp/ae910501c35942efba2dec672f72ac5c.bb.v;
                    ' --
ERROR: File `/mnt/c/Users/sahan/projects/SystemVerilog/Schulich-On-Chip-Rkive/my' not found or is a directory

Will attempt to load models into linter as-is.
Logging subprocess to [repr.filename]'hardening/uart_tx/runs/RUN_2026-07-25_16-47-15/01-verilator-lint/verilator-lint.log'[/repr.filename]…
Running 'Checker.LintTimingConstructs' at 'hardening/uart_tx/runs/RUN_2026-07-25_16-47-15/02-checker-linttimingconstructs'…
Check for Lint Timing Errors clear.
Running 'Checker.LintErrors' at 'hardening/uart_tx/runs/RUN_2026-07-25_16-47-15/03-checker-linterrors'…
Check for Lint errors clear.
Running 'Checker.LintWarnings' at 'hardening/uart_tx/runs/RUN_2026-07-25_16-47-15/04-checker-lintwarnings'…
Check for Lint warnings clear.
Running 'Yosys.JsonHeader' at 'hardening/uart_tx/runs/RUN_2026-07-25_16-47-15/05-yosys-jsonheader'…
Logging subprocess to [repr.filename]'hardening/uart_tx/runs/RUN_2026-07-25_16-47-15/05-yosys-jsonheader/yosys-jsonheader.log'[/repr.filename]…
Running 'Yosys.Synthesis' at 'hardening/uart_tx/runs/RUN_2026-07-25_16-47-15/06-yosys-synthesis'…
Logging subprocess to [repr.filename]'hardening/uart_tx/runs/RUN_2026-07-25_16-47-15/06-yosys-synthesis/yosys-synthesis.log'[/repr.filename]…
Subprocess had a non-zero exit.
Last 10 line(s):
ABC: Library "gf180mcu_fd_sc_mcu7t5v0__tt_025C_5v00" from "/mnt/c/Users/sahan/projects/SystemVerilog/Schulich-On-Chip-Rkive/my core 5 mcu/uDMA/hardening/uart_tx/runs/RUN_2026-07-25_16-47-15/tmp/14cf206643d24430ba418232f861d9e8.lib" has 143 cells (72 skipped: 36 seq; 15 tri-state; 21 no func; 0 dont_use; 0 with 2 outputs; 0 with 3+ outputs).  Time =     1.21 sec
ABC: Memory =   23.83 MB. Time =     1.21 sec
ABC: Warning: Detected 6 multi-output cells (for example, "gf180mcu_fd_sc_mcu7t5v0__addf_1").
ABC: + read_constr -v /mnt/c/Users/sahan/projects/SystemVerilog/Schulich-On-Chip-Rkive/my core 5 mcu/uDMA/hardening/uart_tx/runs/RUN_2026-07-25_16-47-15/06-yosys-synthesis/synthesis.abc.sdc 
ABC: Setting driving cell to be "gf180mcu_fd_sc_mcu7t5v0__inv_1/ZN".
ABC: Setting output load to be 72.910004.
ABC: + source /mnt/c/Users/sahan/projects/SystemVerilog/Schulich-On-Chip-Rkive/my core 5 mcu/uDMA/hardening/uart_tx/runs/RUN_2026-07-25_16-47-15/06-yosys-synthesis/AREA_0.abc 
ABC: ** cmd error: aborting 'source /tmp/yosys-abc-s6EJLZ/abc.script'
ABC: Cannot open file "/mnt/c/Users/sahan/projects/SystemVerilog/Schulich-On-Chip-Rkive/my".
ERROR: Can't open ABC output file `/tmp/yosys-abc-s6EJLZ/output.blif'.

Full log file: 'hardening/uart_tx/runs/RUN_2026-07-25_16-47-15/06-yosys-synthesis/yosys-synthesis.log'
