+ analyze_power_grid -net VDD -voltage_file /home/sahana/core5_udma/hardening/uart_top/runs/CLOSURE_FULL_1/58-openroad-irdropreport/net-VDD.csv
[INFO PSM-0040] All shapes on net VDD are connected.
########## IR report #################
Net              : VDD
Corner           : max_ss_125C_4v50
Total power      : 3.25e-02 W
Supply voltage   : 4.50e+00 V
Worstcase voltage: 4.50e+00 V
Average voltage  : 4.50e+00 V
Average IR drop  : 7.37e-04 V
Worstcase IR drop: 1.36e-03 V
Percentage drop  : 0.03 %
######################################
+ analyze_power_grid -net VSS -voltage_file /home/sahana/core5_udma/hardening/uart_top/runs/CLOSURE_FULL_1/58-openroad-irdropreport/net-VSS.csv
[INFO PSM-0040] All shapes on net VSS are connected.
########## IR report #################
Net              : VSS
Corner           : max_ss_125C_4v50
Total power      : 3.25e-02 W
Supply voltage   : 0.00e+00 V
Worstcase voltage: 1.45e-03 V
Average voltage  : 7.30e-04 V
Average IR drop  : 7.30e-04 V
Worstcase IR drop: 1.45e-03 V
Percentage drop  : 0.03 %
######################################
