Clock: sys_clk
Sources: sys_clk_i 
Generated: no
Virtual: yes
Propagated: no
Period: 20.000000

===========================================================================
report_clock_properties
============================================================================
Clock                   Period          Waveform
----------------------------------------------------
sys_clk              20.000000    0.000000 10.000000

===========================================================================
report_clock_latency
============================================================================
Clock sys_clk
rise -> rise
    min     max
0.000000 0.000000 source latency
2.261984         network latency _1822_/CLK
        2.310666 network latency _1911_/CLK
---------------
2.261984 2.310666 latency
        0.048682 skew

fall -> fall
    min     max
0.000000 0.000000 source latency
2.225356         network latency _1822_/CLK
        2.279805 network latency _1911_/CLK
---------------
2.225356 2.279805 latency
        0.054449 skew



===========================================================================
report_clock_min_period
============================================================================
sys_clk period_min = 10.50 fmax = 95.21
Clock: periph_clk
Sources: periph_clk_i 
Generated: no
Virtual: yes
Propagated: no
Period: 20.000000

===========================================================================
report_clock_properties
============================================================================
Clock                   Period          Waveform
----------------------------------------------------
periph_clk           20.000000    0.000000 10.000000

===========================================================================
report_clock_latency
============================================================================
Clock periph_clk
rise -> rise
    min     max
0.000000 0.000000 source latency
2.175689         network latency _1848_/CLK
        2.218605 network latency _1798_/CLK
---------------
2.175689 2.218605 latency
        0.042915 skew

fall -> fall
    min     max
0.000000 0.000000 source latency
2.145894         network latency _1848_/CLK
        2.193634 network latency _1798_/CLK
---------------
2.145894 2.193634 latency
        0.047740 skew



===========================================================================
report_clock_min_period
============================================================================
periph_clk period_min = 14.14 fmax = 70.71
