Reading timing models for corner max_ss_125C_4v50…
Reading timing library for the 'max_ss_125C_4v50' corner at '/home/sahana/.ciel/gf180mcuD/libs.ref/gf180mcu_fd_sc_mcu7t5v0/lib/gf180mcu_fd_sc_mcu7t5v0__ss_125C_4v50.lib'…
Reading OpenROAD database at '/home/sahana/core5_udma/hardening/uart_top/runs/CLOSURE_FULL_1/50-odb-reportdisconnectedpins/udma_uart_top.odb'…
Reading design constraints file at '/home/sahana/core5_udma/hardening/uart_top/constraints.sdc'…
gf180mcu_fd_sc_mcu7t5v0__fillcap_* gf180mcu_fd_sc_mcu7t5v0__fill_*
[INFO DPL-0001] Placed 4217 filler instances.
Setting global connections for newly added cells…
[INFO] Setting global connections...
[INFO ODB-0403] 16868 connections made, 0 conflicts skipped.
Updating metrics…
Cell type report:                       Count       Area
  Endcap cell                             198     869.30
  Fill cell                              4217   78045.95
  Tap cell                                961    4219.17
  Antenna cell                              3      13.17
  Tie cell                                 33     289.77
  Clock buffer                            119    8174.92
  Timing Repair Buffer                    528   14167.82
  Inverter                                 68     597.09
  Sequential cell                         339   25455.54
  Multi-Input combinational cell          887   19425.32
  Total                                  7353  151258.06
Writing OpenROAD database to '/home/sahana/core5_udma/hardening/uart_top/runs/CLOSURE_FULL_1/54-openroad-fillinsertion/udma_uart_top.odb'…
Writing netlist to '/home/sahana/core5_udma/hardening/uart_top/runs/CLOSURE_FULL_1/54-openroad-fillinsertion/udma_uart_top.nl.v'…
Writing powered netlist to '/home/sahana/core5_udma/hardening/uart_top/runs/CLOSURE_FULL_1/54-openroad-fillinsertion/udma_uart_top.pnl.v'…
Writing layout to '/home/sahana/core5_udma/hardening/uart_top/runs/CLOSURE_FULL_1/54-openroad-fillinsertion/udma_uart_top.def'…
Writing timing constraints to '/home/sahana/core5_udma/hardening/uart_top/runs/CLOSURE_FULL_1/54-openroad-fillinsertion/udma_uart_top.sdc'…
