                                                                       Cells by Function                                                                        
┏━━━━━━━━━━━━━━━━━━━━━━━━━━━━━━━━━━━━━━━━━━━━━━━━━━━━━━━━━━━━━━━━━━━━━━━━━━━━━━━━━━━━━━━━━━━━━━━━━━━━━━━━━━━━━━━━━━━━━━━━━━━━━━━━━━━┳━━━━━━━━━━━━━━━━━━━━━━━━━━┓
┃ Cell Function                                                                                                                     ┃ Count                    ┃
┡━━━━━━━━━━━━━━━━━━━━━━━━━━━━━━━━━━━━━━━━━━━━━━━━━━━━━━━━━━━━━━━━━━━━━━━━━━━━━━━━━━━━━━━━━━━━━━━━━━━━━━━━━━━━━━━━━━━━━━━━━━━━━━━━━━━╇━━━━━━━━━━━━━━━━━━━━━━━━━━┩
│ gf180mcu_fd_sc_mcu7t5v0__and2                                                                                                     │ 38                       │
│ gf180mcu_fd_sc_mcu7t5v0__and3                                                                                                     │ 16                       │
│ gf180mcu_fd_sc_mcu7t5v0__and4                                                                                                     │ 6                        │
│ gf180mcu_fd_sc_mcu7t5v0__aoi21                                                                                                    │ 52                       │
│ gf180mcu_fd_sc_mcu7t5v0__aoi211                                                                                                   │ 10                       │
│ gf180mcu_fd_sc_mcu7t5v0__aoi22                                                                                                    │ 43                       │
│ gf180mcu_fd_sc_mcu7t5v0__aoi221                                                                                                   │ 9                        │
│ gf180mcu_fd_sc_mcu7t5v0__aoi222                                                                                                   │ 13                       │
│ gf180mcu_fd_sc_mcu7t5v0__buf                                                                                                      │ 182                      │
│ gf180mcu_fd_sc_mcu7t5v0__clkbuf                                                                                                   │ 241                      │
│ gf180mcu_fd_sc_mcu7t5v0__clkinv                                                                                                   │ 69                       │
│ gf180mcu_fd_sc_mcu7t5v0__dffrnq                                                                                                   │ 304                      │
│ gf180mcu_fd_sc_mcu7t5v0__dffsnq                                                                                                   │ 35                       │
│ gf180mcu_fd_sc_mcu7t5v0__dlyb                                                                                                     │ 172                      │
│ gf180mcu_fd_sc_mcu7t5v0__dlyc                                                                                                     │ 16                       │
│ gf180mcu_fd_sc_mcu7t5v0__fill                                                                                                     │ 1790                     │
│ gf180mcu_fd_sc_mcu7t5v0__fillcap                                                                                                  │ 2275                     │
│ gf180mcu_fd_sc_mcu7t5v0__mux2                                                                                                     │ 178                      │
│ gf180mcu_fd_sc_mcu7t5v0__mux4                                                                                                     │ 8                        │
│ gf180mcu_fd_sc_mcu7t5v0__nand2                                                                                                    │ 157                      │
│ gf180mcu_fd_sc_mcu7t5v0__nand3                                                                                                    │ 56                       │
│ gf180mcu_fd_sc_mcu7t5v0__nand4                                                                                                    │ 13                       │
│ gf180mcu_fd_sc_mcu7t5v0__nor2                                                                                                     │ 68                       │
│ gf180mcu_fd_sc_mcu7t5v0__nor3                                                                                                     │ 29                       │
│ gf180mcu_fd_sc_mcu7t5v0__nor4                                                                                                     │ 11                       │
│ gf180mcu_fd_sc_mcu7t5v0__oai21                                                                                                    │ 52                       │
│ gf180mcu_fd_sc_mcu7t5v0__oai211                                                                                                   │ 9                        │
│ gf180mcu_fd_sc_mcu7t5v0__oai22                                                                                                    │ 3                        │
│ gf180mcu_fd_sc_mcu7t5v0__oai221                                                                                                   │ 2                        │
│ gf180mcu_fd_sc_mcu7t5v0__oai31                                                                                                    │ 2                        │
│ gf180mcu_fd_sc_mcu7t5v0__oai32                                                                                                    │ 3                        │
│ gf180mcu_fd_sc_mcu7t5v0__or2                                                                                                      │ 5                        │
│ gf180mcu_fd_sc_mcu7t5v0__or3                                                                                                      │ 6                        │
│ gf180mcu_fd_sc_mcu7t5v0__or4                                                                                                      │ 1                        │
│ gf180mcu_fd_sc_mcu7t5v0__xnor2                                                                                                    │ 13                       │
│ gf180mcu_fd_sc_mcu7t5v0__xor2                                                                                                     │ 40                       │
└───────────────────────────────────────────────────────────────────────────────────────────────────────────────────────────────────┴──────────────────────────┘
