[WARNING ORD-0039] .openroad ignored with -python
                                Cells by Master                                 
┏━━━━━━━━━━━━━━━━━━━━━━━━━━━━━━━━━━━━━━━━━━━━━━━━━━━━━━━━━━━━━━━━━┳━━━━━━━━━━━━┓
┃ Cell                                                            ┃ Count      ┃
┡━━━━━━━━━━━━━━━━━━━━━━━━━━━━━━━━━━━━━━━━━━━━━━━━━━━━━━━━━━━━━━━━━╇━━━━━━━━━━━━┩
│ gf180mcu_fd_sc_mcu7t5v0__and2_1                                 │ 38         │
│ gf180mcu_fd_sc_mcu7t5v0__and3_1                                 │ 16         │
│ gf180mcu_fd_sc_mcu7t5v0__and4_1                                 │ 6          │
│ gf180mcu_fd_sc_mcu7t5v0__antenna                                │ 2          │
│ gf180mcu_fd_sc_mcu7t5v0__aoi211_1                               │ 10         │
│ gf180mcu_fd_sc_mcu7t5v0__aoi21_1                                │ 52         │
│ gf180mcu_fd_sc_mcu7t5v0__aoi221_1                               │ 9          │
│ gf180mcu_fd_sc_mcu7t5v0__aoi222_1                               │ 13         │
│ gf180mcu_fd_sc_mcu7t5v0__aoi22_1                                │ 43         │
│ gf180mcu_fd_sc_mcu7t5v0__buf_1                                  │ 135        │
│ gf180mcu_fd_sc_mcu7t5v0__buf_2                                  │ 47         │
│ gf180mcu_fd_sc_mcu7t5v0__clkbuf_1                               │ 4          │
│ gf180mcu_fd_sc_mcu7t5v0__clkbuf_2                               │ 58         │
│ gf180mcu_fd_sc_mcu7t5v0__clkbuf_20                              │ 66         │
│ gf180mcu_fd_sc_mcu7t5v0__clkbuf_3                               │ 112        │
│ gf180mcu_fd_sc_mcu7t5v0__clkbuf_4                               │ 1          │
│ gf180mcu_fd_sc_mcu7t5v0__clkinv_1                               │ 69         │
│ gf180mcu_fd_sc_mcu7t5v0__dffrnq_1                               │ 304        │
│ gf180mcu_fd_sc_mcu7t5v0__dffsnq_1                               │ 35         │
│ gf180mcu_fd_sc_mcu7t5v0__dlyb_1                                 │ 172        │
│ gf180mcu_fd_sc_mcu7t5v0__dlyc_1                                 │ 16         │
│ gf180mcu_fd_sc_mcu7t5v0__endcap                                 │ 194        │
│ gf180mcu_fd_sc_mcu7t5v0__fill_1                                 │ 901        │
│ gf180mcu_fd_sc_mcu7t5v0__fill_2                                 │ 889        │
│ gf180mcu_fd_sc_mcu7t5v0__fillcap_16                             │ 418        │
│ gf180mcu_fd_sc_mcu7t5v0__fillcap_32                             │ 244        │
│ gf180mcu_fd_sc_mcu7t5v0__fillcap_4                              │ 895        │
│ gf180mcu_fd_sc_mcu7t5v0__fillcap_64                             │ 125        │
│ gf180mcu_fd_sc_mcu7t5v0__fillcap_8                              │ 593        │
│ gf180mcu_fd_sc_mcu7t5v0__filltie                                │ 942        │
│ gf180mcu_fd_sc_mcu7t5v0__mux2_2                                 │ 178        │
│ gf180mcu_fd_sc_mcu7t5v0__mux4_1                                 │ 8          │
│ gf180mcu_fd_sc_mcu7t5v0__nand2_1                                │ 157        │
│ gf180mcu_fd_sc_mcu7t5v0__nand3_1                                │ 56         │
│ gf180mcu_fd_sc_mcu7t5v0__nand4_1                                │ 13         │
│ gf180mcu_fd_sc_mcu7t5v0__nor2_1                                 │ 68         │
│ gf180mcu_fd_sc_mcu7t5v0__nor3_1                                 │ 28         │
│ gf180mcu_fd_sc_mcu7t5v0__nor3_2                                 │ 1          │
│ gf180mcu_fd_sc_mcu7t5v0__nor4_1                                 │ 11         │
│ gf180mcu_fd_sc_mcu7t5v0__oai211_1                               │ 9          │
│ gf180mcu_fd_sc_mcu7t5v0__oai21_1                                │ 52         │
│ gf180mcu_fd_sc_mcu7t5v0__oai221_1                               │ 2          │
│ gf180mcu_fd_sc_mcu7t5v0__oai22_1                                │ 3          │
│ gf180mcu_fd_sc_mcu7t5v0__oai31_1                                │ 2          │
│ gf180mcu_fd_sc_mcu7t5v0__oai32_1                                │ 3          │
│ gf180mcu_fd_sc_mcu7t5v0__or2_1                                  │ 5          │
│ gf180mcu_fd_sc_mcu7t5v0__or3_1                                  │ 6          │
│ gf180mcu_fd_sc_mcu7t5v0__or4_1                                  │ 1          │
│ gf180mcu_fd_sc_mcu7t5v0__tieh                                   │ 1          │
│ gf180mcu_fd_sc_mcu7t5v0__tiel                                   │ 32         │
│ gf180mcu_fd_sc_mcu7t5v0__xnor2_1                                │ 13         │
│ gf180mcu_fd_sc_mcu7t5v0__xor2_1                                 │ 40         │
└─────────────────────────────────────────────────────────────────┴────────────┘
                               Cells by Function                                
┏━━━━━━━━━━━━━━━━━━━━━━━━━━━━━━━━━━━━━━━━━━━━━━━━━━━━━━━━━━━━━━━━┳━━━━━━━━━━━━━┓
┃ Cell Function                                                  ┃ Count       ┃
┡━━━━━━━━━━━━━━━━━━━━━━━━━━━━━━━━━━━━━━━━━━━━━━━━━━━━━━━━━━━━━━━━╇━━━━━━━━━━━━━┩
│ gf180mcu_fd_sc_mcu7t5v0__and2                                  │ 38          │
│ gf180mcu_fd_sc_mcu7t5v0__and3                                  │ 16          │
│ gf180mcu_fd_sc_mcu7t5v0__and4                                  │ 6           │
│ gf180mcu_fd_sc_mcu7t5v0__aoi21                                 │ 52          │
│ gf180mcu_fd_sc_mcu7t5v0__aoi211                                │ 10          │
│ gf180mcu_fd_sc_mcu7t5v0__aoi22                                 │ 43          │
│ gf180mcu_fd_sc_mcu7t5v0__aoi221                                │ 9           │
│ gf180mcu_fd_sc_mcu7t5v0__aoi222                                │ 13          │
│ gf180mcu_fd_sc_mcu7t5v0__buf                                   │ 182         │
│ gf180mcu_fd_sc_mcu7t5v0__clkbuf                                │ 241         │
│ gf180mcu_fd_sc_mcu7t5v0__clkinv                                │ 69          │
│ gf180mcu_fd_sc_mcu7t5v0__dffrnq                                │ 304         │
│ gf180mcu_fd_sc_mcu7t5v0__dffsnq                                │ 35          │
│ gf180mcu_fd_sc_mcu7t5v0__dlyb                                  │ 172         │
│ gf180mcu_fd_sc_mcu7t5v0__dlyc                                  │ 16          │
│ gf180mcu_fd_sc_mcu7t5v0__fill                                  │ 1790        │
│ gf180mcu_fd_sc_mcu7t5v0__fillcap                               │ 2275        │
│ gf180mcu_fd_sc_mcu7t5v0__mux2                                  │ 178         │
│ gf180mcu_fd_sc_mcu7t5v0__mux4                                  │ 8           │
│ gf180mcu_fd_sc_mcu7t5v0__nand2                                 │ 157         │
│ gf180mcu_fd_sc_mcu7t5v0__nand3                                 │ 56          │
│ gf180mcu_fd_sc_mcu7t5v0__nand4                                 │ 13          │
│ gf180mcu_fd_sc_mcu7t5v0__nor2                                  │ 68          │
│ gf180mcu_fd_sc_mcu7t5v0__nor3                                  │ 29          │
│ gf180mcu_fd_sc_mcu7t5v0__nor4                                  │ 11          │
│ gf180mcu_fd_sc_mcu7t5v0__oai21                                 │ 52          │
│ gf180mcu_fd_sc_mcu7t5v0__oai211                                │ 9           │
│ gf180mcu_fd_sc_mcu7t5v0__oai22                                 │ 3           │
│ gf180mcu_fd_sc_mcu7t5v0__oai221                                │ 2           │
│ gf180mcu_fd_sc_mcu7t5v0__oai31                                 │ 2           │
│ gf180mcu_fd_sc_mcu7t5v0__oai32                                 │ 3           │
│ gf180mcu_fd_sc_mcu7t5v0__or2                                   │ 5           │
│ gf180mcu_fd_sc_mcu7t5v0__or3                                   │ 6           │
│ gf180mcu_fd_sc_mcu7t5v0__or4                                   │ 1           │
│ gf180mcu_fd_sc_mcu7t5v0__xnor2                                 │ 13          │
│ gf180mcu_fd_sc_mcu7t5v0__xor2                                  │ 40          │
└────────────────────────────────────────────────────────────────┴─────────────┘
                                  Cells by SCL                                  
┏━━━━━━━━━━━━━━━━━━━━━━━━━━━━━━━━━━━━━━━━━━━━━━━━━━━━━━━━━━━━━┳━━━━━━━━━━━━━━━━┓
┃ SCL                                                         ┃ Count          ┃
┡━━━━━━━━━━━━━━━━━━━━━━━━━━━━━━━━━━━━━━━━━━━━━━━━━━━━━━━━━━━━━╇━━━━━━━━━━━━━━━━┩
│ gf180mcu_fd_sc_mcu7t5v0                                     │ 5927           │
└─────────────────────────────────────────────────────────────┴────────────────┘
                             Buffers by Cell Master                             
┏━━━━━━━━━━━━━━━━━━━━━━━━━━━━━━━━━━━━━━━━━━━━━━━━━━━━━━━━━━━━━━━━━┳━━━━━━━━━━━━┓
┃ Buffer                                                          ┃ Count      ┃
┡━━━━━━━━━━━━━━━━━━━━━━━━━━━━━━━━━━━━━━━━━━━━━━━━━━━━━━━━━━━━━━━━━╇━━━━━━━━━━━━┩
│ gf180mcu_fd_sc_mcu7t5v0__buf_1                                  │ 135        │
│ gf180mcu_fd_sc_mcu7t5v0__buf_2                                  │ 47         │
│ gf180mcu_fd_sc_mcu7t5v0__clkbuf_1                               │ 4          │
│ gf180mcu_fd_sc_mcu7t5v0__clkbuf_2                               │ 58         │
│ gf180mcu_fd_sc_mcu7t5v0__clkbuf_20                              │ 66         │
│ gf180mcu_fd_sc_mcu7t5v0__clkbuf_3                               │ 112        │
│ gf180mcu_fd_sc_mcu7t5v0__clkbuf_4                               │ 1          │
│ gf180mcu_fd_sc_mcu7t5v0__dlyb_1                                 │ 172        │
│ gf180mcu_fd_sc_mcu7t5v0__dlyc_1                                 │ 16         │
└─────────────────────────────────────────────────────────────────┴────────────┘
