Reading timing models for corner max_ss_125C_4v50…
Reading timing library for the 'max_ss_125C_4v50' corner at '/home/sahana/.ciel/gf180mcuD/libs.ref/gf180mcu_fd_sc_mcu7t5v0/lib/gf180mcu_fd_sc_mcu7t5v0__ss_125C_4v50.lib'…
Reading OpenROAD database at '/home/sahana/core5_udma/hardening/uart_top/runs/CLOSURE_FULL_1/18-openroad-cutrows/udma_uart_top.odb'…
Reading design constraints file at '/home/sahana/core5_udma/hardening/uart_top/constraints.sdc'…
+ tapcell -halo_width_x 10 -halo_width_y 10 -distance 20 -tapcell_master gf180mcu_fd_sc_mcu7t5v0__filltie -endcap_master gf180mcu_fd_sc_mcu7t5v0__endcap
[INFO TAP-0004] Inserted 198 endcaps.
[INFO TAP-0005] Inserted 961 tapcells.
Setting global connections for newly added cells…
[INFO] Setting global connections...
[INFO ODB-0403] 2318 connections made, 0 conflicts skipped.
Updating metrics…
Cell type report:                       Count       Area
  Endcap cell                             198     869.30
  Tap cell                                961    4219.17
  Tie cell                                 33     289.77
  Inverter                                 68     597.09
  Sequential cell                         339   25455.54
  Multi-Input combinational cell          887   19319.96
  Total                                  2486   50750.83
Writing OpenROAD database to '/home/sahana/core5_udma/hardening/uart_top/runs/CLOSURE_FULL_1/19-openroad-tapendcapinsertion/udma_uart_top.odb'…
Writing netlist to '/home/sahana/core5_udma/hardening/uart_top/runs/CLOSURE_FULL_1/19-openroad-tapendcapinsertion/udma_uart_top.nl.v'…
Writing powered netlist to '/home/sahana/core5_udma/hardening/uart_top/runs/CLOSURE_FULL_1/19-openroad-tapendcapinsertion/udma_uart_top.pnl.v'…
Writing layout to '/home/sahana/core5_udma/hardening/uart_top/runs/CLOSURE_FULL_1/19-openroad-tapendcapinsertion/udma_uart_top.def'…
Writing timing constraints to '/home/sahana/core5_udma/hardening/uart_top/runs/CLOSURE_FULL_1/19-openroad-tapendcapinsertion/udma_uart_top.sdc'…
