Clock: sys_clk
Sources: sys_clk_i 
Generated: no
Virtual: no
Propagated: no
Period: 20.000000

===========================================================================
report_clock_properties
============================================================================
Clock                   Period          Waveform
----------------------------------------------------
sys_clk              20.000000    0.000000 10.000000

===========================================================================
report_clock_latency
============================================================================
Clock sys_clk
rise -> rise
    min     max
0.000000 0.000000 source latency
1.262510         network latency _1871_/CLK
        1.282533 network latency _1858_/CLK
---------------
1.262510 1.282533 latency
        0.020023 skew

fall -> fall
    min     max
0.000000 0.000000 source latency
1.238895         network latency _1871_/CLK
        1.260485 network latency _1858_/CLK
---------------
1.238895 1.260485 latency
        0.021590 skew



===========================================================================
report_clock_min_period
============================================================================
sys_clk period_min = 5.65 fmax = 176.91
Clock: periph_clk
Sources: periph_clk_i 
Generated: no
Virtual: no
Propagated: no
Period: 20.000000

===========================================================================
report_clock_properties
============================================================================
Clock                   Period          Waveform
----------------------------------------------------
periph_clk           20.000000    0.000000 10.000000

===========================================================================
report_clock_latency
============================================================================
Clock periph_clk
rise -> rise
    min     max
0.000000 0.000000 source latency
1.205715         network latency _2032_/CLK
        1.227814 network latency _1786_/CLK
---------------
1.205715 1.227814 latency
        0.022099 skew

fall -> fall
    min     max
0.000000 0.000000 source latency
1.188960         network latency _2032_/CLK
        1.213016 network latency _1786_/CLK
---------------
1.188960 1.213016 latency
        0.024055 skew



===========================================================================
report_clock_min_period
============================================================================
periph_clk period_min = 7.47 fmax = 133.92
