Clock: clk_i
Sources: clk_i 
Generated: no
Virtual: yes
Propagated: no
Period: 20.000000

===========================================================================
report_clock_properties
============================================================================
Clock                   Period          Waveform
----------------------------------------------------
clk_i                20.000000    0.000000 10.000000

===========================================================================
report_clock_latency
============================================================================
Clock clk_i
rise -> rise
    min     max
0.000000 0.000000 source latency
0.631722         network latency _373_/CLK
        0.637058 network latency _393_/CLK
---------------
0.631722 0.637058 latency
        0.005336 skew

fall -> fall
    min     max
0.000000 0.000000 source latency
0.588464         network latency _373_/CLK
        0.594148 network latency _393_/CLK
---------------
0.588464 0.594148 latency
        0.005684 skew



===========================================================================
report_clock_min_period
============================================================================
clk_i period_min = 5.77 fmax = 173.45
