
===========================================================================
report_checks -unconstrained
===========================================================================
======================= nom_tt_025C_5v00 Corner ===================================

Startpoint: _2030_ (rising edge-triggered flip-flop clocked by sys_clk)
Endpoint: _2067_ (recovery check against rising-edge clock sys_clk)
Path Group: asynchronous
Path Type: max

Fanout         Cap        Slew       Delay        Time   Description
---------------------------------------------------------------------------------------------
                                  0.000000    0.000000   clock sys_clk (rise edge)
                                  0.000000    0.000000   clock source latency
     1    0.055809    0.256672    0.137579    0.137579 ^ sys_clk_i (in)
                                                         sys_clk_i (net)
                      0.256907    0.000000    0.137579 ^ clkbuf_0_sys_clk_i/I (gf180mcu_fd_sc_mcu7t5v0__clkbuf_16)
    16    0.286950    0.312346    0.393494    0.531073 ^ clkbuf_0_sys_clk_i/Z (gf180mcu_fd_sc_mcu7t5v0__clkbuf_16)
                                                         clknet_0_sys_clk_i (net)
                      0.321516    0.025453    0.556526 ^ clkbuf_4_7_0_sys_clk_i/I (gf180mcu_fd_sc_mcu7t5v0__clkbuf_8)
     2    0.050329    0.158078    0.318312    0.874838 ^ clkbuf_4_7_0_sys_clk_i/Z (gf180mcu_fd_sc_mcu7t5v0__clkbuf_8)
                                                         clknet_4_7_0_sys_clk_i (net)
                      0.158080    0.001029    0.875867 ^ clkbuf_5_14__f_sys_clk_i/I (gf180mcu_fd_sc_mcu7t5v0__clkbuf_16)
     6    0.041652    0.108005    0.250735    1.126601 ^ clkbuf_5_14__f_sys_clk_i/Z (gf180mcu_fd_sc_mcu7t5v0__clkbuf_16)
                                                         clknet_5_14__leaf_sys_clk_i (net)
                      0.108008    0.001020    1.127621 ^ _2030_/CLK (gf180mcu_fd_sc_mcu7t5v0__dffrnq_1)
     2    0.024024    0.276840    0.817018    1.944640 v _2030_/Q (gf180mcu_fd_sc_mcu7t5v0__dffrnq_1)
                                                         s_uart_rx_clean_fifo (net)
                      0.276851    0.001052    1.945692 v _0923_/A2 (gf180mcu_fd_sc_mcu7t5v0__nor2_1)
     2    0.017737    0.632239    0.437234    2.382926 ^ _0923_/ZN (gf180mcu_fd_sc_mcu7t5v0__nor2_1)
                                                         u_dc_fifo_rx.dst_rstn_i (net)
                      0.632239    0.000211    2.383137 ^ fanout356/I (gf180mcu_fd_sc_mcu7t5v0__buf_1)
     8    0.078149    1.300645    0.941628    3.324764 ^ fanout356/Z (gf180mcu_fd_sc_mcu7t5v0__buf_1)
                                                         net356 (net)
                      1.300682    0.003911    3.328676 ^ fanout352/I (gf180mcu_fd_sc_mcu7t5v0__dlyb_1)
     2    0.015974    0.326795    1.000383    4.329059 ^ fanout352/Z (gf180mcu_fd_sc_mcu7t5v0__dlyb_1)
                                                         net352 (net)
                      0.326795    0.000183    4.329241 ^ load_slew353/I (gf180mcu_fd_sc_mcu7t5v0__clkbuf_4)
     9    0.088484    0.391570    0.479490    4.808732 ^ load_slew353/Z (gf180mcu_fd_sc_mcu7t5v0__clkbuf_4)
                                                         net353 (net)
                      0.391637    0.002805    4.811536 ^ _2067_/SETN (gf180mcu_fd_sc_mcu7t5v0__dffsnq_1)
                                              4.811536   data arrival time

                                 20.000000   20.000000   clock sys_clk (rise edge)
                                  0.000000   20.000000   clock source latency
     1    0.055809    0.256672    0.137579   20.137579 ^ sys_clk_i (in)
                                                         sys_clk_i (net)
                      0.256907    0.000000   20.137579 ^ clkbuf_0_sys_clk_i/I (gf180mcu_fd_sc_mcu7t5v0__clkbuf_16)
    16    0.286950    0.312346    0.393493   20.531073 ^ clkbuf_0_sys_clk_i/Z (gf180mcu_fd_sc_mcu7t5v0__clkbuf_16)
                                                         clknet_0_sys_clk_i (net)
                      0.321370    0.025171   20.556244 ^ clkbuf_4_4_0_sys_clk_i/I (gf180mcu_fd_sc_mcu7t5v0__clkbuf_8)
     2    0.049200    0.156293    0.317080   20.873323 ^ clkbuf_4_4_0_sys_clk_i/Z (gf180mcu_fd_sc_mcu7t5v0__clkbuf_8)
                                                         clknet_4_4_0_sys_clk_i (net)
                      0.156293    0.000547   20.873871 ^ clkbuf_5_8__f_sys_clk_i/I (gf180mcu_fd_sc_mcu7t5v0__clkbuf_16)
     6    0.031214    0.098992    0.243585   21.117455 ^ clkbuf_5_8__f_sys_clk_i/Z (gf180mcu_fd_sc_mcu7t5v0__clkbuf_16)
                                                         clknet_5_8__leaf_sys_clk_i (net)
                      0.098992    0.000135   21.117590 ^ _2067_/CLK (gf180mcu_fd_sc_mcu7t5v0__dffsnq_1)
                                 -0.250000   20.867592   clock uncertainty
                                  0.000000   20.867592   clock reconvergence pessimism
                                 -0.010472   20.857119   library recovery time
                                             20.857119   data required time
---------------------------------------------------------------------------------------------
                                             20.857119   data required time
                                             -4.811536   data arrival time
---------------------------------------------------------------------------------------------
                                             16.045584   slack (MET)


Startpoint: _1968_ (rising edge-triggered flip-flop clocked by periph_clk)
Endpoint: _1772_ (rising edge-triggered flip-flop clocked by periph_clk)
Path Group: periph_clk
Path Type: max

Fanout         Cap        Slew       Delay        Time   Description
---------------------------------------------------------------------------------------------
                                  0.000000    0.000000   clock periph_clk (rise edge)
                                  0.000000    0.000000   clock source latency
     1    0.050936    0.238105    0.125304    0.125304 ^ periph_clk_i (in)
                                                         periph_clk_i (net)
                      0.238146    0.000000    0.125304 ^ clkbuf_0_periph_clk_i/I (gf180mcu_fd_sc_mcu7t5v0__clkbuf_16)
    16    0.253923    0.299896    0.396546    0.521850 ^ clkbuf_0_periph_clk_i/Z (gf180mcu_fd_sc_mcu7t5v0__clkbuf_16)
                                                         clknet_0_periph_clk_i (net)
                      0.299935    0.004099    0.525949 ^ clkbuf_4_1_0_periph_clk_i/I (gf180mcu_fd_sc_mcu7t5v0__clkbuf_8)
     2    0.048579    0.154850    0.311239    0.837188 ^ clkbuf_4_1_0_periph_clk_i/Z (gf180mcu_fd_sc_mcu7t5v0__clkbuf_8)
                                                         clknet_4_1_0_periph_clk_i (net)
                      0.154851    0.001061    0.838250 ^ clkbuf_5_2__f_periph_clk_i/I (gf180mcu_fd_sc_mcu7t5v0__clkbuf_16)
     6    0.030755    0.098583    0.242982    1.081232 ^ clkbuf_5_2__f_periph_clk_i/Z (gf180mcu_fd_sc_mcu7t5v0__clkbuf_16)
                                                         clknet_5_2__leaf_periph_clk_i (net)
                      0.098583    0.000303    1.081535 ^ _1968_/CLK (gf180mcu_fd_sc_mcu7t5v0__dffrnq_1)
    10    0.054491    0.928325    1.349480    2.431015 ^ _1968_/Q (gf180mcu_fd_sc_mcu7t5v0__dffrnq_1)
                                                         u_uart_rx.CS[1] (net)
                      0.928334    0.001568    2.432583 ^ _1003_/A2 (gf180mcu_fd_sc_mcu7t5v0__nor2_1)
     2    0.009881    0.400559    0.262804    2.695386 v _1003_/ZN (gf180mcu_fd_sc_mcu7t5v0__nor2_1)
                                                         _0783_ (net)
                      0.400559    0.000084    2.695471 v _1005_/A4 (gf180mcu_fd_sc_mcu7t5v0__nand4_1)
     3    0.025273    0.834927    0.608355    3.303825 ^ _1005_/ZN (gf180mcu_fd_sc_mcu7t5v0__nand4_1)
                                                         _0785_ (net)
                      0.834927    0.000946    3.304771 ^ _1077_/B (gf180mcu_fd_sc_mcu7t5v0__aoi21_1)
     1    0.004862    0.399198    0.271962    3.576733 v _1077_/ZN (gf180mcu_fd_sc_mcu7t5v0__aoi21_1)
                                                         _0851_ (net)
                      0.399198    0.000099    3.576832 v fanout315/I (gf180mcu_fd_sc_mcu7t5v0__dlyb_1)
     8    0.076168    0.829883    1.596005    5.172837 v fanout315/Z (gf180mcu_fd_sc_mcu7t5v0__dlyb_1)
                                                         net315 (net)
                      0.829883    0.000644    5.173481 v fanout314/I (gf180mcu_fd_sc_mcu7t5v0__buf_1)
    10    0.080023    0.798609    0.919685    6.093166 v fanout314/Z (gf180mcu_fd_sc_mcu7t5v0__buf_1)
                                                         net314 (net)
                      0.798616    0.001342    6.094508 v _1078_/I (gf180mcu_fd_sc_mcu7t5v0__clkinv_1)
     3    0.023743    0.518619    0.466643    6.561151 ^ _1078_/ZN (gf180mcu_fd_sc_mcu7t5v0__clkinv_1)
                                                         _0852_ (net)
                      0.518619    0.000482    6.561633 ^ _1278_/A2 (gf180mcu_fd_sc_mcu7t5v0__nor2_1)
     2    0.024094    0.467562    0.366840    6.928473 v _1278_/ZN (gf180mcu_fd_sc_mcu7t5v0__nor2_1)
                                                         _0408_ (net)
                      0.467562    0.000448    6.928921 v max_cap536/I (gf180mcu_fd_sc_mcu7t5v0__buf_1)
     3    0.031499    0.347946    0.531456    7.460377 v max_cap536/Z (gf180mcu_fd_sc_mcu7t5v0__buf_1)
                                                         net536 (net)
                      0.347951    0.000766    7.461143 v max_cap227/I (gf180mcu_fd_sc_mcu7t5v0__buf_2)
     4    0.059331    0.317147    0.447929    7.909072 v max_cap227/Z (gf180mcu_fd_sc_mcu7t5v0__buf_2)
                                                         net227 (net)
                      0.317200    0.002301    7.911373 v _1281_/S (gf180mcu_fd_sc_mcu7t5v0__mux2_2)
     1    0.003873    0.103258    0.415664    8.327037 ^ _1281_/Z (gf180mcu_fd_sc_mcu7t5v0__mux2_2)
                                                         _0046_ (net)
                      0.103258    0.000041    8.327078 ^ _1772_/D (gf180mcu_fd_sc_mcu7t5v0__dffrnq_1)
                                              8.327078   data arrival time

                                 20.000000   20.000000   clock periph_clk (rise edge)
                                  0.000000   20.000000   clock source latency
     1    0.050936    0.238105    0.125304   20.125305 ^ periph_clk_i (in)
                                                         periph_clk_i (net)
                      0.238146    0.000000   20.125305 ^ clkbuf_0_periph_clk_i/I (gf180mcu_fd_sc_mcu7t5v0__clkbuf_16)
    16    0.253923    0.299896    0.396545   20.521851 ^ clkbuf_0_periph_clk_i/Z (gf180mcu_fd_sc_mcu7t5v0__clkbuf_16)
                                                         clknet_0_periph_clk_i (net)
                      0.299985    0.005240   20.527090 ^ clkbuf_4_7_0_periph_clk_i/I (gf180mcu_fd_sc_mcu7t5v0__clkbuf_8)
     2    0.048555    0.154945    0.311557   20.838648 ^ clkbuf_4_7_0_periph_clk_i/Z (gf180mcu_fd_sc_mcu7t5v0__clkbuf_8)
                                                         clknet_4_7_0_periph_clk_i (net)
                      0.154945    0.000471   20.839117 ^ clkbuf_5_15__f_periph_clk_i/I (gf180mcu_fd_sc_mcu7t5v0__clkbuf_16)
     5    0.022934    0.091258    0.237034   21.076151 ^ clkbuf_5_15__f_periph_clk_i/Z (gf180mcu_fd_sc_mcu7t5v0__clkbuf_16)
                                                         clknet_5_15__leaf_periph_clk_i (net)
                      0.091258    0.000037   21.076189 ^ _1772_/CLK (gf180mcu_fd_sc_mcu7t5v0__dffrnq_1)
                                 -0.250000   20.826189   clock uncertainty
                                  0.000000   20.826189   clock reconvergence pessimism
                                 -0.301169   20.525021   library setup time
                                             20.525021   data required time
---------------------------------------------------------------------------------------------
                                             20.525021   data required time
                                             -8.327078   data arrival time
---------------------------------------------------------------------------------------------
                                             12.197943   slack (MET)


Startpoint: cfg_rwn_i (input port clocked by sys_clk)
Endpoint: cfg_data_o[0] (output port clocked by sys_clk)
Path Group: sys_clk
Path Type: max

Fanout         Cap        Slew       Delay        Time   Description
---------------------------------------------------------------------------------------------
                                  0.000000    0.000000   clock sys_clk (rise edge)
                                  0.000000    0.000000   clock network delay (propagated)
                                  2.000000    2.000000 ^ input external delay
     1    0.007193    0.164697    0.070502    2.070502 ^ cfg_rwn_i (in)
                                                         cfg_rwn_i (net)
                      0.164697    0.000000    2.070502 ^ input38/I (gf180mcu_fd_sc_mcu7t5v0__dlyb_1)
     8    0.056955    0.963577    1.368170    3.438673 ^ input38/Z (gf180mcu_fd_sc_mcu7t5v0__dlyb_1)
                                                         net38 (net)
                      0.963597    0.002465    3.441138 ^ _1206_/A1 (gf180mcu_fd_sc_mcu7t5v0__nand3_1)
     3    0.013652    0.499644    0.354000    3.795138 v _1206_/ZN (gf180mcu_fd_sc_mcu7t5v0__nand3_1)
                                                         _0352_ (net)
                      0.499644    0.000171    3.795309 v _1210_/A2 (gf180mcu_fd_sc_mcu7t5v0__or2_1)
     3    0.018082    0.285815    0.596671    4.391980 v _1210_/Z (gf180mcu_fd_sc_mcu7t5v0__or2_1)
                                                         _0356_ (net)
                      0.285815    0.000310    4.392289 v _1214_/A4 (gf180mcu_fd_sc_mcu7t5v0__nor4_1)
     1    0.011124    0.963772    0.661045    5.053335 ^ _1214_/ZN (gf180mcu_fd_sc_mcu7t5v0__nor4_1)
                                                         _0360_ (net)
                      0.963772    0.000345    5.053679 ^ wire334/I (gf180mcu_fd_sc_mcu7t5v0__dlyb_1)
     2    0.018202    0.359514    1.034643    6.088322 ^ wire334/Z (gf180mcu_fd_sc_mcu7t5v0__dlyb_1)
                                                         net334 (net)
                      0.359514    0.000350    6.088673 ^ fanout331/I (gf180mcu_fd_sc_mcu7t5v0__buf_1)
    10    0.124046    2.037400    1.351305    7.439978 ^ fanout331/Z (gf180mcu_fd_sc_mcu7t5v0__buf_1)
                                                         net331 (net)
                      2.037400    0.000708    7.440686 ^ _1223_/B1 (gf180mcu_fd_sc_mcu7t5v0__aoi222_1)
     1    0.017171    0.924149    0.457943    7.898629 v _1223_/ZN (gf180mcu_fd_sc_mcu7t5v0__aoi222_1)
                                                         _0369_ (net)
                      0.924149    0.000691    7.899320 v wire311/I (gf180mcu_fd_sc_mcu7t5v0__dlyb_1)
     1    0.013161    0.286631    1.336057    9.235376 v wire311/Z (gf180mcu_fd_sc_mcu7t5v0__dlyb_1)
                                                         net311 (net)
                      0.286631    0.000431    9.235807 v _1229_/A1 (gf180mcu_fd_sc_mcu7t5v0__nand3_1)
     1    0.017282    0.513616    0.345025    9.580832 ^ _1229_/ZN (gf180mcu_fd_sc_mcu7t5v0__nand3_1)
                                                         net113 (net)
                      0.513616    0.000678    9.581511 ^ output113/I (gf180mcu_fd_sc_mcu7t5v0__buf_1)
     1    0.020655    0.384068    0.405247    9.986757 ^ output113/Z (gf180mcu_fd_sc_mcu7t5v0__buf_1)
                                                         net222 (net)
                      0.384069    0.000844    9.987601 ^ wire222/I (gf180mcu_fd_sc_mcu7t5v0__clkbuf_3)
     1    0.080949    0.363956    0.477524   10.465125 ^ wire222/Z (gf180mcu_fd_sc_mcu7t5v0__clkbuf_3)
                                                         cfg_data_o[0] (net)
                      0.363987    0.002149   10.467274 ^ cfg_data_o[0] (out)
                                             10.467274   data arrival time

                                 20.000000   20.000000   clock sys_clk (rise edge)
                                  0.000000   20.000000   clock network delay (propagated)
                                 -0.250000   19.750002   clock uncertainty
                                  0.000000   19.750002   clock reconvergence pessimism
                                 -2.000000   17.750002   output external delay
                                             17.750002   data required time
---------------------------------------------------------------------------------------------
                                             17.750002   data required time
                                            -10.467274   data arrival time
---------------------------------------------------------------------------------------------
                                              7.282728   slack (MET)




===========================================================================
report_checks --slack_max -0.01
============================================================================
======================= nom_tt_025C_5v00 Corner ===================================

No paths found.


===========================================================================
 report_check_types -max_slew -max_cap -max_fanout -violators
============================================================================
======================= nom_tt_025C_5v00 Corner ===================================

max fanout

Pin                                   Limit Fanout  Slack
---------------------------------------------------------
clkbuf_0_periph_clk_i/Z                  10     16     -6 (VIOLATED)
clkbuf_0_sys_clk_i/Z                     10     16     -6 (VIOLATED)
fanout339/Z                              10     11        (VIOLATED)

max capacitance

Pin                                        Limit         Cap       Slack
------------------------------------------------------------------------
clkbuf_0_sys_clk_i/Z                    0.200000    0.286950   -0.086951 (VIOLATED)
clkbuf_0_periph_clk_i/Z                 0.200000    0.253923   -0.053923 (VIOLATED)



===========================================================================
report_parasitic_annotation -report_unannotated
============================================================================
Found 45 unannotated drivers.
 data_tx_i[10]
 data_tx_i[11]
 data_tx_i[12]
 data_tx_i[13]
 data_tx_i[14]
 data_tx_i[15]
 data_tx_i[16]
 data_tx_i[17]
 data_tx_i[18]
 data_tx_i[19]
 data_tx_i[20]
 data_tx_i[21]
 data_tx_i[22]
 data_tx_i[23]
 data_tx_i[24]
 data_tx_i[25]
 data_tx_i[26]
 data_tx_i[27]
 data_tx_i[28]
 data_tx_i[29]
 data_tx_i[30]
 data_tx_i[31]
 data_tx_i[8]
 data_tx_i[9]
 clkload0/Z
 clkload1/Z
 clkload10/Z
 clkload11/Z
 clkload12/Z
 clkload13/Z
 clkload14/Z
 clkload15/Z
 clkload16/Z
 clkload17/Z
 clkload18/Z
 clkload19/Z
 clkload2/Z
 clkload20/Z
 clkload3/Z
 clkload4/Z
 clkload5/Z
 clkload6/Z
 clkload7/Z
 clkload8/Z
 clkload9/Z
Found 0 partially unannotated drivers.

===========================================================================
max slew violation count 0
max fanout violation count 3
max cap violation count 2
============================================================================

===========================================================================
check_setup -verbose -unconstrained_endpoints -multiple_clock -no_clock -no_input_delay -loops -generated_clocks
===========================================================================
Warning: There is 1 input port missing set_input_delay.
  rstn_i
