
===========================================================================
report_checks -unconstrained
===========================================================================
======================= nom_ff_n40C_5v50 Corner ===================================

Startpoint: _2116_ (rising edge-triggered flip-flop clocked by sys_clk)
Endpoint: _2148_ (recovery check against rising-edge clock sys_clk)
Path Group: asynchronous
Path Type: max

Fanout         Cap        Slew       Delay        Time   Description
---------------------------------------------------------------------------------------------
                                  0.000000    0.000000   clock sys_clk (rise edge)
                                  0.000000    0.000000   clock source latency
     1    0.056415    0.171292    0.096532    0.096532 ^ sys_clk_i (in)
                                                         sys_clk_i (net)
                      0.171954    0.000000    0.096532 ^ clkbuf_0_sys_clk_i/I (gf180mcu_fd_sc_mcu7t5v0__clkbuf_16)
    16    0.175589    0.146266    0.227955    0.324487 ^ clkbuf_0_sys_clk_i/Z (gf180mcu_fd_sc_mcu7t5v0__clkbuf_16)
                                                         clknet_0_sys_clk_i (net)
                      0.146306    0.003571    0.328058 ^ clkbuf_4_7_0_sys_clk_i/I (gf180mcu_fd_sc_mcu7t5v0__clkbuf_2)
     2    0.049914    0.287999    0.301304    0.629362 ^ clkbuf_4_7_0_sys_clk_i/Z (gf180mcu_fd_sc_mcu7t5v0__clkbuf_2)
                                                         clknet_4_7_0_sys_clk_i (net)
                      0.288008    0.000944    0.630306 ^ clkbuf_5_14__f_sys_clk_i/I (gf180mcu_fd_sc_mcu7t5v0__clkbuf_16)
     6    0.037075    0.070762    0.196298    0.826603 ^ clkbuf_5_14__f_sys_clk_i/Z (gf180mcu_fd_sc_mcu7t5v0__clkbuf_16)
                                                         clknet_5_14__leaf_sys_clk_i (net)
                      0.070763    0.000537    0.827140 ^ _2116_/CLK (gf180mcu_fd_sc_mcu7t5v0__dffrnq_1)
     2    0.030037    0.219474    0.539004    1.366144 v _2116_/Q (gf180mcu_fd_sc_mcu7t5v0__dffrnq_1)
                                                         s_uart_rx_clean_fifo (net)
                      0.219488    0.001097    1.367241 v _0966_/A2 (gf180mcu_fd_sc_mcu7t5v0__nor2_1)
     4    0.045163    0.886434    0.560967    1.928208 ^ _0966_/ZN (gf180mcu_fd_sc_mcu7t5v0__nor2_1)
                                                         u_dc_fifo_rx.dst_rstn_i (net)
                      0.886434    0.000407    1.928615 ^ fanout350/I (gf180mcu_fd_sc_mcu7t5v0__dlyb_1)
     5    0.045265    0.515175    0.774918    2.703533 ^ fanout350/Z (gf180mcu_fd_sc_mcu7t5v0__dlyb_1)
                                                         net350 (net)
                      0.515175    0.000408    2.703941 ^ fanout347/I (gf180mcu_fd_sc_mcu7t5v0__dlyb_1)
     8    0.072726    0.805972    0.961393    3.665334 ^ fanout347/Z (gf180mcu_fd_sc_mcu7t5v0__dlyb_1)
                                                         net347 (net)
                      0.805979    0.001344    3.666678 ^ fanout346/I (gf180mcu_fd_sc_mcu7t5v0__buf_1)
     4    0.033740    0.394368    0.350315    4.016994 ^ fanout346/Z (gf180mcu_fd_sc_mcu7t5v0__buf_1)
                                                         net346 (net)
                      0.394370    0.000475    4.017469 ^ max_cap534/I (gf180mcu_fd_sc_mcu7t5v0__buf_2)
     7    0.063818    0.362442    0.327744    4.345212 ^ max_cap534/Z (gf180mcu_fd_sc_mcu7t5v0__buf_2)
                                                         net534 (net)
                      0.362442    0.000330    4.345542 ^ _2148_/SETN (gf180mcu_fd_sc_mcu7t5v0__dffsnq_1)
                                              4.345542   data arrival time

                                 20.000000   20.000000   clock sys_clk (rise edge)
                                  0.000000   20.000000   clock source latency
     1    0.056415    0.171292    0.096533   20.096533 ^ sys_clk_i (in)
                                                         sys_clk_i (net)
                      0.171954    0.000000   20.096533 ^ clkbuf_0_sys_clk_i/I (gf180mcu_fd_sc_mcu7t5v0__clkbuf_16)
    16    0.175589    0.146266    0.227955   20.324488 ^ clkbuf_0_sys_clk_i/Z (gf180mcu_fd_sc_mcu7t5v0__clkbuf_16)
                                                         clknet_0_sys_clk_i (net)
                      0.146324    0.004288   20.328775 ^ clkbuf_4_5_0_sys_clk_i/I (gf180mcu_fd_sc_mcu7t5v0__clkbuf_2)
     2    0.048408    0.280080    0.296673   20.625448 ^ clkbuf_4_5_0_sys_clk_i/Z (gf180mcu_fd_sc_mcu7t5v0__clkbuf_2)
                                                         clknet_4_5_0_sys_clk_i (net)
                      0.280089    0.000899   20.626347 ^ clkbuf_5_11__f_sys_clk_i/I (gf180mcu_fd_sc_mcu7t5v0__clkbuf_16)
     6    0.041150    0.072707    0.196717   20.823065 ^ clkbuf_5_11__f_sys_clk_i/Z (gf180mcu_fd_sc_mcu7t5v0__clkbuf_16)
                                                         clknet_5_11__leaf_sys_clk_i (net)
                      0.072707    0.000162   20.823227 ^ _2148_/CLK (gf180mcu_fd_sc_mcu7t5v0__dffsnq_1)
                                 -0.250000   20.573227   clock uncertainty
                                  0.000000   20.573227   clock reconvergence pessimism
                                 -0.026358   20.546869   library recovery time
                                             20.546869   data required time
---------------------------------------------------------------------------------------------
                                             20.546869   data required time
                                             -4.345542   data arrival time
---------------------------------------------------------------------------------------------
                                             16.201326   slack (MET)


Startpoint: _2069_ (rising edge-triggered flip-flop clocked by periph_clk)
Endpoint: uart_tx_o (output port clocked by periph_clk)
Path Group: periph_clk
Path Type: max

Fanout         Cap        Slew       Delay        Time   Description
---------------------------------------------------------------------------------------------
                                  0.000000    0.000000   clock periph_clk (rise edge)
                                  0.000000    0.000000   clock source latency
     1    0.056969    0.173247    0.096871    0.096871 ^ periph_clk_i (in)
                                                         periph_clk_i (net)
                      0.173699    0.000000    0.096871 ^ clkbuf_0_periph_clk_i/I (gf180mcu_fd_sc_mcu7t5v0__clkbuf_16)
    16    0.175028    0.147293    0.229788    0.326659 ^ clkbuf_0_periph_clk_i/Z (gf180mcu_fd_sc_mcu7t5v0__clkbuf_16)
                                                         clknet_0_periph_clk_i (net)
                      0.147314    0.002621    0.329281 ^ clkbuf_4_9_0_periph_clk_i/I (gf180mcu_fd_sc_mcu7t5v0__clkbuf_2)
     2    0.051298    0.295231    0.305682    0.634963 ^ clkbuf_4_9_0_periph_clk_i/Z (gf180mcu_fd_sc_mcu7t5v0__clkbuf_2)
                                                         clknet_4_9_0_periph_clk_i (net)
                      0.295250    0.001321    0.636285 ^ clkbuf_5_18__f_periph_clk_i/I (gf180mcu_fd_sc_mcu7t5v0__clkbuf_16)
     5    0.024766    0.063954    0.191999    0.828284 ^ clkbuf_5_18__f_periph_clk_i/Z (gf180mcu_fd_sc_mcu7t5v0__clkbuf_16)
                                                         clknet_5_18__leaf_periph_clk_i (net)
                      0.063954    0.000305    0.828589 ^ _2069_/CLK (gf180mcu_fd_sc_mcu7t5v0__dffrnq_1)
     5    0.031350    0.227471    0.543490    1.372079 v _2069_/Q (gf180mcu_fd_sc_mcu7t5v0__dffrnq_1)
                                                         u_uart_tx.CS[1] (net)
                      0.227472    0.000425    1.372504 v fanout418/I (gf180mcu_fd_sc_mcu7t5v0__dlyb_1)
    10    0.063162    0.464182    0.916948    2.289452 v fanout418/Z (gf180mcu_fd_sc_mcu7t5v0__dlyb_1)
                                                         net418 (net)
                      0.464204    0.001808    2.291260 v _1313_/A1 (gf180mcu_fd_sc_mcu7t5v0__and2_1)
     5    0.035548    0.257921    0.393127    2.684387 v _1313_/Z (gf180mcu_fd_sc_mcu7t5v0__and2_1)
                                                         _0413_ (net)
                      0.257921    0.000271    2.684658 v fanout328/I (gf180mcu_fd_sc_mcu7t5v0__dlyb_1)
    10    0.070491    0.508173    0.958098    3.642756 v fanout328/Z (gf180mcu_fd_sc_mcu7t5v0__dlyb_1)
                                                         net328 (net)
                      0.508198    0.002020    3.644776 v _1315_/A2 (gf180mcu_fd_sc_mcu7t5v0__aoi221_1)
     1    0.005184    0.410234    0.356500    4.001276 ^ _1315_/ZN (gf180mcu_fd_sc_mcu7t5v0__aoi221_1)
                                                         _0415_ (net)
                      0.410234    0.000099    4.001374 ^ _1316_/B (gf180mcu_fd_sc_mcu7t5v0__oai21_1)
     1    0.020709    0.324258    0.221091    4.222465 v _1316_/ZN (gf180mcu_fd_sc_mcu7t5v0__oai21_1)
                                                         net220 (net)
                      0.324259    0.000966    4.223431 v output220/I (gf180mcu_fd_sc_mcu7t5v0__buf_1)
     1    0.007395    0.093988    0.247463    4.470894 v output220/Z (gf180mcu_fd_sc_mcu7t5v0__buf_1)
                                                         net236 (net)
                      0.093988    0.000089    4.470983 v wire236/I (gf180mcu_fd_sc_mcu7t5v0__clkbuf_3)
     1    0.075455    0.223926    0.273798    4.744781 v wire236/Z (gf180mcu_fd_sc_mcu7t5v0__clkbuf_3)
                                                         uart_tx_o (net)
                      0.223945    0.001154    4.745935 v uart_tx_o (out)
                                              4.745935   data arrival time

                                 20.000000   20.000000   clock periph_clk (rise edge)
                                  0.000000   20.000000   clock network delay (propagated)
                                 -0.250000   19.750002   clock uncertainty
                                  0.000000   19.750002   clock reconvergence pessimism
                                 -4.000000   15.750001   output external delay
                                             15.750001   data required time
---------------------------------------------------------------------------------------------
                                             15.750001   data required time
                                             -4.745935   data arrival time
---------------------------------------------------------------------------------------------
                                             11.004066   slack (MET)


Startpoint: cfg_addr_i[3] (input port clocked by sys_clk)
Endpoint: cfg_data_o[1] (output port clocked by sys_clk)
Path Group: sys_clk
Path Type: max

Fanout         Cap        Slew       Delay        Time   Description
---------------------------------------------------------------------------------------------
                                  0.000000    0.000000   clock sys_clk (rise edge)
                                  0.000000    0.000000   clock network delay (propagated)
                                  4.000000    4.000000 v input external delay
     1    0.007912    0.067924    0.032633    4.032632 v cfg_addr_i[3] (in)
                                                         cfg_addr_i[3] (net)
                      0.067924    0.000000    4.032632 v input4/I (gf180mcu_fd_sc_mcu7t5v0__dlyb_1)
     5    0.059466    0.441030    0.844781    4.877413 v input4/Z (gf180mcu_fd_sc_mcu7t5v0__dlyb_1)
                                                         net4 (net)
                      0.441214    0.005057    4.882471 v fanout428/I (gf180mcu_fd_sc_mcu7t5v0__dlyb_1)
    10    0.067191    0.488347    1.010371    5.892841 v fanout428/Z (gf180mcu_fd_sc_mcu7t5v0__dlyb_1)
                                                         net428 (net)
                      0.488416    0.003294    5.896136 v _0907_/I (gf180mcu_fd_sc_mcu7t5v0__clkinv_1)
     8    0.052715    0.599732    0.479527    6.375663 ^ _0907_/ZN (gf180mcu_fd_sc_mcu7t5v0__clkinv_1)
                                                         _0698_ (net)
                      0.599738    0.001041    6.376704 ^ _1323_/A1 (gf180mcu_fd_sc_mcu7t5v0__nand4_1)
     2    0.009954    0.353520    0.211899    6.588603 v _1323_/ZN (gf180mcu_fd_sc_mcu7t5v0__nand4_1)
                                                         _0422_ (net)
                      0.353520    0.000149    6.588752 v _1332_/A1 (gf180mcu_fd_sc_mcu7t5v0__nor4_1)
     2    0.040232    1.527292    0.899342    7.488095 ^ _1332_/ZN (gf180mcu_fd_sc_mcu7t5v0__nor4_1)
                                                         _0431_ (net)
                      1.527293    0.001927    7.490022 ^ fanout325/I (gf180mcu_fd_sc_mcu7t5v0__dlya_1)
    10    0.086843    0.952948    0.693338    8.183360 ^ fanout325/Z (gf180mcu_fd_sc_mcu7t5v0__dlya_1)
                                                         net325 (net)
                      0.952948    0.000544    8.183905 ^ _1351_/B1 (gf180mcu_fd_sc_mcu7t5v0__aoi22_1)
     1    0.017152    0.469591    0.285105    8.469009 v _1351_/ZN (gf180mcu_fd_sc_mcu7t5v0__aoi22_1)
                                                         _0449_ (net)
                      0.469591    0.000692    8.469702 v _1355_/A1 (gf180mcu_fd_sc_mcu7t5v0__and4_1)
     1    0.022272    0.193992    0.363449    8.833151 v _1355_/Z (gf180mcu_fd_sc_mcu7t5v0__and4_1)
                                                         _0453_ (net)
                      0.194021    0.001102    8.834252 v _1356_/A2 (gf180mcu_fd_sc_mcu7t5v0__nand2_1)
     1    0.015431    0.286463    0.200092    9.034344 ^ _1356_/ZN (gf180mcu_fd_sc_mcu7t5v0__nand2_1)
                                                         net124 (net)
                      0.286463    0.000597    9.034941 ^ output124/I (gf180mcu_fd_sc_mcu7t5v0__buf_1)
     1    0.010162    0.144156    0.194429    9.229370 ^ output124/Z (gf180mcu_fd_sc_mcu7t5v0__buf_1)
                                                         net227 (net)
                      0.144156    0.000255    9.229626 ^ wire227/I (gf180mcu_fd_sc_mcu7t5v0__clkbuf_3)
     1    0.080718    0.238420    0.289638    9.519263 ^ wire227/Z (gf180mcu_fd_sc_mcu7t5v0__clkbuf_3)
                                                         cfg_data_o[1] (net)
                      0.238469    0.001895    9.521158 ^ cfg_data_o[1] (out)
                                              9.521158   data arrival time

                                 20.000000   20.000000   clock sys_clk (rise edge)
                                  0.000000   20.000000   clock network delay (propagated)
                                 -0.250000   19.750002   clock uncertainty
                                  0.000000   19.750002   clock reconvergence pessimism
                                 -4.000000   15.750001   output external delay
                                             15.750001   data required time
---------------------------------------------------------------------------------------------
                                             15.750001   data required time
                                             -9.521158   data arrival time
---------------------------------------------------------------------------------------------
                                              6.228843   slack (MET)




===========================================================================
report_checks --slack_max -0.01
============================================================================
======================= nom_ff_n40C_5v50 Corner ===================================

No paths found.


===========================================================================
 report_check_types -max_slew -max_cap -max_fanout -violators
============================================================================
======================= nom_ff_n40C_5v50 Corner ===================================

max fanout

Pin                                   Limit Fanout  Slack
---------------------------------------------------------
clkbuf_0_periph_clk_i/Z                  10     16     -6 (VIOLATED)
clkbuf_0_sys_clk_i/Z                     10     16     -6 (VIOLATED)



===========================================================================
report_parasitic_annotation -report_unannotated
============================================================================
Found 45 unannotated drivers.
 data_tx_i[10]
 data_tx_i[11]
 data_tx_i[12]
 data_tx_i[13]
 data_tx_i[14]
 data_tx_i[15]
 data_tx_i[16]
 data_tx_i[17]
 data_tx_i[18]
 data_tx_i[19]
 data_tx_i[20]
 data_tx_i[21]
 data_tx_i[22]
 data_tx_i[23]
 data_tx_i[24]
 data_tx_i[25]
 data_tx_i[26]
 data_tx_i[27]
 data_tx_i[28]
 data_tx_i[29]
 data_tx_i[30]
 data_tx_i[31]
 data_tx_i[8]
 data_tx_i[9]
 clkload0/Z
 clkload1/Z
 clkload10/Z
 clkload11/Z
 clkload12/Z
 clkload13/Z
 clkload14/Z
 clkload15/Z
 clkload16/Z
 clkload17/Z
 clkload18/Z
 clkload19/Z
 clkload2/Z
 clkload20/Z
 clkload3/Z
 clkload4/Z
 clkload5/Z
 clkload6/Z
 clkload7/Z
 clkload8/Z
 clkload9/Z
Found 0 partially unannotated drivers.

===========================================================================
max slew violation count 0
max fanout violation count 2
max cap violation count 0
============================================================================

===========================================================================
check_setup -verbose -unconstrained_endpoints -multiple_clock -no_clock -no_input_delay -loops -generated_clocks
===========================================================================
Warning: There is 1 input port missing set_input_delay.
  rstn_i
