Clock: sys_clk
Sources: sys_clk_i 
Generated: no
Virtual: yes
Propagated: no
Period: 20.000000

===========================================================================
report_clock_properties
============================================================================
Clock                   Period          Waveform
----------------------------------------------------
sys_clk              20.000000    0.000000 10.000000

===========================================================================
report_clock_latency
============================================================================
Clock sys_clk
rise -> rise
    min     max
0.000000 0.000000 source latency
0.816728         network latency _2027_/CLK
        0.838650 network latency _2034_/CLK
---------------
0.816728 0.838650 latency
        0.021922 skew

fall -> fall
    min     max
0.000000 0.000000 source latency
0.782578         network latency _2027_/CLK
        0.805659 network latency _2034_/CLK
---------------
0.782578 0.805659 latency
        0.023080 skew



===========================================================================
report_clock_min_period
============================================================================
sys_clk period_min = 4.58 fmax = 218.46
Clock: periph_clk
Sources: periph_clk_i 
Generated: no
Virtual: yes
Propagated: no
Period: 20.000000

===========================================================================
report_clock_properties
============================================================================
Clock                   Period          Waveform
----------------------------------------------------
periph_clk           20.000000    0.000000 10.000000

===========================================================================
report_clock_latency
============================================================================
Clock periph_clk
rise -> rise
    min     max
0.000000 0.000000 source latency
0.809053         network latency _2053_/CLK
        0.842064 network latency _1888_/CLK
---------------
0.809053 0.842064 latency
        0.033011 skew

fall -> fall
    min     max
0.000000 0.000000 source latency
0.774351         network latency _2053_/CLK
        0.809083 network latency _1888_/CLK
---------------
0.774351 0.809083 latency
        0.034731 skew



===========================================================================
report_clock_min_period
============================================================================
periph_clk period_min = 4.94 fmax = 202.51
