
===========================================================================
 report_power
============================================================================
======================= nom_ff_n40C_5v50 Corner ===================================

Group                    Internal    Switching      Leakage        Total
                            Power        Power        Power        Power (Watts)
------------------------------------------------------------------------
Sequential           1.475329e-02 1.663081e-03 1.822492e-07 1.641656e-02  31.1%
Combinational        6.762675e-03 5.056298e-03 2.557035e-07 1.181923e-02  22.4%
Clock                1.836961e-02 6.102167e-03 3.852207e-07 2.447217e-02  46.4%
Macro                0.000000e+00 0.000000e+00 0.000000e+00 0.000000e+00   0.0%
Pad                  0.000000e+00 0.000000e+00 0.000000e+00 0.000000e+00   0.0%
------------------------------------------------------------------------
Total                3.988554e-02 1.282154e-02 8.231706e-07 5.270791e-02 100.0%
                            75.7%        24.3%         0.0%

