Reading timing models for corner nom_tt_025C_5v00…
Reading timing library for the 'nom_tt_025C_5v00' corner at '/home/sahana/.ciel/gf180mcuD/libs.ref/gf180mcu_fd_sc_mcu7t5v0/lib/gf180mcu_fd_sc_mcu7t5v0__tt_025C_5v00.lib'…
Reading OpenROAD database at '/home/sahana/core5_udma/hardening/uart_tx/runs/RUN_2026-07-25_16-50-47/42-openroad-repairantennas/1-openroad-diodeinsertion/udma_uart_tx.odb'…
Reading design constraints file at '/nix/store/ffl2vg3m80k0p74pyffnmai83fnv38mf-python3-3.13.9-env/lib/python3.13/site-packages/librelane/scripts/base.sdc'…
[INFO] Using clock clk_i…
[INFO] Setting output delay to: 4
[INFO] Setting input delay to: 4
[INFO] Setting load to: 0.07291
[INFO] Setting clock uncertainty to: 0.25
[INFO] Setting clock transition to: 0.1499999999999999944488848768742172978818416595458984375
[INFO] Setting timing derate to: 5%
[INFO ORD-0030] Using 16 thread(s).
+ detailed_route -droute_end_iter 64 -or_seed 42 -verbose 1 -output_drc /home/sahana/core5_udma/hardening/uart_tx/runs/RUN_2026-07-25_16-50-47/44-openroad-detailedrouting/drt-run-0/udma_uart_tx.drc
[INFO DRT-0149] Reading tech and libs.
[WARNING DRT-0349] LEF58_ENCLOSURE with no CUTCLASS is not supported. Skipping for layer Via1
[WARNING DRT-0349] LEF58_ENCLOSURE with no CUTCLASS is not supported. Skipping for layer Via1
[WARNING DRT-0349] LEF58_ENCLOSURE with no CUTCLASS is not supported. Skipping for layer Via2
[WARNING DRT-0349] LEF58_ENCLOSURE with no CUTCLASS is not supported. Skipping for layer Via2
[WARNING DRT-0349] LEF58_ENCLOSURE with no CUTCLASS is not supported. Skipping for layer Via3
[WARNING DRT-0349] LEF58_ENCLOSURE with no CUTCLASS is not supported. Skipping for layer Via3
[WARNING DRT-0349] LEF58_ENCLOSURE with no CUTCLASS is not supported. Skipping for layer Via4
[WARNING DRT-0349] LEF58_ENCLOSURE with no CUTCLASS is not supported. Skipping for layer Via4

Units:                2000
Number of layers:     11
Number of macros:     229
Number of vias:       60
Number of viarulegen: 16

[INFO DRT-0150] Reading design.

Design:                   udma_uart_tx
Die area:                 ( 0 0 ) ( 289650 325490 )
Number of track patterns: 10
Number of DEF vias:       0
Number of components:     396
Number of terminals:      37
Number of snets:          2
Number of nets:           255

[INFO DRT-0167] List of default vias:
  Layer Via2
    default via: Via2_VH
  Layer Via3
    default via: Via3_HV
  Layer Via4
    default via: Via4_VH
[INFO DRT-0162] Library cell analysis.
[INFO DRT-0163] Instance analysis.
[INFO DRT-0164] Number of unique instances = 81.
[INFO DRT-0168] Init region query.
[INFO DRT-0024]   Complete Poly2.
[INFO DRT-0024]   Complete CON.
[INFO DRT-0024]   Complete Metal1.
[INFO DRT-0024]   Complete Via1.
[INFO DRT-0024]   Complete Metal2.
[INFO DRT-0024]   Complete Via2.
[INFO DRT-0024]   Complete Metal3.
[INFO DRT-0024]   Complete Via3.
[INFO DRT-0024]   Complete Metal4.
[INFO DRT-0024]   Complete Via4.
[INFO DRT-0024]   Complete Metal5.
[INFO DRT-0033] Poly2 shape region query size = 0.
[INFO DRT-0033] CON shape region query size = 0.
[INFO DRT-0033] Metal1 shape region query size = 6529.
[INFO DRT-0033] Via1 shape region query size = 102.
[INFO DRT-0033] Metal2 shape region query size = 82.
[INFO DRT-0033] Via2 shape region query size = 102.
[INFO DRT-0033] Metal3 shape region query size = 89.
[INFO DRT-0033] Via3 shape region query size = 102.
[INFO DRT-0033] Metal4 shape region query size = 40.
[INFO DRT-0033] Via4 shape region query size = 18.
[INFO DRT-0033] Metal5 shape region query size = 6.
[INFO DRT-0165] Start pin access.
[INFO DRT-0078]   Complete 572 pins.
[INFO DRT-0081]   Complete 77 unique inst patterns.
[INFO DRT-0084]   Complete 156 groups.
#scanned instances     = 396
#unique  instances     = 81
#stdCellGenAp          = 1352
#stdCellValidPlanarAp  = 0
#stdCellValidViaAp     = 1269
#stdCellPinNoAp        = 0
#stdCellPinCnt         = 739
#instTermValidViaApCnt = 0
#macroGenAp            = 0
#macroValidPlanarAp    = 0
#macroValidViaAp       = 0
#macroNoAp             = 0
[INFO DRT-0166] Complete pin access.
[INFO DRT-0267] cpu time = 00:00:19, elapsed time = 00:00:02, memory = 136.68 (MB), peak = 135.48 (MB)

[INFO DRT-0157] Number of guides:     1747

[INFO DRT-0169] Post process guides.
[INFO DRT-0176] GCELLGRID X 0 DO 17 STEP 16800 ;
[INFO DRT-0177] GCELLGRID Y 0 DO 19 STEP 16800 ;
[INFO DRT-0028]   Complete Poly2.
[INFO DRT-0028]   Complete CON.
[INFO DRT-0028]   Complete Metal1.
[INFO DRT-0028]   Complete Via1.
[INFO DRT-0028]   Complete Metal2.
[INFO DRT-0028]   Complete Via2.
[INFO DRT-0028]   Complete Metal3.
[INFO DRT-0028]   Complete Via3.
[INFO DRT-0028]   Complete Metal4.
[INFO DRT-0028]   Complete Via4.
[INFO DRT-0028]   Complete Metal5.
[INFO DRT-0178] Init guide query.
[INFO DRT-0035]   Complete Poly2 (guide).
[INFO DRT-0035]   Complete CON (guide).
[INFO DRT-0035]   Complete Metal1 (guide).
[INFO DRT-0035]   Complete Via1 (guide).
[INFO DRT-0035]   Complete Metal2 (guide).
[INFO DRT-0035]   Complete Via2 (guide).
[INFO DRT-0035]   Complete Metal3 (guide).
[INFO DRT-0035]   Complete Via3 (guide).
[INFO DRT-0035]   Complete Metal4 (guide).
[INFO DRT-0035]   Complete Via4 (guide).
[INFO DRT-0035]   Complete Metal5 (guide).
[INFO DRT-0036] Poly2 guide region query size = 0.
[INFO DRT-0036] CON guide region query size = 0.
[INFO DRT-0036] Metal1 guide region query size = 648.
[INFO DRT-0036] Via1 guide region query size = 0.
[INFO DRT-0036] Metal2 guide region query size = 572.
[INFO DRT-0036] Via2 guide region query size = 0.
[INFO DRT-0036] Metal3 guide region query size = 253.
[INFO DRT-0036] Via3 guide region query size = 0.
[INFO DRT-0036] Metal4 guide region query size = 2.
[INFO DRT-0036] Via4 guide region query size = 0.
[INFO DRT-0036] Metal5 guide region query size = 0.
[INFO DRT-0179] Init gr pin query.
[INFO DRT-0267] cpu time = 00:00:00, elapsed time = 00:00:00, memory = 137.34 (MB), peak = 136.13 (MB)
[INFO DRT-0245] skipped writing guide updates to database.
[INFO DRT-0185] Post process initialize RPin region query.
[INFO DRT-0181] Start track assignment.
[INFO DRT-0184] Done with 574 vertical wires in 1 frboxes and 901 horizontal wires in 1 frboxes.
[INFO DRT-0186] Done with 91 vertical wires in 1 frboxes and 92 horizontal wires in 1 frboxes.
[INFO DRT-0182] Complete track assignment.
[INFO DRT-0267] cpu time = 00:00:02, elapsed time = 00:00:00, memory = 141.79 (MB), peak = 140.65 (MB)
[INFO DRT-0187] Start routing data preparation.
[INFO DRT-0267] cpu time = 00:00:00, elapsed time = 00:00:00, memory = 141.89 (MB), peak = 140.65 (MB)
[INFO DRT-0194] Start detail routing.
[INFO DRT-0195] Start 0th optimization iteration.
    Completing 10% with 0 violations.
    elapsed time = 00:00:00, memory = 147.42 (MB).
    Completing 20% with 0 violations.
    elapsed time = 00:00:00, memory = 148.66 (MB).
    Completing 30% with 0 violations.
    elapsed time = 00:00:00, memory = 147.69 (MB).
    Completing 40% with 0 violations.
    elapsed time = 00:00:00, memory = 146.72 (MB).
    Completing 50% with 0 violations.
    elapsed time = 00:00:00, memory = 152.55 (MB).
    Completing 60% with 0 violations.
    elapsed time = 00:00:00, memory = 152.98 (MB).
    Completing 70% with 5 violations.
    elapsed time = 00:00:01, memory = 155.69 (MB).
    Completing 80% with 5 violations.
    elapsed time = 00:00:01, memory = 153.79 (MB).
    Completing 100% with 20 violations.
    elapsed time = 00:00:01, memory = 153.79 (MB).
[INFO DRT-0199]   Number of violations = 24.
Viol/Layer      Metal2 Metal3
Metal Spacing       12      0
Recheck              3      1
Short                8      0
[INFO DRT-0267] cpu time = 00:00:18, elapsed time = 00:00:02, memory = 424.43 (MB), peak = 465.37 (MB)
Total wire length = 6805 um.
Total wire length on LAYER Metal1 = 0 um.
Total wire length on LAYER Metal2 = 3972 um.
Total wire length on LAYER Metal3 = 2764 um.
Total wire length on LAYER Metal4 = 68 um.
Total wire length on LAYER Metal5 = 0 um.
Total number of vias = 1318.
Up-via summary (total 1318):

---------------
  Poly2       0
 Metal1     761
 Metal2     551
 Metal3       6
 Metal4       0
---------------
       1318


[INFO DRT-0195] Start 1st optimization iteration.
    Completing 10% with 24 violations.
    elapsed time = 00:00:00, memory = 428.92 (MB).
    Completing 20% with 24 violations.
    elapsed time = 00:00:00, memory = 429.23 (MB).
    Completing 30% with 24 violations.
    elapsed time = 00:00:00, memory = 432.17 (MB).
    Completing 40% with 24 violations.
    elapsed time = 00:00:00, memory = 432.17 (MB).
    Completing 50% with 24 violations.
    elapsed time = 00:00:00, memory = 435.75 (MB).
    Completing 60% with 24 violations.
    elapsed time = 00:00:00, memory = 437.27 (MB).
    Completing 70% with 19 violations.
    elapsed time = 00:00:00, memory = 438.16 (MB).
    Completing 80% with 19 violations.
    elapsed time = 00:00:00, memory = 438.16 (MB).
    Completing 100% with 1 violations.
    elapsed time = 00:00:01, memory = 439.06 (MB).
[INFO DRT-0199]   Number of violations = 1.
Viol/Layer      Metal2
Short                1
[INFO DRT-0267] cpu time = 00:00:14, elapsed time = 00:00:01, memory = 481.88 (MB), peak = 480.76 (MB)
Total wire length = 6735 um.
Total wire length on LAYER Metal1 = 0 um.
Total wire length on LAYER Metal2 = 3911 um.
Total wire length on LAYER Metal3 = 2757 um.
Total wire length on LAYER Metal4 = 66 um.
Total wire length on LAYER Metal5 = 0 um.
Total number of vias = 1302.
Up-via summary (total 1302):

---------------
  Poly2       0
 Metal1     756
 Metal2     540
 Metal3       6
 Metal4       0
---------------
       1302


[INFO DRT-0195] Start 2nd optimization iteration.
    Completing 10% with 1 violations.
    elapsed time = 00:00:00, memory = 481.88 (MB).
    Completing 20% with 1 violations.
    elapsed time = 00:00:00, memory = 481.88 (MB).
    Completing 30% with 1 violations.
    elapsed time = 00:00:00, memory = 481.88 (MB).
    Completing 40% with 1 violations.
    elapsed time = 00:00:00, memory = 481.88 (MB).
    Completing 50% with 1 violations.
    elapsed time = 00:00:00, memory = 481.88 (MB).
    Completing 60% with 1 violations.
    elapsed time = 00:00:00, memory = 481.88 (MB).
    Completing 70% with 1 violations.
    elapsed time = 00:00:00, memory = 488.86 (MB).
    Completing 80% with 0 violations.
    elapsed time = 00:00:00, memory = 467.85 (MB).
    Completing 90% with 0 violations.
    elapsed time = 00:00:00, memory = 467.85 (MB).
    Completing 100% with 0 violations.
    elapsed time = 00:00:00, memory = 467.85 (MB).
[INFO DRT-0199]   Number of violations = 0.
[INFO DRT-0267] cpu time = 00:00:08, elapsed time = 00:00:00, memory = 476.85 (MB), peak = 487.82 (MB)
Total wire length = 6711 um.
Total wire length on LAYER Metal1 = 0 um.
Total wire length on LAYER Metal2 = 3886 um.
Total wire length on LAYER Metal3 = 2758 um.
Total wire length on LAYER Metal4 = 66 um.
Total wire length on LAYER Metal5 = 0 um.
Total number of vias = 1306.
Up-via summary (total 1306):

---------------
  Poly2       0
 Metal1     756
 Metal2     544
 Metal3       6
 Metal4       0
---------------
       1306


[INFO DRT-0198] Complete detail routing.
Total wire length = 6711 um.
Total wire length on LAYER Metal1 = 0 um.
Total wire length on LAYER Metal2 = 3886 um.
Total wire length on LAYER Metal3 = 2758 um.
Total wire length on LAYER Metal4 = 66 um.
Total wire length on LAYER Metal5 = 0 um.
Total number of vias = 1306.
Up-via summary (total 1306):

---------------
  Poly2       0
 Metal1     756
 Metal2     544
 Metal3       6
 Metal4       0
---------------
       1306


[INFO DRT-0267] cpu time = 00:00:42, elapsed time = 00:00:04, memory = 476.96 (MB), peak = 487.82 (MB)

[INFO DRT-0180] Post processing.
+ check_antennas 
[INFO ANT-0002] Found 0 net violations.
[INFO ANT-0001] Found 0 pin violations.
Setting global connections for newly added cells…
[INFO] Setting global connections...
[INFO ODB-0403] 0 connections made, 0 conflicts skipped.
Updating metrics…
Cell type report:                       Count       Area
  Endcap cell                              66     289.77
  Tap cell                                105     460.99
  Clock buffer                              7     583.92
  Timing Repair Buffer                     46    1527.86
  Inverter                                 11      96.59
  Sequential cell                          32    2423.50
  Multi-Input combinational cell          129    2658.39
  Total                                   396    8041.02
Writing OpenROAD database to '/home/sahana/core5_udma/hardening/uart_tx/runs/RUN_2026-07-25_16-50-47/44-openroad-detailedrouting/udma_uart_tx.odb'…
Writing netlist to '/home/sahana/core5_udma/hardening/uart_tx/runs/RUN_2026-07-25_16-50-47/44-openroad-detailedrouting/udma_uart_tx.nl.v'…
Writing powered netlist to '/home/sahana/core5_udma/hardening/uart_tx/runs/RUN_2026-07-25_16-50-47/44-openroad-detailedrouting/udma_uart_tx.pnl.v'…
Writing layout to '/home/sahana/core5_udma/hardening/uart_tx/runs/RUN_2026-07-25_16-50-47/44-openroad-detailedrouting/udma_uart_tx.def'…
Writing timing constraints to '/home/sahana/core5_udma/hardening/uart_tx/runs/RUN_2026-07-25_16-50-47/44-openroad-detailedrouting/udma_uart_tx.sdc'…
