Clock: clk_i
Sources: clk_i 
Generated: no
Virtual: no
Propagated: no
Period: 20.000000

===========================================================================
report_clock_properties
============================================================================
Clock                   Period          Waveform
----------------------------------------------------
clk_i                20.000000    0.000000 10.000000

===========================================================================
report_clock_latency
============================================================================
Clock clk_i
rise -> rise
    min     max
0.000000 0.000000 source latency
0.199076         network latency _363_/CLK
        0.199076 network latency _363_/CLK
---------------
0.199076 0.199076 latency
        0.000000 skew

fall -> fall
    min     max
0.000000 0.000000 source latency
0.123690         network latency _363_/CLK
        0.123690 network latency _363_/CLK
---------------
0.123690 0.123690 latency
        0.000000 skew



===========================================================================
report_clock_min_period
============================================================================
clk_i period_min = 2.57 fmax = 389.75
