
===========================================================================
report_checks -unconstrained
===========================================================================
======================= max_ss_125C_4v50 Corner ===================================

Startpoint: rstn_i (input port clocked by clk_i)
Endpoint: _396_ (recovery check against rising-edge clock clk_i)
Path Group: asynchronous
Path Type: max

Fanout         Cap        Slew       Delay        Time   Description
---------------------------------------------------------------------------------------------
                                  0.000000    0.000000   clock clk_i (rise edge)
                                  0.000000    0.000000   clock network delay (propagated)
                                  4.000000    4.000000 ^ input external delay
     1    0.004756    0.217805    0.076379    4.076379 ^ rstn_i (in)
                                                         rstn_i (net)
                      0.217805    0.000000    4.076379 ^ input21/I (gf180mcu_fd_sc_mcu7t5v0__dlyb_1)
     1    0.005197    0.307810    1.694857    5.771236 ^ input21/Z (gf180mcu_fd_sc_mcu7t5v0__dlyb_1)
                                                         net21 (net)
                      0.307810    0.000066    5.771302 ^ fanout44/I (gf180mcu_fd_sc_mcu7t5v0__dlyb_1)
     9    0.095908    2.694799    3.136329    8.907631 ^ fanout44/Z (gf180mcu_fd_sc_mcu7t5v0__dlyb_1)
                                                         net44 (net)
                      2.694799    0.000544    8.908175 ^ fanout43/I (gf180mcu_fd_sc_mcu7t5v0__dlyb_1)
    10    0.096068    2.701650    3.170392   12.078568 ^ fanout43/Z (gf180mcu_fd_sc_mcu7t5v0__dlyb_1)
                                                         net43 (net)
                      2.701650    0.001233   12.079801 ^ _396_/SETN (gf180mcu_fd_sc_mcu7t5v0__dffsnq_1)
                                             12.079801   data arrival time

                                 20.000000   20.000000   clock clk_i (rise edge)
                                  0.000000   20.000000   clock source latency
     1    0.035823    0.306049    0.145688   20.145689 ^ clk_i (in)
                                                         clk_i (net)
                      0.306053    0.000000   20.145689 ^ clkbuf_0_clk_i/I (gf180mcu_fd_sc_mcu7t5v0__clkbuf_16)
     4    0.100846    0.281435    0.527995   20.673683 ^ clkbuf_0_clk_i/Z (gf180mcu_fd_sc_mcu7t5v0__clkbuf_16)
                                                         clknet_0_clk_i (net)
                      0.281435    0.001126   20.674810 ^ clkbuf_2_0__f_clk_i/I (gf180mcu_fd_sc_mcu7t5v0__clkbuf_16)
    10    0.057696    0.216436    0.470951   21.145761 ^ clkbuf_2_0__f_clk_i/Z (gf180mcu_fd_sc_mcu7t5v0__clkbuf_16)
                                                         clknet_2_0__leaf_clk_i (net)
                      0.216441    0.001901   21.147661 ^ _396_/CLK (gf180mcu_fd_sc_mcu7t5v0__dffsnq_1)
                                 -0.250000   20.897663   clock uncertainty
                                  0.000000   20.897663   clock reconvergence pessimism
                                 -0.457922   20.439741   library recovery time
                                             20.439741   data required time
---------------------------------------------------------------------------------------------
                                             20.439741   data required time
                                            -12.079801   data arrival time
---------------------------------------------------------------------------------------------
                                              8.359941   slack (MET)


Startpoint: cfg_div_i[10] (input port clocked by clk_i)
Endpoint: _389_ (rising edge-triggered flip-flop clocked by clk_i)
Path Group: clk_i
Path Type: max

Fanout         Cap        Slew       Delay        Time   Description
---------------------------------------------------------------------------------------------
                                  0.000000    0.000000   clock clk_i (rise edge)
                                  0.000000    0.000000   clock network delay (propagated)
                                  4.000000    4.000000 v input external delay
     1    0.004777    0.125153    0.046914    4.046915 v cfg_div_i[10] (in)
                                                         cfg_div_i[10] (net)
                      0.125153    0.000000    4.046915 v input4/I (gf180mcu_fd_sc_mcu7t5v0__dlyb_1)
     3    0.023859    0.683093    2.148605    6.195519 v input4/Z (gf180mcu_fd_sc_mcu7t5v0__dlyb_1)
                                                         net4 (net)
                      0.683093    0.000430    6.195950 v _216_/A1 (gf180mcu_fd_sc_mcu7t5v0__xor2_1)
     1    0.004624    0.421838    0.947098    7.143048 v _216_/Z (gf180mcu_fd_sc_mcu7t5v0__xor2_1)
                                                         _073_ (net)
                      0.421838    0.000048    7.143096 v _224_/A4 (gf180mcu_fd_sc_mcu7t5v0__nor4_1)
     1    0.007126    1.373252    1.021705    8.164801 ^ _224_/ZN (gf180mcu_fd_sc_mcu7t5v0__nor4_1)
                                                         _081_ (net)
                      1.373252    0.000099    8.164900 ^ _226_/A2 (gf180mcu_fd_sc_mcu7t5v0__nand3_1)
     1    0.007839    0.637645    0.434159    8.599058 v _226_/ZN (gf180mcu_fd_sc_mcu7t5v0__nand3_1)
                                                         _083_ (net)
                      0.637645    0.000223    8.599281 v _229_/A3 (gf180mcu_fd_sc_mcu7t5v0__or4_1)
     2    0.008545    0.605922    1.728408   10.327689 v _229_/Z (gf180mcu_fd_sc_mcu7t5v0__or4_1)
                                                         _086_ (net)
                      0.605922    0.000120   10.327809 v _259_/A1 (gf180mcu_fd_sc_mcu7t5v0__nand3_1)
     2    0.020024    0.983539    0.692872   11.020680 ^ _259_/ZN (gf180mcu_fd_sc_mcu7t5v0__nand3_1)
                                                         _111_ (net)
                      0.983539    0.000196   11.020877 ^ fanout37/I (gf180mcu_fd_sc_mcu7t5v0__dlyb_1)
    10    0.069938    1.995433    2.792225   13.813102 ^ fanout37/Z (gf180mcu_fd_sc_mcu7t5v0__dlyb_1)
                                                         net37 (net)
                      1.995440    0.002073   13.815175 ^ _290_/A1 (gf180mcu_fd_sc_mcu7t5v0__nor3_1)
     1    0.004997    0.620890    0.335466   14.150641 v _290_/ZN (gf180mcu_fd_sc_mcu7t5v0__nor3_1)
                                                         _001_ (net)
                      0.620890    0.000108   14.150749 v _389_/D (gf180mcu_fd_sc_mcu7t5v0__dffrnq_1)
                                             14.150749   data arrival time

                                 20.000000   20.000000   clock clk_i (rise edge)
                                  0.000000   20.000000   clock source latency
     1    0.035823    0.306049    0.145688   20.145689 ^ clk_i (in)
                                                         clk_i (net)
                      0.306053    0.000000   20.145689 ^ clkbuf_0_clk_i/I (gf180mcu_fd_sc_mcu7t5v0__clkbuf_16)
     4    0.100846    0.281435    0.527995   20.673683 ^ clkbuf_0_clk_i/Z (gf180mcu_fd_sc_mcu7t5v0__clkbuf_16)
                                                         clknet_0_clk_i (net)
                      0.281435    0.000734   20.674417 ^ clkbuf_2_3__f_clk_i/I (gf180mcu_fd_sc_mcu7t5v0__clkbuf_16)
     9    0.053114    0.209640    0.465921   21.140339 ^ clkbuf_2_3__f_clk_i/Z (gf180mcu_fd_sc_mcu7t5v0__clkbuf_16)
                                                         clknet_2_3__leaf_clk_i (net)
                      0.209645    0.001657   21.141994 ^ _389_/CLK (gf180mcu_fd_sc_mcu7t5v0__dffrnq_1)
                                 -0.250000   20.891996   clock uncertainty
                                  0.000000   20.891996   clock reconvergence pessimism
                                 -0.380526   20.511471   library setup time
                                             20.511471   data required time
---------------------------------------------------------------------------------------------
                                             20.511471   data required time
                                            -14.150749   data arrival time
---------------------------------------------------------------------------------------------
                                              6.360721   slack (MET)




===========================================================================
report_checks --slack_max -0.01
============================================================================
======================= max_ss_125C_4v50 Corner ===================================

No paths found.


===========================================================================
 report_check_types -max_slew -max_cap -max_fanout -violators
============================================================================
======================= max_ss_125C_4v50 Corner ===================================



===========================================================================
report_parasitic_annotation -report_unannotated
============================================================================
Found 4 unannotated drivers.
 cfg_stop_bits_i
 clkload0/Z
 clkload1/Z
 clkload2/Z
Found 0 partially unannotated drivers.

===========================================================================
max slew violation count 0
max fanout violation count 0
max cap violation count 0
============================================================================

===========================================================================
check_setup -verbose -unconstrained_endpoints -multiple_clock -no_clock -no_input_delay -loops -generated_clocks
===========================================================================
