Clock: clk_i
Sources: clk_i 
Generated: no
Virtual: yes
Propagated: no
Period: 20.000000

===========================================================================
report_clock_properties
============================================================================
Clock                   Period          Waveform
----------------------------------------------------
clk_i                20.000000    0.000000 10.000000

===========================================================================
report_clock_latency
============================================================================
Clock clk_i
rise -> rise
    min     max
0.000000 0.000000 source latency
1.140960         network latency _372_/CLK
        1.154929 network latency _390_/CLK
---------------
1.140960 1.154929 latency
        0.013969 skew

fall -> fall
    min     max
0.000000 0.000000 source latency
1.061973         network latency _372_/CLK
        1.076876 network latency _390_/CLK
---------------
1.061973 1.076876 latency
        0.014903 skew



===========================================================================
report_clock_min_period
============================================================================
clk_i period_min = 11.11 fmax = 90.02
