Clock: sys_clk
Sources: sys_clk_i 
Generated: no
Virtual: yes
Propagated: no
Period: 20.000000

===========================================================================
report_clock_properties
============================================================================
Clock                   Period          Waveform
----------------------------------------------------
sys_clk              20.000000    0.000000 10.000000

===========================================================================
report_clock_latency
============================================================================
Clock sys_clk
rise -> rise
    min     max
0.000000 0.000000 source latency
1.106547         network latency _1808_/CLK
        1.134633 network latency _1888_/CLK
---------------
1.106547 1.134633 latency
        0.028086 skew

fall -> fall
    min     max
0.000000 0.000000 source latency
1.072671         network latency _1808_/CLK
        1.101790 network latency _1888_/CLK
---------------
1.072671 1.101790 latency
        0.029119 skew



===========================================================================
report_clock_min_period
============================================================================
sys_clk period_min = 7.03 fmax = 142.30
Clock: periph_clk
Sources: periph_clk_i 
Generated: no
Virtual: yes
Propagated: no
Period: 20.000000

===========================================================================
report_clock_properties
============================================================================
Clock                   Period          Waveform
----------------------------------------------------
periph_clk           20.000000    0.000000 10.000000

===========================================================================
report_clock_latency
============================================================================
Clock periph_clk
rise -> rise
    min     max
0.000000 0.000000 source latency
1.071099         network latency _2021_/CLK
        1.084553 network latency _1798_/CLK
---------------
1.071099 1.084553 latency
        0.013454 skew

fall -> fall
    min     max
0.000000 0.000000 source latency
1.039142         network latency _2021_/CLK
        1.054826 network latency _1798_/CLK
---------------
1.039142 1.054826 latency
        0.015683 skew



===========================================================================
report_clock_min_period
============================================================================
periph_clk period_min = 9.29 fmax = 107.60
