[WARNING ORD-0039] .openroad ignored with -python
Unannotated report:
['report_parasitic_annotation -report_unannotated\n',
 '============================================================================\n',
 'Found 46 unannotated drivers.\n',
 ' data_tx_i[10]\n',
 ' data_tx_i[11]\n',
 ' data_tx_i[12]\n',
 ' data_tx_i[13]\n',
 ' data_tx_i[14]\n',
 ' data_tx_i[15]\n',
 ' data_tx_i[16]\n',
 ' data_tx_i[17]\n',
 ' data_tx_i[18]\n',
 ' data_tx_i[19]\n',
 ' data_tx_i[20]\n',
 ' data_tx_i[21]\n',
 ' data_tx_i[22]\n',
 ' data_tx_i[23]\n',
 ' data_tx_i[24]\n',
 ' data_tx_i[25]\n',
 ' data_tx_i[26]\n',
 ' data_tx_i[27]\n',
 ' data_tx_i[28]\n',
 ' data_tx_i[29]\n',
 ' data_tx_i[30]\n',
 ' data_tx_i[31]\n',
 ' data_tx_i[8]\n',
 ' data_tx_i[9]\n',
 ' clkload0/Z\n',
 ' clkload1/Z\n',
 ' clkload10/Z\n',
 ' clkload11/Z\n',
 ' clkload12/Z\n',
 ' clkload13/Z\n',
 ' clkload14/Z\n',
 ' clkload15/Z\n',
 ' clkload16/Z\n',
 ' clkload17/Z\n',
 ' clkload18/Z\n',
 ' clkload19/Z\n',
 ' clkload2/Z\n',
 ' clkload20/Z\n',
 ' clkload21/Z\n',
 ' clkload3/Z\n',
 ' clkload4/Z\n',
 ' clkload5/Z\n',
 ' clkload6/Z\n',
 ' clkload7/Z\n',
 ' clkload8/Z\n',
 ' clkload9/Z\n',
 'Found 0 partially unannotated drivers.\n',
 '\n']
Reported nets:
['data_tx_i[10]',
 'data_tx_i[11]',
 'data_tx_i[12]',
 'data_tx_i[13]',
 'data_tx_i[14]',
 'data_tx_i[15]',
 'data_tx_i[16]',
 'data_tx_i[17]',
 'data_tx_i[18]',
 'data_tx_i[19]',
 'data_tx_i[20]',
 'data_tx_i[21]',
 'data_tx_i[22]',
 'data_tx_i[23]',
 'data_tx_i[24]',
 'data_tx_i[25]',
 'data_tx_i[26]',
 'data_tx_i[27]',
 'data_tx_i[28]',
 'data_tx_i[29]',
 'data_tx_i[30]',
 'data_tx_i[31]',
 'data_tx_i[8]',
 'data_tx_i[9]',
 'clkload0/Z',
 'clkload1/Z',
 'clkload10/Z',
 'clkload11/Z',
 'clkload12/Z',
 'clkload13/Z',
 'clkload14/Z',
 'clkload15/Z',
 'clkload16/Z',
 'clkload17/Z',
 'clkload18/Z',
 'clkload19/Z',
 'clkload2/Z',
 'clkload20/Z',
 'clkload21/Z',
 'clkload3/Z',
 'clkload4/Z',
 'clkload5/Z',
 'clkload6/Z',
 'clkload7/Z',
 'clkload8/Z',
 'clkload9/Z']
Filtered nets:
[]
done
