
===========================================================================
report_checks -unconstrained
===========================================================================
======================= nom_tt_025C_5v00 Corner ===================================

Startpoint: rstn_i (input port clocked by clk_i)
Endpoint: _279_ (recovery check against rising-edge clock clk_i)
Path Group: asynchronous
Path Type: max

Fanout         Cap        Slew       Delay        Time   Description
---------------------------------------------------------------------------------------------
                                  0.000000    0.000000   clock clk_i (rise edge)
                                  0.000000    0.000000   clock network delay (propagated)
                                  4.000000    4.000000 ^ input external delay
     1    0.004563    0.122703    0.045213    4.045213 ^ rstn_i (in)
                                                         rstn_i (net)
                      0.122703    0.000000    4.045213 ^ input22/I (gf180mcu_fd_sc_mcu7t5v0__dlyb_1)
     1    0.004487    0.159537    0.873043    4.918257 ^ input22/Z (gf180mcu_fd_sc_mcu7t5v0__dlyb_1)
                                                         net22 (net)
                      0.159537    0.000053    4.918310 ^ fanout46/I (gf180mcu_fd_sc_mcu7t5v0__dlyb_1)
     7    0.069504    1.163739    1.483868    6.402178 ^ fanout46/Z (gf180mcu_fd_sc_mcu7t5v0__dlyb_1)
                                                         net46 (net)
                      1.163749    0.001847    6.404025 ^ fanout45/I (gf180mcu_fd_sc_mcu7t5v0__dlyb_1)
    10    0.102029    1.685101    1.799996    8.204021 ^ fanout45/Z (gf180mcu_fd_sc_mcu7t5v0__dlyb_1)
                                                         net45 (net)
                      1.685101    0.001275    8.205297 ^ _279_/RN (gf180mcu_fd_sc_mcu7t5v0__dffrnq_1)
                                              8.205297   data arrival time

                                 20.000000   20.000000   clock clk_i (rise edge)
                                  0.000000   20.000000   clock source latency
     1    0.034816    0.174688    0.086487   20.086487 ^ clk_i (in)
                                                         clk_i (net)
                      0.174692    0.000000   20.086487 ^ clkbuf_0_clk_i/I (gf180mcu_fd_sc_mcu7t5v0__clkbuf_16)
     4    0.096358    0.155136    0.290564   20.377052 ^ clkbuf_0_clk_i/Z (gf180mcu_fd_sc_mcu7t5v0__clkbuf_16)
                                                         clknet_0_clk_i (net)
                      0.155137    0.001000   20.378052 ^ clkbuf_2_3__f_clk_i/I (gf180mcu_fd_sc_mcu7t5v0__clkbuf_16)
     9    0.044880    0.110780    0.252394   20.630445 ^ clkbuf_2_3__f_clk_i/Z (gf180mcu_fd_sc_mcu7t5v0__clkbuf_16)
                                                         clknet_2_3__leaf_clk_i (net)
                      0.110780    0.000091   20.630537 ^ _279_/CLK (gf180mcu_fd_sc_mcu7t5v0__dffrnq_1)
                                 -0.250000   20.380537   clock uncertainty
                                  0.000000   20.380537   clock reconvergence pessimism
                                 -0.194453   20.186083   library recovery time
                                             20.186083   data required time
---------------------------------------------------------------------------------------------
                                             20.186083   data required time
                                             -8.205297   data arrival time
---------------------------------------------------------------------------------------------
                                             11.980786   slack (MET)


Startpoint: cfg_en_i (input port clocked by clk_i)
Endpoint: tx_ready_o (output port clocked by clk_i)
Path Group: clk_i
Path Type: max

Fanout         Cap        Slew       Delay        Time   Description
---------------------------------------------------------------------------------------------
                                  0.000000    0.000000   clock clk_i (rise edge)
                                  0.000000    0.000000   clock network delay (propagated)
                                  4.000000    4.000000 ^ input external delay
     1    0.004883    0.127802    0.048280    4.048280 ^ cfg_en_i (in)
                                                         cfg_en_i (net)
                      0.127802    0.000000    4.048280 ^ input19/I (gf180mcu_fd_sc_mcu7t5v0__dlyb_1)
     1    0.005387    0.172181    0.883259    4.931539 ^ input19/Z (gf180mcu_fd_sc_mcu7t5v0__dlyb_1)
                                                         net19 (net)
                      0.172181    0.000061    4.931600 ^ _141_/I (gf180mcu_fd_sc_mcu7t5v0__clkinv_1)
     4    0.021883    0.376914    0.282746    5.214346 v _141_/ZN (gf180mcu_fd_sc_mcu7t5v0__clkinv_1)
                                                         _034_ (net)
                      0.376914    0.000137    5.214483 v _175_/A1 (gf180mcu_fd_sc_mcu7t5v0__nor2_1)
     1    0.004421    0.271744    0.244502    5.458985 ^ _175_/ZN (gf180mcu_fd_sc_mcu7t5v0__nor2_1)
                                                         net34 (net)
                      0.271744    0.000053    5.459038 ^ output34/I (gf180mcu_fd_sc_mcu7t5v0__dlyb_1)
     1    0.074528    1.245059    1.543342    7.002380 ^ output34/Z (gf180mcu_fd_sc_mcu7t5v0__dlyb_1)
                                                         tx_ready_o (net)
                      1.245059    0.000993    7.003373 ^ tx_ready_o (out)
                                              7.003373   data arrival time

                                 20.000000   20.000000   clock clk_i (rise edge)
                                  0.000000   20.000000   clock network delay (propagated)
                                 -0.250000   19.750002   clock uncertainty
                                  0.000000   19.750002   clock reconvergence pessimism
                                 -4.000000   15.750001   output external delay
                                             15.750001   data required time
---------------------------------------------------------------------------------------------
                                             15.750001   data required time
                                             -7.003373   data arrival time
---------------------------------------------------------------------------------------------
                                              8.746629   slack (MET)




===========================================================================
report_checks --slack_max -0.01
============================================================================
======================= nom_tt_025C_5v00 Corner ===================================

No paths found.


===========================================================================
 report_check_types -max_slew -max_cap -max_fanout -violators
============================================================================
======================= nom_tt_025C_5v00 Corner ===================================



===========================================================================
report_parasitic_annotation -report_unannotated
============================================================================
Found 2 unannotated drivers.
 clkload0/Z
 clkload1/Z
Found 0 partially unannotated drivers.

===========================================================================
max slew violation count 0
max fanout violation count 0
max cap violation count 0
============================================================================

===========================================================================
check_setup -verbose -unconstrained_endpoints -multiple_clock -no_clock -no_input_delay -loops -generated_clocks
===========================================================================
