Clock: clk_i
Sources: clk_i 
Generated: no
Virtual: yes
Propagated: no
Period: 20.000000

===========================================================================
report_clock_properties
============================================================================
Clock                   Period          Waveform
----------------------------------------------------
clk_i                20.000000    0.000000 10.000000

===========================================================================
report_clock_latency
============================================================================
Clock clk_i
rise -> rise
    min     max
0.000000 0.000000 source latency
0.627842         network latency _282_/CLK
        0.636585 network latency _301_/CLK
---------------
0.627842 0.636585 latency
        0.008743 skew

fall -> fall
    min     max
0.000000 0.000000 source latency
0.582167         network latency _282_/CLK
        0.591659 network latency _301_/CLK
---------------
0.582167 0.591659 latency
        0.009492 skew



===========================================================================
report_clock_min_period
============================================================================
clk_i period_min = 5.71 fmax = 175.28
