Clock: sys_clk
Sources: sys_clk_i 
Generated: no
Virtual: no
Propagated: no
Period: 20.000000

===========================================================================
report_clock_properties
============================================================================
Clock                   Period          Waveform
----------------------------------------------------
sys_clk              20.000000    0.000000 10.000000

===========================================================================
report_clock_latency
============================================================================
Clock sys_clk
rise -> rise
    min     max
0.000000 0.000000 source latency
1.258219         network latency _1898_/CLK
        1.281935 network latency _1881_/CLK
---------------
1.258219 1.281935 latency
        0.023716 skew

fall -> fall
    min     max
0.000000 0.000000 source latency
1.233631         network latency _1898_/CLK
        1.259401 network latency _1881_/CLK
---------------
1.233631 1.259401 latency
        0.025770 skew



===========================================================================
report_clock_min_period
============================================================================
sys_clk period_min = 6.04 fmax = 165.66
Clock: periph_clk
Sources: periph_clk_i 
Generated: no
Virtual: no
Propagated: no
Period: 20.000000

===========================================================================
report_clock_properties
============================================================================
Clock                   Period          Waveform
----------------------------------------------------
periph_clk           20.000000    0.000000 10.000000

===========================================================================
report_clock_latency
============================================================================
Clock periph_clk
rise -> rise
    min     max
0.000000 0.000000 source latency
1.208248         network latency _2035_/CLK
        1.233188 network latency _1801_/CLK
---------------
1.208248 1.233188 latency
        0.024940 skew

fall -> fall
    min     max
0.000000 0.000000 source latency
1.190355         network latency _2035_/CLK
        1.217628 network latency _1801_/CLK
---------------
1.190355 1.217628 latency
        0.027272 skew



===========================================================================
report_clock_min_period
============================================================================
periph_clk period_min = 9.95 fmax = 100.46
