
===========================================================================
report_checks -unconstrained
===========================================================================
======================= nom_tt_025C_5v00 Corner ===================================

Startpoint: rstn_i (input port clocked by clk_i)
Endpoint: _304_ (recovery check against rising-edge clock clk_i)
Path Group: asynchronous
Path Type: max

Fanout         Cap        Slew       Delay        Time   Description
---------------------------------------------------------------------------------------------
                                  0.000000    0.000000   clock clk_i (rise edge)
                                  0.000000    0.000000   clock network delay (propagated)
                                  4.000000    4.000000 ^ input external delay
     1    0.004866    0.127540    0.048125    4.048125 ^ rstn_i (in)
                                                         rstn_i (net)
                      0.127540    0.000000    4.048125 ^ input22/I (gf180mcu_fd_sc_mcu7t5v0__dlyb_1)
     1    0.004842    0.164535    0.877551    4.925675 ^ input22/Z (gf180mcu_fd_sc_mcu7t5v0__dlyb_1)
                                                         net22 (net)
                      0.164535    0.000065    4.925741 ^ fanout46/I (gf180mcu_fd_sc_mcu7t5v0__dlyb_1)
     7    0.059658    1.006619    1.393483    6.319223 ^ fanout46/Z (gf180mcu_fd_sc_mcu7t5v0__dlyb_1)
                                                         net46 (net)
                      1.006629    0.001734    6.320958 ^ fanout45/I (gf180mcu_fd_sc_mcu7t5v0__dlyb_1)
    10    0.092863    1.537688    1.721743    8.042701 ^ fanout45/Z (gf180mcu_fd_sc_mcu7t5v0__dlyb_1)
                                                         net45 (net)
                      1.537711    0.003322    8.046022 ^ _304_/RN (gf180mcu_fd_sc_mcu7t5v0__dffrnq_1)
                                              8.046022   data arrival time

                                 20.000000   20.000000   clock clk_i (rise edge)
                                  0.000000   20.000000   clock source latency
     1    0.031869    0.162995    0.079527   20.079529 ^ clk_i (in)
                                                         clk_i (net)
                      0.162999    0.000000   20.079529 ^ clkbuf_0_clk_i/I (gf180mcu_fd_sc_mcu7t5v0__clkbuf_16)
     4    0.098288    0.156553    0.288956   20.368484 ^ clkbuf_0_clk_i/Z (gf180mcu_fd_sc_mcu7t5v0__clkbuf_16)
                                                         clknet_0_clk_i (net)
                      0.156556    0.001318   20.369802 ^ clkbuf_2_2__f_clk_i/I (gf180mcu_fd_sc_mcu7t5v0__clkbuf_16)
     9    0.046863    0.112480    0.253900   20.623703 ^ clkbuf_2_2__f_clk_i/Z (gf180mcu_fd_sc_mcu7t5v0__clkbuf_16)
                                                         clknet_2_2__leaf_clk_i (net)
                      0.112482    0.000913   20.624615 ^ _304_/CLK (gf180mcu_fd_sc_mcu7t5v0__dffrnq_1)
                                 -0.250000   20.374617   clock uncertainty
                                  0.000000   20.374617   clock reconvergence pessimism
                                 -0.137481   20.237135   library recovery time
                                             20.237135   data required time
---------------------------------------------------------------------------------------------
                                             20.237135   data required time
                                             -8.046022   data arrival time
---------------------------------------------------------------------------------------------
                                             12.191113   slack (MET)


Startpoint: cfg_en_i (input port clocked by clk_i)
Endpoint: tx_ready_o (output port clocked by clk_i)
Path Group: clk_i
Path Type: max

Fanout         Cap        Slew       Delay        Time   Description
---------------------------------------------------------------------------------------------
                                  0.000000    0.000000   clock clk_i (rise edge)
                                  0.000000    0.000000   clock network delay (propagated)
                                  4.000000    4.000000 ^ input external delay
     1    0.004037    0.114300    0.040177    4.040177 ^ cfg_en_i (in)
                                                         cfg_en_i (net)
                      0.114300    0.000000    4.040177 ^ input19/I (gf180mcu_fd_sc_mcu7t5v0__dlyb_1)
     1    0.005712    0.176715    0.884347    4.924524 ^ input19/Z (gf180mcu_fd_sc_mcu7t5v0__dlyb_1)
                                                         net19 (net)
                      0.176715    0.000073    4.924597 ^ _141_/I (gf180mcu_fd_sc_mcu7t5v0__clkinv_1)
     4    0.022300    0.383464    0.287651    5.212248 v _141_/ZN (gf180mcu_fd_sc_mcu7t5v0__clkinv_1)
                                                         _034_ (net)
                      0.383464    0.000185    5.212433 v _175_/A1 (gf180mcu_fd_sc_mcu7t5v0__nor2_1)
     1    0.004987    0.287269    0.256283    5.468716 ^ _175_/ZN (gf180mcu_fd_sc_mcu7t5v0__nor2_1)
                                                         net34 (net)
                      0.287269    0.000068    5.468784 ^ output34/I (gf180mcu_fd_sc_mcu7t5v0__dlyb_1)
     1    0.074808    1.249599    1.547495    7.016278 ^ output34/Z (gf180mcu_fd_sc_mcu7t5v0__dlyb_1)
                                                         tx_ready_o (net)
                      1.249599    0.001218    7.017497 ^ tx_ready_o (out)
                                              7.017497   data arrival time

                                 20.000000   20.000000   clock clk_i (rise edge)
                                  0.000000   20.000000   clock network delay (propagated)
                                 -0.250000   19.750002   clock uncertainty
                                  0.000000   19.750002   clock reconvergence pessimism
                                 -4.000000   15.750001   output external delay
                                             15.750001   data required time
---------------------------------------------------------------------------------------------
                                             15.750001   data required time
                                             -7.017497   data arrival time
---------------------------------------------------------------------------------------------
                                              8.732505   slack (MET)




===========================================================================
report_checks --slack_max -0.01
============================================================================
======================= nom_tt_025C_5v00 Corner ===================================

No paths found.


===========================================================================
 report_check_types -max_slew -max_cap -max_fanout -violators
============================================================================
======================= nom_tt_025C_5v00 Corner ===================================



===========================================================================
report_parasitic_annotation -report_unannotated
============================================================================
Found 2 unannotated drivers.
 clkload0/Z
 clkload1/Z
Found 0 partially unannotated drivers.

===========================================================================
max slew violation count 0
Writing metric design__max_slew_violation__count__corner:nom_tt_025C_5v00: 0
max fanout violation count 0
Writing metric design__max_fanout_violation__count__corner:nom_tt_025C_5v00: 0
max cap violation count 0
Writing metric design__max_cap_violation__count__corner:nom_tt_025C_5v00: 0
============================================================================

===========================================================================
check_setup -verbose -unconstrained_endpoints -multiple_clock -no_clock -no_input_delay -loops -generated_clocks
===========================================================================
