Clock: clk_i
Sources: clk_i 
Generated: no
Virtual: yes
Propagated: no
Period: 20.000000

===========================================================================
report_clock_properties
============================================================================
Clock                   Period          Waveform
----------------------------------------------------
clk_i                20.000000    0.000000 10.000000

===========================================================================
report_clock_latency
============================================================================
Clock clk_i
rise -> rise
    min     max
0.000000 0.000000 source latency
0.620315         network latency _289_/CLK
        0.624617 network latency _301_/CLK
---------------
0.620315 0.624617 latency
        0.004302 skew

fall -> fall
    min     max
0.000000 0.000000 source latency
0.578098         network latency _289_/CLK
        0.582778 network latency _301_/CLK
---------------
0.578098 0.582778 latency
        0.004681 skew



===========================================================================
report_clock_min_period
============================================================================
clk_i period_min = 5.45 fmax = 183.65
