
===========================================================================
 report_power
============================================================================
======================= nom_tt_025C_5v00 Corner ===================================

Group                    Internal    Switching      Leakage        Total
                            Power        Power        Power        Power (Watts)
------------------------------------------------------------------------
Sequential           1.219578e-03 1.393165e-04 1.479178e-08 1.358909e-03  34.7%
Combinational        7.870881e-04 5.593427e-04 2.480062e-08 1.346456e-03  34.3%
Clock                8.737863e-04 3.419160e-04 1.206351e-08 1.215714e-03  31.0%
Macro                0.000000e+00 0.000000e+00 0.000000e+00 0.000000e+00   0.0%
Pad                  0.000000e+00 0.000000e+00 0.000000e+00 0.000000e+00   0.0%
------------------------------------------------------------------------
Total                2.880452e-03 1.040575e-03 5.165611e-08 3.921079e-03 100.0%
                            73.5%        26.5%         0.0%
Writing metric power__internal__total: 0.0028804524336010218
Writing metric power__switching__total: 0.0010405754437670112
Writing metric power__leakage__total: 5.165611227653244e-8
Writing metric power__total: 0.003921079449355602

