Clock: clk_i
Sources: clk_i 
Generated: no
Virtual: yes
Propagated: no
Period: 20.000000

===========================================================================
report_clock_properties
============================================================================
Clock                   Period          Waveform
----------------------------------------------------
clk_i                20.000000    0.000000 10.000000

===========================================================================
report_clock_latency
============================================================================
Clock clk_i
rise -> rise
    min     max
0.000000 0.000000 source latency
0.603759         network latency _282_/CLK
        0.608368 network latency _301_/CLK
---------------
0.603759 0.608368 latency
        0.004609 skew

fall -> fall
    min     max
0.000000 0.000000 source latency
0.563837         network latency _282_/CLK
        0.568853 network latency _301_/CLK
---------------
0.563837 0.568853 latency
        0.005016 skew



===========================================================================
report_clock_min_period
============================================================================
clk_i period_min = 5.17 fmax = 193.58
