Clock: clk_i
Sources: clk_i 
Generated: no
Virtual: yes
Propagated: no
Period: 20.000000

===========================================================================
report_clock_properties
============================================================================
Clock                   Period          Waveform
----------------------------------------------------
clk_i                20.000000    0.000000 10.000000

===========================================================================
report_clock_latency
============================================================================
Clock clk_i
rise -> rise
    min     max
0.000000 0.000000 source latency
0.633250         network latency _282_/CLK
        0.642948 network latency _301_/CLK
---------------
0.633250 0.642948 latency
        0.009699 skew

fall -> fall
    min     max
0.000000 0.000000 source latency
0.586411         network latency _282_/CLK
        0.596940 network latency _301_/CLK
---------------
0.586411 0.596940 latency
        0.010529 skew



===========================================================================
report_clock_min_period
============================================================================
clk_i period_min = 5.83 fmax = 171.66
