
===========================================================================
 report_power
============================================================================
======================= max_tt_025C_5v00 Corner ===================================

Group                    Internal    Switching      Leakage        Total
                            Power        Power        Power        Power (Watts)
------------------------------------------------------------------------
Sequential           1.220666e-03 1.509675e-04 1.479178e-08 1.371648e-03  34.4%
Combinational        7.981925e-04 5.936059e-04 2.480062e-08 1.391823e-03  34.9%
Clock                8.732410e-04 3.557968e-04 3.651480e-08 1.229074e-03  30.8%
Macro                0.000000e+00 0.000000e+00 0.000000e+00 0.000000e+00   0.0%
Pad                  0.000000e+00 0.000000e+00 0.000000e+00 0.000000e+00   0.0%
------------------------------------------------------------------------
Total                2.892098e-03 1.100370e-03 7.610716e-08 3.992544e-03 100.0%
                            72.4%        27.6%         0.0%

