Reading timing models for corner nom_tt_025C_5v00…
Reading timing library for the 'nom_tt_025C_5v00' corner at '/home/sahana/.ciel/gf180mcuD/libs.ref/gf180mcu_fd_sc_mcu7t5v0/lib/gf180mcu_fd_sc_mcu7t5v0__tt_025C_5v00.lib'…
Reading OpenROAD database at '/home/sahana/core5_udma/hardening/uart_tx/runs/RUN_2026-07-25_16-50-47/25-openroad-ioplacement/udma_uart_tx.odb'…
Reading design constraints file at '/nix/store/ffl2vg3m80k0p74pyffnmai83fnv38mf-python3-3.13.9-env/lib/python3.13/site-packages/librelane/scripts/base.sdc'…
[INFO] Using clock clk_i…
[INFO] Setting output delay to: 4
[INFO] Setting input delay to: 4
[INFO] Setting load to: 0.07291
[INFO] Setting clock uncertainty to: 0.25
[INFO] Setting clock transition to: 0.1499999999999999944488848768742172978818416595458984375
[INFO] Setting timing derate to: 5%
[INFO] Setting signal min routing layer to: Metal2 and clock min routing layer to Metal2. 
[INFO] Setting signal max routing layer to: Metal5 and clock max routing layer to Metal5. 
+ global_placement -density 0.4 -routability_driven -pad_right 0 -pad_left 0 -init_wirelength_coef 0.25
[INFO GPL-0001] ---- Initialize GPL Main Data Structures
[INFO GPL-0002] DBU: 2000
[INFO GPL-0003] SiteSize: (  0.560  3.920 ) um
[INFO GPL-0004] CoreBBox: (  6.720 15.680 ) ( 137.760 145.040 ) um
[INFO GPL-0036] Movable instances area:       5178.477 um^2
[INFO GPL-0037] Total instances area:         5639.469 um^2
[INFO GPL-0035] Pin density area adjust:       409.821 um^2
[INFO GPL-0032] ---- Initialize Region: Top-level
[INFO GPL-0006] Number of instances:               277
[INFO GPL-0007] Movable instances:                 172
[INFO GPL-0008] Fixed instances:                   105
[INFO GPL-0009] Dummy instances:                     0
[INFO GPL-0010] Number of nets:                    204
[INFO GPL-0011] Number of pins:                    670
[INFO GPL-0012] Die BBox:  (  0.000  0.000 ) ( 144.825 162.745 ) um
[INFO GPL-0013] Core BBox: (  6.720 15.680 ) ( 137.760 145.040 ) um
[INFO GPL-0016] Core area:                   16951.334 um^2
[INFO GPL-0014] Region name: top-level.
[INFO GPL-0015] Region area:                 16951.334 um^2
[INFO GPL-0017] Fixed instances area:          460.992 um^2
[INFO GPL-0018] Movable instances area:       5588.298 um^2
[INFO GPL-0019] Utilization:                    33.888 %
[INFO GPL-0020] Standard cells area:          5588.298 um^2
[INFO GPL-0021] Large instances area:            0.000 um^2
[INFO GPL-0005] ---- Execute Conjugate Gradient Initial Placement.
[INFO GPL-0051] Source of initial instance position counters:
	Odb location = 172	Core center = 0	Region center = 0
[InitialPlace]  Iter: 1 conjugate gradient residual: 0.00000011 HPWL: 14521741
[InitialPlace]  Iter: 2 conjugate gradient residual: 0.00000008 HPWL: 12107041
[InitialPlace]  Iter: 3 conjugate gradient residual: 0.00000009 HPWL: 11758685
[InitialPlace]  Iter: 4 conjugate gradient residual: 0.00000011 HPWL: 11535819
[InitialPlace]  Iter: 5 conjugate gradient residual: 0.00000007 HPWL: 11357368
[INFO GPL-0033] ---- Initialize Nesterov Region: Top-level
[INFO GPL-0023] Placement target density:       0.4000
[INFO GPL-0024] Movable insts average area:     32.490 um^2
[INFO GPL-0025] Ideal bin area:                 81.225 um^2
[INFO GPL-0026] Ideal bin count:                   208
[INFO GPL-0027] Total bin area:              16951.334 um^2
[INFO GPL-0028] Bin count (X, Y):           8 ,      8
[INFO GPL-0029] Bin size (W * H):      16.380 * 16.170 um
[INFO GPL-0030] Number of bins:                     64
[INFO GPL-0007] ---- Execute Nesterov Global Placement.
[INFO GPL-0031] HPWL: Half-Perimeter Wirelength
Iteration | Overflow |     HPWL (um) |  HPWL(%) |   Penalty | Group
---------------------------------------------------------------
        0 |   0.5172 |  3.883053e+03 |   +0.00% |  1.11e-13 |      
[INFO GPL-0038] Routability snapshot saved at iter = 1
        0 |   0.5172 |  3.883053e+03 |          |           |      
       10 |   0.5127 |  4.135093e+03 |   +6.49% |  1.80e-13 |      
       20 |   0.5237 |  4.126655e+03 |   -0.20% |  2.93e-13 |      
       30 |   0.5171 |  4.118282e+03 |   -0.20% |  4.78e-13 |      
       40 |   0.5219 |  4.119423e+03 |   +0.03% |  7.78e-13 |      
       50 |   0.5236 |  4.119998e+03 |   +0.01% |  1.27e-12 |      
       60 |   0.5220 |  4.120507e+03 |   +0.01% |  2.07e-12 |      
       70 |   0.5211 |  4.119908e+03 |   -0.01% |  3.36e-12 |      
       80 |   0.5215 |  4.120566e+03 |   +0.02% |  5.48e-12 |      
       90 |   0.5213 |  4.121604e+03 |   +0.03% |  8.93e-12 |      
      100 |   0.5198 |  4.122132e+03 |   +0.01% |  1.45e-11 |      
      110 |   0.5187 |  4.123706e+03 |   +0.04% |  2.37e-11 |      
      120 |   0.5174 |  4.127686e+03 |   +0.10% |  3.86e-11 |      
      130 |   0.5141 |  4.134692e+03 |   +0.17% |  6.28e-11 |      
      140 |   0.5081 |  4.145355e+03 |   +0.26% |  1.02e-10 |      
      150 |   0.4943 |  4.160175e+03 |   +0.36% |  1.67e-10 |      
      160 |   0.4710 |  4.177842e+03 |   +0.42% |  2.72e-10 |      
      170 |   0.4495 |  4.205837e+03 |   +0.67% |  4.42e-10 |      
      180 |   0.4334 |  4.253042e+03 |   +1.12% |  7.21e-10 |      
      190 |   0.4092 |  4.310114e+03 |   +1.34% |  1.17e-09 |      
      200 |   0.3756 |  4.364855e+03 |   +1.27% |  1.91e-09 |      
      210 |   0.3379 |  4.425849e+03 |   +1.40% |  3.05e-09 |      
      220 |   0.3040 |  4.467398e+03 |   +0.94% |  4.50e-09 |      
[INFO GPL-0040] Routability iteration: 1
[INFO GPL-0041] Total routing overflow: 0.0000
[INFO GPL-0042] Number of overflowed tiles: 0 (0.00%)
[INFO GPL-0043] Average top 0.5% routing congestion: 0.5987
[INFO GPL-0044] Average top 1.0% routing congestion: 0.5898
[INFO GPL-0045] Average top 2.0% routing congestion: 0.5737
[INFO GPL-0046] Average top 5.0% routing congestion: 0.5455
[INFO GPL-0047] Routability iteration weighted routing congestion: 0.5942
[INFO GPL-0050] Weighted routing congestion is lower than target routing congestion(1.0100), end routability optimization.
[INFO GPL-0090] Routability finished. Target routing congestion achieved succesfully.
Iteration | Overflow |     HPWL (um) |  HPWL(%) |   Penalty | Group
---------------------------------------------------------------
      230 |   0.2688 |  4.493432e+03 |   +0.58% |  6.62e-09 |      
      240 |   0.2325 |  4.522785e+03 |   +0.65% |  9.76e-09 |      
      250 |   0.1999 |  4.529829e+03 |   +0.16% |  1.44e-08 |      
      260 |   0.1729 |  4.569510e+03 |   +0.88% |  2.12e-08 |      
      270 |   0.1392 |  4.597408e+03 |   +0.61% |  3.12e-08 |      
      280 |   0.1126 |  4.608279e+03 |   +0.24% |  4.59e-08 |      
      284 |   0.0996 |  4.616148e+03 |          |  5.58e-08 |      
---------------------------------------------------------------
[INFO GPL-1001] Global placement finished at iteration 284
[INFO GPL-1003] Routability mode iteration count: 221
[INFO GPL-1005] Routability final weighted congestion: 0.6043
[INFO GPL-1002] Placed Cell Area             5588.2976
[INFO GPL-1003] Available Free Area         16490.3424
[INFO GPL-1004] Minimum Feasible Density        0.3400 (cell_area / free_area)
[INFO GPL-1006]   Suggested Target Densities:
[INFO GPL-1007]     - For 90% usage of free space: 0.3765
[INFO GPL-1008]     - For 80% usage of free space: 0.4236
[INFO GPL-1009]     - For 50% usage of free space: 0.6778
[INFO GPL-1011] Original area (um^2): 5588.30
[INFO GPL-1012] Total routability artificial inflation: 0.00 (+0.00%)
[INFO GPL-1014] Final placement area: 5588.30 (+0.00%)
Setting global connections for newly added cells…
[INFO] Setting global connections...
[INFO ODB-0403] 0 connections made, 0 conflicts skipped.
Updating metrics…
Cell type report:                       Count       Area
  Endcap cell                              66     289.77
  Tap cell                                105     460.99
  Inverter                                 11      96.59
  Sequential cell                          32    2423.50
  Multi-Input combinational cell          129    2658.39
  Total                                   343    5929.24
Writing OpenROAD database to '/home/sahana/core5_udma/hardening/uart_tx/runs/RUN_2026-07-25_16-50-47/28-openroad-globalplacement/udma_uart_tx.odb'…
Writing netlist to '/home/sahana/core5_udma/hardening/uart_tx/runs/RUN_2026-07-25_16-50-47/28-openroad-globalplacement/udma_uart_tx.nl.v'…
Writing powered netlist to '/home/sahana/core5_udma/hardening/uart_tx/runs/RUN_2026-07-25_16-50-47/28-openroad-globalplacement/udma_uart_tx.pnl.v'…
Writing layout to '/home/sahana/core5_udma/hardening/uart_tx/runs/RUN_2026-07-25_16-50-47/28-openroad-globalplacement/udma_uart_tx.def'…
Writing timing constraints to '/home/sahana/core5_udma/hardening/uart_tx/runs/RUN_2026-07-25_16-50-47/28-openroad-globalplacement/udma_uart_tx.sdc'…
