Clock: sys_clk
Sources: sys_clk_i 
Generated: no
Virtual: yes
Propagated: no
Period: 20.000000

===========================================================================
report_clock_properties
============================================================================
Clock                   Period          Waveform
----------------------------------------------------
sys_clk              20.000000    0.000000 10.000000

===========================================================================
report_clock_latency
============================================================================
Clock sys_clk
rise -> rise
    min     max
0.000000 0.000000 source latency
0.831786         network latency _1808_/CLK
        0.870352 network latency _1939_/CLK
---------------
0.831786 0.870352 latency
        0.038566 skew

fall -> fall
    min     max
0.000000 0.000000 source latency
0.805805         network latency _1808_/CLK
        0.846768 network latency _1939_/CLK
---------------
0.805805 0.846768 latency
        0.040963 skew



===========================================================================
report_clock_min_period
============================================================================
sys_clk period_min = 4.10 fmax = 244.00
Clock: periph_clk
Sources: periph_clk_i 
Generated: no
Virtual: yes
Propagated: no
Period: 20.000000

===========================================================================
report_clock_properties
============================================================================
Clock                   Period          Waveform
----------------------------------------------------
periph_clk           20.000000    0.000000 10.000000

===========================================================================
report_clock_latency
============================================================================
Clock periph_clk
rise -> rise
    min     max
0.000000 0.000000 source latency
0.810226         network latency _2035_/CLK
        0.826336 network latency _2077_/CLK
---------------
0.810226 0.826336 latency
        0.016110 skew

fall -> fall
    min     max
0.000000 0.000000 source latency
0.787958         network latency _2035_/CLK
        0.805076 network latency _2077_/CLK
---------------
0.787958 0.805076 latency
        0.017118 skew



===========================================================================
report_clock_min_period
============================================================================
periph_clk period_min = 6.23 fmax = 160.55
