Clock: clk_i
Sources: clk_i 
Generated: no
Virtual: yes
Propagated: no
Period: 20.000000

===========================================================================
report_clock_properties
============================================================================
Clock                   Period          Waveform
----------------------------------------------------
clk_i                20.000000    0.000000 10.000000

===========================================================================
report_clock_latency
============================================================================
Clock clk_i
rise -> rise
    min     max
0.000000 0.000000 source latency
0.412130         network latency _372_/CLK
        0.417897 network latency _390_/CLK
---------------
0.412130 0.417897 latency
        0.005767 skew

fall -> fall
    min     max
0.000000 0.000000 source latency
0.380442         network latency _372_/CLK
        0.386479 network latency _390_/CLK
---------------
0.380442 0.386479 latency
        0.006037 skew



===========================================================================
report_clock_min_period
============================================================================
clk_i period_min = 3.85 fmax = 259.61
