
===========================================================================
 report_power
============================================================================
======================= nom_ff_n40C_5v50 Corner ===================================

Group                    Internal    Switching      Leakage        Total
                            Power        Power        Power        Power (Watts)
------------------------------------------------------------------------
Sequential           1.373301e-03 1.057045e-04 1.960569e-08 1.479025e-03  34.2%
Combinational        5.988595e-04 6.255019e-04 3.481446e-08 1.224396e-03  28.3%
Clock                1.134086e-03 4.859357e-04 5.530928e-08 1.620077e-03  37.5%
Macro                0.000000e+00 0.000000e+00 0.000000e+00 0.000000e+00   0.0%
Pad                  0.000000e+00 0.000000e+00 0.000000e+00 0.000000e+00   0.0%
------------------------------------------------------------------------
Total                3.106247e-03 1.217142e-03 1.097294e-07 4.323499e-03 100.0%
                            71.8%        28.2%         0.0%

