
===========================================================================
report_checks -unconstrained
===========================================================================
======================= max_ss_125C_4v50 Corner ===================================

Startpoint: _2116_ (rising edge-triggered flip-flop clocked by sys_clk)
Endpoint: _2148_ (recovery check against rising-edge clock sys_clk)
Path Group: asynchronous
Path Type: max

Fanout         Cap        Slew       Delay        Time   Description
---------------------------------------------------------------------------------------------
                                  0.000000    0.000000   clock sys_clk (rise edge)
                                  0.000000    0.000000   clock source latency
     1    0.059606    0.463556    0.241183    0.241183 ^ sys_clk_i (in)
                                                         sys_clk_i (net)
                      0.463635    0.000000    0.241183 ^ clkbuf_0_sys_clk_i/I (gf180mcu_fd_sc_mcu7t5v0__clkbuf_16)
    16    0.187924    0.417196    0.653030    0.894213 ^ clkbuf_0_sys_clk_i/Z (gf180mcu_fd_sc_mcu7t5v0__clkbuf_16)
                                                         clknet_0_sys_clk_i (net)
                      0.417214    0.004240    0.898453 ^ clkbuf_4_7_0_sys_clk_i/I (gf180mcu_fd_sc_mcu7t5v0__clkbuf_2)
     2    0.051081    0.762617    0.831579    1.730031 ^ clkbuf_4_7_0_sys_clk_i/Z (gf180mcu_fd_sc_mcu7t5v0__clkbuf_2)
                                                         clknet_4_7_0_sys_clk_i (net)
                      0.762621    0.000991    1.731022 ^ clkbuf_5_14__f_sys_clk_i/I (gf180mcu_fd_sc_mcu7t5v0__clkbuf_16)
     6    0.039206    0.198554    0.550330    2.281352 ^ clkbuf_5_14__f_sys_clk_i/Z (gf180mcu_fd_sc_mcu7t5v0__clkbuf_16)
                                                         clknet_5_14__leaf_sys_clk_i (net)
                      0.198554    0.000602    2.281954 ^ _2116_/CLK (gf180mcu_fd_sc_mcu7t5v0__dffrnq_1)
     2    0.033336    0.607383    1.603647    3.885601 v _2116_/Q (gf180mcu_fd_sc_mcu7t5v0__dffrnq_1)
                                                         s_uart_rx_clean_fifo (net)
                      0.607389    0.001331    3.886933 v _0966_/A2 (gf180mcu_fd_sc_mcu7t5v0__nor2_1)
     4    0.048689    2.750387    1.747593    5.634526 ^ _0966_/ZN (gf180mcu_fd_sc_mcu7t5v0__nor2_1)
                                                         u_dc_fifo_rx.dst_rstn_i (net)
                      2.750387    0.000470    5.634996 ^ fanout350/I (gf180mcu_fd_sc_mcu7t5v0__dlyb_1)
     5    0.047946    1.405249    2.421280    8.056276 ^ fanout350/Z (gf180mcu_fd_sc_mcu7t5v0__dlyb_1)
                                                         net350 (net)
                      1.405249    0.000462    8.056738 ^ fanout347/I (gf180mcu_fd_sc_mcu7t5v0__dlyb_1)
     8    0.075119    2.134931    2.876574   10.933311 ^ fanout347/Z (gf180mcu_fd_sc_mcu7t5v0__dlyb_1)
                                                         net347 (net)
                      2.134931    0.001503   10.934814 ^ fanout346/I (gf180mcu_fd_sc_mcu7t5v0__buf_1)
     4    0.034490    1.038332    0.978976   11.913791 ^ fanout346/Z (gf180mcu_fd_sc_mcu7t5v0__buf_1)
                                                         net346 (net)
                      1.038332    0.000506   11.914296 ^ max_cap534/I (gf180mcu_fd_sc_mcu7t5v0__buf_2)
     7    0.065841    0.960130    0.882969   12.797266 ^ max_cap534/Z (gf180mcu_fd_sc_mcu7t5v0__buf_2)
                                                         net534 (net)
                      0.960130    0.000340   12.797606 ^ _2148_/SETN (gf180mcu_fd_sc_mcu7t5v0__dffsnq_1)
                                             12.797606   data arrival time

                                 20.000000   20.000000   clock sys_clk (rise edge)
                                  0.000000   20.000000   clock source latency
     1    0.059606    0.463556    0.241183   20.241184 ^ sys_clk_i (in)
                                                         sys_clk_i (net)
                      0.463635    0.000000   20.241184 ^ clkbuf_0_sys_clk_i/I (gf180mcu_fd_sc_mcu7t5v0__clkbuf_16)
    16    0.187924    0.417196    0.653030   20.894213 ^ clkbuf_0_sys_clk_i/Z (gf180mcu_fd_sc_mcu7t5v0__clkbuf_16)
                                                         clknet_0_sys_clk_i (net)
                      0.417223    0.005112   20.899326 ^ clkbuf_4_5_0_sys_clk_i/I (gf180mcu_fd_sc_mcu7t5v0__clkbuf_2)
     2    0.049260    0.738407    0.817478   21.716803 ^ clkbuf_4_5_0_sys_clk_i/Z (gf180mcu_fd_sc_mcu7t5v0__clkbuf_2)
                                                         clknet_4_5_0_sys_clk_i (net)
                      0.738411    0.000956   21.717758 ^ clkbuf_5_11__f_sys_clk_i/I (gf180mcu_fd_sc_mcu7t5v0__clkbuf_16)
     6    0.044090    0.204866    0.551943   22.269701 ^ clkbuf_5_11__f_sys_clk_i/Z (gf180mcu_fd_sc_mcu7t5v0__clkbuf_16)
                                                         clknet_5_11__leaf_sys_clk_i (net)
                      0.204866    0.000178   22.269878 ^ _2148_/CLK (gf180mcu_fd_sc_mcu7t5v0__dffsnq_1)
                                 -0.250000   22.019880   clock uncertainty
                                  0.000000   22.019880   clock reconvergence pessimism
                                 -0.087903   21.931976   library recovery time
                                             21.931976   data required time
---------------------------------------------------------------------------------------------
                                             21.931976   data required time
                                            -12.797606   data arrival time
---------------------------------------------------------------------------------------------
                                              9.134371   slack (MET)


Startpoint: _2069_ (rising edge-triggered flip-flop clocked by periph_clk)
Endpoint: uart_tx_o (output port clocked by periph_clk)
Path Group: periph_clk
Path Type: max

Fanout         Cap        Slew       Delay        Time   Description
---------------------------------------------------------------------------------------------
                                  0.000000    0.000000   clock periph_clk (rise edge)
                                  0.000000    0.000000   clock source latency
     1    0.059918    0.466021    0.241758    0.241758 ^ periph_clk_i (in)
                                                         periph_clk_i (net)
                      0.466067    0.000000    0.241758 ^ clkbuf_0_periph_clk_i/I (gf180mcu_fd_sc_mcu7t5v0__clkbuf_16)
    16    0.187656    0.417357    0.655270    0.897029 ^ clkbuf_0_periph_clk_i/Z (gf180mcu_fd_sc_mcu7t5v0__clkbuf_16)
                                                         clknet_0_periph_clk_i (net)
                      0.417367    0.003047    0.900075 ^ clkbuf_4_9_0_periph_clk_i/I (gf180mcu_fd_sc_mcu7t5v0__clkbuf_2)
     2    0.052613    0.782936    0.843380    1.743455 ^ clkbuf_4_9_0_periph_clk_i/Z (gf180mcu_fd_sc_mcu7t5v0__clkbuf_2)
                                                         clknet_4_9_0_periph_clk_i (net)
                      0.782944    0.001402    1.744857 ^ clkbuf_5_18__f_periph_clk_i/I (gf180mcu_fd_sc_mcu7t5v0__clkbuf_16)
     5    0.025883    0.178623    0.537315    2.282171 ^ clkbuf_5_18__f_periph_clk_i/Z (gf180mcu_fd_sc_mcu7t5v0__clkbuf_16)
                                                         clknet_5_18__leaf_periph_clk_i (net)
                      0.178623    0.000340    2.282511 ^ _2069_/CLK (gf180mcu_fd_sc_mcu7t5v0__dffrnq_1)
     5    0.033410    0.608581    1.600574    3.883085 v _2069_/Q (gf180mcu_fd_sc_mcu7t5v0__dffrnq_1)
                                                         u_uart_tx.CS[1] (net)
                      0.608581    0.000467    3.883552 v fanout418/I (gf180mcu_fd_sc_mcu7t5v0__dlyb_1)
    10    0.066911    1.297038    2.830051    6.713603 v fanout418/Z (gf180mcu_fd_sc_mcu7t5v0__dlyb_1)
                                                         net418 (net)
                      1.297043    0.002028    6.715632 v _1313_/A1 (gf180mcu_fd_sc_mcu7t5v0__and2_1)
     5    0.037705    0.691961    1.124243    7.839875 v _1313_/Z (gf180mcu_fd_sc_mcu7t5v0__and2_1)
                                                         _0413_ (net)
                      0.691961    0.000294    7.840169 v fanout328/I (gf180mcu_fd_sc_mcu7t5v0__dlyb_1)
    10    0.075034    1.413940    2.945765   10.785934 v fanout328/Z (gf180mcu_fd_sc_mcu7t5v0__dlyb_1)
                                                         net328 (net)
                      1.413952    0.002363   10.788298 v _1315_/A2 (gf180mcu_fd_sc_mcu7t5v0__aoi221_1)
     1    0.005369    1.253723    1.055720   11.844018 ^ _1315_/ZN (gf180mcu_fd_sc_mcu7t5v0__aoi221_1)
                                                         _0415_ (net)
                      1.253723    0.000103   11.844121 ^ _1316_/B (gf180mcu_fd_sc_mcu7t5v0__oai21_1)
     1    0.022587    0.927079    0.681322   12.525442 v _1316_/ZN (gf180mcu_fd_sc_mcu7t5v0__oai21_1)
                                                         net220 (net)
                      0.927079    0.001174   12.526616 v output220/I (gf180mcu_fd_sc_mcu7t5v0__buf_1)
     1    0.007766    0.260336    0.716955   13.243571 v output220/Z (gf180mcu_fd_sc_mcu7t5v0__buf_1)
                                                         net236 (net)
                      0.260336    0.000097   13.243668 v wire236/I (gf180mcu_fd_sc_mcu7t5v0__clkbuf_3)
     1    0.075733    0.606444    0.760424   14.004091 v wire236/Z (gf180mcu_fd_sc_mcu7t5v0__clkbuf_3)
                                                         uart_tx_o (net)
                      0.606452    0.001233   14.005324 v uart_tx_o (out)
                                             14.005324   data arrival time

                                 20.000000   20.000000   clock periph_clk (rise edge)
                                  0.000000   20.000000   clock network delay (propagated)
                                 -0.250000   19.750002   clock uncertainty
                                  0.000000   19.750002   clock reconvergence pessimism
                                 -4.000000   15.750001   output external delay
                                             15.750001   data required time
---------------------------------------------------------------------------------------------
                                             15.750001   data required time
                                            -14.005324   data arrival time
---------------------------------------------------------------------------------------------
                                              1.744676   slack (MET)


Startpoint: cfg_addr_i[3] (input port clocked by sys_clk)
Endpoint: cfg_data_o[1] (output port clocked by sys_clk)
Path Group: sys_clk
Path Type: max

Fanout         Cap        Slew       Delay        Time   Description
---------------------------------------------------------------------------------------------
                                  0.000000    0.000000   clock sys_clk (rise edge)
                                  0.000000    0.000000   clock network delay (propagated)
                                  4.000000    4.000000 v input external delay
     1    0.008468    0.183152    0.083055    4.083055 v cfg_addr_i[3] (in)
                                                         cfg_addr_i[3] (net)
                      0.183152    0.000000    4.083055 v input4/I (gf180mcu_fd_sc_mcu7t5v0__dlyb_1)
     5    0.065497    1.276701    2.662628    6.745683 v input4/Z (gf180mcu_fd_sc_mcu7t5v0__dlyb_1)
                                                         net4 (net)
                      1.276781    0.006140    6.751824 v fanout428/I (gf180mcu_fd_sc_mcu7t5v0__dlyb_1)
    10    0.071504    1.362943    3.117666    9.869490 v fanout428/Z (gf180mcu_fd_sc_mcu7t5v0__dlyb_1)
                                                         net428 (net)
                      1.362966    0.003689    9.873178 v _0907_/I (gf180mcu_fd_sc_mcu7t5v0__clkinv_1)
     8    0.056276    1.637341    1.346922   11.220099 ^ _0907_/ZN (gf180mcu_fd_sc_mcu7t5v0__clkinv_1)
                                                         _0698_ (net)
                      1.637341    0.001179   11.221278 ^ _1323_/A1 (gf180mcu_fd_sc_mcu7t5v0__nand4_1)
     2    0.010392    1.028477    0.666251   11.887529 v _1323_/ZN (gf180mcu_fd_sc_mcu7t5v0__nand4_1)
                                                         _0422_ (net)
                      1.028477    0.000158   11.887688 v _1332_/A1 (gf180mcu_fd_sc_mcu7t5v0__nor4_1)
     2    0.044511    5.185181    3.101777   14.989465 ^ _1332_/ZN (gf180mcu_fd_sc_mcu7t5v0__nor4_1)
                                                         _0431_ (net)
                      5.185181    0.002380   14.991844 ^ fanout325/I (gf180mcu_fd_sc_mcu7t5v0__dlya_1)
    10    0.094070    2.635211    1.894492   16.886337 ^ fanout325/Z (gf180mcu_fd_sc_mcu7t5v0__dlya_1)
                                                         net325 (net)
                      2.635211    0.000599   16.886934 ^ _1351_/B1 (gf180mcu_fd_sc_mcu7t5v0__aoi22_1)
     1    0.019051    1.280436    0.884381   17.771317 v _1351_/ZN (gf180mcu_fd_sc_mcu7t5v0__aoi22_1)
                                                         _0449_ (net)
                      1.280436    0.000833   17.772148 v _1355_/A1 (gf180mcu_fd_sc_mcu7t5v0__and4_1)
     1    0.024342    0.541423    1.083691   18.855841 v _1355_/Z (gf180mcu_fd_sc_mcu7t5v0__and4_1)
                                                         _0453_ (net)
                      0.541423    0.001270   18.857111 v _1356_/A2 (gf180mcu_fd_sc_mcu7t5v0__nand2_1)
     1    0.017056    0.825390    0.569353   19.426462 ^ _1356_/ZN (gf180mcu_fd_sc_mcu7t5v0__nand2_1)
                                                         net124 (net)
                      0.825390    0.000663   19.427126 ^ output124/I (gf180mcu_fd_sc_mcu7t5v0__buf_1)
     1    0.010893    0.405687    0.569125   19.996250 ^ output124/Z (gf180mcu_fd_sc_mcu7t5v0__buf_1)
                                                         net227 (net)
                      0.405687    0.000286   19.996536 ^ wire227/I (gf180mcu_fd_sc_mcu7t5v0__clkbuf_3)
     1    0.081769    0.631991    0.787233   20.783770 ^ wire227/Z (gf180mcu_fd_sc_mcu7t5v0__clkbuf_3)
                                                         cfg_data_o[1] (net)
                      0.631994    0.002101   20.785872 ^ cfg_data_o[1] (out)
                                             20.785872   data arrival time

                                 20.000000   20.000000   clock sys_clk (rise edge)
                                  0.000000   20.000000   clock network delay (propagated)
                                 -0.250000   19.750002   clock uncertainty
                                  0.000000   19.750002   clock reconvergence pessimism
                                 -4.000000   15.750001   output external delay
                                             15.750001   data required time
---------------------------------------------------------------------------------------------
                                             15.750001   data required time
                                            -20.785872   data arrival time
---------------------------------------------------------------------------------------------
                                             -5.035871   slack (VIOLATED)




===========================================================================
report_checks --slack_max -0.01
============================================================================
======================= max_ss_125C_4v50 Corner ===================================

Startpoint: cfg_addr_i[3] (input port clocked by sys_clk)
Endpoint: cfg_data_o[1] (output port clocked by sys_clk)
Path Group: sys_clk
Path Type: max

Fanout         Cap        Slew       Delay        Time   Description
---------------------------------------------------------------------------------------------
                                  0.000000    0.000000   clock sys_clk (rise edge)
                                  0.000000    0.000000   clock network delay (propagated)
                                  4.000000    4.000000 v input external delay
     1    0.008468    0.183152    0.083055    4.083055 v cfg_addr_i[3] (in)
                                                         cfg_addr_i[3] (net)
                      0.183152    0.000000    4.083055 v input4/I (gf180mcu_fd_sc_mcu7t5v0__dlyb_1)
     5    0.065497    1.276701    2.662628    6.745683 v input4/Z (gf180mcu_fd_sc_mcu7t5v0__dlyb_1)
                                                         net4 (net)
                      1.276781    0.006140    6.751824 v fanout428/I (gf180mcu_fd_sc_mcu7t5v0__dlyb_1)
    10    0.071504    1.362943    3.117666    9.869490 v fanout428/Z (gf180mcu_fd_sc_mcu7t5v0__dlyb_1)
                                                         net428 (net)
                      1.362966    0.003689    9.873178 v _0907_/I (gf180mcu_fd_sc_mcu7t5v0__clkinv_1)
     8    0.056276    1.637341    1.346922   11.220099 ^ _0907_/ZN (gf180mcu_fd_sc_mcu7t5v0__clkinv_1)
                                                         _0698_ (net)
                      1.637341    0.001179   11.221278 ^ _1323_/A1 (gf180mcu_fd_sc_mcu7t5v0__nand4_1)
     2    0.010392    1.028477    0.666251   11.887529 v _1323_/ZN (gf180mcu_fd_sc_mcu7t5v0__nand4_1)
                                                         _0422_ (net)
                      1.028477    0.000158   11.887688 v _1332_/A1 (gf180mcu_fd_sc_mcu7t5v0__nor4_1)
     2    0.044511    5.185181    3.101777   14.989465 ^ _1332_/ZN (gf180mcu_fd_sc_mcu7t5v0__nor4_1)
                                                         _0431_ (net)
                      5.185181    0.002380   14.991844 ^ fanout325/I (gf180mcu_fd_sc_mcu7t5v0__dlya_1)
    10    0.094070    2.635211    1.894492   16.886337 ^ fanout325/Z (gf180mcu_fd_sc_mcu7t5v0__dlya_1)
                                                         net325 (net)
                      2.635211    0.000599   16.886934 ^ _1351_/B1 (gf180mcu_fd_sc_mcu7t5v0__aoi22_1)
     1    0.019051    1.280436    0.884381   17.771317 v _1351_/ZN (gf180mcu_fd_sc_mcu7t5v0__aoi22_1)
                                                         _0449_ (net)
                      1.280436    0.000833   17.772148 v _1355_/A1 (gf180mcu_fd_sc_mcu7t5v0__and4_1)
     1    0.024342    0.541423    1.083691   18.855841 v _1355_/Z (gf180mcu_fd_sc_mcu7t5v0__and4_1)
                                                         _0453_ (net)
                      0.541423    0.001270   18.857111 v _1356_/A2 (gf180mcu_fd_sc_mcu7t5v0__nand2_1)
     1    0.017056    0.825390    0.569353   19.426462 ^ _1356_/ZN (gf180mcu_fd_sc_mcu7t5v0__nand2_1)
                                                         net124 (net)
                      0.825390    0.000663   19.427126 ^ output124/I (gf180mcu_fd_sc_mcu7t5v0__buf_1)
     1    0.010893    0.405687    0.569125   19.996250 ^ output124/Z (gf180mcu_fd_sc_mcu7t5v0__buf_1)
                                                         net227 (net)
                      0.405687    0.000286   19.996536 ^ wire227/I (gf180mcu_fd_sc_mcu7t5v0__clkbuf_3)
     1    0.081769    0.631991    0.787233   20.783770 ^ wire227/Z (gf180mcu_fd_sc_mcu7t5v0__clkbuf_3)
                                                         cfg_data_o[1] (net)
                      0.631994    0.002101   20.785872 ^ cfg_data_o[1] (out)
                                             20.785872   data arrival time

                                 20.000000   20.000000   clock sys_clk (rise edge)
                                  0.000000   20.000000   clock network delay (propagated)
                                 -0.250000   19.750002   clock uncertainty
                                  0.000000   19.750002   clock reconvergence pessimism
                                 -4.000000   15.750001   output external delay
                                             15.750001   data required time
---------------------------------------------------------------------------------------------
                                             15.750001   data required time
                                            -20.785872   data arrival time
---------------------------------------------------------------------------------------------
                                             -5.035871   slack (VIOLATED)




===========================================================================
 report_check_types -max_slew -max_cap -max_fanout -violators
============================================================================
======================= max_ss_125C_4v50 Corner ===================================

max slew

Pin                                        Limit        Slew       Slack
------------------------------------------------------------------------
_1332_/ZN                               3.000000    5.185181   -2.185181 (VIOLATED)
fanout325/I                             3.000000    5.185181   -2.185181 (VIOLATED)
fanout326/I                             3.000000    5.185181   -2.185181 (VIOLATED)
_1335_/ZN                               3.000000    5.104275   -2.104275 (VIOLATED)
_1395_/B1                               3.000000    5.104275   -2.104275 (VIOLATED)
fanout322/I                             3.000000    5.104275   -2.104275 (VIOLATED)
_1338_/ZN                               3.000000    4.148393   -1.148393 (VIOLATED)
_1350_/C2                               3.000000    4.148393   -1.148393 (VIOLATED)
fanout438/I                             3.000000    3.476026   -0.476026 (VIOLATED)
fanout450/I                             3.000000    3.476021   -0.476021 (VIOLATED)
fanout443/I                             3.000000    3.476005   -0.476005 (VIOLATED)
_2062_/SETN                             3.000000    3.475977   -0.475977 (VIOLATED)
fanout453/I                             3.000000    3.475959   -0.475959 (VIOLATED)
fanout457/I                             3.000000    3.475959   -0.475959 (VIOLATED)
fanout458/Z                             3.000000    3.475959   -0.475959 (VIOLATED)
_1086_/ZN                               3.000000    3.473964   -0.473964 (VIOLATED)
_1109_/A1                               3.000000    3.473964   -0.473964 (VIOLATED)
_1142_/A1                               3.000000    3.473964   -0.473964 (VIOLATED)
_1159_/A3                               3.000000    3.473964   -0.473964 (VIOLATED)
fanout425/I                             3.000000    3.334451   -0.334451 (VIOLATED)
_1181_/A4                               3.000000    3.334450   -0.334450 (VIOLATED)
_0906_/ZN                               3.000000    3.334428   -0.334428 (VIOLATED)
_0974_/A2                               3.000000    3.334428   -0.334428 (VIOLATED)
_0979_/A1                               3.000000    3.334428   -0.334428 (VIOLATED)
_1179_/A2                               3.000000    3.334428   -0.334428 (VIOLATED)
_1318_/A3                               3.000000    3.334428   -0.334428 (VIOLATED)
_1322_/A1                               3.000000    3.334428   -0.334428 (VIOLATED)
_1324_/A1                               3.000000    3.334428   -0.334428 (VIOLATED)
_1342_/A2                               3.000000    3.334428   -0.334428 (VIOLATED)
_1604_/A3                               3.000000    3.334428   -0.334428 (VIOLATED)
fanout462/I                             3.000000    3.289266   -0.289266 (VIOLATED)
fanout469/I                             3.000000    3.289266   -0.289266 (VIOLATED)
fanout464/I                             3.000000    3.289264   -0.289264 (VIOLATED)
fanout463/I                             3.000000    3.289259   -0.289259 (VIOLATED)
_2175_/RN                               3.000000    3.289241   -0.289241 (VIOLATED)
_2176_/RN                               3.000000    3.289241   -0.289241 (VIOLATED)
fanout473/I                             3.000000    3.289241   -0.289241 (VIOLATED)
fanout477/I                             3.000000    3.289241   -0.289241 (VIOLATED)
fanout478/Z                             3.000000    3.289241   -0.289241 (VIOLATED)
_1347_/ZN                               3.000000    3.145311   -0.145311 (VIOLATED)
_1349_/A2                               3.000000    3.145311   -0.145311 (VIOLATED)
_1433_/ZN                               3.000000    3.077322   -0.077322 (VIOLATED)
_1434_/S                                3.000000    3.077322   -0.077322 (VIOLATED)
_1435_/S                                3.000000    3.077322   -0.077322 (VIOLATED)
max_cap532/I                            3.000000    3.077322   -0.077322 (VIOLATED)

max fanout

Pin                                   Limit Fanout  Slack
---------------------------------------------------------
clkbuf_0_periph_clk_i/Z                  10     16     -6 (VIOLATED)
clkbuf_0_sys_clk_i/Z                     10     16     -6 (VIOLATED)



===========================================================================
report_parasitic_annotation -report_unannotated
============================================================================
Found 45 unannotated drivers.
 data_tx_i[10]
 data_tx_i[11]
 data_tx_i[12]
 data_tx_i[13]
 data_tx_i[14]
 data_tx_i[15]
 data_tx_i[16]
 data_tx_i[17]
 data_tx_i[18]
 data_tx_i[19]
 data_tx_i[20]
 data_tx_i[21]
 data_tx_i[22]
 data_tx_i[23]
 data_tx_i[24]
 data_tx_i[25]
 data_tx_i[26]
 data_tx_i[27]
 data_tx_i[28]
 data_tx_i[29]
 data_tx_i[30]
 data_tx_i[31]
 data_tx_i[8]
 data_tx_i[9]
 clkload0/Z
 clkload1/Z
 clkload10/Z
 clkload11/Z
 clkload12/Z
 clkload13/Z
 clkload14/Z
 clkload15/Z
 clkload16/Z
 clkload17/Z
 clkload18/Z
 clkload19/Z
 clkload2/Z
 clkload20/Z
 clkload3/Z
 clkload4/Z
 clkload5/Z
 clkload6/Z
 clkload7/Z
 clkload8/Z
 clkload9/Z
Found 0 partially unannotated drivers.

===========================================================================
max slew violation count 45
max fanout violation count 2
max cap violation count 0
============================================================================

===========================================================================
check_setup -verbose -unconstrained_endpoints -multiple_clock -no_clock -no_input_delay -loops -generated_clocks
===========================================================================
Warning: There is 1 input port missing set_input_delay.
  rstn_i
