Clock: sys_clk
Sources: sys_clk_i 
Generated: no
Virtual: yes
Propagated: no
Period: 20.000000

===========================================================================
report_clock_properties
============================================================================
Clock                   Period          Waveform
----------------------------------------------------
sys_clk              20.000000    0.000000 10.000000

===========================================================================
report_clock_latency
============================================================================
Clock sys_clk
rise -> rise
    min     max
0.000000 0.000000 source latency
2.245417         network latency _2027_/CLK
        2.312096 network latency _2025_/CLK
---------------
2.245417 2.312096 latency
        0.066679 skew

fall -> fall
    min     max
0.000000 0.000000 source latency
2.177869         network latency _2027_/CLK
        2.252857 network latency _2025_/CLK
---------------
2.177869 2.252857 latency
        0.074989 skew



===========================================================================
report_clock_min_period
============================================================================
sys_clk period_min = 13.45 fmax = 74.35
Clock: periph_clk
Sources: periph_clk_i 
Generated: no
Virtual: yes
Propagated: no
Period: 20.000000

===========================================================================
report_clock_properties
============================================================================
Clock                   Period          Waveform
----------------------------------------------------
periph_clk           20.000000    0.000000 10.000000

===========================================================================
report_clock_latency
============================================================================
Clock periph_clk
rise -> rise
    min     max
0.000000 0.000000 source latency
2.229091         network latency _2053_/CLK
        2.320463 network latency _1888_/CLK
---------------
2.229091 2.320463 latency
        0.091372 skew

fall -> fall
    min     max
0.000000 0.000000 source latency
2.161062         network latency _2053_/CLK
        2.262006 network latency _1888_/CLK
---------------
2.161062 2.262006 latency
        0.100944 skew



===========================================================================
report_clock_min_period
============================================================================
periph_clk period_min = 14.60 fmax = 68.50
