
===========================================================================
Violator List
============================================================================
[setup in-out] cfg_addr_i[3] -> cfg_data_o[1] : -5.035871
[setup in-out] cfg_addr_i[3] -> cfg_data_o[4] : -4.053140
[setup in-out] cfg_addr_i[3] -> cfg_data_o[5] : -3.987957
[setup in-out] cfg_addr_i[3] -> cfg_data_o[9] : -3.845742
[setup in-out] cfg_addr_i[3] -> cfg_data_o[8] : -3.781505
[setup in-out] cfg_addr_i[3] -> cfg_data_o[2] : -3.761908
[setup in-out] cfg_addr_i[2] -> cfg_data_o[24] : -3.663008
[setup in-out] cfg_addr_i[2] -> cfg_data_o[22] : -3.660032
[setup in-out] cfg_addr_i[3] -> cfg_data_o[0] : -3.624439
[setup in-out] cfg_addr_i[3] -> cfg_data_o[3] : -3.604745
[setup in-out] cfg_addr_i[3] -> cfg_data_o[7] : -3.570868
[setup in-out] cfg_addr_i[3] -> cfg_data_o[6] : -3.530039
[setup in-out] cfg_addr_i[2] -> cfg_data_o[19] : -3.526596
[setup in-out] cfg_addr_i[2] -> cfg_data_o[25] : -3.513682
[setup in-out] cfg_addr_i[3] -> cfg_data_o[10] : -3.488426
[setup in-out] cfg_addr_i[2] -> cfg_data_o[23] : -3.463507
[setup in-out] cfg_addr_i[2] -> cfg_data_o[27] : -3.455506
[setup in-out] cfg_addr_i[2] -> cfg_data_o[26] : -3.452810
[setup in-out] cfg_addr_i[3] -> cfg_data_o[11] : -3.442526
[setup in-out] cfg_addr_i[2] -> cfg_data_o[21] : -3.428676
[setup in-out] cfg_addr_i[2] -> cfg_data_o[20] : -3.414746
[setup in-out] cfg_addr_i[3] -> cfg_data_o[14] : -3.408861
[setup in-out] cfg_addr_i[3] -> cfg_data_o[15] : -3.404880
[setup in-out] cfg_addr_i[2] -> cfg_data_o[16] : -3.389513
[setup in-out] cfg_addr_i[3] -> cfg_data_o[13] : -3.340448
[setup in-out] cfg_addr_i[3] -> cfg_data_o[12] : -3.274598
[setup in-out] cfg_addr_i[4] -> cfg_data_o[18] : -1.948463
[setup in-out] cfg_addr_i[4] -> cfg_data_o[30] : -1.454987
[setup in-out] cfg_addr_i[4] -> cfg_data_o[28] : -1.424503
[setup in-out] cfg_addr_i[4] -> cfg_data_o[31] : -1.326578
[setup in-out] cfg_addr_i[4] -> cfg_data_o[29] : -1.302173
[setup in-reg] cfg_addr_i[2] -> _1968_/D : -1.274346
[setup in-reg] cfg_addr_i[2] -> _1963_/D : -1.263917
[setup in-reg] cfg_addr_i[2] -> _1972_/D : -1.258970
[setup in-reg] cfg_addr_i[2] -> _1974_/D : -1.256511
[setup in-reg] cfg_addr_i[2] -> _1973_/D : -1.248033
[setup in-reg] cfg_addr_i[2] -> _1967_/D : -0.454993
[setup in-reg] cfg_addr_i[2] -> _1966_/D : -0.452902
[setup in-reg] cfg_addr_i[2] -> _1969_/D : -0.450001
[setup in-reg] cfg_addr_i[2] -> _1965_/D : -0.438606
[setup in-reg] cfg_addr_i[2] -> _1970_/D : -0.436796
