
===========================================================================
report_checks -unconstrained
===========================================================================
======================= min_ss_125C_4v50 Corner ===================================

Startpoint: _2030_ (rising edge-triggered flip-flop clocked by sys_clk)
Endpoint: _2067_ (recovery check against rising-edge clock sys_clk)
Path Group: asynchronous
Path Type: max

Fanout         Cap        Slew       Delay        Time   Description
---------------------------------------------------------------------------------------------
                                  0.000000    0.000000   clock sys_clk (rise edge)
                                  0.000000    0.000000   clock source latency
     1    0.059311    0.462217    0.238851    0.238851 ^ sys_clk_i (in)
                                                         sys_clk_i (net)
                      0.462243    0.000000    0.238851 ^ clkbuf_0_sys_clk_i/I (gf180mcu_fd_sc_mcu7t5v0__clkbuf_20)
    16    0.153491    0.318086    0.582799    0.821650 ^ clkbuf_0_sys_clk_i/Z (gf180mcu_fd_sc_mcu7t5v0__clkbuf_20)
                                                         clknet_0_sys_clk_i (net)
                      0.318128    0.005986    0.827636 ^ clkbuf_4_7_0_sys_clk_i/I (gf180mcu_fd_sc_mcu7t5v0__clkbuf_2)
     2    0.060936    0.893798    0.886198    1.713834 ^ clkbuf_4_7_0_sys_clk_i/Z (gf180mcu_fd_sc_mcu7t5v0__clkbuf_2)
                                                         clknet_4_7_0_sys_clk_i (net)
                      0.893803    0.001233    1.715067 ^ clkbuf_5_14__f_sys_clk_i/I (gf180mcu_fd_sc_mcu7t5v0__clkbuf_20)
     6    0.041582    0.196985    0.560520    2.275587 ^ clkbuf_5_14__f_sys_clk_i/Z (gf180mcu_fd_sc_mcu7t5v0__clkbuf_20)
                                                         clknet_5_14__leaf_sys_clk_i (net)
                      0.196986    0.000976    2.276563 ^ _2030_/CLK (gf180mcu_fd_sc_mcu7t5v0__dffrnq_1)
     2    0.023165    0.459533    1.500518    3.777081 v _2030_/Q (gf180mcu_fd_sc_mcu7t5v0__dffrnq_1)
                                                         s_uart_rx_clean_fifo (net)
                      0.459533    0.000936    3.778017 v _0923_/A2 (gf180mcu_fd_sc_mcu7t5v0__nor2_1)
     2    0.016539    1.111788    0.760736    4.538752 ^ _0923_/ZN (gf180mcu_fd_sc_mcu7t5v0__nor2_1)
                                                         u_dc_fifo_rx.dst_rstn_i (net)
                      1.111788    0.000203    4.538955 ^ fanout331/I (gf180mcu_fd_sc_mcu7t5v0__dlyb_1)
     8    0.073432    2.089937    2.850291    7.389246 ^ fanout331/Z (gf180mcu_fd_sc_mcu7t5v0__dlyb_1)
                                                         net331 (net)
                      2.089946    0.002460    7.391706 ^ fanout329/I (gf180mcu_fd_sc_mcu7t5v0__buf_1)
     3    0.026627    0.830094    0.858331    8.250037 ^ fanout329/Z (gf180mcu_fd_sc_mcu7t5v0__buf_1)
                                                         net329 (net)
                      0.830094    0.000455    8.250492 ^ max_cap502/I (gf180mcu_fd_sc_mcu7t5v0__buf_2)
     8    0.070533    1.022303    0.902411    9.152903 ^ max_cap502/Z (gf180mcu_fd_sc_mcu7t5v0__buf_2)
                                                         net502 (net)
                      1.022310    0.001515    9.154418 ^ _2067_/SETN (gf180mcu_fd_sc_mcu7t5v0__dffsnq_1)
                                              9.154418   data arrival time

                                 20.000000   20.000000   clock sys_clk (rise edge)
                                  0.000000   20.000000   clock source latency
     1    0.059311    0.462217    0.238851   20.238852 ^ sys_clk_i (in)
                                                         sys_clk_i (net)
                      0.462243    0.000000   20.238852 ^ clkbuf_0_sys_clk_i/I (gf180mcu_fd_sc_mcu7t5v0__clkbuf_20)
    16    0.153491    0.318086    0.582800   20.821651 ^ clkbuf_0_sys_clk_i/Z (gf180mcu_fd_sc_mcu7t5v0__clkbuf_20)
                                                         clknet_0_sys_clk_i (net)
                      0.318140    0.006711   20.828362 ^ clkbuf_4_4_0_sys_clk_i/I (gf180mcu_fd_sc_mcu7t5v0__clkbuf_2)
     2    0.059217    0.870749    0.872673   21.701035 ^ clkbuf_4_4_0_sys_clk_i/Z (gf180mcu_fd_sc_mcu7t5v0__clkbuf_2)
                                                         clknet_4_4_0_sys_clk_i (net)
                      0.870757    0.001545   21.702579 ^ clkbuf_5_8__f_sys_clk_i/I (gf180mcu_fd_sc_mcu7t5v0__clkbuf_20)
     6    0.027499    0.178067    0.541208   22.243788 ^ clkbuf_5_8__f_sys_clk_i/Z (gf180mcu_fd_sc_mcu7t5v0__clkbuf_20)
                                                         clknet_5_8__leaf_sys_clk_i (net)
                      0.178067    0.000036   22.243824 ^ _2067_/CLK (gf180mcu_fd_sc_mcu7t5v0__dffsnq_1)
                                 -0.250000   21.993824   clock uncertainty
                                  0.000000   21.993824   clock reconvergence pessimism
                                 -0.107318   21.886505   library recovery time
                                             21.886505   data required time
---------------------------------------------------------------------------------------------
                                             21.886505   data required time
                                             -9.154418   data arrival time
---------------------------------------------------------------------------------------------
                                             12.732088   slack (MET)


Startpoint: _2019_ (rising edge-triggered flip-flop clocked by periph_clk)
Endpoint: _2010_ (rising edge-triggered flip-flop clocked by periph_clk)
Path Group: periph_clk
Path Type: max

Fanout         Cap        Slew       Delay        Time   Description
---------------------------------------------------------------------------------------------
                                  0.000000    0.000000   clock periph_clk (rise edge)
                                  0.000000    0.000000   clock source latency
     1    0.053164    0.421082    0.214040    0.214040 ^ periph_clk_i (in)
                                                         periph_clk_i (net)
                      0.421093    0.000000    0.214040 ^ clkbuf_0_periph_clk_i/I (gf180mcu_fd_sc_mcu7t5v0__clkbuf_20)
    16    0.130923    0.289839    0.555414    0.769455 ^ clkbuf_0_periph_clk_i/Z (gf180mcu_fd_sc_mcu7t5v0__clkbuf_20)
                                                         clknet_0_periph_clk_i (net)
                      0.289844    0.002389    0.771844 ^ clkbuf_4_3_0_periph_clk_i/I (gf180mcu_fd_sc_mcu7t5v0__clkbuf_2)
     2    0.060382    0.886120    0.875246    1.647090 ^ clkbuf_4_3_0_periph_clk_i/Z (gf180mcu_fd_sc_mcu7t5v0__clkbuf_2)
                                                         clknet_4_3_0_periph_clk_i (net)
                      0.886135    0.002054    1.649144 ^ clkbuf_5_7__f_periph_clk_i/I (gf180mcu_fd_sc_mcu7t5v0__clkbuf_20)
     5    0.026932    0.177944    0.543019    2.192163 ^ clkbuf_5_7__f_periph_clk_i/Z (gf180mcu_fd_sc_mcu7t5v0__clkbuf_20)
                                                         clknet_5_7__leaf_periph_clk_i (net)
                      0.177945    0.000444    2.192607 ^ _2019_/CLK (gf180mcu_fd_sc_mcu7t5v0__dffrnq_1)
     3    0.020462    0.708261    1.956333    4.148940 ^ _2019_/Q (gf180mcu_fd_sc_mcu7t5v0__dffrnq_1)
                                                         r_uart_en_rx_sync[2] (net)
                      0.708261    0.000501    4.149441 ^ _0911_/I (gf180mcu_fd_sc_mcu7t5v0__clkinv_1)
     5    0.033633    0.979902    0.775211    4.924653 v _0911_/ZN (gf180mcu_fd_sc_mcu7t5v0__clkinv_1)
                                                         _0706_ (net)
                      0.979902    0.000347    4.925000 v _1739_/B2 (gf180mcu_fd_sc_mcu7t5v0__aoi22_1)
     1    0.006041    0.831285    0.774763    5.699762 ^ _1739_/ZN (gf180mcu_fd_sc_mcu7t5v0__aoi22_1)
                                                         _0642_ (net)
                      0.831285    0.000133    5.699895 ^ fanout311/I (gf180mcu_fd_sc_mcu7t5v0__dlyb_1)
     7    0.074620    2.121802    2.857492    8.557387 ^ fanout311/Z (gf180mcu_fd_sc_mcu7t5v0__dlyb_1)
                                                         net311 (net)
                      2.121802    0.001676    8.559063 ^ fanout310/I (gf180mcu_fd_sc_mcu7t5v0__buf_1)
     4    0.045762    1.339332    1.152933    9.711996 ^ fanout310/Z (gf180mcu_fd_sc_mcu7t5v0__buf_1)
                                                         net310 (net)
                      1.339332    0.000602    9.712598 ^ max_cap497/I (gf180mcu_fd_sc_mcu7t5v0__buf_2)
     6    0.058973    0.868865    0.842910   10.555508 ^ max_cap497/Z (gf180mcu_fd_sc_mcu7t5v0__buf_2)
                                                         net497 (net)
                      0.868880    0.001961   10.557469 ^ fanout309/I (gf180mcu_fd_sc_mcu7t5v0__dlyb_1)
     7    0.048935    1.431183    2.460462   13.017931 ^ fanout309/Z (gf180mcu_fd_sc_mcu7t5v0__dlyb_1)
                                                         net309 (net)
                      1.431188    0.001485   13.019416 ^ fanout308/I (gf180mcu_fd_sc_mcu7t5v0__dlyb_1)
    10    0.073691    2.096473    2.854729   15.874146 ^ fanout308/Z (gf180mcu_fd_sc_mcu7t5v0__dlyb_1)
                                                         net308 (net)
                      2.096473    0.001540   15.875686 ^ _1760_/A2 (gf180mcu_fd_sc_mcu7t5v0__nor2_1)
     1    0.010343    0.782251    0.513181   16.388866 v _1760_/ZN (gf180mcu_fd_sc_mcu7t5v0__nor2_1)
                                                         _0650_ (net)
                      0.782251    0.000204   16.389071 v _1761_/B (gf180mcu_fd_sc_mcu7t5v0__aoi21_1)
     1    0.004099    0.648221    0.567592   16.956663 ^ _1761_/ZN (gf180mcu_fd_sc_mcu7t5v0__aoi21_1)
                                                         _0284_ (net)
                      0.648221    0.000076   16.956739 ^ _2010_/D (gf180mcu_fd_sc_mcu7t5v0__dffrnq_1)
                                             16.956739   data arrival time

                                 20.000000   20.000000   clock periph_clk (rise edge)
                                  0.000000   20.000000   clock source latency
     1    0.053164    0.421082    0.214040   20.214041 ^ periph_clk_i (in)
                                                         periph_clk_i (net)
                      0.421093    0.000000   20.214041 ^ clkbuf_0_periph_clk_i/I (gf180mcu_fd_sc_mcu7t5v0__clkbuf_20)
    16    0.130923    0.289839    0.555413   20.769455 ^ clkbuf_0_periph_clk_i/Z (gf180mcu_fd_sc_mcu7t5v0__clkbuf_20)
                                                         clknet_0_periph_clk_i (net)
                      0.289843    0.002117   20.771572 ^ clkbuf_4_14_0_periph_clk_i/I (gf180mcu_fd_sc_mcu7t5v0__clkbuf_2)
     2    0.059717    0.877476    0.870477   21.642048 ^ clkbuf_4_14_0_periph_clk_i/Z (gf180mcu_fd_sc_mcu7t5v0__clkbuf_2)
                                                         clknet_4_14_0_periph_clk_i (net)
                      0.877481    0.001164   21.643211 ^ clkbuf_5_28__f_periph_clk_i/I (gf180mcu_fd_sc_mcu7t5v0__clkbuf_20)
     5    0.032791    0.185033    0.548784   22.191996 ^ clkbuf_5_28__f_periph_clk_i/Z (gf180mcu_fd_sc_mcu7t5v0__clkbuf_20)
                                                         clknet_5_28__leaf_periph_clk_i (net)
                      0.185034    0.000687   22.192684 ^ _2010_/CLK (gf180mcu_fd_sc_mcu7t5v0__dffrnq_1)
                                 -0.250000   21.942684   clock uncertainty
                                  0.000000   21.942684   clock reconvergence pessimism
                                 -0.681531   21.261154   library setup time
                                             21.261154   data required time
---------------------------------------------------------------------------------------------
                                             21.261154   data required time
                                            -16.956739   data arrival time
---------------------------------------------------------------------------------------------
                                              4.304415   slack (MET)


Startpoint: cfg_rwn_i (input port clocked by sys_clk)
Endpoint: cfg_data_o[23] (output port clocked by sys_clk)
Path Group: sys_clk
Path Type: max

Fanout         Cap        Slew       Delay        Time   Description
---------------------------------------------------------------------------------------------
                                  0.000000    0.000000   clock sys_clk (rise edge)
                                  0.000000    0.000000   clock network delay (propagated)
                                  2.000000    2.000000 v input external delay
     1    0.008687    0.186593    0.085152    2.085152 v cfg_rwn_i (in)
                                                         cfg_rwn_i (net)
                      0.186593    0.000000    2.085152 v input38/I (gf180mcu_fd_sc_mcu7t5v0__dlyb_1)
     8    0.056798    1.155239    2.568115    4.653267 v input38/Z (gf180mcu_fd_sc_mcu7t5v0__dlyb_1)
                                                         net38 (net)
                      1.155247    0.002314    4.655581 v _1085_/A1 (gf180mcu_fd_sc_mcu7t5v0__nand3_1)
     5    0.023916    1.123765    0.941901    5.597482 ^ _1085_/ZN (gf180mcu_fd_sc_mcu7t5v0__nand3_1)
                                                         _0291_ (net)
                      1.123765    0.000406    5.597888 ^ _1086_/A2 (gf180mcu_fd_sc_mcu7t5v0__nor2_1)
     4    0.019037    0.792849    0.611789    6.209677 v _1086_/ZN (gf180mcu_fd_sc_mcu7t5v0__nor2_1)
                                                         _0292_ (net)
                      0.792849    0.000111    6.209788 v _1087_/A2 (gf180mcu_fd_sc_mcu7t5v0__and2_1)
     1    0.010013    0.295176    0.732886    6.942674 v _1087_/Z (gf180mcu_fd_sc_mcu7t5v0__and2_1)
                                                         _0293_ (net)
                      0.295176    0.000282    6.942956 v fanout322/I (gf180mcu_fd_sc_mcu7t5v0__dlyb_1)
    10    0.131059    2.236022    3.371290   10.314246 v fanout322/Z (gf180mcu_fd_sc_mcu7t5v0__dlyb_1)
                                                         net322 (net)
                      2.236038    0.003415   10.317660 v fanout321/I (gf180mcu_fd_sc_mcu7t5v0__dlyb_1)
     7    0.048221    1.032444    3.173269   13.490930 v fanout321/Z (gf180mcu_fd_sc_mcu7t5v0__dlyb_1)
                                                         net321 (net)
                      1.032444    0.000846   13.491776 v fanout320/I (gf180mcu_fd_sc_mcu7t5v0__dlyb_1)
    10    0.054961    1.128717    2.853055   16.344830 v fanout320/Z (gf180mcu_fd_sc_mcu7t5v0__dlyb_1)
                                                         net320 (net)
                      1.128717    0.000316   16.345146 v _1095_/A2 (gf180mcu_fd_sc_mcu7t5v0__and2_1)
     1    0.021746    0.465689    0.968198   17.313345 v _1095_/Z (gf180mcu_fd_sc_mcu7t5v0__and2_1)
                                                         net128 (net)
                      0.465689    0.001085   17.314430 v output128/I (gf180mcu_fd_sc_mcu7t5v0__buf_1)
     1    0.005884    0.219871    0.546322   17.860752 v output128/Z (gf180mcu_fd_sc_mcu7t5v0__buf_1)
                                                         net278 (net)
                      0.219871    0.000057   17.860809 v wire278/I (gf180mcu_fd_sc_mcu7t5v0__clkbuf_3)
     1    0.074082    0.596372    0.741192   18.602001 v wire278/Z (gf180mcu_fd_sc_mcu7t5v0__clkbuf_3)
                                                         cfg_data_o[23] (net)
                      0.596376    0.000929   18.602930 v cfg_data_o[23] (out)
                                             18.602930   data arrival time

                                 20.000000   20.000000   clock sys_clk (rise edge)
                                  0.000000   20.000000   clock network delay (propagated)
                                 -0.250000   19.750002   clock uncertainty
                                  0.000000   19.750002   clock reconvergence pessimism
                                 -2.000000   17.750002   output external delay
                                             17.750002   data required time
---------------------------------------------------------------------------------------------
                                             17.750002   data required time
                                            -18.602930   data arrival time
---------------------------------------------------------------------------------------------
                                             -0.852928   slack (VIOLATED)




===========================================================================
report_checks --slack_max -0.01
============================================================================
======================= min_ss_125C_4v50 Corner ===================================

Startpoint: cfg_rwn_i (input port clocked by sys_clk)
Endpoint: cfg_data_o[23] (output port clocked by sys_clk)
Path Group: sys_clk
Path Type: max

Fanout         Cap        Slew       Delay        Time   Description
---------------------------------------------------------------------------------------------
                                  0.000000    0.000000   clock sys_clk (rise edge)
                                  0.000000    0.000000   clock network delay (propagated)
                                  2.000000    2.000000 v input external delay
     1    0.008687    0.186593    0.085152    2.085152 v cfg_rwn_i (in)
                                                         cfg_rwn_i (net)
                      0.186593    0.000000    2.085152 v input38/I (gf180mcu_fd_sc_mcu7t5v0__dlyb_1)
     8    0.056798    1.155239    2.568115    4.653267 v input38/Z (gf180mcu_fd_sc_mcu7t5v0__dlyb_1)
                                                         net38 (net)
                      1.155247    0.002314    4.655581 v _1085_/A1 (gf180mcu_fd_sc_mcu7t5v0__nand3_1)
     5    0.023916    1.123765    0.941901    5.597482 ^ _1085_/ZN (gf180mcu_fd_sc_mcu7t5v0__nand3_1)
                                                         _0291_ (net)
                      1.123765    0.000406    5.597888 ^ _1086_/A2 (gf180mcu_fd_sc_mcu7t5v0__nor2_1)
     4    0.019037    0.792849    0.611789    6.209677 v _1086_/ZN (gf180mcu_fd_sc_mcu7t5v0__nor2_1)
                                                         _0292_ (net)
                      0.792849    0.000111    6.209788 v _1087_/A2 (gf180mcu_fd_sc_mcu7t5v0__and2_1)
     1    0.010013    0.295176    0.732886    6.942674 v _1087_/Z (gf180mcu_fd_sc_mcu7t5v0__and2_1)
                                                         _0293_ (net)
                      0.295176    0.000282    6.942956 v fanout322/I (gf180mcu_fd_sc_mcu7t5v0__dlyb_1)
    10    0.131059    2.236022    3.371290   10.314246 v fanout322/Z (gf180mcu_fd_sc_mcu7t5v0__dlyb_1)
                                                         net322 (net)
                      2.236038    0.003415   10.317660 v fanout321/I (gf180mcu_fd_sc_mcu7t5v0__dlyb_1)
     7    0.048221    1.032444    3.173269   13.490930 v fanout321/Z (gf180mcu_fd_sc_mcu7t5v0__dlyb_1)
                                                         net321 (net)
                      1.032444    0.000846   13.491776 v fanout320/I (gf180mcu_fd_sc_mcu7t5v0__dlyb_1)
    10    0.054961    1.128717    2.853055   16.344830 v fanout320/Z (gf180mcu_fd_sc_mcu7t5v0__dlyb_1)
                                                         net320 (net)
                      1.128717    0.000316   16.345146 v _1095_/A2 (gf180mcu_fd_sc_mcu7t5v0__and2_1)
     1    0.021746    0.465689    0.968198   17.313345 v _1095_/Z (gf180mcu_fd_sc_mcu7t5v0__and2_1)
                                                         net128 (net)
                      0.465689    0.001085   17.314430 v output128/I (gf180mcu_fd_sc_mcu7t5v0__buf_1)
     1    0.005884    0.219871    0.546322   17.860752 v output128/Z (gf180mcu_fd_sc_mcu7t5v0__buf_1)
                                                         net278 (net)
                      0.219871    0.000057   17.860809 v wire278/I (gf180mcu_fd_sc_mcu7t5v0__clkbuf_3)
     1    0.074082    0.596372    0.741192   18.602001 v wire278/Z (gf180mcu_fd_sc_mcu7t5v0__clkbuf_3)
                                                         cfg_data_o[23] (net)
                      0.596376    0.000929   18.602930 v cfg_data_o[23] (out)
                                             18.602930   data arrival time

                                 20.000000   20.000000   clock sys_clk (rise edge)
                                  0.000000   20.000000   clock network delay (propagated)
                                 -0.250000   19.750002   clock uncertainty
                                  0.000000   19.750002   clock reconvergence pessimism
                                 -2.000000   17.750002   output external delay
                                             17.750002   data required time
---------------------------------------------------------------------------------------------
                                             17.750002   data required time
                                            -18.602930   data arrival time
---------------------------------------------------------------------------------------------
                                             -0.852928   slack (VIOLATED)




===========================================================================
 report_check_types -max_slew -max_cap -max_fanout -violators
============================================================================
======================= min_ss_125C_4v50 Corner ===================================

max slew

Pin                                        Limit        Slew       Slack
------------------------------------------------------------------------
_1214_/ZN                               3.000000    4.586925   -1.586925 (VIOLATED)
fanout318/I                             3.000000    4.586925   -1.586925 (VIOLATED)
wire319/I                               3.000000    4.586925   -1.586925 (VIOLATED)
ANTENNA_2/I                             3.000000    3.649736   -0.649736 (VIOLATED)
_1225_/A2                               3.000000    3.649736   -0.649736 (VIOLATED)
_1232_/A2                               3.000000    3.649736   -0.649736 (VIOLATED)
_1236_/A2                               3.000000    3.649736   -0.649736 (VIOLATED)
_1238_/A2                               3.000000    3.649736   -0.649736 (VIOLATED)
_1243_/A2                               3.000000    3.649736   -0.649736 (VIOLATED)
_1249_/A2                               3.000000    3.649736   -0.649736 (VIOLATED)
_1259_/A2                               3.000000    3.649736   -0.649736 (VIOLATED)
_1262_/A2                               3.000000    3.649736   -0.649736 (VIOLATED)
fanout321/I                             3.000000    3.649736   -0.649736 (VIOLATED)
fanout322/Z                             3.000000    3.649736   -0.649736 (VIOLATED)
_1209_/ZN                               3.000000    3.547557   -0.547557 (VIOLATED)
_1227_/A2                               3.000000    3.547557   -0.547557 (VIOLATED)
_1241_/A2                               3.000000    3.547557   -0.547557 (VIOLATED)
_1248_/A2                               3.000000    3.547557   -0.547557 (VIOLATED)
_1211_/ZN                               3.000000    3.397552   -0.397553 (VIOLATED)
_1223_/A2                               3.000000    3.397552   -0.397553 (VIOLATED)
_1244_/A2                               3.000000    3.397552   -0.397553 (VIOLATED)
_1248_/B1                               3.000000    3.397552   -0.397553 (VIOLATED)
_1264_/B1                               3.000000    3.250032   -0.250032 (VIOLATED)
_1267_/B1                               3.000000    3.250030   -0.250030 (VIOLATED)
_1218_/ZN                               3.000000    3.250015   -0.250015 (VIOLATED)
fanout313/I                             3.000000    3.250015   -0.250015 (VIOLATED)
_1232_/ZN                               3.000000    3.235929   -0.235929 (VIOLATED)
_1234_/A2                               3.000000    3.235929   -0.235929 (VIOLATED)

max fanout

Pin                                   Limit Fanout  Slack
---------------------------------------------------------
clkbuf_0_periph_clk_i/Z                  10     16     -6 (VIOLATED)
clkbuf_0_sys_clk_i/Z                     10     16     -6 (VIOLATED)



===========================================================================
report_parasitic_annotation -report_unannotated
============================================================================
Found 45 unannotated drivers.
 data_tx_i[10]
 data_tx_i[11]
 data_tx_i[12]
 data_tx_i[13]
 data_tx_i[14]
 data_tx_i[15]
 data_tx_i[16]
 data_tx_i[17]
 data_tx_i[18]
 data_tx_i[19]
 data_tx_i[20]
 data_tx_i[21]
 data_tx_i[22]
 data_tx_i[23]
 data_tx_i[24]
 data_tx_i[25]
 data_tx_i[26]
 data_tx_i[27]
 data_tx_i[28]
 data_tx_i[29]
 data_tx_i[30]
 data_tx_i[31]
 data_tx_i[8]
 data_tx_i[9]
 clkload0/Z
 clkload1/Z
 clkload10/Z
 clkload11/Z
 clkload12/Z
 clkload13/Z
 clkload14/Z
 clkload15/Z
 clkload16/Z
 clkload17/Z
 clkload18/Z
 clkload19/Z
 clkload2/Z
 clkload20/Z
 clkload3/Z
 clkload4/Z
 clkload5/Z
 clkload6/Z
 clkload7/Z
 clkload8/Z
 clkload9/Z
Found 0 partially unannotated drivers.

===========================================================================
max slew violation count 28
max fanout violation count 2
max cap violation count 0
============================================================================

===========================================================================
check_setup -verbose -unconstrained_endpoints -multiple_clock -no_clock -no_input_delay -loops -generated_clocks
===========================================================================
Warning: There is 1 input port missing set_input_delay.
  rstn_i
