Clock: sys_clk
Sources: sys_clk_i 
Generated: no
Virtual: yes
Propagated: no
Period: 20.000000

===========================================================================
report_clock_properties
============================================================================
Clock                   Period          Waveform
----------------------------------------------------
sys_clk              20.000000    0.000000 10.000000

===========================================================================
report_clock_latency
============================================================================
Clock sys_clk
rise -> rise
    min     max
0.000000 0.000000 source latency
2.243823         network latency _2067_/CLK
        2.292481 network latency _1919_/CLK
---------------
2.243823 2.292481 latency
        0.048658 skew

fall -> fall
    min     max
0.000000 0.000000 source latency
2.205890         network latency _2067_/CLK
        2.259656 network latency _1919_/CLK
---------------
2.205890 2.259656 latency
        0.053766 skew



===========================================================================
report_clock_min_period
============================================================================
sys_clk period_min = 11.38 fmax = 87.90
Clock: periph_clk
Sources: periph_clk_i 
Generated: no
Virtual: yes
Propagated: no
Period: 20.000000

===========================================================================
report_clock_properties
============================================================================
Clock                   Period          Waveform
----------------------------------------------------
periph_clk           20.000000    0.000000 10.000000

===========================================================================
report_clock_latency
============================================================================
Clock periph_clk
rise -> rise
    min     max
0.000000 0.000000 source latency
2.175335         network latency _1848_/CLK
        2.227453 network latency _1798_/CLK
---------------
2.175335 2.227453 latency
        0.052117 skew

fall -> fall
    min     max
0.000000 0.000000 source latency
2.144022         network latency _1848_/CLK
        2.202292 network latency _1798_/CLK
---------------
2.144022 2.202292 latency
        0.058270 skew



===========================================================================
report_clock_min_period
============================================================================
periph_clk period_min = 15.70 fmax = 63.71
