
===========================================================================
report_checks -unconstrained
===========================================================================
======================= nom_tt_025C_5v00 Corner ===================================

Startpoint: rstn_i (input port clocked by clk_i)
Endpoint: _301_ (recovery check against rising-edge clock clk_i)
Path Group: asynchronous
Path Type: max

Fanout         Cap        Slew       Delay        Time   Description
---------------------------------------------------------------------------------------------
                                  0.000000    0.000000   clock clk_i (rise edge)
                                  0.000000    0.000000   clock network delay (propagated)
                                  4.000000    4.000000 ^ input external delay
    32    0.261772    4.238883    2.444400    6.444400 ^ rstn_i (in)
                                                         rstn_i (net)
                      4.238914    0.000000    6.444400 ^ _301_/RN (gf180mcu_fd_sc_mcu7t5v0__dffrnq_1)
                                              6.444400   data arrival time

                                 20.000000   20.000000   clock clk_i (rise edge)
                                  0.000000   20.000000   clock source latency
    32    0.143153    0.609247    0.338110   20.338110 ^ clk_i (in)
                                                         clk_i (net)
                      0.609247    0.000000   20.338110 ^ _301_/CLK (gf180mcu_fd_sc_mcu7t5v0__dffrnq_1)
                                 -0.250000   20.088112   clock uncertainty
                                  0.000000   20.088112   clock reconvergence pessimism
                                 -1.123424   18.964685   library recovery time
                                             18.964685   data required time
---------------------------------------------------------------------------------------------
                                             18.964685   data required time
                                             -6.444400   data arrival time
---------------------------------------------------------------------------------------------
                                             12.520287   slack (MET)


Startpoint: cfg_en_i (input port clocked by clk_i)
Endpoint: tx_ready_o (output port clocked by clk_i)
Path Group: clk_i
Path Type: max

Fanout         Cap        Slew       Delay        Time   Description
---------------------------------------------------------------------------------------------
                                  0.000000    0.000000   clock clk_i (rise edge)
                                  0.000000    0.000000   clock network delay (propagated)
                                  4.000000    4.000000 ^ input external delay
     1    0.005199    0.135698    0.051302    4.051301 ^ cfg_en_i (in)
                                                         cfg_en_i (net)
                      0.135698    0.000000    4.051301 ^ _141_/I (gf180mcu_fd_sc_mcu7t5v0__clkinv_1)
     4    0.018482    0.334415    0.242892    4.294194 v _141_/ZN (gf180mcu_fd_sc_mcu7t5v0__clkinv_1)
                                                         _034_ (net)
                      0.334415    0.000007    4.294201 v _175_/A1 (gf180mcu_fd_sc_mcu7t5v0__nor2_1)
     1    0.073976    2.348947    1.380881    5.675081 ^ _175_/ZN (gf180mcu_fd_sc_mcu7t5v0__nor2_1)
                                                         tx_ready_o (net)
                      2.348947    0.000364    5.675445 ^ tx_ready_o (out)
                                              5.675445   data arrival time

                                 20.000000   20.000000   clock clk_i (rise edge)
                                  0.000000   20.000000   clock network delay (propagated)
                                 -0.250000   19.750002   clock uncertainty
                                  0.000000   19.750002   clock reconvergence pessimism
                                 -4.000000   15.750001   output external delay
                                             15.750001   data required time
---------------------------------------------------------------------------------------------
                                             15.750001   data required time
                                             -5.675445   data arrival time
---------------------------------------------------------------------------------------------
                                             10.074555   slack (MET)




===========================================================================
report_checks --slack_max -0.01
============================================================================
======================= nom_tt_025C_5v00 Corner ===================================

No paths found.


===========================================================================
 report_check_types -max_slew -max_cap -max_fanout -violators
============================================================================
======================= nom_tt_025C_5v00 Corner ===================================

max slew

Pin                                        Limit        Slew       Slack
------------------------------------------------------------------------
_301_/RN                                3.000000    4.238914   -1.238914 (VIOLATED)
_302_/RN                                3.000000    4.238914   -1.238914 (VIOLATED)
_303_/RN                                3.000000    4.238914   -1.238913 (VIOLATED)
_304_/RN                                3.000000    4.238914   -1.238914 (VIOLATED)
_305_/RN                                3.000000    4.238912   -1.238912 (VIOLATED)
_306_/RN                                3.000000    4.238911   -1.238911 (VIOLATED)
_308_/RN                                3.000000    4.238911   -1.238911 (VIOLATED)
_307_/RN                                3.000000    4.238907   -1.238907 (VIOLATED)
_278_/RN                                3.000000    4.238904   -1.238904 (VIOLATED)
_293_/RN                                3.000000    4.238904   -1.238904 (VIOLATED)
_297_/RN                                3.000000    4.238904   -1.238904 (VIOLATED)
_298_/RN                                3.000000    4.238904   -1.238905 (VIOLATED)
_299_/RN                                3.000000    4.238904   -1.238905 (VIOLATED)
_295_/RN                                3.000000    4.238902   -1.238902 (VIOLATED)
_296_/RN                                3.000000    4.238903   -1.238903 (VIOLATED)
_300_/RN                                3.000000    4.238904   -1.238904 (VIOLATED)
_309_/RN                                3.000000    4.238903   -1.238903 (VIOLATED)
_294_/RN                                3.000000    4.238901   -1.238901 (VIOLATED)
_281_/SETN                              3.000000    4.238899   -1.238899 (VIOLATED)
_288_/SETN                              3.000000    4.238897   -1.238897 (VIOLATED)
rstn_i                                  3.000000    4.238883   -1.238883 (VIOLATED)
_279_/RN                                3.000000    4.238883   -1.238883 (VIOLATED)
_280_/RN                                3.000000    4.238883   -1.238883 (VIOLATED)
_282_/SETN                              3.000000    4.238883   -1.238883 (VIOLATED)
_283_/SETN                              3.000000    4.238883   -1.238883 (VIOLATED)
_284_/SETN                              3.000000    4.238883   -1.238883 (VIOLATED)
_285_/SETN                              3.000000    4.238883   -1.238883 (VIOLATED)
_286_/SETN                              3.000000    4.238883   -1.238883 (VIOLATED)
_287_/SETN                              3.000000    4.238883   -1.238883 (VIOLATED)
_289_/RN                                3.000000    4.238883   -1.238883 (VIOLATED)
_290_/RN                                3.000000    4.238883   -1.238883 (VIOLATED)
_291_/RN                                3.000000    4.238883   -1.238883 (VIOLATED)
_292_/RN                                3.000000    4.238883   -1.238883 (VIOLATED)

max fanout

Pin                                   Limit Fanout  Slack
---------------------------------------------------------
clk_i                                    10     32    -22 (VIOLATED)
rstn_i                                   10     32    -22 (VIOLATED)
_176_/ZN                                 10     15     -5 (VIOLATED)

max capacitance

Pin                                        Limit         Cap       Slack
------------------------------------------------------------------------
rstn_i                                  0.200000    0.261772   -0.061772 (VIOLATED)



===========================================================================
report_parasitic_annotation -report_unannotated
============================================================================
Found 0 unannotated drivers.
Found 0 partially unannotated drivers.

===========================================================================
max slew violation count 33
Writing metric design__max_slew_violation__count__corner:nom_tt_025C_5v00: 33
max fanout violation count 3
Writing metric design__max_fanout_violation__count__corner:nom_tt_025C_5v00: 3
max cap violation count 1
Writing metric design__max_cap_violation__count__corner:nom_tt_025C_5v00: 1
============================================================================

===========================================================================
check_setup -verbose -unconstrained_endpoints -multiple_clock -no_clock -no_input_delay -loops -generated_clocks
===========================================================================
