Clock: clk_i
Sources: clk_i 
Generated: no
Virtual: yes
Propagated: no
Period: 20.000000

===========================================================================
report_clock_properties
============================================================================
Clock                   Period          Waveform
----------------------------------------------------
clk_i                20.000000    0.000000 10.000000

===========================================================================
report_clock_latency
============================================================================
Clock clk_i
rise -> rise
    min     max
0.000000 0.000000 source latency
0.338109         network latency _301_/CLK
        0.340442 network latency _291_/CLK
---------------
0.338109 0.340442 latency
        0.002332 skew

fall -> fall
    min     max
0.000000 0.000000 source latency
0.210969         network latency _301_/CLK
        0.213300 network latency _291_/CLK
---------------
0.210969 0.213300 latency
        0.002331 skew



===========================================================================
report_clock_min_period
============================================================================
clk_i period_min = 4.96 fmax = 201.55
