
===========================================================================
report_checks -unconstrained
===========================================================================
======================= max_tt_025C_5v00 Corner ===================================

Startpoint: _2030_ (rising edge-triggered flip-flop clocked by sys_clk)
Endpoint: _2067_ (recovery check against rising-edge clock sys_clk)
Path Group: asynchronous
Path Type: max

Fanout         Cap        Slew       Delay        Time   Description
---------------------------------------------------------------------------------------------
                                  0.000000    0.000000   clock sys_clk (rise edge)
                                  0.000000    0.000000   clock source latency
     1    0.058310    0.266167    0.143871    0.143871 ^ sys_clk_i (in)
                                                         sys_clk_i (net)
                      0.266569    0.000000    0.143871 ^ clkbuf_0_sys_clk_i/I (gf180mcu_fd_sc_mcu7t5v0__clkbuf_16)
    16    0.297800    0.317943    0.397914    0.541785 ^ clkbuf_0_sys_clk_i/Z (gf180mcu_fd_sc_mcu7t5v0__clkbuf_16)
                                                         clknet_0_sys_clk_i (net)
                      0.329744    0.028625    0.570410 ^ clkbuf_4_7_0_sys_clk_i/I (gf180mcu_fd_sc_mcu7t5v0__clkbuf_8)
     2    0.051112    0.159514    0.321034    0.891445 ^ clkbuf_4_7_0_sys_clk_i/Z (gf180mcu_fd_sc_mcu7t5v0__clkbuf_8)
                                                         clknet_4_7_0_sys_clk_i (net)
                      0.159516    0.001082    0.892527 ^ clkbuf_5_14__f_sys_clk_i/I (gf180mcu_fd_sc_mcu7t5v0__clkbuf_16)
     6    0.044335    0.110324    0.252787    1.145314 ^ clkbuf_5_14__f_sys_clk_i/Z (gf180mcu_fd_sc_mcu7t5v0__clkbuf_16)
                                                         clknet_5_14__leaf_sys_clk_i (net)
                      0.110328    0.001153    1.146467 ^ _2030_/CLK (gf180mcu_fd_sc_mcu7t5v0__dffrnq_1)
     2    0.025639    0.291078    0.827257    1.973724 v _2030_/Q (gf180mcu_fd_sc_mcu7t5v0__dffrnq_1)
                                                         s_uart_rx_clean_fifo (net)
                      0.291090    0.001174    1.974898 v _0923_/A2 (gf180mcu_fd_sc_mcu7t5v0__nor2_1)
     2    0.019433    0.681025    0.467423    2.442321 ^ _0923_/ZN (gf180mcu_fd_sc_mcu7t5v0__nor2_1)
                                                         u_dc_fifo_rx.dst_rstn_i (net)
                      0.681025    0.000236    2.442557 ^ fanout356/I (gf180mcu_fd_sc_mcu7t5v0__buf_1)
     8    0.082204    1.365366    0.979781    3.422338 ^ fanout356/Z (gf180mcu_fd_sc_mcu7t5v0__buf_1)
                                                         net356 (net)
                      1.365411    0.004426    3.426764 ^ fanout352/I (gf180mcu_fd_sc_mcu7t5v0__dlyb_1)
     2    0.016377    0.332702    1.001285    4.428049 ^ fanout352/Z (gf180mcu_fd_sc_mcu7t5v0__dlyb_1)
                                                         net352 (net)
                      0.332702    0.000199    4.428248 ^ load_slew353/I (gf180mcu_fd_sc_mcu7t5v0__clkbuf_4)
     9    0.091544    0.403370    0.487427    4.915675 ^ load_slew353/Z (gf180mcu_fd_sc_mcu7t5v0__clkbuf_4)
                                                         net353 (net)
                      0.403451    0.003133    4.918808 ^ _2067_/SETN (gf180mcu_fd_sc_mcu7t5v0__dffsnq_1)
                                              4.918808   data arrival time

                                 20.000000   20.000000   clock sys_clk (rise edge)
                                  0.000000   20.000000   clock source latency
     1    0.058310    0.266167    0.143871   20.143871 ^ sys_clk_i (in)
                                                         sys_clk_i (net)
                      0.266569    0.000000   20.143871 ^ clkbuf_0_sys_clk_i/I (gf180mcu_fd_sc_mcu7t5v0__clkbuf_16)
    16    0.297800    0.317943    0.397915   20.541786 ^ clkbuf_0_sys_clk_i/Z (gf180mcu_fd_sc_mcu7t5v0__clkbuf_16)
                                                         clknet_0_sys_clk_i (net)
                      0.329576    0.028328   20.570114 ^ clkbuf_4_4_0_sys_clk_i/I (gf180mcu_fd_sc_mcu7t5v0__clkbuf_8)
     2    0.049856    0.157520    0.319654   20.889767 ^ clkbuf_4_4_0_sys_clk_i/Z (gf180mcu_fd_sc_mcu7t5v0__clkbuf_8)
                                                         clknet_4_4_0_sys_clk_i (net)
                      0.157520    0.000588   20.890354 ^ clkbuf_5_8__f_sys_clk_i/I (gf180mcu_fd_sc_mcu7t5v0__clkbuf_16)
     6    0.032420    0.100051    0.244651   21.135006 ^ clkbuf_5_8__f_sys_clk_i/Z (gf180mcu_fd_sc_mcu7t5v0__clkbuf_16)
                                                         clknet_5_8__leaf_sys_clk_i (net)
                      0.100051    0.000142   21.135147 ^ _2067_/CLK (gf180mcu_fd_sc_mcu7t5v0__dffsnq_1)
                                 -0.250000   20.885149   clock uncertainty
                                  0.000000   20.885149   clock reconvergence pessimism
                                 -0.012501   20.872646   library recovery time
                                             20.872646   data required time
---------------------------------------------------------------------------------------------
                                             20.872646   data required time
                                             -4.918808   data arrival time
---------------------------------------------------------------------------------------------
                                             15.953837   slack (MET)


Startpoint: _1968_ (rising edge-triggered flip-flop clocked by periph_clk)
Endpoint: _1772_ (rising edge-triggered flip-flop clocked by periph_clk)
Path Group: periph_clk
Path Type: max

Fanout         Cap        Slew       Delay        Time   Description
---------------------------------------------------------------------------------------------
                                  0.000000    0.000000   clock periph_clk (rise edge)
                                  0.000000    0.000000   clock source latency
     1    0.053902    0.249662    0.132562    0.132562 ^ periph_clk_i (in)
                                                         periph_clk_i (net)
                      0.249761    0.000000    0.132562 ^ clkbuf_0_periph_clk_i/I (gf180mcu_fd_sc_mcu7t5v0__clkbuf_16)
    16    0.261332    0.306501    0.402997    0.535559 ^ clkbuf_0_periph_clk_i/Z (gf180mcu_fd_sc_mcu7t5v0__clkbuf_16)
                                                         clknet_0_periph_clk_i (net)
                      0.306589    0.004600    0.540160 ^ clkbuf_4_1_0_periph_clk_i/I (gf180mcu_fd_sc_mcu7t5v0__clkbuf_8)
     2    0.048996    0.155624    0.313221    0.853380 ^ clkbuf_4_1_0_periph_clk_i/Z (gf180mcu_fd_sc_mcu7t5v0__clkbuf_8)
                                                         clknet_4_1_0_periph_clk_i (net)
                      0.155626    0.001117    0.854497 ^ clkbuf_5_2__f_periph_clk_i/I (gf180mcu_fd_sc_mcu7t5v0__clkbuf_16)
     6    0.031952    0.099629    0.243944    1.098441 ^ clkbuf_5_2__f_periph_clk_i/Z (gf180mcu_fd_sc_mcu7t5v0__clkbuf_16)
                                                         clknet_5_2__leaf_periph_clk_i (net)
                      0.099629    0.000343    1.098785 ^ _1968_/CLK (gf180mcu_fd_sc_mcu7t5v0__dffrnq_1)
    10    0.056159    0.954560    1.365038    2.463822 ^ _1968_/Q (gf180mcu_fd_sc_mcu7t5v0__dffrnq_1)
                                                         u_uart_rx.CS[1] (net)
                      0.954569    0.001676    2.465498 ^ _1003_/A2 (gf180mcu_fd_sc_mcu7t5v0__nor2_1)
     2    0.010058    0.409314    0.266936    2.732434 v _1003_/ZN (gf180mcu_fd_sc_mcu7t5v0__nor2_1)
                                                         _0783_ (net)
                      0.409314    0.000089    2.732523 v _1005_/A4 (gf180mcu_fd_sc_mcu7t5v0__nand4_1)
     3    0.026614    0.866059    0.628954    3.361477 ^ _1005_/ZN (gf180mcu_fd_sc_mcu7t5v0__nand4_1)
                                                         _0785_ (net)
                      0.866060    0.001072    3.362549 ^ _1077_/B (gf180mcu_fd_sc_mcu7t5v0__aoi21_1)
     1    0.005035    0.409303    0.276769    3.639318 v _1077_/ZN (gf180mcu_fd_sc_mcu7t5v0__aoi21_1)
                                                         _0851_ (net)
                      0.409303    0.000106    3.639424 v fanout315/I (gf180mcu_fd_sc_mcu7t5v0__dlyb_1)
     8    0.082253    0.883580    1.637298    5.276722 v fanout315/Z (gf180mcu_fd_sc_mcu7t5v0__dlyb_1)
                                                         net315 (net)
                      0.883580    0.000752    5.277474 v fanout314/I (gf180mcu_fd_sc_mcu7t5v0__buf_1)
    10    0.083203    0.828801    0.952706    6.230180 v fanout314/Z (gf180mcu_fd_sc_mcu7t5v0__buf_1)
                                                         net314 (net)
                      0.828809    0.001494    6.231674 v _1078_/I (gf180mcu_fd_sc_mcu7t5v0__clkinv_1)
     3    0.024352    0.532917    0.480084    6.711758 ^ _1078_/ZN (gf180mcu_fd_sc_mcu7t5v0__clkinv_1)
                                                         _0852_ (net)
                      0.532917    0.000520    6.712278 ^ _1278_/A2 (gf180mcu_fd_sc_mcu7t5v0__nor2_1)
     2    0.025429    0.489847    0.381253    7.093532 v _1278_/ZN (gf180mcu_fd_sc_mcu7t5v0__nor2_1)
                                                         _0408_ (net)
                      0.489849    0.000504    7.094036 v max_cap536/I (gf180mcu_fd_sc_mcu7t5v0__buf_1)
     3    0.033106    0.362242    0.547930    7.641966 v max_cap536/Z (gf180mcu_fd_sc_mcu7t5v0__buf_1)
                                                         net536 (net)
                      0.362249    0.000888    7.642855 v max_cap227/I (gf180mcu_fd_sc_mcu7t5v0__buf_2)
     4    0.061701    0.327918    0.458817    8.101671 v max_cap227/Z (gf180mcu_fd_sc_mcu7t5v0__buf_2)
                                                         net227 (net)
                      0.327982    0.002591    8.104262 v _1281_/S (gf180mcu_fd_sc_mcu7t5v0__mux2_2)
     1    0.003962    0.104379    0.419372    8.523635 ^ _1281_/Z (gf180mcu_fd_sc_mcu7t5v0__mux2_2)
                                                         _0046_ (net)
                      0.104379    0.000043    8.523677 ^ _1772_/D (gf180mcu_fd_sc_mcu7t5v0__dffrnq_1)
                                              8.523677   data arrival time

                                 20.000000   20.000000   clock periph_clk (rise edge)
                                  0.000000   20.000000   clock source latency
     1    0.053902    0.249662    0.132562   20.132563 ^ periph_clk_i (in)
                                                         periph_clk_i (net)
                      0.249761    0.000000   20.132563 ^ clkbuf_0_periph_clk_i/I (gf180mcu_fd_sc_mcu7t5v0__clkbuf_16)
    16    0.261332    0.306501    0.402997   20.535559 ^ clkbuf_0_periph_clk_i/Z (gf180mcu_fd_sc_mcu7t5v0__clkbuf_16)
                                                         clknet_0_periph_clk_i (net)
                      0.306667    0.005898   20.541456 ^ clkbuf_4_7_0_periph_clk_i/I (gf180mcu_fd_sc_mcu7t5v0__clkbuf_8)
     2    0.048977    0.155738    0.313575   20.855032 ^ clkbuf_4_7_0_periph_clk_i/Z (gf180mcu_fd_sc_mcu7t5v0__clkbuf_8)
                                                         clknet_4_7_0_periph_clk_i (net)
                      0.155738    0.000497   20.855530 ^ clkbuf_5_15__f_periph_clk_i/I (gf180mcu_fd_sc_mcu7t5v0__clkbuf_16)
     5    0.023536    0.091812    0.237705   21.093235 ^ clkbuf_5_15__f_periph_clk_i/Z (gf180mcu_fd_sc_mcu7t5v0__clkbuf_16)
                                                         clknet_5_15__leaf_periph_clk_i (net)
                      0.091812    0.000039   21.093273 ^ _1772_/CLK (gf180mcu_fd_sc_mcu7t5v0__dffrnq_1)
                                 -0.250000   20.843275   clock uncertainty
                                  0.000000   20.843275   clock reconvergence pessimism
                                 -0.301267   20.542007   library setup time
                                             20.542007   data required time
---------------------------------------------------------------------------------------------
                                             20.542007   data required time
                                             -8.523677   data arrival time
---------------------------------------------------------------------------------------------
                                             12.018331   slack (MET)


Startpoint: cfg_rwn_i (input port clocked by sys_clk)
Endpoint: cfg_data_o[0] (output port clocked by sys_clk)
Path Group: sys_clk
Path Type: max

Fanout         Cap        Slew       Delay        Time   Description
---------------------------------------------------------------------------------------------
                                  0.000000    0.000000   clock sys_clk (rise edge)
                                  0.000000    0.000000   clock network delay (propagated)
                                  2.000000    2.000000 ^ input external delay
     1    0.007598    0.171235    0.074402    2.074403 ^ cfg_rwn_i (in)
                                                         cfg_rwn_i (net)
                      0.171235    0.000000    2.074403 ^ input38/I (gf180mcu_fd_sc_mcu7t5v0__dlyb_1)
     8    0.060054    1.012576    1.397165    3.471568 ^ input38/Z (gf180mcu_fd_sc_mcu7t5v0__dlyb_1)
                                                         net38 (net)
                      1.012602    0.002859    3.474427 ^ _1206_/A1 (gf180mcu_fd_sc_mcu7t5v0__nand3_1)
     3    0.014095    0.517441    0.365755    3.840182 v _1206_/ZN (gf180mcu_fd_sc_mcu7t5v0__nand3_1)
                                                         _0352_ (net)
                      0.517441    0.000179    3.840361 v _1210_/A2 (gf180mcu_fd_sc_mcu7t5v0__or2_1)
     3    0.018882    0.293689    0.607764    4.448125 v _1210_/Z (gf180mcu_fd_sc_mcu7t5v0__or2_1)
                                                         _0356_ (net)
                      0.293689    0.000339    4.448463 v _1214_/A4 (gf180mcu_fd_sc_mcu7t5v0__nor4_1)
     1    0.012198    1.022854    0.695693    5.144157 ^ _1214_/ZN (gf180mcu_fd_sc_mcu7t5v0__nor4_1)
                                                         _0360_ (net)
                      1.022854    0.000404    5.144560 ^ wire334/I (gf180mcu_fd_sc_mcu7t5v0__dlyb_1)
     2    0.019606    0.380762    1.046939    6.191500 ^ wire334/Z (gf180mcu_fd_sc_mcu7t5v0__dlyb_1)
                                                         net334 (net)
                      0.380762    0.000391    6.191891 ^ fanout331/I (gf180mcu_fd_sc_mcu7t5v0__buf_1)
    10    0.134818    2.209821    1.452131    7.644022 ^ fanout331/Z (gf180mcu_fd_sc_mcu7t5v0__buf_1)
                                                         net331 (net)
                      2.209821    0.000773    7.644795 ^ _1223_/B1 (gf180mcu_fd_sc_mcu7t5v0__aoi222_1)
     1    0.019062    0.993136    0.489085    8.133881 v _1223_/ZN (gf180mcu_fd_sc_mcu7t5v0__aoi222_1)
                                                         _0369_ (net)
                      0.993136    0.000831    8.134712 v wire311/I (gf180mcu_fd_sc_mcu7t5v0__dlyb_1)
     1    0.014219    0.295996    1.368858    9.503570 v wire311/Z (gf180mcu_fd_sc_mcu7t5v0__dlyb_1)
                                                         net311 (net)
                      0.295996    0.000498    9.504068 v _1229_/A1 (gf180mcu_fd_sc_mcu7t5v0__nand3_1)
     1    0.019187    0.553294    0.369406    9.873474 ^ _1229_/ZN (gf180mcu_fd_sc_mcu7t5v0__nand3_1)
                                                         net113 (net)
                      0.553295    0.000819    9.874292 ^ output113/I (gf180mcu_fd_sc_mcu7t5v0__buf_1)
     1    0.022800    0.418132    0.427626   10.301919 ^ output113/Z (gf180mcu_fd_sc_mcu7t5v0__buf_1)
                                                         net222 (net)
                      0.418133    0.001009   10.302928 ^ wire222/I (gf180mcu_fd_sc_mcu7t5v0__clkbuf_3)
     1    0.081890    0.367818    0.485830   10.788757 ^ wire222/Z (gf180mcu_fd_sc_mcu7t5v0__clkbuf_3)
                                                         cfg_data_o[0] (net)
                      0.367862    0.002393   10.791150 ^ cfg_data_o[0] (out)
                                             10.791150   data arrival time

                                 20.000000   20.000000   clock sys_clk (rise edge)
                                  0.000000   20.000000   clock network delay (propagated)
                                 -0.250000   19.750002   clock uncertainty
                                  0.000000   19.750002   clock reconvergence pessimism
                                 -2.000000   17.750002   output external delay
                                             17.750002   data required time
---------------------------------------------------------------------------------------------
                                             17.750002   data required time
                                            -10.791150   data arrival time
---------------------------------------------------------------------------------------------
                                              6.958850   slack (MET)




===========================================================================
report_checks --slack_max -0.01
============================================================================
======================= max_tt_025C_5v00 Corner ===================================

No paths found.


===========================================================================
 report_check_types -max_slew -max_cap -max_fanout -violators
============================================================================
======================= max_tt_025C_5v00 Corner ===================================

max fanout

Pin                                   Limit Fanout  Slack
---------------------------------------------------------
clkbuf_0_periph_clk_i/Z                  10     16     -6 (VIOLATED)
clkbuf_0_sys_clk_i/Z                     10     16     -6 (VIOLATED)
fanout339/Z                              10     11        (VIOLATED)

max capacitance

Pin                                        Limit         Cap       Slack
------------------------------------------------------------------------
clkbuf_0_sys_clk_i/Z                    0.200000    0.297800   -0.097800 (VIOLATED)
clkbuf_0_periph_clk_i/Z                 0.200000    0.261332   -0.061332 (VIOLATED)



===========================================================================
report_parasitic_annotation -report_unannotated
============================================================================
Found 45 unannotated drivers.
 data_tx_i[10]
 data_tx_i[11]
 data_tx_i[12]
 data_tx_i[13]
 data_tx_i[14]
 data_tx_i[15]
 data_tx_i[16]
 data_tx_i[17]
 data_tx_i[18]
 data_tx_i[19]
 data_tx_i[20]
 data_tx_i[21]
 data_tx_i[22]
 data_tx_i[23]
 data_tx_i[24]
 data_tx_i[25]
 data_tx_i[26]
 data_tx_i[27]
 data_tx_i[28]
 data_tx_i[29]
 data_tx_i[30]
 data_tx_i[31]
 data_tx_i[8]
 data_tx_i[9]
 clkload0/Z
 clkload1/Z
 clkload10/Z
 clkload11/Z
 clkload12/Z
 clkload13/Z
 clkload14/Z
 clkload15/Z
 clkload16/Z
 clkload17/Z
 clkload18/Z
 clkload19/Z
 clkload2/Z
 clkload20/Z
 clkload3/Z
 clkload4/Z
 clkload5/Z
 clkload6/Z
 clkload7/Z
 clkload8/Z
 clkload9/Z
Found 0 partially unannotated drivers.

===========================================================================
max slew violation count 0
max fanout violation count 3
max cap violation count 2
============================================================================

===========================================================================
check_setup -verbose -unconstrained_endpoints -multiple_clock -no_clock -no_input_delay -loops -generated_clocks
===========================================================================
Warning: There is 1 input port missing set_input_delay.
  rstn_i
