Clock: sys_clk
Sources: sys_clk_i 
Generated: no
Virtual: yes
Propagated: no
Period: 20.000000

===========================================================================
report_clock_properties
============================================================================
Clock                   Period          Waveform
----------------------------------------------------
sys_clk              20.000000    0.000000 10.000000

===========================================================================
report_clock_latency
============================================================================
Clock sys_clk
rise -> rise
    min     max
0.000000 0.000000 source latency
1.125585         network latency _2025_/CLK
        1.188565 network latency _1950_/CLK
---------------
1.125585 1.188565 latency
        0.062980 skew

fall -> fall
    min     max
0.000000 0.000000 source latency
1.088472         network latency _2025_/CLK
        1.154626 network latency _1950_/CLK
---------------
1.088472 1.154626 latency
        0.066153 skew



===========================================================================
report_clock_min_period
============================================================================
sys_clk period_min = 6.09 fmax = 164.15
Clock: periph_clk
Sources: periph_clk_i 
Generated: no
Virtual: yes
Propagated: no
Period: 20.000000

===========================================================================
report_clock_properties
============================================================================
Clock                   Period          Waveform
----------------------------------------------------
periph_clk           20.000000    0.000000 10.000000

===========================================================================
report_clock_latency
============================================================================
Clock periph_clk
rise -> rise
    min     max
0.000000 0.000000 source latency
1.090863         network latency _2079_/CLK
        1.106386 network latency _1798_/CLK
---------------
1.090863 1.106386 latency
        0.015523 skew

fall -> fall
    min     max
0.000000 0.000000 source latency
1.056530         network latency _2021_/CLK
        1.074378 network latency _1798_/CLK
---------------
1.056530 1.074378 latency
        0.017848 skew



===========================================================================
report_clock_min_period
============================================================================
periph_clk period_min = 7.98 fmax = 125.29
