
===========================================================================
report_checks -unconstrained
===========================================================================
======================= nom_tt_025C_5v00 Corner ===================================

Startpoint: _2030_ (rising edge-triggered flip-flop clocked by sys_clk)
Endpoint: _2067_ (recovery check against rising-edge clock sys_clk)
Path Group: asynchronous
Path Type: max

Fanout         Cap        Slew       Delay        Time   Description
---------------------------------------------------------------------------------------------
                      0.150000    0.000000    0.000000   clock sys_clk (rise edge)
                                  0.000000    0.000000   clock network delay (ideal)
                      0.150000    0.000000    0.000000 ^ _2030_/CLK (gf180mcu_fd_sc_mcu7t5v0__dffrnq_1)
     2    0.020288    0.244249    0.802862    0.802862 v _2030_/Q (gf180mcu_fd_sc_mcu7t5v0__dffrnq_1)
                                                         s_uart_rx_clean_fifo (net)
                      0.244249    0.000861    0.803724 v _0923_/A2 (gf180mcu_fd_sc_mcu7t5v0__nor2_1)
     2    0.012733    0.488266    0.349073    1.152797 ^ _0923_/ZN (gf180mcu_fd_sc_mcu7t5v0__nor2_1)
                                                         u_dc_fifo_rx.dst_rstn_i (net)
                      0.488266    0.000293    1.153090 ^ fanout336/I (gf180mcu_fd_sc_mcu7t5v0__dlyd_1)
     1    0.009309    0.227008    2.287435    3.440526 ^ fanout336/Z (gf180mcu_fd_sc_mcu7t5v0__dlyd_1)
                                                         net336 (net)
                      0.227009    0.000246    3.440772 ^ wire338/I (gf180mcu_fd_sc_mcu7t5v0__clkbuf_2)
     5    0.041112    0.365313    0.421873    3.862644 ^ wire338/Z (gf180mcu_fd_sc_mcu7t5v0__clkbuf_2)
                                                         net338 (net)
                      0.365357    0.002215    3.864859 ^ load_slew337/I (gf180mcu_fd_sc_mcu7t5v0__clkbuf_2)
     4    0.032489    0.301635    0.409787    4.274646 ^ load_slew337/Z (gf180mcu_fd_sc_mcu7t5v0__clkbuf_2)
                                                         net337 (net)
                      0.301635    0.000595    4.275240 ^ fanout329/I (gf180mcu_fd_sc_mcu7t5v0__dlyd_1)
     2    0.013087    0.282659    2.315098    6.590338 ^ fanout329/Z (gf180mcu_fd_sc_mcu7t5v0__dlyd_1)
                                                         net329 (net)
                      0.282659    0.000143    6.590481 ^ load_slew332/I (gf180mcu_fd_sc_mcu7t5v0__clkbuf_2)
     4    0.035513    0.323377    0.408131    6.998612 ^ load_slew332/Z (gf180mcu_fd_sc_mcu7t5v0__clkbuf_2)
                                                         net332 (net)
                      0.323383    0.001277    6.999890 ^ load_slew331/I (gf180mcu_fd_sc_mcu7t5v0__clkbuf_2)
     4    0.029809    0.281454    0.390636    7.390525 ^ load_slew331/Z (gf180mcu_fd_sc_mcu7t5v0__clkbuf_2)
                                                         net331 (net)
                      0.281454    0.000368    7.390893 ^ load_slew330/I (gf180mcu_fd_sc_mcu7t5v0__buf_2)
     3    0.025682    0.244946    0.295413    7.686306 ^ load_slew330/Z (gf180mcu_fd_sc_mcu7t5v0__buf_2)
                                                         net330 (net)
                      0.244946    0.000472    7.686778 ^ _2067_/SETN (gf180mcu_fd_sc_mcu7t5v0__dffsnq_1)
                                              7.686778   data arrival time

                      0.150000   20.000000   20.000000   clock sys_clk (rise edge)
                                  0.000000   20.000000   clock network delay (ideal)
                                 -0.250000   19.750002   clock uncertainty
                                  0.000000   19.750002   clock reconvergence pessimism
                                             19.750002 ^ _2067_/CLK (gf180mcu_fd_sc_mcu7t5v0__dffsnq_1)
                                  0.027087   19.777088   library recovery time
                                             19.777088   data required time
---------------------------------------------------------------------------------------------
                                             19.777088   data required time
                                             -7.686778   data arrival time
---------------------------------------------------------------------------------------------
                                             12.090311   slack (MET)


Startpoint: _1967_ (rising edge-triggered flip-flop clocked by periph_clk)
Endpoint: _1772_ (rising edge-triggered flip-flop clocked by periph_clk)
Path Group: periph_clk
Path Type: max

Fanout         Cap        Slew       Delay        Time   Description
---------------------------------------------------------------------------------------------
                      0.150000    0.000000    0.000000   clock periph_clk (rise edge)
                                  0.000000    0.000000   clock network delay (ideal)
                      0.150000    0.000000    0.000000 ^ _1967_/CLK (gf180mcu_fd_sc_mcu7t5v0__dffrnq_1)
     8    0.057020    0.968224    1.382735    1.382735 ^ _1967_/Q (gf180mcu_fd_sc_mcu7t5v0__dffrnq_1)
                                                         u_uart_rx.CS[0] (net)
                      0.968229    0.001238    1.383973 ^ _1003_/A1 (gf180mcu_fd_sc_mcu7t5v0__nor2_1)
     2    0.009962    0.373050    0.221303    1.605276 v _1003_/ZN (gf180mcu_fd_sc_mcu7t5v0__nor2_1)
                                                         _0783_ (net)
                      0.373050    0.000075    1.605352 v _1005_/A4 (gf180mcu_fd_sc_mcu7t5v0__nand4_1)
     3    0.022112    0.761334    0.557565    2.162917 ^ _1005_/ZN (gf180mcu_fd_sc_mcu7t5v0__nand4_1)
                                                         _0785_ (net)
                      0.761334    0.000574    2.163491 ^ _1077_/B (gf180mcu_fd_sc_mcu7t5v0__aoi21_1)
     1    0.005709    0.389579    0.276423    2.439914 v _1077_/ZN (gf180mcu_fd_sc_mcu7t5v0__aoi21_1)
                                                         _0851_ (net)
                      0.389579    0.000123    2.440036 v fanout285/I (gf180mcu_fd_sc_mcu7t5v0__dlyd_1)
     4    0.024204    0.383958    2.591151    5.031188 v fanout285/Z (gf180mcu_fd_sc_mcu7t5v0__dlyd_1)
                                                         net285 (net)
                      0.383958    0.000495    5.031683 v fanout282/I (gf180mcu_fd_sc_mcu7t5v0__dlyd_1)
     3    0.021794    0.363942    2.571016    7.602699 v fanout282/Z (gf180mcu_fd_sc_mcu7t5v0__dlyd_1)
                                                         net282 (net)
                      0.363942    0.000223    7.602922 v load_slew284/I (gf180mcu_fd_sc_mcu7t5v0__clkbuf_2)
     6    0.034950    0.308350    0.443367    8.046289 v load_slew284/Z (gf180mcu_fd_sc_mcu7t5v0__clkbuf_2)
                                                         net284 (net)
                      0.308354    0.000613    8.046902 v _1078_/I (gf180mcu_fd_sc_mcu7t5v0__clkinv_1)
     3    0.043649    0.741440    0.518632    8.565535 ^ _1078_/ZN (gf180mcu_fd_sc_mcu7t5v0__clkinv_1)
                                                         _0852_ (net)
                      0.741444    0.001007    8.566542 ^ _1278_/A2 (gf180mcu_fd_sc_mcu7t5v0__nor2_4)
     4    0.047813    0.381546    0.271031    8.837573 v _1278_/ZN (gf180mcu_fd_sc_mcu7t5v0__nor2_4)
                                                         _0408_ (net)
                      0.381547    0.000862    8.838435 v load_slew224/I (gf180mcu_fd_sc_mcu7t5v0__clkbuf_3)
     5    0.065977    0.311008    0.463997    9.302432 v load_slew224/Z (gf180mcu_fd_sc_mcu7t5v0__clkbuf_3)
                                                         net224 (net)
                      0.311106    0.003083    9.305515 v _1281_/S (gf180mcu_fd_sc_mcu7t5v0__mux2_2)
     1    0.005530    0.114901    0.422948    9.728463 ^ _1281_/Z (gf180mcu_fd_sc_mcu7t5v0__mux2_2)
                                                         _0046_ (net)
                      0.114901    0.000079    9.728541 ^ _1772_/D (gf180mcu_fd_sc_mcu7t5v0__dffrnq_1)
                                              9.728541   data arrival time

                      0.150000   20.000000   20.000000   clock periph_clk (rise edge)
                                  0.000000   20.000000   clock network delay (ideal)
                                 -0.250000   19.750002   clock uncertainty
                                  0.000000   19.750002   clock reconvergence pessimism
                                             19.750002 ^ _1772_/CLK (gf180mcu_fd_sc_mcu7t5v0__dffrnq_1)
                                 -0.290200   19.459801   library setup time
                                             19.459801   data required time
---------------------------------------------------------------------------------------------
                                             19.459801   data required time
                                             -9.728541   data arrival time
---------------------------------------------------------------------------------------------
                                              9.731259   slack (MET)


Startpoint: cfg_data_i[5] (input port clocked by sys_clk)
Endpoint: _1878_ (rising edge-triggered flip-flop clocked by sys_clk)
Path Group: sys_clk
Path Type: max

Fanout         Cap        Slew       Delay        Time   Description
---------------------------------------------------------------------------------------------
                      0.150000    0.000000    0.000000   clock sys_clk (rise edge)
                                  0.000000    0.000000   clock network delay (ideal)
                                  2.000000    2.000000 ^ input external delay
     1    0.008220    0.181256    0.080368    2.080368 ^ cfg_data_i[5] (in)
                                                         cfg_data_i[5] (net)
                      0.181256    0.000000    2.080368 ^ input33/I (gf180mcu_fd_sc_mcu7t5v0__dlyd_1)
     5    0.037651    0.656704    2.529309    4.609677 ^ input33/Z (gf180mcu_fd_sc_mcu7t5v0__dlyd_1)
                                                         net33 (net)
                      0.656705    0.000796    4.610474 ^ _1481_/A1 (gf180mcu_fd_sc_mcu7t5v0__nor3_1)
     1    0.005233    0.262278    0.180977    4.791451 v _1481_/ZN (gf180mcu_fd_sc_mcu7t5v0__nor3_1)
                                                         _0509_ (net)
                      0.262278    0.000073    4.791524 v fanout276/I (gf180mcu_fd_sc_mcu7t5v0__dlyd_1)
     3    0.022177    0.367102    2.530375    7.321899 v fanout276/Z (gf180mcu_fd_sc_mcu7t5v0__dlyd_1)
                                                         net276 (net)
                      0.367102    0.000170    7.322069 v load_slew280/I (gf180mcu_fd_sc_mcu7t5v0__clkbuf_2)
     3    0.027739    0.257946    0.409007    7.731076 v load_slew280/Z (gf180mcu_fd_sc_mcu7t5v0__clkbuf_2)
                                                         net280 (net)
                      0.257949    0.000480    7.731555 v load_slew279/I (gf180mcu_fd_sc_mcu7t5v0__clkbuf_2)
     3    0.031432    0.282501    0.398506    8.130061 v load_slew279/Z (gf180mcu_fd_sc_mcu7t5v0__clkbuf_2)
                                                         net279 (net)
                      0.282507    0.000714    8.130775 v wire278/I (gf180mcu_fd_sc_mcu7t5v0__clkbuf_2)
     7    0.091626    0.732041    0.685606    8.816381 v wire278/Z (gf180mcu_fd_sc_mcu7t5v0__clkbuf_2)
                                                         net278 (net)
                      0.732222    0.006599    8.822981 v load_slew273/I (gf180mcu_fd_sc_mcu7t5v0__buf_2)
     3    0.027411    0.189035    0.450092    9.273072 v load_slew273/Z (gf180mcu_fd_sc_mcu7t5v0__buf_2)
                                                         net273 (net)
                      0.189035    0.000319    9.273391 v load_slew272/I (gf180mcu_fd_sc_mcu7t5v0__clkbuf_2)
     3    0.028106    0.258556    0.363306    9.636697 v load_slew272/Z (gf180mcu_fd_sc_mcu7t5v0__clkbuf_2)
                                                         net272 (net)
                      0.258556    0.000254    9.636951 v load_slew271/I (gf180mcu_fd_sc_mcu7t5v0__clkbuf_2)
     3    0.030451    0.275548    0.393773   10.030725 v load_slew271/Z (gf180mcu_fd_sc_mcu7t5v0__clkbuf_2)
                                                         net271 (net)
                      0.275555    0.000776   10.031501 v load_slew270/I (gf180mcu_fd_sc_mcu7t5v0__clkbuf_2)
     2    0.027406    0.254357    0.383826   10.415327 v load_slew270/Z (gf180mcu_fd_sc_mcu7t5v0__clkbuf_2)
                                                         net270 (net)
                      0.254357    0.000228   10.415555 v _1488_/S (gf180mcu_fd_sc_mcu7t5v0__mux2_2)
     1    0.004320    0.100415    0.400028   10.815582 ^ _1488_/Z (gf180mcu_fd_sc_mcu7t5v0__mux2_2)
                                                         _0152_ (net)
                      0.100415    0.000085   10.815668 ^ _1878_/D (gf180mcu_fd_sc_mcu7t5v0__dffrnq_1)
                                             10.815668   data arrival time

                      0.150000   20.000000   20.000000   clock sys_clk (rise edge)
                                  0.000000   20.000000   clock network delay (ideal)
                                 -0.250000   19.750002   clock uncertainty
                                  0.000000   19.750002   clock reconvergence pessimism
                                             19.750002 ^ _1878_/CLK (gf180mcu_fd_sc_mcu7t5v0__dffrnq_1)
                                 -0.287932   19.462070   library setup time
                                             19.462070   data required time
---------------------------------------------------------------------------------------------
                                             19.462070   data required time
                                            -10.815668   data arrival time
---------------------------------------------------------------------------------------------
                                              8.646402   slack (MET)




===========================================================================
report_checks --slack_max -0.01
============================================================================
======================= nom_tt_025C_5v00 Corner ===================================

No paths found.


===========================================================================
 report_check_types -max_slew -max_cap -max_fanout -violators
============================================================================
======================= nom_tt_025C_5v00 Corner ===================================



===========================================================================
report_parasitic_annotation -report_unannotated
============================================================================
Found 46 unannotated drivers.
 data_tx_i[10]
 data_tx_i[11]
 data_tx_i[12]
 data_tx_i[13]
 data_tx_i[14]
 data_tx_i[15]
 data_tx_i[16]
 data_tx_i[17]
 data_tx_i[18]
 data_tx_i[19]
 data_tx_i[20]
 data_tx_i[21]
 data_tx_i[22]
 data_tx_i[23]
 data_tx_i[24]
 data_tx_i[25]
 data_tx_i[26]
 data_tx_i[27]
 data_tx_i[28]
 data_tx_i[29]
 data_tx_i[30]
 data_tx_i[31]
 data_tx_i[8]
 data_tx_i[9]
 clkload0/Z
 clkload1/Z
 clkload10/Z
 clkload11/Z
 clkload12/Z
 clkload13/Z
 clkload14/Z
 clkload15/Z
 clkload16/Z
 clkload17/Z
 clkload18/Z
 clkload19/Z
 clkload2/Z
 clkload20/Z
 clkload21/Z
 clkload3/Z
 clkload4/Z
 clkload5/Z
 clkload6/Z
 clkload7/Z
 clkload8/Z
 clkload9/Z
Found 0 partially unannotated drivers.

===========================================================================
max slew violation count 0
Writing metric design__max_slew_violation__count__corner:nom_tt_025C_5v00: 0
max fanout violation count 0
Writing metric design__max_fanout_violation__count__corner:nom_tt_025C_5v00: 0
max cap violation count 0
Writing metric design__max_cap_violation__count__corner:nom_tt_025C_5v00: 0
============================================================================

===========================================================================
check_setup -verbose -unconstrained_endpoints -multiple_clock -no_clock -no_input_delay -loops -generated_clocks
===========================================================================
Warning: There is 1 input port missing set_input_delay.
  rstn_i
