Clock: sys_clk
Sources: sys_clk_i 
Generated: no
Virtual: no
Propagated: no
Period: 20.000000

===========================================================================
report_clock_properties
============================================================================
Clock                   Period          Waveform
----------------------------------------------------
sys_clk              20.000000    0.000000 10.000000

===========================================================================
report_clock_latency
============================================================================
Clock sys_clk
rise -> rise
    min     max
0.000000 0.000000 source latency
1.253672         network latency _1891_/CLK
        1.277153 network latency _1905_/CLK
---------------
1.253672 1.277153 latency
        0.023481 skew

fall -> fall
    min     max
0.000000 0.000000 source latency
1.228541         network latency _1891_/CLK
        1.254245 network latency _1905_/CLK
---------------
1.228541 1.254245 latency
        0.025704 skew



===========================================================================
report_clock_min_period
============================================================================
sys_clk period_min = 7.91 fmax = 126.43
Clock: periph_clk
Sources: periph_clk_i 
Generated: no
Virtual: no
Propagated: no
Period: 20.000000

===========================================================================
report_clock_properties
============================================================================
Clock                   Period          Waveform
----------------------------------------------------
periph_clk           20.000000    0.000000 10.000000

===========================================================================
report_clock_latency
============================================================================
Clock periph_clk
rise -> rise
    min     max
0.000000 0.000000 source latency
1.209450         network latency _2032_/CLK
        1.233358 network latency _1786_/CLK
---------------
1.209450 1.233358 latency
        0.023908 skew

fall -> fall
    min     max
0.000000 0.000000 source latency
1.191705         network latency _2032_/CLK
        1.217831 network latency _1786_/CLK
---------------
1.191705 1.217831 latency
        0.026127 skew



===========================================================================
report_clock_min_period
============================================================================
periph_clk period_min = 10.27 fmax = 97.38
