Clock: clk_i
Sources: clk_i 
Generated: no
Virtual: yes
Propagated: no
Period: 20.000000

===========================================================================
report_clock_properties
============================================================================
Clock                   Period          Waveform
----------------------------------------------------
clk_i                20.000000    0.000000 10.000000

===========================================================================
report_clock_latency
============================================================================
Clock clk_i
rise -> rise
    min     max
0.000000 0.000000 source latency
1.117462         network latency _282_/CLK
        1.132535 network latency _301_/CLK
---------------
1.117462 1.132535 latency
        0.015074 skew

fall -> fall
    min     max
0.000000 0.000000 source latency
1.038078         network latency _282_/CLK
        1.054296 network latency _301_/CLK
---------------
1.038078 1.054296 latency
        0.016218 skew



===========================================================================
report_clock_min_period
============================================================================
clk_i period_min = 10.36 fmax = 96.56
