Reading technology LEF file at '/home/sahana/.ciel/gf180mcuD/libs.ref/gf180mcu_fd_sc_mcu7t5v0/techlef/gf180mcu_fd_sc_mcu7t5v0__max.tlef'…
[INFO ODB-0388] unsupported LEF58_EOLENCLOSURE property for layer Via1 :"
  	EOLENCLOSURE 0.34 0.06 ;"
[INFO ODB-0388] unsupported LEF58_EOLENCLOSURE property for layer Via2 :" EOLENCLOSURE 0.34 0.06 ; "
[INFO ODB-0388] unsupported LEF58_EOLENCLOSURE property for layer Via3 :" EOLENCLOSURE 0.34 0.06 ; "
[INFO ODB-0388] unsupported LEF58_EOLENCLOSURE property for layer Via4 :" EOLENCLOSURE 0.34 0.06 ; "
[INFO ODB-0227] LEF file: /home/sahana/.ciel/gf180mcuD/libs.ref/gf180mcu_fd_sc_mcu7t5v0/techlef/gf180mcu_fd_sc_mcu7t5v0__max.tlef, created 15 layers, 56 vias
Reading cell LEF file at '/home/sahana/.ciel/gf180mcuD/libs.ref/gf180mcu_fd_sc_mcu7t5v0/lef/gf180mcu_fd_sc_mcu7t5v0.lef'…
[WARNING ODB-0220] WARNING (LEFPARS-2008): NOWIREEXTENSIONATPIN statement is obsolete in version 5.6 or later.
The NOWIREEXTENSIONATPIN statement will be ignored. See file /home/sahana/.ciel/gf180mcuD/libs.ref/gf180mcu_fd_sc_mcu7t5v0/lef/gf180mcu_fd_sc_mcu7t5v0.lef at line 2.

[INFO ODB-0227] LEF file: /home/sahana/.ciel/gf180mcuD/libs.ref/gf180mcu_fd_sc_mcu7t5v0/lef/gf180mcu_fd_sc_mcu7t5v0.lef, created 229 library cells
[INFO ODB-0127] Reading DEF file: /home/sahana/core5_udma/hardening/uart_tx/runs/RUN_2026-07-25_16-50-47/53-odb-cellfrequencytables/udma_uart_tx.def
[INFO ODB-0128] Design: udma_uart_tx
[INFO ODB-0130]     Created 37 pins.
[INFO ODB-0131]     Created 885 components and 3939 component-terminals.
[INFO ODB-0132]     Created 2 special nets and 3198 connections.
[INFO ODB-0133]     Created 255 nets and 739 connections.
[INFO ODB-0134] Finished DEF file: /home/sahana/core5_udma/hardening/uart_tx/runs/RUN_2026-07-25_16-50-47/53-odb-cellfrequencytables/udma_uart_tx.def
Using RCX ruleset '/home/sahana/.ciel/gf180mcuD/libs.tech/openlane/rules.openrcx.gf180mcuD.max'…
[INFO RCX-0431] Defined process_corner CURRENT_CORNER with ext_model_index 0
[INFO RCX-0029] Defined extraction corner CURRENT_CORNER
+ extract_parasitics  -ext_model_file /home/sahana/.ciel/gf180mcuD/libs.tech/openlane/rules.openrcx.gf180mcuD.max -lef_res
[INFO RCX-0435] Reading extraction model file /home/sahana/.ciel/gf180mcuD/libs.tech/openlane/rules.openrcx.gf180mcuD.max ...
[INFO RCX-0436] RC segment generation udma_uart_tx (max_merge_res 50.0) ...
[INFO RCX-0040] Final 774 rc segments
[INFO RCX-0439] Coupling Cap extraction udma_uart_tx ...
[INFO RCX-0440] Coupling threshhold is 0.1000 fF, coupling capacitance less than 0.1000 fF will be grounded.
[INFO RCX-0442] 47% of 1261 wires extracted
[INFO RCX-0442] 100% of 1261 wires extracted
[INFO RCX-0045] Extract 255 nets, 1029 rsegs, 1029 caps, 1481 ccs
Setting global connections for newly added cells…
[INFO] Setting global connections...
[INFO ODB-0403] 0 connections made, 0 conflicts skipped.
Updating metrics…
Cell type report:                       Count       Area
  Endcap cell                              66     289.77
  Fill cell                               489    8910.32
  Tap cell                                105     460.99
  Standard cell                           225    7290.26
  Total                                   885   16951.33
Writing extracted parasitics to '/home/sahana/core5_udma/hardening/uart_tx/runs/RUN_2026-07-25_16-50-47/54-openroad-rcx/max/udma_uart_tx.max.spef'…
[INFO RCX-0443] 255 nets finished
