
===========================================================================
report_checks -unconstrained
===========================================================================
======================= nom_tt_025C_5v00 Corner ===================================

Startpoint: _2030_ (rising edge-triggered flip-flop clocked by sys_clk)
Endpoint: _1809_ (recovery check against rising-edge clock sys_clk)
Path Group: asynchronous
Path Type: max

Fanout         Cap        Slew       Delay        Time   Description
---------------------------------------------------------------------------------------------
                      0.150000    0.000000    0.000000   clock sys_clk (rise edge)
                                  0.000000    0.000000   clock network delay (ideal)
                      0.150000    0.000000    0.000000 ^ _2030_/CLK (gf180mcu_fd_sc_mcu7t5v0__dffrnq_1)
     2    0.014768    0.197272    0.766539    0.766539 v _2030_/Q (gf180mcu_fd_sc_mcu7t5v0__dffrnq_1)
                                                         s_uart_rx_clean_fifo (net)
                      0.197272    0.000302    0.766840 v _0923_/A2 (gf180mcu_fd_sc_mcu7t5v0__nor2_1)
    51    0.420262   12.730478    7.143750    7.910590 ^ _0923_/ZN (gf180mcu_fd_sc_mcu7t5v0__nor2_1)
                                                         u_dc_fifo_rx.dst_rstn_i (net)
                     12.730478    0.003030    7.913620 ^ _1809_/RN (gf180mcu_fd_sc_mcu7t5v0__dffrnq_1)
                                              7.913620   data arrival time

                      0.150000   20.000000   20.000000   clock sys_clk (rise edge)
                                  0.000000   20.000000   clock network delay (ideal)
                                 -0.250000   19.750002   clock uncertainty
                                  0.000000   19.750002   clock reconvergence pessimism
                                             19.750002 ^ _1809_/CLK (gf180mcu_fd_sc_mcu7t5v0__dffrnq_1)
                                 -4.747320   15.002682   library recovery time
                                             15.002682   data required time
---------------------------------------------------------------------------------------------
                                             15.002682   data required time
                                             -7.913620   data arrival time
---------------------------------------------------------------------------------------------
                                              7.089063   slack (MET)


Startpoint: _1968_ (rising edge-triggered flip-flop clocked by periph_clk)
Endpoint: _1786_ (rising edge-triggered flip-flop clocked by periph_clk)
Path Group: periph_clk
Path Type: max

Fanout         Cap        Slew       Delay        Time   Description
---------------------------------------------------------------------------------------------
                      0.150000    0.000000    0.000000   clock periph_clk (rise edge)
                                  0.000000    0.000000   clock network delay (ideal)
                      0.150000    0.000000    0.000000 ^ _1968_/CLK (gf180mcu_fd_sc_mcu7t5v0__dffrnq_1)
    10    0.046534    0.481096    0.961557    0.961557 v _1968_/Q (gf180mcu_fd_sc_mcu7t5v0__dffrnq_1)
                                                         u_uart_rx.CS[1] (net)
                      0.481096    0.000167    0.961724 v _1003_/A2 (gf180mcu_fd_sc_mcu7t5v0__nor2_1)
     2    0.008942    0.414890    0.330127    1.291850 ^ _1003_/ZN (gf180mcu_fd_sc_mcu7t5v0__nor2_1)
                                                         _0783_ (net)
                      0.414890    0.000012    1.291862 ^ _1005_/A4 (gf180mcu_fd_sc_mcu7t5v0__nand4_1)
     3    0.019921    0.663405    0.427774    1.719636 v _1005_/ZN (gf180mcu_fd_sc_mcu7t5v0__nand4_1)
                                                         _0785_ (net)
                      0.663405    0.000374    1.720010 v _1077_/B (gf180mcu_fd_sc_mcu7t5v0__aoi21_1)
    17    0.105885    3.279946    2.034694    3.754704 ^ _1077_/ZN (gf180mcu_fd_sc_mcu7t5v0__aoi21_1)
                                                         _0851_ (net)
                      3.279946    0.002062    3.756767 ^ _1078_/I (gf180mcu_fd_sc_mcu7t5v0__clkinv_1)
     3    0.015649    0.871537    0.480866    4.237633 v _1078_/ZN (gf180mcu_fd_sc_mcu7t5v0__clkinv_1)
                                                         _0852_ (net)
                      0.871537    0.000071    4.237704 v _1315_/A3 (gf180mcu_fd_sc_mcu7t5v0__nor3_1)
     8    0.102115    4.529746    2.722499    6.960203 ^ _1315_/ZN (gf180mcu_fd_sc_mcu7t5v0__nor3_1)
                                                         _0429_ (net)
                      4.529746    0.001136    6.961339 ^ _1316_/S (gf180mcu_fd_sc_mcu7t5v0__mux2_2)
     1    0.003668    0.178976    0.219725    7.181065 ^ _1316_/Z (gf180mcu_fd_sc_mcu7t5v0__mux2_2)
                                                         _0060_ (net)
                      0.178976    0.000010    7.181075 ^ _1786_/D (gf180mcu_fd_sc_mcu7t5v0__dffrnq_1)
                                              7.181075   data arrival time

                      0.150000   20.000000   20.000000   clock periph_clk (rise edge)
                                  0.000000   20.000000   clock network delay (ideal)
                                 -0.250000   19.750002   clock uncertainty
                                  0.000000   19.750002   clock reconvergence pessimism
                                             19.750002 ^ _1786_/CLK (gf180mcu_fd_sc_mcu7t5v0__dffrnq_1)
                                 -0.302337   19.447666   library setup time
                                             19.447666   data required time
---------------------------------------------------------------------------------------------
                                             19.447666   data required time
                                             -7.181075   data arrival time
---------------------------------------------------------------------------------------------
                                             12.266591   slack (MET)


Startpoint: cfg_rwn_i (input port clocked by sys_clk)
Endpoint: cfg_data_o[4] (output port clocked by sys_clk)
Path Group: sys_clk
Path Type: max

Fanout         Cap        Slew       Delay        Time   Description
---------------------------------------------------------------------------------------------
                      0.150000    0.000000    0.000000   clock sys_clk (rise edge)
                                  0.000000    0.000000   clock network delay (ideal)
                                  2.000000    2.000000 ^ input external delay
     8    0.043084    0.737206    0.406090    2.406090 ^ cfg_rwn_i (in)
                                                         cfg_rwn_i (net)
                      0.737212    0.000000    2.406090 ^ _1206_/A1 (gf180mcu_fd_sc_mcu7t5v0__nand3_1)
     3    0.011424    0.425995    0.300180    2.706270 v _1206_/ZN (gf180mcu_fd_sc_mcu7t5v0__nand3_1)
                                                         _0352_ (net)
                      0.425995    0.000005    2.706275 v _1210_/A2 (gf180mcu_fd_sc_mcu7t5v0__or2_1)
     3    0.014566    0.262067    0.549248    3.255523 v _1210_/Z (gf180mcu_fd_sc_mcu7t5v0__or2_1)
                                                         _0356_ (net)
                      0.262067    0.000077    3.255600 v _1215_/A4 (gf180mcu_fd_sc_mcu7t5v0__nor4_1)
    16    0.103252    6.037343    3.582300    6.837899 ^ _1215_/ZN (gf180mcu_fd_sc_mcu7t5v0__nor4_1)
                                                         _0361_ (net)
                      6.037343    0.004672    6.842571 ^ _1243_/B1 (gf180mcu_fd_sc_mcu7t5v0__aoi22_1)
     1    0.004595    1.424916    0.210132    7.052703 v _1243_/ZN (gf180mcu_fd_sc_mcu7t5v0__aoi22_1)
                                                         _0385_ (net)
                      1.424916    0.000012    7.052715 v _1245_/A3 (gf180mcu_fd_sc_mcu7t5v0__nand4_1)
     1    0.075012    1.996106    1.558402    8.611117 ^ _1245_/ZN (gf180mcu_fd_sc_mcu7t5v0__nand4_1)
                                                         cfg_data_o[4] (net)
                      1.996106    0.000674    8.611792 ^ cfg_data_o[4] (out)
                                              8.611792   data arrival time

                      0.150000   20.000000   20.000000   clock sys_clk (rise edge)
                                  0.000000   20.000000   clock network delay (ideal)
                                 -0.250000   19.750002   clock uncertainty
                                  0.000000   19.750002   clock reconvergence pessimism
                                 -2.000000   17.750002   output external delay
                                             17.750002   data required time
---------------------------------------------------------------------------------------------
                                             17.750002   data required time
                                             -8.611792   data arrival time
---------------------------------------------------------------------------------------------
                                              9.138209   slack (MET)




===========================================================================
report_checks --slack_max -0.01
============================================================================
======================= nom_tt_025C_5v00 Corner ===================================

No paths found.


===========================================================================
 report_check_types -max_slew -max_cap -max_fanout -violators
============================================================================
======================= nom_tt_025C_5v00 Corner ===================================

max slew

Pin                                        Limit        Slew       Slack
------------------------------------------------------------------------
_1920_/RN                               3.000000   38.422592  -35.422592 (VIOLATED)
_2027_/RN                               3.000000   38.422596  -35.422596 (VIOLATED)
_2028_/RN                               3.000000   38.422604  -35.422604 (VIOLATED)
_2029_/RN                               3.000000   38.422585  -35.422585 (VIOLATED)
_2103_/RN                               3.000000   38.422600  -35.422600 (VIOLATED)
_1873_/RN                               3.000000   38.422543  -35.422543 (VIOLATED)
_1896_/RN                               3.000000   38.422543  -35.422543 (VIOLATED)
_1908_/RN                               3.000000   38.422565  -35.422565 (VIOLATED)
_1923_/RN                               3.000000   38.422569  -35.422569 (VIOLATED)
_1949_/RN                               3.000000   38.422600  -35.422600 (VIOLATED)
_1964_/RN                               3.000000   38.422604  -35.422604 (VIOLATED)
_1925_/RN                               3.000000   38.422562  -35.422562 (VIOLATED)
_1934_/RN                               3.000000   38.422585  -35.422585 (VIOLATED)
_1935_/RN                               3.000000   38.422585  -35.422585 (VIOLATED)
_1937_/RN                               3.000000   38.422577  -35.422577 (VIOLATED)
_1965_/RN                               3.000000   38.422565  -35.422565 (VIOLATED)
_2104_/RN                               3.000000   38.422565  -35.422565 (VIOLATED)
_2105_/RN                               3.000000   38.422596  -35.422596 (VIOLATED)
_2106_/RN                               3.000000   38.422565  -35.422565 (VIOLATED)
_2107_/RN                               3.000000   38.422558  -35.422558 (VIOLATED)
_2108_/RN                               3.000000   38.422562  -35.422562 (VIOLATED)
_1890_/RN                               3.000000   38.422504  -35.422504 (VIOLATED)
_2025_/RN                               3.000000   38.422527  -35.422527 (VIOLATED)
_2026_/RN                               3.000000   38.422531  -35.422531 (VIOLATED)
_2030_/RN                               3.000000   38.422558  -35.422558 (VIOLATED)
_2031_/RN                               3.000000   38.422588  -35.422588 (VIOLATED)
_1892_/RN                               3.000000   38.422493  -35.422493 (VIOLATED)
_1893_/RN                               3.000000   38.422485  -35.422485 (VIOLATED)
_1894_/RN                               3.000000   38.422512  -35.422512 (VIOLATED)
_1895_/RN                               3.000000   38.422501  -35.422501 (VIOLATED)
_1897_/RN                               3.000000   38.422508  -35.422508 (VIOLATED)
_1898_/RN                               3.000000   38.422516  -35.422512 (VIOLATED)
_1899_/RN                               3.000000   38.422520  -35.422516 (VIOLATED)
_1900_/RN                               3.000000   38.422512  -35.422512 (VIOLATED)
_1904_/RN                               3.000000   38.422516  -35.422512 (VIOLATED)
_1905_/RN                               3.000000   38.422523  -35.422523 (VIOLATED)
_1906_/RN                               3.000000   38.422523  -35.422523 (VIOLATED)
_1909_/RN                               3.000000   38.422523  -35.422523 (VIOLATED)
_1910_/RN                               3.000000   38.422520  -35.422516 (VIOLATED)
_1921_/RN                               3.000000   38.422493  -35.422493 (VIOLATED)
_1922_/RN                               3.000000   38.422516  -35.422512 (VIOLATED)
_1924_/RN                               3.000000   38.422493  -35.422493 (VIOLATED)
_1926_/RN                               3.000000   38.422523  -35.422523 (VIOLATED)
_1927_/RN                               3.000000   38.422520  -35.422516 (VIOLATED)
_1928_/RN                               3.000000   38.422520  -35.422516 (VIOLATED)
_1929_/RN                               3.000000   38.422520  -35.422516 (VIOLATED)
_1950_/RN                               3.000000   38.422512  -35.422512 (VIOLATED)
_1952_/RN                               3.000000   38.422535  -35.422535 (VIOLATED)
_1954_/RN                               3.000000   38.422554  -35.422554 (VIOLATED)
_1957_/RN                               3.000000   38.422554  -35.422554 (VIOLATED)
_1953_/RN                               3.000000   38.422520  -35.422516 (VIOLATED)
_1955_/RN                               3.000000   38.422504  -35.422504 (VIOLATED)
_1956_/RN                               3.000000   38.422504  -35.422504 (VIOLATED)
_2091_/RN                               3.000000   38.422520  -35.422516 (VIOLATED)
_2092_/RN                               3.000000   38.422504  -35.422504 (VIOLATED)
_2093_/RN                               3.000000   38.422512  -35.422512 (VIOLATED)
_2094_/RN                               3.000000   38.422527  -35.422527 (VIOLATED)
_2095_/RN                               3.000000   38.422527  -35.422527 (VIOLATED)
_2096_/RN                               3.000000   38.422527  -35.422527 (VIOLATED)
_1930_/RN                               3.000000   38.422466  -35.422466 (VIOLATED)
_1933_/RN                               3.000000   38.422497  -35.422497 (VIOLATED)
_1936_/RN                               3.000000   38.422497  -35.422497 (VIOLATED)
_1939_/RN                               3.000000   38.422520  -35.422520 (VIOLATED)
_1941_/RN                               3.000000   38.422520  -35.422516 (VIOLATED)
_1942_/RN                               3.000000   38.422470  -35.422470 (VIOLATED)
_2017_/RN                               3.000000   38.422485  -35.422485 (VIOLATED)
_1982_/RN                               3.000000   38.422447  -35.422447 (VIOLATED)
_2018_/RN                               3.000000   38.422470  -35.422470 (VIOLATED)
_2097_/RN                               3.000000   38.422459  -35.422459 (VIOLATED)
_2098_/RN                               3.000000   38.422455  -35.422455 (VIOLATED)
_2099_/RN                               3.000000   38.422459  -35.422459 (VIOLATED)
_2101_/RN                               3.000000   38.422459  -35.422459 (VIOLATED)
_1872_/RN                               3.000000   38.422409  -35.422409 (VIOLATED)
_1891_/RN                               3.000000   38.422413  -35.422409 (VIOLATED)
_1907_/RN                               3.000000   38.422409  -35.422409 (VIOLATED)
_1951_/RN                               3.000000   38.422413  -35.422409 (VIOLATED)
_1997_/RN                               3.000000   38.422432  -35.422432 (VIOLATED)
_2020_/RN                               3.000000   38.422466  -35.422462 (VIOLATED)
_2021_/RN                               3.000000   38.422470  -35.422470 (VIOLATED)
_2022_/RN                               3.000000   38.422451  -35.422451 (VIOLATED)
_2023_/RN                               3.000000   38.422470  -35.422470 (VIOLATED)
_2024_/RN                               3.000000   38.422462  -35.422462 (VIOLATED)
_1842_/RN                               3.000000   38.422363  -35.422359 (VIOLATED)
_1848_/RN                               3.000000   38.422386  -35.422386 (VIOLATED)
_1845_/SETN                             3.000000   38.422344  -35.422344 (VIOLATED)
_1849_/RN                               3.000000   38.422375  -35.422375 (VIOLATED)
_2032_/RN                               3.000000   38.422405  -35.422405 (VIOLATED)
_2033_/RN                               3.000000   38.422375  -35.422375 (VIOLATED)
_2034_/SETN                             3.000000   38.422401  -35.422401 (VIOLATED)
_2035_/SETN                             3.000000   38.422405  -35.422405 (VIOLATED)
_2036_/RN                               3.000000   38.422352  -35.422352 (VIOLATED)
_2037_/RN                               3.000000   38.422344  -35.422344 (VIOLATED)
_2038_/SETN                             3.000000   38.422352  -35.422352 (VIOLATED)
_2039_/SETN                             3.000000   38.422352  -35.422352 (VIOLATED)
_1844_/SETN                             3.000000   38.422291  -35.422291 (VIOLATED)
_1843_/RN                               3.000000   38.422215  -35.422215 (VIOLATED)
_0863_/I                                3.000000   38.422146  -35.422146 (VIOLATED)
_1958_/RN                               3.000000   38.422142  -35.422142 (VIOLATED)
_1959_/RN                               3.000000   38.422138  -35.422138 (VIOLATED)
_1960_/RN                               3.000000   38.422131  -35.422131 (VIOLATED)
_1961_/RN                               3.000000   38.422142  -35.422142 (VIOLATED)
_1962_/RN                               3.000000   38.422146  -35.422146 (VIOLATED)
_1963_/RN                               3.000000   38.422134  -35.422134 (VIOLATED)
_2040_/RN                               3.000000   38.422161  -35.422161 (VIOLATED)
_2041_/RN                               3.000000   38.422161  -35.422161 (VIOLATED)
_2042_/RN                               3.000000   38.422165  -35.422165 (VIOLATED)
_1816_/RN                               3.000000   38.422115  -35.422115 (VIOLATED)
_1971_/SETN                             3.000000   38.422115  -35.422115 (VIOLATED)
_1973_/SETN                             3.000000   38.422104  -35.422104 (VIOLATED)
_1966_/RN                               3.000000   38.422070  -35.422070 (VIOLATED)
_1970_/SETN                             3.000000   38.422104  -35.422100 (VIOLATED)
_1972_/SETN                             3.000000   38.422112  -35.422112 (VIOLATED)
_1974_/SETN                             3.000000   38.422104  -35.422100 (VIOLATED)
_1975_/SETN                             3.000000   38.422096  -35.422096 (VIOLATED)
_1853_/RN                               3.000000   38.422054  -35.422054 (VIOLATED)
_1978_/RN                               3.000000   38.422073  -35.422073 (VIOLATED)
_1979_/RN                               3.000000   38.422077  -35.422077 (VIOLATED)
_1980_/RN                               3.000000   38.422077  -35.422077 (VIOLATED)
_1981_/RN                               3.000000   38.422077  -35.422077 (VIOLATED)
_2074_/RN                               3.000000   38.422054  -35.422054 (VIOLATED)
_2077_/RN                               3.000000   38.422070  -35.422070 (VIOLATED)
_2078_/RN                               3.000000   38.422073  -35.422073 (VIOLATED)
_2079_/RN                               3.000000   38.422073  -35.422073 (VIOLATED)
_2080_/RN                               3.000000   38.422077  -35.422077 (VIOLATED)
_2081_/RN                               3.000000   38.422077  -35.422077 (VIOLATED)
_2086_/RN                               3.000000   38.422077  -35.422077 (VIOLATED)
_1976_/SETN                             3.000000   38.422009  -35.422009 (VIOLATED)
_1977_/SETN                             3.000000   38.422009  -35.422009 (VIOLATED)
_2100_/RN                               3.000000   38.422009  -35.422009 (VIOLATED)
_2102_/RN                               3.000000   38.422009  -35.422009 (VIOLATED)
_1911_/RN                               3.000000   38.421970  -35.421970 (VIOLATED)
_1912_/RN                               3.000000   38.421970  -35.421970 (VIOLATED)
_1916_/RN                               3.000000   38.421963  -35.421963 (VIOLATED)
_1917_/RN                               3.000000   38.421970  -35.421970 (VIOLATED)
_1938_/RN                               3.000000   38.421970  -35.421970 (VIOLATED)
_1940_/RN                               3.000000   38.421970  -35.421970 (VIOLATED)
_1995_/RN                               3.000000   38.421989  -35.421989 (VIOLATED)
_2054_/RN                               3.000000   38.422009  -35.422009 (VIOLATED)
_2071_/SETN                             3.000000   38.421986  -35.421986 (VIOLATED)
_2072_/SETN                             3.000000   38.422012  -35.422012 (VIOLATED)
_2073_/SETN                             3.000000   38.422009  -35.422009 (VIOLATED)
_2075_/RN                               3.000000   38.422024  -35.422024 (VIOLATED)
_2076_/RN                               3.000000   38.422028  -35.422028 (VIOLATED)
_1832_/RN                               3.000000   38.421982  -35.421982 (VIOLATED)
_1902_/RN                               3.000000   38.421925  -35.421925 (VIOLATED)
_1918_/RN                               3.000000   38.421936  -35.421936 (VIOLATED)
_1919_/RN                               3.000000   38.421947  -35.421944 (VIOLATED)
_1945_/RN                               3.000000   38.421967  -35.421967 (VIOLATED)
_1946_/RN                               3.000000   38.421970  -35.421970 (VIOLATED)
_1967_/RN                               3.000000   38.421993  -35.421993 (VIOLATED)
_1968_/RN                               3.000000   38.422005  -35.422005 (VIOLATED)
_1969_/RN                               3.000000   38.422001  -35.421997 (VIOLATED)
_1947_/RN                               3.000000   38.421940  -35.421940 (VIOLATED)
_1948_/RN                               3.000000   38.421951  -35.421951 (VIOLATED)
_1983_/RN                               3.000000   38.421947  -35.421944 (VIOLATED)
_1984_/RN                               3.000000   38.421955  -35.421955 (VIOLATED)
_1993_/RN                               3.000000   38.421944  -35.421944 (VIOLATED)
_1994_/RN                               3.000000   38.421951  -35.421951 (VIOLATED)
_1998_/RN                               3.000000   38.421955  -35.421955 (VIOLATED)
_2015_/RN                               3.000000   38.421955  -35.421955 (VIOLATED)
_2016_/RN                               3.000000   38.421955  -35.421955 (VIOLATED)
_2019_/RN                               3.000000   38.421955  -35.421955 (VIOLATED)
_2043_/RN                               3.000000   38.421940  -35.421940 (VIOLATED)
_2052_/RN                               3.000000   38.421967  -35.421967 (VIOLATED)
_2053_/RN                               3.000000   38.421993  -35.421993 (VIOLATED)
_2055_/RN                               3.000000   38.422009  -35.422009 (VIOLATED)
_2050_/RN                               3.000000   38.421909  -35.421909 (VIOLATED)
_2051_/RN                               3.000000   38.421940  -35.421940 (VIOLATED)
_2056_/RN                               3.000000   38.421959  -35.421959 (VIOLATED)
_1850_/RN                               3.000000   38.421867  -35.421867 (VIOLATED)
_1851_/RN                               3.000000   38.421879  -35.421879 (VIOLATED)
_1854_/RN                               3.000000   38.421906  -35.421906 (VIOLATED)
_1862_/RN                               3.000000   38.421867  -35.421867 (VIOLATED)
_1870_/RN                               3.000000   38.421879  -35.421879 (VIOLATED)
_1871_/RN                               3.000000   38.421879  -35.421879 (VIOLATED)
_1901_/RN                               3.000000   38.421890  -35.421890 (VIOLATED)
_1903_/RN                               3.000000   38.421909  -35.421909 (VIOLATED)
_1913_/RN                               3.000000   38.421898  -35.421894 (VIOLATED)
_1914_/RN                               3.000000   38.421925  -35.421925 (VIOLATED)
_1915_/RN                               3.000000   38.421898  -35.421898 (VIOLATED)
_1931_/RN                               3.000000   38.421894  -35.421894 (VIOLATED)
_1932_/RN                               3.000000   38.421894  -35.421894 (VIOLATED)
_1943_/RN                               3.000000   38.421894  -35.421894 (VIOLATED)
_1944_/RN                               3.000000   38.421913  -35.421913 (VIOLATED)
_1852_/RN                               3.000000   38.421837  -35.421837 (VIOLATED)
_1875_/RN                               3.000000   38.421844  -35.421841 (VIOLATED)
_2049_/RN                               3.000000   38.421864  -35.421864 (VIOLATED)
_2082_/RN                               3.000000   38.421867  -35.421867 (VIOLATED)
_2083_/RN                               3.000000   38.421864  -35.421864 (VIOLATED)
_2084_/RN                               3.000000   38.421864  -35.421864 (VIOLATED)
_2085_/RN                               3.000000   38.421864  -35.421864 (VIOLATED)
_2087_/RN                               3.000000   38.421856  -35.421856 (VIOLATED)
_2088_/RN                               3.000000   38.421856  -35.421856 (VIOLATED)
_2089_/RN                               3.000000   38.421852  -35.421852 (VIOLATED)
_2090_/RN                               3.000000   38.421860  -35.421860 (VIOLATED)
_1858_/RN                               3.000000   38.421814  -35.421814 (VIOLATED)
_1859_/RN                               3.000000   38.421791  -35.421791 (VIOLATED)
_1860_/RN                               3.000000   38.421818  -35.421818 (VIOLATED)
_1866_/RN                               3.000000   38.421806  -35.421806 (VIOLATED)
_1868_/RN                               3.000000   38.421818  -35.421818 (VIOLATED)
_1878_/RN                               3.000000   38.421814  -35.421814 (VIOLATED)
_1882_/RN                               3.000000   38.421844  -35.421841 (VIOLATED)
_1985_/SETN                             3.000000   38.421829  -35.421829 (VIOLATED)
_1986_/SETN                             3.000000   38.421825  -35.421825 (VIOLATED)
_1987_/SETN                             3.000000   38.421833  -35.421833 (VIOLATED)
_1988_/SETN                             3.000000   38.421814  -35.421814 (VIOLATED)
_1996_/RN                               3.000000   38.421829  -35.421829 (VIOLATED)
_2000_/RN                               3.000000   38.421844  -35.421844 (VIOLATED)
_1867_/RN                               3.000000   38.421776  -35.421776 (VIOLATED)
_1999_/RN                               3.000000   38.421806  -35.421806 (VIOLATED)
_2003_/RN                               3.000000   38.421818  -35.421818 (VIOLATED)
_2004_/RN                               3.000000   38.421837  -35.421837 (VIOLATED)
_2007_/RN                               3.000000   38.421848  -35.421848 (VIOLATED)
_2005_/RN                               3.000000   38.421810  -35.421810 (VIOLATED)
_2008_/RN                               3.000000   38.421810  -35.421810 (VIOLATED)
_2009_/RN                               3.000000   38.421810  -35.421810 (VIOLATED)
_2010_/RN                               3.000000   38.421810  -35.421810 (VIOLATED)
_2013_/RN                               3.000000   38.421844  -35.421841 (VIOLATED)
_1874_/RN                               3.000000   38.421761  -35.421761 (VIOLATED)
_1883_/RN                               3.000000   38.421791  -35.421791 (VIOLATED)
_1885_/RN                               3.000000   38.421814  -35.421814 (VIOLATED)
_1888_/RN                               3.000000   38.421844  -35.421841 (VIOLATED)
_1876_/RN                               3.000000   38.421753  -35.421753 (VIOLATED)
_1877_/RN                               3.000000   38.421757  -35.421757 (VIOLATED)
_1879_/RN                               3.000000   38.421761  -35.421761 (VIOLATED)
_1880_/RN                               3.000000   38.421761  -35.421761 (VIOLATED)
_1881_/RN                               3.000000   38.421787  -35.421787 (VIOLATED)
_1884_/RN                               3.000000   38.421764  -35.421764 (VIOLATED)
_1886_/RN                               3.000000   38.421757  -35.421757 (VIOLATED)
_1887_/RN                               3.000000   38.421776  -35.421776 (VIOLATED)
_1889_/RN                               3.000000   38.421753  -35.421753 (VIOLATED)
_1989_/SETN                             3.000000   38.421761  -35.421761 (VIOLATED)
_2057_/RN                               3.000000   38.421791  -35.421791 (VIOLATED)
_2058_/RN                               3.000000   38.421795  -35.421791 (VIOLATED)
_2059_/RN                               3.000000   38.421772  -35.421772 (VIOLATED)
_1990_/SETN                             3.000000   38.421722  -35.421722 (VIOLATED)
_1991_/SETN                             3.000000   38.421730  -35.421730 (VIOLATED)
_1992_/SETN                             3.000000   38.421726  -35.421726 (VIOLATED)
_2001_/RN                               3.000000   38.421745  -35.421745 (VIOLATED)
_2002_/RN                               3.000000   38.421776  -35.421776 (VIOLATED)
_2006_/RN                               3.000000   38.421791  -35.421791 (VIOLATED)
_2011_/RN                               3.000000   38.421776  -35.421776 (VIOLATED)
_2012_/RN                               3.000000   38.421791  -35.421791 (VIOLATED)
_2014_/RN                               3.000000   38.421745  -35.421745 (VIOLATED)
_2044_/RN                               3.000000   38.421722  -35.421722 (VIOLATED)
_2046_/RN                               3.000000   38.421741  -35.421741 (VIOLATED)
_2047_/RN                               3.000000   38.421757  -35.421757 (VIOLATED)
_2048_/RN                               3.000000   38.421791  -35.421791 (VIOLATED)
_1813_/RN                               3.000000   38.421722  -35.421722 (VIOLATED)
_1846_/SETN                             3.000000   38.421730  -35.421730 (VIOLATED)
_1847_/SETN                             3.000000   38.421730  -35.421730 (VIOLATED)
_1821_/RN                               3.000000   38.421688  -35.421684 (VIOLATED)
_1829_/RN                               3.000000   38.421700  -35.421700 (VIOLATED)
_2045_/RN                               3.000000   38.421703  -35.421703 (VIOLATED)
_1822_/RN                               3.000000   38.421646  -35.421646 (VIOLATED)
_1830_/RN                               3.000000   38.421642  -35.421642 (VIOLATED)
_1837_/RN                               3.000000   38.421669  -35.421669 (VIOLATED)
_1820_/RN                               3.000000   38.421589  -35.421589 (VIOLATED)
_1835_/RN                               3.000000   38.421593  -35.421593 (VIOLATED)
_1836_/RN                               3.000000   38.421608  -35.421608 (VIOLATED)
_1838_/RN                               3.000000   38.421635  -35.421635 (VIOLATED)
_1861_/RN                               3.000000   38.421661  -35.421661 (VIOLATED)
_1869_/RN                               3.000000   38.421658  -35.421658 (VIOLATED)
_1810_/RN                               3.000000   38.421535  -35.421535 (VIOLATED)
_1811_/RN                               3.000000   38.421520  -35.421520 (VIOLATED)
_1812_/RN                               3.000000   38.421524  -35.421524 (VIOLATED)
_1814_/RN                               3.000000   38.421535  -35.421532 (VIOLATED)
_1815_/RN                               3.000000   38.421528  -35.421528 (VIOLATED)
_1817_/RN                               3.000000   38.421524  -35.421524 (VIOLATED)
_1818_/RN                               3.000000   38.421535  -35.421535 (VIOLATED)
_1819_/RN                               3.000000   38.421555  -35.421555 (VIOLATED)
_1823_/RN                               3.000000   38.421535  -35.421532 (VIOLATED)
_1824_/RN                               3.000000   38.421535  -35.421532 (VIOLATED)
_1825_/RN                               3.000000   38.421532  -35.421532 (VIOLATED)
_1826_/RN                               3.000000   38.421535  -35.421532 (VIOLATED)
_1834_/RN                               3.000000   38.421535  -35.421532 (VIOLATED)
_1839_/RN                               3.000000   38.421535  -35.421532 (VIOLATED)
_1840_/RN                               3.000000   38.421535  -35.421532 (VIOLATED)
_1857_/RN                               3.000000   38.421566  -35.421566 (VIOLATED)
_1827_/RN                               3.000000   38.421497  -35.421497 (VIOLATED)
_1828_/RN                               3.000000   38.421516  -35.421516 (VIOLATED)
_1831_/RN                               3.000000   38.421528  -35.421528 (VIOLATED)
_1833_/RN                               3.000000   38.421524  -35.421524 (VIOLATED)
_1841_/RN                               3.000000   38.421532  -35.421532 (VIOLATED)
_1865_/RN                               3.000000   38.421558  -35.421558 (VIOLATED)
_1856_/RN                               3.000000   38.421482  -35.421482 (VIOLATED)
_1855_/RN                               3.000000   38.421440  -35.421440 (VIOLATED)
_1864_/RN                               3.000000   38.421471  -35.421471 (VIOLATED)
_1863_/RN                               3.000000   38.421406  -35.421406 (VIOLATED)
rstn_i                                  3.000000   38.421135  -35.421135 (VIOLATED)
_0923_/ZN                               3.000000   12.730478   -9.730478 (VIOLATED)
_1770_/RN                               3.000000   12.730478   -9.730478 (VIOLATED)
_1771_/RN                               3.000000   12.730478   -9.730478 (VIOLATED)
_1772_/RN                               3.000000   12.730478   -9.730478 (VIOLATED)
_1773_/RN                               3.000000   12.730478   -9.730478 (VIOLATED)
_1774_/RN                               3.000000   12.730478   -9.730478 (VIOLATED)
_1775_/RN                               3.000000   12.730478   -9.730478 (VIOLATED)
_1776_/RN                               3.000000   12.730478   -9.730478 (VIOLATED)
_1777_/RN                               3.000000   12.730478   -9.730478 (VIOLATED)
_1778_/RN                               3.000000   12.730478   -9.730478 (VIOLATED)
_1779_/RN                               3.000000   12.730478   -9.730478 (VIOLATED)
_1780_/RN                               3.000000   12.730478   -9.730478 (VIOLATED)
_1781_/RN                               3.000000   12.730478   -9.730478 (VIOLATED)
_1782_/RN                               3.000000   12.730478   -9.730478 (VIOLATED)
_1783_/RN                               3.000000   12.730478   -9.730478 (VIOLATED)
_1784_/RN                               3.000000   12.730478   -9.730478 (VIOLATED)
_1785_/RN                               3.000000   12.730478   -9.730478 (VIOLATED)
_1786_/RN                               3.000000   12.730478   -9.730478 (VIOLATED)
_1787_/RN                               3.000000   12.730478   -9.730478 (VIOLATED)
_1788_/RN                               3.000000   12.730478   -9.730478 (VIOLATED)
_1789_/RN                               3.000000   12.730478   -9.730478 (VIOLATED)
_1790_/RN                               3.000000   12.730478   -9.730478 (VIOLATED)
_1791_/RN                               3.000000   12.730478   -9.730478 (VIOLATED)
_1792_/RN                               3.000000   12.730478   -9.730478 (VIOLATED)
_1793_/RN                               3.000000   12.730478   -9.730478 (VIOLATED)
_1794_/RN                               3.000000   12.730478   -9.730478 (VIOLATED)
_1795_/RN                               3.000000   12.730478   -9.730478 (VIOLATED)
_1796_/RN                               3.000000   12.730478   -9.730478 (VIOLATED)
_1797_/RN                               3.000000   12.730478   -9.730478 (VIOLATED)
_1798_/RN                               3.000000   12.730478   -9.730478 (VIOLATED)
_1799_/RN                               3.000000   12.730478   -9.730478 (VIOLATED)
_1800_/RN                               3.000000   12.730478   -9.730478 (VIOLATED)
_1801_/RN                               3.000000   12.730478   -9.730478 (VIOLATED)
_1802_/RN                               3.000000   12.730478   -9.730478 (VIOLATED)
_1803_/RN                               3.000000   12.730478   -9.730478 (VIOLATED)
_1804_/SETN                             3.000000   12.730478   -9.730478 (VIOLATED)
_1805_/SETN                             3.000000   12.730478   -9.730478 (VIOLATED)
_1806_/SETN                             3.000000   12.730478   -9.730478 (VIOLATED)
_1807_/SETN                             3.000000   12.730478   -9.730478 (VIOLATED)
_1808_/RN                               3.000000   12.730478   -9.730478 (VIOLATED)
_1809_/RN                               3.000000   12.730478   -9.730478 (VIOLATED)
_2060_/RN                               3.000000   12.730478   -9.730478 (VIOLATED)
_2061_/RN                               3.000000   12.730478   -9.730478 (VIOLATED)
_2062_/SETN                             3.000000   12.730478   -9.730478 (VIOLATED)
_2063_/SETN                             3.000000   12.730478   -9.730478 (VIOLATED)
_2064_/RN                               3.000000   12.730478   -9.730478 (VIOLATED)
_2065_/RN                               3.000000   12.730478   -9.730478 (VIOLATED)
_2066_/SETN                             3.000000   12.730478   -9.730478 (VIOLATED)
_2067_/SETN                             3.000000   12.730478   -9.730478 (VIOLATED)
_2068_/RN                               3.000000   12.730478   -9.730478 (VIOLATED)
_2069_/RN                               3.000000   12.730478   -9.730478 (VIOLATED)
_2070_/RN                               3.000000   12.730478   -9.730478 (VIOLATED)
_1484_/S                                3.000000   11.940434   -8.940434 (VIOLATED)
_1485_/S                                3.000000   11.940439   -8.940440 (VIOLATED)
_1489_/S                                3.000000   11.940434   -8.940434 (VIOLATED)
_1494_/S                                3.000000   11.940437   -8.940438 (VIOLATED)
_1495_/S                                3.000000   11.940433   -8.940433 (VIOLATED)
_1496_/S                                3.000000   11.940428   -8.940428 (VIOLATED)
_1497_/S                                3.000000   11.940429   -8.940429 (VIOLATED)
_1498_/S                                3.000000   11.940438   -8.940438 (VIOLATED)
_1486_/S                                3.000000   11.940415   -8.940414 (VIOLATED)
_1487_/S                                3.000000   11.940423   -8.940424 (VIOLATED)
_1488_/S                                3.000000   11.940433   -8.940433 (VIOLATED)
_1490_/S                                3.000000   11.940432   -8.940431 (VIOLATED)
_1492_/S                                3.000000   11.940439   -8.940440 (VIOLATED)
_1493_/S                                3.000000   11.940432   -8.940431 (VIOLATED)
_1499_/S                                3.000000   11.940417   -8.940416 (VIOLATED)
_1491_/S                                3.000000   11.940379   -8.940379 (VIOLATED)
_1481_/ZN                               3.000000   11.940323   -8.940323 (VIOLATED)
_1482_/S                                3.000000   11.940323   -8.940323 (VIOLATED)
_1483_/S                                3.000000   11.940323   -8.940323 (VIOLATED)
_1500_/S                                3.000000   11.940323   -8.940323 (VIOLATED)
_1501_/S                                3.000000   11.940323   -8.940323 (VIOLATED)
_1568_/S                                3.000000   11.940323   -8.940323 (VIOLATED)
_1569_/S                                3.000000   11.940323   -8.940323 (VIOLATED)
_1574_/S                                3.000000   11.940323   -8.940323 (VIOLATED)
_1744_/A2                               3.000000    6.905149   -3.905149 (VIOLATED)
_1745_/A2                               3.000000    6.905149   -3.905149 (VIOLATED)
_1746_/S                                3.000000    6.905149   -3.905149 (VIOLATED)
_1747_/S                                3.000000    6.905148   -3.905148 (VIOLATED)
_1748_/A2                               3.000000    6.905144   -3.905144 (VIOLATED)
_1750_/A2                               3.000000    6.905147   -3.905147 (VIOLATED)
_1751_/A2                               3.000000    6.905147   -3.905147 (VIOLATED)
_1755_/A2                               3.000000    6.905149   -3.905149 (VIOLATED)
_1756_/A2                               3.000000    6.905149   -3.905149 (VIOLATED)
_1762_/S                                3.000000    6.905148   -3.905147 (VIOLATED)
_1764_/A2                               3.000000    6.905148   -3.905148 (VIOLATED)
_1765_/A2                               3.000000    6.905148   -3.905147 (VIOLATED)
_1766_/S                                3.000000    6.905149   -3.905150 (VIOLATED)
_1743_/S                                3.000000    6.905140   -3.905140 (VIOLATED)
_1749_/A2                               3.000000    6.905142   -3.905143 (VIOLATED)
_1757_/S                                3.000000    6.905142   -3.905143 (VIOLATED)
_1758_/A2                               3.000000    6.905143   -3.905143 (VIOLATED)
_1760_/A2                               3.000000    6.905146   -3.905146 (VIOLATED)
_1763_/S                                3.000000    6.905145   -3.905145 (VIOLATED)
_1759_/A2                               3.000000    6.905139   -3.905139 (VIOLATED)
_1761_/A2                               3.000000    6.905140   -3.905140 (VIOLATED)
_1752_/A2                               3.000000    6.905134   -3.905134 (VIOLATED)
_1753_/A2                               3.000000    6.905135   -3.905135 (VIOLATED)
_1754_/S                                3.000000    6.905131   -3.905131 (VIOLATED)
_1739_/ZN                               3.000000    6.905101   -3.905101 (VIOLATED)
_1740_/S                                3.000000    6.905101   -3.905101 (VIOLATED)
_1741_/A2                               3.000000    6.905101   -3.905101 (VIOLATED)
_1742_/A2                               3.000000    6.905101   -3.905101 (VIOLATED)
_1767_/S                                3.000000    6.905101   -3.905101 (VIOLATED)
_1768_/A2                               3.000000    6.905101   -3.905101 (VIOLATED)
_1769_/A2                               3.000000    6.905101   -3.905101 (VIOLATED)
_1215_/ZN                               3.000000    6.037343   -3.037343 (VIOLATED)
_1224_/A2                               3.000000    6.037343   -3.037343 (VIOLATED)
_1232_/B1                               3.000000    6.037343   -3.037343 (VIOLATED)
_1236_/B1                               3.000000    6.037343   -3.037343 (VIOLATED)
_1239_/B1                               3.000000    6.037343   -3.037343 (VIOLATED)
_1243_/B1                               3.000000    6.037343   -3.037343 (VIOLATED)
_1246_/A2                               3.000000    6.037343   -3.037343 (VIOLATED)
_1252_/A2                               3.000000    6.037343   -3.037343 (VIOLATED)
_1255_/A2                               3.000000    6.037343   -3.037343 (VIOLATED)
_1258_/A2                               3.000000    6.037343   -3.037343 (VIOLATED)
_1261_/A2                               3.000000    6.037343   -3.037343 (VIOLATED)
_1264_/A2                               3.000000    6.037343   -3.037343 (VIOLATED)
_1267_/A2                               3.000000    6.037343   -3.037343 (VIOLATED)
_1270_/A2                               3.000000    6.037343   -3.037343 (VIOLATED)
_1272_/A2                               3.000000    6.037343   -3.037343 (VIOLATED)
_1274_/A2                               3.000000    6.037343   -3.037343 (VIOLATED)
_1276_/A2                               3.000000    6.037343   -3.037343 (VIOLATED)
_1214_/ZN                               3.000000    4.854744   -1.854744 (VIOLATED)
_1223_/B1                               3.000000    4.854744   -1.854744 (VIOLATED)
_1233_/A2                               3.000000    4.854744   -1.854744 (VIOLATED)
_1235_/A2                               3.000000    4.854744   -1.854744 (VIOLATED)
_1238_/B1                               3.000000    4.854744   -1.854744 (VIOLATED)
_1244_/B1                               3.000000    4.854744   -1.854744 (VIOLATED)
_1247_/A2                               3.000000    4.854744   -1.854744 (VIOLATED)
_1253_/B1                               3.000000    4.854744   -1.854744 (VIOLATED)
_1256_/B1                               3.000000    4.854744   -1.854744 (VIOLATED)
_1259_/B1                               3.000000    4.854744   -1.854744 (VIOLATED)
_1262_/B1                               3.000000    4.854744   -1.854744 (VIOLATED)
_1265_/A2                               3.000000    4.854744   -1.854744 (VIOLATED)
_1268_/A2                               3.000000    4.854744   -1.854744 (VIOLATED)
_1315_/ZN                               3.000000    4.529746   -1.529746 (VIOLATED)
_1316_/S                                3.000000    4.529746   -1.529746 (VIOLATED)
_1317_/S                                3.000000    4.529746   -1.529746 (VIOLATED)
_1318_/S                                3.000000    4.529746   -1.529746 (VIOLATED)
_1319_/S                                3.000000    4.529746   -1.529746 (VIOLATED)
_1320_/S                                3.000000    4.529746   -1.529746 (VIOLATED)
_1321_/S                                3.000000    4.529746   -1.529746 (VIOLATED)
_1322_/S                                3.000000    4.529746   -1.529746 (VIOLATED)
_1323_/S                                3.000000    4.529746   -1.529746 (VIOLATED)
_0863_/ZN                               3.000000    4.363213   -1.363213 (VIOLATED)
_0923_/A1                               3.000000    4.363213   -1.363213 (VIOLATED)
rx_char_event_o                         3.000000    3.485445   -0.485445 (VIOLATED)
_0922_/ZN                               3.000000    3.485445   -0.485445 (VIOLATED)
_1527_/S                                3.000000    3.470636   -0.470636 (VIOLATED)
_1529_/S                                3.000000    3.470636   -0.470636 (VIOLATED)
_1528_/S                                3.000000    3.470632   -0.470632 (VIOLATED)
_1532_/S                                3.000000    3.470629   -0.470629 (VIOLATED)
_1533_/S                                3.000000    3.470625   -0.470625 (VIOLATED)
_1530_/S                                3.000000    3.470613   -0.470613 (VIOLATED)
_1525_/S                                3.000000    3.470610   -0.470610 (VIOLATED)
_1531_/S                                3.000000    3.470608   -0.470608 (VIOLATED)
_1526_/S                                3.000000    3.470604   -0.470604 (VIOLATED)
_1523_/S                                3.000000    3.470599   -0.470600 (VIOLATED)
_1519_/S                                3.000000    3.470597   -0.470597 (VIOLATED)
_1520_/S                                3.000000    3.470596   -0.470596 (VIOLATED)
_1517_/ZN                               3.000000    3.470585   -0.470585 (VIOLATED)
_1518_/S                                3.000000    3.470585   -0.470585 (VIOLATED)
_1521_/S                                3.000000    3.470585   -0.470585 (VIOLATED)
_1522_/S                                3.000000    3.470585   -0.470585 (VIOLATED)
_1524_/S                                3.000000    3.470585   -0.470585 (VIOLATED)
_1077_/ZN                               3.000000    3.279946   -0.279946 (VIOLATED)
_1078_/I                                3.000000    3.279946   -0.279946 (VIOLATED)
_1287_/A3                               3.000000    3.279946   -0.279946 (VIOLATED)
_1292_/A3                               3.000000    3.279946   -0.279946 (VIOLATED)
_1295_/A3                               3.000000    3.279946   -0.279946 (VIOLATED)
_1298_/A3                               3.000000    3.279946   -0.279946 (VIOLATED)
_1301_/A3                               3.000000    3.279946   -0.279946 (VIOLATED)
_1304_/A3                               3.000000    3.279946   -0.279946 (VIOLATED)
_1307_/A3                               3.000000    3.279946   -0.279946 (VIOLATED)
_1310_/A3                               3.000000    3.279946   -0.279946 (VIOLATED)
_1313_/A3                               3.000000    3.279946   -0.279946 (VIOLATED)
_1324_/B                                3.000000    3.279946   -0.279946 (VIOLATED)
_1341_/S                                3.000000    3.279946   -0.279946 (VIOLATED)
_1342_/S                                3.000000    3.279946   -0.279946 (VIOLATED)
_1343_/A2                               3.000000    3.279946   -0.279946 (VIOLATED)
_1344_/A2                               3.000000    3.279946   -0.279946 (VIOLATED)
_1345_/A2                               3.000000    3.279946   -0.279946 (VIOLATED)
_1346_/A2                               3.000000    3.279946   -0.279946 (VIOLATED)
_1562_/S                                3.000000    3.120696   -0.120696 (VIOLATED)
_1561_/S                                3.000000    3.120695   -0.120695 (VIOLATED)
_1565_/S                                3.000000    3.120693   -0.120693 (VIOLATED)
_1566_/S                                3.000000    3.120690   -0.120691 (VIOLATED)
_1558_/S                                3.000000    3.120686   -0.120686 (VIOLATED)
_1563_/S                                3.000000    3.120685   -0.120685 (VIOLATED)
_1564_/S                                3.000000    3.120684   -0.120684 (VIOLATED)
_1559_/S                                3.000000    3.120684   -0.120684 (VIOLATED)
_1556_/S                                3.000000    3.120683   -0.120683 (VIOLATED)
_1550_/Z                                3.000000    3.120673   -0.120673 (VIOLATED)
_1551_/S                                3.000000    3.120673   -0.120673 (VIOLATED)
_1552_/S                                3.000000    3.120673   -0.120673 (VIOLATED)
_1553_/S                                3.000000    3.120673   -0.120673 (VIOLATED)
_1554_/S                                3.000000    3.120673   -0.120673 (VIOLATED)
_1555_/S                                3.000000    3.120673   -0.120673 (VIOLATED)
_1557_/S                                3.000000    3.120673   -0.120673 (VIOLATED)
_1560_/S                                3.000000    3.120673   -0.120673 (VIOLATED)
_1278_/ZN                               3.000000    3.010023   -0.010024 (VIOLATED)
_1279_/S                                3.000000    3.010023   -0.010024 (VIOLATED)
_1280_/S                                3.000000    3.010023   -0.010024 (VIOLATED)
_1281_/S                                3.000000    3.010023   -0.010024 (VIOLATED)
_1282_/S                                3.000000    3.010023   -0.010024 (VIOLATED)
_1283_/S                                3.000000    3.010023   -0.010024 (VIOLATED)
_1284_/S                                3.000000    3.010023   -0.010024 (VIOLATED)
_1285_/S                                3.000000    3.010023   -0.010024 (VIOLATED)
_1286_/S                                3.000000    3.010023   -0.010024 (VIOLATED)

max fanout

Pin                                   Limit Fanout  Slack
---------------------------------------------------------
rstn_i                                   10    289   -279 (VIOLATED)
_0923_/ZN                                10     51    -41 (VIOLATED)
_1739_/ZN                                10     30    -20 (VIOLATED)
_1087_/Z                                 10     24    -14 (VIOLATED)
_1481_/ZN                                10     23    -13 (VIOLATED)
_1077_/ZN                                10     17     -7 (VIOLATED)
_1104_/ZN                                10     16     -6 (VIOLATED)
_1152_/ZN                                10     16     -6 (VIOLATED)
_1215_/ZN                                10     16     -6 (VIOLATED)
_1216_/Z                                 10     16     -6 (VIOLATED)
_1517_/ZN                                10     16     -6 (VIOLATED)
_1550_/Z                                 10     16     -6 (VIOLATED)
_0961_/ZN                                10     15     -5 (VIOLATED)
_1610_/Z                                 10     14     -4 (VIOLATED)
_1536_/Z                                 10     13     -3 (VIOLATED)
_1214_/ZN                                10     12     -2 (VIOLATED)
_1218_/ZN                                10     12     -2 (VIOLATED)
_1504_/ZN                                10     12     -2 (VIOLATED)
_0956_/ZN                                10     11        (VIOLATED)
_0960_/Z                                 10     11        (VIOLATED)
_1355_/ZN                                10     11        (VIOLATED)
_1660_/ZN                                10     11        (VIOLATED)

max capacitance

Pin                                        Limit         Cap       Slack
------------------------------------------------------------------------
rstn_i                                  0.200000    2.400586   -2.200586 (VIOLATED)
_0923_/ZN                               0.125100    0.420262   -0.295162 (VIOLATED)
_1481_/ZN                               0.084260    0.276315   -0.192055 (VIOLATED)
_1739_/ZN                               0.163300    0.227782   -0.064482 (VIOLATED)
_1215_/ZN                               0.062220    0.103252   -0.041032 (VIOLATED)
_1214_/ZN                               0.062220    0.081905   -0.019685 (VIOLATED)
_1315_/ZN                               0.084260    0.102115   -0.017855 (VIOLATED)



===========================================================================
report_parasitic_annotation -report_unannotated
============================================================================
Found 26 unannotated drivers.
 data_tx_i[10]
 data_tx_i[11]
 data_tx_i[12]
 data_tx_i[13]
 data_tx_i[14]
 data_tx_i[15]
 data_tx_i[16]
 data_tx_i[17]
 data_tx_i[18]
 data_tx_i[19]
 data_tx_i[20]
 data_tx_i[21]
 data_tx_i[22]
 data_tx_i[23]
 data_tx_i[24]
 data_tx_i[25]
 data_tx_i[26]
 data_tx_i[27]
 data_tx_i[28]
 data_tx_i[29]
 data_tx_i[30]
 data_tx_i[31]
 data_tx_i[8]
 data_tx_i[9]
 periph_clk_i
 sys_clk_i
Found 0 partially unannotated drivers.

===========================================================================
max slew violation count 501
Writing metric design__max_slew_violation__count__corner:nom_tt_025C_5v00: 501
max fanout violation count 22
Writing metric design__max_fanout_violation__count__corner:nom_tt_025C_5v00: 22
max cap violation count 7
Writing metric design__max_cap_violation__count__corner:nom_tt_025C_5v00: 7
============================================================================

===========================================================================
check_setup -verbose -unconstrained_endpoints -multiple_clock -no_clock -no_input_delay -loops -generated_clocks
===========================================================================
Warning: There is 1 input port missing set_input_delay.
  rstn_i
