Reading timing models for corner nom_tt_025C_5v00…
Reading timing library for the 'nom_tt_025C_5v00' corner at '/home/sahana/.ciel/gf180mcuD/libs.ref/gf180mcu_fd_sc_mcu7t5v0/lib/gf180mcu_fd_sc_mcu7t5v0__tt_025C_5v00.lib'…
Reading OpenROAD database at '/home/sahana/core5_udma/hardening/uart_rx/runs/RUN_2026-07-26_12-38-49/21-openroad-generatepdn/udma_uart_rx.odb'…
Reading design constraints file at '/nix/store/ffl2vg3m80k0p74pyffnmai83fnv38mf-python3-3.13.9-env/lib/python3.13/site-packages/librelane/scripts/base.sdc'…
[INFO] Using clock clk_i…
[INFO] Setting output delay to: 4
[INFO] Setting input delay to: 4
[INFO] Setting load to: 0.07291
[INFO] Setting clock uncertainty to: 0.25
[INFO] Setting clock transition to: 0.1499999999999999944488848768742172978818416595458984375
[INFO] Setting timing derate to: 5%
+ global_placement -density 0.4 -skip_io -pad_right 0 -pad_left 0 -init_wirelength_coef 0.25
[INFO GPL-0001] ---- Initialize GPL Main Data Structures
[INFO GPL-0002] DBU: 2000
[INFO GPL-0003] SiteSize: (  0.560  3.920 ) um
[INFO GPL-0004] CoreBBox: (  6.720 15.680 ) ( 148.400 156.800 ) um
[INFO GPL-0036] Movable instances area:       6041.190 um^2
[INFO GPL-0037] Total instances area:         6625.114 um^2
[INFO GPL-0035] Pin density area adjust:       508.319 um^2
[INFO GPL-0032] ---- Initialize Region: Top-level
[INFO GPL-0006] Number of instances:               352
[INFO GPL-0007] Movable instances:                 219
[INFO GPL-0008] Fixed instances:                   133
[INFO GPL-0009] Dummy instances:                     0
[INFO GPL-0010] Number of nets:                    244
[INFO GPL-0011] Number of pins:                    777
[INFO GPL-0012] Die BBox:  (  0.000  0.000 ) ( 155.345 173.265 ) um
[INFO GPL-0013] Core BBox: (  6.720 15.680 ) ( 148.400 156.800 ) um
[INFO GPL-0016] Core area:                   19993.882 um^2
[INFO GPL-0014] Region name: top-level.
[INFO GPL-0015] Region area:                 19993.882 um^2
[INFO GPL-0017] Fixed instances area:          583.923 um^2
[INFO GPL-0018] Movable instances area:       6549.510 um^2
[INFO GPL-0019] Utilization:                    33.743 %
[INFO GPL-0020] Standard cells area:          6549.510 um^2
[INFO GPL-0021] Large instances area:            0.000 um^2
[INFO GPL-0005] ---- Execute Conjugate Gradient Initial Placement.
[INFO GPL-0051] Source of initial instance position counters:
	Odb location = 0	Core center = 219	Region center = 0
[INFO GPL-0033] ---- Initialize Nesterov Region: Top-level
[INFO GPL-0023] Placement target density:       0.4000
[INFO GPL-0024] Movable insts average area:     29.906 um^2
[INFO GPL-0025] Ideal bin area:                 74.766 um^2
[INFO GPL-0026] Ideal bin count:                   267
[INFO GPL-0027] Total bin area:              19993.882 um^2
[INFO GPL-0028] Bin count (X, Y):          16 ,     16
[INFO GPL-0029] Bin size (W * H):       8.855 *  8.820 um
[INFO GPL-0030] Number of bins:                    256
[INFO GPL-0007] ---- Execute Nesterov Global Placement.
[INFO GPL-0031] HPWL: Half-Perimeter Wirelength
Iteration | Overflow |     HPWL (um) |  HPWL(%) |   Penalty | Group
---------------------------------------------------------------
        0 |   0.9634 |  1.057302e+03 |   +0.00% |  2.70e-15 |      
       10 |   0.9638 |  9.024055e+02 |  -14.65% |  4.40e-15 |      
       20 |   0.9630 |  8.975905e+02 |   -0.53% |  7.16e-15 |      
       30 |   0.9630 |  8.959510e+02 |   -0.18% |  1.17e-14 |      
       40 |   0.9630 |  8.958375e+02 |   -0.01% |  1.90e-14 |      
       50 |   0.9630 |  8.961905e+02 |   +0.04% |  3.10e-14 |      
       60 |   0.9630 |  8.967570e+02 |   +0.06% |  5.04e-14 |      
       70 |   0.9630 |  8.983435e+02 |   +0.18% |  8.21e-14 |      
       80 |   0.9630 |  9.009840e+02 |   +0.29% |  1.34e-13 |      
       90 |   0.9630 |  9.052725e+02 |   +0.48% |  2.18e-13 |      
      100 |   0.9628 |  9.120115e+02 |   +0.74% |  3.55e-13 |      
      110 |   0.9623 |  9.219170e+02 |   +1.09% |  5.78e-13 |      
      120 |   0.9616 |  9.371495e+02 |   +1.65% |  9.42e-13 |      
      130 |   0.9611 |  9.673445e+02 |   +3.22% |  1.53e-12 |      
      140 |   0.9381 |  1.070984e+03 |  +10.71% |  2.50e-12 |      
      150 |   0.9090 |  1.149667e+03 |   +7.35% |  4.07e-12 |      
      160 |   0.8898 |  1.209437e+03 |   +5.20% |  6.63e-12 |      
      170 |   0.8635 |  1.395398e+03 |  +15.38% |  1.08e-11 |      
      180 |   0.8384 |  1.700791e+03 |  +21.89% |  1.76e-11 |      
      190 |   0.8013 |  1.974617e+03 |  +16.10% |  2.86e-11 |      
      200 |   0.7660 |  2.108880e+03 |   +6.80% |  4.67e-11 |      
      210 |   0.7294 |  2.374740e+03 |  +12.61% |  7.60e-11 |      
      220 |   0.6885 |  2.639904e+03 |  +11.17% |  1.24e-10 |      
      230 |   0.6441 |  2.857635e+03 |   +8.25% |  2.02e-10 |      
      240 |   0.6048 |  3.154401e+03 |  +10.39% |  3.28e-10 |      
      250 |   0.5644 |  3.410878e+03 |   +8.13% |  5.35e-10 |      
      260 |   0.5127 |  3.662984e+03 |   +7.39% |  8.71e-10 |      
      270 |   0.4614 |  3.921456e+03 |   +7.06% |  1.42e-09 |      
      280 |   0.4144 |  4.189618e+03 |   +6.84% |  2.31e-09 |      
      290 |   0.3618 |  4.375938e+03 |   +4.45% |  3.77e-09 |      
      300 |   0.3170 |  4.504056e+03 |   +2.93% |  5.77e-09 |      
      310 |   0.2839 |  4.647395e+03 |   +3.18% |  8.51e-09 |      
      320 |   0.2416 |  4.751185e+03 |   +2.23% |  1.25e-08 |      
      330 |   0.2076 |  4.865132e+03 |   +2.40% |  1.85e-08 |      
      340 |   0.1717 |  4.951014e+03 |   +1.77% |  2.72e-08 |      
      350 |   0.1450 |  5.016163e+03 |   +1.32% |  4.01e-08 |      
      360 |   0.1196 |  5.092037e+03 |   +1.51% |  5.90e-08 |      
      370 |   0.1024 |  5.113059e+03 |   +0.41% |  8.69e-08 |      
      371 |   0.0998 |  5.114667e+03 |          |  9.39e-08 |      
---------------------------------------------------------------
[INFO GPL-1001] Global placement finished at iteration 371
[INFO GPL-1002] Placed Cell Area             6549.5098
[INFO GPL-1003] Available Free Area         19409.9584
[INFO GPL-1004] Minimum Feasible Density        0.3400 (cell_area / free_area)
[INFO GPL-1006]   Suggested Target Densities:
[INFO GPL-1007]     - For 90% usage of free space: 0.3749
[INFO GPL-1008]     - For 80% usage of free space: 0.4218
[INFO GPL-1009]     - For 50% usage of free space: 0.6749
[INFO GPL-1014] Final placement area: 6549.51 (+0.00%)
Setting global connections for newly added cells…
[INFO] Setting global connections...
[INFO ODB-0403] 0 connections made, 0 conflicts skipped.
Updating metrics…
Cell type report:                       Count       Area
  Endcap cell                              72     316.11
  Tap cell                                133     583.92
  Inverter                                 22     193.18
  Sequential cell                          36    2735.22
  Multi-Input combinational cell          161    3112.79
  Total                                   424    6941.22
Writing OpenROAD database to '/home/sahana/core5_udma/hardening/uart_rx/runs/RUN_2026-07-26_12-38-49/24-openroad-globalplacementskipio/udma_uart_rx.odb'…
Writing netlist to '/home/sahana/core5_udma/hardening/uart_rx/runs/RUN_2026-07-26_12-38-49/24-openroad-globalplacementskipio/udma_uart_rx.nl.v'…
Writing powered netlist to '/home/sahana/core5_udma/hardening/uart_rx/runs/RUN_2026-07-26_12-38-49/24-openroad-globalplacementskipio/udma_uart_rx.pnl.v'…
Writing layout to '/home/sahana/core5_udma/hardening/uart_rx/runs/RUN_2026-07-26_12-38-49/24-openroad-globalplacementskipio/udma_uart_rx.def'…
Writing timing constraints to '/home/sahana/core5_udma/hardening/uart_rx/runs/RUN_2026-07-26_12-38-49/24-openroad-globalplacementskipio/udma_uart_rx.sdc'…
