
===========================================================================
report_checks -unconstrained
===========================================================================
======================= min_ff_n40C_5v50 Corner ===================================

Startpoint: _2030_ (rising edge-triggered flip-flop clocked by sys_clk)
Endpoint: _2067_ (recovery check against rising-edge clock sys_clk)
Path Group: asynchronous
Path Type: max

Fanout         Cap        Slew       Delay        Time   Description
---------------------------------------------------------------------------------------------
                                  0.000000    0.000000   clock sys_clk (rise edge)
                                  0.000000    0.000000   clock source latency
     1    0.059451    0.179900    0.100785    0.100785 ^ sys_clk_i (in)
                                                         sys_clk_i (net)
                      0.180355    0.000000    0.100785 ^ clkbuf_0_sys_clk_i/I (gf180mcu_fd_sc_mcu7t5v0__clkbuf_20)
    16    0.154207    0.114301    0.206390    0.307174 ^ clkbuf_0_sys_clk_i/Z (gf180mcu_fd_sc_mcu7t5v0__clkbuf_20)
                                                         clknet_0_sys_clk_i (net)
                      0.114398    0.005003    0.312177 ^ clkbuf_4_7_0_sys_clk_i/I (gf180mcu_fd_sc_mcu7t5v0__clkbuf_2)
     2    0.059818    0.340392    0.325619    0.637796 ^ clkbuf_4_7_0_sys_clk_i/Z (gf180mcu_fd_sc_mcu7t5v0__clkbuf_2)
                                                         clknet_4_7_0_sys_clk_i (net)
                      0.340404    0.001178    0.638974 ^ clkbuf_5_14__f_sys_clk_i/I (gf180mcu_fd_sc_mcu7t5v0__clkbuf_20)
     6    0.036498    0.068650    0.198894    0.837868 ^ clkbuf_5_14__f_sys_clk_i/Z (gf180mcu_fd_sc_mcu7t5v0__clkbuf_20)
                                                         clknet_5_14__leaf_sys_clk_i (net)
                      0.068653    0.001053    0.838921 ^ _2030_/CLK (gf180mcu_fd_sc_mcu7t5v0__dffrnq_1)
     2    0.033258    0.238933    0.551614    1.390535 v _2030_/Q (gf180mcu_fd_sc_mcu7t5v0__dffrnq_1)
                                                         s_uart_rx_clean_fifo (net)
                      0.238958    0.001486    1.392021 v _0923_/A2 (gf180mcu_fd_sc_mcu7t5v0__nor2_1)
     2    0.018777    0.411776    0.292401    1.684422 ^ _0923_/ZN (gf180mcu_fd_sc_mcu7t5v0__nor2_1)
                                                         u_dc_fifo_rx.dst_rstn_i (net)
                      0.411776    0.000568    1.684990 ^ fanout336/I (gf180mcu_fd_sc_mcu7t5v0__dlyd_1)
     1    0.009201    0.143494    1.338544    3.023534 ^ fanout336/Z (gf180mcu_fd_sc_mcu7t5v0__dlyd_1)
                                                         net336 (net)
                      0.143495    0.000249    3.023782 ^ wire338/I (gf180mcu_fd_sc_mcu7t5v0__clkbuf_2)
     5    0.045889    0.265743    0.287559    3.311341 ^ wire338/Z (gf180mcu_fd_sc_mcu7t5v0__clkbuf_2)
                                                         net338 (net)
                      0.265798    0.002122    3.313463 ^ load_slew337/I (gf180mcu_fd_sc_mcu7t5v0__clkbuf_2)
     4    0.038398    0.227004    0.287694    3.601157 ^ load_slew337/Z (gf180mcu_fd_sc_mcu7t5v0__clkbuf_2)
                                                         net337 (net)
                      0.227019    0.000988    3.602146 ^ fanout329/I (gf180mcu_fd_sc_mcu7t5v0__dlyd_1)
     2    0.013995    0.190822    1.364642    4.966787 ^ fanout329/Z (gf180mcu_fd_sc_mcu7t5v0__dlyd_1)
                                                         net329 (net)
                      0.190822    0.000144    4.966932 ^ load_slew332/I (gf180mcu_fd_sc_mcu7t5v0__clkbuf_2)
     4    0.040687    0.239321    0.281538    5.248470 ^ load_slew332/Z (gf180mcu_fd_sc_mcu7t5v0__clkbuf_2)
                                                         net332 (net)
                      0.239346    0.001345    5.249815 ^ load_slew331/I (gf180mcu_fd_sc_mcu7t5v0__clkbuf_2)
     4    0.030640    0.189006    0.260217    5.510032 ^ load_slew331/Z (gf180mcu_fd_sc_mcu7t5v0__clkbuf_2)
                                                         net331 (net)
                      0.189006    0.000287    5.510319 ^ load_slew330/I (gf180mcu_fd_sc_mcu7t5v0__buf_2)
     3    0.026538    0.166018    0.196668    5.706987 ^ load_slew330/Z (gf180mcu_fd_sc_mcu7t5v0__buf_2)
                                                         net330 (net)
                      0.166019    0.000369    5.707356 ^ _2067_/SETN (gf180mcu_fd_sc_mcu7t5v0__dffsnq_1)
                                              5.707356   data arrival time

                                 20.000000   20.000000   clock sys_clk (rise edge)
                                  0.000000   20.000000   clock source latency
     1    0.059451    0.179900    0.100785   20.100786 ^ sys_clk_i (in)
                                                         sys_clk_i (net)
                      0.180355    0.000000   20.100786 ^ clkbuf_0_sys_clk_i/I (gf180mcu_fd_sc_mcu7t5v0__clkbuf_20)
    16    0.154207    0.114301    0.206390   20.307175 ^ clkbuf_0_sys_clk_i/Z (gf180mcu_fd_sc_mcu7t5v0__clkbuf_20)
                                                         clknet_0_sys_clk_i (net)
                      0.114389    0.004782   20.311956 ^ clkbuf_4_4_0_sys_clk_i/I (gf180mcu_fd_sc_mcu7t5v0__clkbuf_2)
     2    0.058822    0.335020    0.322311   20.634268 ^ clkbuf_4_4_0_sys_clk_i/Z (gf180mcu_fd_sc_mcu7t5v0__clkbuf_2)
                                                         clknet_4_4_0_sys_clk_i (net)
                      0.335036    0.001295   20.635563 ^ clkbuf_5_8__f_sys_clk_i/I (gf180mcu_fd_sc_mcu7t5v0__clkbuf_20)
     6    0.029160    0.064869    0.195108   20.830671 ^ clkbuf_5_8__f_sys_clk_i/Z (gf180mcu_fd_sc_mcu7t5v0__clkbuf_20)
                                                         clknet_5_8__leaf_sys_clk_i (net)
                      0.064869    0.000098   20.830769 ^ _2067_/CLK (gf180mcu_fd_sc_mcu7t5v0__dffsnq_1)
                                 -0.250000   20.580770   clock uncertainty
                                  0.000000   20.580770   clock reconvergence pessimism
                                  0.012664   20.593433   library recovery time
                                             20.593433   data required time
---------------------------------------------------------------------------------------------
                                             20.593433   data required time
                                             -5.707356   data arrival time
---------------------------------------------------------------------------------------------
                                             14.886077   slack (MET)


Startpoint: _1967_ (rising edge-triggered flip-flop clocked by periph_clk)
Endpoint: _1776_ (rising edge-triggered flip-flop clocked by periph_clk)
Path Group: periph_clk
Path Type: max

Fanout         Cap        Slew       Delay        Time   Description
---------------------------------------------------------------------------------------------
                                  0.000000    0.000000   clock periph_clk (rise edge)
                                  0.000000    0.000000   clock source latency
     1    0.055189    0.168962    0.093178    0.093178 ^ periph_clk_i (in)
                                                         periph_clk_i (net)
                      0.169193    0.000000    0.093178 ^ clkbuf_0_periph_clk_i/I (gf180mcu_fd_sc_mcu7t5v0__clkbuf_20)
    16    0.131372    0.105304    0.199720    0.292898 ^ clkbuf_0_periph_clk_i/Z (gf180mcu_fd_sc_mcu7t5v0__clkbuf_20)
                                                         clknet_0_periph_clk_i (net)
                      0.105312    0.001577    0.294475 ^ clkbuf_4_12_0_periph_clk_i/I (gf180mcu_fd_sc_mcu7t5v0__clkbuf_2)
     2    0.061697    0.350238    0.329360    0.623835 ^ clkbuf_4_12_0_periph_clk_i/Z (gf180mcu_fd_sc_mcu7t5v0__clkbuf_2)
                                                         clknet_4_12_0_periph_clk_i (net)
                      0.350268    0.001808    0.625643 ^ clkbuf_5_24__f_periph_clk_i/I (gf180mcu_fd_sc_mcu7t5v0__clkbuf_20)
     5    0.025608    0.063744    0.195944    0.821588 ^ clkbuf_5_24__f_periph_clk_i/Z (gf180mcu_fd_sc_mcu7t5v0__clkbuf_20)
                                                         clknet_5_24__leaf_periph_clk_i (net)
                      0.063745    0.000400    0.821988 ^ _1967_/CLK (gf180mcu_fd_sc_mcu7t5v0__dffrnq_1)
     8    0.057614    0.647930    0.868105    1.690092 ^ _1967_/Q (gf180mcu_fd_sc_mcu7t5v0__dffrnq_1)
                                                         u_uart_rx.CS[0] (net)
                      0.647936    0.001125    1.691218 ^ _1003_/A1 (gf180mcu_fd_sc_mcu7t5v0__nor2_1)
     2    0.009883    0.244129    0.136899    1.828116 v _1003_/ZN (gf180mcu_fd_sc_mcu7t5v0__nor2_1)
                                                         _0783_ (net)
                      0.244129    0.000068    1.828184 v _1005_/A4 (gf180mcu_fd_sc_mcu7t5v0__nand4_1)
     3    0.025792    0.552254    0.395906    2.224090 ^ _1005_/ZN (gf180mcu_fd_sc_mcu7t5v0__nand4_1)
                                                         _0785_ (net)
                      0.552254    0.000806    2.224896 ^ _1077_/B (gf180mcu_fd_sc_mcu7t5v0__aoi21_1)
     1    0.006597    0.280328    0.189152    2.414048 v _1077_/ZN (gf180mcu_fd_sc_mcu7t5v0__aoi21_1)
                                                         _0851_ (net)
                      0.280328    0.000153    2.414201 v fanout285/I (gf180mcu_fd_sc_mcu7t5v0__dlyd_1)
     4    0.029843    0.272818    1.568739    3.982940 v fanout285/Z (gf180mcu_fd_sc_mcu7t5v0__dlyd_1)
                                                         net285 (net)
                      0.272821    0.000598    3.983538 v fanout282/I (gf180mcu_fd_sc_mcu7t5v0__dlyd_1)
     3    0.023730    0.239019    1.536727    5.520266 v fanout282/Z (gf180mcu_fd_sc_mcu7t5v0__dlyd_1)
                                                         net282 (net)
                      0.239019    0.000238    5.520504 v load_slew284/I (gf180mcu_fd_sc_mcu7t5v0__clkbuf_2)
     6    0.038239    0.215527    0.296188    5.816691 v load_slew284/Z (gf180mcu_fd_sc_mcu7t5v0__clkbuf_2)
                                                         net284 (net)
                      0.215538    0.000862    5.817553 v _1078_/I (gf180mcu_fd_sc_mcu7t5v0__clkinv_1)
     3    0.042643    0.481059    0.341265    6.158818 ^ _1078_/ZN (gf180mcu_fd_sc_mcu7t5v0__clkinv_1)
                                                         _0852_ (net)
                      0.481063    0.000844    6.159662 ^ _1278_/A2 (gf180mcu_fd_sc_mcu7t5v0__nor2_4)
     4    0.056805    0.277123    0.189075    6.348737 v _1278_/ZN (gf180mcu_fd_sc_mcu7t5v0__nor2_4)
                                                         _0408_ (net)
                      0.277124    0.000802    6.349539 v load_slew224/I (gf180mcu_fd_sc_mcu7t5v0__clkbuf_3)
     5    0.071425    0.214302    0.312018    6.661557 v load_slew224/Z (gf180mcu_fd_sc_mcu7t5v0__clkbuf_3)
                                                         net224 (net)
                      0.214368    0.002104    6.663661 v _1285_/S (gf180mcu_fd_sc_mcu7t5v0__mux2_2)
     1    0.003630    0.064151    0.267966    6.931627 ^ _1285_/Z (gf180mcu_fd_sc_mcu7t5v0__mux2_2)
                                                         _0050_ (net)
                      0.064151    0.000037    6.931664 ^ _1776_/D (gf180mcu_fd_sc_mcu7t5v0__dffrnq_1)
                                              6.931664   data arrival time

                                 20.000000   20.000000   clock periph_clk (rise edge)
                                  0.000000   20.000000   clock source latency
     1    0.055189    0.168962    0.093179   20.093180 ^ periph_clk_i (in)
                                                         periph_clk_i (net)
                      0.169193    0.000000   20.093180 ^ clkbuf_0_periph_clk_i/I (gf180mcu_fd_sc_mcu7t5v0__clkbuf_20)
    16    0.131372    0.105304    0.199719   20.292898 ^ clkbuf_0_periph_clk_i/Z (gf180mcu_fd_sc_mcu7t5v0__clkbuf_20)
                                                         clknet_0_periph_clk_i (net)
                      0.105311    0.001497   20.294395 ^ clkbuf_4_1_0_periph_clk_i/I (gf180mcu_fd_sc_mcu7t5v0__clkbuf_2)
     2    0.059232    0.337301    0.321911   20.616308 ^ clkbuf_4_1_0_periph_clk_i/Z (gf180mcu_fd_sc_mcu7t5v0__clkbuf_2)
                                                         clknet_4_1_0_periph_clk_i (net)
                      0.337317    0.001281   20.617588 ^ clkbuf_5_3__f_periph_clk_i/I (gf180mcu_fd_sc_mcu7t5v0__clkbuf_20)
     5    0.030264    0.065474    0.195927   20.813515 ^ clkbuf_5_3__f_periph_clk_i/Z (gf180mcu_fd_sc_mcu7t5v0__clkbuf_20)
                                                         clknet_5_3__leaf_periph_clk_i (net)
                      0.065474    0.000254   20.813768 ^ _1776_/CLK (gf180mcu_fd_sc_mcu7t5v0__dffrnq_1)
                                 -0.250000   20.563770   clock uncertainty
                                  0.000000   20.563770   clock reconvergence pessimism
                                 -0.184723   20.379047   library setup time
                                             20.379047   data required time
---------------------------------------------------------------------------------------------
                                             20.379047   data required time
                                             -6.931664   data arrival time
---------------------------------------------------------------------------------------------
                                             13.447382   slack (MET)


Startpoint: cfg_addr_i[2] (input port clocked by sys_clk)
Endpoint: cfg_data_o[3] (output port clocked by sys_clk)
Path Group: sys_clk
Path Type: max

Fanout         Cap        Slew       Delay        Time   Description
---------------------------------------------------------------------------------------------
                                  0.000000    0.000000   clock sys_clk (rise edge)
                                  0.000000    0.000000   clock network delay (propagated)
                                  2.000000    2.000000 v input external delay
     1    0.013383    0.102924    0.054810    2.054810 v cfg_addr_i[2] (in)
                                                         cfg_addr_i[2] (net)
                      0.102928    0.000000    2.054810 v input3/I (gf180mcu_fd_sc_mcu7t5v0__clkbuf_2)
     8    0.078465    0.413813    0.383851    2.438660 v input3/Z (gf180mcu_fd_sc_mcu7t5v0__clkbuf_2)
                                                         net3 (net)
                      0.413907    0.003576    2.442237 v _1206_/A3 (gf180mcu_fd_sc_mcu7t5v0__nand3_1)
     3    0.014953    0.330348    0.306740    2.748976 ^ _1206_/ZN (gf180mcu_fd_sc_mcu7t5v0__nand3_1)
                                                         _0352_ (net)
                      0.330348    0.000179    2.749156 ^ _1210_/A2 (gf180mcu_fd_sc_mcu7t5v0__or2_1)
     3    0.045754    0.517897    0.436607    3.185763 ^ _1210_/Z (gf180mcu_fd_sc_mcu7t5v0__or2_1)
                                                         _0356_ (net)
                      0.517901    0.000754    3.186517 ^ _1215_/A4 (gf180mcu_fd_sc_mcu7t5v0__nor4_4)
     4    0.044061    0.377370    0.275154    3.461671 v _1215_/ZN (gf180mcu_fd_sc_mcu7t5v0__nor4_4)
                                                         _0361_ (net)
                      0.377371    0.000612    3.462283 v load_slew313/I (gf180mcu_fd_sc_mcu7t5v0__clkbuf_2)
     4    0.051622    0.281084    0.367552    3.829835 v load_slew313/Z (gf180mcu_fd_sc_mcu7t5v0__clkbuf_2)
                                                         net313 (net)
                      0.281129    0.001998    3.831833 v fanout310/I (gf180mcu_fd_sc_mcu7t5v0__dlyd_1)
     5    0.039380    0.327100    1.613240    5.445073 v fanout310/Z (gf180mcu_fd_sc_mcu7t5v0__dlyd_1)
                                                         net310 (net)
                      0.327101    0.000373    5.445446 v load_slew311/I (gf180mcu_fd_sc_mcu7t5v0__clkbuf_2)
     6    0.063183    0.336575    0.390530    5.835976 v load_slew311/Z (gf180mcu_fd_sc_mcu7t5v0__clkbuf_2)
                                                         net311 (net)
                      0.336722    0.004005    5.839982 v _1239_/B1 (gf180mcu_fd_sc_mcu7t5v0__aoi222_1)
     1    0.007190    0.568978    0.389980    6.229961 ^ _1239_/ZN (gf180mcu_fd_sc_mcu7t5v0__aoi222_1)
                                                         _0382_ (net)
                      0.568978    0.000092    6.230053 ^ _1240_/A2 (gf180mcu_fd_sc_mcu7t5v0__nand2_1)
     1    0.005242    0.177366    0.076954    6.307008 v _1240_/ZN (gf180mcu_fd_sc_mcu7t5v0__nand2_1)
                                                         net138 (net)
                      0.177366    0.000060    6.307068 v output138/I (gf180mcu_fd_sc_mcu7t5v0__clkbuf_2)
     1    0.081020    0.427453    0.412559    6.719627 v output138/Z (gf180mcu_fd_sc_mcu7t5v0__clkbuf_2)
                                                         cfg_data_o[3] (net)
                      0.427480    0.001968    6.721595 v cfg_data_o[3] (out)
                                              6.721595   data arrival time

                                 20.000000   20.000000   clock sys_clk (rise edge)
                                  0.000000   20.000000   clock network delay (propagated)
                                 -0.250000   19.750002   clock uncertainty
                                  0.000000   19.750002   clock reconvergence pessimism
                                 -2.000000   17.750002   output external delay
                                             17.750002   data required time
---------------------------------------------------------------------------------------------
                                             17.750002   data required time
                                             -6.721595   data arrival time
---------------------------------------------------------------------------------------------
                                             11.028405   slack (MET)




===========================================================================
report_checks --slack_max -0.01
============================================================================
======================= min_ff_n40C_5v50 Corner ===================================

No paths found.


===========================================================================
 report_check_types -max_slew -max_cap -max_fanout -violators
============================================================================
======================= min_ff_n40C_5v50 Corner ===================================

max fanout

Pin                                   Limit Fanout  Slack
---------------------------------------------------------
clkbuf_0_periph_clk_i/Z                  10     16     -6 (VIOLATED)
clkbuf_0_sys_clk_i/Z                     10     16     -6 (VIOLATED)



===========================================================================
report_parasitic_annotation -report_unannotated
============================================================================
Found 46 unannotated drivers.
 data_tx_i[10]
 data_tx_i[11]
 data_tx_i[12]
 data_tx_i[13]
 data_tx_i[14]
 data_tx_i[15]
 data_tx_i[16]
 data_tx_i[17]
 data_tx_i[18]
 data_tx_i[19]
 data_tx_i[20]
 data_tx_i[21]
 data_tx_i[22]
 data_tx_i[23]
 data_tx_i[24]
 data_tx_i[25]
 data_tx_i[26]
 data_tx_i[27]
 data_tx_i[28]
 data_tx_i[29]
 data_tx_i[30]
 data_tx_i[31]
 data_tx_i[8]
 data_tx_i[9]
 clkload0/Z
 clkload1/Z
 clkload10/Z
 clkload11/Z
 clkload12/Z
 clkload13/Z
 clkload14/Z
 clkload15/Z
 clkload16/Z
 clkload17/Z
 clkload18/Z
 clkload19/Z
 clkload2/Z
 clkload20/Z
 clkload21/Z
 clkload3/Z
 clkload4/Z
 clkload5/Z
 clkload6/Z
 clkload7/Z
 clkload8/Z
 clkload9/Z
Found 0 partially unannotated drivers.

===========================================================================
max slew violation count 0
max fanout violation count 2
max cap violation count 0
============================================================================

===========================================================================
check_setup -verbose -unconstrained_endpoints -multiple_clock -no_clock -no_input_delay -loops -generated_clocks
===========================================================================
Warning: There is 1 input port missing set_input_delay.
  rstn_i
