Clock: sys_clk
Sources: sys_clk_i 
Generated: no
Virtual: yes
Propagated: no
Period: 20.000000

===========================================================================
report_clock_properties
============================================================================
Clock                   Period          Waveform
----------------------------------------------------
sys_clk              20.000000    0.000000 10.000000

===========================================================================
report_clock_latency
============================================================================
Clock sys_clk
rise -> rise
    min     max
0.000000 0.000000 source latency
0.830769         network latency _2067_/CLK
        0.866872 network latency _1905_/CLK
---------------
0.830769 0.866872 latency
        0.036103 skew

fall -> fall
    min     max
0.000000 0.000000 source latency
0.804882         network latency _2067_/CLK
        0.843205 network latency _1905_/CLK
---------------
0.804882 0.843205 latency
        0.038323 skew



===========================================================================
report_clock_min_period
============================================================================
sys_clk period_min = 5.11 fmax = 195.54
Clock: periph_clk
Sources: periph_clk_i 
Generated: no
Virtual: yes
Propagated: no
Period: 20.000000

===========================================================================
report_clock_properties
============================================================================
Clock                   Period          Waveform
----------------------------------------------------
periph_clk           20.000000    0.000000 10.000000

===========================================================================
report_clock_latency
============================================================================
Clock periph_clk
rise -> rise
    min     max
0.000000 0.000000 source latency
0.808276         network latency _2032_/CLK
        0.829475 network latency _1991_/CLK
---------------
0.808276 0.829475 latency
        0.021199 skew

fall -> fall
    min     max
0.000000 0.000000 source latency
0.784524         network latency _2032_/CLK
        0.806931 network latency _1991_/CLK
---------------
0.784524 0.806931 latency
        0.022407 skew



===========================================================================
report_clock_min_period
============================================================================
periph_clk period_min = 6.55 fmax = 152.61
