Reading timing models for corner max_ss_125C_4v50…
Reading timing library for the 'max_ss_125C_4v50' corner at '/home/sahana/.ciel/gf180mcuD/libs.ref/gf180mcu_fd_sc_mcu7t5v0/lib/gf180mcu_fd_sc_mcu7t5v0__ss_125C_4v50.lib'…
Reading OpenROAD database at '/home/sahana/core5_udma/hardening/uart_top/runs/TRIAL_8/41-openroad-repairdesignpostgrt/udma_uart_top.odb'…
Reading design constraints file at '/home/sahana/core5_udma/hardening/uart_top/constraints.closure.sdc'…
+ repair_antennas gf180mcu_fd_sc_mcu7t5v0__antenna -iterations 3 -ratio_margin 10
[INFO GRT-0012] Found 2 antenna violations.
[INFO GRT-0302] Inserted 2 jumpers for 2 nets.
[INFO GRT-0012] Found 0 antenna violations.
Setting global connections for newly added cells…
[INFO] Setting global connections...
[INFO ODB-0403] 0 connections made, 0 conflicts skipped.
Updating metrics…
Cell type report:                       Count       Area
  Endcap cell                             194     851.74
  Tap cell                                942    4135.76
  Tie cell                                 33     289.77
  Clock buffer                            119    9913.52
  Timing Repair Buffer                    492   13136.08
  Inverter                                 69     605.88
  Sequential cell                         339   25455.54
  Multi-Input combinational cell          843   17713.07
  Total                                  3031   72101.34
Writing OpenROAD database to '/home/sahana/core5_udma/hardening/uart_top/runs/TRIAL_8/43-openroad-repairantennas/1-openroad-diodeinsertion/udma_uart_top.odb'…
Writing layout to '/home/sahana/core5_udma/hardening/uart_top/runs/TRIAL_8/43-openroad-repairantennas/1-openroad-diodeinsertion/udma_uart_top.def'…
