149. Printing statistics.

=== udma_uart_top ===

        +----------Local Count, excluding submodules.
        |        +-Local Area, excluding submodules.
        |        | 
     1631        - wires
     2089        - wire bits
      136        - public wires
      587        - public wire bits
       43        - ports
      279        - port bits
     1909 2.55E+04 cells
      448        -   $_ANDNOT_
       28        -   $_AND_
      320        -   $_MUX_
       55        -   $_NAND_
       29        -   $_NOR_
       44        -   $_NOT_
       72        -   $_ORNOT_
      477        -   $_OR_
       13        -   $_XNOR_
       84        -   $_XOR_
      304 2.27E+04   gf180mcu_fd_sc_mcu7t5v0__dffrnq_1
       35 2.77E+03   gf180mcu_fd_sc_mcu7t5v0__dffsnq_1

   Area for cell type $_ANDNOT_ is unknown!
   Area for cell type $_AND_ is unknown!
   Area for cell type $_MUX_ is unknown!
   Area for cell type $_NAND_ is unknown!
   Area for cell type $_NOR_ is unknown!
   Area for cell type $_NOT_ is unknown!
   Area for cell type $_ORNOT_ is unknown!
   Area for cell type $_OR_ is unknown!
   Area for cell type $_XNOR_ is unknown!
   Area for cell type $_XOR_ is unknown!

   Chip area for module '\udma_uart_top': 25455.539200
     of which used for sequential elements: 25455.539200 (100.00%)

