Reading timing models for corner nom_tt_025C_5v00…
Reading timing library for the 'nom_tt_025C_5v00' corner at '/home/sahana/.ciel/gf180mcuD/libs.ref/gf180mcu_fd_sc_mcu7t5v0/lib/gf180mcu_fd_sc_mcu7t5v0__tt_025C_5v00.lib'…
Reading OpenROAD database at '/home/sahana/core5_udma/hardening/uart_rx/runs/RUN_2026-07-26_12-38-49/25-openroad-ioplacement/udma_uart_rx.odb'…
Reading design constraints file at '/nix/store/ffl2vg3m80k0p74pyffnmai83fnv38mf-python3-3.13.9-env/lib/python3.13/site-packages/librelane/scripts/base.sdc'…
[INFO] Using clock clk_i…
[INFO] Setting output delay to: 4
[INFO] Setting input delay to: 4
[INFO] Setting load to: 0.07291
[INFO] Setting clock uncertainty to: 0.25
[INFO] Setting clock transition to: 0.1499999999999999944488848768742172978818416595458984375
[INFO] Setting timing derate to: 5%
[INFO] Setting signal min routing layer to: Metal2 and clock min routing layer to Metal2. 
[INFO] Setting signal max routing layer to: Metal5 and clock max routing layer to Metal5. 
+ global_placement -density 0.4 -routability_driven -pad_right 0 -pad_left 0 -init_wirelength_coef 0.25
[INFO GPL-0001] ---- Initialize GPL Main Data Structures
[INFO GPL-0002] DBU: 2000
[INFO GPL-0003] SiteSize: (  0.560  3.920 ) um
[INFO GPL-0004] CoreBBox: (  6.720 15.680 ) ( 148.400 156.800 ) um
[INFO GPL-0036] Movable instances area:       6041.190 um^2
[INFO GPL-0037] Total instances area:         6625.114 um^2
[INFO GPL-0035] Pin density area adjust:       508.319 um^2
[INFO GPL-0032] ---- Initialize Region: Top-level
[INFO GPL-0006] Number of instances:               352
[INFO GPL-0007] Movable instances:                 219
[INFO GPL-0008] Fixed instances:                   133
[INFO GPL-0009] Dummy instances:                     0
[INFO GPL-0010] Number of nets:                    244
[INFO GPL-0011] Number of pins:                    815
[INFO GPL-0012] Die BBox:  (  0.000  0.000 ) ( 155.345 173.265 ) um
[INFO GPL-0013] Core BBox: (  6.720 15.680 ) ( 148.400 156.800 ) um
[INFO GPL-0016] Core area:                   19993.882 um^2
[INFO GPL-0014] Region name: top-level.
[INFO GPL-0015] Region area:                 19993.882 um^2
[INFO GPL-0017] Fixed instances area:          583.923 um^2
[INFO GPL-0018] Movable instances area:       6549.510 um^2
[INFO GPL-0019] Utilization:                    33.743 %
[INFO GPL-0020] Standard cells area:          6549.510 um^2
[INFO GPL-0021] Large instances area:            0.000 um^2
[INFO GPL-0005] ---- Execute Conjugate Gradient Initial Placement.
[INFO GPL-0051] Source of initial instance position counters:
	Odb location = 219	Core center = 0	Region center = 0
[InitialPlace]  Iter: 1 conjugate gradient residual: 0.00000011 HPWL: 18286892
[InitialPlace]  Iter: 2 conjugate gradient residual: 0.00000006 HPWL: 14314076
[InitialPlace]  Iter: 3 conjugate gradient residual: 0.00000011 HPWL: 13320920
[InitialPlace]  Iter: 4 conjugate gradient residual: 0.00000011 HPWL: 12704612
[InitialPlace]  Iter: 5 conjugate gradient residual: 0.00000012 HPWL: 12282436
[INFO GPL-0033] ---- Initialize Nesterov Region: Top-level
[INFO GPL-0023] Placement target density:       0.4000
[INFO GPL-0024] Movable insts average area:     29.906 um^2
[INFO GPL-0025] Ideal bin area:                 74.766 um^2
[INFO GPL-0026] Ideal bin count:                   267
[INFO GPL-0027] Total bin area:              19993.882 um^2
[INFO GPL-0028] Bin count (X, Y):          16 ,     16
[INFO GPL-0029] Bin size (W * H):       8.855 *  8.820 um
[INFO GPL-0030] Number of bins:                    256
[INFO GPL-0007] ---- Execute Nesterov Global Placement.
[INFO GPL-0031] HPWL: Half-Perimeter Wirelength
Iteration | Overflow |     HPWL (um) |  HPWL(%) |   Penalty | Group
---------------------------------------------------------------
        0 |   0.7437 |  3.991867e+03 |   +0.00% |  9.26e-15 |      
       10 |   0.6914 |  4.407003e+03 |  +10.40% |  1.51e-14 |      
       20 |   0.6878 |  4.485474e+03 |   +1.78% |  2.46e-14 |      
       30 |   0.6868 |  4.501722e+03 |   +0.36% |  4.00e-14 |      
       40 |   0.6865 |  4.471102e+03 |   -0.68% |  6.52e-14 |      
       50 |   0.6875 |  4.466843e+03 |   -0.10% |  1.06e-13 |      
       60 |   0.6870 |  4.479293e+03 |   +0.28% |  1.73e-13 |      
       70 |   0.6867 |  4.479555e+03 |   +0.01% |  2.82e-13 |      
       80 |   0.6865 |  4.473588e+03 |   -0.13% |  4.59e-13 |      
       90 |   0.6861 |  4.475520e+03 |   +0.04% |  7.47e-13 |      
      100 |   0.6859 |  4.480520e+03 |   +0.11% |  1.22e-12 |      
      110 |   0.6852 |  4.482200e+03 |   +0.04% |  1.98e-12 |      
      120 |   0.6841 |  4.485370e+03 |   +0.07% |  3.23e-12 |      
      130 |   0.6826 |  4.493906e+03 |   +0.19% |  5.26e-12 |      
      140 |   0.6807 |  4.506136e+03 |   +0.27% |  8.57e-12 |      
      150 |   0.6764 |  4.524569e+03 |   +0.41% |  1.40e-11 |      
      160 |   0.6674 |  4.549985e+03 |   +0.56% |  2.27e-11 |      
      170 |   0.6575 |  4.594745e+03 |   +0.98% |  3.70e-11 |      
      180 |   0.6421 |  4.662229e+03 |   +1.47% |  6.03e-11 |      
      190 |   0.6224 |  4.745131e+03 |   +1.78% |  9.83e-11 |      
      200 |   0.5990 |  4.856520e+03 |   +2.35% |  1.60e-10 |      
[INFO GPL-0038] Routability snapshot saved at iter = 201
      200 |   0.5990 |  4.856520e+03 |          |           |      
      210 |   0.5699 |  4.970659e+03 |   +2.35% |  2.61e-10 |      
      220 |   0.5337 |  5.104518e+03 |   +2.69% |  4.25e-10 |      
      230 |   0.4934 |  5.252582e+03 |   +2.90% |  6.92e-10 |      
      240 |   0.4522 |  5.406395e+03 |   +2.93% |  1.13e-09 |      
      250 |   0.4079 |  5.544239e+03 |   +2.55% |  1.84e-09 |      
      260 |   0.3586 |  5.664158e+03 |   +2.16% |  2.99e-09 |      
      270 |   0.3175 |  5.739698e+03 |   +1.33% |  4.54e-09 |      
[INFO GPL-0040] Routability iteration: 1
[INFO GPL-0041] Total routing overflow: 0.0000
[INFO GPL-0042] Number of overflowed tiles: 0 (0.00%)
[INFO GPL-0043] Average top 0.5% routing congestion: 0.6346
[INFO GPL-0044] Average top 1.0% routing congestion: 0.6230
[INFO GPL-0045] Average top 2.0% routing congestion: 0.6016
[INFO GPL-0046] Average top 5.0% routing congestion: 0.5662
[INFO GPL-0047] Routability iteration weighted routing congestion: 0.6288
[INFO GPL-0050] Weighted routing congestion is lower than target routing congestion(1.0100), end routability optimization.
[INFO GPL-0090] Routability finished. Target routing congestion achieved succesfully.
Iteration | Overflow |     HPWL (um) |  HPWL(%) |   Penalty | Group
---------------------------------------------------------------
      280 |   0.2783 |  5.811360e+03 |   +1.25% |  6.69e-09 |      
      290 |   0.2416 |  5.879484e+03 |   +1.17% |  9.85e-09 |      
      300 |   0.2108 |  5.951035e+03 |   +1.22% |  1.45e-08 |      
      310 |   0.1787 |  5.995565e+03 |   +0.75% |  2.14e-08 |      
      320 |   0.1516 |  6.055764e+03 |   +1.00% |  3.15e-08 |      
      330 |   0.1306 |  6.115444e+03 |   +0.99% |  4.64e-08 |      
      340 |   0.1102 |  6.166831e+03 |   +0.84% |  6.83e-08 |      
      346 |   0.0978 |  6.190230e+03 |          |  8.96e-08 |      
---------------------------------------------------------------
[INFO GPL-1001] Global placement finished at iteration 346
[INFO GPL-1003] Routability mode iteration count: 74
[INFO GPL-1005] Routability final weighted congestion: 0.6071
[INFO GPL-1002] Placed Cell Area             6549.5098
[INFO GPL-1003] Available Free Area         19409.9584
[INFO GPL-1004] Minimum Feasible Density        0.3400 (cell_area / free_area)
[INFO GPL-1006]   Suggested Target Densities:
[INFO GPL-1007]     - For 90% usage of free space: 0.3749
[INFO GPL-1008]     - For 80% usage of free space: 0.4218
[INFO GPL-1009]     - For 50% usage of free space: 0.6749
[INFO GPL-1011] Original area (um^2): 6549.51
[INFO GPL-1012] Total routability artificial inflation: 0.00 (+0.00%)
[INFO GPL-1014] Final placement area: 6549.51 (+0.00%)
Setting global connections for newly added cells…
[INFO] Setting global connections...
[INFO ODB-0403] 0 connections made, 0 conflicts skipped.
Updating metrics…
Cell type report:                       Count       Area
  Endcap cell                              72     316.11
  Tap cell                                133     583.92
  Inverter                                 22     193.18
  Sequential cell                          36    2735.22
  Multi-Input combinational cell          161    3112.79
  Total                                   424    6941.22
Writing OpenROAD database to '/home/sahana/core5_udma/hardening/uart_rx/runs/RUN_2026-07-26_12-38-49/28-openroad-globalplacement/udma_uart_rx.odb'…
Writing netlist to '/home/sahana/core5_udma/hardening/uart_rx/runs/RUN_2026-07-26_12-38-49/28-openroad-globalplacement/udma_uart_rx.nl.v'…
Writing powered netlist to '/home/sahana/core5_udma/hardening/uart_rx/runs/RUN_2026-07-26_12-38-49/28-openroad-globalplacement/udma_uart_rx.pnl.v'…
Writing layout to '/home/sahana/core5_udma/hardening/uart_rx/runs/RUN_2026-07-26_12-38-49/28-openroad-globalplacement/udma_uart_rx.def'…
Writing timing constraints to '/home/sahana/core5_udma/hardening/uart_rx/runs/RUN_2026-07-26_12-38-49/28-openroad-globalplacement/udma_uart_rx.sdc'…
