Clock: clk_i
Sources: clk_i 
Generated: no
Virtual: yes
Propagated: no
Period: 20.000000

===========================================================================
report_clock_properties
============================================================================
Clock                   Period          Waveform
----------------------------------------------------
clk_i                20.000000    0.000000 10.000000

===========================================================================
report_clock_latency
============================================================================
Clock clk_i
rise -> rise
    min     max
0.000000 0.000000 source latency
1.109996         network latency _282_/CLK
        1.123654 network latency _301_/CLK
---------------
1.109996 1.123654 latency
        0.013658 skew

fall -> fall
    min     max
0.000000 0.000000 source latency
1.032205         network latency _282_/CLK
        1.046902 network latency _301_/CLK
---------------
1.032205 1.046902 latency
        0.014697 skew



===========================================================================
report_clock_min_period
============================================================================
clk_i period_min = 10.19 fmax = 98.14
