
===========================================================================
report_checks -unconstrained
===========================================================================
======================= min_tt_025C_5v00 Corner ===================================

Startpoint: _2030_ (rising edge-triggered flip-flop clocked by sys_clk)
Endpoint: _2067_ (recovery check against rising-edge clock sys_clk)
Path Group: asynchronous
Path Type: max

Fanout         Cap        Slew       Delay        Time   Description
---------------------------------------------------------------------------------------------
                                  0.000000    0.000000   clock sys_clk (rise edge)
                                  0.000000    0.000000   clock source latency
     1    0.059351    0.270894    0.145685    0.145685 ^ sys_clk_i (in)
                                                         sys_clk_i (net)
                      0.271154    0.000000    0.145685 ^ clkbuf_0_sys_clk_i/I (gf180mcu_fd_sc_mcu7t5v0__clkbuf_20)
    16    0.154191    0.179069    0.323063    0.468749 ^ clkbuf_0_sys_clk_i/Z (gf180mcu_fd_sc_mcu7t5v0__clkbuf_20)
                                                         clknet_0_sys_clk_i (net)
                      0.179126    0.005015    0.473764 ^ clkbuf_4_7_0_sys_clk_i/I (gf180mcu_fd_sc_mcu7t5v0__clkbuf_2)
     2    0.059618    0.512572    0.497865    0.971629 ^ clkbuf_4_7_0_sys_clk_i/Z (gf180mcu_fd_sc_mcu7t5v0__clkbuf_2)
                                                         clknet_4_7_0_sys_clk_i (net)
                      0.512581    0.001174    0.972803 ^ clkbuf_5_14__f_sys_clk_i/I (gf180mcu_fd_sc_mcu7t5v0__clkbuf_20)
     6    0.036540    0.106978    0.307300    1.280103 ^ clkbuf_5_14__f_sys_clk_i/Z (gf180mcu_fd_sc_mcu7t5v0__clkbuf_20)
                                                         clknet_5_14__leaf_sys_clk_i (net)
                      0.106980    0.001054    1.281157 ^ _2030_/CLK (gf180mcu_fd_sc_mcu7t5v0__dffrnq_1)
     2    0.033354    0.359678    0.873347    2.154504 v _2030_/Q (gf180mcu_fd_sc_mcu7t5v0__dffrnq_1)
                                                         s_uart_rx_clean_fifo (net)
                      0.359693    0.001491    2.155995 v _0923_/A2 (gf180mcu_fd_sc_mcu7t5v0__nor2_1)
     2    0.018761    0.663358    0.467933    2.623929 ^ _0923_/ZN (gf180mcu_fd_sc_mcu7t5v0__nor2_1)
                                                         u_dc_fifo_rx.dst_rstn_i (net)
                      0.663358    0.000568    2.624496 ^ fanout336/I (gf180mcu_fd_sc_mcu7t5v0__dlyd_1)
     1    0.009200    0.225394    2.289667    4.914164 ^ fanout336/Z (gf180mcu_fd_sc_mcu7t5v0__dlyd_1)
                                                         net336 (net)
                      0.225395    0.000249    4.914412 ^ wire338/I (gf180mcu_fd_sc_mcu7t5v0__clkbuf_2)
     5    0.045655    0.401844    0.442495    5.356907 ^ wire338/Z (gf180mcu_fd_sc_mcu7t5v0__clkbuf_2)
                                                         net338 (net)
                      0.401881    0.002111    5.359019 ^ load_slew337/I (gf180mcu_fd_sc_mcu7t5v0__clkbuf_2)
     4    0.038111    0.343037    0.441517    5.800535 ^ load_slew337/Z (gf180mcu_fd_sc_mcu7t5v0__clkbuf_2)
                                                         net337 (net)
                      0.343039    0.000981    5.801517 ^ fanout329/I (gf180mcu_fd_sc_mcu7t5v0__dlyd_1)
     2    0.013919    0.294629    2.326393    8.127910 ^ fanout329/Z (gf180mcu_fd_sc_mcu7t5v0__dlyd_1)
                                                         net329 (net)
                      0.294629    0.000144    8.128053 ^ load_slew332/I (gf180mcu_fd_sc_mcu7t5v0__clkbuf_2)
     4    0.040461    0.361301    0.433533    8.561586 ^ load_slew332/Z (gf180mcu_fd_sc_mcu7t5v0__clkbuf_2)
                                                         net332 (net)
                      0.361317    0.001338    8.562924 ^ load_slew331/I (gf180mcu_fd_sc_mcu7t5v0__clkbuf_2)
     4    0.030405    0.286418    0.399900    8.962824 ^ load_slew331/Z (gf180mcu_fd_sc_mcu7t5v0__clkbuf_2)
                                                         net331 (net)
                      0.286418    0.000285    8.963109 ^ load_slew330/I (gf180mcu_fd_sc_mcu7t5v0__buf_2)
     3    0.026286    0.249883    0.298949    9.262058 ^ load_slew330/Z (gf180mcu_fd_sc_mcu7t5v0__buf_2)
                                                         net330 (net)
                      0.249883    0.000365    9.262424 ^ _2067_/SETN (gf180mcu_fd_sc_mcu7t5v0__dffsnq_1)
                                              9.262424   data arrival time

                                 20.000000   20.000000   clock sys_clk (rise edge)
                                  0.000000   20.000000   clock source latency
     1    0.059351    0.270894    0.145686   20.145687 ^ sys_clk_i (in)
                                                         sys_clk_i (net)
                      0.271154    0.000000   20.145687 ^ clkbuf_0_sys_clk_i/I (gf180mcu_fd_sc_mcu7t5v0__clkbuf_20)
    16    0.154191    0.179069    0.323062   20.468750 ^ clkbuf_0_sys_clk_i/Z (gf180mcu_fd_sc_mcu7t5v0__clkbuf_20)
                                                         clknet_0_sys_clk_i (net)
                      0.179121    0.004794   20.473543 ^ clkbuf_4_4_0_sys_clk_i/I (gf180mcu_fd_sc_mcu7t5v0__clkbuf_2)
     2    0.058622    0.504584    0.493074   20.966618 ^ clkbuf_4_4_0_sys_clk_i/Z (gf180mcu_fd_sc_mcu7t5v0__clkbuf_2)
                                                         clknet_4_4_0_sys_clk_i (net)
                      0.504595    0.001290   20.967907 ^ clkbuf_5_8__f_sys_clk_i/I (gf180mcu_fd_sc_mcu7t5v0__clkbuf_20)
     6    0.029202    0.101151    0.301423   21.269329 ^ clkbuf_5_8__f_sys_clk_i/Z (gf180mcu_fd_sc_mcu7t5v0__clkbuf_20)
                                                         clknet_5_8__leaf_sys_clk_i (net)
                      0.101151    0.000099   21.269430 ^ _2067_/CLK (gf180mcu_fd_sc_mcu7t5v0__dffsnq_1)
                                 -0.250000   21.019430   clock uncertainty
                                  0.000000   21.019430   clock reconvergence pessimism
                                  0.016290   21.035719   library recovery time
                                             21.035719   data required time
---------------------------------------------------------------------------------------------
                                             21.035719   data required time
                                             -9.262424   data arrival time
---------------------------------------------------------------------------------------------
                                             11.773296   slack (MET)


Startpoint: _1967_ (rising edge-triggered flip-flop clocked by periph_clk)
Endpoint: _1776_ (rising edge-triggered flip-flop clocked by periph_clk)
Path Group: periph_clk
Path Type: max

Fanout         Cap        Slew       Delay        Time   Description
---------------------------------------------------------------------------------------------
                                  0.000000    0.000000   clock periph_clk (rise edge)
                                  0.000000    0.000000   clock source latency
     1    0.055089    0.254604    0.134942    0.134942 ^ periph_clk_i (in)
                                                         periph_clk_i (net)
                      0.254675    0.000000    0.134942 ^ clkbuf_0_periph_clk_i/I (gf180mcu_fd_sc_mcu7t5v0__clkbuf_20)
    16    0.131356    0.163842    0.310880    0.445823 ^ clkbuf_0_periph_clk_i/Z (gf180mcu_fd_sc_mcu7t5v0__clkbuf_20)
                                                         clknet_0_periph_clk_i (net)
                      0.163846    0.001577    0.447400 ^ clkbuf_4_12_0_periph_clk_i/I (gf180mcu_fd_sc_mcu7t5v0__clkbuf_2)
     2    0.061497    0.527279    0.503090    0.950490 ^ clkbuf_4_12_0_periph_clk_i/Z (gf180mcu_fd_sc_mcu7t5v0__clkbuf_2)
                                                         clknet_4_12_0_periph_clk_i (net)
                      0.527299    0.001803    0.952293 ^ clkbuf_5_24__f_periph_clk_i/I (gf180mcu_fd_sc_mcu7t5v0__clkbuf_20)
     5    0.025643    0.099439    0.302541    1.254835 ^ clkbuf_5_24__f_periph_clk_i/Z (gf180mcu_fd_sc_mcu7t5v0__clkbuf_20)
                                                         clknet_5_24__leaf_periph_clk_i (net)
                      0.099439    0.000400    1.255235 ^ _1967_/CLK (gf180mcu_fd_sc_mcu7t5v0__dffrnq_1)
     8    0.058005    0.983783    1.382380    2.637615 ^ _1967_/Q (gf180mcu_fd_sc_mcu7t5v0__dffrnq_1)
                                                         u_uart_rx.CS[0] (net)
                      0.983787    0.001132    2.638747 ^ _1003_/A1 (gf180mcu_fd_sc_mcu7t5v0__nor2_1)
     2    0.009940    0.376189    0.221367    2.860115 v _1003_/ZN (gf180mcu_fd_sc_mcu7t5v0__nor2_1)
                                                         _0783_ (net)
                      0.376189    0.000068    2.860183 v _1005_/A4 (gf180mcu_fd_sc_mcu7t5v0__nand4_1)
     3    0.025847    0.847951    0.608586    3.468769 ^ _1005_/ZN (gf180mcu_fd_sc_mcu7t5v0__nand4_1)
                                                         _0785_ (net)
                      0.847951    0.000808    3.469577 ^ _1077_/B (gf180mcu_fd_sc_mcu7t5v0__aoi21_1)
     1    0.006589    0.422334    0.295298    3.764874 v _1077_/ZN (gf180mcu_fd_sc_mcu7t5v0__aoi21_1)
                                                         _0851_ (net)
                      0.422334    0.000152    3.765027 v fanout285/I (gf180mcu_fd_sc_mcu7t5v0__dlyd_1)
     4    0.029896    0.431421    2.645886    6.410913 v fanout285/Z (gf180mcu_fd_sc_mcu7t5v0__dlyd_1)
                                                         net285 (net)
                      0.431423    0.000599    6.411511 v fanout282/I (gf180mcu_fd_sc_mcu7t5v0__dlyd_1)
     3    0.023975    0.382122    2.604622    9.016134 v fanout282/Z (gf180mcu_fd_sc_mcu7t5v0__dlyd_1)
                                                         net282 (net)
                      0.382122    0.000241    9.016375 v load_slew284/I (gf180mcu_fd_sc_mcu7t5v0__clkbuf_2)
     6    0.038523    0.333538    0.464799    9.481174 v load_slew284/Z (gf180mcu_fd_sc_mcu7t5v0__clkbuf_2)
                                                         net284 (net)
                      0.333545    0.000869    9.482042 v _1078_/I (gf180mcu_fd_sc_mcu7t5v0__clkinv_1)
     3    0.043102    0.732917    0.520727   10.002769 ^ _1078_/ZN (gf180mcu_fd_sc_mcu7t5v0__clkinv_1)
                                                         _0852_ (net)
                      0.732920    0.000854   10.003622 ^ _1278_/A2 (gf180mcu_fd_sc_mcu7t5v0__nor2_4)
     4    0.057319    0.418191    0.296846   10.300468 v _1278_/ZN (gf180mcu_fd_sc_mcu7t5v0__nor2_4)
                                                         _0408_ (net)
                      0.418191    0.000808   10.301276 v load_slew224/I (gf180mcu_fd_sc_mcu7t5v0__clkbuf_3)
     5    0.072255    0.335681    0.488677   10.789953 v load_slew224/Z (gf180mcu_fd_sc_mcu7t5v0__clkbuf_3)
                                                         net224 (net)
                      0.335724    0.002130   10.792083 v _1285_/S (gf180mcu_fd_sc_mcu7t5v0__mux2_2)
     1    0.003601    0.098061    0.419056   11.211139 ^ _1285_/Z (gf180mcu_fd_sc_mcu7t5v0__mux2_2)
                                                         _0050_ (net)
                      0.098061    0.000036   11.211175 ^ _1776_/D (gf180mcu_fd_sc_mcu7t5v0__dffrnq_1)
                                             11.211175   data arrival time

                                 20.000000   20.000000   clock periph_clk (rise edge)
                                  0.000000   20.000000   clock source latency
     1    0.055089    0.254604    0.134943   20.134943 ^ periph_clk_i (in)
                                                         periph_clk_i (net)
                      0.254675    0.000000   20.134943 ^ clkbuf_0_periph_clk_i/I (gf180mcu_fd_sc_mcu7t5v0__clkbuf_20)
    16    0.131356    0.163842    0.310880   20.445824 ^ clkbuf_0_periph_clk_i/Z (gf180mcu_fd_sc_mcu7t5v0__clkbuf_20)
                                                         clknet_0_periph_clk_i (net)
                      0.163846    0.001499   20.447323 ^ clkbuf_4_1_0_periph_clk_i/I (gf180mcu_fd_sc_mcu7t5v0__clkbuf_2)
     2    0.059032    0.507901    0.491946   20.939268 ^ clkbuf_4_1_0_periph_clk_i/Z (gf180mcu_fd_sc_mcu7t5v0__clkbuf_2)
                                                         clknet_4_1_0_periph_clk_i (net)
                      0.507911    0.001275   20.940544 ^ clkbuf_5_3__f_periph_clk_i/I (gf180mcu_fd_sc_mcu7t5v0__clkbuf_20)
     5    0.030297    0.102062    0.302657   21.243202 ^ clkbuf_5_3__f_periph_clk_i/Z (gf180mcu_fd_sc_mcu7t5v0__clkbuf_20)
                                                         clknet_5_3__leaf_periph_clk_i (net)
                      0.102062    0.000254   21.243456 ^ _1776_/CLK (gf180mcu_fd_sc_mcu7t5v0__dffrnq_1)
                                 -0.250000   20.993456   clock uncertainty
                                  0.000000   20.993456   clock reconvergence pessimism
                                 -0.297839   20.695618   library setup time
                                             20.695618   data required time
---------------------------------------------------------------------------------------------
                                             20.695618   data required time
                                            -11.211175   data arrival time
---------------------------------------------------------------------------------------------
                                              9.484443   slack (MET)


Startpoint: cfg_rwn_i (input port clocked by sys_clk)
Endpoint: cfg_data_o[2] (output port clocked by sys_clk)
Path Group: sys_clk
Path Type: max

Fanout         Cap        Slew       Delay        Time   Description
---------------------------------------------------------------------------------------------
                                  0.000000    0.000000   clock sys_clk (rise edge)
                                  0.000000    0.000000   clock network delay (propagated)
                                  2.000000    2.000000 ^ input external delay
     1    0.015750    0.300805    0.151024    2.151024 ^ cfg_rwn_i (in)
                                                         cfg_rwn_i (net)
                      0.300805    0.000000    2.151024 ^ input38/I (gf180mcu_fd_sc_mcu7t5v0__clkbuf_2)
     8    0.069297    0.588363    0.566112    2.717135 ^ input38/Z (gf180mcu_fd_sc_mcu7t5v0__clkbuf_2)
                                                         net38 (net)
                      0.588441    0.003771    2.720907 ^ _1206_/A1 (gf180mcu_fd_sc_mcu7t5v0__nand3_1)
     3    0.014952    0.446253    0.333962    3.054869 v _1206_/ZN (gf180mcu_fd_sc_mcu7t5v0__nand3_1)
                                                         _0352_ (net)
                      0.446253    0.000179    3.055048 v _1210_/A2 (gf180mcu_fd_sc_mcu7t5v0__or2_1)
     3    0.046155    0.526039    0.771911    3.826959 v _1210_/Z (gf180mcu_fd_sc_mcu7t5v0__or2_1)
                                                         _0356_ (net)
                      0.526042    0.000761    3.827720 v _1215_/A4 (gf180mcu_fd_sc_mcu7t5v0__nor4_4)
     4    0.044282    1.006858    0.731238    4.558958 ^ _1215_/ZN (gf180mcu_fd_sc_mcu7t5v0__nor4_4)
                                                         _0361_ (net)
                      1.006858    0.000616    4.559573 ^ load_slew313/I (gf180mcu_fd_sc_mcu7t5v0__clkbuf_2)
     4    0.051776    0.454852    0.585634    5.145207 ^ load_slew313/Z (gf180mcu_fd_sc_mcu7t5v0__clkbuf_2)
                                                         net313 (net)
                      0.454884    0.002006    5.147213 ^ fanout310/I (gf180mcu_fd_sc_mcu7t5v0__dlyd_1)
     5    0.039583    0.687074    2.567559    7.714772 ^ fanout310/Z (gf180mcu_fd_sc_mcu7t5v0__dlyd_1)
                                                         net310 (net)
                      0.687074    0.000375    7.715147 ^ load_slew311/I (gf180mcu_fd_sc_mcu7t5v0__clkbuf_2)
     6    0.063540    0.543078    0.599622    8.314769 ^ load_slew311/Z (gf180mcu_fd_sc_mcu7t5v0__clkbuf_2)
                                                         net311 (net)
                      0.543152    0.003510    8.318278 ^ _1236_/B1 (gf180mcu_fd_sc_mcu7t5v0__aoi222_2)
     1    0.011330    0.575729    0.274691    8.592970 v _1236_/ZN (gf180mcu_fd_sc_mcu7t5v0__aoi222_2)
                                                         _0380_ (net)
                      0.575729    0.000392    8.593362 v _1237_/A2 (gf180mcu_fd_sc_mcu7t5v0__nand2_1)
     1    0.017153    0.436068    0.409618    9.002980 ^ _1237_/ZN (gf180mcu_fd_sc_mcu7t5v0__nand2_1)
                                                         net135 (net)
                      0.436068    0.000594    9.003574 ^ output135/I (gf180mcu_fd_sc_mcu7t5v0__buf_2)
     1    0.085348    0.718259    0.583264    9.586839 ^ output135/Z (gf180mcu_fd_sc_mcu7t5v0__buf_2)
                                                         cfg_data_o[2] (net)
                      0.718307    0.003302    9.590140 ^ cfg_data_o[2] (out)
                                              9.590140   data arrival time

                                 20.000000   20.000000   clock sys_clk (rise edge)
                                  0.000000   20.000000   clock network delay (propagated)
                                 -0.250000   19.750002   clock uncertainty
                                  0.000000   19.750002   clock reconvergence pessimism
                                 -2.000000   17.750002   output external delay
                                             17.750002   data required time
---------------------------------------------------------------------------------------------
                                             17.750002   data required time
                                             -9.590140   data arrival time
---------------------------------------------------------------------------------------------
                                              8.159861   slack (MET)




===========================================================================
report_checks --slack_max -0.01
============================================================================
======================= min_tt_025C_5v00 Corner ===================================

No paths found.


===========================================================================
 report_check_types -max_slew -max_cap -max_fanout -violators
============================================================================
======================= min_tt_025C_5v00 Corner ===================================

max fanout

Pin                                   Limit Fanout  Slack
---------------------------------------------------------
clkbuf_0_periph_clk_i/Z                  10     16     -6 (VIOLATED)
clkbuf_0_sys_clk_i/Z                     10     16     -6 (VIOLATED)



===========================================================================
report_parasitic_annotation -report_unannotated
============================================================================
Found 46 unannotated drivers.
 data_tx_i[10]
 data_tx_i[11]
 data_tx_i[12]
 data_tx_i[13]
 data_tx_i[14]
 data_tx_i[15]
 data_tx_i[16]
 data_tx_i[17]
 data_tx_i[18]
 data_tx_i[19]
 data_tx_i[20]
 data_tx_i[21]
 data_tx_i[22]
 data_tx_i[23]
 data_tx_i[24]
 data_tx_i[25]
 data_tx_i[26]
 data_tx_i[27]
 data_tx_i[28]
 data_tx_i[29]
 data_tx_i[30]
 data_tx_i[31]
 data_tx_i[8]
 data_tx_i[9]
 clkload0/Z
 clkload1/Z
 clkload10/Z
 clkload11/Z
 clkload12/Z
 clkload13/Z
 clkload14/Z
 clkload15/Z
 clkload16/Z
 clkload17/Z
 clkload18/Z
 clkload19/Z
 clkload2/Z
 clkload20/Z
 clkload21/Z
 clkload3/Z
 clkload4/Z
 clkload5/Z
 clkload6/Z
 clkload7/Z
 clkload8/Z
 clkload9/Z
Found 0 partially unannotated drivers.

===========================================================================
max slew violation count 0
max fanout violation count 2
max cap violation count 0
============================================================================

===========================================================================
check_setup -verbose -unconstrained_endpoints -multiple_clock -no_clock -no_input_delay -loops -generated_clocks
===========================================================================
Warning: There is 1 input port missing set_input_delay.
  rstn_i
