Clock: sys_clk
Sources: sys_clk_i 
Generated: no
Virtual: yes
Propagated: no
Period: 20.000000

===========================================================================
report_clock_properties
============================================================================
Clock                   Period          Waveform
----------------------------------------------------
sys_clk              20.000000    0.000000 10.000000

===========================================================================
report_clock_latency
============================================================================
Clock sys_clk
rise -> rise
    min     max
0.000000 0.000000 source latency
1.269428         network latency _2067_/CLK
        1.320511 network latency _1905_/CLK
---------------
1.269428 1.320511 latency
        0.051083 skew

fall -> fall
    min     max
0.000000 0.000000 source latency
1.243269         network latency _2067_/CLK
        1.299178 network latency _1905_/CLK
---------------
1.243269 1.299178 latency
        0.055909 skew



===========================================================================
report_clock_min_period
============================================================================
sys_clk period_min = 8.23 fmax = 121.56
Clock: periph_clk
Sources: periph_clk_i 
Generated: no
Virtual: yes
Propagated: no
Period: 20.000000

===========================================================================
report_clock_properties
============================================================================
Clock                   Period          Waveform
----------------------------------------------------
periph_clk           20.000000    0.000000 10.000000

===========================================================================
report_clock_latency
============================================================================
Clock periph_clk
rise -> rise
    min     max
0.000000 0.000000 source latency
1.235161         network latency _2032_/CLK
        1.266025 network latency _1991_/CLK
---------------
1.235161 1.266025 latency
        0.030864 skew

fall -> fall
    min     max
0.000000 0.000000 source latency
1.211087         network latency _2032_/CLK
        1.244779 network latency _1991_/CLK
---------------
1.211087 1.244779 latency
        0.033692 skew



===========================================================================
report_clock_min_period
============================================================================
periph_clk period_min = 10.52 fmax = 95.10
