
===========================================================================
report_checks -unconstrained
===========================================================================
======================= nom_tt_025C_5v00 Corner ===================================

Startpoint: rstn_i (input port clocked by clk_i)
Endpoint: _393_ (recovery check against rising-edge clock clk_i)
Path Group: asynchronous
Path Type: max

Fanout         Cap        Slew       Delay        Time   Description
---------------------------------------------------------------------------------------------
                                  0.000000    0.000000   clock clk_i (rise edge)
                                  0.000000    0.000000   clock network delay (propagated)
                                  4.000000    4.000000 ^ input external delay
    36    0.296856    4.799926    2.772208    6.772208 ^ rstn_i (in)
                                                         rstn_i (net)
                      4.799963    0.000000    6.772208 ^ _393_/RN (gf180mcu_fd_sc_mcu7t5v0__dffrnq_1)
                                              6.772208   data arrival time

                                 20.000000   20.000000   clock clk_i (rise edge)
                                  0.000000   20.000000   clock source latency
    36    0.170151    0.716272    0.400727   20.400726 ^ clk_i (in)
                                                         clk_i (net)
                      0.716272    0.000000   20.400726 ^ _393_/CLK (gf180mcu_fd_sc_mcu7t5v0__dffrnq_1)
                                 -0.250000   20.150728   clock uncertainty
                                  0.000000   20.150728   clock reconvergence pessimism
                                 -1.341741   18.808987   library recovery time
                                             18.808987   data required time
---------------------------------------------------------------------------------------------
                                             18.808987   data required time
                                             -6.772208   data arrival time
---------------------------------------------------------------------------------------------
                                             12.036779   slack (MET)


Startpoint: rx_ready_i (input port clocked by clk_i)
Endpoint: err_overflow_o (output port clocked by clk_i)
Path Group: clk_i
Path Type: max

Fanout         Cap        Slew       Delay        Time   Description
---------------------------------------------------------------------------------------------
                                  0.000000    0.000000   clock clk_i (rise edge)
                                  0.000000    0.000000   clock network delay (propagated)
                                  4.000000    4.000000 v input external delay
     2    0.007575    0.102677    0.045971    4.045971 v rx_ready_i (in)
                                                         rx_ready_i (net)
                      0.102677    0.000000    4.045971 v _257_/A2 (gf180mcu_fd_sc_mcu7t5v0__nor3_1)
     1    0.073571    3.429461    1.957159    6.003130 ^ _257_/ZN (gf180mcu_fd_sc_mcu7t5v0__nor3_1)
                                                         err_overflow_o (net)
                      3.429461    0.000229    6.003359 ^ err_overflow_o (out)
                                              6.003359   data arrival time

                                 20.000000   20.000000   clock clk_i (rise edge)
                                  0.000000   20.000000   clock network delay (propagated)
                                 -0.250000   19.750002   clock uncertainty
                                  0.000000   19.750002   clock reconvergence pessimism
                                 -4.000000   15.750001   output external delay
                                             15.750001   data required time
---------------------------------------------------------------------------------------------
                                             15.750001   data required time
                                             -6.003359   data arrival time
---------------------------------------------------------------------------------------------
                                              9.746641   slack (MET)




===========================================================================
report_checks --slack_max -0.01
============================================================================
======================= nom_tt_025C_5v00 Corner ===================================

No paths found.


===========================================================================
 report_check_types -max_slew -max_cap -max_fanout -violators
============================================================================
======================= nom_tt_025C_5v00 Corner ===================================

max slew

Pin                                        Limit        Slew       Slack
------------------------------------------------------------------------
_392_/RN                                3.000000    4.799963   -1.799962 (VIOLATED)
_390_/RN                                3.000000    4.799960   -1.799960 (VIOLATED)
_391_/RN                                3.000000    4.799962   -1.799962 (VIOLATED)
_393_/RN                                3.000000    4.799963   -1.799963 (VIOLATED)
_394_/RN                                3.000000    4.799963   -1.799963 (VIOLATED)
_389_/RN                                3.000000    4.799957   -1.799958 (VIOLATED)
_387_/RN                                3.000000    4.799955   -1.799955 (VIOLATED)
_371_/SETN                              3.000000    4.799951   -1.799951 (VIOLATED)
_376_/RN                                3.000000    4.799951   -1.799951 (VIOLATED)
_388_/RN                                3.000000    4.799953   -1.799953 (VIOLATED)
_377_/RN                                3.000000    4.799951   -1.799951 (VIOLATED)
_375_/RN                                3.000000    4.799947   -1.799947 (VIOLATED)
_395_/RN                                3.000000    4.799944   -1.799944 (VIOLATED)
rstn_i                                  3.000000    4.799926   -1.799926 (VIOLATED)
_363_/RN                                3.000000    4.799926   -1.799926 (VIOLATED)
_364_/RN                                3.000000    4.799926   -1.799926 (VIOLATED)
_365_/RN                                3.000000    4.799926   -1.799926 (VIOLATED)
_366_/RN                                3.000000    4.799926   -1.799926 (VIOLATED)
_367_/SETN                              3.000000    4.799926   -1.799926 (VIOLATED)
_368_/SETN                              3.000000    4.799926   -1.799926 (VIOLATED)
_369_/SETN                              3.000000    4.799926   -1.799926 (VIOLATED)
_370_/SETN                              3.000000    4.799926   -1.799926 (VIOLATED)
_372_/SETN                              3.000000    4.799926   -1.799926 (VIOLATED)
_373_/SETN                              3.000000    4.799926   -1.799926 (VIOLATED)
_374_/SETN                              3.000000    4.799926   -1.799926 (VIOLATED)
_378_/RN                                3.000000    4.799926   -1.799926 (VIOLATED)
_379_/RN                                3.000000    4.799926   -1.799926 (VIOLATED)
_380_/RN                                3.000000    4.799926   -1.799926 (VIOLATED)
_381_/RN                                3.000000    4.799926   -1.799926 (VIOLATED)
_382_/RN                                3.000000    4.799926   -1.799926 (VIOLATED)
_383_/RN                                3.000000    4.799926   -1.799926 (VIOLATED)
_384_/RN                                3.000000    4.799926   -1.799926 (VIOLATED)
_385_/RN                                3.000000    4.799926   -1.799926 (VIOLATED)
_386_/RN                                3.000000    4.799926   -1.799926 (VIOLATED)
_396_/SETN                              3.000000    4.799926   -1.799926 (VIOLATED)
_397_/SETN                              3.000000    4.799926   -1.799926 (VIOLATED)
_398_/SETN                              3.000000    4.799926   -1.799926 (VIOLATED)
err_overflow_o                          3.000000    3.429461   -0.429461 (VIOLATED)
_257_/ZN                                3.000000    3.429461   -0.429461 (VIOLATED)

max fanout

Pin                                   Limit Fanout  Slack
---------------------------------------------------------
clk_i                                    10     36    -26 (VIOLATED)
rstn_i                                   10     36    -26 (VIOLATED)
_259_/ZN                                 10     15     -5 (VIOLATED)
_332_/ZN                                 10     15     -5 (VIOLATED)

max capacitance

Pin                                        Limit         Cap       Slack
------------------------------------------------------------------------
rstn_i                                  0.200000    0.296856   -0.096856 (VIOLATED)



===========================================================================
report_parasitic_annotation -report_unannotated
============================================================================
Found 1 unannotated drivers.
 cfg_stop_bits_i
Found 0 partially unannotated drivers.

===========================================================================
max slew violation count 39
Writing metric design__max_slew_violation__count__corner:nom_tt_025C_5v00: 39
max fanout violation count 4
Writing metric design__max_fanout_violation__count__corner:nom_tt_025C_5v00: 4
max cap violation count 1
Writing metric design__max_cap_violation__count__corner:nom_tt_025C_5v00: 1
============================================================================

===========================================================================
check_setup -verbose -unconstrained_endpoints -multiple_clock -no_clock -no_input_delay -loops -generated_clocks
===========================================================================
