Clock: clk_i
Sources: clk_i 
Generated: no
Virtual: yes
Propagated: no
Period: 20.000000

===========================================================================
report_clock_properties
============================================================================
Clock                   Period          Waveform
----------------------------------------------------
clk_i                20.000000    0.000000 10.000000

===========================================================================
report_clock_latency
============================================================================
Clock clk_i
rise -> rise
    min     max
0.000000 0.000000 source latency
0.400727         network latency _393_/CLK
        0.402920 network latency _363_/CLK
---------------
0.400727 0.402920 latency
        0.002193 skew

fall -> fall
    min     max
0.000000 0.000000 source latency
0.250720         network latency _393_/CLK
        0.252912 network latency _363_/CLK
---------------
0.250720 0.252912 latency
        0.002192 skew



===========================================================================
report_clock_min_period
============================================================================
clk_i period_min = 5.18 fmax = 193.13
