Reading timing models for corner nom_tt_025C_5v00…
Reading timing library for the 'nom_tt_025C_5v00' corner at '/home/sahana/.ciel/gf180mcuD/libs.ref/gf180mcu_fd_sc_mcu7t5v0/lib/gf180mcu_fd_sc_mcu7t5v0__tt_025C_5v00.lib'…
Reading OpenROAD database at '/home/sahana/core5_udma/hardening/uart_top/runs/RUN_2026-08-01_23-18-46/25-openroad-ioplacement/udma_uart_top.odb'…
Reading design constraints file at '/home/sahana/core5_udma/hardening/uart_top/constraints.closure.sdc'…
[INFO] Setting signal min routing layer to: Metal2 and clock min routing layer to Metal2. 
[INFO] Setting signal max routing layer to: Metal5 and clock max routing layer to Metal5. 
+ global_placement -density 0.4 -routability_driven -pad_right 0 -pad_left 0 -init_wirelength_coef 0.25
[INFO GPL-0001] ---- Initialize GPL Main Data Structures
[INFO GPL-0002] DBU: 2000
[INFO GPL-0003] SiteSize: (  0.560  3.920 ) um
[INFO GPL-0004] CoreBBox: (  6.720 15.680 ) ( 389.760 395.920 ) um
[INFO GPL-0036] Movable instances area:      44051.078 um^2
[INFO GPL-0037] Total instances area:        48186.835 um^2
[INFO GPL-0035] Pin density area adjust:      2569.978 um^2
[INFO GPL-0032] ---- Initialize Region: Top-level
[INFO GPL-0006] Number of instances:              2226
[INFO GPL-0007] Movable instances:                1284
[INFO GPL-0008] Fixed instances:                   942
[INFO GPL-0009] Dummy instances:                     0
[INFO GPL-0010] Number of nets:                   1422
[INFO GPL-0011] Number of pins:                   5046
[INFO GPL-0012] Die BBox:  (  0.000  0.000 ) ( 396.635 414.555 ) um
[INFO GPL-0013] Core BBox: (  6.720 15.680 ) ( 389.760 395.920 ) um
[INFO GPL-0016] Core area:                  145647.130 um^2
[INFO GPL-0014] Region name: top-level.
[INFO GPL-0015] Region area:                145647.130 um^2
[INFO GPL-0017] Fixed instances area:         4135.757 um^2
[INFO GPL-0018] Movable instances area:      46621.057 um^2
[INFO GPL-0019] Utilization:                    32.945 %
[INFO GPL-0020] Standard cells area:         46621.057 um^2
[INFO GPL-0021] Large instances area:            0.000 um^2
[INFO GPL-0005] ---- Execute Conjugate Gradient Initial Placement.
[INFO GPL-0051] Source of initial instance position counters:
	Odb location = 1284	Core center = 0	Region center = 0
[InitialPlace]  Iter: 1 conjugate gradient residual: 0.00004163 HPWL: 159829677
[InitialPlace]  Iter: 2 conjugate gradient residual: 0.00004125 HPWL: 116154518
[InitialPlace]  Iter: 3 conjugate gradient residual: 0.00001755 HPWL: 103285138
[InitialPlace]  Iter: 4 conjugate gradient residual: 0.00001730 HPWL: 98070184
[InitialPlace]  Iter: 5 conjugate gradient residual: 0.00002244 HPWL: 95241202
[InitialPlace]  Iter: 6 conjugate gradient residual: 0.00000630 HPWL: 93577762
[INFO GPL-0033] ---- Initialize Nesterov Region: Top-level
[INFO GPL-0023] Placement target density:       0.4000
[INFO GPL-0024] Movable insts average area:     36.309 um^2
[INFO GPL-0025] Ideal bin area:                 90.773 um^2
[INFO GPL-0026] Ideal bin count:                  1604
[INFO GPL-0027] Total bin area:             145647.130 um^2
[INFO GPL-0028] Bin count (X, Y):          32 ,     32
[INFO GPL-0029] Bin size (W * H):      11.970 * 11.883 um
[INFO GPL-0030] Number of bins:                   1024
[INFO GPL-0007] ---- Execute Nesterov Global Placement.
[INFO GPL-0031] HPWL: Half-Perimeter Wirelength
Iteration | Overflow |     HPWL (um) |  HPWL(%) |   Penalty | Group
---------------------------------------------------------------
        0 |   0.7531 |  3.363375e+04 |   +0.00% |  4.83e-15 |      
       10 |   0.7062 |  3.689130e+04 |   +9.69% |  7.86e-15 |      
       20 |   0.6895 |  3.713913e+04 |   +0.67% |  1.28e-14 |      
       30 |   0.6846 |  3.720500e+04 |   +0.18% |  2.08e-14 |      
       40 |   0.6843 |  3.733916e+04 |   +0.36% |  3.40e-14 |      
       50 |   0.6843 |  3.746863e+04 |   +0.35% |  5.53e-14 |      
       60 |   0.6833 |  3.747230e+04 |   +0.01% |  9.01e-14 |      
       70 |   0.6815 |  3.741583e+04 |   -0.15% |  1.47e-13 |      
       80 |   0.6782 |  3.734833e+04 |   -0.18% |  2.39e-13 |      
       90 |   0.6766 |  3.729996e+04 |   -0.13% |  3.89e-13 |      
      100 |   0.6785 |  3.729218e+04 |   -0.02% |  6.34e-13 |      
      110 |   0.6822 |  3.734279e+04 |   +0.14% |  1.03e-12 |      
      120 |   0.6826 |  3.741606e+04 |   +0.20% |  1.68e-12 |      
      130 |   0.6807 |  3.750281e+04 |   +0.23% |  2.74e-12 |      
      140 |   0.6730 |  3.757219e+04 |   +0.19% |  4.47e-12 |      
      150 |   0.6672 |  3.765273e+04 |   +0.21% |  7.27e-12 |      
      160 |   0.6611 |  3.778146e+04 |   +0.34% |  1.18e-11 |      
      170 |   0.6481 |  3.808265e+04 |   +0.80% |  1.93e-11 |      
      180 |   0.6315 |  3.853304e+04 |   +1.18% |  3.14e-11 |      
      190 |   0.6112 |  3.917157e+04 |   +1.66% |  5.12e-11 |      
[INFO GPL-0038] Routability snapshot saved at iter = 196
      195 |   0.5984 |  3.962538e+04 |          |           |      
      200 |   0.5831 |  3.995905e+04 |   +2.01% |  8.34e-11 |      
      210 |   0.5560 |  4.065446e+04 |   +1.74% |  1.36e-10 |      
      220 |   0.5261 |  4.154920e+04 |   +2.20% |  2.21e-10 |      
      230 |   0.4888 |  4.231271e+04 |   +1.84% |  3.60e-10 |      
      240 |   0.4481 |  4.328510e+04 |   +2.30% |  5.86e-10 |      
      250 |   0.4068 |  4.425787e+04 |   +2.25% |  9.55e-10 |      
      260 |   0.3607 |  4.508876e+04 |   +1.88% |  1.56e-09 |      
      270 |   0.3243 |  4.561339e+04 |   +1.16% |  2.38e-09 |      
[INFO GPL-0040] Routability iteration: 1
[INFO GPL-0041] Total routing overflow: 0.0000
[INFO GPL-0042] Number of overflowed tiles: 0 (0.00%)
[INFO GPL-0043] Average top 0.5% routing congestion: 0.6750
[INFO GPL-0044] Average top 1.0% routing congestion: 0.6503
[INFO GPL-0045] Average top 2.0% routing congestion: 0.6205
[INFO GPL-0046] Average top 5.0% routing congestion: 0.5732
[INFO GPL-0047] Routability iteration weighted routing congestion: 0.6626
[INFO GPL-0050] Weighted routing congestion is lower than target routing congestion(1.0100), end routability optimization.
[INFO GPL-0090] Routability finished. Target routing congestion achieved succesfully.
Iteration | Overflow |     HPWL (um) |  HPWL(%) |   Penalty | Group
---------------------------------------------------------------
      280 |   0.2888 |  4.613462e+04 |   +1.14% |  3.51e-09 |      
      290 |   0.2556 |  4.665597e+04 |   +1.13% |  5.17e-09 |      
      300 |   0.2271 |  4.720084e+04 |   +1.17% |  7.62e-09 |      
      310 |   0.1958 |  4.762874e+04 |   +0.91% |  1.12e-08 |      
      320 |   0.1708 |  4.807473e+04 |   +0.94% |  1.65e-08 |      
      330 |   0.1447 |  4.851723e+04 |   +0.92% |  2.44e-08 |      
      340 |   0.1223 |  4.885088e+04 |   +0.69% |  3.59e-08 |      
      350 |   0.1035 |  4.920042e+04 |   +0.72% |  5.29e-08 |      
      352 |   0.0988 |  4.925873e+04 |          |  5.94e-08 |      
---------------------------------------------------------------
[INFO GPL-1001] Global placement finished at iteration 352
[INFO GPL-1003] Routability mode iteration count: 81
[INFO GPL-1005] Routability final weighted congestion: 0.6334
[INFO GPL-1002] Placed Cell Area            46621.0567
[INFO GPL-1003] Available Free Area         141511.3728
[INFO GPL-1004] Minimum Feasible Density        0.3300 (cell_area / free_area)
[INFO GPL-1006]   Suggested Target Densities:
[INFO GPL-1007]     - For 90% usage of free space: 0.3661
[INFO GPL-1008]     - For 80% usage of free space: 0.4118
[INFO GPL-1009]     - For 50% usage of free space: 0.6589
[INFO GPL-1011] Original area (um^2): 46621.06
[INFO GPL-1012] Total routability artificial inflation: 0.00 (+0.00%)
[INFO GPL-1014] Final placement area: 46621.06 (+0.00%)
Setting global connections for newly added cells…
[INFO] Setting global connections...
[INFO ODB-0403] 0 connections made, 0 conflicts skipped.
Updating metrics…
Cell type report:                       Count       Area
  Endcap cell                             194     851.74
  Tap cell                                942    4135.76
  Tie cell                                 33     289.77
  Inverter                                 69     605.88
  Sequential cell                         339   25455.54
  Multi-Input combinational cell          843   17699.90
  Total                                  2420   49038.57
Writing OpenROAD database to '/home/sahana/core5_udma/hardening/uart_top/runs/RUN_2026-08-01_23-18-46/28-openroad-globalplacement/udma_uart_top.odb'…
Writing netlist to '/home/sahana/core5_udma/hardening/uart_top/runs/RUN_2026-08-01_23-18-46/28-openroad-globalplacement/udma_uart_top.nl.v'…
Writing powered netlist to '/home/sahana/core5_udma/hardening/uart_top/runs/RUN_2026-08-01_23-18-46/28-openroad-globalplacement/udma_uart_top.pnl.v'…
Writing layout to '/home/sahana/core5_udma/hardening/uart_top/runs/RUN_2026-08-01_23-18-46/28-openroad-globalplacement/udma_uart_top.def'…
Writing timing constraints to '/home/sahana/core5_udma/hardening/uart_top/runs/RUN_2026-08-01_23-18-46/28-openroad-globalplacement/udma_uart_top.sdc'…
