Reading technology LEF file at '/home/sahana/.ciel/gf180mcuD/libs.ref/gf180mcu_fd_sc_mcu7t5v0/techlef/gf180mcu_fd_sc_mcu7t5v0__min.tlef'…
[INFO ODB-0388] unsupported LEF58_EOLENCLOSURE property for layer Via1 :"
  	EOLENCLOSURE 0.34 0.06 ;"
[INFO ODB-0388] unsupported LEF58_EOLENCLOSURE property for layer Via2 :" EOLENCLOSURE 0.34 0.06 ; "
[INFO ODB-0388] unsupported LEF58_EOLENCLOSURE property for layer Via3 :" EOLENCLOSURE 0.34 0.06 ; "
[INFO ODB-0388] unsupported LEF58_EOLENCLOSURE property for layer Via4 :" EOLENCLOSURE 0.34 0.06 ; "
[INFO ODB-0227] LEF file: /home/sahana/.ciel/gf180mcuD/libs.ref/gf180mcu_fd_sc_mcu7t5v0/techlef/gf180mcu_fd_sc_mcu7t5v0__min.tlef, created 15 layers, 56 vias
Reading cell LEF file at '/home/sahana/.ciel/gf180mcuD/libs.ref/gf180mcu_fd_sc_mcu7t5v0/lef/gf180mcu_fd_sc_mcu7t5v0.lef'…
[WARNING ODB-0220] WARNING (LEFPARS-2008): NOWIREEXTENSIONATPIN statement is obsolete in version 5.6 or later.
The NOWIREEXTENSIONATPIN statement will be ignored. See file /home/sahana/.ciel/gf180mcuD/libs.ref/gf180mcu_fd_sc_mcu7t5v0/lef/gf180mcu_fd_sc_mcu7t5v0.lef at line 2.

[INFO ODB-0227] LEF file: /home/sahana/.ciel/gf180mcuD/libs.ref/gf180mcu_fd_sc_mcu7t5v0/lef/gf180mcu_fd_sc_mcu7t5v0.lef, created 229 library cells
[INFO ODB-0127] Reading DEF file: /home/sahana/core5_udma/hardening/uart_top/runs/TRIAL_8/55-odb-cellfrequencytables/udma_uart_top.def
[INFO ODB-0128] Design: udma_uart_top
[INFO ODB-0130]     Created 281 pins.
[INFO ODB-0131]     Created 7098 components and 32111 component-terminals.
[INFO ODB-0132]     Created 2 special nets and 26120 connections.
[INFO ODB-0133]     Created 2012 nets and 5970 connections.
[INFO ODB-0134] Finished DEF file: /home/sahana/core5_udma/hardening/uart_top/runs/TRIAL_8/55-odb-cellfrequencytables/udma_uart_top.def
Using RCX ruleset '/home/sahana/.ciel/gf180mcuD/libs.tech/openlane/rules.openrcx.gf180mcuD.min'…
[INFO RCX-0431] Defined process_corner CURRENT_CORNER with ext_model_index 0
[INFO RCX-0029] Defined extraction corner CURRENT_CORNER
+ extract_parasitics  -ext_model_file /home/sahana/.ciel/gf180mcuD/libs.tech/openlane/rules.openrcx.gf180mcuD.min -lef_res
[INFO RCX-0435] Reading extraction model file /home/sahana/.ciel/gf180mcuD/libs.tech/openlane/rules.openrcx.gf180mcuD.min ...
[INFO RCX-0436] RC segment generation udma_uart_top (max_merge_res 50.0) ...
[INFO RCX-0040] Final 6404 rc segments
[INFO RCX-0439] Coupling Cap extraction udma_uart_top ...
[INFO RCX-0440] Coupling threshhold is 0.1000 fF, coupling capacitance less than 0.1000 fF will be grounded.
[INFO RCX-0442] 46% of 10826 wires extracted
[INFO RCX-0442] 100% of 10826 wires extracted
[INFO RCX-0045] Extract 2012 nets, 8392 rsegs, 8392 caps, 14840 ccs
Setting global connections for newly added cells…
[INFO] Setting global connections...
[INFO ODB-0403] 0 connections made, 0 conflicts skipped.
Updating metrics…
Cell type report:                       Count       Area
  Endcap cell                             194     851.74
  Fill cell                              4065   73537.00
  Tap cell                                942    4135.76
  Antenna cell                              2       8.78
  Tie cell                                 33     289.77
  Standard cell                          1862   66824.08
  Total                                  7098  145647.13
Writing extracted parasitics to '/home/sahana/core5_udma/hardening/uart_top/runs/TRIAL_8/56-openroad-rcx/min/udma_uart_top.min.spef'…
[INFO RCX-0443] 2012 nets finished
