Clock: sys_clk
Sources: sys_clk_i 
Generated: no
Virtual: yes
Propagated: no
Period: 20.000000

===========================================================================
report_clock_properties
============================================================================
Clock                   Period          Waveform
----------------------------------------------------
sys_clk              20.000000    0.000000 10.000000

===========================================================================
report_clock_latency
============================================================================
Clock sys_clk
rise -> rise
    min     max
0.000000 0.000000 source latency
0.841080         network latency _1951_/CLK
        0.863546 network latency _1919_/CLK
---------------
0.841080 0.863546 latency
        0.022466 skew

fall -> fall
    min     max
0.000000 0.000000 source latency
0.814283         network latency _1951_/CLK
        0.838171 network latency _1919_/CLK
---------------
0.814283 0.838171 latency
        0.023888 skew



===========================================================================
report_clock_min_period
============================================================================
sys_clk period_min = 4.24 fmax = 235.71
Clock: periph_clk
Sources: periph_clk_i 
Generated: no
Virtual: yes
Propagated: no
Period: 20.000000

===========================================================================
report_clock_properties
============================================================================
Clock                   Period          Waveform
----------------------------------------------------
periph_clk           20.000000    0.000000 10.000000

===========================================================================
report_clock_latency
============================================================================
Clock periph_clk
rise -> rise
    min     max
0.000000 0.000000 source latency
0.813372         network latency _1848_/CLK
        0.837273 network latency _1798_/CLK
---------------
0.813372 0.837273 latency
        0.023901 skew

fall -> fall
    min     max
0.000000 0.000000 source latency
0.789961         network latency _1848_/CLK
        0.815362 network latency _1798_/CLK
---------------
0.789961 0.815362 latency
        0.025401 skew



===========================================================================
report_clock_min_period
============================================================================
periph_clk period_min = 5.57 fmax = 179.45
