
===========================================================================
 report_power
============================================================================
======================= nom_ff_n40C_5v50 Corner ===================================

Group                    Internal    Switching      Leakage        Total
                            Power        Power        Power        Power (Watts)
------------------------------------------------------------------------
Sequential           1.464735e-02 1.269135e-03 1.827542e-07 1.591666e-02  28.2%
Combinational        5.423159e-03 4.673889e-03 2.367604e-07 1.009729e-02  17.9%
Clock                2.393215e-02 6.493929e-03 3.869758e-07 3.042647e-02  53.9%
Macro                0.000000e+00 0.000000e+00 0.000000e+00 0.000000e+00   0.0%
Pad                  0.000000e+00 0.000000e+00 0.000000e+00 0.000000e+00   0.0%
------------------------------------------------------------------------
Total                4.400264e-02 1.243695e-02 8.064920e-07 5.644040e-02 100.0%
                            78.0%        22.0%         0.0%

