Netgen 1.5.316 compiled on Tue Feb 10 11:09:08 UTC 2026
Warning: netgen command 'format' use fully-qualified name '::netgen::format'
Warning: netgen command 'global' use fully-qualified name '::netgen::global'
Warning:  A case-insensitive file has been read and so the	verilog file must be treated case-insensitive to match.
Reading SPICE netlist file '/home/sahana/.ciel/gf180mcuD/libs.ref/gf180mcu_fd_sc_mcu7t5v0/spice/gf180mcu_fd_sc_mcu7t5v0.spice'...
Call to undefined subcircuit nfet_05v0
Creating placeholder cell definition.
Call to undefined subcircuit pfet_05v0
Creating placeholder cell definition.
Reading Verilog netlist file '/home/sahana/core5_udma/hardening/uart_top/runs/RUN_2026-07-26_13-08-17/52-openroad-fillinsertion/udma_uart_top.pnl.v'...
Warning:  A case-insensitive file has been read and so the	verilog file must be treated case-insensitive to match.
Note:  Implicit pin VNW in instance PHY_EDGE_ROW_0_Left_97 of gf180mcu_fd_sc_mcu7t5v0__endcap in cell udma_uart_top
Note:  Implicit pin VPW in instance PHY_EDGE_ROW_0_Left_97 of gf180mcu_fd_sc_mcu7t5v0__endcap in cell udma_uart_top
Note:  Implicit pin VNW in instance PHY_EDGE_ROW_0_Right_0 of gf180mcu_fd_sc_mcu7t5v0__endcap in cell udma_uart_top
Note:  Implicit pin VPW in instance PHY_EDGE_ROW_0_Right_0 of gf180mcu_fd_sc_mcu7t5v0__endcap in cell udma_uart_top
Note:  Implicit pin VNW in instance PHY_EDGE_ROW_10_Left_107 of gf180mcu_fd_sc_mcu7t5v0__endcap in cell udma_uart_top
Note:  Implicit pin VPW in instance PHY_EDGE_ROW_10_Left_107 of gf180mcu_fd_sc_mcu7t5v0__endcap in cell udma_uart_top
Note:  Implicit pin VNW in instance PHY_EDGE_ROW_10_Right_10 of gf180mcu_fd_sc_mcu7t5v0__endcap in cell udma_uart_top
Note:  Implicit pin VPW in instance PHY_EDGE_ROW_10_Right_10 of gf180mcu_fd_sc_mcu7t5v0__endcap in cell udma_uart_top
Note:  Implicit pin VNW in instance PHY_EDGE_ROW_11_Left_108 of gf180mcu_fd_sc_mcu7t5v0__endcap in cell udma_uart_top
Note:  Implicit pin VPW in instance PHY_EDGE_ROW_11_Left_108 of gf180mcu_fd_sc_mcu7t5v0__endcap in cell udma_uart_top
Note:  Implicit pin VNW in instance PHY_EDGE_ROW_11_Right_11 of gf180mcu_fd_sc_mcu7t5v0__endcap in cell udma_uart_top
Note:  Implicit pin VPW in instance PHY_EDGE_ROW_11_Right_11 of gf180mcu_fd_sc_mcu7t5v0__endcap in cell udma_uart_top
Note:  Implicit pin VNW in instance PHY_EDGE_ROW_12_Left_109 of gf180mcu_fd_sc_mcu7t5v0__endcap in cell udma_uart_top
Note:  Implicit pin VPW in instance PHY_EDGE_ROW_12_Left_109 of gf180mcu_fd_sc_mcu7t5v0__endcap in cell udma_uart_top
Note:  Implicit pin VNW in instance PHY_EDGE_ROW_12_Right_12 of gf180mcu_fd_sc_mcu7t5v0__endcap in cell udma_uart_top
Note:  Implicit pin VPW in instance PHY_EDGE_ROW_12_Right_12 of gf180mcu_fd_sc_mcu7t5v0__endcap in cell udma_uart_top
Note:  Implicit pin VNW in instance PHY_EDGE_ROW_13_Left_110 of gf180mcu_fd_sc_mcu7t5v0__endcap in cell udma_uart_top
Note:  Implicit pin VPW in instance PHY_EDGE_ROW_13_Left_110 of gf180mcu_fd_sc_mcu7t5v0__endcap in cell udma_uart_top
Note:  Implicit pin VNW in instance PHY_EDGE_ROW_13_Right_13 of gf180mcu_fd_sc_mcu7t5v0__endcap in cell udma_uart_top
Note:  Implicit pin VPW in instance PHY_EDGE_ROW_13_Right_13 of gf180mcu_fd_sc_mcu7t5v0__endcap in cell udma_uart_top
Note:  Implicit pin VNW in instance PHY_EDGE_ROW_14_Left_111 of gf180mcu_fd_sc_mcu7t5v0__endcap in cell udma_uart_top
Note:  Implicit pin VPW in instance PHY_EDGE_ROW_14_Left_111 of gf180mcu_fd_sc_mcu7t5v0__endcap in cell udma_uart_top
Note:  Implicit pin VNW in instance PHY_EDGE_ROW_14_Right_14 of gf180mcu_fd_sc_mcu7t5v0__endcap in cell udma_uart_top
Note:  Implicit pin VPW in instance PHY_EDGE_ROW_14_Right_14 of gf180mcu_fd_sc_mcu7t5v0__endcap in cell udma_uart_top
Note:  Implicit pin VNW in instance PHY_EDGE_ROW_15_Left_112 of gf180mcu_fd_sc_mcu7t5v0__endcap in cell udma_uart_top
Note:  Implicit pin VPW in instance PHY_EDGE_ROW_15_Left_112 of gf180mcu_fd_sc_mcu7t5v0__endcap in cell udma_uart_top
Note:  Implicit pin VNW in instance PHY_EDGE_ROW_15_Right_15 of gf180mcu_fd_sc_mcu7t5v0__endcap in cell udma_uart_top
Note:  Implicit pin VPW in instance PHY_EDGE_ROW_15_Right_15 of gf180mcu_fd_sc_mcu7t5v0__endcap in cell udma_uart_top
Note:  Implicit pin VNW in instance PHY_EDGE_ROW_16_Left_113 of gf180mcu_fd_sc_mcu7t5v0__endcap in cell udma_uart_top
Note:  Implicit pin VPW in instance PHY_EDGE_ROW_16_Left_113 of gf180mcu_fd_sc_mcu7t5v0__endcap in cell udma_uart_top
Note:  Implicit pin VNW in instance PHY_EDGE_ROW_16_Right_16 of gf180mcu_fd_sc_mcu7t5v0__endcap in cell udma_uart_top
Note:  Implicit pin VPW in instance PHY_EDGE_ROW_16_Right_16 of gf180mcu_fd_sc_mcu7t5v0__endcap in cell udma_uart_top
Note:  Implicit pin VNW in instance PHY_EDGE_ROW_17_Left_114 of gf180mcu_fd_sc_mcu7t5v0__endcap in cell udma_uart_top
Note:  Implicit pin VPW in instance PHY_EDGE_ROW_17_Left_114 of gf180mcu_fd_sc_mcu7t5v0__endcap in cell udma_uart_top
Note:  Implicit pin VNW in instance PHY_EDGE_ROW_17_Right_17 of gf180mcu_fd_sc_mcu7t5v0__endcap in cell udma_uart_top
Note:  Implicit pin VPW in instance PHY_EDGE_ROW_17_Right_17 of gf180mcu_fd_sc_mcu7t5v0__endcap in cell udma_uart_top
Note:  Implicit pin VNW in instance PHY_EDGE_ROW_18_Left_115 of gf180mcu_fd_sc_mcu7t5v0__endcap in cell udma_uart_top
Note:  Implicit pin VPW in instance PHY_EDGE_ROW_18_Left_115 of gf180mcu_fd_sc_mcu7t5v0__endcap in cell udma_uart_top
Note:  Implicit pin VNW in instance PHY_EDGE_ROW_18_Right_18 of gf180mcu_fd_sc_mcu7t5v0__endcap in cell udma_uart_top
Note:  Implicit pin VPW in instance PHY_EDGE_ROW_18_Right_18 of gf180mcu_fd_sc_mcu7t5v0__endcap in cell udma_uart_top
Note:  Implicit pin VNW in instance PHY_EDGE_ROW_19_Left_116 of gf180mcu_fd_sc_mcu7t5v0__endcap in cell udma_uart_top
Note:  Implicit pin VPW in instance PHY_EDGE_ROW_19_Left_116 of gf180mcu_fd_sc_mcu7t5v0__endcap in cell udma_uart_top
Note:  Implicit pin VNW in instance PHY_EDGE_ROW_19_Right_19 of gf180mcu_fd_sc_mcu7t5v0__endcap in cell udma_uart_top
Note:  Implicit pin VPW in instance PHY_EDGE_ROW_19_Right_19 of gf180mcu_fd_sc_mcu7t5v0__endcap in cell udma_uart_top
Note:  Implicit pin VNW in instance PHY_EDGE_ROW_1_Left_98 of gf180mcu_fd_sc_mcu7t5v0__endcap in cell udma_uart_top
Note:  Implicit pin VPW in instance PHY_EDGE_ROW_1_Left_98 of gf180mcu_fd_sc_mcu7t5v0__endcap in cell udma_uart_top
Note:  Implicit pin VNW in instance PHY_EDGE_ROW_1_Right_1 of gf180mcu_fd_sc_mcu7t5v0__endcap in cell udma_uart_top
Note:  Implicit pin VPW in instance PHY_EDGE_ROW_1_Right_1 of gf180mcu_fd_sc_mcu7t5v0__endcap in cell udma_uart_top
Note:  Implicit pin VNW in instance PHY_EDGE_ROW_20_Left_117 of gf180mcu_fd_sc_mcu7t5v0__endcap in cell udma_uart_top
Note:  Implicit pin VPW in instance PHY_EDGE_ROW_20_Left_117 of gf180mcu_fd_sc_mcu7t5v0__endcap in cell udma_uart_top
Note:  Implicit pin VNW in instance PHY_EDGE_ROW_20_Right_20 of gf180mcu_fd_sc_mcu7t5v0__endcap in cell udma_uart_top
Note:  Implicit pin VPW in instance PHY_EDGE_ROW_20_Right_20 of gf180mcu_fd_sc_mcu7t5v0__endcap in cell udma_uart_top
Note:  Implicit pin VNW in instance PHY_EDGE_ROW_21_Left_118 of gf180mcu_fd_sc_mcu7t5v0__endcap in cell udma_uart_top
Note:  Implicit pin VPW in instance PHY_EDGE_ROW_21_Left_118 of gf180mcu_fd_sc_mcu7t5v0__endcap in cell udma_uart_top
Note:  Implicit pin VNW in instance PHY_EDGE_ROW_21_Right_21 of gf180mcu_fd_sc_mcu7t5v0__endcap in cell udma_uart_top
Note:  Implicit pin VPW in instance PHY_EDGE_ROW_21_Right_21 of gf180mcu_fd_sc_mcu7t5v0__endcap in cell udma_uart_top
Note:  Implicit pin VNW in instance PHY_EDGE_ROW_22_Left_119 of gf180mcu_fd_sc_mcu7t5v0__endcap in cell udma_uart_top
Note:  Implicit pin VPW in instance PHY_EDGE_ROW_22_Left_119 of gf180mcu_fd_sc_mcu7t5v0__endcap in cell udma_uart_top
Note:  Implicit pin VNW in instance PHY_EDGE_ROW_22_Right_22 of gf180mcu_fd_sc_mcu7t5v0__endcap in cell udma_uart_top
Note:  Implicit pin VPW in instance PHY_EDGE_ROW_22_Right_22 of gf180mcu_fd_sc_mcu7t5v0__endcap in cell udma_uart_top
Note:  Implicit pin VNW in instance PHY_EDGE_ROW_23_Left_120 of gf180mcu_fd_sc_mcu7t5v0__endcap in cell udma_uart_top
Note:  Implicit pin VPW in instance PHY_EDGE_ROW_23_Left_120 of gf180mcu_fd_sc_mcu7t5v0__endcap in cell udma_uart_top
Note:  Implicit pin VNW in instance PHY_EDGE_ROW_23_Right_23 of gf180mcu_fd_sc_mcu7t5v0__endcap in cell udma_uart_top
Note:  Implicit pin VPW in instance PHY_EDGE_ROW_23_Right_23 of gf180mcu_fd_sc_mcu7t5v0__endcap in cell udma_uart_top
Note:  Implicit pin VNW in instance PHY_EDGE_ROW_24_Left_121 of gf180mcu_fd_sc_mcu7t5v0__endcap in cell udma_uart_top
Note:  Implicit pin VPW in instance PHY_EDGE_ROW_24_Left_121 of gf180mcu_fd_sc_mcu7t5v0__endcap in cell udma_uart_top
Note:  Implicit pin VNW in instance PHY_EDGE_ROW_24_Right_24 of gf180mcu_fd_sc_mcu7t5v0__endcap in cell udma_uart_top
Note:  Implicit pin VPW in instance PHY_EDGE_ROW_24_Right_24 of gf180mcu_fd_sc_mcu7t5v0__endcap in cell udma_uart_top
Note:  Implicit pin VNW in instance PHY_EDGE_ROW_25_Left_122 of gf180mcu_fd_sc_mcu7t5v0__endcap in cell udma_uart_top
Note:  Implicit pin VPW in instance PHY_EDGE_ROW_25_Left_122 of gf180mcu_fd_sc_mcu7t5v0__endcap in cell udma_uart_top
Note:  Implicit pin VNW in instance PHY_EDGE_ROW_25_Right_25 of gf180mcu_fd_sc_mcu7t5v0__endcap in cell udma_uart_top
Note:  Implicit pin VPW in instance PHY_EDGE_ROW_25_Right_25 of gf180mcu_fd_sc_mcu7t5v0__endcap in cell udma_uart_top
Note:  Implicit pin VNW in instance PHY_EDGE_ROW_26_Left_123 of gf180mcu_fd_sc_mcu7t5v0__endcap in cell udma_uart_top
Note:  Implicit pin VPW in instance PHY_EDGE_ROW_26_Left_123 of gf180mcu_fd_sc_mcu7t5v0__endcap in cell udma_uart_top
Note:  Implicit pin VNW in instance PHY_EDGE_ROW_26_Right_26 of gf180mcu_fd_sc_mcu7t5v0__endcap in cell udma_uart_top
Note:  Implicit pin VPW in instance PHY_EDGE_ROW_26_Right_26 of gf180mcu_fd_sc_mcu7t5v0__endcap in cell udma_uart_top
Note:  Implicit pin VNW in instance PHY_EDGE_ROW_27_Left_124 of gf180mcu_fd_sc_mcu7t5v0__endcap in cell udma_uart_top
Note:  Implicit pin VPW in instance PHY_EDGE_ROW_27_Left_124 of gf180mcu_fd_sc_mcu7t5v0__endcap in cell udma_uart_top
Note:  Implicit pin VNW in instance PHY_EDGE_ROW_27_Right_27 of gf180mcu_fd_sc_mcu7t5v0__endcap in cell udma_uart_top
Note:  Implicit pin VPW in instance PHY_EDGE_ROW_27_Right_27 of gf180mcu_fd_sc_mcu7t5v0__endcap in cell udma_uart_top
Note:  Implicit pin VNW in instance PHY_EDGE_ROW_28_Left_125 of gf180mcu_fd_sc_mcu7t5v0__endcap in cell udma_uart_top
Note:  Implicit pin VPW in instance PHY_EDGE_ROW_28_Left_125 of gf180mcu_fd_sc_mcu7t5v0__endcap in cell udma_uart_top
Note:  Implicit pin VNW in instance PHY_EDGE_ROW_28_Right_28 of gf180mcu_fd_sc_mcu7t5v0__endcap in cell udma_uart_top
Note:  Implicit pin VPW in instance PHY_EDGE_ROW_28_Right_28 of gf180mcu_fd_sc_mcu7t5v0__endcap in cell udma_uart_top
Note:  Implicit pin VNW in instance PHY_EDGE_ROW_29_Left_126 of gf180mcu_fd_sc_mcu7t5v0__endcap in cell udma_uart_top
Note:  Implicit pin VPW in instance PHY_EDGE_ROW_29_Left_126 of gf180mcu_fd_sc_mcu7t5v0__endcap in cell udma_uart_top
Note:  Implicit pin VNW in instance PHY_EDGE_ROW_29_Right_29 of gf180mcu_fd_sc_mcu7t5v0__endcap in cell udma_uart_top
Note:  Implicit pin VPW in instance PHY_EDGE_ROW_29_Right_29 of gf180mcu_fd_sc_mcu7t5v0__endcap in cell udma_uart_top
Note:  Implicit pin VNW in instance PHY_EDGE_ROW_2_Left_99 of gf180mcu_fd_sc_mcu7t5v0__endcap in cell udma_uart_top
Note:  Implicit pin VPW in instance PHY_EDGE_ROW_2_Left_99 of gf180mcu_fd_sc_mcu7t5v0__endcap in cell udma_uart_top
Note:  Implicit pin VNW in instance PHY_EDGE_ROW_2_Right_2 of gf180mcu_fd_sc_mcu7t5v0__endcap in cell udma_uart_top
Note:  Implicit pin VPW in instance PHY_EDGE_ROW_2_Right_2 of gf180mcu_fd_sc_mcu7t5v0__endcap in cell udma_uart_top
Note:  Implicit pin VNW in instance PHY_EDGE_ROW_30_Left_127 of gf180mcu_fd_sc_mcu7t5v0__endcap in cell udma_uart_top
Note:  Implicit pin VPW in instance PHY_EDGE_ROW_30_Left_127 of gf180mcu_fd_sc_mcu7t5v0__endcap in cell udma_uart_top
Note:  Implicit pin VNW in instance PHY_EDGE_ROW_30_Right_30 of gf180mcu_fd_sc_mcu7t5v0__endcap in cell udma_uart_top
Note:  Implicit pin VPW in instance PHY_EDGE_ROW_30_Right_30 of gf180mcu_fd_sc_mcu7t5v0__endcap in cell udma_uart_top
Note:  Implicit pin VNW in instance PHY_EDGE_ROW_31_Left_128 of gf180mcu_fd_sc_mcu7t5v0__endcap in cell udma_uart_top
Note:  Implicit pin VPW in instance PHY_EDGE_ROW_31_Left_128 of gf180mcu_fd_sc_mcu7t5v0__endcap in cell udma_uart_top
Note:  Implicit pin VNW in instance PHY_EDGE_ROW_31_Right_31 of gf180mcu_fd_sc_mcu7t5v0__endcap in cell udma_uart_top
Note:  Implicit pin VPW in instance PHY_EDGE_ROW_31_Right_31 of gf180mcu_fd_sc_mcu7t5v0__endcap in cell udma_uart_top
Note:  Implicit pin VNW in instance PHY_EDGE_ROW_32_Left_129 of gf180mcu_fd_sc_mcu7t5v0__endcap in cell udma_uart_top
Note:  Implicit pin VPW in instance PHY_EDGE_ROW_32_Left_129 of gf180mcu_fd_sc_mcu7t5v0__endcap in cell udma_uart_top
Note:  Implicit pin VNW in instance PHY_EDGE_ROW_32_Right_32 of gf180mcu_fd_sc_mcu7t5v0__endcap in cell udma_uart_top
Note:  Implicit pin VPW in instance PHY_EDGE_ROW_32_Right_32 of gf180mcu_fd_sc_mcu7t5v0__endcap in cell udma_uart_top
Note:  Implicit pin VNW in instance PHY_EDGE_ROW_33_Left_130 of gf180mcu_fd_sc_mcu7t5v0__endcap in cell udma_uart_top
Note:  Implicit pin VPW in instance PHY_EDGE_ROW_33_Left_130 of gf180mcu_fd_sc_mcu7t5v0__endcap in cell udma_uart_top
Note:  Implicit pin VNW in instance PHY_EDGE_ROW_33_Right_33 of gf180mcu_fd_sc_mcu7t5v0__endcap in cell udma_uart_top
Note:  Implicit pin VPW in instance PHY_EDGE_ROW_33_Right_33 of gf180mcu_fd_sc_mcu7t5v0__endcap in cell udma_uart_top
Note:  Implicit pin VNW in instance PHY_EDGE_ROW_34_Left_131 of gf180mcu_fd_sc_mcu7t5v0__endcap in cell udma_uart_top
Note:  Implicit pin VPW in instance PHY_EDGE_ROW_34_Left_131 of gf180mcu_fd_sc_mcu7t5v0__endcap in cell udma_uart_top
Note:  Implicit pin VNW in instance PHY_EDGE_ROW_34_Right_34 of gf180mcu_fd_sc_mcu7t5v0__endcap in cell udma_uart_top
Note:  Implicit pin VPW in instance PHY_EDGE_ROW_34_Right_34 of gf180mcu_fd_sc_mcu7t5v0__endcap in cell udma_uart_top
Note:  Implicit pin VNW in instance PHY_EDGE_ROW_35_Left_132 of gf180mcu_fd_sc_mcu7t5v0__endcap in cell udma_uart_top
Note:  Implicit pin VPW in instance PHY_EDGE_ROW_35_Left_132 of gf180mcu_fd_sc_mcu7t5v0__endcap in cell udma_uart_top
Note:  Implicit pin VNW in instance PHY_EDGE_ROW_35_Right_35 of gf180mcu_fd_sc_mcu7t5v0__endcap in cell udma_uart_top
Note:  Implicit pin VPW in instance PHY_EDGE_ROW_35_Right_35 of gf180mcu_fd_sc_mcu7t5v0__endcap in cell udma_uart_top
Note:  Implicit pin VNW in instance PHY_EDGE_ROW_36_Left_133 of gf180mcu_fd_sc_mcu7t5v0__endcap in cell udma_uart_top
Note:  Implicit pin VPW in instance PHY_EDGE_ROW_36_Left_133 of gf180mcu_fd_sc_mcu7t5v0__endcap in cell udma_uart_top
Note:  Implicit pin VNW in instance PHY_EDGE_ROW_36_Right_36 of gf180mcu_fd_sc_mcu7t5v0__endcap in cell udma_uart_top
Note:  Implicit pin VPW in instance PHY_EDGE_ROW_36_Right_36 of gf180mcu_fd_sc_mcu7t5v0__endcap in cell udma_uart_top
Note:  Implicit pin VNW in instance PHY_EDGE_ROW_37_Left_134 of gf180mcu_fd_sc_mcu7t5v0__endcap in cell udma_uart_top
Note:  Implicit pin VPW in instance PHY_EDGE_ROW_37_Left_134 of gf180mcu_fd_sc_mcu7t5v0__endcap in cell udma_uart_top
Note:  Implicit pin VNW in instance PHY_EDGE_ROW_37_Right_37 of gf180mcu_fd_sc_mcu7t5v0__endcap in cell udma_uart_top
Note:  Implicit pin VPW in instance PHY_EDGE_ROW_37_Right_37 of gf180mcu_fd_sc_mcu7t5v0__endcap in cell udma_uart_top
Note:  Implicit pin VNW in instance PHY_EDGE_ROW_38_Left_135 of gf180mcu_fd_sc_mcu7t5v0__endcap in cell udma_uart_top
Note:  Implicit pin VPW in instance PHY_EDGE_ROW_38_Left_135 of gf180mcu_fd_sc_mcu7t5v0__endcap in cell udma_uart_top
Note:  Implicit pin VNW in instance PHY_EDGE_ROW_38_Right_38 of gf180mcu_fd_sc_mcu7t5v0__endcap in cell udma_uart_top
Note:  Implicit pin VPW in instance PHY_EDGE_ROW_38_Right_38 of gf180mcu_fd_sc_mcu7t5v0__endcap in cell udma_uart_top
Note:  Implicit pin VNW in instance PHY_EDGE_ROW_39_Left_136 of gf180mcu_fd_sc_mcu7t5v0__endcap in cell udma_uart_top
Note:  Implicit pin VPW in instance PHY_EDGE_ROW_39_Left_136 of gf180mcu_fd_sc_mcu7t5v0__endcap in cell udma_uart_top
Note:  Implicit pin VNW in instance PHY_EDGE_ROW_39_Right_39 of gf180mcu_fd_sc_mcu7t5v0__endcap in cell udma_uart_top
Note:  Implicit pin VPW in instance PHY_EDGE_ROW_39_Right_39 of gf180mcu_fd_sc_mcu7t5v0__endcap in cell udma_uart_top
Note:  Implicit pin VNW in instance PHY_EDGE_ROW_3_Left_100 of gf180mcu_fd_sc_mcu7t5v0__endcap in cell udma_uart_top
Note:  Implicit pin VPW in instance PHY_EDGE_ROW_3_Left_100 of gf180mcu_fd_sc_mcu7t5v0__endcap in cell udma_uart_top
Note:  Implicit pin VNW in instance PHY_EDGE_ROW_3_Right_3 of gf180mcu_fd_sc_mcu7t5v0__endcap in cell udma_uart_top
Note:  Implicit pin VPW in instance PHY_EDGE_ROW_3_Right_3 of gf180mcu_fd_sc_mcu7t5v0__endcap in cell udma_uart_top
Note:  Implicit pin VNW in instance PHY_EDGE_ROW_40_Left_137 of gf180mcu_fd_sc_mcu7t5v0__endcap in cell udma_uart_top
Note:  Implicit pin VPW in instance PHY_EDGE_ROW_40_Left_137 of gf180mcu_fd_sc_mcu7t5v0__endcap in cell udma_uart_top
Note:  Implicit pin VNW in instance PHY_EDGE_ROW_40_Right_40 of gf180mcu_fd_sc_mcu7t5v0__endcap in cell udma_uart_top
Note:  Implicit pin VPW in instance PHY_EDGE_ROW_40_Right_40 of gf180mcu_fd_sc_mcu7t5v0__endcap in cell udma_uart_top
Note:  Implicit pin VNW in instance PHY_EDGE_ROW_41_Left_138 of gf180mcu_fd_sc_mcu7t5v0__endcap in cell udma_uart_top
Note:  Implicit pin VPW in instance PHY_EDGE_ROW_41_Left_138 of gf180mcu_fd_sc_mcu7t5v0__endcap in cell udma_uart_top
Note:  Implicit pin VNW in instance PHY_EDGE_ROW_41_Right_41 of gf180mcu_fd_sc_mcu7t5v0__endcap in cell udma_uart_top
Note:  Implicit pin VPW in instance PHY_EDGE_ROW_41_Right_41 of gf180mcu_fd_sc_mcu7t5v0__endcap in cell udma_uart_top
Note:  Implicit pin VNW in instance PHY_EDGE_ROW_42_Left_139 of gf180mcu_fd_sc_mcu7t5v0__endcap in cell udma_uart_top
Note:  Implicit pin VPW in instance PHY_EDGE_ROW_42_Left_139 of gf180mcu_fd_sc_mcu7t5v0__endcap in cell udma_uart_top
Note:  Implicit pin VNW in instance PHY_EDGE_ROW_42_Right_42 of gf180mcu_fd_sc_mcu7t5v0__endcap in cell udma_uart_top
Note:  Implicit pin VPW in instance PHY_EDGE_ROW_42_Right_42 of gf180mcu_fd_sc_mcu7t5v0__endcap in cell udma_uart_top
Note:  Implicit pin VNW in instance PHY_EDGE_ROW_43_Left_140 of gf180mcu_fd_sc_mcu7t5v0__endcap in cell udma_uart_top
Note:  Implicit pin VPW in instance PHY_EDGE_ROW_43_Left_140 of gf180mcu_fd_sc_mcu7t5v0__endcap in cell udma_uart_top
Note:  Implicit pin VNW in instance PHY_EDGE_ROW_43_Right_43 of gf180mcu_fd_sc_mcu7t5v0__endcap in cell udma_uart_top
Note:  Implicit pin VPW in instance PHY_EDGE_ROW_43_Right_43 of gf180mcu_fd_sc_mcu7t5v0__endcap in cell udma_uart_top
Note:  Implicit pin VNW in instance PHY_EDGE_ROW_44_Left_141 of gf180mcu_fd_sc_mcu7t5v0__endcap in cell udma_uart_top
Note:  Implicit pin VPW in instance PHY_EDGE_ROW_44_Left_141 of gf180mcu_fd_sc_mcu7t5v0__endcap in cell udma_uart_top
Note:  Implicit pin VNW in instance PHY_EDGE_ROW_44_Right_44 of gf180mcu_fd_sc_mcu7t5v0__endcap in cell udma_uart_top
Note:  Implicit pin VPW in instance PHY_EDGE_ROW_44_Right_44 of gf180mcu_fd_sc_mcu7t5v0__endcap in cell udma_uart_top
Note:  Implicit pin VNW in instance PHY_EDGE_ROW_45_Left_142 of gf180mcu_fd_sc_mcu7t5v0__endcap in cell udma_uart_top
Note:  Implicit pin VPW in instance PHY_EDGE_ROW_45_Left_142 of gf180mcu_fd_sc_mcu7t5v0__endcap in cell udma_uart_top
Note:  Implicit pin VNW in instance PHY_EDGE_ROW_45_Right_45 of gf180mcu_fd_sc_mcu7t5v0__endcap in cell udma_uart_top
Note:  Implicit pin VPW in instance PHY_EDGE_ROW_45_Right_45 of gf180mcu_fd_sc_mcu7t5v0__endcap in cell udma_uart_top
Note:  Implicit pin VNW in instance PHY_EDGE_ROW_46_Left_143 of gf180mcu_fd_sc_mcu7t5v0__endcap in cell udma_uart_top
Note:  Implicit pin VPW in instance PHY_EDGE_ROW_46_Left_143 of gf180mcu_fd_sc_mcu7t5v0__endcap in cell udma_uart_top
Note:  Implicit pin VNW in instance PHY_EDGE_ROW_46_Right_46 of gf180mcu_fd_sc_mcu7t5v0__endcap in cell udma_uart_top
Note:  Implicit pin VPW in instance PHY_EDGE_ROW_46_Right_46 of gf180mcu_fd_sc_mcu7t5v0__endcap in cell udma_uart_top
Note:  Implicit pin VNW in instance PHY_EDGE_ROW_47_Left_144 of gf180mcu_fd_sc_mcu7t5v0__endcap in cell udma_uart_top
Note:  Implicit pin VPW in instance PHY_EDGE_ROW_47_Left_144 of gf180mcu_fd_sc_mcu7t5v0__endcap in cell udma_uart_top
Note:  Implicit pin VNW in instance PHY_EDGE_ROW_47_Right_47 of gf180mcu_fd_sc_mcu7t5v0__endcap in cell udma_uart_top
Note:  Implicit pin VPW in instance PHY_EDGE_ROW_47_Right_47 of gf180mcu_fd_sc_mcu7t5v0__endcap in cell udma_uart_top
Note:  Implicit pin VNW in instance PHY_EDGE_ROW_48_Left_145 of gf180mcu_fd_sc_mcu7t5v0__endcap in cell udma_uart_top
Note:  Implicit pin VPW in instance PHY_EDGE_ROW_48_Left_145 of gf180mcu_fd_sc_mcu7t5v0__endcap in cell udma_uart_top
Note:  Implicit pin VNW in instance PHY_EDGE_ROW_48_Right_48 of gf180mcu_fd_sc_mcu7t5v0__endcap in cell udma_uart_top
Note:  Implicit pin VPW in instance PHY_EDGE_ROW_48_Right_48 of gf180mcu_fd_sc_mcu7t5v0__endcap in cell udma_uart_top
Note:  Implicit pin VNW in instance PHY_EDGE_ROW_49_Left_146 of gf180mcu_fd_sc_mcu7t5v0__endcap in cell udma_uart_top
Note:  Implicit pin VPW in instance PHY_EDGE_ROW_49_Left_146 of gf180mcu_fd_sc_mcu7t5v0__endcap in cell udma_uart_top
Note:  Implicit pin VNW in instance PHY_EDGE_ROW_49_Right_49 of gf180mcu_fd_sc_mcu7t5v0__endcap in cell udma_uart_top
Note:  Implicit pin VPW in instance PHY_EDGE_ROW_49_Right_49 of gf180mcu_fd_sc_mcu7t5v0__endcap in cell udma_uart_top
Note:  Implicit pin VNW in instance PHY_EDGE_ROW_4_Left_101 of gf180mcu_fd_sc_mcu7t5v0__endcap in cell udma_uart_top
Note:  Implicit pin VPW in instance PHY_EDGE_ROW_4_Left_101 of gf180mcu_fd_sc_mcu7t5v0__endcap in cell udma_uart_top
Note:  Implicit pin VNW in instance PHY_EDGE_ROW_4_Right_4 of gf180mcu_fd_sc_mcu7t5v0__endcap in cell udma_uart_top
Note:  Implicit pin VPW in instance PHY_EDGE_ROW_4_Right_4 of gf180mcu_fd_sc_mcu7t5v0__endcap in cell udma_uart_top
Note:  Implicit pin VNW in instance PHY_EDGE_ROW_50_Left_147 of gf180mcu_fd_sc_mcu7t5v0__endcap in cell udma_uart_top
Note:  Implicit pin VPW in instance PHY_EDGE_ROW_50_Left_147 of gf180mcu_fd_sc_mcu7t5v0__endcap in cell udma_uart_top
Note:  Implicit pin VNW in instance PHY_EDGE_ROW_50_Right_50 of gf180mcu_fd_sc_mcu7t5v0__endcap in cell udma_uart_top
Note:  Implicit pin VPW in instance PHY_EDGE_ROW_50_Right_50 of gf180mcu_fd_sc_mcu7t5v0__endcap in cell udma_uart_top
Note:  Implicit pin VNW in instance PHY_EDGE_ROW_51_Left_148 of gf180mcu_fd_sc_mcu7t5v0__endcap in cell udma_uart_top
Note:  Implicit pin VPW in instance PHY_EDGE_ROW_51_Left_148 of gf180mcu_fd_sc_mcu7t5v0__endcap in cell udma_uart_top
Note:  Implicit pin VNW in instance PHY_EDGE_ROW_51_Right_51 of gf180mcu_fd_sc_mcu7t5v0__endcap in cell udma_uart_top
Note:  Implicit pin VPW in instance PHY_EDGE_ROW_51_Right_51 of gf180mcu_fd_sc_mcu7t5v0__endcap in cell udma_uart_top
Note:  Implicit pin VNW in instance PHY_EDGE_ROW_52_Left_149 of gf180mcu_fd_sc_mcu7t5v0__endcap in cell udma_uart_top
Note:  Implicit pin VPW in instance PHY_EDGE_ROW_52_Left_149 of gf180mcu_fd_sc_mcu7t5v0__endcap in cell udma_uart_top
Note:  Implicit pin VNW in instance PHY_EDGE_ROW_52_Right_52 of gf180mcu_fd_sc_mcu7t5v0__endcap in cell udma_uart_top
Note:  Implicit pin VPW in instance PHY_EDGE_ROW_52_Right_52 of gf180mcu_fd_sc_mcu7t5v0__endcap in cell udma_uart_top
Note:  Implicit pin VNW in instance PHY_EDGE_ROW_53_Left_150 of gf180mcu_fd_sc_mcu7t5v0__endcap in cell udma_uart_top
Note:  Implicit pin VPW in instance PHY_EDGE_ROW_53_Left_150 of gf180mcu_fd_sc_mcu7t5v0__endcap in cell udma_uart_top
Note:  Implicit pin VNW in instance PHY_EDGE_ROW_53_Right_53 of gf180mcu_fd_sc_mcu7t5v0__endcap in cell udma_uart_top
Note:  Implicit pin VPW in instance PHY_EDGE_ROW_53_Right_53 of gf180mcu_fd_sc_mcu7t5v0__endcap in cell udma_uart_top
Note:  Implicit pin VNW in instance PHY_EDGE_ROW_54_Left_151 of gf180mcu_fd_sc_mcu7t5v0__endcap in cell udma_uart_top
Note:  Implicit pin VPW in instance PHY_EDGE_ROW_54_Left_151 of gf180mcu_fd_sc_mcu7t5v0__endcap in cell udma_uart_top
Note:  Implicit pin VNW in instance PHY_EDGE_ROW_54_Right_54 of gf180mcu_fd_sc_mcu7t5v0__endcap in cell udma_uart_top
Note:  Implicit pin VPW in instance PHY_EDGE_ROW_54_Right_54 of gf180mcu_fd_sc_mcu7t5v0__endcap in cell udma_uart_top
Note:  Implicit pin VNW in instance PHY_EDGE_ROW_55_Left_152 of gf180mcu_fd_sc_mcu7t5v0__endcap in cell udma_uart_top
Note:  Implicit pin VPW in instance PHY_EDGE_ROW_55_Left_152 of gf180mcu_fd_sc_mcu7t5v0__endcap in cell udma_uart_top
Note:  Implicit pin VNW in instance PHY_EDGE_ROW_55_Right_55 of gf180mcu_fd_sc_mcu7t5v0__endcap in cell udma_uart_top
Note:  Implicit pin VPW in instance PHY_EDGE_ROW_55_Right_55 of gf180mcu_fd_sc_mcu7t5v0__endcap in cell udma_uart_top
Note:  Implicit pin VNW in instance PHY_EDGE_ROW_56_Left_153 of gf180mcu_fd_sc_mcu7t5v0__endcap in cell udma_uart_top
Note:  Implicit pin VPW in instance PHY_EDGE_ROW_56_Left_153 of gf180mcu_fd_sc_mcu7t5v0__endcap in cell udma_uart_top
Note:  Implicit pin VNW in instance PHY_EDGE_ROW_56_Right_56 of gf180mcu_fd_sc_mcu7t5v0__endcap in cell udma_uart_top
Note:  Implicit pin VPW in instance PHY_EDGE_ROW_56_Right_56 of gf180mcu_fd_sc_mcu7t5v0__endcap in cell udma_uart_top
Note:  Implicit pin VNW in instance PHY_EDGE_ROW_57_Left_154 of gf180mcu_fd_sc_mcu7t5v0__endcap in cell udma_uart_top
Note:  Implicit pin VPW in instance PHY_EDGE_ROW_57_Left_154 of gf180mcu_fd_sc_mcu7t5v0__endcap in cell udma_uart_top
Note:  Implicit pin VNW in instance PHY_EDGE_ROW_57_Right_57 of gf180mcu_fd_sc_mcu7t5v0__endcap in cell udma_uart_top
Note:  Implicit pin VPW in instance PHY_EDGE_ROW_57_Right_57 of gf180mcu_fd_sc_mcu7t5v0__endcap in cell udma_uart_top
Note:  Implicit pin VNW in instance PHY_EDGE_ROW_58_Left_155 of gf180mcu_fd_sc_mcu7t5v0__endcap in cell udma_uart_top
Note:  Implicit pin VPW in instance PHY_EDGE_ROW_58_Left_155 of gf180mcu_fd_sc_mcu7t5v0__endcap in cell udma_uart_top
Note:  Implicit pin VNW in instance PHY_EDGE_ROW_58_Right_58 of gf180mcu_fd_sc_mcu7t5v0__endcap in cell udma_uart_top
Note:  Implicit pin VPW in instance PHY_EDGE_ROW_58_Right_58 of gf180mcu_fd_sc_mcu7t5v0__endcap in cell udma_uart_top
Note:  Implicit pin VNW in instance PHY_EDGE_ROW_59_Left_156 of gf180mcu_fd_sc_mcu7t5v0__endcap in cell udma_uart_top
Note:  Implicit pin VPW in instance PHY_EDGE_ROW_59_Left_156 of gf180mcu_fd_sc_mcu7t5v0__endcap in cell udma_uart_top
Note:  Implicit pin VNW in instance PHY_EDGE_ROW_59_Right_59 of gf180mcu_fd_sc_mcu7t5v0__endcap in cell udma_uart_top
Note:  Implicit pin VPW in instance PHY_EDGE_ROW_59_Right_59 of gf180mcu_fd_sc_mcu7t5v0__endcap in cell udma_uart_top
Note:  Implicit pin VNW in instance PHY_EDGE_ROW_5_Left_102 of gf180mcu_fd_sc_mcu7t5v0__endcap in cell udma_uart_top
Note:  Implicit pin VPW in instance PHY_EDGE_ROW_5_Left_102 of gf180mcu_fd_sc_mcu7t5v0__endcap in cell udma_uart_top
Note:  Implicit pin VNW in instance PHY_EDGE_ROW_5_Right_5 of gf180mcu_fd_sc_mcu7t5v0__endcap in cell udma_uart_top
Note:  Implicit pin VPW in instance PHY_EDGE_ROW_5_Right_5 of gf180mcu_fd_sc_mcu7t5v0__endcap in cell udma_uart_top
Note:  Implicit pin VNW in instance PHY_EDGE_ROW_60_Left_157 of gf180mcu_fd_sc_mcu7t5v0__endcap in cell udma_uart_top
Note:  Implicit pin VPW in instance PHY_EDGE_ROW_60_Left_157 of gf180mcu_fd_sc_mcu7t5v0__endcap in cell udma_uart_top
Note:  Implicit pin VNW in instance PHY_EDGE_ROW_60_Right_60 of gf180mcu_fd_sc_mcu7t5v0__endcap in cell udma_uart_top
Note:  Implicit pin VPW in instance PHY_EDGE_ROW_60_Right_60 of gf180mcu_fd_sc_mcu7t5v0__endcap in cell udma_uart_top
Note:  Implicit pin VNW in instance PHY_EDGE_ROW_61_Left_158 of gf180mcu_fd_sc_mcu7t5v0__endcap in cell udma_uart_top
Note:  Implicit pin VPW in instance PHY_EDGE_ROW_61_Left_158 of gf180mcu_fd_sc_mcu7t5v0__endcap in cell udma_uart_top
Note:  Implicit pin VNW in instance PHY_EDGE_ROW_61_Right_61 of gf180mcu_fd_sc_mcu7t5v0__endcap in cell udma_uart_top
Note:  Implicit pin VPW in instance PHY_EDGE_ROW_61_Right_61 of gf180mcu_fd_sc_mcu7t5v0__endcap in cell udma_uart_top
Note:  Implicit pin VNW in instance PHY_EDGE_ROW_62_Left_159 of gf180mcu_fd_sc_mcu7t5v0__endcap in cell udma_uart_top
Note:  Implicit pin VPW in instance PHY_EDGE_ROW_62_Left_159 of gf180mcu_fd_sc_mcu7t5v0__endcap in cell udma_uart_top
Note:  Implicit pin VNW in instance PHY_EDGE_ROW_62_Right_62 of gf180mcu_fd_sc_mcu7t5v0__endcap in cell udma_uart_top
Note:  Implicit pin VPW in instance PHY_EDGE_ROW_62_Right_62 of gf180mcu_fd_sc_mcu7t5v0__endcap in cell udma_uart_top
Note:  Implicit pin VNW in instance PHY_EDGE_ROW_63_Left_160 of gf180mcu_fd_sc_mcu7t5v0__endcap in cell udma_uart_top
Note:  Implicit pin VPW in instance PHY_EDGE_ROW_63_Left_160 of gf180mcu_fd_sc_mcu7t5v0__endcap in cell udma_uart_top
Note:  Implicit pin VNW in instance PHY_EDGE_ROW_63_Right_63 of gf180mcu_fd_sc_mcu7t5v0__endcap in cell udma_uart_top
Note:  Implicit pin VPW in instance PHY_EDGE_ROW_63_Right_63 of gf180mcu_fd_sc_mcu7t5v0__endcap in cell udma_uart_top
Note:  Implicit pin VNW in instance PHY_EDGE_ROW_64_Left_161 of gf180mcu_fd_sc_mcu7t5v0__endcap in cell udma_uart_top
Note:  Implicit pin VPW in instance PHY_EDGE_ROW_64_Left_161 of gf180mcu_fd_sc_mcu7t5v0__endcap in cell udma_uart_top
Note:  Implicit pin VNW in instance PHY_EDGE_ROW_64_Right_64 of gf180mcu_fd_sc_mcu7t5v0__endcap in cell udma_uart_top
Note:  Implicit pin VPW in instance PHY_EDGE_ROW_64_Right_64 of gf180mcu_fd_sc_mcu7t5v0__endcap in cell udma_uart_top
Note:  Implicit pin VNW in instance PHY_EDGE_ROW_65_Left_162 of gf180mcu_fd_sc_mcu7t5v0__endcap in cell udma_uart_top
Note:  Implicit pin VPW in instance PHY_EDGE_ROW_65_Left_162 of gf180mcu_fd_sc_mcu7t5v0__endcap in cell udma_uart_top
Note:  Implicit pin VNW in instance PHY_EDGE_ROW_65_Right_65 of gf180mcu_fd_sc_mcu7t5v0__endcap in cell udma_uart_top
Note:  Implicit pin VPW in instance PHY_EDGE_ROW_65_Right_65 of gf180mcu_fd_sc_mcu7t5v0__endcap in cell udma_uart_top
Note:  Implicit pin VNW in instance PHY_EDGE_ROW_66_Left_163 of gf180mcu_fd_sc_mcu7t5v0__endcap in cell udma_uart_top
Note:  Implicit pin VPW in instance PHY_EDGE_ROW_66_Left_163 of gf180mcu_fd_sc_mcu7t5v0__endcap in cell udma_uart_top
Note:  Implicit pin VNW in instance PHY_EDGE_ROW_66_Right_66 of gf180mcu_fd_sc_mcu7t5v0__endcap in cell udma_uart_top
Note:  Implicit pin VPW in instance PHY_EDGE_ROW_66_Right_66 of gf180mcu_fd_sc_mcu7t5v0__endcap in cell udma_uart_top
Note:  Implicit pin VNW in instance PHY_EDGE_ROW_67_Left_164 of gf180mcu_fd_sc_mcu7t5v0__endcap in cell udma_uart_top
Note:  Implicit pin VPW in instance PHY_EDGE_ROW_67_Left_164 of gf180mcu_fd_sc_mcu7t5v0__endcap in cell udma_uart_top
Note:  Implicit pin VNW in instance PHY_EDGE_ROW_67_Right_67 of gf180mcu_fd_sc_mcu7t5v0__endcap in cell udma_uart_top
Note:  Implicit pin VPW in instance PHY_EDGE_ROW_67_Right_67 of gf180mcu_fd_sc_mcu7t5v0__endcap in cell udma_uart_top
Note:  Implicit pin VNW in instance PHY_EDGE_ROW_68_Left_165 of gf180mcu_fd_sc_mcu7t5v0__endcap in cell udma_uart_top
Note:  Implicit pin VPW in instance PHY_EDGE_ROW_68_Left_165 of gf180mcu_fd_sc_mcu7t5v0__endcap in cell udma_uart_top
Note:  Implicit pin VNW in instance PHY_EDGE_ROW_68_Right_68 of gf180mcu_fd_sc_mcu7t5v0__endcap in cell udma_uart_top
Note:  Implicit pin VPW in instance PHY_EDGE_ROW_68_Right_68 of gf180mcu_fd_sc_mcu7t5v0__endcap in cell udma_uart_top
Note:  Implicit pin VNW in instance PHY_EDGE_ROW_69_Left_166 of gf180mcu_fd_sc_mcu7t5v0__endcap in cell udma_uart_top
Note:  Implicit pin VPW in instance PHY_EDGE_ROW_69_Left_166 of gf180mcu_fd_sc_mcu7t5v0__endcap in cell udma_uart_top
Note:  Implicit pin VNW in instance PHY_EDGE_ROW_69_Right_69 of gf180mcu_fd_sc_mcu7t5v0__endcap in cell udma_uart_top
Note:  Implicit pin VPW in instance PHY_EDGE_ROW_69_Right_69 of gf180mcu_fd_sc_mcu7t5v0__endcap in cell udma_uart_top
Note:  Implicit pin VNW in instance PHY_EDGE_ROW_6_Left_103 of gf180mcu_fd_sc_mcu7t5v0__endcap in cell udma_uart_top
Note:  Implicit pin VPW in instance PHY_EDGE_ROW_6_Left_103 of gf180mcu_fd_sc_mcu7t5v0__endcap in cell udma_uart_top
Note:  Implicit pin VNW in instance PHY_EDGE_ROW_6_Right_6 of gf180mcu_fd_sc_mcu7t5v0__endcap in cell udma_uart_top
Note:  Implicit pin VPW in instance PHY_EDGE_ROW_6_Right_6 of gf180mcu_fd_sc_mcu7t5v0__endcap in cell udma_uart_top
Note:  Implicit pin VNW in instance PHY_EDGE_ROW_70_Left_167 of gf180mcu_fd_sc_mcu7t5v0__endcap in cell udma_uart_top
Note:  Implicit pin VPW in instance PHY_EDGE_ROW_70_Left_167 of gf180mcu_fd_sc_mcu7t5v0__endcap in cell udma_uart_top
Note:  Implicit pin VNW in instance PHY_EDGE_ROW_70_Right_70 of gf180mcu_fd_sc_mcu7t5v0__endcap in cell udma_uart_top
Note:  Implicit pin VPW in instance PHY_EDGE_ROW_70_Right_70 of gf180mcu_fd_sc_mcu7t5v0__endcap in cell udma_uart_top
Note:  Implicit pin VNW in instance PHY_EDGE_ROW_71_Left_168 of gf180mcu_fd_sc_mcu7t5v0__endcap in cell udma_uart_top
Note:  Implicit pin VPW in instance PHY_EDGE_ROW_71_Left_168 of gf180mcu_fd_sc_mcu7t5v0__endcap in cell udma_uart_top
Note:  Implicit pin VNW in instance PHY_EDGE_ROW_71_Right_71 of gf180mcu_fd_sc_mcu7t5v0__endcap in cell udma_uart_top
Note:  Implicit pin VPW in instance PHY_EDGE_ROW_71_Right_71 of gf180mcu_fd_sc_mcu7t5v0__endcap in cell udma_uart_top
Note:  Implicit pin VNW in instance PHY_EDGE_ROW_72_Left_169 of gf180mcu_fd_sc_mcu7t5v0__endcap in cell udma_uart_top
Note:  Implicit pin VPW in instance PHY_EDGE_ROW_72_Left_169 of gf180mcu_fd_sc_mcu7t5v0__endcap in cell udma_uart_top
Note:  Implicit pin VNW in instance PHY_EDGE_ROW_72_Right_72 of gf180mcu_fd_sc_mcu7t5v0__endcap in cell udma_uart_top
Note:  Implicit pin VPW in instance PHY_EDGE_ROW_72_Right_72 of gf180mcu_fd_sc_mcu7t5v0__endcap in cell udma_uart_top
Note:  Implicit pin VNW in instance PHY_EDGE_ROW_73_Left_170 of gf180mcu_fd_sc_mcu7t5v0__endcap in cell udma_uart_top
Note:  Implicit pin VPW in instance PHY_EDGE_ROW_73_Left_170 of gf180mcu_fd_sc_mcu7t5v0__endcap in cell udma_uart_top
Note:  Implicit pin VNW in instance PHY_EDGE_ROW_73_Right_73 of gf180mcu_fd_sc_mcu7t5v0__endcap in cell udma_uart_top
Note:  Implicit pin VPW in instance PHY_EDGE_ROW_73_Right_73 of gf180mcu_fd_sc_mcu7t5v0__endcap in cell udma_uart_top
Note:  Implicit pin VNW in instance PHY_EDGE_ROW_74_Left_171 of gf180mcu_fd_sc_mcu7t5v0__endcap in cell udma_uart_top
Note:  Implicit pin VPW in instance PHY_EDGE_ROW_74_Left_171 of gf180mcu_fd_sc_mcu7t5v0__endcap in cell udma_uart_top
Note:  Implicit pin VNW in instance PHY_EDGE_ROW_74_Right_74 of gf180mcu_fd_sc_mcu7t5v0__endcap in cell udma_uart_top
Note:  Implicit pin VPW in instance PHY_EDGE_ROW_74_Right_74 of gf180mcu_fd_sc_mcu7t5v0__endcap in cell udma_uart_top
Note:  Implicit pin VNW in instance PHY_EDGE_ROW_75_Left_172 of gf180mcu_fd_sc_mcu7t5v0__endcap in cell udma_uart_top
Note:  Implicit pin VPW in instance PHY_EDGE_ROW_75_Left_172 of gf180mcu_fd_sc_mcu7t5v0__endcap in cell udma_uart_top
Note:  Implicit pin VNW in instance PHY_EDGE_ROW_75_Right_75 of gf180mcu_fd_sc_mcu7t5v0__endcap in cell udma_uart_top
Note:  Implicit pin VPW in instance PHY_EDGE_ROW_75_Right_75 of gf180mcu_fd_sc_mcu7t5v0__endcap in cell udma_uart_top
Note:  Implicit pin VNW in instance PHY_EDGE_ROW_76_Left_173 of gf180mcu_fd_sc_mcu7t5v0__endcap in cell udma_uart_top
Note:  Implicit pin VPW in instance PHY_EDGE_ROW_76_Left_173 of gf180mcu_fd_sc_mcu7t5v0__endcap in cell udma_uart_top
Note:  Implicit pin VNW in instance PHY_EDGE_ROW_76_Right_76 of gf180mcu_fd_sc_mcu7t5v0__endcap in cell udma_uart_top
Note:  Implicit pin VPW in instance PHY_EDGE_ROW_76_Right_76 of gf180mcu_fd_sc_mcu7t5v0__endcap in cell udma_uart_top
Note:  Implicit pin VNW in instance PHY_EDGE_ROW_77_Left_174 of gf180mcu_fd_sc_mcu7t5v0__endcap in cell udma_uart_top
Note:  Implicit pin VPW in instance PHY_EDGE_ROW_77_Left_174 of gf180mcu_fd_sc_mcu7t5v0__endcap in cell udma_uart_top
Note:  Implicit pin VNW in instance PHY_EDGE_ROW_77_Right_77 of gf180mcu_fd_sc_mcu7t5v0__endcap in cell udma_uart_top
Note:  Implicit pin VPW in instance PHY_EDGE_ROW_77_Right_77 of gf180mcu_fd_sc_mcu7t5v0__endcap in cell udma_uart_top
Note:  Implicit pin VNW in instance PHY_EDGE_ROW_78_Left_175 of gf180mcu_fd_sc_mcu7t5v0__endcap in cell udma_uart_top
Note:  Implicit pin VPW in instance PHY_EDGE_ROW_78_Left_175 of gf180mcu_fd_sc_mcu7t5v0__endcap in cell udma_uart_top
Note:  Implicit pin VNW in instance PHY_EDGE_ROW_78_Right_78 of gf180mcu_fd_sc_mcu7t5v0__endcap in cell udma_uart_top
Note:  Implicit pin VPW in instance PHY_EDGE_ROW_78_Right_78 of gf180mcu_fd_sc_mcu7t5v0__endcap in cell udma_uart_top
Note:  Implicit pin VNW in instance PHY_EDGE_ROW_79_Left_176 of gf180mcu_fd_sc_mcu7t5v0__endcap in cell udma_uart_top
Note:  Implicit pin VPW in instance PHY_EDGE_ROW_79_Left_176 of gf180mcu_fd_sc_mcu7t5v0__endcap in cell udma_uart_top
Note:  Implicit pin VNW in instance PHY_EDGE_ROW_79_Right_79 of gf180mcu_fd_sc_mcu7t5v0__endcap in cell udma_uart_top
Note:  Implicit pin VPW in instance PHY_EDGE_ROW_79_Right_79 of gf180mcu_fd_sc_mcu7t5v0__endcap in cell udma_uart_top
Note:  Implicit pin VNW in instance PHY_EDGE_ROW_7_Left_104 of gf180mcu_fd_sc_mcu7t5v0__endcap in cell udma_uart_top
Note:  Implicit pin VPW in instance PHY_EDGE_ROW_7_Left_104 of gf180mcu_fd_sc_mcu7t5v0__endcap in cell udma_uart_top
Note:  Implicit pin VNW in instance PHY_EDGE_ROW_7_Right_7 of gf180mcu_fd_sc_mcu7t5v0__endcap in cell udma_uart_top
Note:  Implicit pin VPW in instance PHY_EDGE_ROW_7_Right_7 of gf180mcu_fd_sc_mcu7t5v0__endcap in cell udma_uart_top
Note:  Implicit pin VNW in instance PHY_EDGE_ROW_80_Left_177 of gf180mcu_fd_sc_mcu7t5v0__endcap in cell udma_uart_top
Note:  Implicit pin VPW in instance PHY_EDGE_ROW_80_Left_177 of gf180mcu_fd_sc_mcu7t5v0__endcap in cell udma_uart_top
Note:  Implicit pin VNW in instance PHY_EDGE_ROW_80_Right_80 of gf180mcu_fd_sc_mcu7t5v0__endcap in cell udma_uart_top
Note:  Implicit pin VPW in instance PHY_EDGE_ROW_80_Right_80 of gf180mcu_fd_sc_mcu7t5v0__endcap in cell udma_uart_top
Note:  Implicit pin VNW in instance PHY_EDGE_ROW_81_Left_178 of gf180mcu_fd_sc_mcu7t5v0__endcap in cell udma_uart_top
Note:  Implicit pin VPW in instance PHY_EDGE_ROW_81_Left_178 of gf180mcu_fd_sc_mcu7t5v0__endcap in cell udma_uart_top
Note:  Implicit pin VNW in instance PHY_EDGE_ROW_81_Right_81 of gf180mcu_fd_sc_mcu7t5v0__endcap in cell udma_uart_top
Note:  Implicit pin VPW in instance PHY_EDGE_ROW_81_Right_81 of gf180mcu_fd_sc_mcu7t5v0__endcap in cell udma_uart_top
Note:  Implicit pin VNW in instance PHY_EDGE_ROW_82_Left_179 of gf180mcu_fd_sc_mcu7t5v0__endcap in cell udma_uart_top
Note:  Implicit pin VPW in instance PHY_EDGE_ROW_82_Left_179 of gf180mcu_fd_sc_mcu7t5v0__endcap in cell udma_uart_top
Note:  Implicit pin VNW in instance PHY_EDGE_ROW_82_Right_82 of gf180mcu_fd_sc_mcu7t5v0__endcap in cell udma_uart_top
Note:  Implicit pin VPW in instance PHY_EDGE_ROW_82_Right_82 of gf180mcu_fd_sc_mcu7t5v0__endcap in cell udma_uart_top
Note:  Implicit pin VNW in instance PHY_EDGE_ROW_83_Left_180 of gf180mcu_fd_sc_mcu7t5v0__endcap in cell udma_uart_top
Note:  Implicit pin VPW in instance PHY_EDGE_ROW_83_Left_180 of gf180mcu_fd_sc_mcu7t5v0__endcap in cell udma_uart_top
Note:  Implicit pin VNW in instance PHY_EDGE_ROW_83_Right_83 of gf180mcu_fd_sc_mcu7t5v0__endcap in cell udma_uart_top
Note:  Implicit pin VPW in instance PHY_EDGE_ROW_83_Right_83 of gf180mcu_fd_sc_mcu7t5v0__endcap in cell udma_uart_top
Note:  Implicit pin VNW in instance PHY_EDGE_ROW_84_Left_181 of gf180mcu_fd_sc_mcu7t5v0__endcap in cell udma_uart_top
Note:  Implicit pin VPW in instance PHY_EDGE_ROW_84_Left_181 of gf180mcu_fd_sc_mcu7t5v0__endcap in cell udma_uart_top
Note:  Implicit pin VNW in instance PHY_EDGE_ROW_84_Right_84 of gf180mcu_fd_sc_mcu7t5v0__endcap in cell udma_uart_top
Note:  Implicit pin VPW in instance PHY_EDGE_ROW_84_Right_84 of gf180mcu_fd_sc_mcu7t5v0__endcap in cell udma_uart_top
Note:  Implicit pin VNW in instance PHY_EDGE_ROW_85_Left_182 of gf180mcu_fd_sc_mcu7t5v0__endcap in cell udma_uart_top
Note:  Implicit pin VPW in instance PHY_EDGE_ROW_85_Left_182 of gf180mcu_fd_sc_mcu7t5v0__endcap in cell udma_uart_top
Note:  Implicit pin VNW in instance PHY_EDGE_ROW_85_Right_85 of gf180mcu_fd_sc_mcu7t5v0__endcap in cell udma_uart_top
Note:  Implicit pin VPW in instance PHY_EDGE_ROW_85_Right_85 of gf180mcu_fd_sc_mcu7t5v0__endcap in cell udma_uart_top
Note:  Implicit pin VNW in instance PHY_EDGE_ROW_86_Left_183 of gf180mcu_fd_sc_mcu7t5v0__endcap in cell udma_uart_top
Note:  Implicit pin VPW in instance PHY_EDGE_ROW_86_Left_183 of gf180mcu_fd_sc_mcu7t5v0__endcap in cell udma_uart_top
Note:  Implicit pin VNW in instance PHY_EDGE_ROW_86_Right_86 of gf180mcu_fd_sc_mcu7t5v0__endcap in cell udma_uart_top
Note:  Implicit pin VPW in instance PHY_EDGE_ROW_86_Right_86 of gf180mcu_fd_sc_mcu7t5v0__endcap in cell udma_uart_top
Note:  Implicit pin VNW in instance PHY_EDGE_ROW_87_Left_184 of gf180mcu_fd_sc_mcu7t5v0__endcap in cell udma_uart_top
Note:  Implicit pin VPW in instance PHY_EDGE_ROW_87_Left_184 of gf180mcu_fd_sc_mcu7t5v0__endcap in cell udma_uart_top
Note:  Implicit pin VNW in instance PHY_EDGE_ROW_87_Right_87 of gf180mcu_fd_sc_mcu7t5v0__endcap in cell udma_uart_top
Note:  Implicit pin VPW in instance PHY_EDGE_ROW_87_Right_87 of gf180mcu_fd_sc_mcu7t5v0__endcap in cell udma_uart_top
Note:  Implicit pin VNW in instance PHY_EDGE_ROW_88_Left_185 of gf180mcu_fd_sc_mcu7t5v0__endcap in cell udma_uart_top
Note:  Implicit pin VPW in instance PHY_EDGE_ROW_88_Left_185 of gf180mcu_fd_sc_mcu7t5v0__endcap in cell udma_uart_top
Note:  Implicit pin VNW in instance PHY_EDGE_ROW_88_Right_88 of gf180mcu_fd_sc_mcu7t5v0__endcap in cell udma_uart_top
Note:  Implicit pin VPW in instance PHY_EDGE_ROW_88_Right_88 of gf180mcu_fd_sc_mcu7t5v0__endcap in cell udma_uart_top
Note:  Implicit pin VNW in instance PHY_EDGE_ROW_89_Left_186 of gf180mcu_fd_sc_mcu7t5v0__endcap in cell udma_uart_top
Note:  Implicit pin VPW in instance PHY_EDGE_ROW_89_Left_186 of gf180mcu_fd_sc_mcu7t5v0__endcap in cell udma_uart_top
Note:  Implicit pin VNW in instance PHY_EDGE_ROW_89_Right_89 of gf180mcu_fd_sc_mcu7t5v0__endcap in cell udma_uart_top
Note:  Implicit pin VPW in instance PHY_EDGE_ROW_89_Right_89 of gf180mcu_fd_sc_mcu7t5v0__endcap in cell udma_uart_top
Note:  Implicit pin VNW in instance PHY_EDGE_ROW_8_Left_105 of gf180mcu_fd_sc_mcu7t5v0__endcap in cell udma_uart_top
Note:  Implicit pin VPW in instance PHY_EDGE_ROW_8_Left_105 of gf180mcu_fd_sc_mcu7t5v0__endcap in cell udma_uart_top
Note:  Implicit pin VNW in instance PHY_EDGE_ROW_8_Right_8 of gf180mcu_fd_sc_mcu7t5v0__endcap in cell udma_uart_top
Note:  Implicit pin VPW in instance PHY_EDGE_ROW_8_Right_8 of gf180mcu_fd_sc_mcu7t5v0__endcap in cell udma_uart_top
Note:  Implicit pin VNW in instance PHY_EDGE_ROW_90_Left_187 of gf180mcu_fd_sc_mcu7t5v0__endcap in cell udma_uart_top
Note:  Implicit pin VPW in instance PHY_EDGE_ROW_90_Left_187 of gf180mcu_fd_sc_mcu7t5v0__endcap in cell udma_uart_top
Note:  Implicit pin VNW in instance PHY_EDGE_ROW_90_Right_90 of gf180mcu_fd_sc_mcu7t5v0__endcap in cell udma_uart_top
Note:  Implicit pin VPW in instance PHY_EDGE_ROW_90_Right_90 of gf180mcu_fd_sc_mcu7t5v0__endcap in cell udma_uart_top
Note:  Implicit pin VNW in instance PHY_EDGE_ROW_91_Left_188 of gf180mcu_fd_sc_mcu7t5v0__endcap in cell udma_uart_top
Note:  Implicit pin VPW in instance PHY_EDGE_ROW_91_Left_188 of gf180mcu_fd_sc_mcu7t5v0__endcap in cell udma_uart_top
Note:  Implicit pin VNW in instance PHY_EDGE_ROW_91_Right_91 of gf180mcu_fd_sc_mcu7t5v0__endcap in cell udma_uart_top
Note:  Implicit pin VPW in instance PHY_EDGE_ROW_91_Right_91 of gf180mcu_fd_sc_mcu7t5v0__endcap in cell udma_uart_top
Note:  Implicit pin VNW in instance PHY_EDGE_ROW_92_Left_189 of gf180mcu_fd_sc_mcu7t5v0__endcap in cell udma_uart_top
Note:  Implicit pin VPW in instance PHY_EDGE_ROW_92_Left_189 of gf180mcu_fd_sc_mcu7t5v0__endcap in cell udma_uart_top
Note:  Implicit pin VNW in instance PHY_EDGE_ROW_92_Right_92 of gf180mcu_fd_sc_mcu7t5v0__endcap in cell udma_uart_top
Note:  Implicit pin VPW in instance PHY_EDGE_ROW_92_Right_92 of gf180mcu_fd_sc_mcu7t5v0__endcap in cell udma_uart_top
Note:  Implicit pin VNW in instance PHY_EDGE_ROW_93_Left_190 of gf180mcu_fd_sc_mcu7t5v0__endcap in cell udma_uart_top
Note:  Implicit pin VPW in instance PHY_EDGE_ROW_93_Left_190 of gf180mcu_fd_sc_mcu7t5v0__endcap in cell udma_uart_top
Note:  Implicit pin VNW in instance PHY_EDGE_ROW_93_Right_93 of gf180mcu_fd_sc_mcu7t5v0__endcap in cell udma_uart_top
Note:  Implicit pin VPW in instance PHY_EDGE_ROW_93_Right_93 of gf180mcu_fd_sc_mcu7t5v0__endcap in cell udma_uart_top
Note:  Implicit pin VNW in instance PHY_EDGE_ROW_94_Left_191 of gf180mcu_fd_sc_mcu7t5v0__endcap in cell udma_uart_top
Note:  Implicit pin VPW in instance PHY_EDGE_ROW_94_Left_191 of gf180mcu_fd_sc_mcu7t5v0__endcap in cell udma_uart_top
Note:  Implicit pin VNW in instance PHY_EDGE_ROW_94_Right_94 of gf180mcu_fd_sc_mcu7t5v0__endcap in cell udma_uart_top
Note:  Implicit pin VPW in instance PHY_EDGE_ROW_94_Right_94 of gf180mcu_fd_sc_mcu7t5v0__endcap in cell udma_uart_top
Note:  Implicit pin VNW in instance PHY_EDGE_ROW_95_Left_192 of gf180mcu_fd_sc_mcu7t5v0__endcap in cell udma_uart_top
Note:  Implicit pin VPW in instance PHY_EDGE_ROW_95_Left_192 of gf180mcu_fd_sc_mcu7t5v0__endcap in cell udma_uart_top
Note:  Implicit pin VNW in instance PHY_EDGE_ROW_95_Right_95 of gf180mcu_fd_sc_mcu7t5v0__endcap in cell udma_uart_top
Note:  Implicit pin VPW in instance PHY_EDGE_ROW_95_Right_95 of gf180mcu_fd_sc_mcu7t5v0__endcap in cell udma_uart_top
Note:  Implicit pin VNW in instance PHY_EDGE_ROW_96_Left_193 of gf180mcu_fd_sc_mcu7t5v0__endcap in cell udma_uart_top
Note:  Implicit pin VPW in instance PHY_EDGE_ROW_96_Left_193 of gf180mcu_fd_sc_mcu7t5v0__endcap in cell udma_uart_top
Note:  Implicit pin VNW in instance PHY_EDGE_ROW_96_Right_96 of gf180mcu_fd_sc_mcu7t5v0__endcap in cell udma_uart_top
Note:  Implicit pin VPW in instance PHY_EDGE_ROW_96_Right_96 of gf180mcu_fd_sc_mcu7t5v0__endcap in cell udma_uart_top
Note:  Implicit pin VNW in instance PHY_EDGE_ROW_9_Left_106 of gf180mcu_fd_sc_mcu7t5v0__endcap in cell udma_uart_top
Note:  Implicit pin VPW in instance PHY_EDGE_ROW_9_Left_106 of gf180mcu_fd_sc_mcu7t5v0__endcap in cell udma_uart_top
Note:  Implicit pin VNW in instance PHY_EDGE_ROW_9_Right_9 of gf180mcu_fd_sc_mcu7t5v0__endcap in cell udma_uart_top
Note:  Implicit pin VPW in instance PHY_EDGE_ROW_9_Right_9 of gf180mcu_fd_sc_mcu7t5v0__endcap in cell udma_uart_top
Note:  Implicit pin Z in instance clkload0 of gf180mcu_fd_sc_mcu7t5v0__clkbuf_2 in cell udma_uart_top
Note:  Implicit pin Z in instance clkload1 of gf180mcu_fd_sc_mcu7t5v0__clkbuf_2 in cell udma_uart_top
Note:  Implicit pin Z in instance clkload10 of gf180mcu_fd_sc_mcu7t5v0__clkbuf_2 in cell udma_uart_top
Note:  Implicit pin Z in instance clkload11 of gf180mcu_fd_sc_mcu7t5v0__clkbuf_2 in cell udma_uart_top
Note:  Implicit pin Z in instance clkload12 of gf180mcu_fd_sc_mcu7t5v0__clkbuf_2 in cell udma_uart_top
Note:  Implicit pin Z in instance clkload13 of gf180mcu_fd_sc_mcu7t5v0__clkbuf_2 in cell udma_uart_top
Note:  Implicit pin Z in instance clkload14 of gf180mcu_fd_sc_mcu7t5v0__clkbuf_2 in cell udma_uart_top
Note:  Implicit pin Z in instance clkload15 of gf180mcu_fd_sc_mcu7t5v0__clkbuf_2 in cell udma_uart_top
Note:  Implicit pin Z in instance clkload16 of gf180mcu_fd_sc_mcu7t5v0__clkbuf_2 in cell udma_uart_top
Note:  Implicit pin Z in instance clkload17 of gf180mcu_fd_sc_mcu7t5v0__clkbuf_2 in cell udma_uart_top
Note:  Implicit pin Z in instance clkload18 of gf180mcu_fd_sc_mcu7t5v0__clkbuf_2 in cell udma_uart_top
Note:  Implicit pin Z in instance clkload19 of gf180mcu_fd_sc_mcu7t5v0__clkbuf_2 in cell udma_uart_top
Note:  Implicit pin Z in instance clkload2 of gf180mcu_fd_sc_mcu7t5v0__clkbuf_2 in cell udma_uart_top
Note:  Implicit pin Z in instance clkload20 of gf180mcu_fd_sc_mcu7t5v0__clkbuf_2 in cell udma_uart_top
Note:  Implicit pin Z in instance clkload21 of gf180mcu_fd_sc_mcu7t5v0__clkbuf_2 in cell udma_uart_top
Note:  Implicit pin Z in instance clkload3 of gf180mcu_fd_sc_mcu7t5v0__clkbuf_2 in cell udma_uart_top
Note:  Implicit pin Z in instance clkload4 of gf180mcu_fd_sc_mcu7t5v0__clkbuf_2 in cell udma_uart_top
Note:  Implicit pin Z in instance clkload5 of gf180mcu_fd_sc_mcu7t5v0__clkbuf_2 in cell udma_uart_top
Note:  Implicit pin Z in instance clkload6 of gf180mcu_fd_sc_mcu7t5v0__clkbuf_2 in cell udma_uart_top
Note:  Implicit pin Z in instance clkload7 of gf180mcu_fd_sc_mcu7t5v0__clkbuf_2 in cell udma_uart_top
Note:  Implicit pin Z in instance clkload8 of gf180mcu_fd_sc_mcu7t5v0__clkbuf_2 in cell udma_uart_top
Note:  Implicit pin Z in instance clkload9 of gf180mcu_fd_sc_mcu7t5v0__clkbuf_2 in cell udma_uart_top
Treating empty subcircuits as black-box cells
Generating JSON file result

Reading setup file /nix/store/ffl2vg3m80k0p74pyffnmai83fnv38mf-python3-3.13.9-env/lib/python3.13/site-packages/librelane/scripts/netgen/setup.tcl

Model nfet_05v0 pin 1 == 3
No property par1 found for device nfet_05v0
No property NRD found for device nfet_05v0
No property NRS found for device nfet_05v0
No property par found for device nfet_05v0
No property sa found for device nfet_05v0
No property sb found for device nfet_05v0
No property sd found for device nfet_05v0
No property par found for device nfet_05v0
No property dtemp found for device nfet_05v0
No property nf found for device nfet_05v0
No property as found for device nfet_05v0
No property ad found for device nfet_05v0
No property ps found for device nfet_05v0
No property pd found for device nfet_05v0
No property $D found for device nfet_05v0
No property $X found for device nfet_05v0
No property $Y found for device nfet_05v0
Model pfet_05v0 pin 1 == 3
No property par1 found for device pfet_05v0
No property NRD found for device pfet_05v0
No property NRS found for device pfet_05v0
No property par found for device pfet_05v0
No property sa found for device pfet_05v0
No property sb found for device pfet_05v0
No property sd found for device pfet_05v0
No property par found for device pfet_05v0
No property dtemp found for device pfet_05v0
No property nf found for device pfet_05v0
No property as found for device pfet_05v0
No property ad found for device pfet_05v0
No property ps found for device pfet_05v0
No property pd found for device pfet_05v0
No property $D found for device pfet_05v0
No property $X found for device pfet_05v0
No property $Y found for device pfet_05v0
No property par1 found for device diode_nd2ps_06v0
No property par1 found for device diode_pd2nw_06v0
Comparison output logged to file /home/sahana/core5_udma/hardening/uart_top/runs/RUN_2026-07-26_13-08-17/70-netgen-lvs/reports/lvs.netgen.rpt
Logging to file "/home/sahana/core5_udma/hardening/uart_top/runs/RUN_2026-07-26_13-08-17/70-netgen-lvs/reports/lvs.netgen.rpt" enabled

Contents of circuit 1:  Circuit: 'gf180mcu_fd_sc_mcu7t5v0__dffrnq_1'
Circuit gf180mcu_fd_sc_mcu7t5v0__dffrnq_1 contains 0 device instances.
Circuit contains 0 nets, and 8 disconnected pins.
Contents of circuit 2:  Circuit: 'gf180mcu_fd_sc_mcu7t5v0__dffrnq_1'
Circuit gf180mcu_fd_sc_mcu7t5v0__dffrnq_1 contains 28 device instances.
  Class: pfet_05v0             instances:  14
  Class: nfet_05v0             instances:  14
Circuit contains 20 nets.

Circuit gf180mcu_fd_sc_mcu7t5v0__dffrnq_1 contains no devices.

Contents of circuit 1:  Circuit: 'gf180mcu_fd_sc_mcu7t5v0__fillcap_8'
Circuit gf180mcu_fd_sc_mcu7t5v0__fillcap_8 contains 0 device instances.
Circuit contains 0 nets, and 4 disconnected pins.
Contents of circuit 2:  Circuit: 'gf180mcu_fd_sc_mcu7t5v0__fillcap_8'
Circuit gf180mcu_fd_sc_mcu7t5v0__fillcap_8 contains 4 device instances.
  Class: pfet_05v0             instances:   2
  Class: nfet_05v0             instances:   2
Circuit contains 8 nets.

Circuit gf180mcu_fd_sc_mcu7t5v0__fillcap_8 contains no devices.

Contents of circuit 1:  Circuit: 'gf180mcu_fd_sc_mcu7t5v0__fillcap_4'
Circuit gf180mcu_fd_sc_mcu7t5v0__fillcap_4 contains 0 device instances.
Circuit contains 0 nets, and 4 disconnected pins.
Contents of circuit 2:  Circuit: 'gf180mcu_fd_sc_mcu7t5v0__fillcap_4'
Circuit gf180mcu_fd_sc_mcu7t5v0__fillcap_4 contains 2 device instances.
  Class: pfet_05v0             instances:   1
  Class: nfet_05v0             instances:   1
Circuit contains 6 nets.

Circuit gf180mcu_fd_sc_mcu7t5v0__fillcap_4 contains no devices.

Contents of circuit 1:  Circuit: 'gf180mcu_fd_sc_mcu7t5v0__fillcap_32'
Circuit gf180mcu_fd_sc_mcu7t5v0__fillcap_32 contains 0 device instances.
Circuit contains 0 nets, and 4 disconnected pins.
Contents of circuit 2:  Circuit: 'gf180mcu_fd_sc_mcu7t5v0__fillcap_32'
Circuit gf180mcu_fd_sc_mcu7t5v0__fillcap_32 contains 16 device instances.
  Class: pfet_05v0             instances:   8
  Class: nfet_05v0             instances:   8
Circuit contains 20 nets.

Circuit gf180mcu_fd_sc_mcu7t5v0__fillcap_32 contains no devices.

Contents of circuit 1:  Circuit: 'gf180mcu_fd_sc_mcu7t5v0__dlyc_1'
Circuit gf180mcu_fd_sc_mcu7t5v0__dlyc_1 contains 0 device instances.
Circuit contains 0 nets, and 6 disconnected pins.
Contents of circuit 2:  Circuit: 'gf180mcu_fd_sc_mcu7t5v0__dlyc_1'
Circuit gf180mcu_fd_sc_mcu7t5v0__dlyc_1 contains 20 device instances.
  Class: pfet_05v0             instances:  10
  Class: nfet_05v0             instances:  10
Circuit contains 19 nets.

Circuit gf180mcu_fd_sc_mcu7t5v0__dlyc_1 contains no devices.

Contents of circuit 1:  Circuit: 'gf180mcu_fd_sc_mcu7t5v0__fillcap_64'
Circuit gf180mcu_fd_sc_mcu7t5v0__fillcap_64 contains 0 device instances.
Circuit contains 0 nets, and 4 disconnected pins.
Contents of circuit 2:  Circuit: 'gf180mcu_fd_sc_mcu7t5v0__fillcap_64'
Circuit gf180mcu_fd_sc_mcu7t5v0__fillcap_64 contains 32 device instances.
  Class: pfet_05v0             instances:  16
  Class: nfet_05v0             instances:  16
Circuit contains 36 nets.

Circuit gf180mcu_fd_sc_mcu7t5v0__fillcap_64 contains no devices.

Contents of circuit 1:  Circuit: 'gf180mcu_fd_sc_mcu7t5v0__fillcap_16'
Circuit gf180mcu_fd_sc_mcu7t5v0__fillcap_16 contains 0 device instances.
Circuit contains 0 nets, and 4 disconnected pins.
Contents of circuit 2:  Circuit: 'gf180mcu_fd_sc_mcu7t5v0__fillcap_16'
Circuit gf180mcu_fd_sc_mcu7t5v0__fillcap_16 contains 8 device instances.
  Class: pfet_05v0             instances:   4
  Class: nfet_05v0             instances:   4
Circuit contains 12 nets.

Circuit gf180mcu_fd_sc_mcu7t5v0__fillcap_16 contains no devices.

Contents of circuit 1:  Circuit: 'gf180mcu_fd_sc_mcu7t5v0__aoi22_1'
Circuit gf180mcu_fd_sc_mcu7t5v0__aoi22_1 contains 0 device instances.
Circuit contains 0 nets, and 9 disconnected pins.
Contents of circuit 2:  Circuit: 'gf180mcu_fd_sc_mcu7t5v0__aoi22_1'
Circuit gf180mcu_fd_sc_mcu7t5v0__aoi22_1 contains 8 device instances.
  Class: pfet_05v0             instances:   4
  Class: nfet_05v0             instances:   4
Circuit contains 12 nets.

Circuit gf180mcu_fd_sc_mcu7t5v0__aoi22_1 contains no devices.

Contents of circuit 1:  Circuit: 'gf180mcu_fd_sc_mcu7t5v0__xor2_1'
Circuit gf180mcu_fd_sc_mcu7t5v0__xor2_1 contains 0 device instances.
Circuit contains 0 nets, and 7 disconnected pins.
Contents of circuit 2:  Circuit: 'gf180mcu_fd_sc_mcu7t5v0__xor2_1'
Circuit gf180mcu_fd_sc_mcu7t5v0__xor2_1 contains 10 device instances.
  Class: pfet_05v0             instances:   5
  Class: nfet_05v0             instances:   5
Circuit contains 11 nets.

Circuit gf180mcu_fd_sc_mcu7t5v0__xor2_1 contains no devices.

Contents of circuit 1:  Circuit: 'gf180mcu_fd_sc_mcu7t5v0__clkbuf_8'
Circuit gf180mcu_fd_sc_mcu7t5v0__clkbuf_8 contains 0 device instances.
Circuit contains 0 nets, and 6 disconnected pins.
Contents of circuit 2:  Circuit: 'gf180mcu_fd_sc_mcu7t5v0__clkbuf_8'
Circuit gf180mcu_fd_sc_mcu7t5v0__clkbuf_8 contains 23 device instances.
  Class: pfet_05v0             instances:  12
  Class: nfet_05v0             instances:  11
Circuit contains 7 nets.

Circuit gf180mcu_fd_sc_mcu7t5v0__clkbuf_8 contains no devices.

Contents of circuit 1:  Circuit: 'gf180mcu_fd_sc_mcu7t5v0__aoi21_1'
Circuit gf180mcu_fd_sc_mcu7t5v0__aoi21_1 contains 0 device instances.
Circuit contains 0 nets, and 8 disconnected pins.
Contents of circuit 2:  Circuit: 'gf180mcu_fd_sc_mcu7t5v0__aoi21_1'
Circuit gf180mcu_fd_sc_mcu7t5v0__aoi21_1 contains 6 device instances.
  Class: pfet_05v0             instances:   3
  Class: nfet_05v0             instances:   3
Circuit contains 10 nets.

Circuit gf180mcu_fd_sc_mcu7t5v0__aoi21_1 contains no devices.

Contents of circuit 1:  Circuit: 'gf180mcu_fd_sc_mcu7t5v0__mux2_2'
Circuit gf180mcu_fd_sc_mcu7t5v0__mux2_2 contains 0 device instances.
Circuit contains 0 nets, and 8 disconnected pins.
Contents of circuit 2:  Circuit: 'gf180mcu_fd_sc_mcu7t5v0__mux2_2'
Circuit gf180mcu_fd_sc_mcu7t5v0__mux2_2 contains 14 device instances.
  Class: pfet_05v0             instances:   7
  Class: nfet_05v0             instances:   7
Circuit contains 14 nets.

Circuit gf180mcu_fd_sc_mcu7t5v0__mux2_2 contains no devices.

Contents of circuit 1:  Circuit: 'gf180mcu_fd_sc_mcu7t5v0__nand2_1'
Circuit gf180mcu_fd_sc_mcu7t5v0__nand2_1 contains 0 device instances.
Circuit contains 0 nets, and 7 disconnected pins.
Contents of circuit 2:  Circuit: 'gf180mcu_fd_sc_mcu7t5v0__nand2_1'
Circuit gf180mcu_fd_sc_mcu7t5v0__nand2_1 contains 4 device instances.
  Class: pfet_05v0             instances:   2
  Class: nfet_05v0             instances:   2
Circuit contains 8 nets.

Circuit gf180mcu_fd_sc_mcu7t5v0__nand2_1 contains no devices.

Contents of circuit 1:  Circuit: 'gf180mcu_fd_sc_mcu7t5v0__aoi222_1'
Circuit gf180mcu_fd_sc_mcu7t5v0__aoi222_1 contains 0 device instances.
Circuit contains 0 nets, and 11 disconnected pins.
Contents of circuit 2:  Circuit: 'gf180mcu_fd_sc_mcu7t5v0__aoi222_1'
Circuit gf180mcu_fd_sc_mcu7t5v0__aoi222_1 contains 12 device instances.
  Class: pfet_05v0             instances:   6
  Class: nfet_05v0             instances:   6
Circuit contains 16 nets.

Circuit gf180mcu_fd_sc_mcu7t5v0__aoi222_1 contains no devices.

Contents of circuit 1:  Circuit: 'gf180mcu_fd_sc_mcu7t5v0__nor3_1'
Circuit gf180mcu_fd_sc_mcu7t5v0__nor3_1 contains 0 device instances.
Circuit contains 0 nets, and 8 disconnected pins.
Contents of circuit 2:  Circuit: 'gf180mcu_fd_sc_mcu7t5v0__nor3_1'
Circuit gf180mcu_fd_sc_mcu7t5v0__nor3_1 contains 6 device instances.
  Class: pfet_05v0             instances:   3
  Class: nfet_05v0             instances:   3
Circuit contains 10 nets.

Circuit gf180mcu_fd_sc_mcu7t5v0__nor3_1 contains no devices.

Contents of circuit 1:  Circuit: 'gf180mcu_fd_sc_mcu7t5v0__clkinv_1'
Circuit gf180mcu_fd_sc_mcu7t5v0__clkinv_1 contains 0 device instances.
Circuit contains 0 nets, and 6 disconnected pins.
Contents of circuit 2:  Circuit: 'gf180mcu_fd_sc_mcu7t5v0__clkinv_1'
Circuit gf180mcu_fd_sc_mcu7t5v0__clkinv_1 contains 2 device instances.
  Class: pfet_05v0             instances:   1
  Class: nfet_05v0             instances:   1
Circuit contains 6 nets.

Circuit gf180mcu_fd_sc_mcu7t5v0__clkinv_1 contains no devices.

Contents of circuit 1:  Circuit: 'gf180mcu_fd_sc_mcu7t5v0__dlyb_1'
Circuit gf180mcu_fd_sc_mcu7t5v0__dlyb_1 contains 0 device instances.
Circuit contains 0 nets, and 6 disconnected pins.
Contents of circuit 2:  Circuit: 'gf180mcu_fd_sc_mcu7t5v0__dlyb_1'
Circuit gf180mcu_fd_sc_mcu7t5v0__dlyb_1 contains 12 device instances.
  Class: pfet_05v0             instances:   6
  Class: nfet_05v0             instances:   6
Circuit contains 13 nets.

Circuit gf180mcu_fd_sc_mcu7t5v0__dlyb_1 contains no devices.

Contents of circuit 1:  Circuit: 'gf180mcu_fd_sc_mcu7t5v0__oai21_1'
Circuit gf180mcu_fd_sc_mcu7t5v0__oai21_1 contains 0 device instances.
Circuit contains 0 nets, and 8 disconnected pins.
Contents of circuit 2:  Circuit: 'gf180mcu_fd_sc_mcu7t5v0__oai21_1'
Circuit gf180mcu_fd_sc_mcu7t5v0__oai21_1 contains 6 device instances.
  Class: pfet_05v0             instances:   3
  Class: nfet_05v0             instances:   3
Circuit contains 10 nets.

Circuit gf180mcu_fd_sc_mcu7t5v0__oai21_1 contains no devices.

Contents of circuit 1:  Circuit: 'gf180mcu_fd_sc_mcu7t5v0__and4_1'
Circuit gf180mcu_fd_sc_mcu7t5v0__and4_1 contains 0 device instances.
Circuit contains 0 nets, and 9 disconnected pins.
Contents of circuit 2:  Circuit: 'gf180mcu_fd_sc_mcu7t5v0__and4_1'
Circuit gf180mcu_fd_sc_mcu7t5v0__and4_1 contains 10 device instances.
  Class: pfet_05v0             instances:   5
  Class: nfet_05v0             instances:   5
Circuit contains 13 nets.

Circuit gf180mcu_fd_sc_mcu7t5v0__and4_1 contains no devices.

Contents of circuit 1:  Circuit: 'gf180mcu_fd_sc_mcu7t5v0__and2_1'
Circuit gf180mcu_fd_sc_mcu7t5v0__and2_1 contains 0 device instances.
Circuit contains 0 nets, and 7 disconnected pins.
Contents of circuit 2:  Circuit: 'gf180mcu_fd_sc_mcu7t5v0__and2_1'
Circuit gf180mcu_fd_sc_mcu7t5v0__and2_1 contains 6 device instances.
  Class: pfet_05v0             instances:   3
  Class: nfet_05v0             instances:   3
Circuit contains 9 nets.

Circuit gf180mcu_fd_sc_mcu7t5v0__and2_1 contains no devices.

Contents of circuit 1:  Circuit: 'gf180mcu_fd_sc_mcu7t5v0__nand3_1'
Circuit gf180mcu_fd_sc_mcu7t5v0__nand3_1 contains 0 device instances.
Circuit contains 0 nets, and 8 disconnected pins.
Contents of circuit 2:  Circuit: 'gf180mcu_fd_sc_mcu7t5v0__nand3_1'
Circuit gf180mcu_fd_sc_mcu7t5v0__nand3_1 contains 6 device instances.
  Class: pfet_05v0             instances:   3
  Class: nfet_05v0             instances:   3
Circuit contains 10 nets.

Circuit gf180mcu_fd_sc_mcu7t5v0__nand3_1 contains no devices.

Contents of circuit 1:  Circuit: 'gf180mcu_fd_sc_mcu7t5v0__nor4_1'
Circuit gf180mcu_fd_sc_mcu7t5v0__nor4_1 contains 0 device instances.
Circuit contains 0 nets, and 9 disconnected pins.
Contents of circuit 2:  Circuit: 'gf180mcu_fd_sc_mcu7t5v0__nor4_1'
Circuit gf180mcu_fd_sc_mcu7t5v0__nor4_1 contains 8 device instances.
  Class: pfet_05v0             instances:   4
  Class: nfet_05v0             instances:   4
Circuit contains 12 nets.

Circuit gf180mcu_fd_sc_mcu7t5v0__nor4_1 contains no devices.

Contents of circuit 1:  Circuit: 'gf180mcu_fd_sc_mcu7t5v0__nor2_1'
Circuit gf180mcu_fd_sc_mcu7t5v0__nor2_1 contains 0 device instances.
Circuit contains 0 nets, and 7 disconnected pins.
Contents of circuit 2:  Circuit: 'gf180mcu_fd_sc_mcu7t5v0__nor2_1'
Circuit gf180mcu_fd_sc_mcu7t5v0__nor2_1 contains 4 device instances.
  Class: pfet_05v0             instances:   2
  Class: nfet_05v0             instances:   2
Circuit contains 8 nets.

Circuit gf180mcu_fd_sc_mcu7t5v0__nor2_1 contains no devices.

Contents of circuit 1:  Circuit: 'gf180mcu_fd_sc_mcu7t5v0__buf_1'
Circuit gf180mcu_fd_sc_mcu7t5v0__buf_1 contains 0 device instances.
Circuit contains 0 nets, and 6 disconnected pins.
Contents of circuit 2:  Circuit: 'gf180mcu_fd_sc_mcu7t5v0__buf_1'
Circuit gf180mcu_fd_sc_mcu7t5v0__buf_1 contains 4 device instances.
  Class: pfet_05v0             instances:   2
  Class: nfet_05v0             instances:   2
Circuit contains 7 nets.

Circuit gf180mcu_fd_sc_mcu7t5v0__buf_1 contains no devices.

Contents of circuit 1:  Circuit: 'gf180mcu_fd_sc_mcu7t5v0__buf_2'
Circuit gf180mcu_fd_sc_mcu7t5v0__buf_2 contains 0 device instances.
Circuit contains 0 nets, and 6 disconnected pins.
Contents of circuit 2:  Circuit: 'gf180mcu_fd_sc_mcu7t5v0__buf_2'
Circuit gf180mcu_fd_sc_mcu7t5v0__buf_2 contains 6 device instances.
  Class: pfet_05v0             instances:   3
  Class: nfet_05v0             instances:   3
Circuit contains 7 nets.

Circuit gf180mcu_fd_sc_mcu7t5v0__buf_2 contains no devices.

Contents of circuit 1:  Circuit: 'gf180mcu_fd_sc_mcu7t5v0__clkbuf_3'
Circuit gf180mcu_fd_sc_mcu7t5v0__clkbuf_3 contains 0 device instances.
Circuit contains 0 nets, and 6 disconnected pins.
Contents of circuit 2:  Circuit: 'gf180mcu_fd_sc_mcu7t5v0__clkbuf_3'
Circuit gf180mcu_fd_sc_mcu7t5v0__clkbuf_3 contains 11 device instances.
  Class: pfet_05v0             instances:   6
  Class: nfet_05v0             instances:   5
Circuit contains 7 nets.

Circuit gf180mcu_fd_sc_mcu7t5v0__clkbuf_3 contains no devices.

Contents of circuit 1:  Circuit: 'gf180mcu_fd_sc_mcu7t5v0__and3_1'
Circuit gf180mcu_fd_sc_mcu7t5v0__and3_1 contains 0 device instances.
Circuit contains 0 nets, and 8 disconnected pins.
Contents of circuit 2:  Circuit: 'gf180mcu_fd_sc_mcu7t5v0__and3_1'
Circuit gf180mcu_fd_sc_mcu7t5v0__and3_1 contains 8 device instances.
  Class: pfet_05v0             instances:   4
  Class: nfet_05v0             instances:   4
Circuit contains 11 nets.

Circuit gf180mcu_fd_sc_mcu7t5v0__and3_1 contains no devices.

Contents of circuit 1:  Circuit: 'gf180mcu_fd_sc_mcu7t5v0__clkbuf_16'
Circuit gf180mcu_fd_sc_mcu7t5v0__clkbuf_16 contains 0 device instances.
Circuit contains 0 nets, and 6 disconnected pins.
Contents of circuit 2:  Circuit: 'gf180mcu_fd_sc_mcu7t5v0__clkbuf_16'
Circuit gf180mcu_fd_sc_mcu7t5v0__clkbuf_16 contains 46 device instances.
  Class: pfet_05v0             instances:  24
  Class: nfet_05v0             instances:  22
Circuit contains 7 nets.

Circuit gf180mcu_fd_sc_mcu7t5v0__clkbuf_16 contains no devices.

Contents of circuit 1:  Circuit: 'gf180mcu_fd_sc_mcu7t5v0__or2_1'
Circuit gf180mcu_fd_sc_mcu7t5v0__or2_1 contains 0 device instances.
Circuit contains 0 nets, and 7 disconnected pins.
Contents of circuit 2:  Circuit: 'gf180mcu_fd_sc_mcu7t5v0__or2_1'
Circuit gf180mcu_fd_sc_mcu7t5v0__or2_1 contains 6 device instances.
  Class: pfet_05v0             instances:   3
  Class: nfet_05v0             instances:   3
Circuit contains 9 nets.

Circuit gf180mcu_fd_sc_mcu7t5v0__or2_1 contains no devices.

Contents of circuit 1:  Circuit: 'gf180mcu_fd_sc_mcu7t5v0__clkbuf_1'
Circuit gf180mcu_fd_sc_mcu7t5v0__clkbuf_1 contains 0 device instances.
Circuit contains 0 nets, and 6 disconnected pins.
Contents of circuit 2:  Circuit: 'gf180mcu_fd_sc_mcu7t5v0__clkbuf_1'
Circuit gf180mcu_fd_sc_mcu7t5v0__clkbuf_1 contains 4 device instances.
  Class: pfet_05v0             instances:   2
  Class: nfet_05v0             instances:   2
Circuit contains 7 nets.

Circuit gf180mcu_fd_sc_mcu7t5v0__clkbuf_1 contains no devices.

Contents of circuit 1:  Circuit: 'gf180mcu_fd_sc_mcu7t5v0__dffsnq_1'
Circuit gf180mcu_fd_sc_mcu7t5v0__dffsnq_1 contains 0 device instances.
Circuit contains 0 nets, and 8 disconnected pins.
Contents of circuit 2:  Circuit: 'gf180mcu_fd_sc_mcu7t5v0__dffsnq_1'
Circuit gf180mcu_fd_sc_mcu7t5v0__dffsnq_1 contains 28 device instances.
  Class: pfet_05v0             instances:  14
  Class: nfet_05v0             instances:  14
Circuit contains 20 nets.

Circuit gf180mcu_fd_sc_mcu7t5v0__dffsnq_1 contains no devices.

Contents of circuit 1:  Circuit: 'gf180mcu_fd_sc_mcu7t5v0__oai22_1'
Circuit gf180mcu_fd_sc_mcu7t5v0__oai22_1 contains 0 device instances.
Circuit contains 0 nets, and 9 disconnected pins.
Contents of circuit 2:  Circuit: 'gf180mcu_fd_sc_mcu7t5v0__oai22_1'
Circuit gf180mcu_fd_sc_mcu7t5v0__oai22_1 contains 8 device instances.
  Class: pfet_05v0             instances:   4
  Class: nfet_05v0             instances:   4
Circuit contains 12 nets.

Circuit gf180mcu_fd_sc_mcu7t5v0__oai22_1 contains no devices.

Contents of circuit 1:  Circuit: 'gf180mcu_fd_sc_mcu7t5v0__aoi211_1'
Circuit gf180mcu_fd_sc_mcu7t5v0__aoi211_1 contains 0 device instances.
Circuit contains 0 nets, and 9 disconnected pins.
Contents of circuit 2:  Circuit: 'gf180mcu_fd_sc_mcu7t5v0__aoi211_1'
Circuit gf180mcu_fd_sc_mcu7t5v0__aoi211_1 contains 8 device instances.
  Class: pfet_05v0             instances:   4
  Class: nfet_05v0             instances:   4
Circuit contains 12 nets.

Circuit gf180mcu_fd_sc_mcu7t5v0__aoi211_1 contains no devices.

Contents of circuit 1:  Circuit: 'gf180mcu_fd_sc_mcu7t5v0__xnor2_1'
Circuit gf180mcu_fd_sc_mcu7t5v0__xnor2_1 contains 0 device instances.
Circuit contains 0 nets, and 7 disconnected pins.
Contents of circuit 2:  Circuit: 'gf180mcu_fd_sc_mcu7t5v0__xnor2_1'
Circuit gf180mcu_fd_sc_mcu7t5v0__xnor2_1 contains 10 device instances.
  Class: pfet_05v0             instances:   5
  Class: nfet_05v0             instances:   5
Circuit contains 11 nets.

Circuit gf180mcu_fd_sc_mcu7t5v0__xnor2_1 contains no devices.

Contents of circuit 1:  Circuit: 'gf180mcu_fd_sc_mcu7t5v0__oai32_1'
Circuit gf180mcu_fd_sc_mcu7t5v0__oai32_1 contains 0 device instances.
Circuit contains 0 nets, and 10 disconnected pins.
Contents of circuit 2:  Circuit: 'gf180mcu_fd_sc_mcu7t5v0__oai32_1'
Circuit gf180mcu_fd_sc_mcu7t5v0__oai32_1 contains 10 device instances.
  Class: pfet_05v0             instances:   5
  Class: nfet_05v0             instances:   5
Circuit contains 14 nets.

Circuit gf180mcu_fd_sc_mcu7t5v0__oai32_1 contains no devices.

Contents of circuit 1:  Circuit: 'gf180mcu_fd_sc_mcu7t5v0__clkbuf_2'
Circuit gf180mcu_fd_sc_mcu7t5v0__clkbuf_2 contains 0 device instances.
Circuit contains 0 nets, and 6 disconnected pins.
Contents of circuit 2:  Circuit: 'gf180mcu_fd_sc_mcu7t5v0__clkbuf_2'
Circuit gf180mcu_fd_sc_mcu7t5v0__clkbuf_2 contains 6 device instances.
  Class: pfet_05v0             instances:   3
  Class: nfet_05v0             instances:   3
Circuit contains 7 nets.

Circuit gf180mcu_fd_sc_mcu7t5v0__clkbuf_2 contains no devices.

Contents of circuit 1:  Circuit: 'gf180mcu_fd_sc_mcu7t5v0__dlya_1'
Circuit gf180mcu_fd_sc_mcu7t5v0__dlya_1 contains 0 device instances.
Circuit contains 0 nets, and 6 disconnected pins.
Contents of circuit 2:  Circuit: 'gf180mcu_fd_sc_mcu7t5v0__dlya_1'
Circuit gf180mcu_fd_sc_mcu7t5v0__dlya_1 contains 8 device instances.
  Class: pfet_05v0             instances:   4
  Class: nfet_05v0             instances:   4
Circuit contains 9 nets.

Circuit gf180mcu_fd_sc_mcu7t5v0__dlya_1 contains no devices.

Contents of circuit 1:  Circuit: 'gf180mcu_fd_sc_mcu7t5v0__aoi221_1'
Circuit gf180mcu_fd_sc_mcu7t5v0__aoi221_1 contains 0 device instances.
Circuit contains 0 nets, and 10 disconnected pins.
Contents of circuit 2:  Circuit: 'gf180mcu_fd_sc_mcu7t5v0__aoi221_1'
Circuit gf180mcu_fd_sc_mcu7t5v0__aoi221_1 contains 10 device instances.
  Class: pfet_05v0             instances:   5
  Class: nfet_05v0             instances:   5
Circuit contains 14 nets.

Circuit gf180mcu_fd_sc_mcu7t5v0__aoi221_1 contains no devices.

Contents of circuit 1:  Circuit: 'gf180mcu_fd_sc_mcu7t5v0__oai221_1'
Circuit gf180mcu_fd_sc_mcu7t5v0__oai221_1 contains 0 device instances.
Circuit contains 0 nets, and 10 disconnected pins.
Contents of circuit 2:  Circuit: 'gf180mcu_fd_sc_mcu7t5v0__oai221_1'
Circuit gf180mcu_fd_sc_mcu7t5v0__oai221_1 contains 10 device instances.
  Class: pfet_05v0             instances:   5
  Class: nfet_05v0             instances:   5
Circuit contains 14 nets.

Circuit gf180mcu_fd_sc_mcu7t5v0__oai221_1 contains no devices.

Contents of circuit 1:  Circuit: 'gf180mcu_fd_sc_mcu7t5v0__buf_4'
Circuit gf180mcu_fd_sc_mcu7t5v0__buf_4 contains 0 device instances.
Circuit contains 0 nets, and 6 disconnected pins.
Contents of circuit 2:  Circuit: 'gf180mcu_fd_sc_mcu7t5v0__buf_4'
Circuit gf180mcu_fd_sc_mcu7t5v0__buf_4 contains 12 device instances.
  Class: pfet_05v0             instances:   6
  Class: nfet_05v0             instances:   6
Circuit contains 7 nets.

Circuit gf180mcu_fd_sc_mcu7t5v0__buf_4 contains no devices.

Contents of circuit 1:  Circuit: 'gf180mcu_fd_sc_mcu7t5v0__nand4_1'
Circuit gf180mcu_fd_sc_mcu7t5v0__nand4_1 contains 0 device instances.
Circuit contains 0 nets, and 9 disconnected pins.
Contents of circuit 2:  Circuit: 'gf180mcu_fd_sc_mcu7t5v0__nand4_1'
Circuit gf180mcu_fd_sc_mcu7t5v0__nand4_1 contains 8 device instances.
  Class: pfet_05v0             instances:   4
  Class: nfet_05v0             instances:   4
Circuit contains 12 nets.

Circuit gf180mcu_fd_sc_mcu7t5v0__nand4_1 contains no devices.

Contents of circuit 1:  Circuit: 'gf180mcu_fd_sc_mcu7t5v0__tiel'
Circuit gf180mcu_fd_sc_mcu7t5v0__tiel contains 0 device instances.
Circuit contains 0 nets, and 5 disconnected pins.
Contents of circuit 2:  Circuit: 'gf180mcu_fd_sc_mcu7t5v0__tiel'
Circuit gf180mcu_fd_sc_mcu7t5v0__tiel contains 2 device instances.
  Class: pfet_05v0             instances:   1
  Class: nfet_05v0             instances:   1
Circuit contains 6 nets.

Circuit gf180mcu_fd_sc_mcu7t5v0__tiel contains no devices.

Contents of circuit 1:  Circuit: 'gf180mcu_fd_sc_mcu7t5v0__oai31_1'
Circuit gf180mcu_fd_sc_mcu7t5v0__oai31_1 contains 0 device instances.
Circuit contains 0 nets, and 9 disconnected pins.
Contents of circuit 2:  Circuit: 'gf180mcu_fd_sc_mcu7t5v0__oai31_1'
Circuit gf180mcu_fd_sc_mcu7t5v0__oai31_1 contains 8 device instances.
  Class: pfet_05v0             instances:   4
  Class: nfet_05v0             instances:   4
Circuit contains 12 nets.

Circuit gf180mcu_fd_sc_mcu7t5v0__oai31_1 contains no devices.

Contents of circuit 1:  Circuit: 'gf180mcu_fd_sc_mcu7t5v0__or4_1'
Circuit gf180mcu_fd_sc_mcu7t5v0__or4_1 contains 0 device instances.
Circuit contains 0 nets, and 9 disconnected pins.
Contents of circuit 2:  Circuit: 'gf180mcu_fd_sc_mcu7t5v0__or4_1'
Circuit gf180mcu_fd_sc_mcu7t5v0__or4_1 contains 10 device instances.
  Class: pfet_05v0             instances:   5
  Class: nfet_05v0             instances:   5
Circuit contains 13 nets.

Circuit gf180mcu_fd_sc_mcu7t5v0__or4_1 contains no devices.

Contents of circuit 1:  Circuit: 'gf180mcu_fd_sc_mcu7t5v0__or3_1'
Circuit gf180mcu_fd_sc_mcu7t5v0__or3_1 contains 0 device instances.
Circuit contains 0 nets, and 8 disconnected pins.
Contents of circuit 2:  Circuit: 'gf180mcu_fd_sc_mcu7t5v0__or3_1'
Circuit gf180mcu_fd_sc_mcu7t5v0__or3_1 contains 8 device instances.
  Class: pfet_05v0             instances:   4
  Class: nfet_05v0             instances:   4
Circuit contains 11 nets.

Circuit gf180mcu_fd_sc_mcu7t5v0__or3_1 contains no devices.

Contents of circuit 1:  Circuit: 'gf180mcu_fd_sc_mcu7t5v0__mux4_1'
Circuit gf180mcu_fd_sc_mcu7t5v0__mux4_1 contains 0 device instances.
Circuit contains 0 nets, and 11 disconnected pins.
Contents of circuit 2:  Circuit: 'gf180mcu_fd_sc_mcu7t5v0__mux4_1'
Circuit gf180mcu_fd_sc_mcu7t5v0__mux4_1 contains 26 device instances.
  Class: pfet_05v0             instances:  13
  Class: nfet_05v0             instances:  13
Circuit contains 20 nets.

Circuit gf180mcu_fd_sc_mcu7t5v0__mux4_1 contains no devices.

Contents of circuit 1:  Circuit: 'gf180mcu_fd_sc_mcu7t5v0__oai211_1'
Circuit gf180mcu_fd_sc_mcu7t5v0__oai211_1 contains 0 device instances.
Circuit contains 0 nets, and 9 disconnected pins.
Contents of circuit 2:  Circuit: 'gf180mcu_fd_sc_mcu7t5v0__oai211_1'
Circuit gf180mcu_fd_sc_mcu7t5v0__oai211_1 contains 8 device instances.
  Class: pfet_05v0             instances:   4
  Class: nfet_05v0             instances:   4
Circuit contains 12 nets.

Circuit gf180mcu_fd_sc_mcu7t5v0__oai211_1 contains no devices.

Contents of circuit 1:  Circuit: 'gf180mcu_fd_sc_mcu7t5v0__nor3_2'
Circuit gf180mcu_fd_sc_mcu7t5v0__nor3_2 contains 0 device instances.
Circuit contains 0 nets, and 8 disconnected pins.
Contents of circuit 2:  Circuit: 'gf180mcu_fd_sc_mcu7t5v0__nor3_2'
Circuit gf180mcu_fd_sc_mcu7t5v0__nor3_2 contains 12 device instances.
  Class: pfet_05v0             instances:   6
  Class: nfet_05v0             instances:   6
Circuit contains 12 nets.

Circuit gf180mcu_fd_sc_mcu7t5v0__nor3_2 contains no devices.

Contents of circuit 1:  Circuit: 'gf180mcu_fd_sc_mcu7t5v0__and2_2'
Circuit gf180mcu_fd_sc_mcu7t5v0__and2_2 contains 0 device instances.
Circuit contains 0 nets, and 7 disconnected pins.
Contents of circuit 2:  Circuit: 'gf180mcu_fd_sc_mcu7t5v0__and2_2'
Circuit gf180mcu_fd_sc_mcu7t5v0__and2_2 contains 8 device instances.
  Class: pfet_05v0             instances:   4
  Class: nfet_05v0             instances:   4
Circuit contains 9 nets.

Circuit gf180mcu_fd_sc_mcu7t5v0__and2_2 contains no devices.

Contents of circuit 1:  Circuit: 'gf180mcu_fd_sc_mcu7t5v0__tieh'
Circuit gf180mcu_fd_sc_mcu7t5v0__tieh contains 0 device instances.
Circuit contains 0 nets, and 5 disconnected pins.
Contents of circuit 2:  Circuit: 'gf180mcu_fd_sc_mcu7t5v0__tieh'
Circuit gf180mcu_fd_sc_mcu7t5v0__tieh contains 2 device instances.
  Class: pfet_05v0             instances:   1
  Class: nfet_05v0             instances:   1
Circuit contains 6 nets.

Circuit gf180mcu_fd_sc_mcu7t5v0__tieh contains no devices.

Contents of circuit 1:  Circuit: 'udma_uart_top'
Circuit udma_uart_top contains 4070 device instances.
  Class: gf180mcu_fd_sc_mcu7t5v0__nand3_1 instances:  56
  Class: gf180mcu_fd_sc_mcu7t5v0__oai221_1 instances:   2
  Class: gf180mcu_fd_sc_mcu7t5v0__aoi222_1 instances:  13
  Class: gf180mcu_fd_sc_mcu7t5v0__dlyb_1 instances: 273
  Class: gf180mcu_fd_sc_mcu7t5v0__and3_1 instances:  16
  Class: gf180mcu_fd_sc_mcu7t5v0__dffsnq_1 instances:  35
  Class: gf180mcu_fd_sc_mcu7t5v0__dffrnq_1 instances: 304
  Class: gf180mcu_fd_sc_mcu7t5v0__nand2_1 instances: 157
  Class: gf180mcu_fd_sc_mcu7t5v0__oai32_1 instances:   3
  Class: gf180mcu_fd_sc_mcu7t5v0__oai211_1 instances:   9
  Class: gf180mcu_fd_sc_mcu7t5v0__aoi22_1 instances:  43
  Class: gf180mcu_fd_sc_mcu7t5v0__aoi221_1 instances:   9
  Class: gf180mcu_fd_sc_mcu7t5v0__dlya_1 instances:  23
  Class: gf180mcu_fd_sc_mcu7t5v0__clkbuf_1 instances:   2
  Class: gf180mcu_fd_sc_mcu7t5v0__clkbuf_2 instances:  27
  Class: gf180mcu_fd_sc_mcu7t5v0__clkbuf_3 instances:   2
  Class: gf180mcu_fd_sc_mcu7t5v0__mux2_2 instances: 178
  Class: gf180mcu_fd_sc_mcu7t5v0__clkbuf_8 instances:  32
  Class: gf180mcu_fd_sc_mcu7t5v0__and2_1 instances:  37
  Class: gf180mcu_fd_sc_mcu7t5v0__and2_2 instances:   1
  Class: gf180mcu_fd_sc_mcu7t5v0__nor4_1 instances:  11
  Class: gf180mcu_fd_sc_mcu7t5v0__or4_1 instances:   1
  Class: gf180mcu_fd_sc_mcu7t5v0__oai31_1 instances:   2
  Class: gf180mcu_fd_sc_mcu7t5v0__clkinv_1 instances:  69
  Class: gf180mcu_fd_sc_mcu7t5v0__oai22_1 instances:   3
  Class: gf180mcu_fd_sc_mcu7t5v0__buf_1 instances:   2
  Class: gf180mcu_fd_sc_mcu7t5v0__buf_2 instances:  12
  Class: gf180mcu_fd_sc_mcu7t5v0__buf_4 instances:   4
  Class: gf180mcu_fd_sc_mcu7t5v0__clkbuf_16 instances:  66
  Class: gf180mcu_fd_sc_mcu7t5v0__aoi21_1 instances:  52
  Class: gf180mcu_fd_sc_mcu7t5v0__tieh instances:   1
  Class: gf180mcu_fd_sc_mcu7t5v0__aoi211_1 instances:  10
  Class: gf180mcu_fd_sc_mcu7t5v0__tiel instances:  32
  Class: gf180mcu_fd_sc_mcu7t5v0__nor3_1 instances:  28
  Class: gf180mcu_fd_sc_mcu7t5v0__nor3_2 instances:   1
  Class: gf180mcu_fd_sc_mcu7t5v0__or3_1 instances:   6
  Class: gf180mcu_fd_sc_mcu7t5v0__oai21_1 instances:  52
  Class: gf180mcu_fd_sc_mcu7t5v0__fillcap_4 instances: 873
  Class: gf180mcu_fd_sc_mcu7t5v0__fillcap_8 instances: 640
  Class: gf180mcu_fd_sc_mcu7t5v0__fillcap_64 instances: 134
  Class: gf180mcu_fd_sc_mcu7t5v0__fillcap_16 instances: 448
  Class: gf180mcu_fd_sc_mcu7t5v0__xnor2_1 instances:  13
  Class: gf180mcu_fd_sc_mcu7t5v0__nor2_1 instances:  68
  Class: gf180mcu_fd_sc_mcu7t5v0__nand4_1 instances:  13
  Class: gf180mcu_fd_sc_mcu7t5v0__or2_1 instances:   5
  Class: gf180mcu_fd_sc_mcu7t5v0__fillcap_32 instances: 232
  Class: gf180mcu_fd_sc_mcu7t5v0__dlyc_1 instances:  16
  Class: gf180mcu_fd_sc_mcu7t5v0__xor2_1 instances:  40
  Class: gf180mcu_fd_sc_mcu7t5v0__mux4_1 instances:   8
  Class: gf180mcu_fd_sc_mcu7t5v0__and4_1 instances:   6
Circuit contains 1859 nets, and 24 disconnected pins.
Contents of circuit 2:  Circuit: 'udma_uart_top'
Circuit udma_uart_top contains 4070 device instances.
  Class: gf180mcu_fd_sc_mcu7t5v0__nand3_1 instances:  56
  Class: gf180mcu_fd_sc_mcu7t5v0__oai221_1 instances:   2
  Class: gf180mcu_fd_sc_mcu7t5v0__aoi222_1 instances:  13
  Class: gf180mcu_fd_sc_mcu7t5v0__dlyb_1 instances: 273
  Class: gf180mcu_fd_sc_mcu7t5v0__and3_1 instances:  16
  Class: gf180mcu_fd_sc_mcu7t5v0__dffsnq_1 instances:  35
  Class: gf180mcu_fd_sc_mcu7t5v0__dffrnq_1 instances: 304
  Class: gf180mcu_fd_sc_mcu7t5v0__nand2_1 instances: 157
  Class: gf180mcu_fd_sc_mcu7t5v0__oai32_1 instances:   3
  Class: gf180mcu_fd_sc_mcu7t5v0__oai211_1 instances:   9
  Class: gf180mcu_fd_sc_mcu7t5v0__aoi22_1 instances:  43
  Class: gf180mcu_fd_sc_mcu7t5v0__aoi221_1 instances:   9
  Class: gf180mcu_fd_sc_mcu7t5v0__dlya_1 instances:  23
  Class: gf180mcu_fd_sc_mcu7t5v0__clkbuf_1 instances:   2
  Class: gf180mcu_fd_sc_mcu7t5v0__clkbuf_2 instances:  27
  Class: gf180mcu_fd_sc_mcu7t5v0__mux2_2 instances: 178
  Class: gf180mcu_fd_sc_mcu7t5v0__clkbuf_3 instances:   2
  Class: gf180mcu_fd_sc_mcu7t5v0__clkbuf_8 instances:  32
  Class: gf180mcu_fd_sc_mcu7t5v0__and2_1 instances:  37
  Class: gf180mcu_fd_sc_mcu7t5v0__and2_2 instances:   1
  Class: gf180mcu_fd_sc_mcu7t5v0__nor4_1 instances:  11
  Class: gf180mcu_fd_sc_mcu7t5v0__or4_1 instances:   1
  Class: gf180mcu_fd_sc_mcu7t5v0__oai31_1 instances:   2
  Class: gf180mcu_fd_sc_mcu7t5v0__clkinv_1 instances:  69
  Class: gf180mcu_fd_sc_mcu7t5v0__oai22_1 instances:   3
  Class: gf180mcu_fd_sc_mcu7t5v0__buf_1 instances:   2
  Class: gf180mcu_fd_sc_mcu7t5v0__buf_2 instances:  12
  Class: gf180mcu_fd_sc_mcu7t5v0__buf_4 instances:   4
  Class: gf180mcu_fd_sc_mcu7t5v0__clkbuf_16 instances:  66
  Class: gf180mcu_fd_sc_mcu7t5v0__aoi21_1 instances:  52
  Class: gf180mcu_fd_sc_mcu7t5v0__tieh instances:   1
  Class: gf180mcu_fd_sc_mcu7t5v0__aoi211_1 instances:  10
  Class: gf180mcu_fd_sc_mcu7t5v0__tiel instances:  32
  Class: gf180mcu_fd_sc_mcu7t5v0__nor3_1 instances:  28
  Class: gf180mcu_fd_sc_mcu7t5v0__nor3_2 instances:   1
  Class: gf180mcu_fd_sc_mcu7t5v0__or3_1 instances:   6
  Class: gf180mcu_fd_sc_mcu7t5v0__oai21_1 instances:  52
  Class: gf180mcu_fd_sc_mcu7t5v0__fillcap_4 instances: 873
  Class: gf180mcu_fd_sc_mcu7t5v0__fillcap_8 instances: 640
  Class: gf180mcu_fd_sc_mcu7t5v0__fillcap_64 instances: 134
  Class: gf180mcu_fd_sc_mcu7t5v0__fillcap_16 instances: 448
  Class: gf180mcu_fd_sc_mcu7t5v0__xnor2_1 instances:  13
  Class: gf180mcu_fd_sc_mcu7t5v0__nor2_1 instances:  68
  Class: gf180mcu_fd_sc_mcu7t5v0__nand4_1 instances:  13
  Class: gf180mcu_fd_sc_mcu7t5v0__or2_1 instances:   5
  Class: gf180mcu_fd_sc_mcu7t5v0__fillcap_32 instances: 232
  Class: gf180mcu_fd_sc_mcu7t5v0__dlyc_1 instances:  16
  Class: gf180mcu_fd_sc_mcu7t5v0__xor2_1 instances:  40
  Class: gf180mcu_fd_sc_mcu7t5v0__mux4_1 instances:   8
  Class: gf180mcu_fd_sc_mcu7t5v0__and4_1 instances:   6
Circuit contains 2247 nets, and 24 disconnected pins.

Circuit was modified by parallel/series device merging.
New circuit summary:

Contents of circuit 1:  Circuit: 'udma_uart_top'
Circuit udma_uart_top contains 1748 device instances.
  Class: gf180mcu_fd_sc_mcu7t5v0__nand3_1 instances:  56
  Class: gf180mcu_fd_sc_mcu7t5v0__oai221_1 instances:   2
  Class: gf180mcu_fd_sc_mcu7t5v0__aoi222_1 instances:  13
  Class: gf180mcu_fd_sc_mcu7t5v0__dlyb_1 instances: 273
  Class: gf180mcu_fd_sc_mcu7t5v0__and3_1 instances:  16
  Class: gf180mcu_fd_sc_mcu7t5v0__dffsnq_1 instances:  35
  Class: gf180mcu_fd_sc_mcu7t5v0__dffrnq_1 instances: 304
  Class: gf180mcu_fd_sc_mcu7t5v0__nand2_1 instances: 157
  Class: gf180mcu_fd_sc_mcu7t5v0__oai32_1 instances:   3
  Class: gf180mcu_fd_sc_mcu7t5v0__oai211_1 instances:   9
  Class: gf180mcu_fd_sc_mcu7t5v0__aoi22_1 instances:  43
  Class: gf180mcu_fd_sc_mcu7t5v0__aoi221_1 instances:   9
  Class: gf180mcu_fd_sc_mcu7t5v0__dlya_1 instances:  23
  Class: gf180mcu_fd_sc_mcu7t5v0__clkbuf_1 instances:   2
  Class: gf180mcu_fd_sc_mcu7t5v0__clkbuf_2 instances:  27
  Class: gf180mcu_fd_sc_mcu7t5v0__clkbuf_3 instances:   2
  Class: gf180mcu_fd_sc_mcu7t5v0__mux2_2 instances: 178
  Class: gf180mcu_fd_sc_mcu7t5v0__clkbuf_8 instances:  32
  Class: gf180mcu_fd_sc_mcu7t5v0__and2_1 instances:  37
  Class: gf180mcu_fd_sc_mcu7t5v0__and2_2 instances:   1
  Class: gf180mcu_fd_sc_mcu7t5v0__nor4_1 instances:  11
  Class: gf180mcu_fd_sc_mcu7t5v0__or4_1 instances:   1
  Class: gf180mcu_fd_sc_mcu7t5v0__oai31_1 instances:   2
  Class: gf180mcu_fd_sc_mcu7t5v0__clkinv_1 instances:  69
  Class: gf180mcu_fd_sc_mcu7t5v0__oai22_1 instances:   3
  Class: gf180mcu_fd_sc_mcu7t5v0__buf_1 instances:   2
  Class: gf180mcu_fd_sc_mcu7t5v0__buf_2 instances:  12
  Class: gf180mcu_fd_sc_mcu7t5v0__buf_4 instances:   4
  Class: gf180mcu_fd_sc_mcu7t5v0__clkbuf_16 instances:  66
  Class: gf180mcu_fd_sc_mcu7t5v0__aoi21_1 instances:  52
  Class: gf180mcu_fd_sc_mcu7t5v0__tieh instances:   1
  Class: gf180mcu_fd_sc_mcu7t5v0__aoi211_1 instances:  10
  Class: gf180mcu_fd_sc_mcu7t5v0__tiel instances:  32
  Class: gf180mcu_fd_sc_mcu7t5v0__nor3_1 instances:  28
  Class: gf180mcu_fd_sc_mcu7t5v0__nor3_2 instances:   1
  Class: gf180mcu_fd_sc_mcu7t5v0__or3_1 instances:   6
  Class: gf180mcu_fd_sc_mcu7t5v0__oai21_1 instances:  52
  Class: gf180mcu_fd_sc_mcu7t5v0__fillcap_4 instances:   1
  Class: gf180mcu_fd_sc_mcu7t5v0__fillcap_8 instances:   1
  Class: gf180mcu_fd_sc_mcu7t5v0__fillcap_64 instances:   1
  Class: gf180mcu_fd_sc_mcu7t5v0__fillcap_16 instances:   1
  Class: gf180mcu_fd_sc_mcu7t5v0__xnor2_1 instances:  13
  Class: gf180mcu_fd_sc_mcu7t5v0__nor2_1 instances:  68
  Class: gf180mcu_fd_sc_mcu7t5v0__nand4_1 instances:  13
  Class: gf180mcu_fd_sc_mcu7t5v0__or2_1 instances:   5
  Class: gf180mcu_fd_sc_mcu7t5v0__fillcap_32 instances:   1
  Class: gf180mcu_fd_sc_mcu7t5v0__dlyc_1 instances:  16
  Class: gf180mcu_fd_sc_mcu7t5v0__xor2_1 instances:  40
  Class: gf180mcu_fd_sc_mcu7t5v0__mux4_1 instances:   8
  Class: gf180mcu_fd_sc_mcu7t5v0__and4_1 instances:   6
Circuit contains 1859 nets, and 24 disconnected pins.
Contents of circuit 2:  Circuit: 'udma_uart_top'
Circuit udma_uart_top contains 1748 device instances.
  Class: gf180mcu_fd_sc_mcu7t5v0__nand3_1 instances:  56
  Class: gf180mcu_fd_sc_mcu7t5v0__oai221_1 instances:   2
  Class: gf180mcu_fd_sc_mcu7t5v0__aoi222_1 instances:  13
  Class: gf180mcu_fd_sc_mcu7t5v0__dlyb_1 instances: 273
  Class: gf180mcu_fd_sc_mcu7t5v0__and3_1 instances:  16
  Class: gf180mcu_fd_sc_mcu7t5v0__dffsnq_1 instances:  35
  Class: gf180mcu_fd_sc_mcu7t5v0__dffrnq_1 instances: 304
  Class: gf180mcu_fd_sc_mcu7t5v0__nand2_1 instances: 157
  Class: gf180mcu_fd_sc_mcu7t5v0__oai32_1 instances:   3
  Class: gf180mcu_fd_sc_mcu7t5v0__oai211_1 instances:   9
  Class: gf180mcu_fd_sc_mcu7t5v0__aoi22_1 instances:  43
  Class: gf180mcu_fd_sc_mcu7t5v0__aoi221_1 instances:   9
  Class: gf180mcu_fd_sc_mcu7t5v0__dlya_1 instances:  23
  Class: gf180mcu_fd_sc_mcu7t5v0__clkbuf_1 instances:   2
  Class: gf180mcu_fd_sc_mcu7t5v0__clkbuf_2 instances:  27
  Class: gf180mcu_fd_sc_mcu7t5v0__mux2_2 instances: 178
  Class: gf180mcu_fd_sc_mcu7t5v0__clkbuf_3 instances:   2
  Class: gf180mcu_fd_sc_mcu7t5v0__clkbuf_8 instances:  32
  Class: gf180mcu_fd_sc_mcu7t5v0__and2_1 instances:  37
  Class: gf180mcu_fd_sc_mcu7t5v0__and2_2 instances:   1
  Class: gf180mcu_fd_sc_mcu7t5v0__nor4_1 instances:  11
  Class: gf180mcu_fd_sc_mcu7t5v0__or4_1 instances:   1
  Class: gf180mcu_fd_sc_mcu7t5v0__oai31_1 instances:   2
  Class: gf180mcu_fd_sc_mcu7t5v0__clkinv_1 instances:  69
  Class: gf180mcu_fd_sc_mcu7t5v0__oai22_1 instances:   3
  Class: gf180mcu_fd_sc_mcu7t5v0__buf_1 instances:   2
  Class: gf180mcu_fd_sc_mcu7t5v0__buf_2 instances:  12
  Class: gf180mcu_fd_sc_mcu7t5v0__buf_4 instances:   4
  Class: gf180mcu_fd_sc_mcu7t5v0__clkbuf_16 instances:  66
  Class: gf180mcu_fd_sc_mcu7t5v0__aoi21_1 instances:  52
  Class: gf180mcu_fd_sc_mcu7t5v0__tieh instances:   1
  Class: gf180mcu_fd_sc_mcu7t5v0__aoi211_1 instances:  10
  Class: gf180mcu_fd_sc_mcu7t5v0__tiel instances:  32
  Class: gf180mcu_fd_sc_mcu7t5v0__nor3_1 instances:  28
  Class: gf180mcu_fd_sc_mcu7t5v0__nor3_2 instances:   1
  Class: gf180mcu_fd_sc_mcu7t5v0__or3_1 instances:   6
  Class: gf180mcu_fd_sc_mcu7t5v0__oai21_1 instances:  52
  Class: gf180mcu_fd_sc_mcu7t5v0__fillcap_4 instances:   1
  Class: gf180mcu_fd_sc_mcu7t5v0__fillcap_8 instances:   1
  Class: gf180mcu_fd_sc_mcu7t5v0__fillcap_64 instances:   1
  Class: gf180mcu_fd_sc_mcu7t5v0__fillcap_16 instances:   1
  Class: gf180mcu_fd_sc_mcu7t5v0__xnor2_1 instances:  13
  Class: gf180mcu_fd_sc_mcu7t5v0__nor2_1 instances:  68
  Class: gf180mcu_fd_sc_mcu7t5v0__nand4_1 instances:  13
  Class: gf180mcu_fd_sc_mcu7t5v0__or2_1 instances:   5
  Class: gf180mcu_fd_sc_mcu7t5v0__fillcap_32 instances:   1
  Class: gf180mcu_fd_sc_mcu7t5v0__dlyc_1 instances:  16
  Class: gf180mcu_fd_sc_mcu7t5v0__xor2_1 instances:  40
  Class: gf180mcu_fd_sc_mcu7t5v0__mux4_1 instances:   8
  Class: gf180mcu_fd_sc_mcu7t5v0__and4_1 instances:   6
Circuit contains 2247 nets, and 24 disconnected pins.

Circuit 1 contains 1748 devices, Circuit 2 contains 1748 devices.
Circuit 1 contains 1859 nets,    Circuit 2 contains 1859 nets.


Final result: 
Circuits match uniquely.
.
Logging to file "/home/sahana/core5_udma/hardening/uart_top/runs/RUN_2026-07-26_13-08-17/70-netgen-lvs/reports/lvs.netgen.rpt" disabled
LVS Done.
