
===========================================================================
report_checks -unconstrained
===========================================================================
======================= max_ss_125C_4v50 Corner ===================================

Startpoint: _2030_ (rising edge-triggered flip-flop clocked by sys_clk)
Endpoint: _2067_ (recovery check against rising-edge clock sys_clk)
Path Group: asynchronous
Path Type: max

Fanout         Cap        Slew       Delay        Time   Description
---------------------------------------------------------------------------------------------
                                  0.000000    0.000000   clock sys_clk (rise edge)
                                  0.000000    0.000000   clock source latency
     1    0.064850    0.498240    0.261395    0.261395 ^ sys_clk_i (in)
                                                         sys_clk_i (net)
                      0.498410    0.000000    0.261395 ^ clkbuf_0_sys_clk_i/I (gf180mcu_fd_sc_mcu7t5v0__clkbuf_20)
    16    0.181451    0.352154    0.612633    0.874029 ^ clkbuf_0_sys_clk_i/Z (gf180mcu_fd_sc_mcu7t5v0__clkbuf_20)
                                                         clknet_0_sys_clk_i (net)
                      0.352184    0.005476    0.879505 ^ clkbuf_4_7_0_sys_clk_i/I (gf180mcu_fd_sc_mcu7t5v0__clkbuf_2)
     2    0.061783    0.905130    0.900277    1.779782 ^ clkbuf_4_7_0_sys_clk_i/Z (gf180mcu_fd_sc_mcu7t5v0__clkbuf_2)
                                                         clknet_4_7_0_sys_clk_i (net)
                      0.905136    0.001258    1.781040 ^ clkbuf_5_14__f_sys_clk_i/I (gf180mcu_fd_sc_mcu7t5v0__clkbuf_20)
     6    0.046235    0.202886    0.566746    2.347786 ^ clkbuf_5_14__f_sys_clk_i/Z (gf180mcu_fd_sc_mcu7t5v0__clkbuf_20)
                                                         clknet_5_14__leaf_sys_clk_i (net)
                      0.202888    0.001439    2.349225 ^ _2030_/CLK (gf180mcu_fd_sc_mcu7t5v0__dffrnq_1)
     2    0.030623    0.567664    1.577299    3.926524 v _2030_/Q (gf180mcu_fd_sc_mcu7t5v0__dffrnq_1)
                                                         s_uart_rx_clean_fifo (net)
                      0.567670    0.001271    3.927795 v _0923_/A2 (gf180mcu_fd_sc_mcu7t5v0__nor2_1)
     2    0.019117    1.252291    0.855441    4.783236 ^ _0923_/ZN (gf180mcu_fd_sc_mcu7t5v0__nor2_1)
                                                         u_dc_fifo_rx.dst_rstn_i (net)
                      1.252291    0.000165    4.783401 ^ fanout356/I (gf180mcu_fd_sc_mcu7t5v0__clkbuf_1)
     8    0.083443    2.343632    1.753364    6.536764 ^ fanout356/Z (gf180mcu_fd_sc_mcu7t5v0__clkbuf_1)
                                                         net356 (net)
                      2.343647    0.003437    6.540201 ^ fanout352/I (gf180mcu_fd_sc_mcu7t5v0__dlyd_1)
     2    0.014657    0.554186    4.544135   11.084335 ^ fanout352/Z (gf180mcu_fd_sc_mcu7t5v0__dlyd_1)
                                                         net352 (net)
                      0.554186    0.000096   11.084432 ^ load_slew353/I (gf180mcu_fd_sc_mcu7t5v0__buf_3)
     9    0.090935    0.899221    0.873682   11.958113 ^ load_slew353/Z (gf180mcu_fd_sc_mcu7t5v0__buf_3)
                                                         net353 (net)
                      0.899276    0.003897   11.962010 ^ _2067_/SETN (gf180mcu_fd_sc_mcu7t5v0__dffsnq_1)
                                             11.962010   data arrival time

                                 20.000000   20.000000   clock sys_clk (rise edge)
                                  0.000000   20.000000   clock source latency
     1    0.064850    0.498240    0.261396   20.261396 ^ sys_clk_i (in)
                                                         sys_clk_i (net)
                      0.498410    0.000000   20.261396 ^ clkbuf_0_sys_clk_i/I (gf180mcu_fd_sc_mcu7t5v0__clkbuf_20)
    16    0.181451    0.352154    0.612632   20.874029 ^ clkbuf_0_sys_clk_i/Z (gf180mcu_fd_sc_mcu7t5v0__clkbuf_20)
                                                         clknet_0_sys_clk_i (net)
                      0.352185    0.005489   20.879517 ^ clkbuf_4_4_0_sys_clk_i/I (gf180mcu_fd_sc_mcu7t5v0__clkbuf_2)
     2    0.059023    0.868286    0.878808   21.758326 ^ clkbuf_4_4_0_sys_clk_i/Z (gf180mcu_fd_sc_mcu7t5v0__clkbuf_2)
                                                         clknet_4_4_0_sys_clk_i (net)
                      0.868292    0.001288   21.759613 ^ clkbuf_5_8__f_sys_clk_i/I (gf180mcu_fd_sc_mcu7t5v0__clkbuf_20)
     6    0.031730    0.183323    0.546056   22.305670 ^ clkbuf_5_8__f_sys_clk_i/Z (gf180mcu_fd_sc_mcu7t5v0__clkbuf_20)
                                                         clknet_5_8__leaf_sys_clk_i (net)
                      0.183323    0.000091   22.305759 ^ _2067_/CLK (gf180mcu_fd_sc_mcu7t5v0__dffsnq_1)
                                 -0.250000   22.055761   clock uncertainty
                                  0.000000   22.055761   clock reconvergence pessimism
                                 -0.080658   21.975103   library recovery time
                                             21.975103   data required time
---------------------------------------------------------------------------------------------
                                             21.975103   data required time
                                            -11.962010   data arrival time
---------------------------------------------------------------------------------------------
                                             10.013093   slack (MET)


Startpoint: _1968_ (rising edge-triggered flip-flop clocked by periph_clk)
Endpoint: _2078_ (rising edge-triggered flip-flop clocked by periph_clk)
Path Group: periph_clk
Path Type: max

Fanout         Cap        Slew       Delay        Time   Description
---------------------------------------------------------------------------------------------
                                  0.000000    0.000000   clock periph_clk (rise edge)
                                  0.000000    0.000000   clock source latency
     1    0.059109    0.460077    0.237895    0.237895 ^ periph_clk_i (in)
                                                         periph_clk_i (net)
                      0.460098    0.000000    0.237895 ^ clkbuf_0_periph_clk_i/I (gf180mcu_fd_sc_mcu7t5v0__clkbuf_20)
    16    0.147023    0.309336    0.578824    0.816719 ^ clkbuf_0_periph_clk_i/Z (gf180mcu_fd_sc_mcu7t5v0__clkbuf_20)
                                                         clknet_0_periph_clk_i (net)
                      0.309341    0.002450    0.819169 ^ clkbuf_4_1_0_periph_clk_i/I (gf180mcu_fd_sc_mcu7t5v0__clkbuf_2)
     2    0.061701    0.903847    0.889955    1.709124 ^ clkbuf_4_1_0_periph_clk_i/Z (gf180mcu_fd_sc_mcu7t5v0__clkbuf_2)
                                                         clknet_4_1_0_periph_clk_i (net)
                      0.903857    0.001617    1.710742 ^ clkbuf_5_2__f_periph_clk_i/I (gf180mcu_fd_sc_mcu7t5v0__clkbuf_20)
     6    0.035164    0.189801    0.556106    2.266847 ^ clkbuf_5_2__f_periph_clk_i/Z (gf180mcu_fd_sc_mcu7t5v0__clkbuf_20)
                                                         clknet_5_2__leaf_periph_clk_i (net)
                      0.189802    0.000985    2.267832 ^ _1968_/CLK (gf180mcu_fd_sc_mcu7t5v0__dffrnq_1)
    10    0.057753    0.981936    1.842360    4.110192 v _1968_/Q (gf180mcu_fd_sc_mcu7t5v0__dffrnq_1)
                                                         u_uart_rx.CS[1] (net)
                      0.981939    0.001090    4.111282 v _1022_/A2 (gf180mcu_fd_sc_mcu7t5v0__nor3_1)
     2    0.017962    1.804202    1.273484    5.384767 ^ _1022_/ZN (gf180mcu_fd_sc_mcu7t5v0__nor3_1)
                                                         _0800_ (net)
                      1.804202    0.000044    5.384810 ^ max_cap348/I (gf180mcu_fd_sc_mcu7t5v0__clkbuf_1)
     2    0.011586    0.439458    0.689272    6.074082 ^ max_cap348/Z (gf180mcu_fd_sc_mcu7t5v0__clkbuf_1)
                                                         net348 (net)
                      0.439458    0.000125    6.074207 ^ _1025_/A3 (gf180mcu_fd_sc_mcu7t5v0__nand3_1)
     4    0.025395    1.226157    0.747747    6.821954 v _1025_/ZN (gf180mcu_fd_sc_mcu7t5v0__nand3_1)
                                                         _0802_ (net)
                      1.226157    0.000631    6.822585 v _1052_/A1 (gf180mcu_fd_sc_mcu7t5v0__nand4_1)
     1    0.003560    0.580515    0.550613    7.373198 ^ _1052_/ZN (gf180mcu_fd_sc_mcu7t5v0__nand4_1)
                                                         _0829_ (net)
                      0.580515    0.000036    7.373235 ^ _1053_/A3 (gf180mcu_fd_sc_mcu7t5v0__or3_1)
     2    0.011054    0.425539    0.648869    8.022103 ^ _1053_/Z (gf180mcu_fd_sc_mcu7t5v0__or3_1)
                                                         _0830_ (net)
                      0.425539    0.000105    8.022208 ^ _1152_/B (gf180mcu_fd_sc_mcu7t5v0__oai211_1)
     1    0.004836    0.550824    0.483094    8.505302 v _1152_/ZN (gf180mcu_fd_sc_mcu7t5v0__oai211_1)
                                                         _0323_ (net)
                      0.550824    0.000104    8.505406 v fanout229/I (gf180mcu_fd_sc_mcu7t5v0__dlyd_1)
     7    0.056056    1.143602    5.346974   13.852381 v fanout229/Z (gf180mcu_fd_sc_mcu7t5v0__dlyd_1)
                                                         net229 (net)
                      1.143602    0.001112   13.853493 v fanout228/I (gf180mcu_fd_sc_mcu7t5v0__dlyd_1)
    10    0.075018    1.413130    5.768625   19.622118 v fanout228/Z (gf180mcu_fd_sc_mcu7t5v0__dlyd_1)
                                                         net228 (net)
                      1.413130    0.001071   19.623188 v _1161_/A1 (gf180mcu_fd_sc_mcu7t5v0__nor3_1)
     1    0.008244    1.134631    0.961682   20.584871 ^ _1161_/ZN (gf180mcu_fd_sc_mcu7t5v0__nor3_1)
                                                         _0016_ (net)
                      1.134631    0.000211   20.585083 ^ _2078_/D (gf180mcu_fd_sc_mcu7t5v0__dffrnq_1)
                                             20.585083   data arrival time

                                 20.000000   20.000000   clock periph_clk (rise edge)
                                  0.000000   20.000000   clock source latency
     1    0.059109    0.460077    0.237895   20.237896 ^ periph_clk_i (in)
                                                         periph_clk_i (net)
                      0.460098    0.000000   20.237896 ^ clkbuf_0_periph_clk_i/I (gf180mcu_fd_sc_mcu7t5v0__clkbuf_20)
    16    0.147023    0.309336    0.578824   20.816719 ^ clkbuf_0_periph_clk_i/Z (gf180mcu_fd_sc_mcu7t5v0__clkbuf_20)
                                                         clknet_0_periph_clk_i (net)
                      0.309343    0.002798   20.819517 ^ clkbuf_4_13_0_periph_clk_i/I (gf180mcu_fd_sc_mcu7t5v0__clkbuf_2)
     2    0.065750    0.957874    0.921336   21.740852 ^ clkbuf_4_13_0_periph_clk_i/Z (gf180mcu_fd_sc_mcu7t5v0__clkbuf_2)
                                                         clknet_4_13_0_periph_clk_i (net)
                      0.957885    0.001807   21.742661 ^ clkbuf_5_26__f_periph_clk_i/I (gf180mcu_fd_sc_mcu7t5v0__clkbuf_20)
     5    0.028538    0.182811    0.557019   22.299679 ^ clkbuf_5_26__f_periph_clk_i/Z (gf180mcu_fd_sc_mcu7t5v0__clkbuf_20)
                                                         clknet_5_26__leaf_periph_clk_i (net)
                      0.182811    0.000320   22.299999 ^ _2078_/CLK (gf180mcu_fd_sc_mcu7t5v0__dffrnq_1)
                                 -0.250000   22.049999   clock uncertainty
                                  0.000000   22.049999   clock reconvergence pessimism
                                 -0.747680   21.302320   library setup time
                                             21.302320   data required time
---------------------------------------------------------------------------------------------
                                             21.302320   data required time
                                            -20.585083   data arrival time
---------------------------------------------------------------------------------------------
                                              0.717238   slack (MET)


Startpoint: cfg_addr_i[2] (input port clocked by sys_clk)
Endpoint: cfg_data_o[0] (output port clocked by sys_clk)
Path Group: sys_clk
Path Type: max

Fanout         Cap        Slew       Delay        Time   Description
---------------------------------------------------------------------------------------------
                                  0.000000    0.000000   clock sys_clk (rise edge)
                                  0.000000    0.000000   clock network delay (propagated)
                                  2.000000    2.000000 ^ input external delay
     1    0.018885    0.599806    0.298331    2.298331 ^ cfg_addr_i[2] (in)
                                                         cfg_addr_i[2] (net)
                      0.599806    0.000000    2.298331 ^ input3/I (gf180mcu_fd_sc_mcu7t5v0__dlya_1)
     8    0.072567    2.051168    1.869635    4.167966 ^ input3/Z (gf180mcu_fd_sc_mcu7t5v0__dlya_1)
                                                         net3 (net)
                      2.051214    0.005483    4.173449 ^ _1206_/A3 (gf180mcu_fd_sc_mcu7t5v0__nand3_1)
     3    0.013699    0.883818    0.516569    4.690018 v _1206_/ZN (gf180mcu_fd_sc_mcu7t5v0__nand3_1)
                                                         _0352_ (net)
                      0.883818    0.000171    4.690189 v _1210_/A2 (gf180mcu_fd_sc_mcu7t5v0__or2_1)
     3    0.019938    0.536489    1.130842    5.821031 v _1210_/Z (gf180mcu_fd_sc_mcu7t5v0__or2_1)
                                                         _0356_ (net)
                      0.536489    0.000386    5.821417 v _1214_/A4 (gf180mcu_fd_sc_mcu7t5v0__nor4_1)
     1    0.010785    1.791735    1.251757    7.073174 ^ _1214_/ZN (gf180mcu_fd_sc_mcu7t5v0__nor4_1)
                                                         _0360_ (net)
                      1.791735    0.000324    7.073498 ^ wire334/I (gf180mcu_fd_sc_mcu7t5v0__dlyc_1)
     2    0.023402    0.767419    3.420471   10.493969 ^ wire334/Z (gf180mcu_fd_sc_mcu7t5v0__dlyc_1)
                                                         net334 (net)
                      0.767419    0.000389   10.494358 ^ fanout331/I (gf180mcu_fd_sc_mcu7t5v0__buf_3)
    10    0.119589    1.157596    1.047150   11.541508 ^ fanout331/Z (gf180mcu_fd_sc_mcu7t5v0__buf_3)
                                                         net331 (net)
                      1.157596    0.000641   11.542149 ^ _1223_/B1 (gf180mcu_fd_sc_mcu7t5v0__aoi222_1)
     1    0.021377    1.375066    0.801630   12.343779 v _1223_/ZN (gf180mcu_fd_sc_mcu7t5v0__aoi222_1)
                                                         _0369_ (net)
                      1.375066    0.000933   12.344712 v wire311/I (gf180mcu_fd_sc_mcu7t5v0__dlyc_1)
     1    0.011096    0.496697    3.765429   16.110142 v wire311/Z (gf180mcu_fd_sc_mcu7t5v0__dlyc_1)
                                                         net311 (net)
                      0.496697    0.000320   16.110460 v _1229_/A1 (gf180mcu_fd_sc_mcu7t5v0__nand3_1)
     1    0.003950    0.529214    0.339256   16.449717 ^ _1229_/ZN (gf180mcu_fd_sc_mcu7t5v0__nand3_1)
                                                         net113 (net)
                      0.529214    0.000037   16.449755 ^ output113/I (gf180mcu_fd_sc_mcu7t5v0__clkbuf_1)
     1    0.013253    0.451119    0.575056   17.024811 ^ output113/Z (gf180mcu_fd_sc_mcu7t5v0__clkbuf_1)
                                                         net222 (net)
                      0.451119    0.000407   17.025217 ^ wire222/I (gf180mcu_fd_sc_mcu7t5v0__buf_3)
     1    0.081200    0.812201    0.803636   17.828854 ^ wire222/Z (gf180mcu_fd_sc_mcu7t5v0__buf_3)
                                                         cfg_data_o[0] (net)
                      0.812235    0.002846   17.831699 ^ cfg_data_o[0] (out)
                                             17.831699   data arrival time

                                 20.000000   20.000000   clock sys_clk (rise edge)
                                  0.000000   20.000000   clock network delay (propagated)
                                 -0.250000   19.750002   clock uncertainty
                                  0.000000   19.750002   clock reconvergence pessimism
                                 -2.000000   17.750002   output external delay
                                             17.750002   data required time
---------------------------------------------------------------------------------------------
                                             17.750002   data required time
                                            -17.831699   data arrival time
---------------------------------------------------------------------------------------------
                                             -0.081698   slack (VIOLATED)




===========================================================================
report_checks --slack_max -0.01
============================================================================
======================= max_ss_125C_4v50 Corner ===================================

Startpoint: cfg_addr_i[2] (input port clocked by sys_clk)
Endpoint: cfg_data_o[0] (output port clocked by sys_clk)
Path Group: sys_clk
Path Type: max

Fanout         Cap        Slew       Delay        Time   Description
---------------------------------------------------------------------------------------------
                                  0.000000    0.000000   clock sys_clk (rise edge)
                                  0.000000    0.000000   clock network delay (propagated)
                                  2.000000    2.000000 ^ input external delay
     1    0.018885    0.599806    0.298331    2.298331 ^ cfg_addr_i[2] (in)
                                                         cfg_addr_i[2] (net)
                      0.599806    0.000000    2.298331 ^ input3/I (gf180mcu_fd_sc_mcu7t5v0__dlya_1)
     8    0.072567    2.051168    1.869635    4.167966 ^ input3/Z (gf180mcu_fd_sc_mcu7t5v0__dlya_1)
                                                         net3 (net)
                      2.051214    0.005483    4.173449 ^ _1206_/A3 (gf180mcu_fd_sc_mcu7t5v0__nand3_1)
     3    0.013699    0.883818    0.516569    4.690018 v _1206_/ZN (gf180mcu_fd_sc_mcu7t5v0__nand3_1)
                                                         _0352_ (net)
                      0.883818    0.000171    4.690189 v _1210_/A2 (gf180mcu_fd_sc_mcu7t5v0__or2_1)
     3    0.019938    0.536489    1.130842    5.821031 v _1210_/Z (gf180mcu_fd_sc_mcu7t5v0__or2_1)
                                                         _0356_ (net)
                      0.536489    0.000386    5.821417 v _1214_/A4 (gf180mcu_fd_sc_mcu7t5v0__nor4_1)
     1    0.010785    1.791735    1.251757    7.073174 ^ _1214_/ZN (gf180mcu_fd_sc_mcu7t5v0__nor4_1)
                                                         _0360_ (net)
                      1.791735    0.000324    7.073498 ^ wire334/I (gf180mcu_fd_sc_mcu7t5v0__dlyc_1)
     2    0.023402    0.767419    3.420471   10.493969 ^ wire334/Z (gf180mcu_fd_sc_mcu7t5v0__dlyc_1)
                                                         net334 (net)
                      0.767419    0.000389   10.494358 ^ fanout331/I (gf180mcu_fd_sc_mcu7t5v0__buf_3)
    10    0.119589    1.157596    1.047150   11.541508 ^ fanout331/Z (gf180mcu_fd_sc_mcu7t5v0__buf_3)
                                                         net331 (net)
                      1.157596    0.000641   11.542149 ^ _1223_/B1 (gf180mcu_fd_sc_mcu7t5v0__aoi222_1)
     1    0.021377    1.375066    0.801630   12.343779 v _1223_/ZN (gf180mcu_fd_sc_mcu7t5v0__aoi222_1)
                                                         _0369_ (net)
                      1.375066    0.000933   12.344712 v wire311/I (gf180mcu_fd_sc_mcu7t5v0__dlyc_1)
     1    0.011096    0.496697    3.765429   16.110142 v wire311/Z (gf180mcu_fd_sc_mcu7t5v0__dlyc_1)
                                                         net311 (net)
                      0.496697    0.000320   16.110460 v _1229_/A1 (gf180mcu_fd_sc_mcu7t5v0__nand3_1)
     1    0.003950    0.529214    0.339256   16.449717 ^ _1229_/ZN (gf180mcu_fd_sc_mcu7t5v0__nand3_1)
                                                         net113 (net)
                      0.529214    0.000037   16.449755 ^ output113/I (gf180mcu_fd_sc_mcu7t5v0__clkbuf_1)
     1    0.013253    0.451119    0.575056   17.024811 ^ output113/Z (gf180mcu_fd_sc_mcu7t5v0__clkbuf_1)
                                                         net222 (net)
                      0.451119    0.000407   17.025217 ^ wire222/I (gf180mcu_fd_sc_mcu7t5v0__buf_3)
     1    0.081200    0.812201    0.803636   17.828854 ^ wire222/Z (gf180mcu_fd_sc_mcu7t5v0__buf_3)
                                                         cfg_data_o[0] (net)
                      0.812235    0.002846   17.831699 ^ cfg_data_o[0] (out)
                                             17.831699   data arrival time

                                 20.000000   20.000000   clock sys_clk (rise edge)
                                  0.000000   20.000000   clock network delay (propagated)
                                 -0.250000   19.750002   clock uncertainty
                                  0.000000   19.750002   clock reconvergence pessimism
                                 -2.000000   17.750002   output external delay
                                             17.750002   data required time
---------------------------------------------------------------------------------------------
                                             17.750002   data required time
                                            -17.831699   data arrival time
---------------------------------------------------------------------------------------------
                                             -0.081698   slack (VIOLATED)




===========================================================================
 report_check_types -max_slew -max_cap -max_fanout -violators
============================================================================
======================= max_ss_125C_4v50 Corner ===================================

max slew

Pin                                        Limit        Slew       Slack
------------------------------------------------------------------------
_1267_/B1                               3.000000    3.794523   -0.794524 (VIOLATED)
_1264_/B1                               3.000000    3.794522   -0.794522 (VIOLATED)
_1218_/ZN                               3.000000    3.794496   -0.794496 (VIOLATED)
fanout326/I                             3.000000    3.794496   -0.794496 (VIOLATED)
_1248_/B1                               3.000000    3.534968   -0.534968 (VIOLATED)
_1244_/A2                               3.000000    3.534965   -0.534965 (VIOLATED)
_1211_/ZN                               3.000000    3.534946   -0.534947 (VIOLATED)
_1223_/A2                               3.000000    3.534946   -0.534947 (VIOLATED)
_1252_/B1                               3.000000    3.398727   -0.398727 (VIOLATED)
_1238_/C1                               3.000000    3.398726   -0.398726 (VIOLATED)
_1233_/C1                               3.000000    3.398722   -0.398722 (VIOLATED)
_1235_/C1                               3.000000    3.398722   -0.398722 (VIOLATED)
_1244_/C1                               3.000000    3.398711   -0.398711 (VIOLATED)
_1247_/B1                               3.000000    3.398685   -0.398685 (VIOLATED)
_1255_/B1                               3.000000    3.398679   -0.398679 (VIOLATED)
_1226_/A2                               3.000000    3.398643   -0.398643 (VIOLATED)
_1258_/B1                               3.000000    3.398643   -0.398643 (VIOLATED)
_1261_/B1                               3.000000    3.398643   -0.398643 (VIOLATED)
fanout326/Z                             3.000000    3.398643   -0.398643 (VIOLATED)
_1739_/ZN                               3.000000    3.317008   -0.317008 (VIOLATED)
_1740_/S                                3.000000    3.317008   -0.317008 (VIOLATED)
_1742_/A2                               3.000000    3.317008   -0.317008 (VIOLATED)
fanout321/I                             3.000000    3.317008   -0.317008 (VIOLATED)
max_cap543/I                            3.000000    3.317008   -0.317008 (VIOLATED)
_1274_/A2                               3.000000    3.060821   -0.060821 (VIOLATED)
_1276_/A2                               3.000000    3.060820   -0.060820 (VIOLATED)
_1255_/A2                               3.000000    3.060819   -0.060819 (VIOLATED)
fanout329/I                             3.000000    3.060818   -0.060818 (VIOLATED)
_1232_/B1                               3.000000    3.060786   -0.060786 (VIOLATED)
_1258_/A2                               3.000000    3.060786   -0.060786 (VIOLATED)
_1261_/A2                               3.000000    3.060786   -0.060786 (VIOLATED)
fanout330/Z                             3.000000    3.060786   -0.060786 (VIOLATED)

max fanout

Pin                                   Limit Fanout  Slack
---------------------------------------------------------
clkbuf_0_periph_clk_i/Z                  10     16     -6 (VIOLATED)
clkbuf_0_sys_clk_i/Z                     10     16     -6 (VIOLATED)



===========================================================================
report_parasitic_annotation -report_unannotated
============================================================================
Found 47 unannotated drivers.
 data_tx_i[10]
 data_tx_i[11]
 data_tx_i[12]
 data_tx_i[13]
 data_tx_i[14]
 data_tx_i[15]
 data_tx_i[16]
 data_tx_i[17]
 data_tx_i[18]
 data_tx_i[19]
 data_tx_i[20]
 data_tx_i[21]
 data_tx_i[22]
 data_tx_i[23]
 data_tx_i[24]
 data_tx_i[25]
 data_tx_i[26]
 data_tx_i[27]
 data_tx_i[28]
 data_tx_i[29]
 data_tx_i[30]
 data_tx_i[31]
 data_tx_i[8]
 data_tx_i[9]
 clkload0/Z
 clkload1/Z
 clkload10/Z
 clkload11/Z
 clkload12/Z
 clkload13/Z
 clkload14/Z
 clkload15/Z
 clkload16/Z
 clkload17/Z
 clkload18/Z
 clkload19/Z
 clkload2/Z
 clkload20/Z
 clkload21/Z
 clkload22/Z
 clkload3/Z
 clkload4/Z
 clkload5/Z
 clkload6/Z
 clkload7/Z
 clkload8/Z
 clkload9/Z
Found 0 partially unannotated drivers.

===========================================================================
max slew violation count 32
max fanout violation count 2
max cap violation count 0
============================================================================

===========================================================================
check_setup -verbose -unconstrained_endpoints -multiple_clock -no_clock -no_input_delay -loops -generated_clocks
===========================================================================
Warning: There is 1 input port missing set_input_delay.
  rstn_i
