Clock: sys_clk
Sources: sys_clk_i 
Generated: no
Virtual: yes
Propagated: no
Period: 20.000000

===========================================================================
report_clock_properties
============================================================================
Clock                   Period          Waveform
----------------------------------------------------
sys_clk              20.000000    0.000000 10.000000

===========================================================================
report_clock_latency
============================================================================
Clock sys_clk
rise -> rise
    min     max
0.000000 0.000000 source latency
2.305724         network latency _1808_/CLK
        2.426301 network latency _1939_/CLK
---------------
2.305724 2.426301 latency
        0.120576 skew

fall -> fall
    min     max
0.000000 0.000000 source latency
2.262120         network latency _1808_/CLK
        2.397084 network latency _1939_/CLK
---------------
2.262120 2.397084 latency
        0.134965 skew



===========================================================================
report_clock_min_period
============================================================================
sys_clk period_min = 11.75 fmax = 85.13
Clock: periph_clk
Sources: periph_clk_i 
Generated: no
Virtual: yes
Propagated: no
Period: 20.000000

===========================================================================
report_clock_properties
============================================================================
Clock                   Period          Waveform
----------------------------------------------------
periph_clk           20.000000    0.000000 10.000000

===========================================================================
report_clock_latency
============================================================================
Clock periph_clk
rise -> rise
    min     max
0.000000 0.000000 source latency
2.246802         network latency _1998_/CLK
        2.300212 network latency _2077_/CLK
---------------
2.246802 2.300212 latency
        0.053409 skew

fall -> fall
    min     max
0.000000 0.000000 source latency
2.209465         network latency _1998_/CLK
        2.270316 network latency _2077_/CLK
---------------
2.209465 2.270316 latency
        0.060851 skew



===========================================================================
report_clock_min_period
============================================================================
periph_clk period_min = 19.28 fmax = 51.86
