Clock: sys_clk
Sources: sys_clk_i 
Generated: no
Virtual: yes
Propagated: no
Period: 20.000000

===========================================================================
report_clock_properties
============================================================================
Clock                   Period          Waveform
----------------------------------------------------
sys_clk              20.000000    0.000000 10.000000

===========================================================================
report_clock_latency
============================================================================
Clock sys_clk
rise -> rise
    min     max
0.000000 0.000000 source latency
0.707104         network latency _2025_/CLK
        0.754907 network latency _1950_/CLK
---------------
0.707104 0.754907 latency
        0.047803 skew

fall -> fall
    min     max
0.000000 0.000000 source latency
0.677456         network latency _2025_/CLK
        0.728039 network latency _1950_/CLK
---------------
0.677456 0.728039 latency
        0.050583 skew



===========================================================================
report_clock_min_period
============================================================================
sys_clk period_min = 3.80 fmax = 263.33
Clock: periph_clk
Sources: periph_clk_i 
Generated: no
Virtual: yes
Propagated: no
Period: 20.000000

===========================================================================
report_clock_properties
============================================================================
Clock                   Period          Waveform
----------------------------------------------------
periph_clk           20.000000    0.000000 10.000000

===========================================================================
report_clock_latency
============================================================================
Clock periph_clk
rise -> rise
    min     max
0.000000 0.000000 source latency
0.689382         network latency _2079_/CLK
        0.697863 network latency _1798_/CLK
---------------
0.689382 0.697863 latency
        0.008481 skew

fall -> fall
    min     max
0.000000 0.000000 source latency
0.664046         network latency _2021_/CLK
        0.673499 network latency _1798_/CLK
---------------
0.664046 0.673499 latency
        0.009453 skew



===========================================================================
report_clock_min_period
============================================================================
periph_clk period_min = 4.96 fmax = 201.42
