Reading timing models for corner nom_tt_025C_5v00…
Reading timing library for the 'nom_tt_025C_5v00' corner at '/home/sahana/.ciel/gf180mcuD/libs.ref/gf180mcu_fd_sc_mcu7t5v0/lib/gf180mcu_fd_sc_mcu7t5v0__tt_025C_5v00.lib'…
Reading OpenROAD database at '/home/sahana/core5_udma/hardening/uart_top/runs/TRIAL_9/44-openroad-resizertimingpostgrt/udma_uart_top.odb'…
Reading design constraints file at '/home/sahana/core5_udma/hardening/uart_top/constraints.closure.sdc'…
[INFO ORD-0030] Using 16 thread(s).
+ detailed_route -droute_end_iter 64 -or_seed 42 -verbose 1 -output_drc /home/sahana/core5_udma/hardening/uart_top/runs/TRIAL_9/46-openroad-detailedrouting/drt-run-0/udma_uart_top.drc
[INFO DRT-0149] Reading tech and libs.
[WARNING DRT-0349] LEF58_ENCLOSURE with no CUTCLASS is not supported. Skipping for layer Via1
[WARNING DRT-0349] LEF58_ENCLOSURE with no CUTCLASS is not supported. Skipping for layer Via1
[WARNING DRT-0349] LEF58_ENCLOSURE with no CUTCLASS is not supported. Skipping for layer Via2
[WARNING DRT-0349] LEF58_ENCLOSURE with no CUTCLASS is not supported. Skipping for layer Via2
[WARNING DRT-0349] LEF58_ENCLOSURE with no CUTCLASS is not supported. Skipping for layer Via3
[WARNING DRT-0349] LEF58_ENCLOSURE with no CUTCLASS is not supported. Skipping for layer Via3
[WARNING DRT-0349] LEF58_ENCLOSURE with no CUTCLASS is not supported. Skipping for layer Via4
[WARNING DRT-0349] LEF58_ENCLOSURE with no CUTCLASS is not supported. Skipping for layer Via4

Units:                2000
Number of layers:     11
Number of macros:     229
Number of vias:       60
Number of viarulegen: 16

[INFO DRT-0150] Reading design.

Design:                   udma_uart_top
Die area:                 ( 0 0 ) ( 793270 829110 )
Number of track patterns: 10
Number of DEF vias:       0
Number of components:     3051
Number of terminals:      281
Number of snets:          2
Number of nets:           2030

[INFO DRT-0167] List of default vias:
  Layer Via2
    default via: Via2_VH
  Layer Via3
    default via: Via3_HV
  Layer Via4
    default via: Via4_VH
[INFO DRT-0162] Library cell analysis.
[INFO DRT-0163] Instance analysis.
[INFO DRT-0164] Number of unique instances = 156.
[INFO DRT-0168] Init region query.
[INFO DRT-0024]   Complete Poly2.
[INFO DRT-0024]   Complete CON.
[INFO DRT-0024]   Complete Metal1.
[INFO DRT-0024]   Complete Via1.
[INFO DRT-0024]   Complete Metal2.
[INFO DRT-0024]   Complete Via2.
[INFO DRT-0024]   Complete Metal3.
[INFO DRT-0024]   Complete Via3.
[INFO DRT-0024]   Complete Metal4.
[INFO DRT-0024]   Complete Via4.
[INFO DRT-0024]   Complete Metal5.
[INFO DRT-0033] Poly2 shape region query size = 0.
[INFO DRT-0033] CON shape region query size = 0.
[INFO DRT-0033] Metal1 shape region query size = 60929.
[INFO DRT-0033] Via1 shape region query size = 882.
[INFO DRT-0033] Metal2 shape region query size = 740.
[INFO DRT-0033] Via2 shape region query size = 882.
[INFO DRT-0033] Metal3 shape region query size = 715.
[INFO DRT-0033] Via3 shape region query size = 882.
[INFO DRT-0033] Metal4 shape region query size = 324.
[INFO DRT-0033] Via4 shape region query size = 162.
[INFO DRT-0033] Metal5 shape region query size = 30.
[INFO DRT-0165] Start pin access.
[INFO DRT-0076]   Complete 1000 pins.
[INFO DRT-0078]   Complete 1143 pins.
[INFO DRT-0079]   Complete 100 unique inst patterns.
[INFO DRT-0081]   Complete 152 unique inst patterns.
[INFO DRT-0084]   Complete 1349 groups.
#scanned instances     = 3051
#unique  instances     = 156
#stdCellGenAp          = 2795
#stdCellValidPlanarAp  = 0
#stdCellValidViaAp     = 2591
#stdCellPinNoAp        = 0
#stdCellPinCnt         = 5973
#instTermValidViaApCnt = 0
#macroGenAp            = 0
#macroValidPlanarAp    = 0
#macroValidViaAp       = 0
#macroNoAp             = 0
[INFO DRT-0166] Complete pin access.
[INFO DRT-0267] cpu time = 00:00:13, elapsed time = 00:00:01, memory = 152.28 (MB), peak = 150.79 (MB)

[INFO DRT-0157] Number of guides:     15716

[INFO DRT-0169] Post process guides.
[INFO DRT-0176] GCELLGRID X 0 DO 47 STEP 16800 ;
[INFO DRT-0177] GCELLGRID Y 0 DO 49 STEP 16800 ;
[INFO DRT-0028]   Complete Poly2.
[INFO DRT-0028]   Complete CON.
[INFO DRT-0028]   Complete Metal1.
[INFO DRT-0028]   Complete Via1.
[INFO DRT-0028]   Complete Metal2.
[INFO DRT-0028]   Complete Via2.
[INFO DRT-0028]   Complete Metal3.
[INFO DRT-0028]   Complete Via3.
[INFO DRT-0028]   Complete Metal4.
[INFO DRT-0028]   Complete Via4.
[INFO DRT-0028]   Complete Metal5.
[INFO DRT-0178] Init guide query.
[INFO DRT-0035]   Complete Poly2 (guide).
[INFO DRT-0035]   Complete CON (guide).
[INFO DRT-0035]   Complete Metal1 (guide).
[INFO DRT-0035]   Complete Via1 (guide).
[INFO DRT-0035]   Complete Metal2 (guide).
[INFO DRT-0035]   Complete Via2 (guide).
[INFO DRT-0035]   Complete Metal3 (guide).
[INFO DRT-0035]   Complete Via3 (guide).
[INFO DRT-0035]   Complete Metal4 (guide).
[INFO DRT-0035]   Complete Via4 (guide).
[INFO DRT-0035]   Complete Metal5 (guide).
[INFO DRT-0036] Poly2 guide region query size = 0.
[INFO DRT-0036] CON guide region query size = 0.
[INFO DRT-0036] Metal1 guide region query size = 5444.
[INFO DRT-0036] Via1 guide region query size = 0.
[INFO DRT-0036] Metal2 guide region query size = 5043.
[INFO DRT-0036] Via2 guide region query size = 0.
[INFO DRT-0036] Metal3 guide region query size = 2584.
[INFO DRT-0036] Via3 guide region query size = 0.
[INFO DRT-0036] Metal4 guide region query size = 69.
[INFO DRT-0036] Via4 guide region query size = 0.
[INFO DRT-0036] Metal5 guide region query size = 18.
[INFO DRT-0179] Init gr pin query.
[INFO DRT-0267] cpu time = 00:00:00, elapsed time = 00:00:00, memory = 157.16 (MB), peak = 155.41 (MB)
[INFO DRT-0245] skipped writing guide updates to database.
[INFO DRT-0185] Post process initialize RPin region query.
[INFO DRT-0181] Start track assignment.
[INFO DRT-0184] Done with 5112 vertical wires in 1 frboxes and 8046 horizontal wires in 1 frboxes.
[INFO DRT-0186] Done with 986 vertical wires in 1 frboxes and 883 horizontal wires in 1 frboxes.
[INFO DRT-0182] Complete track assignment.
[INFO DRT-0267] cpu time = 00:00:05, elapsed time = 00:00:00, memory = 183.71 (MB), peak = 181.97 (MB)
[INFO DRT-0187] Start routing data preparation.
[INFO DRT-0267] cpu time = 00:00:00, elapsed time = 00:00:00, memory = 183.71 (MB), peak = 181.97 (MB)
[INFO DRT-0194] Start detail routing.
[INFO DRT-0195] Start 0th optimization iteration.
    Completing 10% with 0 violations.
    elapsed time = 00:00:00, memory = 215.24 (MB).
    Completing 20% with 0 violations.
    elapsed time = 00:00:00, memory = 238.18 (MB).
    Completing 30% with 0 violations.
    elapsed time = 00:00:00, memory = 231.73 (MB).
    Completing 40% with 46 violations.
    elapsed time = 00:00:00, memory = 248.96 (MB).
    Completing 50% with 46 violations.
    elapsed time = 00:00:00, memory = 252.70 (MB).
    Completing 60% with 100 violations.
    elapsed time = 00:00:00, memory = 263.16 (MB).
    Completing 70% with 100 violations.
    elapsed time = 00:00:01, memory = 268.58 (MB).
    Completing 80% with 100 violations.
    elapsed time = 00:00:01, memory = 266.82 (MB).
    Completing 90% with 143 violations.
    elapsed time = 00:00:01, memory = 285.75 (MB).
    Completing 100% with 176 violations.
    elapsed time = 00:00:01, memory = 283.70 (MB).
[INFO DRT-0199]   Number of violations = 264.
Viol/Layer      Metal1 Metal2 Metal3
Metal Spacing        3     19      1
Recheck              2     69     17
Short                0    139     14
[INFO DRT-0267] cpu time = 00:00:24, elapsed time = 00:00:02, memory = 570.14 (MB), peak = 580.68 (MB)
Total wire length = 93963 um.
Total wire length on LAYER Metal1 = 0 um.
Total wire length on LAYER Metal2 = 49432 um.
Total wire length on LAYER Metal3 = 41429 um.
Total wire length on LAYER Metal4 = 2082 um.
Total wire length on LAYER Metal5 = 1019 um.
Total number of vias = 11677.
Up-via summary (total 11677):

----------------
  Poly2        0
 Metal1     6151
 Metal2     5345
 Metal3      148
 Metal4       33
----------------
       11677


[INFO DRT-0195] Start 1st optimization iteration.
    Completing 10% with 264 violations.
    elapsed time = 00:00:00, memory = 574.90 (MB).
    Completing 20% with 264 violations.
    elapsed time = 00:00:00, memory = 576.95 (MB).
    Completing 30% with 185 violations.
    elapsed time = 00:00:00, memory = 581.20 (MB).
    Completing 40% with 185 violations.
    elapsed time = 00:00:00, memory = 582.51 (MB).
    Completing 50% with 185 violations.
    elapsed time = 00:00:00, memory = 584.46 (MB).
    Completing 60% with 120 violations.
    elapsed time = 00:00:00, memory = 590.13 (MB).
    Completing 70% with 120 violations.
    elapsed time = 00:00:01, memory = 592.16 (MB).
    Completing 80% with 81 violations.
    elapsed time = 00:00:01, memory = 594.23 (MB).
    Completing 90% with 81 violations.
    elapsed time = 00:00:01, memory = 597.91 (MB).
    Completing 100% with 28 violations.
    elapsed time = 00:00:01, memory = 599.27 (MB).
[INFO DRT-0199]   Number of violations = 28.
Viol/Layer      Metal2 Metal3
Metal Spacing        4      1
Short               23      0
[INFO DRT-0267] cpu time = 00:00:23, elapsed time = 00:00:01, memory = 602.39 (MB), peak = 612.57 (MB)
Total wire length = 93416 um.
Total wire length on LAYER Metal1 = 0 um.
Total wire length on LAYER Metal2 = 48890 um.
Total wire length on LAYER Metal3 = 41299 um.
Total wire length on LAYER Metal4 = 2202 um.
Total wire length on LAYER Metal5 = 1023 um.
Total number of vias = 11656.
Up-via summary (total 11656):

----------------
  Poly2        0
 Metal1     6144
 Metal2     5310
 Metal3      169
 Metal4       33
----------------
       11656


[INFO DRT-0195] Start 2nd optimization iteration.
    Completing 10% with 28 violations.
    elapsed time = 00:00:00, memory = 602.39 (MB).
    Completing 20% with 28 violations.
    elapsed time = 00:00:00, memory = 602.39 (MB).
    Completing 30% with 25 violations.
    elapsed time = 00:00:00, memory = 607.59 (MB).
    Completing 40% with 25 violations.
    elapsed time = 00:00:00, memory = 607.59 (MB).
    Completing 50% with 25 violations.
    elapsed time = 00:00:00, memory = 608.11 (MB).
    Completing 60% with 15 violations.
    elapsed time = 00:00:00, memory = 608.11 (MB).
    Completing 70% with 15 violations.
    elapsed time = 00:00:01, memory = 608.11 (MB).
    Completing 80% with 20 violations.
    elapsed time = 00:00:01, memory = 608.12 (MB).
    Completing 90% with 20 violations.
    elapsed time = 00:00:01, memory = 608.12 (MB).
    Completing 100% with 18 violations.
    elapsed time = 00:00:01, memory = 609.89 (MB).
[INFO DRT-0199]   Number of violations = 18.
Viol/Layer      Metal2 Metal3
Metal Spacing        1      1
Short               16      0
[INFO DRT-0267] cpu time = 00:00:16, elapsed time = 00:00:01, memory = 609.89 (MB), peak = 620.07 (MB)
Total wire length = 93276 um.
Total wire length on LAYER Metal1 = 0 um.
Total wire length on LAYER Metal2 = 48881 um.
Total wire length on LAYER Metal3 = 41182 um.
Total wire length on LAYER Metal4 = 2192 um.
Total wire length on LAYER Metal5 = 1019 um.
Total number of vias = 11627.
Up-via summary (total 11627):

----------------
  Poly2        0
 Metal1     6144
 Metal2     5285
 Metal3      165
 Metal4       33
----------------
       11627


[INFO DRT-0195] Start 3rd guides tiles iteration.
    Completing 10% with 18 violations.
    elapsed time = 00:00:00, memory = 609.95 (MB).
    Completing 20% with 18 violations.
    elapsed time = 00:00:00, memory = 609.95 (MB).
    Completing 30% with 18 violations.
    elapsed time = 00:00:00, memory = 609.95 (MB).
    Completing 40% with 18 violations.
    elapsed time = 00:00:00, memory = 609.95 (MB).
    Completing 50% with 18 violations.
    elapsed time = 00:00:00, memory = 609.95 (MB).
    Completing 60% with 0 violations.
    elapsed time = 00:00:00, memory = 609.95 (MB).
    Completing 70% with 0 violations.
    elapsed time = 00:00:00, memory = 609.95 (MB).
    Completing 80% with 0 violations.
    elapsed time = 00:00:00, memory = 609.95 (MB).
    Completing 90% with 0 violations.
    elapsed time = 00:00:00, memory = 609.95 (MB).
    Completing 100% with 0 violations.
    elapsed time = 00:00:00, memory = 609.95 (MB).
[INFO DRT-0199]   Number of violations = 0.
[INFO DRT-0267] cpu time = 00:00:02, elapsed time = 00:00:00, memory = 609.95 (MB), peak = 620.20 (MB)
Total wire length = 93258 um.
Total wire length on LAYER Metal1 = 0 um.
Total wire length on LAYER Metal2 = 48465 um.
Total wire length on LAYER Metal3 = 41193 um.
Total wire length on LAYER Metal4 = 2581 um.
Total wire length on LAYER Metal5 = 1019 um.
Total number of vias = 11666.
Up-via summary (total 11666):

----------------
  Poly2        0
 Metal1     6144
 Metal2     5293
 Metal3      196
 Metal4       33
----------------
       11666


[INFO DRT-0198] Complete detail routing.
Total wire length = 93258 um.
Total wire length on LAYER Metal1 = 0 um.
Total wire length on LAYER Metal2 = 48465 um.
Total wire length on LAYER Metal3 = 41193 um.
Total wire length on LAYER Metal4 = 2581 um.
Total wire length on LAYER Metal5 = 1019 um.
Total number of vias = 11666.
Up-via summary (total 11666):

----------------
  Poly2        0
 Metal1     6144
 Metal2     5293
 Metal3      196
 Metal4       33
----------------
       11666


[INFO DRT-0267] cpu time = 00:01:06, elapsed time = 00:00:05, memory = 610.14 (MB), peak = 620.20 (MB)

[INFO DRT-0180] Post processing.
+ check_antennas 
[INFO ANT-0002] Found 0 net violations.
[INFO ANT-0001] Found 0 pin violations.
Setting global connections for newly added cells…
[INFO] Setting global connections...
[INFO ODB-0403] 0 connections made, 0 conflicts skipped.
Updating metrics…
Cell type report:                       Count       Area
  Endcap cell                             194     851.74
  Tap cell                                942    4135.76
  Tie cell                                 33     289.77
  Clock buffer                            121    9948.65
  Timing Repair Buffer                    510   19014.82
  Inverter                                 69     605.88
  Sequential cell                         339   25455.54
  Multi-Input combinational cell          843   17724.04
  Total                                  3051   78026.19
Writing OpenROAD database to '/home/sahana/core5_udma/hardening/uart_top/runs/TRIAL_9/46-openroad-detailedrouting/udma_uart_top.odb'…
Writing netlist to '/home/sahana/core5_udma/hardening/uart_top/runs/TRIAL_9/46-openroad-detailedrouting/udma_uart_top.nl.v'…
Writing powered netlist to '/home/sahana/core5_udma/hardening/uart_top/runs/TRIAL_9/46-openroad-detailedrouting/udma_uart_top.pnl.v'…
Writing layout to '/home/sahana/core5_udma/hardening/uart_top/runs/TRIAL_9/46-openroad-detailedrouting/udma_uart_top.def'…
Writing timing constraints to '/home/sahana/core5_udma/hardening/uart_top/runs/TRIAL_9/46-openroad-detailedrouting/udma_uart_top.sdc'…
