
===========================================================================
report_checks -unconstrained
===========================================================================
======================= nom_tt_025C_5v00 Corner ===================================

Startpoint: _2030_ (rising edge-triggered flip-flop clocked by sys_clk)
Endpoint: _1806_ (recovery check against rising-edge clock sys_clk)
Path Group: asynchronous
Path Type: max

Fanout         Cap        Slew       Delay        Time   Description
---------------------------------------------------------------------------------------------
                      0.150000    0.000000    0.000000   clock sys_clk (rise edge)
                                  0.000000    0.000000   clock network delay (ideal)
                      0.150000    0.000000    0.000000 ^ _2030_/CLK (gf180mcu_fd_sc_mcu7t5v0__dffrnq_1)
     2    0.014873    0.198141    0.767242    0.767242 v _2030_/Q (gf180mcu_fd_sc_mcu7t5v0__dffrnq_1)
                                                         s_uart_rx_clean_fifo (net)
                      0.198141    0.000310    0.767551 v _0923_/A2 (gf180mcu_fd_sc_mcu7t5v0__nor2_1)
     2    0.010283    0.426963    0.300690    1.068241 ^ _0923_/ZN (gf180mcu_fd_sc_mcu7t5v0__nor2_1)
                                                         u_dc_fifo_rx.dst_rstn_i (net)
                      0.426963    0.000021    1.068262 ^ fanout356/I (gf180mcu_fd_sc_mcu7t5v0__dlyb_1)
     8    0.059374    1.002355    1.412472    2.480734 ^ fanout356/Z (gf180mcu_fd_sc_mcu7t5v0__dlyb_1)
                                                         net356 (net)
                      1.002358    0.001110    2.481845 ^ fanout352/I (gf180mcu_fd_sc_mcu7t5v0__dlyb_1)
     2    0.014454    0.313067    0.998949    3.480794 ^ fanout352/Z (gf180mcu_fd_sc_mcu7t5v0__dlyb_1)
                                                         net352 (net)
                      0.313067    0.000067    3.480861 ^ load_slew353/I (gf180mcu_fd_sc_mcu7t5v0__clkbuf_4)
     9    0.075094    0.340857    0.446890    3.927751 ^ load_slew353/Z (gf180mcu_fd_sc_mcu7t5v0__clkbuf_4)
                                                         net353 (net)
                      0.340858    0.000960    3.928711 ^ _1806_/SETN (gf180mcu_fd_sc_mcu7t5v0__dffsnq_1)
                                              3.928711   data arrival time

                      0.150000   20.000000   20.000000   clock sys_clk (rise edge)
                                  0.000000   20.000000   clock network delay (ideal)
                                 -0.250000   19.750002   clock uncertainty
                                  0.000000   19.750002   clock reconvergence pessimism
                                             19.750002 ^ _1806_/CLK (gf180mcu_fd_sc_mcu7t5v0__dffsnq_1)
                                  0.008171   19.758173   library recovery time
                                             19.758173   data required time
---------------------------------------------------------------------------------------------
                                             19.758173   data required time
                                             -3.928711   data arrival time
---------------------------------------------------------------------------------------------
                                             15.829461   slack (MET)


Startpoint: _2019_ (rising edge-triggered flip-flop clocked by periph_clk)
Endpoint: _2008_ (rising edge-triggered flip-flop clocked by periph_clk)
Path Group: periph_clk
Path Type: max

Fanout         Cap        Slew       Delay        Time   Description
---------------------------------------------------------------------------------------------
                      0.150000    0.000000    0.000000   clock periph_clk (rise edge)
                                  0.000000    0.000000   clock network delay (ideal)
                      0.150000    0.000000    0.000000 ^ _2019_/CLK (gf180mcu_fd_sc_mcu7t5v0__dffrnq_1)
     3    0.016346    0.210414    0.777267    0.777267 v _2019_/Q (gf180mcu_fd_sc_mcu7t5v0__dffrnq_1)
                                                         r_uart_en_rx_sync[2] (net)
                      0.210414    0.000097    0.777364 v _0911_/I (gf180mcu_fd_sc_mcu7t5v0__clkinv_1)
     5    0.027101    0.478965    0.339460    1.116824 ^ _0911_/ZN (gf180mcu_fd_sc_mcu7t5v0__clkinv_1)
                                                         _0706_ (net)
                      0.478965    0.000064    1.116888 ^ _1739_/B2 (gf180mcu_fd_sc_mcu7t5v0__aoi22_1)
     1    0.003868    0.282134    0.191697    1.308585 v _1739_/ZN (gf180mcu_fd_sc_mcu7t5v0__aoi22_1)
                                                         _0642_ (net)
                      0.282134    0.000017    1.308602 v fanout323/I (gf180mcu_fd_sc_mcu7t5v0__dlyb_1)
     7    0.058034    0.673454    1.440629    2.749231 v fanout323/Z (gf180mcu_fd_sc_mcu7t5v0__dlyb_1)
                                                         net323 (net)
                      0.673454    0.000518    2.749749 v fanout321/I (gf180mcu_fd_sc_mcu7t5v0__dlyb_1)
     4    0.022506    0.370287    1.330809    4.080558 v fanout321/Z (gf180mcu_fd_sc_mcu7t5v0__dlyb_1)
                                                         net321 (net)
                      0.370287    0.000256    4.080814 v fanout320/I (gf180mcu_fd_sc_mcu7t5v0__dlyb_1)
     7    0.040737    0.524887    1.356618    5.437432 v fanout320/Z (gf180mcu_fd_sc_mcu7t5v0__dlyb_1)
                                                         net320 (net)
                      0.524887    0.000090    5.437522 v fanout319/I (gf180mcu_fd_sc_mcu7t5v0__dlyb_1)
    10    0.063588    0.719570    1.563478    7.001000 v fanout319/Z (gf180mcu_fd_sc_mcu7t5v0__dlyb_1)
                                                         net319 (net)
                      0.719570    0.000066    7.001066 v _1757_/S (gf180mcu_fd_sc_mcu7t5v0__mux2_2)
     1    0.003790    0.115361    0.512773    7.513840 ^ _1757_/Z (gf180mcu_fd_sc_mcu7t5v0__mux2_2)
                                                         _0282_ (net)
                      0.115361    0.000012    7.513851 ^ _2008_/D (gf180mcu_fd_sc_mcu7t5v0__dffrnq_1)
                                              7.513851   data arrival time

                      0.150000   20.000000   20.000000   clock periph_clk (rise edge)
                                  0.000000   20.000000   clock network delay (ideal)
                                 -0.250000   19.750002   clock uncertainty
                                  0.000000   19.750002   clock reconvergence pessimism
                                             19.750002 ^ _2008_/CLK (gf180mcu_fd_sc_mcu7t5v0__dffrnq_1)
                                 -0.290272   19.459728   library setup time
                                             19.459728   data required time
---------------------------------------------------------------------------------------------
                                             19.459728   data required time
                                             -7.513851   data arrival time
---------------------------------------------------------------------------------------------
                                             11.945877   slack (MET)


Startpoint: cfg_valid_i (input port clocked by sys_clk)
Endpoint: cfg_data_o[23] (output port clocked by sys_clk)
Path Group: sys_clk
Path Type: max

Fanout         Cap        Slew       Delay        Time   Description
---------------------------------------------------------------------------------------------
                      0.150000    0.000000    0.000000   clock sys_clk (rise edge)
                                  0.000000    0.000000   clock network delay (ideal)
                                  2.000000    2.000000 v input external delay
     1    0.004809    0.073653    0.029388    2.029388 v cfg_valid_i (in)
                                                         cfg_valid_i (net)
                      0.073653    0.000000    2.029388 v input99/I (gf180mcu_fd_sc_mcu7t5v0__dlyb_1)
     8    0.041368    0.530147    1.258857    3.288245 v input99/Z (gf180mcu_fd_sc_mcu7t5v0__dlyb_1)
                                                         net99 (net)
                      0.530151    0.000945    3.289190 v _1085_/A2 (gf180mcu_fd_sc_mcu7t5v0__nand3_1)
     5    0.021562    0.619901    0.491212    3.780402 ^ _1085_/ZN (gf180mcu_fd_sc_mcu7t5v0__nand3_1)
                                                         _0291_ (net)
                      0.619901    0.000055    3.780457 ^ _1086_/A2 (gf180mcu_fd_sc_mcu7t5v0__nor2_1)
     4    0.016356    0.387050    0.312521    4.092978 v _1086_/ZN (gf180mcu_fd_sc_mcu7t5v0__nor2_1)
                                                         _0292_ (net)
                      0.387050    0.000008    4.092986 v _1087_/A2 (gf180mcu_fd_sc_mcu7t5v0__and2_1)
     1    0.006949    0.142061    0.364175    4.457161 v _1087_/Z (gf180mcu_fd_sc_mcu7t5v0__and2_1)
                                                         _0293_ (net)
                      0.142061    0.000085    4.457247 v fanout339/I (gf180mcu_fd_sc_mcu7t5v0__dlyb_1)
     9    0.081830    0.879962    1.539368    5.996615 v fanout339/Z (gf180mcu_fd_sc_mcu7t5v0__dlyb_1)
                                                         net339 (net)
                      0.879966    0.000987    5.997602 v fanout338/I (gf180mcu_fd_sc_mcu7t5v0__dlyb_1)
     7    0.033310    0.461291    1.481256    7.478858 v fanout338/Z (gf180mcu_fd_sc_mcu7t5v0__dlyb_1)
                                                         net338 (net)
                      0.461291    0.000134    7.478992 v fanout337/I (gf180mcu_fd_sc_mcu7t5v0__dlyb_1)
    10    0.042366    0.538586    1.399767    8.878758 v fanout337/Z (gf180mcu_fd_sc_mcu7t5v0__dlyb_1)
                                                         net337 (net)
                      0.538586    0.000011    8.878769 v _1095_/A2 (gf180mcu_fd_sc_mcu7t5v0__and2_1)
     1    0.010637    0.178648    0.435797    9.314567 v _1095_/Z (gf180mcu_fd_sc_mcu7t5v0__and2_1)
                                                         net128 (net)
                      0.178648    0.000248    9.314814 v output128/I (gf180mcu_fd_sc_mcu7t5v0__buf_1)
     1    0.005816    0.126270    0.272652    9.587466 v output128/Z (gf180mcu_fd_sc_mcu7t5v0__buf_1)
                                                         net285 (net)
                      0.126270    0.000008    9.587474 v wire285/I (gf180mcu_fd_sc_mcu7t5v0__clkbuf_3)
     1    0.073571    0.339053    0.417191   10.004665 v wire285/Z (gf180mcu_fd_sc_mcu7t5v0__clkbuf_3)
                                                         cfg_data_o[23] (net)
                      0.339053    0.000229   10.004894 v cfg_data_o[23] (out)
                                             10.004894   data arrival time

                      0.150000   20.000000   20.000000   clock sys_clk (rise edge)
                                  0.000000   20.000000   clock network delay (ideal)
                                 -0.250000   19.750002   clock uncertainty
                                  0.000000   19.750002   clock reconvergence pessimism
                                 -2.000000   17.750002   output external delay
                                             17.750002   data required time
---------------------------------------------------------------------------------------------
                                             17.750002   data required time
                                            -10.004894   data arrival time
---------------------------------------------------------------------------------------------
                                              7.745107   slack (MET)




===========================================================================
report_checks --slack_max -0.01
============================================================================
======================= nom_tt_025C_5v00 Corner ===================================

No paths found.


===========================================================================
 report_check_types -max_slew -max_cap -max_fanout -violators
============================================================================
======================= nom_tt_025C_5v00 Corner ===================================



===========================================================================
report_parasitic_annotation -report_unannotated
============================================================================
Found 145 unannotated drivers.
 data_tx_i[10]
 data_tx_i[11]
 data_tx_i[12]
 data_tx_i[13]
 data_tx_i[14]
 data_tx_i[15]
 data_tx_i[16]
 data_tx_i[17]
 data_tx_i[18]
 data_tx_i[19]
 data_tx_i[20]
 data_tx_i[21]
 data_tx_i[22]
 data_tx_i[23]
 data_tx_i[24]
 data_tx_i[25]
 data_tx_i[26]
 data_tx_i[27]
 data_tx_i[28]
 data_tx_i[29]
 data_tx_i[30]
 data_tx_i[31]
 data_tx_i[8]
 data_tx_i[9]
 periph_clk_i
 sys_clk_i
 clkbuf_0_periph_clk_i/Z
 clkbuf_0_sys_clk_i/Z
 clkbuf_4_0_0_periph_clk_i/Z
 clkbuf_4_0_0_sys_clk_i/Z
 clkbuf_4_10_0_periph_clk_i/Z
 clkbuf_4_10_0_sys_clk_i/Z
 clkbuf_4_11_0_periph_clk_i/Z
 clkbuf_4_11_0_sys_clk_i/Z
 clkbuf_4_12_0_periph_clk_i/Z
 clkbuf_4_12_0_sys_clk_i/Z
 clkbuf_4_13_0_periph_clk_i/Z
 clkbuf_4_13_0_sys_clk_i/Z
 clkbuf_4_14_0_periph_clk_i/Z
 clkbuf_4_14_0_sys_clk_i/Z
 clkbuf_4_15_0_periph_clk_i/Z
 clkbuf_4_15_0_sys_clk_i/Z
 clkbuf_4_1_0_periph_clk_i/Z
 clkbuf_4_1_0_sys_clk_i/Z
 clkbuf_4_2_0_periph_clk_i/Z
 clkbuf_4_2_0_sys_clk_i/Z
 clkbuf_4_3_0_periph_clk_i/Z
 clkbuf_4_3_0_sys_clk_i/Z
 clkbuf_4_4_0_periph_clk_i/Z
 clkbuf_4_4_0_sys_clk_i/Z
 clkbuf_4_5_0_periph_clk_i/Z
 clkbuf_4_5_0_sys_clk_i/Z
 clkbuf_4_6_0_periph_clk_i/Z
 clkbuf_4_6_0_sys_clk_i/Z
 clkbuf_4_7_0_periph_clk_i/Z
 clkbuf_4_7_0_sys_clk_i/Z
 clkbuf_4_8_0_periph_clk_i/Z
 clkbuf_4_8_0_sys_clk_i/Z
 clkbuf_4_9_0_periph_clk_i/Z
 clkbuf_4_9_0_sys_clk_i/Z
 clkbuf_5_0__f_periph_clk_i/Z
 clkbuf_5_0__f_sys_clk_i/Z
 clkbuf_5_10__f_periph_clk_i/Z
 clkbuf_5_10__f_sys_clk_i/Z
 clkbuf_5_11__f_periph_clk_i/Z
 clkbuf_5_11__f_sys_clk_i/Z
 clkbuf_5_12__f_periph_clk_i/Z
 clkbuf_5_12__f_sys_clk_i/Z
 clkbuf_5_13__f_periph_clk_i/Z
 clkbuf_5_13__f_sys_clk_i/Z
 clkbuf_5_14__f_periph_clk_i/Z
 clkbuf_5_14__f_sys_clk_i/Z
 clkbuf_5_15__f_periph_clk_i/Z
 clkbuf_5_15__f_sys_clk_i/Z
 clkbuf_5_16__f_periph_clk_i/Z
 clkbuf_5_16__f_sys_clk_i/Z
 clkbuf_5_17__f_periph_clk_i/Z
 clkbuf_5_17__f_sys_clk_i/Z
 clkbuf_5_18__f_periph_clk_i/Z
 clkbuf_5_18__f_sys_clk_i/Z
 clkbuf_5_19__f_periph_clk_i/Z
 clkbuf_5_19__f_sys_clk_i/Z
 clkbuf_5_1__f_periph_clk_i/Z
 clkbuf_5_1__f_sys_clk_i/Z
 clkbuf_5_20__f_periph_clk_i/Z
 clkbuf_5_20__f_sys_clk_i/Z
 clkbuf_5_21__f_periph_clk_i/Z
 clkbuf_5_21__f_sys_clk_i/Z
 clkbuf_5_22__f_periph_clk_i/Z
 clkbuf_5_22__f_sys_clk_i/Z
 clkbuf_5_23__f_periph_clk_i/Z
 clkbuf_5_23__f_sys_clk_i/Z
 clkbuf_5_24__f_periph_clk_i/Z
 clkbuf_5_24__f_sys_clk_i/Z
 clkbuf_5_25__f_periph_clk_i/Z
 clkbuf_5_25__f_sys_clk_i/Z
 clkbuf_5_26__f_periph_clk_i/Z
 clkbuf_5_26__f_sys_clk_i/Z
 clkbuf_5_27__f_periph_clk_i/Z
 clkbuf_5_27__f_sys_clk_i/Z
 clkbuf_5_28__f_periph_clk_i/Z
 clkbuf_5_28__f_sys_clk_i/Z
 clkbuf_5_29__f_periph_clk_i/Z
 clkbuf_5_29__f_sys_clk_i/Z
 clkbuf_5_2__f_periph_clk_i/Z
 clkbuf_5_2__f_sys_clk_i/Z
 clkbuf_5_30__f_periph_clk_i/Z
 clkbuf_5_30__f_sys_clk_i/Z
 clkbuf_5_31__f_periph_clk_i/Z
 clkbuf_5_31__f_sys_clk_i/Z
 clkbuf_5_3__f_periph_clk_i/Z
 clkbuf_5_3__f_sys_clk_i/Z
 clkbuf_5_4__f_periph_clk_i/Z
 clkbuf_5_4__f_sys_clk_i/Z
 clkbuf_5_5__f_periph_clk_i/Z
 clkbuf_5_5__f_sys_clk_i/Z
 clkbuf_5_6__f_periph_clk_i/Z
 clkbuf_5_6__f_sys_clk_i/Z
 clkbuf_5_7__f_periph_clk_i/Z
 clkbuf_5_7__f_sys_clk_i/Z
 clkbuf_5_8__f_periph_clk_i/Z
 clkbuf_5_8__f_sys_clk_i/Z
 clkbuf_5_9__f_periph_clk_i/Z
 clkbuf_5_9__f_sys_clk_i/Z
 clkload0/Z
 clkload1/Z
 clkload10/Z
 clkload11/Z
 clkload12/Z
 clkload13/Z
 clkload14/Z
 clkload15/Z
 clkload16/Z
 clkload17/Z
 clkload18/Z
 clkload19/Z
 clkload2/Z
 clkload20/Z
 clkload3/Z
 clkload4/Z
 clkload5/Z
 clkload6/Z
 clkload7/Z
 clkload8/Z
 clkload9/Z
Found 0 partially unannotated drivers.

===========================================================================
max slew violation count 0
Writing metric design__max_slew_violation__count__corner:nom_tt_025C_5v00: 0
max fanout violation count 0
Writing metric design__max_fanout_violation__count__corner:nom_tt_025C_5v00: 0
max cap violation count 0
Writing metric design__max_cap_violation__count__corner:nom_tt_025C_5v00: 0
============================================================================

===========================================================================
check_setup -verbose -unconstrained_endpoints -multiple_clock -no_clock -no_input_delay -loops -generated_clocks
===========================================================================
Warning: There is 1 input port missing set_input_delay.
  rstn_i
