Clock: sys_clk
Sources: sys_clk_i 
Generated: no
Virtual: no
Propagated: no
Period: 20.000000

===========================================================================
report_clock_properties
============================================================================
Clock                   Period          Waveform
----------------------------------------------------
sys_clk              20.000000    0.000000 10.000000

===========================================================================
report_clock_latency
============================================================================
Clock sys_clk
rise -> rise
    min     max
0.000000 0.000000 source latency
0.915843         network latency _1810_/CLK
        0.918901 network latency _1920_/CLK
---------------
0.915843 0.918901 latency
        0.003058 skew

fall -> fall
    min     max
0.000000 0.000000 source latency
0.909965         network latency _1810_/CLK
        0.913269 network latency _1920_/CLK
---------------
0.909965 0.913269 latency
        0.003305 skew



===========================================================================
report_clock_min_period
============================================================================
sys_clk period_min = 6.41 fmax = 156.07
Clock: periph_clk
Sources: periph_clk_i 
Generated: no
Virtual: no
Propagated: no
Period: 20.000000

===========================================================================
report_clock_properties
============================================================================
Clock                   Period          Waveform
----------------------------------------------------
periph_clk           20.000000    0.000000 10.000000

===========================================================================
report_clock_latency
============================================================================
Clock periph_clk
rise -> rise
    min     max
0.000000 0.000000 source latency
0.912993         network latency _1771_/CLK
        0.916086 network latency _1846_/CLK
---------------
0.912993 0.916086 latency
        0.003093 skew

fall -> fall
    min     max
0.000000 0.000000 source latency
0.906884         network latency _1771_/CLK
        0.910227 network latency _1846_/CLK
---------------
0.906884 0.910227 latency
        0.003343 skew



===========================================================================
report_clock_min_period
============================================================================
periph_clk period_min = 8.05 fmax = 124.16
