Reading timing models for corner nom_tt_025C_5v00…
Reading timing library for the 'nom_tt_025C_5v00' corner at '/home/sahana/.ciel/gf180mcuD/libs.ref/gf180mcu_fd_sc_mcu7t5v0/lib/gf180mcu_fd_sc_mcu7t5v0__tt_025C_5v00.lib'…
Reading OpenROAD database at '/home/sahana/core5_udma/hardening/uart_rx/runs/RUN_2026-07-26_12-38-49/48-odb-reportdisconnectedpins/udma_uart_rx.odb'…
Reading design constraints file at '/nix/store/ffl2vg3m80k0p74pyffnmai83fnv38mf-python3-3.13.9-env/lib/python3.13/site-packages/librelane/scripts/base.sdc'…
[INFO] Using clock clk_i…
[INFO] Setting output delay to: 4
[INFO] Setting input delay to: 4
[INFO] Setting load to: 0.07291
[INFO] Setting clock uncertainty to: 0.25
[INFO] Setting clock transition to: 0.1499999999999999944488848768742172978818416595458984375
[INFO] Setting timing derate to: 5%
gf180mcu_fd_sc_mcu7t5v0__fillcap_* gf180mcu_fd_sc_mcu7t5v0__fill_*
[INFO DPL-0001] Placed 637 filler instances.
Setting global connections for newly added cells…
[INFO] Setting global connections...
[INFO ODB-0403] 2548 connections made, 0 conflicts skipped.
Updating metrics…
Cell type report:                       Count       Area
  Endcap cell                              72     316.11
  Fill cell                               637   10905.75
  Tap cell                                133     583.92
  Clock buffer                              8     601.48
  Timing Repair Buffer                     44    1545.42
  Inverter                                 22     193.18
  Sequential cell                          36    2735.22
  Multi-Input combinational cell          161    3112.79
  Total                                  1113   19993.88
Writing OpenROAD database to '/home/sahana/core5_udma/hardening/uart_rx/runs/RUN_2026-07-26_12-38-49/52-openroad-fillinsertion/udma_uart_rx.odb'…
Writing netlist to '/home/sahana/core5_udma/hardening/uart_rx/runs/RUN_2026-07-26_12-38-49/52-openroad-fillinsertion/udma_uart_rx.nl.v'…
Writing powered netlist to '/home/sahana/core5_udma/hardening/uart_rx/runs/RUN_2026-07-26_12-38-49/52-openroad-fillinsertion/udma_uart_rx.pnl.v'…
Writing layout to '/home/sahana/core5_udma/hardening/uart_rx/runs/RUN_2026-07-26_12-38-49/52-openroad-fillinsertion/udma_uart_rx.def'…
Writing timing constraints to '/home/sahana/core5_udma/hardening/uart_rx/runs/RUN_2026-07-26_12-38-49/52-openroad-fillinsertion/udma_uart_rx.sdc'…
