
===========================================================================
report_checks -unconstrained
===========================================================================
======================= max_ss_125C_4v50 Corner ===================================

Startpoint: _2030_ (rising edge-triggered flip-flop clocked by sys_clk)
Endpoint: _2066_ (recovery check against rising-edge clock sys_clk)
Path Group: asynchronous
Path Type: max

Fanout         Cap        Slew       Delay        Time   Description
---------------------------------------------------------------------------------------------
                      0.150000    0.000000    0.000000   clock sys_clk (rise edge)
                                  0.000000    0.000000   clock network delay (ideal)
                      0.150000    0.000000    0.000000 ^ _2030_/CLK (gf180mcu_fd_sc_mcu7t5v0__dffrnq_1)
     2    0.011012    0.287974    1.356132    1.356132 v _2030_/Q (gf180mcu_fd_sc_mcu7t5v0__dffrnq_1)
                                                         s_uart_rx_clean_fifo (net)
                      0.287974    0.000301    1.356433 v _0923_/A2 (gf180mcu_fd_sc_mcu7t5v0__nor2_1)
     2    0.006332    0.565610    0.423583    1.780017 ^ _0923_/ZN (gf180mcu_fd_sc_mcu7t5v0__nor2_1)
                                                         u_dc_fifo_rx.dst_rstn_i (net)
                      0.565610    0.000020    1.780037 ^ fanout331/I (gf180mcu_fd_sc_mcu7t5v0__dlyb_1)
     8    0.050499    1.472742    2.469346    4.249383 ^ fanout331/Z (gf180mcu_fd_sc_mcu7t5v0__dlyb_1)
                                                         net331 (net)
                      1.472742    0.000133    4.249516 ^ fanout330/I (gf180mcu_fd_sc_mcu7t5v0__dlyb_1)
    10    0.074378    2.115129    2.865809    7.115325 ^ fanout330/Z (gf180mcu_fd_sc_mcu7t5v0__dlyb_1)
                                                         net330 (net)
                      2.115129    0.000942    7.116268 ^ _2066_/SETN (gf180mcu_fd_sc_mcu7t5v0__dffsnq_1)
                                              7.116268   data arrival time

                      0.150000   20.000000   20.000000   clock sys_clk (rise edge)
                                  0.000000   20.000000   clock network delay (ideal)
                                 -0.250000   19.750002   clock uncertainty
                                  0.000000   19.750002   clock reconvergence pessimism
                                             19.750002 ^ _2066_/CLK (gf180mcu_fd_sc_mcu7t5v0__dffsnq_1)
                                 -0.344696   19.405306   library recovery time
                                             19.405306   data required time
---------------------------------------------------------------------------------------------
                                             19.405306   data required time
                                             -7.116268   data arrival time
---------------------------------------------------------------------------------------------
                                             12.289039   slack (MET)


Startpoint: _2019_ (rising edge-triggered flip-flop clocked by periph_clk)
Endpoint: _2008_ (rising edge-triggered flip-flop clocked by periph_clk)
Path Group: periph_clk
Path Type: max

Fanout         Cap        Slew       Delay        Time   Description
---------------------------------------------------------------------------------------------
                      0.150000    0.000000    0.000000   clock periph_clk (rise edge)
                                  0.000000    0.000000   clock network delay (ideal)
                      0.150000    0.000000    0.000000 ^ _2019_/CLK (gf180mcu_fd_sc_mcu7t5v0__dffrnq_1)
     3    0.014360    0.344788    1.394479    1.394479 v _2019_/Q (gf180mcu_fd_sc_mcu7t5v0__dffrnq_1)
                                                         r_uart_en_rx_sync[2] (net)
                      0.344788    0.000069    1.394548 v _0911_/I (gf180mcu_fd_sc_mcu7t5v0__clkinv_1)
     5    0.020730    0.644486    0.479809    1.874358 ^ _0911_/ZN (gf180mcu_fd_sc_mcu7t5v0__clkinv_1)
                                                         _0706_ (net)
                      0.644486    0.000051    1.874409 ^ _1739_/B2 (gf180mcu_fd_sc_mcu7t5v0__aoi22_1)
     1    0.003035    0.439286    0.329443    2.203852 v _1739_/ZN (gf180mcu_fd_sc_mcu7t5v0__aoi22_1)
                                                         _0642_ (net)
                      0.439286    0.000017    2.203869 v fanout311/I (gf180mcu_fd_sc_mcu7t5v0__dlyb_1)
     7    0.045160    1.022567    2.524264    4.728133 v fanout311/Z (gf180mcu_fd_sc_mcu7t5v0__dlyb_1)
                                                         net311 (net)
                      1.022567    0.000253    4.728386 v fanout310/I (gf180mcu_fd_sc_mcu7t5v0__dlyb_1)
     9    0.076820    1.439788    3.087144    7.815530 v fanout310/Z (gf180mcu_fd_sc_mcu7t5v0__dlyb_1)
                                                         net310 (net)
                      1.440090    0.001588    7.817118 v fanout309/I (gf180mcu_fd_sc_mcu7t5v0__dlyb_1)
     7    0.032775    0.811076    2.730531   10.547649 v fanout309/Z (gf180mcu_fd_sc_mcu7t5v0__dlyb_1)
                                                         net309 (net)
                      0.811076    0.000083   10.547732 v fanout308/I (gf180mcu_fd_sc_mcu7t5v0__dlyb_1)
    10    0.058695    1.182783    2.815774   13.363507 v fanout308/Z (gf180mcu_fd_sc_mcu7t5v0__dlyb_1)
                                                         net308 (net)
                      1.182783    0.000075   13.363583 v _1757_/S (gf180mcu_fd_sc_mcu7t5v0__mux2_2)
     1    0.003195    0.190324    0.902201   14.265783 ^ _1757_/Z (gf180mcu_fd_sc_mcu7t5v0__mux2_2)
                                                         _0282_ (net)
                      0.190324    0.000012   14.265796 ^ _2008_/D (gf180mcu_fd_sc_mcu7t5v0__dffrnq_1)
                                             14.265796   data arrival time

                      0.150000   20.000000   20.000000   clock periph_clk (rise edge)
                                  0.000000   20.000000   clock network delay (ideal)
                                 -0.250000   19.750002   clock uncertainty
                                  0.000000   19.750002   clock reconvergence pessimism
                                             19.750002 ^ _2008_/CLK (gf180mcu_fd_sc_mcu7t5v0__dffrnq_1)
                                 -0.600896   19.149105   library setup time
                                             19.149105   data required time
---------------------------------------------------------------------------------------------
                                             19.149105   data required time
                                            -14.265796   data arrival time
---------------------------------------------------------------------------------------------
                                              4.883310   slack (MET)


Startpoint: cfg_valid_i (input port clocked by sys_clk)
Endpoint: cfg_data_o[23] (output port clocked by sys_clk)
Path Group: sys_clk
Path Type: max

Fanout         Cap        Slew       Delay        Time   Description
---------------------------------------------------------------------------------------------
                      0.150000    0.000000    0.000000   clock sys_clk (rise edge)
                                  0.000000    0.000000   clock network delay (ideal)
                                  2.000000    2.000000 v input external delay
     1    0.003154    0.099717    0.031036    2.031036 v cfg_valid_i (in)
                                                         cfg_valid_i (net)
                      0.099717    0.000000    2.031036 v input99/I (gf180mcu_fd_sc_mcu7t5v0__dlyb_1)
     8    0.034417    0.834882    2.279613    4.310649 v input99/Z (gf180mcu_fd_sc_mcu7t5v0__dlyb_1)
                                                         net99 (net)
                      0.834883    0.000962    4.311611 v _1085_/A2 (gf180mcu_fd_sc_mcu7t5v0__nand3_1)
     5    0.020326    1.018013    0.814169    5.125781 ^ _1085_/ZN (gf180mcu_fd_sc_mcu7t5v0__nand3_1)
                                                         _0291_ (net)
                      1.018013    0.000060    5.125840 ^ _1086_/A2 (gf180mcu_fd_sc_mcu7t5v0__nor2_1)
     4    0.013441    0.609290    0.497343    5.623183 v _1086_/ZN (gf180mcu_fd_sc_mcu7t5v0__nor2_1)
                                                         _0292_ (net)
                      0.609290    0.000009    5.623192 v _1087_/A2 (gf180mcu_fd_sc_mcu7t5v0__and2_1)
     1    0.003420    0.192544    0.586379    6.209571 v _1087_/Z (gf180mcu_fd_sc_mcu7t5v0__and2_1)
                                                         _0293_ (net)
                      0.192544    0.000059    6.209630 v fanout322/I (gf180mcu_fd_sc_mcu7t5v0__dlyb_1)
     9    0.049185    1.046083    2.483665    8.693295 v fanout322/Z (gf180mcu_fd_sc_mcu7t5v0__dlyb_1)
                                                         net322 (net)
                      1.046083    0.000433    8.693728 v fanout321/I (gf180mcu_fd_sc_mcu7t5v0__dlyb_1)
     7    0.022391    0.661331    2.458665   11.152394 v fanout321/Z (gf180mcu_fd_sc_mcu7t5v0__dlyb_1)
                                                         net321 (net)
                      0.661331    0.000105   11.152499 v fanout320/I (gf180mcu_fd_sc_mcu7t5v0__dlyb_1)
    10    0.030526    0.777957    2.424057   13.576556 v fanout320/Z (gf180mcu_fd_sc_mcu7t5v0__dlyb_1)
                                                         net320 (net)
                      0.777957    0.000012   13.576568 v _1095_/A2 (gf180mcu_fd_sc_mcu7t5v0__and2_1)
     1    0.005093    0.223034    0.660863   14.237431 v _1095_/Z (gf180mcu_fd_sc_mcu7t5v0__and2_1)
                                                         net128 (net)
                      0.223034    0.000170   14.237600 v output128/I (gf180mcu_fd_sc_mcu7t5v0__buf_1)
     1    0.005614    0.217277    0.460559   14.698158 v output128/Z (gf180mcu_fd_sc_mcu7t5v0__buf_1)
                                                         net278 (net)
                      0.217277    0.000009   14.698168 v wire278/I (gf180mcu_fd_sc_mcu7t5v0__clkbuf_3)
     1    0.073098    0.590074    0.736534   15.434701 v wire278/Z (gf180mcu_fd_sc_mcu7t5v0__clkbuf_3)
                                                         cfg_data_o[23] (net)
                      0.590074    0.000265   15.434966 v cfg_data_o[23] (out)
                                             15.434966   data arrival time

                      0.150000   20.000000   20.000000   clock sys_clk (rise edge)
                                  0.000000   20.000000   clock network delay (ideal)
                                 -0.250000   19.750002   clock uncertainty
                                  0.000000   19.750002   clock reconvergence pessimism
                                 -2.000000   17.750002   output external delay
                                             17.750002   data required time
---------------------------------------------------------------------------------------------
                                             17.750002   data required time
                                            -15.434966   data arrival time
---------------------------------------------------------------------------------------------
                                              2.315035   slack (MET)




===========================================================================
report_checks --slack_max -0.01
============================================================================
======================= max_ss_125C_4v50 Corner ===================================

No paths found.


===========================================================================
 report_check_types -max_slew -max_cap -max_fanout -violators
============================================================================
======================= max_ss_125C_4v50 Corner ===================================

max slew

Pin                                        Limit        Slew       Slack
------------------------------------------------------------------------
_1562_/S                                3.000000    3.055793   -0.055793 (VIOLATED)
_1561_/S                                3.000000    3.055792   -0.055792 (VIOLATED)
_1565_/S                                3.000000    3.055791   -0.055791 (VIOLATED)
_1566_/S                                3.000000    3.055789   -0.055789 (VIOLATED)
_1551_/S                                3.000000    3.055779   -0.055779 (VIOLATED)
_1552_/S                                3.000000    3.055779   -0.055779 (VIOLATED)
_1553_/S                                3.000000    3.055779   -0.055779 (VIOLATED)
_1558_/S                                3.000000    3.055779   -0.055779 (VIOLATED)
_1563_/S                                3.000000    3.055779   -0.055779 (VIOLATED)
_1564_/S                                3.000000    3.055779   -0.055779 (VIOLATED)
fanout288/Z                             3.000000    3.055779   -0.055779 (VIOLATED)
_1505_/S                                3.000000    3.031011   -0.031011 (VIOLATED)
_1506_/S                                3.000000    3.031011   -0.031011 (VIOLATED)
_1507_/S                                3.000000    3.031011   -0.031011 (VIOLATED)
_1508_/S                                3.000000    3.031011   -0.031011 (VIOLATED)
_1509_/S                                3.000000    3.031011   -0.031011 (VIOLATED)
_1510_/S                                3.000000    3.031011   -0.031011 (VIOLATED)
_1512_/S                                3.000000    3.031011   -0.031011 (VIOLATED)
_1514_/S                                3.000000    3.031011   -0.031011 (VIOLATED)
_1515_/S                                3.000000    3.031011   -0.031011 (VIOLATED)
_1516_/S                                3.000000    3.031011   -0.031011 (VIOLATED)
fanout253/Z                             3.000000    3.031011   -0.031011 (VIOLATED)
_1518_/S                                3.000000    3.017570   -0.017570 (VIOLATED)
_1519_/S                                3.000000    3.017570   -0.017570 (VIOLATED)
_1525_/S                                3.000000    3.017570   -0.017570 (VIOLATED)
_1527_/S                                3.000000    3.017570   -0.017570 (VIOLATED)
_1528_/S                                3.000000    3.017570   -0.017570 (VIOLATED)
_1529_/S                                3.000000    3.017570   -0.017570 (VIOLATED)
_1530_/S                                3.000000    3.017570   -0.017570 (VIOLATED)
_1531_/S                                3.000000    3.017570   -0.017570 (VIOLATED)
_1532_/S                                3.000000    3.017570   -0.017570 (VIOLATED)
_1533_/S                                3.000000    3.017570   -0.017570 (VIOLATED)
fanout251/Z                             3.000000    3.017570   -0.017570 (VIOLATED)



===========================================================================
report_parasitic_annotation -report_unannotated
============================================================================
Found 145 unannotated drivers.
 data_tx_i[10]
 data_tx_i[11]
 data_tx_i[12]
 data_tx_i[13]
 data_tx_i[14]
 data_tx_i[15]
 data_tx_i[16]
 data_tx_i[17]
 data_tx_i[18]
 data_tx_i[19]
 data_tx_i[20]
 data_tx_i[21]
 data_tx_i[22]
 data_tx_i[23]
 data_tx_i[24]
 data_tx_i[25]
 data_tx_i[26]
 data_tx_i[27]
 data_tx_i[28]
 data_tx_i[29]
 data_tx_i[30]
 data_tx_i[31]
 data_tx_i[8]
 data_tx_i[9]
 periph_clk_i
 sys_clk_i
 clkbuf_0_periph_clk_i/Z
 clkbuf_0_sys_clk_i/Z
 clkbuf_4_0_0_periph_clk_i/Z
 clkbuf_4_0_0_sys_clk_i/Z
 clkbuf_4_10_0_periph_clk_i/Z
 clkbuf_4_10_0_sys_clk_i/Z
 clkbuf_4_11_0_periph_clk_i/Z
 clkbuf_4_11_0_sys_clk_i/Z
 clkbuf_4_12_0_periph_clk_i/Z
 clkbuf_4_12_0_sys_clk_i/Z
 clkbuf_4_13_0_periph_clk_i/Z
 clkbuf_4_13_0_sys_clk_i/Z
 clkbuf_4_14_0_periph_clk_i/Z
 clkbuf_4_14_0_sys_clk_i/Z
 clkbuf_4_15_0_periph_clk_i/Z
 clkbuf_4_15_0_sys_clk_i/Z
 clkbuf_4_1_0_periph_clk_i/Z
 clkbuf_4_1_0_sys_clk_i/Z
 clkbuf_4_2_0_periph_clk_i/Z
 clkbuf_4_2_0_sys_clk_i/Z
 clkbuf_4_3_0_periph_clk_i/Z
 clkbuf_4_3_0_sys_clk_i/Z
 clkbuf_4_4_0_periph_clk_i/Z
 clkbuf_4_4_0_sys_clk_i/Z
 clkbuf_4_5_0_periph_clk_i/Z
 clkbuf_4_5_0_sys_clk_i/Z
 clkbuf_4_6_0_periph_clk_i/Z
 clkbuf_4_6_0_sys_clk_i/Z
 clkbuf_4_7_0_periph_clk_i/Z
 clkbuf_4_7_0_sys_clk_i/Z
 clkbuf_4_8_0_periph_clk_i/Z
 clkbuf_4_8_0_sys_clk_i/Z
 clkbuf_4_9_0_periph_clk_i/Z
 clkbuf_4_9_0_sys_clk_i/Z
 clkbuf_5_0__f_periph_clk_i/Z
 clkbuf_5_0__f_sys_clk_i/Z
 clkbuf_5_10__f_periph_clk_i/Z
 clkbuf_5_10__f_sys_clk_i/Z
 clkbuf_5_11__f_periph_clk_i/Z
 clkbuf_5_11__f_sys_clk_i/Z
 clkbuf_5_12__f_periph_clk_i/Z
 clkbuf_5_12__f_sys_clk_i/Z
 clkbuf_5_13__f_periph_clk_i/Z
 clkbuf_5_13__f_sys_clk_i/Z
 clkbuf_5_14__f_periph_clk_i/Z
 clkbuf_5_14__f_sys_clk_i/Z
 clkbuf_5_15__f_periph_clk_i/Z
 clkbuf_5_15__f_sys_clk_i/Z
 clkbuf_5_16__f_periph_clk_i/Z
 clkbuf_5_16__f_sys_clk_i/Z
 clkbuf_5_17__f_periph_clk_i/Z
 clkbuf_5_17__f_sys_clk_i/Z
 clkbuf_5_18__f_periph_clk_i/Z
 clkbuf_5_18__f_sys_clk_i/Z
 clkbuf_5_19__f_periph_clk_i/Z
 clkbuf_5_19__f_sys_clk_i/Z
 clkbuf_5_1__f_periph_clk_i/Z
 clkbuf_5_1__f_sys_clk_i/Z
 clkbuf_5_20__f_periph_clk_i/Z
 clkbuf_5_20__f_sys_clk_i/Z
 clkbuf_5_21__f_periph_clk_i/Z
 clkbuf_5_21__f_sys_clk_i/Z
 clkbuf_5_22__f_periph_clk_i/Z
 clkbuf_5_22__f_sys_clk_i/Z
 clkbuf_5_23__f_periph_clk_i/Z
 clkbuf_5_23__f_sys_clk_i/Z
 clkbuf_5_24__f_periph_clk_i/Z
 clkbuf_5_24__f_sys_clk_i/Z
 clkbuf_5_25__f_periph_clk_i/Z
 clkbuf_5_25__f_sys_clk_i/Z
 clkbuf_5_26__f_periph_clk_i/Z
 clkbuf_5_26__f_sys_clk_i/Z
 clkbuf_5_27__f_periph_clk_i/Z
 clkbuf_5_27__f_sys_clk_i/Z
 clkbuf_5_28__f_periph_clk_i/Z
 clkbuf_5_28__f_sys_clk_i/Z
 clkbuf_5_29__f_periph_clk_i/Z
 clkbuf_5_29__f_sys_clk_i/Z
 clkbuf_5_2__f_periph_clk_i/Z
 clkbuf_5_2__f_sys_clk_i/Z
 clkbuf_5_30__f_periph_clk_i/Z
 clkbuf_5_30__f_sys_clk_i/Z
 clkbuf_5_31__f_periph_clk_i/Z
 clkbuf_5_31__f_sys_clk_i/Z
 clkbuf_5_3__f_periph_clk_i/Z
 clkbuf_5_3__f_sys_clk_i/Z
 clkbuf_5_4__f_periph_clk_i/Z
 clkbuf_5_4__f_sys_clk_i/Z
 clkbuf_5_5__f_periph_clk_i/Z
 clkbuf_5_5__f_sys_clk_i/Z
 clkbuf_5_6__f_periph_clk_i/Z
 clkbuf_5_6__f_sys_clk_i/Z
 clkbuf_5_7__f_periph_clk_i/Z
 clkbuf_5_7__f_sys_clk_i/Z
 clkbuf_5_8__f_periph_clk_i/Z
 clkbuf_5_8__f_sys_clk_i/Z
 clkbuf_5_9__f_periph_clk_i/Z
 clkbuf_5_9__f_sys_clk_i/Z
 clkload0/Z
 clkload1/Z
 clkload10/Z
 clkload11/Z
 clkload12/Z
 clkload13/Z
 clkload14/Z
 clkload15/Z
 clkload16/Z
 clkload17/Z
 clkload18/Z
 clkload19/Z
 clkload2/Z
 clkload20/Z
 clkload3/Z
 clkload4/Z
 clkload5/Z
 clkload6/Z
 clkload7/Z
 clkload8/Z
 clkload9/Z
Found 0 partially unannotated drivers.

===========================================================================
max slew violation count 33
Writing metric design__max_slew_violation__count__corner:max_ss_125C_4v50: 33
max fanout violation count 0
Writing metric design__max_fanout_violation__count__corner:max_ss_125C_4v50: 0
max cap violation count 0
Writing metric design__max_cap_violation__count__corner:max_ss_125C_4v50: 0
============================================================================

===========================================================================
check_setup -verbose -unconstrained_endpoints -multiple_clock -no_clock -no_input_delay -loops -generated_clocks
===========================================================================
Warning: There is 1 input port missing set_input_delay.
  rstn_i
