Reading timing models for corner nom_tt_025C_5v00…
Reading timing library for the 'nom_tt_025C_5v00' corner at '/home/sahana/.ciel/gf180mcuD/libs.ref/gf180mcu_fd_sc_mcu7t5v0/lib/gf180mcu_fd_sc_mcu7t5v0__tt_025C_5v00.lib'…
Reading OpenROAD database at '/home/sahana/core5_udma/hardening/uart_top/runs/RUN_2026-08-01_23-12-56/21-openroad-generatepdn/udma_uart_top.odb'…
Reading design constraints file at '/home/sahana/core5_udma/hardening/uart_top/constraints.closure.sdc'…
+ global_placement -density 0.4 -skip_io -pad_right 0 -pad_left 0 -init_wirelength_coef 0.25
[INFO GPL-0001] ---- Initialize GPL Main Data Structures
[INFO GPL-0002] DBU: 2000
[INFO GPL-0003] SiteSize: (  0.560  3.920 ) um
[INFO GPL-0004] CoreBBox: (  6.720 15.680 ) ( 389.760 395.920 ) um
[INFO GPL-0036] Movable instances area:      44051.078 um^2
[INFO GPL-0037] Total instances area:        48186.835 um^2
[INFO GPL-0035] Pin density area adjust:      2569.978 um^2
[INFO GPL-0032] ---- Initialize Region: Top-level
[INFO GPL-0006] Number of instances:              2226
[INFO GPL-0007] Movable instances:                1284
[INFO GPL-0008] Fixed instances:                   942
[INFO GPL-0009] Dummy instances:                     0
[INFO GPL-0010] Number of nets:                   1422
[INFO GPL-0011] Number of pins:                   4767
[INFO GPL-0012] Die BBox:  (  0.000  0.000 ) ( 396.635 414.555 ) um
[INFO GPL-0013] Core BBox: (  6.720 15.680 ) ( 389.760 395.920 ) um
[INFO GPL-0016] Core area:                  145647.130 um^2
[INFO GPL-0014] Region name: top-level.
[INFO GPL-0015] Region area:                145647.130 um^2
[INFO GPL-0017] Fixed instances area:         4135.757 um^2
[INFO GPL-0018] Movable instances area:      46621.057 um^2
[INFO GPL-0019] Utilization:                    32.945 %
[INFO GPL-0020] Standard cells area:         46621.057 um^2
[INFO GPL-0021] Large instances area:            0.000 um^2
[INFO GPL-0005] ---- Execute Conjugate Gradient Initial Placement.
[INFO GPL-0051] Source of initial instance position counters:
	Odb location = 0	Core center = 1284	Region center = 0
[INFO GPL-0033] ---- Initialize Nesterov Region: Top-level
[INFO GPL-0023] Placement target density:       0.4000
[INFO GPL-0024] Movable insts average area:     36.309 um^2
[INFO GPL-0025] Ideal bin area:                 90.773 um^2
[INFO GPL-0026] Ideal bin count:                  1604
[INFO GPL-0027] Total bin area:             145647.130 um^2
[INFO GPL-0028] Bin count (X, Y):          32 ,     32
[INFO GPL-0029] Bin size (W * H):      11.970 * 11.883 um
[INFO GPL-0030] Number of bins:                   1024
[INFO GPL-0007] ---- Execute Nesterov Global Placement.
[INFO GPL-0031] HPWL: Half-Perimeter Wirelength
Iteration | Overflow |     HPWL (um) |  HPWL(%) |   Penalty | Group
---------------------------------------------------------------
        0 |   0.9952 |  7.175119e+03 |   +0.00% |  5.80e-16 |      
       10 |   0.9904 |  6.055157e+03 |  -15.61% |  9.45e-16 |      
       20 |   0.9904 |  6.016290e+03 |   -0.64% |  1.54e-15 |      
       30 |   0.9904 |  6.008341e+03 |   -0.13% |  2.51e-15 |      
       40 |   0.9904 |  6.004633e+03 |   -0.06% |  4.09e-15 |      
       50 |   0.9904 |  6.005260e+03 |   +0.01% |  6.66e-15 |      
       60 |   0.9904 |  6.008466e+03 |   +0.05% |  1.08e-14 |      
       70 |   0.9904 |  6.014742e+03 |   +0.10% |  1.77e-14 |      
       80 |   0.9904 |  6.029235e+03 |   +0.24% |  2.88e-14 |      
       90 |   0.9904 |  6.067385e+03 |   +0.63% |  4.69e-14 |      
      100 |   0.9901 |  6.154586e+03 |   +1.44% |  7.63e-14 |      
      110 |   0.9862 |  6.353757e+03 |   +3.24% |  1.24e-13 |      
      120 |   0.9823 |  6.733287e+03 |   +5.97% |  2.02e-13 |      
      130 |   0.9672 |  7.373394e+03 |   +9.51% |  3.30e-13 |      
      140 |   0.9524 |  8.253244e+03 |  +11.93% |  5.37e-13 |      
      150 |   0.9362 |  9.210336e+03 |  +11.60% |  8.75e-13 |      
      160 |   0.9136 |  1.037935e+04 |  +12.69% |  1.42e-12 |      
      170 |   0.8906 |  1.185080e+04 |  +14.18% |  2.32e-12 |      
      180 |   0.8597 |  1.311932e+04 |  +10.70% |  3.78e-12 |      
      190 |   0.8366 |  1.423821e+04 |   +8.53% |  6.15e-12 |      
      200 |   0.8061 |  1.563893e+04 |   +9.84% |  1.00e-11 |      
      210 |   0.7682 |  1.744010e+04 |  +11.52% |  1.63e-11 |      
      220 |   0.7248 |  1.915269e+04 |   +9.82% |  2.66e-11 |      
      230 |   0.6934 |  2.070872e+04 |   +8.12% |  4.32e-11 |      
      240 |   0.6542 |  2.233460e+04 |   +7.85% |  7.04e-11 |      
      250 |   0.6106 |  2.395739e+04 |   +7.27% |  1.15e-10 |      
      260 |   0.5653 |  2.575372e+04 |   +7.50% |  1.87e-10 |      
      270 |   0.5283 |  2.727541e+04 |   +5.91% |  3.04e-10 |      
      280 |   0.4805 |  2.852052e+04 |   +4.56% |  4.95e-10 |      
      290 |   0.4319 |  2.983268e+04 |   +4.60% |  8.06e-10 |      
      300 |   0.3844 |  3.071334e+04 |   +2.95% |  1.31e-09 |      
      310 |   0.3373 |  3.155388e+04 |   +2.74% |  2.12e-09 |      
      320 |   0.3071 |  3.209050e+04 |   +1.70% |  3.12e-09 |      
      330 |   0.2755 |  3.262352e+04 |   +1.66% |  4.59e-09 |      
      340 |   0.2393 |  3.283403e+04 |   +0.65% |  6.76e-09 |      
      350 |   0.2107 |  3.307681e+04 |   +0.74% |  9.97e-09 |      
      360 |   0.1833 |  3.341168e+04 |   +1.01% |  1.47e-08 |      
      370 |   0.1561 |  3.375354e+04 |   +1.02% |  2.16e-08 |      
      380 |   0.1361 |  3.406269e+04 |   +0.92% |  3.19e-08 |      
      390 |   0.1147 |  3.437988e+04 |   +0.93% |  4.69e-08 |      
      398 |   0.0982 |  3.458455e+04 |          |  6.65e-08 |      
---------------------------------------------------------------
[INFO GPL-1001] Global placement finished at iteration 398
[INFO GPL-1002] Placed Cell Area            46621.0567
[INFO GPL-1003] Available Free Area         141511.3728
[INFO GPL-1004] Minimum Feasible Density        0.3300 (cell_area / free_area)
[INFO GPL-1006]   Suggested Target Densities:
[INFO GPL-1007]     - For 90% usage of free space: 0.3661
[INFO GPL-1008]     - For 80% usage of free space: 0.4118
[INFO GPL-1009]     - For 50% usage of free space: 0.6589
[INFO GPL-1014] Final placement area: 46621.06 (+0.00%)
Setting global connections for newly added cells…
[INFO] Setting global connections...
[INFO ODB-0403] 0 connections made, 0 conflicts skipped.
Updating metrics…
Cell type report:                       Count       Area
  Endcap cell                             194     851.74
  Tap cell                                942    4135.76
  Tie cell                                 33     289.77
  Inverter                                 69     605.88
  Sequential cell                         339   25455.54
  Multi-Input combinational cell          843   17699.90
  Total                                  2420   49038.57
Writing OpenROAD database to '/home/sahana/core5_udma/hardening/uart_top/runs/RUN_2026-08-01_23-12-56/24-openroad-globalplacementskipio/udma_uart_top.odb'…
Writing netlist to '/home/sahana/core5_udma/hardening/uart_top/runs/RUN_2026-08-01_23-12-56/24-openroad-globalplacementskipio/udma_uart_top.nl.v'…
Writing powered netlist to '/home/sahana/core5_udma/hardening/uart_top/runs/RUN_2026-08-01_23-12-56/24-openroad-globalplacementskipio/udma_uart_top.pnl.v'…
Writing layout to '/home/sahana/core5_udma/hardening/uart_top/runs/RUN_2026-08-01_23-12-56/24-openroad-globalplacementskipio/udma_uart_top.def'…
Writing timing constraints to '/home/sahana/core5_udma/hardening/uart_top/runs/RUN_2026-08-01_23-12-56/24-openroad-globalplacementskipio/udma_uart_top.sdc'…
