Reading timing models for corner nom_tt_025C_5v00…
Reading timing library for the 'nom_tt_025C_5v00' corner at '/home/sahana/.ciel/gf180mcuD/libs.ref/gf180mcu_fd_sc_mcu7t5v0/lib/gf180mcu_fd_sc_mcu7t5v0__tt_025C_5v00.lib'…
Reading OpenROAD database at '/home/sahana/core5_udma/hardening/uart_top/runs/TRIAL_11/44-openroad-resizertimingpostgrt/udma_uart_top.odb'…
Reading design constraints file at '/home/sahana/core5_udma/hardening/uart_top/constraints.closure.sdc'…
[INFO ORD-0030] Using 16 thread(s).
+ detailed_route -droute_end_iter 64 -or_seed 42 -verbose 1 -output_drc /home/sahana/core5_udma/hardening/uart_top/runs/TRIAL_11/46-openroad-detailedrouting/drt-run-0/udma_uart_top.drc
[INFO DRT-0149] Reading tech and libs.
[WARNING DRT-0349] LEF58_ENCLOSURE with no CUTCLASS is not supported. Skipping for layer Via1
[WARNING DRT-0349] LEF58_ENCLOSURE with no CUTCLASS is not supported. Skipping for layer Via1
[WARNING DRT-0349] LEF58_ENCLOSURE with no CUTCLASS is not supported. Skipping for layer Via2
[WARNING DRT-0349] LEF58_ENCLOSURE with no CUTCLASS is not supported. Skipping for layer Via2
[WARNING DRT-0349] LEF58_ENCLOSURE with no CUTCLASS is not supported. Skipping for layer Via3
[WARNING DRT-0349] LEF58_ENCLOSURE with no CUTCLASS is not supported. Skipping for layer Via3
[WARNING DRT-0349] LEF58_ENCLOSURE with no CUTCLASS is not supported. Skipping for layer Via4
[WARNING DRT-0349] LEF58_ENCLOSURE with no CUTCLASS is not supported. Skipping for layer Via4

Units:                2000
Number of layers:     11
Number of macros:     229
Number of vias:       60
Number of viarulegen: 16

[INFO DRT-0150] Reading design.

Design:                   udma_uart_top
Die area:                 ( 0 0 ) ( 793270 829110 )
Number of track patterns: 10
Number of DEF vias:       0
Number of components:     2990
Number of terminals:      281
Number of snets:          2
Number of nets:           1970

[INFO DRT-0167] List of default vias:
  Layer Via2
    default via: Via2_VH
  Layer Via3
    default via: Via3_HV
  Layer Via4
    default via: Via4_VH
[INFO DRT-0162] Library cell analysis.
[INFO DRT-0163] Instance analysis.
[INFO DRT-0164] Number of unique instances = 174.
[INFO DRT-0168] Init region query.
[INFO DRT-0024]   Complete Poly2.
[INFO DRT-0024]   Complete CON.
[INFO DRT-0024]   Complete Metal1.
[INFO DRT-0024]   Complete Via1.
[INFO DRT-0024]   Complete Metal2.
[INFO DRT-0024]   Complete Via2.
[INFO DRT-0024]   Complete Metal3.
[INFO DRT-0024]   Complete Via3.
[INFO DRT-0024]   Complete Metal4.
[INFO DRT-0024]   Complete Via4.
[INFO DRT-0024]   Complete Metal5.
[INFO DRT-0033] Poly2 shape region query size = 0.
[INFO DRT-0033] CON shape region query size = 0.
[INFO DRT-0033] Metal1 shape region query size = 60943.
[INFO DRT-0033] Via1 shape region query size = 882.
[INFO DRT-0033] Metal2 shape region query size = 740.
[INFO DRT-0033] Via2 shape region query size = 882.
[INFO DRT-0033] Metal3 shape region query size = 715.
[INFO DRT-0033] Via3 shape region query size = 882.
[INFO DRT-0033] Metal4 shape region query size = 324.
[INFO DRT-0033] Via4 shape region query size = 162.
[INFO DRT-0033] Metal5 shape region query size = 30.
[INFO DRT-0165] Start pin access.
[INFO DRT-0076]   Complete 1000 pins.
[INFO DRT-0078]   Complete 1325 pins.
[INFO DRT-0079]   Complete 100 unique inst patterns.
[INFO DRT-0081]   Complete 170 unique inst patterns.
[INFO DRT-0084]   Complete 1356 groups.
#scanned instances     = 2990
#unique  instances     = 174
#stdCellGenAp          = 4164
#stdCellValidPlanarAp  = 0
#stdCellValidViaAp     = 3514
#stdCellPinNoAp        = 0
#stdCellPinCnt         = 5852
#instTermValidViaApCnt = 0
#macroGenAp            = 0
#macroValidPlanarAp    = 0
#macroValidViaAp       = 0
#macroNoAp             = 0
[INFO DRT-0166] Complete pin access.
[INFO DRT-0267] cpu time = 00:00:20, elapsed time = 00:00:01, memory = 152.51 (MB), peak = 150.77 (MB)

[INFO DRT-0157] Number of guides:     15323

[INFO DRT-0169] Post process guides.
[INFO DRT-0176] GCELLGRID X 0 DO 47 STEP 16800 ;
[INFO DRT-0177] GCELLGRID Y 0 DO 49 STEP 16800 ;
[INFO DRT-0028]   Complete Poly2.
[INFO DRT-0028]   Complete CON.
[INFO DRT-0028]   Complete Metal1.
[INFO DRT-0028]   Complete Via1.
[INFO DRT-0028]   Complete Metal2.
[INFO DRT-0028]   Complete Via2.
[INFO DRT-0028]   Complete Metal3.
[INFO DRT-0028]   Complete Via3.
[INFO DRT-0028]   Complete Metal4.
[INFO DRT-0028]   Complete Via4.
[INFO DRT-0028]   Complete Metal5.
[INFO DRT-0178] Init guide query.
[INFO DRT-0035]   Complete Poly2 (guide).
[INFO DRT-0035]   Complete CON (guide).
[INFO DRT-0035]   Complete Metal1 (guide).
[INFO DRT-0035]   Complete Via1 (guide).
[INFO DRT-0035]   Complete Metal2 (guide).
[INFO DRT-0035]   Complete Via2 (guide).
[INFO DRT-0035]   Complete Metal3 (guide).
[INFO DRT-0035]   Complete Via3 (guide).
[INFO DRT-0035]   Complete Metal4 (guide).
[INFO DRT-0035]   Complete Via4 (guide).
[INFO DRT-0035]   Complete Metal5 (guide).
[INFO DRT-0036] Poly2 guide region query size = 0.
[INFO DRT-0036] CON guide region query size = 0.
[INFO DRT-0036] Metal1 guide region query size = 5343.
[INFO DRT-0036] Via1 guide region query size = 0.
[INFO DRT-0036] Metal2 guide region query size = 4921.
[INFO DRT-0036] Via2 guide region query size = 0.
[INFO DRT-0036] Metal3 guide region query size = 2507.
[INFO DRT-0036] Via3 guide region query size = 0.
[INFO DRT-0036] Metal4 guide region query size = 54.
[INFO DRT-0036] Via4 guide region query size = 0.
[INFO DRT-0036] Metal5 guide region query size = 14.
[INFO DRT-0179] Init gr pin query.
[INFO DRT-0267] cpu time = 00:00:00, elapsed time = 00:00:00, memory = 157.16 (MB), peak = 155.52 (MB)
[INFO DRT-0245] skipped writing guide updates to database.
[INFO DRT-0185] Post process initialize RPin region query.
[INFO DRT-0181] Start track assignment.
[INFO DRT-0184] Done with 4975 vertical wires in 1 frboxes and 7864 horizontal wires in 1 frboxes.
[INFO DRT-0186] Done with 993 vertical wires in 1 frboxes and 866 horizontal wires in 1 frboxes.
[INFO DRT-0182] Complete track assignment.
[INFO DRT-0267] cpu time = 00:00:05, elapsed time = 00:00:00, memory = 177.86 (MB), peak = 176.14 (MB)
[INFO DRT-0187] Start routing data preparation.
[INFO DRT-0267] cpu time = 00:00:00, elapsed time = 00:00:00, memory = 177.86 (MB), peak = 176.14 (MB)
[INFO DRT-0194] Start detail routing.
[INFO DRT-0195] Start 0th optimization iteration.
    Completing 10% with 0 violations.
    elapsed time = 00:00:00, memory = 212.00 (MB).
    Completing 20% with 0 violations.
    elapsed time = 00:00:00, memory = 232.19 (MB).
    Completing 30% with 0 violations.
    elapsed time = 00:00:00, memory = 227.00 (MB).
    Completing 40% with 54 violations.
    elapsed time = 00:00:00, memory = 248.30 (MB).
    Completing 50% with 54 violations.
    elapsed time = 00:00:00, memory = 252.39 (MB).
    Completing 60% with 90 violations.
    elapsed time = 00:00:00, memory = 267.44 (MB).
    Completing 70% with 90 violations.
    elapsed time = 00:00:01, memory = 271.98 (MB).
    Completing 80% with 90 violations.
    elapsed time = 00:00:01, memory = 269.59 (MB).
    Completing 90% with 130 violations.
    elapsed time = 00:00:01, memory = 285.73 (MB).
    Completing 100% with 161 violations.
    elapsed time = 00:00:01, memory = 282.44 (MB).
[INFO DRT-0199]   Number of violations = 225.
Viol/Layer      Metal1 Metal2 Metal3
Metal Spacing        3     33      3
Recheck              1     50     13
Short                0    117      5
[INFO DRT-0267] cpu time = 00:00:24, elapsed time = 00:00:01, memory = 568.99 (MB), peak = 579.74 (MB)
Total wire length = 91789 um.
Total wire length on LAYER Metal1 = 0 um.
Total wire length on LAYER Metal2 = 48428 um.
Total wire length on LAYER Metal3 = 40877 um.
Total wire length on LAYER Metal4 = 1626 um.
Total wire length on LAYER Metal5 = 857 um.
Total number of vias = 11406.
Up-via summary (total 11406):

----------------
  Poly2        0
 Metal1     6046
 Metal2     5215
 Metal3      118
 Metal4       27
----------------
       11406


[INFO DRT-0195] Start 1st optimization iteration.
    Completing 10% with 225 violations.
    elapsed time = 00:00:00, memory = 575.40 (MB).
    Completing 20% with 225 violations.
    elapsed time = 00:00:00, memory = 577.76 (MB).
    Completing 30% with 171 violations.
    elapsed time = 00:00:00, memory = 580.69 (MB).
    Completing 40% with 171 violations.
    elapsed time = 00:00:00, memory = 582.95 (MB).
    Completing 50% with 171 violations.
    elapsed time = 00:00:00, memory = 583.31 (MB).
    Completing 60% with 118 violations.
    elapsed time = 00:00:01, memory = 587.16 (MB).
    Completing 70% with 118 violations.
    elapsed time = 00:00:01, memory = 587.16 (MB).
    Completing 80% with 90 violations.
    elapsed time = 00:00:01, memory = 587.16 (MB).
    Completing 90% with 90 violations.
    elapsed time = 00:00:01, memory = 592.76 (MB).
    Completing 100% with 51 violations.
    elapsed time = 00:00:01, memory = 595.56 (MB).
[INFO DRT-0199]   Number of violations = 51.
Viol/Layer      Metal1 Metal2 Metal3
Metal Spacing        2     10      0
Short                0     38      1
[INFO DRT-0267] cpu time = 00:00:23, elapsed time = 00:00:01, memory = 598.69 (MB), peak = 609.05 (MB)
Total wire length = 91180 um.
Total wire length on LAYER Metal1 = 0 um.
Total wire length on LAYER Metal2 = 48022 um.
Total wire length on LAYER Metal3 = 40595 um.
Total wire length on LAYER Metal4 = 1711 um.
Total wire length on LAYER Metal5 = 850 um.
Total number of vias = 11371.
Up-via summary (total 11371):

----------------
  Poly2        0
 Metal1     6034
 Metal2     5172
 Metal3      138
 Metal4       27
----------------
       11371


[INFO DRT-0195] Start 2nd optimization iteration.
    Completing 10% with 51 violations.
    elapsed time = 00:00:00, memory = 598.69 (MB).
    Completing 20% with 51 violations.
    elapsed time = 00:00:00, memory = 598.69 (MB).
    Completing 30% with 52 violations.
    elapsed time = 00:00:00, memory = 598.81 (MB).
    Completing 40% with 52 violations.
    elapsed time = 00:00:00, memory = 598.81 (MB).
    Completing 50% with 52 violations.
    elapsed time = 00:00:01, memory = 608.91 (MB).
    Completing 60% with 50 violations.
    elapsed time = 00:00:01, memory = 608.91 (MB).
    Completing 70% with 50 violations.
    elapsed time = 00:00:01, memory = 608.91 (MB).
    Completing 80% with 56 violations.
    elapsed time = 00:00:01, memory = 609.24 (MB).
    Completing 90% with 56 violations.
    elapsed time = 00:00:01, memory = 609.33 (MB).
    Completing 100% with 50 violations.
    elapsed time = 00:00:01, memory = 609.36 (MB).
[INFO DRT-0199]   Number of violations = 50.
Viol/Layer      Metal1 Metal2 Metal3
Metal Spacing        2      7      0
Short                0     40      1
[INFO DRT-0267] cpu time = 00:00:18, elapsed time = 00:00:01, memory = 609.36 (MB), peak = 619.93 (MB)
Total wire length = 91179 um.
Total wire length on LAYER Metal1 = 0 um.
Total wire length on LAYER Metal2 = 48077 um.
Total wire length on LAYER Metal3 = 40559 um.
Total wire length on LAYER Metal4 = 1697 um.
Total wire length on LAYER Metal5 = 844 um.
Total number of vias = 11357.
Up-via summary (total 11357):

----------------
  Poly2        0
 Metal1     6031
 Metal2     5158
 Metal3      141
 Metal4       27
----------------
       11357


[INFO DRT-0195] Start 3rd guides tiles iteration.
    Completing 10% with 50 violations.
    elapsed time = 00:00:00, memory = 609.43 (MB).
    Completing 20% with 50 violations.
    elapsed time = 00:00:00, memory = 609.43 (MB).
    Completing 30% with 50 violations.
    elapsed time = 00:00:00, memory = 609.43 (MB).
    Completing 40% with 50 violations.
    elapsed time = 00:00:00, memory = 609.43 (MB).
    Completing 50% with 50 violations.
    elapsed time = 00:00:00, memory = 609.43 (MB).
    Completing 60% with 2 violations.
    elapsed time = 00:00:00, memory = 609.43 (MB).
    Completing 70% with 2 violations.
    elapsed time = 00:00:00, memory = 609.43 (MB).
    Completing 80% with 2 violations.
    elapsed time = 00:00:00, memory = 609.43 (MB).
    Completing 90% with 2 violations.
    elapsed time = 00:00:00, memory = 609.43 (MB).
    Completing 100% with 0 violations.
    elapsed time = 00:00:00, memory = 610.00 (MB).
[INFO DRT-0199]   Number of violations = 0.
[INFO DRT-0267] cpu time = 00:00:07, elapsed time = 00:00:00, memory = 610.00 (MB), peak = 620.43 (MB)
Total wire length = 91159 um.
Total wire length on LAYER Metal1 = 0 um.
Total wire length on LAYER Metal2 = 47526 um.
Total wire length on LAYER Metal3 = 40582 um.
Total wire length on LAYER Metal4 = 2197 um.
Total wire length on LAYER Metal5 = 853 um.
Total number of vias = 11446.
Up-via summary (total 11446):

----------------
  Poly2        0
 Metal1     6027
 Metal2     5193
 Metal3      197
 Metal4       29
----------------
       11446


[INFO DRT-0198] Complete detail routing.
Total wire length = 91159 um.
Total wire length on LAYER Metal1 = 0 um.
Total wire length on LAYER Metal2 = 47526 um.
Total wire length on LAYER Metal3 = 40582 um.
Total wire length on LAYER Metal4 = 2197 um.
Total wire length on LAYER Metal5 = 853 um.
Total number of vias = 11446.
Up-via summary (total 11446):

----------------
  Poly2        0
 Metal1     6027
 Metal2     5193
 Metal3      197
 Metal4       29
----------------
       11446


[INFO DRT-0267] cpu time = 00:01:14, elapsed time = 00:00:06, memory = 610.12 (MB), peak = 620.43 (MB)

[INFO DRT-0180] Post processing.
+ check_antennas 
[INFO ANT-0002] Found 1 net violations.
[INFO ANT-0001] Found 1 pin violations.
[INFO] Running antenna repair iteration 1…
+ repair_antennas gf180mcu_fd_sc_mcu7t5v0__antenna -ratio_margin 10
[INFO GRT-0012] Found 1 antenna violations.
[INFO GRT-0015] Inserted 1 diodes.
+ detailed_route -droute_end_iter 64 -or_seed 42 -verbose 1 -output_drc /home/sahana/core5_udma/hardening/uart_top/runs/TRIAL_11/46-openroad-detailedrouting/drt-run-1/udma_uart_top.drc
[INFO DRT-0024]   Complete Poly2.
[INFO DRT-0024]   Complete CON.
[INFO DRT-0024]   Complete Metal1.
[INFO DRT-0024]   Complete Via1.
[INFO DRT-0024]   Complete Metal2.
[INFO DRT-0024]   Complete Via2.
[INFO DRT-0024]   Complete Metal3.
[INFO DRT-0024]   Complete Via3.
[INFO DRT-0024]   Complete Metal4.
[INFO DRT-0024]   Complete Via4.
[INFO DRT-0024]   Complete Metal5.
[INFO DRT-0165] Start pin access.
[INFO DRT-0076]   Complete 1000 pins.
[INFO DRT-0078]   Complete 1330 pins.
[INFO DRT-0079]   Complete 100 unique inst patterns.
[INFO DRT-0081]   Complete 171 unique inst patterns.
[INFO DRT-0084]   Complete 1357 groups.
#scanned instances     = 2991
#unique  instances     = 175
#stdCellGenAp          = 4168
#stdCellValidPlanarAp  = 0
#stdCellValidViaAp     = 3518
#stdCellPinNoAp        = 0
#stdCellPinCnt         = 5852
#instTermValidViaApCnt = 0
#macroGenAp            = 0
#macroValidPlanarAp    = 0
#macroValidViaAp       = 0
#macroNoAp             = 0
[INFO DRT-0166] Complete pin access.
[INFO DRT-0267] cpu time = 00:00:20, elapsed time = 00:00:01, memory = 611.69 (MB), peak = 620.43 (MB)

[INFO DRT-0157] Number of guides:     15323

[INFO DRT-0169] Post process guides.
[INFO DRT-0176] GCELLGRID X 0 DO 47 STEP 16800 ;
[INFO DRT-0177] GCELLGRID Y 0 DO 49 STEP 16800 ;
[INFO DRT-0028]   Complete Poly2.
[INFO DRT-0028]   Complete CON.
[INFO DRT-0028]   Complete Metal1.
[INFO DRT-0028]   Complete Via1.
[INFO DRT-0028]   Complete Metal2.
[INFO DRT-0028]   Complete Via2.
[INFO DRT-0028]   Complete Metal3.
[INFO DRT-0028]   Complete Via3.
[INFO DRT-0028]   Complete Metal4.
[INFO DRT-0028]   Complete Via4.
[INFO DRT-0028]   Complete Metal5.
[INFO DRT-0178] Init guide query.
[INFO DRT-0035]   Complete Poly2 (guide).
[INFO DRT-0035]   Complete CON (guide).
[INFO DRT-0035]   Complete Metal1 (guide).
[INFO DRT-0035]   Complete Via1 (guide).
[INFO DRT-0035]   Complete Metal2 (guide).
[INFO DRT-0035]   Complete Via2 (guide).
[INFO DRT-0035]   Complete Metal3 (guide).
[INFO DRT-0035]   Complete Via3 (guide).
[INFO DRT-0035]   Complete Metal4 (guide).
[INFO DRT-0035]   Complete Via4 (guide).
[INFO DRT-0035]   Complete Metal5 (guide).
[INFO DRT-0036] Poly2 guide region query size = 0.
[INFO DRT-0036] CON guide region query size = 0.
[INFO DRT-0036] Metal1 guide region query size = 5343.
[INFO DRT-0036] Via1 guide region query size = 0.
[INFO DRT-0036] Metal2 guide region query size = 4921.
[INFO DRT-0036] Via2 guide region query size = 0.
[INFO DRT-0036] Metal3 guide region query size = 2507.
[INFO DRT-0036] Via3 guide region query size = 0.
[INFO DRT-0036] Metal4 guide region query size = 54.
[INFO DRT-0036] Via4 guide region query size = 0.
[INFO DRT-0036] Metal5 guide region query size = 14.
[INFO DRT-0179] Init gr pin query.
[INFO DRT-0267] cpu time = 00:00:00, elapsed time = 00:00:00, memory = 611.69 (MB), peak = 620.43 (MB)
[INFO DRT-0245] skipped writing guide updates to database.
[INFO DRT-0185] Post process initialize RPin region query.
[INFO DRT-0181] Start track assignment.
[INFO DRT-0184] Done with 4975 vertical wires in 1 frboxes and 7864 horizontal wires in 1 frboxes.
[INFO DRT-0186] Done with 978 vertical wires in 1 frboxes and 874 horizontal wires in 1 frboxes.
[INFO DRT-0182] Complete track assignment.
[INFO DRT-0267] cpu time = 00:00:05, elapsed time = 00:00:00, memory = 611.69 (MB), peak = 620.43 (MB)
[INFO DRT-0187] Start routing data preparation.
[INFO DRT-0267] cpu time = 00:00:00, elapsed time = 00:00:00, memory = 611.69 (MB), peak = 620.43 (MB)
[INFO DRT-0194] Start detail routing.
[INFO DRT-0195] Start 0th optimization iteration.
    Completing 10% with 0 violations.
    elapsed time = 00:00:00, memory = 614.21 (MB).
    Completing 20% with 0 violations.
    elapsed time = 00:00:00, memory = 614.21 (MB).
    Completing 30% with 0 violations.
    elapsed time = 00:00:00, memory = 614.21 (MB).
    Completing 40% with 0 violations.
    elapsed time = 00:00:00, memory = 614.21 (MB).
    Completing 50% with 0 violations.
    elapsed time = 00:00:00, memory = 614.21 (MB).
    Completing 60% with 2 violations.
    elapsed time = 00:00:00, memory = 614.21 (MB).
    Completing 70% with 2 violations.
    elapsed time = 00:00:00, memory = 614.21 (MB).
    Completing 80% with 2 violations.
    elapsed time = 00:00:00, memory = 614.21 (MB).
    Completing 90% with 4 violations.
    elapsed time = 00:00:00, memory = 615.14 (MB).
    Completing 100% with 5 violations.
    elapsed time = 00:00:00, memory = 615.14 (MB).
[INFO DRT-0199]   Number of violations = 6.
Viol/Layer      Metal2
Metal Spacing        2
Recheck              1
Short                3
[INFO DRT-0267] cpu time = 00:00:16, elapsed time = 00:00:01, memory = 704.10 (MB), peak = 702.55 (MB)
Total wire length = 91152 um.
Total wire length on LAYER Metal1 = 0 um.
Total wire length on LAYER Metal2 = 47518 um.
Total wire length on LAYER Metal3 = 40583 um.
Total wire length on LAYER Metal4 = 2197 um.
Total wire length on LAYER Metal5 = 853 um.
Total number of vias = 11448.
Up-via summary (total 11448):

----------------
  Poly2        0
 Metal1     6028
 Metal2     5194
 Metal3      197
 Metal4       29
----------------
       11448


[INFO DRT-0195] Start 1st optimization iteration.
    Completing 10% with 6 violations.
    elapsed time = 00:00:00, memory = 704.10 (MB).
    Completing 20% with 6 violations.
    elapsed time = 00:00:00, memory = 704.10 (MB).
    Completing 30% with 5 violations.
    elapsed time = 00:00:00, memory = 704.10 (MB).
    Completing 40% with 5 violations.
    elapsed time = 00:00:00, memory = 704.10 (MB).
    Completing 50% with 5 violations.
    elapsed time = 00:00:00, memory = 704.10 (MB).
    Completing 60% with 5 violations.
    elapsed time = 00:00:00, memory = 704.10 (MB).
    Completing 70% with 5 violations.
    elapsed time = 00:00:00, memory = 704.10 (MB).
    Completing 80% with 5 violations.
    elapsed time = 00:00:00, memory = 704.10 (MB).
    Completing 90% with 5 violations.
    elapsed time = 00:00:00, memory = 705.83 (MB).
    Completing 100% with 3 violations.
    elapsed time = 00:00:00, memory = 705.83 (MB).
[INFO DRT-0199]   Number of violations = 3.
Viol/Layer      Metal2
Short                3
[INFO DRT-0267] cpu time = 00:00:16, elapsed time = 00:00:01, memory = 613.87 (MB), peak = 704.30 (MB)
Total wire length = 91152 um.
Total wire length on LAYER Metal1 = 0 um.
Total wire length on LAYER Metal2 = 47519 um.
Total wire length on LAYER Metal3 = 40582 um.
Total wire length on LAYER Metal4 = 2197 um.
Total wire length on LAYER Metal5 = 853 um.
Total number of vias = 11449.
Up-via summary (total 11449):

----------------
  Poly2        0
 Metal1     6028
 Metal2     5195
 Metal3      197
 Metal4       29
----------------
       11449


[INFO DRT-0195] Start 2nd optimization iteration.
    Completing 10% with 3 violations.
    elapsed time = 00:00:00, memory = 613.87 (MB).
    Completing 20% with 3 violations.
    elapsed time = 00:00:00, memory = 613.87 (MB).
    Completing 30% with 2 violations.
    elapsed time = 00:00:00, memory = 613.87 (MB).
    Completing 40% with 2 violations.
    elapsed time = 00:00:00, memory = 613.87 (MB).
    Completing 50% with 2 violations.
    elapsed time = 00:00:00, memory = 613.87 (MB).
    Completing 60% with 2 violations.
    elapsed time = 00:00:00, memory = 613.87 (MB).
    Completing 70% with 2 violations.
    elapsed time = 00:00:00, memory = 613.87 (MB).
    Completing 80% with 2 violations.
    elapsed time = 00:00:00, memory = 613.87 (MB).
    Completing 90% with 2 violations.
    elapsed time = 00:00:00, memory = 613.87 (MB).
    Completing 100% with 2 violations.
    elapsed time = 00:00:00, memory = 613.87 (MB).
[INFO DRT-0199]   Number of violations = 2.
Viol/Layer      Metal2
Short                2
[INFO DRT-0267] cpu time = 00:00:04, elapsed time = 00:00:00, memory = 705.84 (MB), peak = 704.30 (MB)
Total wire length = 91157 um.
Total wire length on LAYER Metal1 = 0 um.
Total wire length on LAYER Metal2 = 47525 um.
Total wire length on LAYER Metal3 = 40581 um.
Total wire length on LAYER Metal4 = 2197 um.
Total wire length on LAYER Metal5 = 853 um.
Total number of vias = 11450.
Up-via summary (total 11450):

----------------
  Poly2        0
 Metal1     6028
 Metal2     5196
 Metal3      197
 Metal4       29
----------------
       11450


[INFO DRT-0195] Start 3rd guides tiles iteration.
    Completing 50% with 2 violations.
    elapsed time = 00:00:00, memory = 705.84 (MB).
    Completing 100% with 0 violations.
    elapsed time = 00:00:00, memory = 705.84 (MB).
[INFO DRT-0199]   Number of violations = 0.
[INFO DRT-0267] cpu time = 00:00:01, elapsed time = 00:00:00, memory = 617.02 (MB), peak = 704.30 (MB)
Total wire length = 91156 um.
Total wire length on LAYER Metal1 = 0 um.
Total wire length on LAYER Metal2 = 47465 um.
Total wire length on LAYER Metal3 = 40584 um.
Total wire length on LAYER Metal4 = 2252 um.
Total wire length on LAYER Metal5 = 853 um.
Total number of vias = 11450.
Up-via summary (total 11450):

----------------
  Poly2        0
 Metal1     6027
 Metal2     5194
 Metal3      200
 Metal4       29
----------------
       11450


[INFO DRT-0198] Complete detail routing.
Total wire length = 91156 um.
Total wire length on LAYER Metal1 = 0 um.
Total wire length on LAYER Metal2 = 47465 um.
Total wire length on LAYER Metal3 = 40584 um.
Total wire length on LAYER Metal4 = 2252 um.
Total wire length on LAYER Metal5 = 853 um.
Total number of vias = 11450.
Up-via summary (total 11450):

----------------
  Poly2        0
 Metal1     6027
 Metal2     5194
 Metal3      200
 Metal4       29
----------------
       11450


[INFO DRT-0267] cpu time = 00:00:39, elapsed time = 00:00:02, memory = 617.08 (MB), peak = 704.30 (MB)

[INFO DRT-0180] Post processing.
+ check_antennas 
[INFO ANT-0002] Found 0 net violations.
[INFO ANT-0001] Found 0 pin violations.
Setting global connections for newly added cells…
[INFO] Setting global connections...
[INFO ODB-0403] 4 connections made, 0 conflicts skipped.
Updating metrics…
Cell type report:                       Count       Area
  Endcap cell                             194     851.74
  Tap cell                                942    4135.76
  Antenna cell                              1       4.39
  Tie cell                                 33     289.77
  Clock buffer                            120    9931.08
  Timing Repair Buffer                    450   17730.63
  Inverter                                 69     610.27
  Sequential cell                         339   25468.71
  Multi-Input combinational cell          843   18863.35
  Total                                  2991   77885.70
Writing OpenROAD database to '/home/sahana/core5_udma/hardening/uart_top/runs/TRIAL_11/46-openroad-detailedrouting/udma_uart_top.odb'…
Writing netlist to '/home/sahana/core5_udma/hardening/uart_top/runs/TRIAL_11/46-openroad-detailedrouting/udma_uart_top.nl.v'…
Writing powered netlist to '/home/sahana/core5_udma/hardening/uart_top/runs/TRIAL_11/46-openroad-detailedrouting/udma_uart_top.pnl.v'…
Writing layout to '/home/sahana/core5_udma/hardening/uart_top/runs/TRIAL_11/46-openroad-detailedrouting/udma_uart_top.def'…
Writing timing constraints to '/home/sahana/core5_udma/hardening/uart_top/runs/TRIAL_11/46-openroad-detailedrouting/udma_uart_top.sdc'…
