
 /----------------------------------------------------------------------------\
 |  yosys -- Yosys Open SYnthesis Suite                                       |
 |  Copyright (C) 2012 - 2026  Claire Xenia Wolf <claire@yosyshq.com>         |
 |  Distributed under an ISC-like license, type "license" to see terms        |
 \----------------------------------------------------------------------------/
 Yosys 0.62 (git sha1 7326bb7d6641500ecb285c291a54a662cb1e76cf, clang++ 21.1.2 -fPIC -O3)

1. Executing Liberty frontend: /home/sahana/.ciel/gf180mcuD/libs.ref/gf180mcu_fd_sc_mcu7t5v0/lib/gf180mcu_fd_sc_mcu7t5v0__tt_025C_5v00.lib
Imported 229 cell types from liberty file.
[INFO] Using SDC file '/mnt/c/Users/sahan/projects/SystemVerilog/Schulich-On-Chip-Rkive/my core 5 mcu/uDMA/hardening/uart_tx/runs/RUN_2026-07-25_16-47-15/06-yosys-synthesis/synthesis.abc.sdc' for ABC…wtaf

2. Executing Verilog-2005 frontend: /mnt/c/Users/sahan/projects/SystemVerilog/Schulich-On-Chip-Rkive/my core 5 mcu/uDMA/udma_uart/rtl/udma_uart_tx.sv
Parsing SystemVerilog input from `/mnt/c/Users/sahan/projects/SystemVerilog/Schulich-On-Chip-Rkive/my core 5 mcu/uDMA/udma_uart/rtl/udma_uart_tx.sv' to AST representation.
Storing AST representation for module `$abstract\udma_uart_tx'.
Successfully finished Verilog frontend.

3. Executing HIERARCHY pass (managing design hierarchy).

4. Executing AST frontend in derive mode using pre-parsed AST for module `\udma_uart_tx'.
Generating RTLIL representation for module `\udma_uart_tx'.

4.1. Analyzing design hierarchy..
Top module:  \udma_uart_tx

4.2. Analyzing design hierarchy..
Top module:  \udma_uart_tx
Removing unused module `$abstract\udma_uart_tx'.
Removed 1 unused modules.
Renaming module udma_uart_tx to udma_uart_tx.

5. Executing ATTRMAP pass (move or copy attributes).

6. Executing HIERARCHY pass (managing design hierarchy).

6.1. Analyzing design hierarchy..
Top module:  \udma_uart_tx

6.2. Analyzing design hierarchy..
Top module:  \udma_uart_tx
Removed 0 unused modules.

7. Executing PROC_CLEAN pass (remove empty switches from decision trees).
Cleaned up 0 empty switches.

8. Executing PROC_RMDEAD pass (remove dead branches from decision trees).
Marked 3 switch rules as full_case in process $proc$/mnt/c/Users/sahan/projects/SystemVerilog/Schulich-On-Chip-Rkive/my$20core$205$20mcu/uDMA/udma_uart/rtl/udma_uart_tx.sv:192$9 in module udma_uart_tx.
Marked 2 switch rules as full_case in process $proc$/mnt/c/Users/sahan/projects/SystemVerilog/Schulich-On-Chip-Rkive/my$20core$205$20mcu/uDMA/udma_uart/rtl/udma_uart_tx.sv:163$7 in module udma_uart_tx.
Marked 11 switch rules as full_case in process $proc$/mnt/c/Users/sahan/projects/SystemVerilog/Schulich-On-Chip-Rkive/my$20core$205$20mcu/uDMA/udma_uart/rtl/udma_uart_tx.sv:71$3 in module udma_uart_tx.
Removed 1 dead cases from process $proc$/mnt/c/Users/sahan/projects/SystemVerilog/Schulich-On-Chip-Rkive/my$20core$205$20mcu/uDMA/udma_uart/rtl/udma_uart_tx.sv:57$2 in module udma_uart_tx.
Marked 1 switch rules as full_case in process $proc$/mnt/c/Users/sahan/projects/SystemVerilog/Schulich-On-Chip-Rkive/my$20core$205$20mcu/uDMA/udma_uart/rtl/udma_uart_tx.sv:57$2 in module udma_uart_tx.
Removed a total of 1 dead cases.

9. Executing PROC_PRUNE pass (remove redundant assignments in processes).
Removed 4 redundant assignments.
Promoted 9 assignments to connections.

10. Executing PROC_INIT pass (extract init attributes).

11. Executing PROC_ARST pass (detect async resets in processes).
Found async reset \rstn_i in `\udma_uart_tx.$proc$/mnt/c/Users/sahan/projects/SystemVerilog/Schulich-On-Chip-Rkive/my$20core$205$20mcu/uDMA/udma_uart/rtl/udma_uart_tx.sv:192$9'.
Found async reset \rstn_i in `\udma_uart_tx.$proc$/mnt/c/Users/sahan/projects/SystemVerilog/Schulich-On-Chip-Rkive/my$20core$205$20mcu/uDMA/udma_uart/rtl/udma_uart_tx.sv:163$7'.

12. Executing PROC_ROM pass (convert switches to ROMs).
Converted 0 switches.
<suppressed ~17 debug messages>

13. Executing PROC_MUX pass (convert decision trees to multiplexers).
Creating decoders for process `\udma_uart_tx.$proc$/mnt/c/Users/sahan/projects/SystemVerilog/Schulich-On-Chip-Rkive/my$20core$205$20mcu/uDMA/udma_uart/rtl/udma_uart_tx.sv:192$9'.
     1/2: $0\bit_done[0:0]
     2/2: $0\baud_cnt[15:0]
Creating decoders for process `\udma_uart_tx.$proc$/mnt/c/Users/sahan/projects/SystemVerilog/Schulich-On-Chip-Rkive/my$20core$205$20mcu/uDMA/udma_uart/rtl/udma_uart_tx.sv:163$7'.
     1/4: $0\CS[2:0]
     2/4: $0\reg_bit_count[2:0]
     3/4: $0\parity_bit[0:0]
     4/4: $0\reg_data[7:0]
Creating decoders for process `\udma_uart_tx.$proc$/mnt/c/Users/sahan/projects/SystemVerilog/Schulich-On-Chip-Rkive/my$20core$205$20mcu/uDMA/udma_uart/rtl/udma_uart_tx.sv:71$3'.
     1/24: $10\NS[2:0]
     2/24: $9\NS[2:0]
     3/24: $8\NS[2:0]
     4/24: $7\NS[2:0]
     5/24: $6\NS[2:0]
     6/24: $5\NS[2:0]
     7/24: $3\reg_bit_count_next[2:0]
     8/24: $4\sampleData[0:0]
     9/24: $3\sampleData[0:0]
    10/24: $2\reg_bit_count_next[2:0]
    11/24: $4\NS[2:0]
    12/24: $3\NS[2:0]
    13/24: $2\reg_data_next[7:0]
    14/24: $2\sampleData[0:0]
    15/24: $2\NS[2:0]
    16/24: $2\tx_ready_o[0:0]
    17/24: $1\sampleData[0:0]
    18/24: $1\reg_data_next[7:0]
    19/24: $1\NS[2:0]
    20/24: $1\tx_ready_o[0:0]
    21/24: $1\baudgen_en[0:0]
    22/24: $1\parity_bit_next[0:0]
    23/24: $1\reg_bit_count_next[2:0]
    24/24: $1\tx_o[0:0]
Creating decoders for process `\udma_uart_tx.$proc$/mnt/c/Users/sahan/projects/SystemVerilog/Schulich-On-Chip-Rkive/my$20core$205$20mcu/uDMA/udma_uart/rtl/udma_uart_tx.sv:57$2'.
     1/1: $1\s_target_bits[2:0]

14. Executing PROC_DLATCH pass (convert process syncs to latches).
No latch inferred for signal `\udma_uart_tx.\tx_o' from process `\udma_uart_tx.$proc$/mnt/c/Users/sahan/projects/SystemVerilog/Schulich-On-Chip-Rkive/my$20core$205$20mcu/uDMA/udma_uart/rtl/udma_uart_tx.sv:71$3'.
No latch inferred for signal `\udma_uart_tx.\tx_ready_o' from process `\udma_uart_tx.$proc$/mnt/c/Users/sahan/projects/SystemVerilog/Schulich-On-Chip-Rkive/my$20core$205$20mcu/uDMA/udma_uart/rtl/udma_uart_tx.sv:71$3'.
No latch inferred for signal `\udma_uart_tx.\NS' from process `\udma_uart_tx.$proc$/mnt/c/Users/sahan/projects/SystemVerilog/Schulich-On-Chip-Rkive/my$20core$205$20mcu/uDMA/udma_uart/rtl/udma_uart_tx.sv:71$3'.
No latch inferred for signal `\udma_uart_tx.\reg_data_next' from process `\udma_uart_tx.$proc$/mnt/c/Users/sahan/projects/SystemVerilog/Schulich-On-Chip-Rkive/my$20core$205$20mcu/uDMA/udma_uart/rtl/udma_uart_tx.sv:71$3'.
No latch inferred for signal `\udma_uart_tx.\reg_bit_count_next' from process `\udma_uart_tx.$proc$/mnt/c/Users/sahan/projects/SystemVerilog/Schulich-On-Chip-Rkive/my$20core$205$20mcu/uDMA/udma_uart/rtl/udma_uart_tx.sv:71$3'.
No latch inferred for signal `\udma_uart_tx.\parity_bit_next' from process `\udma_uart_tx.$proc$/mnt/c/Users/sahan/projects/SystemVerilog/Schulich-On-Chip-Rkive/my$20core$205$20mcu/uDMA/udma_uart/rtl/udma_uart_tx.sv:71$3'.
No latch inferred for signal `\udma_uart_tx.\sampleData' from process `\udma_uart_tx.$proc$/mnt/c/Users/sahan/projects/SystemVerilog/Schulich-On-Chip-Rkive/my$20core$205$20mcu/uDMA/udma_uart/rtl/udma_uart_tx.sv:71$3'.
No latch inferred for signal `\udma_uart_tx.\baudgen_en' from process `\udma_uart_tx.$proc$/mnt/c/Users/sahan/projects/SystemVerilog/Schulich-On-Chip-Rkive/my$20core$205$20mcu/uDMA/udma_uart/rtl/udma_uart_tx.sv:71$3'.
No latch inferred for signal `\udma_uart_tx.\s_target_bits' from process `\udma_uart_tx.$proc$/mnt/c/Users/sahan/projects/SystemVerilog/Schulich-On-Chip-Rkive/my$20core$205$20mcu/uDMA/udma_uart/rtl/udma_uart_tx.sv:57$2'.

15. Executing PROC_DFF pass (convert process syncs to FFs).
Creating register for signal `\udma_uart_tx.\baud_cnt' using process `\udma_uart_tx.$proc$/mnt/c/Users/sahan/projects/SystemVerilog/Schulich-On-Chip-Rkive/my$20core$205$20mcu/uDMA/udma_uart/rtl/udma_uart_tx.sv:192$9'.
  created $adff cell `$procdff$262' with positive edge clock and positive level reset.
Creating register for signal `\udma_uart_tx.\bit_done' using process `\udma_uart_tx.$proc$/mnt/c/Users/sahan/projects/SystemVerilog/Schulich-On-Chip-Rkive/my$20core$205$20mcu/uDMA/udma_uart/rtl/udma_uart_tx.sv:192$9'.
  created $adff cell `$procdff$267' with positive edge clock and positive level reset.
Creating register for signal `\udma_uart_tx.\CS' using process `\udma_uart_tx.$proc$/mnt/c/Users/sahan/projects/SystemVerilog/Schulich-On-Chip-Rkive/my$20core$205$20mcu/uDMA/udma_uart/rtl/udma_uart_tx.sv:163$7'.
  created $adff cell `$procdff$272' with positive edge clock and positive level reset.
Creating register for signal `\udma_uart_tx.\reg_data' using process `\udma_uart_tx.$proc$/mnt/c/Users/sahan/projects/SystemVerilog/Schulich-On-Chip-Rkive/my$20core$205$20mcu/uDMA/udma_uart/rtl/udma_uart_tx.sv:163$7'.
  created $adff cell `$procdff$277' with positive edge clock and positive level reset.
Creating register for signal `\udma_uart_tx.\reg_bit_count' using process `\udma_uart_tx.$proc$/mnt/c/Users/sahan/projects/SystemVerilog/Schulich-On-Chip-Rkive/my$20core$205$20mcu/uDMA/udma_uart/rtl/udma_uart_tx.sv:163$7'.
  created $adff cell `$procdff$282' with positive edge clock and positive level reset.
Creating register for signal `\udma_uart_tx.\parity_bit' using process `\udma_uart_tx.$proc$/mnt/c/Users/sahan/projects/SystemVerilog/Schulich-On-Chip-Rkive/my$20core$205$20mcu/uDMA/udma_uart/rtl/udma_uart_tx.sv:163$7'.
  created $adff cell `$procdff$287' with positive edge clock and positive level reset.

16. Executing PROC_MEMWR pass (convert process memory writes to cells).

17. Executing PROC_CLEAN pass (remove empty switches from decision trees).
Found and cleaned up 2 empty switches in `\udma_uart_tx.$proc$/mnt/c/Users/sahan/projects/SystemVerilog/Schulich-On-Chip-Rkive/my$20core$205$20mcu/uDMA/udma_uart/rtl/udma_uart_tx.sv:192$9'.
Removing empty process `udma_uart_tx.$proc$/mnt/c/Users/sahan/projects/SystemVerilog/Schulich-On-Chip-Rkive/my$20core$205$20mcu/uDMA/udma_uart/rtl/udma_uart_tx.sv:192$9'.
Found and cleaned up 3 empty switches in `\udma_uart_tx.$proc$/mnt/c/Users/sahan/projects/SystemVerilog/Schulich-On-Chip-Rkive/my$20core$205$20mcu/uDMA/udma_uart/rtl/udma_uart_tx.sv:163$7'.
Removing empty process `udma_uart_tx.$proc$/mnt/c/Users/sahan/projects/SystemVerilog/Schulich-On-Chip-Rkive/my$20core$205$20mcu/uDMA/udma_uart/rtl/udma_uart_tx.sv:163$7'.
Found and cleaned up 11 empty switches in `\udma_uart_tx.$proc$/mnt/c/Users/sahan/projects/SystemVerilog/Schulich-On-Chip-Rkive/my$20core$205$20mcu/uDMA/udma_uart/rtl/udma_uart_tx.sv:71$3'.
Removing empty process `udma_uart_tx.$proc$/mnt/c/Users/sahan/projects/SystemVerilog/Schulich-On-Chip-Rkive/my$20core$205$20mcu/uDMA/udma_uart/rtl/udma_uart_tx.sv:71$3'.
Found and cleaned up 1 empty switch in `\udma_uart_tx.$proc$/mnt/c/Users/sahan/projects/SystemVerilog/Schulich-On-Chip-Rkive/my$20core$205$20mcu/uDMA/udma_uart/rtl/udma_uart_tx.sv:57$2'.
Removing empty process `udma_uart_tx.$proc$/mnt/c/Users/sahan/projects/SystemVerilog/Schulich-On-Chip-Rkive/my$20core$205$20mcu/uDMA/udma_uart/rtl/udma_uart_tx.sv:57$2'.
Cleaned up 17 empty switches.

18. Executing CHECK pass (checking for obvious problems).
Checking module udma_uart_tx...
Found and reported 0 problems.

19. Executing OPT_EXPR pass (perform const folding).
Optimizing module udma_uart_tx.
<suppressed ~24 debug messages>

20. Executing FLATTEN pass (flatten design).

21. Executing OPT_EXPR pass (perform const folding).
Optimizing module udma_uart_tx.

22. Executing OPT_CLEAN pass (remove unused cells and wires).
Finding unused cells or wires in module \udma_uart_tx..
Removed 8 unused cells and 93 unused wires.
<suppressed ~9 debug messages>

23. Executing OPT_EXPR pass (perform const folding).
Optimizing module udma_uart_tx.

24. Executing OPT_MERGE pass (detect identical cells).
Finding identical cells in module `\udma_uart_tx'.
Computing hashes of 107 cells of `\udma_uart_tx'.
Finding duplicate cells in `\udma_uart_tx'.
Computing hashes of 76 cells of `\udma_uart_tx'.
Finding duplicate cells in `\udma_uart_tx'.
<suppressed ~93 debug messages>
Removed a total of 31 cells.

25. Executing OPT_MUXTREE pass (detect dead branches in mux trees).
Running muxtree optimizer on module \udma_uart_tx..
  Creating internal representation of mux trees.
  Evaluating internal representation of mux trees.
  Analyzing evaluation results.
    dead port 2/2 on $mux $procmux$160.
    dead port 2/2 on $mux $procmux$171.
    dead port 2/2 on $mux $procmux$182.
    dead port 2/2 on $mux $procmux$193.
    dead port 2/2 on $mux $procmux$100.
    dead port 2/2 on $mux $procmux$110.
    dead port 2/2 on $mux $procmux$112.
    dead port 2/2 on $mux $procmux$121.
    dead port 2/2 on $mux $procmux$130.
    dead port 2/2 on $mux $procmux$139.
    dead port 2/2 on $mux $procmux$36.
    dead port 2/2 on $mux $procmux$44.
    dead port 2/2 on $mux $procmux$46.
    dead port 2/2 on $mux $procmux$53.
    dead port 2/2 on $mux $procmux$149.
    dead port 2/2 on $mux $procmux$61.
    dead port 2/2 on $mux $procmux$72.
    dead port 2/2 on $mux $procmux$74.
    dead port 2/2 on $mux $procmux$76.
    dead port 2/2 on $mux $procmux$86.
    dead port 2/2 on $mux $procmux$88.
    dead port 2/2 on $mux $procmux$98.
Removed 22 multiplexer ports.
<suppressed ~65 debug messages>

26. Executing OPT_REDUCE pass (consolidate $*mux and $reduce_* inputs).
  Optimizing cells in module \udma_uart_tx.
    New ctrl vector for $pmux cell $procmux$227: $auto$opt_reduce.cc:137:opt_pmux$289
  Optimizing cells in module \udma_uart_tx.
Performed a total of 1 changes.

27. Executing OPT_MERGE pass (detect identical cells).
Finding identical cells in module `\udma_uart_tx'.
Computing hashes of 55 cells of `\udma_uart_tx'.
Finding duplicate cells in `\udma_uart_tx'.
Removed a total of 0 cells.

28. Executing OPT_DFF pass (perform DFF optimizations).

29. Executing OPT_CLEAN pass (remove unused cells and wires).
Finding unused cells or wires in module \udma_uart_tx..
Removed 0 unused cells and 53 unused wires.
<suppressed ~1 debug messages>

30. Executing OPT_EXPR pass (perform const folding).
Optimizing module udma_uart_tx.

31. Rerunning OPT passes. (Maybe there is more to do…)

32. Executing OPT_MUXTREE pass (detect dead branches in mux trees).
Running muxtree optimizer on module \udma_uart_tx..
  Creating internal representation of mux trees.
  Evaluating internal representation of mux trees.
  Analyzing evaluation results.
Removed 0 multiplexer ports.
<suppressed ~43 debug messages>

33. Executing OPT_REDUCE pass (consolidate $*mux and $reduce_* inputs).
  Optimizing cells in module \udma_uart_tx.
Performed a total of 0 changes.

34. Executing OPT_MERGE pass (detect identical cells).
Finding identical cells in module `\udma_uart_tx'.
Computing hashes of 55 cells of `\udma_uart_tx'.
Finding duplicate cells in `\udma_uart_tx'.
Removed a total of 0 cells.

35. Executing OPT_DFF pass (perform DFF optimizations).

36. Executing OPT_CLEAN pass (remove unused cells and wires).
Finding unused cells or wires in module \udma_uart_tx..

37. Executing OPT_EXPR pass (perform const folding).
Optimizing module udma_uart_tx.

38. Executing FSM pass (extract and optimize FSM).

38.1. Executing FSM_DETECT pass (finding FSMs in design).
Not marking udma_uart_tx.CS as FSM state register:
    Users of register don't seem to benefit from recoding.

38.2. Executing FSM_EXTRACT pass (extracting FSM from design).

38.3. Executing FSM_OPT pass (simple optimizations of FSMs).

38.4. Executing OPT_CLEAN pass (remove unused cells and wires).
Finding unused cells or wires in module \udma_uart_tx..

38.5. Executing FSM_OPT pass (simple optimizations of FSMs).

38.6. Executing FSM_RECODE pass (re-assigning FSM state encoding).

38.7. Executing FSM_INFO pass (dumping all available information on FSM cells).

38.8. Executing FSM_MAP pass (mapping FSMs to basic logic).

39. Executing OPT_EXPR pass (perform const folding).
Optimizing module udma_uart_tx.

40. Executing OPT_MERGE pass (detect identical cells).
Finding identical cells in module `\udma_uart_tx'.
Computing hashes of 55 cells of `\udma_uart_tx'.
Finding duplicate cells in `\udma_uart_tx'.
Removed a total of 0 cells.

41. Executing OPT_MUXTREE pass (detect dead branches in mux trees).
Running muxtree optimizer on module \udma_uart_tx..
  Creating internal representation of mux trees.
  Evaluating internal representation of mux trees.
  Analyzing evaluation results.
Removed 0 multiplexer ports.
<suppressed ~43 debug messages>

42. Executing OPT_REDUCE pass (consolidate $*mux and $reduce_* inputs).
  Optimizing cells in module \udma_uart_tx.
Performed a total of 0 changes.

43. Executing OPT_MERGE pass (detect identical cells).
Finding identical cells in module `\udma_uart_tx'.
Computing hashes of 55 cells of `\udma_uart_tx'.
Finding duplicate cells in `\udma_uart_tx'.
Removed a total of 0 cells.

44. Executing OPT_DFF pass (perform DFF optimizations).
Adding EN signal on $procdff$287 ($adff) from module udma_uart_tx (D = \parity_bit_next, Q = \parity_bit).
Adding EN signal on $procdff$282 ($adff) from module udma_uart_tx (D = $3\reg_bit_count_next[2:0], Q = \reg_bit_count).
Adding EN signal on $procdff$277 ($adff) from module udma_uart_tx (D = \reg_data_next, Q = \reg_data).
Adding EN signal on $procdff$272 ($adff) from module udma_uart_tx (D = $0\CS[2:0], Q = \CS).

45. Executing OPT_CLEAN pass (remove unused cells and wires).
Finding unused cells or wires in module \udma_uart_tx..
Removed 4 unused cells and 4 unused wires.
<suppressed ~6 debug messages>

46. Executing OPT_EXPR pass (perform const folding).
Optimizing module udma_uart_tx.
<suppressed ~1 debug messages>

47. Rerunning OPT passes. (Maybe there is more to do…)

48. Executing OPT_MUXTREE pass (detect dead branches in mux trees).
Running muxtree optimizer on module \udma_uart_tx..
  Creating internal representation of mux trees.
  Evaluating internal representation of mux trees.
  Analyzing evaluation results.
Removed 0 multiplexer ports.
<suppressed ~39 debug messages>

49. Executing OPT_REDUCE pass (consolidate $*mux and $reduce_* inputs).
  Optimizing cells in module \udma_uart_tx.
Performed a total of 0 changes.

50. Executing OPT_MERGE pass (detect identical cells).
Finding identical cells in module `\udma_uart_tx'.
Computing hashes of 62 cells of `\udma_uart_tx'.
Finding duplicate cells in `\udma_uart_tx'.
Removed a total of 0 cells.

51. Executing OPT_DFF pass (perform DFF optimizations).

52. Executing OPT_CLEAN pass (remove unused cells and wires).
Finding unused cells or wires in module \udma_uart_tx..

53. Executing OPT_EXPR pass (perform const folding).
Optimizing module udma_uart_tx.

54. Executing WREDUCE pass (reducing word size of cells).
Removed top 31 bits (of 32) from port B of cell udma_uart_tx.$add$/mnt/c/Users/sahan/projects/SystemVerilog/Schulich-On-Chip-Rkive/my$20core$205$20mcu/uDMA/udma_uart/rtl/udma_uart_tx.sv:124$6 ($add).
Removed top 29 bits (of 32) from port Y of cell udma_uart_tx.$add$/mnt/c/Users/sahan/projects/SystemVerilog/Schulich-On-Chip-Rkive/my$20core$205$20mcu/uDMA/udma_uart/rtl/udma_uart_tx.sv:124$6 ($add).
Removed top 31 bits (of 32) from port B of cell udma_uart_tx.$add$/mnt/c/Users/sahan/projects/SystemVerilog/Schulich-On-Chip-Rkive/my$20core$205$20mcu/uDMA/udma_uart/rtl/udma_uart_tx.sv:210$12 ($add).
Removed top 16 bits (of 32) from port Y of cell udma_uart_tx.$add$/mnt/c/Users/sahan/projects/SystemVerilog/Schulich-On-Chip-Rkive/my$20core$205$20mcu/uDMA/udma_uart/rtl/udma_uart_tx.sv:210$12 ($add).
Removed top 1 bits (of 3) from port B of cell udma_uart_tx.$procmux$101_CMP0 ($eq).
Removed top 2 bits (of 3) from port B of cell udma_uart_tx.$procmux$150_CMP0 ($eq).
Removed top 1 bits (of 3) from port B of cell udma_uart_tx.$procmux$214_CMP0 ($eq).
Removed top 1 bits (of 2) from port B of cell udma_uart_tx.$procmux$256_CMP0 ($eq).
Removed top 29 bits (of 32) from wire udma_uart_tx.$add$/mnt/c/Users/sahan/projects/SystemVerilog/Schulich-On-Chip-Rkive/my$20core$205$20mcu/uDMA/udma_uart/rtl/udma_uart_tx.sv:124$6_Y.
Removed top 16 bits (of 32) from wire udma_uart_tx.$add$/mnt/c/Users/sahan/projects/SystemVerilog/Schulich-On-Chip-Rkive/my$20core$205$20mcu/uDMA/udma_uart/rtl/udma_uart_tx.sv:210$12_Y.
Removed top 1 bits (of 3) from wire udma_uart_tx.reg_bit_count.

55. Executing PEEPOPT pass (run peephole optimizers).

56. Executing OPT_CLEAN pass (remove unused cells and wires).
Finding unused cells or wires in module \udma_uart_tx..
Removed 0 unused cells and 2 unused wires.
<suppressed ~1 debug messages>

57. Executing ALUMACC pass (create $alu and $macc cells).
Extracting $alu and $macc cells in module udma_uart_tx:
  creating $macc model for $add$/mnt/c/Users/sahan/projects/SystemVerilog/Schulich-On-Chip-Rkive/my$20core$205$20mcu/uDMA/udma_uart/rtl/udma_uart_tx.sv:124$6 ($add).
  creating $macc model for $add$/mnt/c/Users/sahan/projects/SystemVerilog/Schulich-On-Chip-Rkive/my$20core$205$20mcu/uDMA/udma_uart/rtl/udma_uart_tx.sv:210$12 ($add).
  creating $alu model for $macc $add$/mnt/c/Users/sahan/projects/SystemVerilog/Schulich-On-Chip-Rkive/my$20core$205$20mcu/uDMA/udma_uart/rtl/udma_uart_tx.sv:210$12.
  creating $alu model for $macc $add$/mnt/c/Users/sahan/projects/SystemVerilog/Schulich-On-Chip-Rkive/my$20core$205$20mcu/uDMA/udma_uart/rtl/udma_uart_tx.sv:124$6.
  creating $alu cell for $add$/mnt/c/Users/sahan/projects/SystemVerilog/Schulich-On-Chip-Rkive/my$20core$205$20mcu/uDMA/udma_uart/rtl/udma_uart_tx.sv:124$6: $auto$alumacc.cc:512:replace_alu$319
  creating $alu cell for $add$/mnt/c/Users/sahan/projects/SystemVerilog/Schulich-On-Chip-Rkive/my$20core$205$20mcu/uDMA/udma_uart/rtl/udma_uart_tx.sv:210$12: $auto$alumacc.cc:512:replace_alu$322
  created 2 $alu and 0 $macc cells.

58. Executing SHARE pass (SAT-based resource sharing).

59. Executing OPT_EXPR pass (perform const folding).
Optimizing module udma_uart_tx.

60. Executing OPT_MERGE pass (detect identical cells).
Finding identical cells in module `\udma_uart_tx'.
Computing hashes of 62 cells of `\udma_uart_tx'.
Finding duplicate cells in `\udma_uart_tx'.
Removed a total of 0 cells.

61. Executing OPT_MUXTREE pass (detect dead branches in mux trees).
Running muxtree optimizer on module \udma_uart_tx..
  Creating internal representation of mux trees.
  Evaluating internal representation of mux trees.
  Analyzing evaluation results.
Removed 0 multiplexer ports.
<suppressed ~39 debug messages>

62. Executing OPT_REDUCE pass (consolidate $*mux and $reduce_* inputs).
  Optimizing cells in module \udma_uart_tx.
Performed a total of 0 changes.

63. Executing OPT_MERGE pass (detect identical cells).
Finding identical cells in module `\udma_uart_tx'.
Computing hashes of 62 cells of `\udma_uart_tx'.
Finding duplicate cells in `\udma_uart_tx'.
Removed a total of 0 cells.

64. Executing OPT_DFF pass (perform DFF optimizations).

65. Executing OPT_CLEAN pass (remove unused cells and wires).
Finding unused cells or wires in module \udma_uart_tx..

66. Executing OPT_EXPR pass (perform const folding).
Optimizing module udma_uart_tx.

67. Executing MEMORY pass.

67.1. Executing OPT_MEM pass (optimize memories).
Performed a total of 0 transformations.

67.2. Executing OPT_MEM_PRIORITY pass (removing unnecessary memory write priority relations).
Performed a total of 0 transformations.

67.3. Executing OPT_MEM_FEEDBACK pass (finding memory read-to-write feedback paths).

67.4. Executing MEMORY_BMUX2ROM pass (converting muxes to ROMs).

67.5. Executing MEMORY_DFF pass (merging $dff cells to $memrd).

67.6. Executing OPT_CLEAN pass (remove unused cells and wires).
Finding unused cells or wires in module \udma_uart_tx..

67.7. Executing MEMORY_SHARE pass (consolidating $memrd/$memwr cells).

67.8. Executing OPT_MEM_WIDEN pass (optimize memories where all ports are wide).
Performed a total of 0 transformations.

67.9. Executing OPT_CLEAN pass (remove unused cells and wires).
Finding unused cells or wires in module \udma_uart_tx..

67.10. Executing MEMORY_COLLECT pass (generating $mem cells).

68. Executing OPT_CLEAN pass (remove unused cells and wires).
Finding unused cells or wires in module \udma_uart_tx..

69. Executing OPT_EXPR pass (perform const folding).
Optimizing module udma_uart_tx.
<suppressed ~18 debug messages>

70. Executing OPT_MERGE pass (detect identical cells).
Finding identical cells in module `\udma_uart_tx'.
Computing hashes of 51 cells of `\udma_uart_tx'.
Finding duplicate cells in `\udma_uart_tx'.
Removed a total of 0 cells.

71. Executing OPT_DFF pass (perform DFF optimizations).

72. Executing OPT_CLEAN pass (remove unused cells and wires).
Finding unused cells or wires in module \udma_uart_tx..
Removed 1 unused cells and 12 unused wires.
<suppressed ~2 debug messages>

73. Executing MEMORY_MAP pass (converting memories to logic and flip-flops).

74. Executing OPT_EXPR pass (perform const folding).
Optimizing module udma_uart_tx.

75. Executing OPT_MERGE pass (detect identical cells).
Finding identical cells in module `\udma_uart_tx'.
Computing hashes of 50 cells of `\udma_uart_tx'.
Finding duplicate cells in `\udma_uart_tx'.
Removed a total of 0 cells.

76. Executing OPT_MUXTREE pass (detect dead branches in mux trees).
Running muxtree optimizer on module \udma_uart_tx..
  Creating internal representation of mux trees.
  Evaluating internal representation of mux trees.
  Analyzing evaluation results.
Removed 0 multiplexer ports.
<suppressed ~19 debug messages>

77. Executing OPT_REDUCE pass (consolidate $*mux and $reduce_* inputs).
  Optimizing cells in module \udma_uart_tx.
    New ctrl vector for $pmux cell $procmux$211: { $procmux$161_CMP $procmux$150_CMP $procmux$101_CMP $procmux$214_CMP $procmux$213_CMP }
    Consolidated identical input bits for $pmux cell $procmux$253:
      Old ports: A=3'100, B=9'101110111, Y=\s_target_bits
      New ports: A=2'00, B=6'011011, Y=\s_target_bits [1:0]
      New connections: \s_target_bits [2] = 1'1
    Consolidated identical input bits for $mux cell $procmux$42:
      Old ports: A=3'000, B=3'101, Y=$8\NS[2:0]
      New ports: A=1'0, B=1'1, Y=$8\NS[2:0] [0]
      New connections: $8\NS[2:0] [2:1] = { $8\NS[2:0] [0] 1'0 }
    Consolidated identical input bits for $mux cell $procmux$70:
      Old ports: A=3'100, B=3'011, Y=$4\NS[2:0]
      New ports: A=2'10, B=2'01, Y={ $4\NS[2:0] [2] $4\NS[2:0] [0] }
      New connections: $4\NS[2:0] [1] = $4\NS[2:0] [0]
  Optimizing cells in module \udma_uart_tx.
Performed a total of 4 changes.

78. Executing OPT_MERGE pass (detect identical cells).
Finding identical cells in module `\udma_uart_tx'.
Computing hashes of 50 cells of `\udma_uart_tx'.
Finding duplicate cells in `\udma_uart_tx'.
Removed a total of 0 cells.

79. Executing OPT_SHARE pass.

80. Executing OPT_DFF pass (perform DFF optimizations).

81. Executing OPT_CLEAN pass (remove unused cells and wires).
Finding unused cells or wires in module \udma_uart_tx..

82. Executing OPT_EXPR pass (perform const folding).
Optimizing module udma_uart_tx.
<suppressed ~1 debug messages>

83. Rerunning OPT passes. (Maybe there is more to do…)

84. Executing OPT_MUXTREE pass (detect dead branches in mux trees).
Running muxtree optimizer on module \udma_uart_tx..
  Creating internal representation of mux trees.
  Evaluating internal representation of mux trees.
  Analyzing evaluation results.
Removed 0 multiplexer ports.
<suppressed ~18 debug messages>

85. Executing OPT_REDUCE pass (consolidate $*mux and $reduce_* inputs).
  Optimizing cells in module \udma_uart_tx.
Performed a total of 0 changes.

86. Executing OPT_MERGE pass (detect identical cells).
Finding identical cells in module `\udma_uart_tx'.
Computing hashes of 49 cells of `\udma_uart_tx'.
Finding duplicate cells in `\udma_uart_tx'.
Removed a total of 0 cells.

87. Executing OPT_SHARE pass.

88. Executing OPT_DFF pass (perform DFF optimizations).

89. Executing OPT_CLEAN pass (remove unused cells and wires).
Finding unused cells or wires in module \udma_uart_tx..
Removed 0 unused cells and 1 unused wires.
<suppressed ~1 debug messages>

90. Executing OPT_EXPR pass (perform const folding).
Optimizing module udma_uart_tx.

91. Rerunning OPT passes. (Maybe there is more to do…)

92. Executing OPT_MUXTREE pass (detect dead branches in mux trees).
Running muxtree optimizer on module \udma_uart_tx..
  Creating internal representation of mux trees.
  Evaluating internal representation of mux trees.
  Analyzing evaluation results.
Removed 0 multiplexer ports.
<suppressed ~18 debug messages>

93. Executing OPT_REDUCE pass (consolidate $*mux and $reduce_* inputs).
  Optimizing cells in module \udma_uart_tx.
Performed a total of 0 changes.

94. Executing OPT_MERGE pass (detect identical cells).
Finding identical cells in module `\udma_uart_tx'.
Computing hashes of 49 cells of `\udma_uart_tx'.
Finding duplicate cells in `\udma_uart_tx'.
Removed a total of 0 cells.

95. Executing OPT_SHARE pass.

96. Executing OPT_DFF pass (perform DFF optimizations).

97. Executing OPT_CLEAN pass (remove unused cells and wires).
Finding unused cells or wires in module \udma_uart_tx..

98. Executing OPT_EXPR pass (perform const folding).
Optimizing module udma_uart_tx.

99. Executing TECHMAP pass (map to technology primitives).

99.1. Executing Verilog-2005 frontend: /nix/store/f1q0w7rd0a4ny4hqvfxlhs4cmariidcy-yosys-0.62/bin/../share/yosys/techmap.v
Parsing Verilog input from `/nix/store/f1q0w7rd0a4ny4hqvfxlhs4cmariidcy-yosys-0.62/bin/../share/yosys/techmap.v' to AST representation.
Generating RTLIL representation for module `\_90_simplemap_bool_ops'.
Generating RTLIL representation for module `\_90_simplemap_reduce_ops'.
Generating RTLIL representation for module `\_90_simplemap_logic_ops'.
Generating RTLIL representation for module `\_90_simplemap_compare_ops'.
Generating RTLIL representation for module `\_90_simplemap_various'.
Generating RTLIL representation for module `\_90_simplemap_registers'.
Generating RTLIL representation for module `\_90_shift_ops_shr_shl_sshl_sshr'.
Generating RTLIL representation for module `\_90_shift_shiftx'.
Generating RTLIL representation for module `\_90_fa'.
Generating RTLIL representation for module `\_90_lcu_brent_kung'.
Generating RTLIL representation for module `\_90_alu'.
Generating RTLIL representation for module `\_90_macc'.
Generating RTLIL representation for module `\_90_alumacc'.
Generating RTLIL representation for module `$__div_mod_u'.
Generating RTLIL representation for module `$__div_mod_trunc'.
Generating RTLIL representation for module `\_90_div'.
Generating RTLIL representation for module `\_90_mod'.
Generating RTLIL representation for module `$__div_mod_floor'.
Generating RTLIL representation for module `\_90_divfloor'.
Generating RTLIL representation for module `\_90_modfloor'.
Generating RTLIL representation for module `\_90_pow'.
Generating RTLIL representation for module `\_90_pmux'.
Generating RTLIL representation for module `\_90_demux'.
Generating RTLIL representation for module `\_90_lut'.
Generating RTLIL representation for module `$connect'.
Generating RTLIL representation for module `$input_port'.
Successfully finished Verilog frontend.

99.2. Continuing TECHMAP pass.
Using template $paramod$2af30114e9bd4ccb04dad757b3f0a8f6bf0615b0\_90_alu for cells of type $alu.
Using template $paramod$3ef7d3dd227da7627a99c5e5a6a4deb817573e39\_90_alu for cells of type $alu.
Using extmapper simplemap for cells of type $reduce_and.
Using extmapper simplemap for cells of type $ne.
Using extmapper simplemap for cells of type $adffe.
Using extmapper simplemap for cells of type $reduce_bool.
Using extmapper simplemap for cells of type $reduce_or.
Using extmapper simplemap for cells of type $xor.
Using extmapper simplemap for cells of type $eq.
Using extmapper simplemap for cells of type $and.
Using extmapper simplemap for cells of type $mux.
Using extmapper simplemap for cells of type $not.
Using extmapper simplemap for cells of type $logic_not.
Using template $paramod$c5c783b17ab1d780abfad8cfe6563a0a7b47a3b0\_90_pmux for cells of type $pmux.
Using template $paramod$56f7ce6d87f8add68ca646dc02d7695a3189f8e5\_90_pmux for cells of type $pmux.
Using template $paramod$d629d85c8826a74239b9178d1930215a43b0ceb0\_90_pmux for cells of type $pmux.
Using template $paramod$97565c3687be688407d1272a293bd9d0ae6852dc\_90_pmux for cells of type $pmux.
Using extmapper simplemap for cells of type $adff.
Using template $paramod\_90_fa\WIDTH=32'00000000000000000000000000010000 for cells of type $fa.
Using template $paramod\_90_lcu_brent_kung\WIDTH=32'00000000000000000000000000010000 for cells of type $lcu.
Using extmapper simplemap for cells of type $pos.
Using template $paramod\_90_fa\WIDTH=32'00000000000000000000000000000011 for cells of type $fa.
Using template $paramod\_90_lcu_brent_kung\WIDTH=32'00000000000000000000000000000011 for cells of type $lcu.
Using extmapper simplemap for cells of type $or.
No more expansions possible.
<suppressed ~594 debug messages>

100. Executing OPT_EXPR pass (perform const folding).
Optimizing module udma_uart_tx.
<suppressed ~267 debug messages>

101. Executing OPT_MERGE pass (detect identical cells).
Finding identical cells in module `\udma_uart_tx'.
Computing hashes of 301 cells of `\udma_uart_tx'.
Finding duplicate cells in `\udma_uart_tx'.
Computing hashes of 279 cells of `\udma_uart_tx'.
Finding duplicate cells in `\udma_uart_tx'.
Computing hashes of 273 cells of `\udma_uart_tx'.
Finding duplicate cells in `\udma_uart_tx'.
<suppressed ~84 debug messages>
Removed a total of 28 cells.

102. Executing OPT_DFF pass (perform DFF optimizations).

103. Executing OPT_CLEAN pass (remove unused cells and wires).
Finding unused cells or wires in module \udma_uart_tx..
Removed 21 unused cells and 262 unused wires.
<suppressed ~22 debug messages>

104. Executing OPT_EXPR pass (perform const folding).
Optimizing module udma_uart_tx.

105. Executing OPT_MERGE pass (detect identical cells).
Finding identical cells in module `\udma_uart_tx'.
Computing hashes of 252 cells of `\udma_uart_tx'.
Finding duplicate cells in `\udma_uart_tx'.
Removed a total of 0 cells.

106. Executing OPT_DFF pass (perform DFF optimizations).

107. Executing OPT_CLEAN pass (remove unused cells and wires).
Finding unused cells or wires in module \udma_uart_tx..

108. Executing ABC pass (technology mapping using ABC).

108.1. Extracting gate netlist of module `\udma_uart_tx' to `<abc-temp-dir>/input.blif'..

108.1.1. Executed ABC.
Extracted 220 gates and 284 wires to a netlist network with 62 inputs and 39 outputs.
Running ABC script: <abc-temp-dir>/abc.script
ABC: ======== ABC command line "source <abc-temp-dir>/abc.script"
ABC: + read_blif <abc-temp-dir>/input.blif 
ABC: + read_library /tmp/yosys-abc-RRaPZq/stdcells.genlib 
ABC: + strash 
ABC: + dretime 
ABC: + map 
ABC: + write_blif <abc-temp-dir>/output.blif 

108.1.2. Re-integrating ABC results.
ABC RESULTS:               AND cells:        9
ABC RESULTS:            ANDNOT cells:       57
ABC RESULTS:               MUX cells:       14
ABC RESULTS:              NAND cells:       13
ABC RESULTS:               NOR cells:        7
ABC RESULTS:               NOT cells:        6
ABC RESULTS:                OR cells:       53
ABC RESULTS:             ORNOT cells:        9
ABC RESULTS:              XNOR cells:        8
ABC RESULTS:               XOR cells:       28
ABC RESULTS:        internal signals:      183
ABC RESULTS:           input signals:       62
ABC RESULTS:          output signals:       39
Removing temp directory.
Removing global temp directory.

109. Executing OPT pass (performing simple optimizations).

109.1. Executing OPT_EXPR pass (perform const folding).
Optimizing module udma_uart_tx.

109.2. Executing OPT_MERGE pass (detect identical cells).
Finding identical cells in module `\udma_uart_tx'.
Computing hashes of 236 cells of `\udma_uart_tx'.
Finding duplicate cells in `\udma_uart_tx'.
Removed a total of 0 cells.

109.3. Executing OPT_DFF pass (perform DFF optimizations).

109.4. Executing OPT_CLEAN pass (remove unused cells and wires).
Finding unused cells or wires in module \udma_uart_tx..
Removed 0 unused cells and 186 unused wires.
<suppressed ~3 debug messages>

109.5. Finished fast OPT passes.

110. Executing HIERARCHY pass (managing design hierarchy).

110.1. Analyzing design hierarchy..
Top module:  \udma_uart_tx

110.2. Analyzing design hierarchy..
Top module:  \udma_uart_tx
Removed 0 unused modules.

111. Executing CHECK pass (checking for obvious problems).
Checking module udma_uart_tx...
Found and reported 0 problems.

112. Printing statistics.

=== udma_uart_tx ===

        +----------Local Count, excluding submodules.
        | 
      195 wires
      273 wire bits
       22 public wires
       79 public wire bits
       12 ports
       35 port bits
      236 cells
       57   $_ANDNOT_
        9   $_AND_
        7   $_DFFE_PN0P_
        8   $_DFFE_PN1P_
       17   $_DFF_PN0_
       14   $_MUX_
       13   $_NAND_
        7   $_NOR_
        6   $_NOT_
        9   $_ORNOT_
       53   $_OR_
        8   $_XNOR_
       28   $_XOR_

113. Executing OPT pass (performing simple optimizations).

113.1. Executing OPT_EXPR pass (perform const folding).
Optimizing module udma_uart_tx.

113.2. Executing OPT_MERGE pass (detect identical cells).
Finding identical cells in module `\udma_uart_tx'.
Computing hashes of 236 cells of `\udma_uart_tx'.
Finding duplicate cells in `\udma_uart_tx'.
Removed a total of 0 cells.

113.3. Executing OPT_MUXTREE pass (detect dead branches in mux trees).
Running muxtree optimizer on module \udma_uart_tx..
  Creating internal representation of mux trees.
  No muxes found in this module.
Removed 0 multiplexer ports.

113.4. Executing OPT_REDUCE pass (consolidate $*mux and $reduce_* inputs).
  Optimizing cells in module \udma_uart_tx.
Performed a total of 0 changes.

113.5. Executing OPT_MERGE pass (detect identical cells).
Finding identical cells in module `\udma_uart_tx'.
Computing hashes of 236 cells of `\udma_uart_tx'.
Finding duplicate cells in `\udma_uart_tx'.
Removed a total of 0 cells.

113.6. Executing OPT_DFF pass (perform DFF optimizations).

113.7. Executing OPT_CLEAN pass (remove unused cells and wires).
Finding unused cells or wires in module \udma_uart_tx..

113.8. Executing OPT_EXPR pass (perform const folding).
Optimizing module udma_uart_tx.

113.9. Finished fast OPT passes. (There is nothing left to do.)

114. Executing OPT_CLEAN pass (remove unused cells and wires).
Finding unused cells or wires in module \udma_uart_tx..
Removed 0 unused cells and 1 unused wires.
<suppressed ~1 debug messages>
{
   "creator": "Yosys 0.62 (git sha1 7326bb7d6641500ecb285c291a54a662cb1e76cf, clang++ 21.1.2 -fPIC -O3)",
   "invocation": "stat -json -liberty /mnt/c/Users/sahan/projects/SystemVerilog/Schulich-On-Chip-Rkive/my core 5 mcu/uDMA/hardening/uart_tx/runs/RUN_2026-07-25_16-47-15/tmp/14cf206643d24430ba418232f861d9e8.lib ",
   "modules": {
      "\\udma_uart_tx": {
         "num_wires":         194,
         "num_wire_bits":     270,
         "num_pub_wires":     21,
         "num_pub_wire_bits": 76,
         "num_ports":         12,
         "num_port_bits":     35,
         "num_memories":      0,
         "num_memory_bits":   0,
         "num_processes":     0,
         "num_cells":         236,
         "num_submodules":       0,
         "num_cells_by_type": {
            "$_ANDNOT_": 57,
            "$_AND_": 9,
            "$_DFFE_PN0P_": 7,
            "$_DFFE_PN1P_": 8,
            "$_DFF_PN0_": 17,
            "$_MUX_": 14,
            "$_NAND_": 13,
            "$_NOR_": 7,
            "$_NOT_": 6,
            "$_ORNOT_": 9,
            "$_OR_": 53,
            "$_XNOR_": 8,
            "$_XOR_": 28
         }
      }
   },
      "design": {
         "num_wires":         194,
         "num_wire_bits":     270,
         "num_pub_wires":     21,
         "num_pub_wire_bits": 76,
         "num_ports":         12,
         "num_port_bits":     35,
         "num_memories":      0,
         "num_memory_bits":   0,
         "num_processes":     0,
         "num_cells":         236,
         "num_submodules":       0,
         "num_cells_by_type": {
            "$_ANDNOT_": 57,
            "$_AND_": 9,
            "$_DFFE_PN0P_": 7,
            "$_DFFE_PN1P_": 8,
            "$_DFF_PN0_": 17,
            "$_MUX_": 14,
            "$_NAND_": 13,
            "$_NOR_": 7,
            "$_NOT_": 6,
            "$_ORNOT_": 9,
            "$_OR_": 53,
            "$_XNOR_": 8,
            "$_XOR_": 28
         }
      }
}

115. Printing statistics.

=== udma_uart_tx ===

        +----------Local Count, excluding submodules.
        | 
      194 wires
      270 wire bits
       21 public wires
       76 public wire bits
       12 ports
       35 port bits
      236 cells
       57   $_ANDNOT_
        9   $_AND_
        7   $_DFFE_PN0P_
        8   $_DFFE_PN1P_
       17   $_DFF_PN0_
       14   $_MUX_
       13   $_NAND_
        7   $_NOR_
        6   $_NOT_
        9   $_ORNOT_
       53   $_OR_
        8   $_XNOR_
       28   $_XOR_

   Area for cell type $_ANDNOT_ is unknown!
   Area for cell type $_AND_ is unknown!
   Area for cell type $_DFFE_PN0P_ is unknown!
   Area for cell type $_DFFE_PN1P_ is unknown!
   Area for cell type $_DFF_PN0_ is unknown!
   Area for cell type $_MUX_ is unknown!
   Area for cell type $_NAND_ is unknown!
   Area for cell type $_NOR_ is unknown!
   Area for cell type $_NOT_ is unknown!
   Area for cell type $_ORNOT_ is unknown!
   Area for cell type $_OR_ is unknown!
   Area for cell type $_XNOR_ is unknown!
   Area for cell type $_XOR_ is unknown!

116. Executing DFFLIBMAP pass (mapping DFF cells to sequential cells from liberty file).
  cell gf180mcu_fd_sc_mcu7t5v0__dffnq_1 (noninv, pins=3, area=65.86) is a direct match for cell type $_DFF_N_.
  cell gf180mcu_fd_sc_mcu7t5v0__dffq_1 (noninv, pins=3, area=63.66) is a direct match for cell type $_DFF_P_.
  cell gf180mcu_fd_sc_mcu7t5v0__dffnrnq_1 (noninv, pins=4, area=74.64) is a direct match for cell type $_DFF_NN0_.
  cell gf180mcu_fd_sc_mcu7t5v0__dffnsnq_1 (noninv, pins=4, area=79.03) is a direct match for cell type $_DFF_NN1_.
  cell gf180mcu_fd_sc_mcu7t5v0__dffrnq_1 (noninv, pins=4, area=74.64) is a direct match for cell type $_DFF_PN0_.
  cell gf180mcu_fd_sc_mcu7t5v0__dffsnq_1 (noninv, pins=4, area=79.03) is a direct match for cell type $_DFF_PN1_.
  cell gf180mcu_fd_sc_mcu7t5v0__dffnrsnq_1 (noninv, pins=5, area=94.39) is a direct match for cell type $_DFFSR_NNN_.
  cell gf180mcu_fd_sc_mcu7t5v0__dffrsnq_1 (noninv, pins=5, area=85.61) is a direct match for cell type $_DFFSR_PNN_.
  final dff cell mappings:
    \gf180mcu_fd_sc_mcu7t5v0__dffnq_1 _DFF_N_ (.CLKN( C), .D( D), .Q( Q));
    \gf180mcu_fd_sc_mcu7t5v0__dffq_1 _DFF_P_ (.CLK( C), .D( D), .Q( Q));
    \gf180mcu_fd_sc_mcu7t5v0__dffnrnq_1 _DFF_NN0_ (.CLKN( C), .D( D), .Q( Q), .RN( R));
    \gf180mcu_fd_sc_mcu7t5v0__dffnsnq_1 _DFF_NN1_ (.CLKN( C), .D( D), .Q( Q), .SETN( R));
    unmapped dff cell: $_DFF_NP0_
    unmapped dff cell: $_DFF_NP1_
    \gf180mcu_fd_sc_mcu7t5v0__dffrnq_1 _DFF_PN0_ (.CLK( C), .D( D), .Q( Q), .RN( R));
    \gf180mcu_fd_sc_mcu7t5v0__dffsnq_1 _DFF_PN1_ (.CLK( C), .D( D), .Q( Q), .SETN( R));
    unmapped dff cell: $_DFF_PP0_
    unmapped dff cell: $_DFF_PP1_
    unmapped dff cell: $_DFFE_NN_
    unmapped dff cell: $_DFFE_NP_
    unmapped dff cell: $_DFFE_PN_
    unmapped dff cell: $_DFFE_PP_
    \gf180mcu_fd_sc_mcu7t5v0__dffnrsnq_1 _DFFSR_NNN_ (.CLKN( C), .D( D), .Q( Q), .RN( R), .SETN( S));
    unmapped dff cell: $_DFFSR_NNP_
    unmapped dff cell: $_DFFSR_NPN_
    unmapped dff cell: $_DFFSR_NPP_
    \gf180mcu_fd_sc_mcu7t5v0__dffrsnq_1 _DFFSR_PNN_ (.CLK( C), .D( D), .Q( Q), .RN( R), .SETN( S));
    unmapped dff cell: $_DFFSR_PNP_
    unmapped dff cell: $_DFFSR_PPN_
    unmapped dff cell: $_DFFSR_PPP_

116.1. Executing DFFLEGALIZE pass (convert FFs to types supported by the target).
Mapping DFF cells in module `\udma_uart_tx':
  mapped 24 $_DFF_PN0_ cells to \gf180mcu_fd_sc_mcu7t5v0__dffrnq_1 cells.
  mapped 8 $_DFF_PN1_ cells to \gf180mcu_fd_sc_mcu7t5v0__dffsnq_1 cells.
{
   "creator": "Yosys 0.62 (git sha1 7326bb7d6641500ecb285c291a54a662cb1e76cf, clang++ 21.1.2 -fPIC -O3)",
   "invocation": "stat -json -liberty /mnt/c/Users/sahan/projects/SystemVerilog/Schulich-On-Chip-Rkive/my core 5 mcu/uDMA/hardening/uart_tx/runs/RUN_2026-07-25_16-47-15/tmp/14cf206643d24430ba418232f861d9e8.lib ",
   "modules": {
      "\\udma_uart_tx": {
         "num_wires":         209,
         "num_wire_bits":     285,
         "num_pub_wires":     21,
         "num_pub_wire_bits": 76,
         "num_ports":         12,
         "num_port_bits":     35,
         "num_memories":      0,
         "num_memory_bits":   0,
         "num_processes":     0,
         "num_cells":         251,
         "num_submodules":       0,
         "area":              2423.500800,
         "sequential_area":    2423.500800,
         "num_cells_by_type": {
            "$_ANDNOT_": 57,
            "$_AND_": 9,
            "$_MUX_": 29,
            "$_NAND_": 13,
            "$_NOR_": 7,
            "$_NOT_": 6,
            "$_ORNOT_": 9,
            "$_OR_": 53,
            "$_XNOR_": 8,
            "$_XOR_": 28,
            "gf180mcu_fd_sc_mcu7t5v0__dffrnq_1": 24,
            "gf180mcu_fd_sc_mcu7t5v0__dffsnq_1": 8
         }
      }
   },
      "design": {
         "num_wires":         209,
         "num_wire_bits":     285,
         "num_pub_wires":     21,
         "num_pub_wire_bits": 76,
         "num_ports":         12,
         "num_port_bits":     35,
         "num_memories":      0,
         "num_memory_bits":   0,
         "num_processes":     0,
         "num_cells":         251,
         "num_submodules":       0,
         "area":              2423.500800,
         "sequential_area":    2423.500800,
         "num_cells_by_type": {
            "$_ANDNOT_": 57,
            "$_AND_": 9,
            "$_MUX_": 29,
            "$_NAND_": 13,
            "$_NOR_": 7,
            "$_NOT_": 6,
            "$_ORNOT_": 9,
            "$_OR_": 53,
            "$_XNOR_": 8,
            "$_XOR_": 28,
            "gf180mcu_fd_sc_mcu7t5v0__dffrnq_1": 24,
            "gf180mcu_fd_sc_mcu7t5v0__dffsnq_1": 8
         }
      }
}

117. Printing statistics.

=== udma_uart_tx ===

        +----------Local Count, excluding submodules.
        |        +-Local Area, excluding submodules.
        |        | 
      209        - wires
      285        - wire bits
       21        - public wires
       76        - public wire bits
       12        - ports
       35        - port bits
      251 2.42E+03 cells
       57        -   $_ANDNOT_
        9        -   $_AND_
       29        -   $_MUX_
       13        -   $_NAND_
        7        -   $_NOR_
        6        -   $_NOT_
        9        -   $_ORNOT_
       53        -   $_OR_
        8        -   $_XNOR_
       28        -   $_XOR_
       24 1.79E+03   gf180mcu_fd_sc_mcu7t5v0__dffrnq_1
        8  632.218   gf180mcu_fd_sc_mcu7t5v0__dffsnq_1

   Area for cell type $_ANDNOT_ is unknown!
   Area for cell type $_AND_ is unknown!
   Area for cell type $_MUX_ is unknown!
   Area for cell type $_NAND_ is unknown!
   Area for cell type $_NOR_ is unknown!
   Area for cell type $_NOT_ is unknown!
   Area for cell type $_ORNOT_ is unknown!
   Area for cell type $_OR_ is unknown!
   Area for cell type $_XNOR_ is unknown!
   Area for cell type $_XOR_ is unknown!

   Chip area for module '\udma_uart_tx': 2423.500800
     of which used for sequential elements: 2423.500800 (100.00%)

[INFO] Using generated ABC script '/mnt/c/Users/sahan/projects/SystemVerilog/Schulich-On-Chip-Rkive/my core 5 mcu/uDMA/hardening/uart_tx/runs/RUN_2026-07-25_16-47-15/06-yosys-synthesis/AREA_0.abc'…

118. Executing ABC pass (technology mapping using ABC).

118.1. Extracting gate netlist of module `\udma_uart_tx' to `/tmp/yosys-abc-s6EJLZ/input.blif'..

118.1.1. Executed ABC.
Extracted 219 gates and 281 wires to a netlist network with 62 inputs and 35 outputs.
Running ABC script: /tmp/yosys-abc-s6EJLZ/abc.script
ABC: ======== ABC command line "source /tmp/yosys-abc-s6EJLZ/abc.script"
ABC: + read_blif /tmp/yosys-abc-s6EJLZ/input.blif 
ABC: + read_lib -w /mnt/c/Users/sahan/projects/SystemVerilog/Schulich-On-Chip-Rkive/my core 5 mcu/uDMA/hardening/uart_tx/runs/RUN_2026-07-25_16-47-15/tmp/14cf206643d24430ba418232f861d9e8.lib 
ABC: Parsing finished successfully.  Parsing time =     0.91 sec
ABC: Scl_LibertyReadGenlib() skipped cell "gf180mcu_fd_sc_mcu7t5v0__antenna" without logic function.
ABC: Scl_LibertyReadGenlib() skipped three-state cell "gf180mcu_fd_sc_mcu7t5v0__bufz_1".
ABC: Scl_LibertyReadGenlib() skipped three-state cell "gf180mcu_fd_sc_mcu7t5v0__bufz_2".
ABC: Scl_LibertyReadGenlib() skipped three-state cell "gf180mcu_fd_sc_mcu7t5v0__bufz_3".
ABC: Scl_LibertyReadGenlib() skipped three-state cell "gf180mcu_fd_sc_mcu7t5v0__bufz_4".
ABC: Scl_LibertyReadGenlib() skipped three-state cell "gf180mcu_fd_sc_mcu7t5v0__bufz_8".
ABC: Scl_LibertyReadGenlib() skipped three-state cell "gf180mcu_fd_sc_mcu7t5v0__bufz_12".
ABC: Scl_LibertyReadGenlib() skipped three-state cell "gf180mcu_fd_sc_mcu7t5v0__bufz_16".
ABC: Scl_LibertyReadGenlib() skipped sequential cell "gf180mcu_fd_sc_mcu7t5v0__dffnq_1".
ABC: Scl_LibertyReadGenlib() skipped sequential cell "gf180mcu_fd_sc_mcu7t5v0__dffnq_2".
ABC: Scl_LibertyReadGenlib() skipped sequential cell "gf180mcu_fd_sc_mcu7t5v0__dffnq_4".
ABC: Scl_LibertyReadGenlib() skipped sequential cell "gf180mcu_fd_sc_mcu7t5v0__dffnrnq_1".
ABC: Scl_LibertyReadGenlib() skipped sequential cell "gf180mcu_fd_sc_mcu7t5v0__dffnrnq_2".
ABC: Scl_LibertyReadGenlib() skipped sequential cell "gf180mcu_fd_sc_mcu7t5v0__dffnrnq_4".
ABC: Scl_LibertyReadGenlib() skipped sequential cell "gf180mcu_fd_sc_mcu7t5v0__dffnrsnq_1".
ABC: Scl_LibertyReadGenlib() skipped sequential cell "gf180mcu_fd_sc_mcu7t5v0__dffnrsnq_2".
ABC: Scl_LibertyReadGenlib() skipped sequential cell "gf180mcu_fd_sc_mcu7t5v0__dffnrsnq_4".
ABC: Scl_LibertyReadGenlib() skipped sequential cell "gf180mcu_fd_sc_mcu7t5v0__dffnsnq_1".
ABC: Scl_LibertyReadGenlib() skipped sequential cell "gf180mcu_fd_sc_mcu7t5v0__dffnsnq_2".
ABC: Scl_LibertyReadGenlib() skipped sequential cell "gf180mcu_fd_sc_mcu7t5v0__dffnsnq_4".
ABC: Scl_LibertyReadGenlib() skipped sequential cell "gf180mcu_fd_sc_mcu7t5v0__dffq_1".
ABC: Scl_LibertyReadGenlib() skipped sequential cell "gf180mcu_fd_sc_mcu7t5v0__dffq_2".
ABC: Scl_LibertyReadGenlib() skipped sequential cell "gf180mcu_fd_sc_mcu7t5v0__dffq_4".
ABC: Scl_LibertyReadGenlib() skipped sequential cell "gf180mcu_fd_sc_mcu7t5v0__dffrnq_1".
ABC: Scl_LibertyReadGenlib() skipped sequential cell "gf180mcu_fd_sc_mcu7t5v0__dffrnq_2".
ABC: Scl_LibertyReadGenlib() skipped sequential cell "gf180mcu_fd_sc_mcu7t5v0__dffrnq_4".
ABC: Scl_LibertyReadGenlib() skipped sequential cell "gf180mcu_fd_sc_mcu7t5v0__dffrsnq_1".
ABC: Scl_LibertyReadGenlib() skipped sequential cell "gf180mcu_fd_sc_mcu7t5v0__dffrsnq_2".
ABC: Scl_LibertyReadGenlib() skipped sequential cell "gf180mcu_fd_sc_mcu7t5v0__dffrsnq_4".
ABC: Scl_LibertyReadGenlib() skipped sequential cell "gf180mcu_fd_sc_mcu7t5v0__dffsnq_1".
ABC: Scl_LibertyReadGenlib() skipped sequential cell "gf180mcu_fd_sc_mcu7t5v0__dffsnq_2".
ABC: Scl_LibertyReadGenlib() skipped sequential cell "gf180mcu_fd_sc_mcu7t5v0__dffsnq_4".
ABC: Scl_LibertyReadGenlib() skipped cell "gf180mcu_fd_sc_mcu7t5v0__endcap" without logic function.
ABC: Scl_LibertyReadGenlib() skipped cell "gf180mcu_fd_sc_mcu7t5v0__fill_1" without logic function.
ABC: Scl_LibertyReadGenlib() skipped cell "gf180mcu_fd_sc_mcu7t5v0__fill_2" without logic function.
ABC: Scl_LibertyReadGenlib() skipped cell "gf180mcu_fd_sc_mcu7t5v0__fill_4" without logic function.
ABC: Scl_LibertyReadGenlib() skipped cell "gf180mcu_fd_sc_mcu7t5v0__fill_8" without logic function.
ABC: Scl_LibertyReadGenlib() skipped cell "gf180mcu_fd_sc_mcu7t5v0__fill_16" without logic function.
ABC: Scl_LibertyReadGenlib() skipped cell "gf180mcu_fd_sc_mcu7t5v0__fill_32" without logic function.
ABC: Scl_LibertyReadGenlib() skipped cell "gf180mcu_fd_sc_mcu7t5v0__fill_64" without logic function.
ABC: Scl_LibertyReadGenlib() skipped cell "gf180mcu_fd_sc_mcu7t5v0__fillcap_4" without logic function.
ABC: Scl_LibertyReadGenlib() skipped cell "gf180mcu_fd_sc_mcu7t5v0__fillcap_8" without logic function.
ABC: Scl_LibertyReadGenlib() skipped cell "gf180mcu_fd_sc_mcu7t5v0__fillcap_16" without logic function.
ABC: Scl_LibertyReadGenlib() skipped cell "gf180mcu_fd_sc_mcu7t5v0__fillcap_32" without logic function.
ABC: Scl_LibertyReadGenlib() skipped cell "gf180mcu_fd_sc_mcu7t5v0__fillcap_64" without logic function.
ABC: Scl_LibertyReadGenlib() skipped cell "gf180mcu_fd_sc_mcu7t5v0__filltie" without logic function.
ABC: Scl_LibertyReadGenlib() skipped three-state cell "gf180mcu_fd_sc_mcu7t5v0__hold".
ABC: Scl_LibertyReadGenlib() skipped cell "gf180mcu_fd_sc_mcu7t5v0__icgtn_1" without logic function.
ABC: Scl_LibertyReadGenlib() skipped cell "gf180mcu_fd_sc_mcu7t5v0__icgtn_2" without logic function.
ABC: Scl_LibertyReadGenlib() skipped cell "gf180mcu_fd_sc_mcu7t5v0__icgtn_4" without logic function.
ABC: Scl_LibertyReadGenlib() skipped cell "gf180mcu_fd_sc_mcu7t5v0__icgtp_1" without logic function.
ABC: Scl_LibertyReadGenlib() skipped cell "gf180mcu_fd_sc_mcu7t5v0__icgtp_2" without logic function.
ABC: Scl_LibertyReadGenlib() skipped cell "gf180mcu_fd_sc_mcu7t5v0__icgtp_4" without logic function.
ABC: Scl_LibertyReadGenlib() skipped three-state cell "gf180mcu_fd_sc_mcu7t5v0__invz_1".
ABC: Scl_LibertyReadGenlib() skipped three-state cell "gf180mcu_fd_sc_mcu7t5v0__invz_2".
ABC: Scl_LibertyReadGenlib() skipped three-state cell "gf180mcu_fd_sc_mcu7t5v0__invz_3".
ABC: Scl_LibertyReadGenlib() skipped three-state cell "gf180mcu_fd_sc_mcu7t5v0__invz_4".
ABC: Scl_LibertyReadGenlib() skipped three-state cell "gf180mcu_fd_sc_mcu7t5v0__invz_8".
ABC: Scl_LibertyReadGenlib() skipped three-state cell "gf180mcu_fd_sc_mcu7t5v0__invz_12".
ABC: Scl_LibertyReadGenlib() skipped three-state cell "gf180mcu_fd_sc_mcu7t5v0__invz_16".
ABC: Scl_LibertyReadGenlib() skipped sequential cell "gf180mcu_fd_sc_mcu7t5v0__latq_1".
ABC: Scl_LibertyReadGenlib() skipped sequential cell "gf180mcu_fd_sc_mcu7t5v0__latq_2".
ABC: Scl_LibertyReadGenlib() skipped sequential cell "gf180mcu_fd_sc_mcu7t5v0__latq_4".
ABC: Scl_LibertyReadGenlib() skipped sequential cell "gf180mcu_fd_sc_mcu7t5v0__latrnq_1".
ABC: Scl_LibertyReadGenlib() skipped sequential cell "gf180mcu_fd_sc_mcu7t5v0__latrnq_2".
ABC: Scl_LibertyReadGenlib() skipped sequential cell "gf180mcu_fd_sc_mcu7t5v0__latrnq_4".
ABC: Scl_LibertyReadGenlib() skipped sequential cell "gf180mcu_fd_sc_mcu7t5v0__latrsnq_1".
ABC: Scl_LibertyReadGenlib() skipped sequential cell "gf180mcu_fd_sc_mcu7t5v0__latrsnq_2".
ABC: Scl_LibertyReadGenlib() skipped sequential cell "gf180mcu_fd_sc_mcu7t5v0__latrsnq_4".
ABC: Scl_LibertyReadGenlib() skipped sequential cell "gf180mcu_fd_sc_mcu7t5v0__latsnq_1".
ABC: Scl_LibertyReadGenlib() skipped sequential cell "gf180mcu_fd_sc_mcu7t5v0__latsnq_2".
ABC: Scl_LibertyReadGenlib() skipped sequential cell "gf180mcu_fd_sc_mcu7t5v0__latsnq_4".
ABC: Library "gf180mcu_fd_sc_mcu7t5v0__tt_025C_5v00" from "/mnt/c/Users/sahan/projects/SystemVerilog/Schulich-On-Chip-Rkive/my core 5 mcu/uDMA/hardening/uart_tx/runs/RUN_2026-07-25_16-47-15/tmp/14cf206643d24430ba418232f861d9e8.lib" has 143 cells (72 skipped: 36 seq; 15 tri-state; 21 no func; 0 dont_use; 0 with 2 outputs; 0 with 3+ outputs).  Time =     1.21 sec
ABC: Memory =   23.83 MB. Time =     1.21 sec
ABC: Warning: Detected 6 multi-output cells (for example, "gf180mcu_fd_sc_mcu7t5v0__addf_1").
ABC: + read_constr -v /mnt/c/Users/sahan/projects/SystemVerilog/Schulich-On-Chip-Rkive/my core 5 mcu/uDMA/hardening/uart_tx/runs/RUN_2026-07-25_16-47-15/06-yosys-synthesis/synthesis.abc.sdc 
ABC: Setting driving cell to be "gf180mcu_fd_sc_mcu7t5v0__inv_1/ZN".
ABC: Setting output load to be 72.910004.
ABC: + source /mnt/c/Users/sahan/projects/SystemVerilog/Schulich-On-Chip-Rkive/my core 5 mcu/uDMA/hardening/uart_tx/runs/RUN_2026-07-25_16-47-15/06-yosys-synthesis/AREA_0.abc 
ABC: ** cmd error: aborting 'source /tmp/yosys-abc-s6EJLZ/abc.script'
ABC: Cannot open file "/mnt/c/Users/sahan/projects/SystemVerilog/Schulich-On-Chip-Rkive/my".
ERROR: Can't open ABC output file `/tmp/yosys-abc-s6EJLZ/output.blif'.
