%Warning-REDEFMACRO: Redefining existing define: 'VERILATOR', with different value: ''
                     ... Location of previous definition, with value: '1'
                     ... For warning description see https://verilator.org/warn/REDEFMACRO?v=5.044
                     ... Use "/* verilator lint_off REDEFMACRO */" and lint_on around source to disable this message.
%Warning-PINCONNECTEMPTY: /home/sahana/core5_udma/dependencies/common_cells/src/edge_propagator.sv:46:10: Instance pin connected by name with empty reference: 'f_edge_o'
   46 |         .f_edge_o (              ),
      |          ^~~~~~~~
                          ... For warning description see https://verilator.org/warn/PINCONNECTEMPTY?v=5.044
                          ... Use "/* verilator lint_off PINCONNECTEMPTY */" and lint_on around source to disable this message.
%Warning-VARHIDDEN: /home/sahana/core5_udma/dependencies/logint_dc_fifo_xbar/dc_full_detector.v:20:34: Declaration of signal hides declaration in upper scope: 'full'
   20 |     output                       full;
      |                                  ^~~~
                    /home/sahana/core5_udma/dependencies/logint_dc_fifo_xbar/dc_token_ring_fifo_din.v:75:5: ... Location of original declaration
   75 |     full
      |     ^~~~
                    ... For warning description see https://verilator.org/warn/VARHIDDEN?v=5.044
                    ... Use "/* verilator lint_off VARHIDDEN */" and lint_on around source to disable this message.
%Warning-WIDTHEXPAND: /home/sahana/core5_udma/udma_core/rtl/common/io_generic_fifo.sv:119:40: Operator EQ expects 32 bits on the LHS, but LHS's VARREF 'pointer_in' generates 1 bits.
                                                                                            : ... note: In instance 'udma_uart_top.u_fifo.i_fifo'
  119 |                         if (pointer_in == $unsigned(BUFFER_DEPTH - 1))
      |                                        ^~
                      ... For warning description see https://verilator.org/warn/WIDTHEXPAND?v=5.044
                      ... Use "/* verilator lint_off WIDTHEXPAND */" and lint_on around source to disable this message.
%Warning-WIDTHEXPAND: /home/sahana/core5_udma/udma_core/rtl/common/io_generic_fifo.sv:132:41: Operator EQ expects 32 bits on the LHS, but LHS's VARREF 'pointer_out' generates 1 bits.
                                                                                            : ... note: In instance 'udma_uart_top.u_fifo.i_fifo'
  132 |                         if (pointer_out == $unsigned(BUFFER_DEPTH - 1))
      |                                         ^~
%Warning-WIDTHEXPAND: /home/sahana/core5_udma/udma_uart/rtl/udma_uart_reg_if.sv:283:24: Operator ASSIGN expects 32 bits on the Assign RHS, but Assign RHS's VARREF 'cfg_rx_curr_addr_i' generates 12 bits.
                                                                                      : ... note: In instance 'udma_uart_top.u_reg_if'
  283 |             cfg_data_o = cfg_rx_curr_addr_i;
      |                        ^
%Warning-WIDTHEXPAND: /home/sahana/core5_udma/udma_uart/rtl/udma_uart_reg_if.sv:289:24: Operator ASSIGN expects 32 bits on the Assign RHS, but Assign RHS's VARREF 'cfg_tx_curr_addr_i' generates 12 bits.
                                                                                      : ... note: In instance 'udma_uart_top.u_reg_if'
  289 |             cfg_data_o = cfg_tx_curr_addr_i;
      |                        ^
%Warning-UNUSEDSIGNAL: /home/sahana/core5_udma/udma_uart/rtl/udma_uart_top.sv:67:39: Bits of signal are not used: 'data_tx_i'[31:8]
                                                                                   : ... note: In instance 'udma_uart_top'
   67 |     input  logic               [31:0] data_tx_i,
      |                                       ^~~~~~~~~
                       ... For warning description see https://verilator.org/warn/UNUSEDSIGNAL?v=5.044
                       ... Use "/* verilator lint_off UNUSEDSIGNAL */" and lint_on around source to disable this message.
%Warning-UNUSEDSIGNAL: /home/sahana/core5_udma/udma_uart/rtl/udma_uart_rx.sv:29:27: Signal is not used: 'cfg_stop_bits_i'
                                                                                  : ... note: In instance 'udma_uart_top.u_uart_rx'
   29 |   input  logic            cfg_stop_bits_i,
      |                           ^~~~~~~~~~~~~~~
%Warning-UNUSEDSIGNAL: /home/sahana/core5_udma/dependencies/common_cells/src/onehot_to_bin.sv:25:39: Bits of signal are not used: 'tmp_i'[1]
                                                                                                   : ... note: In instance 'udma_uart_top.u_dc_fifo_rx.u_din.buffer.RPRT_OH_BIN'
   25 |                 logic [BIN_WIDTH-1:0] tmp_i;
      |                                       ^~~~~
%Warning-CASEINCOMPLETE: /home/sahana/core5_udma/udma_uart/rtl/udma_uart_reg_if.sv:224:17: Case values incompletely covered (example pattern 0x3)
  224 |                 case (s_wr_addr)
      |                 ^~~~
                         ... For warning description see https://verilator.org/warn/CASEINCOMPLETE?v=5.044
                         ... Use "/* verilator lint_off CASEINCOMPLETE */" and lint_on around source to disable this message.
%Warning-COMBDLY: /home/sahana/core5_udma/dependencies/tech_cells_generic/src/rtl/tc_clk.sv:41:31: Non-blocking assignment '<=' in combinational logic process
                                                                                                 : ... This will be executed as a blocking assignment '='!
   41 |     if (clk_i == 1'b0) clk_en <= en_i | test_en_i;
      |                               ^~
                  ... For warning description see https://verilator.org/warn/COMBDLY?v=5.044
                  ... Use "/* verilator lint_off COMBDLY */" and lint_on around source to disable this message.
                  *** See https://verilator.org/warn/COMBDLY?v=5.044 before disabling this,
                  else you may end up with different sim results.
- V e r i l a t i o n   R e p o r t: Verilator 5.044 2026-01-01 rev v5.040
- Verilator: Built from 3.145 MB sources in 330 modules, into 0.188 MB in 3 C++ files needing 0.000 MB
- Verilator: Walltime 0.198 s (elab=0.006, cvt=0.014, bld=0.000); cpu 0.060 s on 1 threads; alloced 27.434 MB
