Clock: sys_clk
Sources: sys_clk_i 
Generated: no
Virtual: yes
Propagated: no
Period: 20.000000

===========================================================================
report_clock_properties
============================================================================
Clock                   Period          Waveform
----------------------------------------------------
sys_clk              20.000000    0.000000 10.000000

===========================================================================
report_clock_latency
============================================================================
Clock sys_clk
rise -> rise
    min     max
0.000000 0.000000 source latency
2.299095         network latency _1951_/CLK
        2.361358 network latency _1919_/CLK
---------------
2.299095 2.361358 latency
        0.062262 skew

fall -> fall
    min     max
0.000000 0.000000 source latency
2.256414         network latency _1951_/CLK
        2.325508 network latency _1919_/CLK
---------------
2.256414 2.325508 latency
        0.069094 skew



===========================================================================
report_clock_min_period
============================================================================
sys_clk period_min = 11.94 fmax = 83.74
Clock: periph_clk
Sources: periph_clk_i 
Generated: no
Virtual: yes
Propagated: no
Period: 20.000000

===========================================================================
report_clock_properties
============================================================================
Clock                   Period          Waveform
----------------------------------------------------
periph_clk           20.000000    0.000000 10.000000

===========================================================================
report_clock_latency
============================================================================
Clock periph_clk
rise -> rise
    min     max
0.000000 0.000000 source latency
2.228251         network latency _1848_/CLK
        2.297717 network latency _1798_/CLK
---------------
2.228251 2.297717 latency
        0.069466 skew

fall -> fall
    min     max
0.000000 0.000000 source latency
2.191117         network latency _1848_/CLK
        2.268856 network latency _1798_/CLK
---------------
2.191117 2.268856 latency
        0.077740 skew



===========================================================================
report_clock_min_period
============================================================================
periph_clk period_min = 16.21 fmax = 61.69
