Reading timing models for corner max_ss_125C_4v50…
Reading timing library for the 'max_ss_125C_4v50' corner at '/home/sahana/.ciel/gf180mcuD/libs.ref/gf180mcu_fd_sc_mcu7t5v0/lib/gf180mcu_fd_sc_mcu7t5v0__ss_125C_4v50.lib'…
Reading OpenROAD database at '/home/sahana/core5_udma/hardening/uart_top/runs/CLOSURE_FULL_1/44-openroad-resizertimingpostgrt/udma_uart_top.odb'…
Reading design constraints file at '/home/sahana/core5_udma/hardening/uart_top/constraints.sdc'…
[INFO ORD-0030] Using 16 thread(s).
+ detailed_route -droute_end_iter 64 -or_seed 42 -verbose 1 -output_drc /home/sahana/core5_udma/hardening/uart_top/runs/CLOSURE_FULL_1/46-openroad-detailedrouting/drt-run-0/udma_uart_top.drc
[INFO DRT-0149] Reading tech and libs.
[WARNING DRT-0349] LEF58_ENCLOSURE with no CUTCLASS is not supported. Skipping for layer Via1
[WARNING DRT-0349] LEF58_ENCLOSURE with no CUTCLASS is not supported. Skipping for layer Via1
[WARNING DRT-0349] LEF58_ENCLOSURE with no CUTCLASS is not supported. Skipping for layer Via2
[WARNING DRT-0349] LEF58_ENCLOSURE with no CUTCLASS is not supported. Skipping for layer Via2
[WARNING DRT-0349] LEF58_ENCLOSURE with no CUTCLASS is not supported. Skipping for layer Via3
[WARNING DRT-0349] LEF58_ENCLOSURE with no CUTCLASS is not supported. Skipping for layer Via3
[WARNING DRT-0349] LEF58_ENCLOSURE with no CUTCLASS is not supported. Skipping for layer Via4
[WARNING DRT-0349] LEF58_ENCLOSURE with no CUTCLASS is not supported. Skipping for layer Via4

Units:                2000
Number of layers:     11
Number of macros:     229
Number of vias:       60
Number of viarulegen: 16

[INFO DRT-0150] Reading design.

Design:                   udma_uart_top
Die area:                 ( 0 0 ) ( 807160 843000 )
Number of track patterns: 10
Number of DEF vias:       0
Number of components:     3133
Number of terminals:      281
Number of snets:          2
Number of nets:           2091

[INFO DRT-0167] List of default vias:
  Layer Via2
    default via: Via2_VH
  Layer Via3
    default via: Via3_HV
  Layer Via4
    default via: Via4_VH
[INFO DRT-0162] Library cell analysis.
[INFO DRT-0163] Instance analysis.
[INFO DRT-0164] Number of unique instances = 157.
[INFO DRT-0168] Init region query.
[INFO DRT-0024]   Complete Poly2.
[INFO DRT-0024]   Complete CON.
[INFO DRT-0024]   Complete Metal1.
[INFO DRT-0024]   Complete Via1.
[INFO DRT-0024]   Complete Metal2.
[INFO DRT-0024]   Complete Via2.
[INFO DRT-0024]   Complete Metal3.
[INFO DRT-0024]   Complete Via3.
[INFO DRT-0024]   Complete Metal4.
[INFO DRT-0024]   Complete Via4.
[INFO DRT-0024]   Complete Metal5.
[INFO DRT-0033] Poly2 shape region query size = 0.
[INFO DRT-0033] CON shape region query size = 0.
[INFO DRT-0033] Metal1 shape region query size = 59989.
[INFO DRT-0033] Via1 shape region query size = 900.
[INFO DRT-0033] Metal2 shape region query size = 755.
[INFO DRT-0033] Via2 shape region query size = 900.
[INFO DRT-0033] Metal3 shape region query size = 724.
[INFO DRT-0033] Via3 shape region query size = 900.
[INFO DRT-0033] Metal4 shape region query size = 330.
[INFO DRT-0033] Via4 shape region query size = 162.
[INFO DRT-0033] Metal5 shape region query size = 30.
[INFO DRT-0165] Start pin access.
[INFO DRT-0076]   Complete 1000 pins.
[INFO DRT-0078]   Complete 1159 pins.
[INFO DRT-0079]   Complete 100 unique inst patterns.
[INFO DRT-0081]   Complete 153 unique inst patterns.
[INFO DRT-0084]   Complete 1416 groups.
#scanned instances     = 3133
#unique  instances     = 157
#stdCellGenAp          = 2881
#stdCellValidPlanarAp  = 0
#stdCellValidViaAp     = 2594
#stdCellPinNoAp        = 0
#stdCellPinCnt         = 6379
#instTermValidViaApCnt = 0
#macroGenAp            = 0
#macroValidPlanarAp    = 0
#macroValidViaAp       = 0
#macroNoAp             = 0
[INFO DRT-0166] Complete pin access.
[INFO DRT-0267] cpu time = 00:00:53, elapsed time = 00:00:04, memory = 149.35 (MB), peak = 147.96 (MB)

[INFO DRT-0157] Number of guides:     16478

[INFO DRT-0169] Post process guides.
[INFO DRT-0176] GCELLGRID X 0 DO 48 STEP 16800 ;
[INFO DRT-0177] GCELLGRID Y 0 DO 50 STEP 16800 ;
[INFO DRT-0028]   Complete Poly2.
[INFO DRT-0028]   Complete CON.
[INFO DRT-0028]   Complete Metal1.
[INFO DRT-0028]   Complete Via1.
[INFO DRT-0028]   Complete Metal2.
[INFO DRT-0028]   Complete Via2.
[INFO DRT-0028]   Complete Metal3.
[INFO DRT-0028]   Complete Via3.
[INFO DRT-0028]   Complete Metal4.
[INFO DRT-0028]   Complete Via4.
[INFO DRT-0028]   Complete Metal5.
[INFO DRT-0178] Init guide query.
[INFO DRT-0035]   Complete Poly2 (guide).
[INFO DRT-0035]   Complete CON (guide).
[INFO DRT-0035]   Complete Metal1 (guide).
[INFO DRT-0035]   Complete Via1 (guide).
[INFO DRT-0035]   Complete Metal2 (guide).
[INFO DRT-0035]   Complete Via2 (guide).
[INFO DRT-0035]   Complete Metal3 (guide).
[INFO DRT-0035]   Complete Via3 (guide).
[INFO DRT-0035]   Complete Metal4 (guide).
[INFO DRT-0035]   Complete Via4 (guide).
[INFO DRT-0035]   Complete Metal5 (guide).
[INFO DRT-0036] Poly2 guide region query size = 0.
[INFO DRT-0036] CON guide region query size = 0.
[INFO DRT-0036] Metal1 guide region query size = 5825.
[INFO DRT-0036] Via1 guide region query size = 0.
[INFO DRT-0036] Metal2 guide region query size = 5397.
[INFO DRT-0036] Via2 guide region query size = 0.
[INFO DRT-0036] Metal3 guide region query size = 2640.
[INFO DRT-0036] Via3 guide region query size = 0.
[INFO DRT-0036] Metal4 guide region query size = 11.
[INFO DRT-0036] Via4 guide region query size = 0.
[INFO DRT-0036] Metal5 guide region query size = 0.
[INFO DRT-0179] Init gr pin query.
[INFO DRT-0267] cpu time = 00:00:00, elapsed time = 00:00:00, memory = 154.54 (MB), peak = 153.24 (MB)
[INFO DRT-0245] skipped writing guide updates to database.
[INFO DRT-0185] Post process initialize RPin region query.
[INFO DRT-0181] Start track assignment.
[INFO DRT-0184] Done with 5408 vertical wires in 1 frboxes and 8465 horizontal wires in 1 frboxes.
[INFO DRT-0186] Done with 1130 vertical wires in 1 frboxes and 936 horizontal wires in 1 frboxes.
[INFO DRT-0182] Complete track assignment.
[INFO DRT-0267] cpu time = 00:00:08, elapsed time = 00:00:01, memory = 196.27 (MB), peak = 195.06 (MB)
[INFO DRT-0187] Start routing data preparation.
[INFO DRT-0267] cpu time = 00:00:00, elapsed time = 00:00:00, memory = 196.36 (MB), peak = 195.06 (MB)
[INFO DRT-0194] Start detail routing.
[INFO DRT-0195] Start 0th optimization iteration.
    Completing 10% with 0 violations.
    elapsed time = 00:00:00, memory = 225.29 (MB).
    Completing 20% with 0 violations.
    elapsed time = 00:00:00, memory = 243.61 (MB).
    Completing 30% with 59 violations.
    elapsed time = 00:00:01, memory = 242.58 (MB).
    Completing 40% with 59 violations.
    elapsed time = 00:00:01, memory = 255.86 (MB).
    Completing 50% with 59 violations.
    elapsed time = 00:00:02, memory = 269.53 (MB).
    Completing 60% with 155 violations.
    elapsed time = 00:00:03, memory = 277.25 (MB).
    Completing 70% with 155 violations.
    elapsed time = 00:00:03, memory = 287.30 (MB).
    Completing 80% with 224 violations.
    elapsed time = 00:00:04, memory = 290.51 (MB).
    Completing 90% with 224 violations.
    elapsed time = 00:00:05, memory = 298.92 (MB).
    Completing 100% with 290 violations.
    elapsed time = 00:00:05, memory = 299.79 (MB).
[INFO DRT-0199]   Number of violations = 363.
Viol/Layer      Metal1 Metal2 Metal3
Metal Spacing        0     76      1
Recheck              1     57     15
Short                0    202     11
[INFO DRT-0267] cpu time = 00:00:56, elapsed time = 00:00:06, memory = 593.89 (MB), peak = 603.80 (MB)
Total wire length = 95441 um.
Total wire length on LAYER Metal1 = 0 um.
Total wire length on LAYER Metal2 = 51802 um.
Total wire length on LAYER Metal3 = 42989 um.
Total wire length on LAYER Metal4 = 649 um.
Total wire length on LAYER Metal5 = 0 um.
Total number of vias = 12323.
Up-via summary (total 12323):

----------------
  Poly2        0
 Metal1     6542
 Metal2     5734
 Metal3       47
 Metal4        0
----------------
       12323


[INFO DRT-0195] Start 1st optimization iteration.
    Completing 10% with 363 violations.
    elapsed time = 00:00:00, memory = 598.41 (MB).
    Completing 20% with 363 violations.
    elapsed time = 00:00:00, memory = 599.34 (MB).
    Completing 30% with 294 violations.
    elapsed time = 00:00:01, memory = 605.00 (MB).
    Completing 40% with 294 violations.
    elapsed time = 00:00:02, memory = 606.22 (MB).
    Completing 50% with 294 violations.
    elapsed time = 00:00:03, memory = 608.11 (MB).
    Completing 60% with 166 violations.
    elapsed time = 00:00:03, memory = 612.33 (MB).
    Completing 70% with 166 violations.
    elapsed time = 00:00:04, memory = 614.03 (MB).
    Completing 80% with 104 violations.
    elapsed time = 00:00:04, memory = 614.08 (MB).
    Completing 90% with 104 violations.
    elapsed time = 00:00:05, memory = 614.14 (MB).
    Completing 100% with 53 violations.
    elapsed time = 00:00:05, memory = 614.15 (MB).
[INFO DRT-0199]   Number of violations = 53.
Viol/Layer      Metal2 Metal3
Metal Spacing       10      2
Short               40      1
[INFO DRT-0267] cpu time = 00:00:52, elapsed time = 00:00:06, memory = 617.27 (MB), peak = 627.23 (MB)
Total wire length = 94727 um.
Total wire length on LAYER Metal1 = 0 um.
Total wire length on LAYER Metal2 = 51154 um.
Total wire length on LAYER Metal3 = 42824 um.
Total wire length on LAYER Metal4 = 748 um.
Total wire length on LAYER Metal5 = 0 um.
Total number of vias = 12327.
Up-via summary (total 12327):

----------------
  Poly2        0
 Metal1     6572
 Metal2     5689
 Metal3       66
 Metal4        0
----------------
       12327


[INFO DRT-0195] Start 2nd optimization iteration.
    Completing 10% with 53 violations.
    elapsed time = 00:00:00, memory = 617.27 (MB).
    Completing 20% with 53 violations.
    elapsed time = 00:00:00, memory = 617.27 (MB).
    Completing 30% with 48 violations.
    elapsed time = 00:00:00, memory = 617.49 (MB).
    Completing 40% with 48 violations.
    elapsed time = 00:00:00, memory = 617.49 (MB).
    Completing 50% with 48 violations.
    elapsed time = 00:00:02, memory = 618.62 (MB).
    Completing 60% with 44 violations.
    elapsed time = 00:00:02, memory = 618.62 (MB).
    Completing 70% with 44 violations.
    elapsed time = 00:00:03, memory = 622.66 (MB).
    Completing 80% with 39 violations.
    elapsed time = 00:00:03, memory = 622.82 (MB).
    Completing 90% with 39 violations.
    elapsed time = 00:00:03, memory = 622.82 (MB).
    Completing 100% with 26 violations.
    elapsed time = 00:00:04, memory = 622.83 (MB).
[INFO DRT-0199]   Number of violations = 26.
Viol/Layer      Metal2
Metal Spacing        1
Short               25
[INFO DRT-0267] cpu time = 00:00:34, elapsed time = 00:00:05, memory = 622.83 (MB), peak = 632.64 (MB)
Total wire length = 94628 um.
Total wire length on LAYER Metal1 = 0 um.
Total wire length on LAYER Metal2 = 51134 um.
Total wire length on LAYER Metal3 = 42747 um.
Total wire length on LAYER Metal4 = 745 um.
Total wire length on LAYER Metal5 = 0 um.
Total number of vias = 12292.
Up-via summary (total 12292):

----------------
  Poly2        0
 Metal1     6573
 Metal2     5657
 Metal3       62
 Metal4        0
----------------
       12292


[INFO DRT-0195] Start 3rd guides tiles iteration.
    Completing 10% with 26 violations.
    elapsed time = 00:00:00, memory = 625.51 (MB).
    Completing 20% with 26 violations.
    elapsed time = 00:00:00, memory = 625.51 (MB).
    Completing 30% with 26 violations.
    elapsed time = 00:00:00, memory = 625.51 (MB).
    Completing 40% with 26 violations.
    elapsed time = 00:00:00, memory = 625.51 (MB).
    Completing 50% with 0 violations.
    elapsed time = 00:00:00, memory = 626.61 (MB).
    Completing 60% with 0 violations.
    elapsed time = 00:00:00, memory = 626.61 (MB).
    Completing 70% with 0 violations.
    elapsed time = 00:00:00, memory = 626.61 (MB).
    Completing 80% with 0 violations.
    elapsed time = 00:00:00, memory = 626.61 (MB).
    Completing 90% with 0 violations.
    elapsed time = 00:00:00, memory = 626.61 (MB).
    Completing 100% with 0 violations.
    elapsed time = 00:00:00, memory = 626.61 (MB).
[INFO DRT-0199]   Number of violations = 0.
[INFO DRT-0267] cpu time = 00:00:12, elapsed time = 00:00:00, memory = 626.61 (MB), peak = 636.43 (MB)
Total wire length = 94576 um.
Total wire length on LAYER Metal1 = 0 um.
Total wire length on LAYER Metal2 = 50449 um.
Total wire length on LAYER Metal3 = 42755 um.
Total wire length on LAYER Metal4 = 1370 um.
Total wire length on LAYER Metal5 = 0 um.
Total number of vias = 12353.
Up-via summary (total 12353):

----------------
  Poly2        0
 Metal1     6573
 Metal2     5675
 Metal3      105
 Metal4        0
----------------
       12353


[INFO DRT-0198] Complete detail routing.
Total wire length = 94576 um.
Total wire length on LAYER Metal1 = 0 um.
Total wire length on LAYER Metal2 = 50449 um.
Total wire length on LAYER Metal3 = 42755 um.
Total wire length on LAYER Metal4 = 1370 um.
Total wire length on LAYER Metal5 = 0 um.
Total number of vias = 12353.
Up-via summary (total 12353):

----------------
  Poly2        0
 Metal1     6573
 Metal2     5675
 Metal3      105
 Metal4        0
----------------
       12353


[INFO DRT-0267] cpu time = 00:02:36, elapsed time = 00:00:19, memory = 626.72 (MB), peak = 636.43 (MB)

[INFO DRT-0180] Post processing.
+ check_antennas 
[INFO ANT-0002] Found 2 net violations.
[INFO ANT-0001] Found 2 pin violations.
[INFO] Running antenna repair iteration 1…
+ repair_antennas gf180mcu_fd_sc_mcu7t5v0__antenna -ratio_margin 10
[INFO GRT-0012] Found 3 antenna violations.
[INFO GRT-0015] Inserted 3 diodes.
+ detailed_route -droute_end_iter 64 -or_seed 42 -verbose 1 -output_drc /home/sahana/core5_udma/hardening/uart_top/runs/CLOSURE_FULL_1/46-openroad-detailedrouting/drt-run-1/udma_uart_top.drc
[INFO DRT-0024]   Complete Poly2.
[INFO DRT-0024]   Complete CON.
[INFO DRT-0024]   Complete Metal1.
[INFO DRT-0024]   Complete Via1.
[INFO DRT-0024]   Complete Metal2.
[INFO DRT-0024]   Complete Via2.
[INFO DRT-0024]   Complete Metal3.
[INFO DRT-0024]   Complete Via3.
[INFO DRT-0024]   Complete Metal4.
[INFO DRT-0024]   Complete Via4.
[INFO DRT-0024]   Complete Metal5.
[INFO DRT-0165] Start pin access.
[INFO DRT-0076]   Complete 1000 pins.
[INFO DRT-0078]   Complete 1169 pins.
[INFO DRT-0079]   Complete 100 unique inst patterns.
[INFO DRT-0081]   Complete 155 unique inst patterns.
[INFO DRT-0084]   Complete 1419 groups.
#scanned instances     = 3136
#unique  instances     = 159
#stdCellGenAp          = 2889
#stdCellValidPlanarAp  = 0
#stdCellValidViaAp     = 2602
#stdCellPinNoAp        = 0
#stdCellPinCnt         = 6379
#instTermValidViaApCnt = 0
#macroGenAp            = 0
#macroValidPlanarAp    = 0
#macroValidViaAp       = 0
#macroNoAp             = 0
[INFO DRT-0166] Complete pin access.
[INFO DRT-0267] cpu time = 00:01:03, elapsed time = 00:00:05, memory = 628.21 (MB), peak = 636.43 (MB)

[INFO DRT-0157] Number of guides:     16495

[INFO DRT-0169] Post process guides.
[INFO DRT-0176] GCELLGRID X 0 DO 48 STEP 16800 ;
[INFO DRT-0177] GCELLGRID Y 0 DO 50 STEP 16800 ;
[INFO DRT-0028]   Complete Poly2.
[INFO DRT-0028]   Complete CON.
[INFO DRT-0028]   Complete Metal1.
[INFO DRT-0028]   Complete Via1.
[INFO DRT-0028]   Complete Metal2.
[INFO DRT-0028]   Complete Via2.
[INFO DRT-0028]   Complete Metal3.
[INFO DRT-0028]   Complete Via3.
[INFO DRT-0028]   Complete Metal4.
[INFO DRT-0028]   Complete Via4.
[INFO DRT-0028]   Complete Metal5.
[INFO DRT-0178] Init guide query.
[INFO DRT-0035]   Complete Poly2 (guide).
[INFO DRT-0035]   Complete CON (guide).
[INFO DRT-0035]   Complete Metal1 (guide).
[INFO DRT-0035]   Complete Via1 (guide).
[INFO DRT-0035]   Complete Metal2 (guide).
[INFO DRT-0035]   Complete Via2 (guide).
[INFO DRT-0035]   Complete Metal3 (guide).
[INFO DRT-0035]   Complete Via3 (guide).
[INFO DRT-0035]   Complete Metal4 (guide).
[INFO DRT-0035]   Complete Via4 (guide).
[INFO DRT-0035]   Complete Metal5 (guide).
[INFO DRT-0036] Poly2 guide region query size = 0.
[INFO DRT-0036] CON guide region query size = 0.
[INFO DRT-0036] Metal1 guide region query size = 5828.
[INFO DRT-0036] Via1 guide region query size = 0.
[INFO DRT-0036] Metal2 guide region query size = 5403.
[INFO DRT-0036] Via2 guide region query size = 0.
[INFO DRT-0036] Metal3 guide region query size = 2644.
[INFO DRT-0036] Via3 guide region query size = 0.
[INFO DRT-0036] Metal4 guide region query size = 11.
[INFO DRT-0036] Via4 guide region query size = 0.
[INFO DRT-0036] Metal5 guide region query size = 0.
[INFO DRT-0179] Init gr pin query.
[INFO DRT-0267] cpu time = 00:00:01, elapsed time = 00:00:00, memory = 628.21 (MB), peak = 636.43 (MB)
[INFO DRT-0245] skipped writing guide updates to database.
[INFO DRT-0185] Post process initialize RPin region query.
[INFO DRT-0181] Start track assignment.
[INFO DRT-0184] Done with 5414 vertical wires in 1 frboxes and 8472 horizontal wires in 1 frboxes.
[INFO DRT-0186] Done with 1129 vertical wires in 1 frboxes and 942 horizontal wires in 1 frboxes.
[INFO DRT-0182] Complete track assignment.
[INFO DRT-0267] cpu time = 00:00:09, elapsed time = 00:00:02, memory = 636.02 (MB), peak = 636.43 (MB)
[INFO DRT-0187] Start routing data preparation.
[INFO DRT-0267] cpu time = 00:00:00, elapsed time = 00:00:00, memory = 636.02 (MB), peak = 636.43 (MB)
[INFO DRT-0194] Start detail routing.
[INFO DRT-0195] Start 0th optimization iteration.
    Completing 10% with 0 violations.
    elapsed time = 00:00:00, memory = 636.04 (MB).
    Completing 20% with 0 violations.
    elapsed time = 00:00:01, memory = 636.04 (MB).
    Completing 30% with 8 violations.
    elapsed time = 00:00:02, memory = 637.10 (MB).
    Completing 40% with 8 violations.
    elapsed time = 00:00:02, memory = 637.10 (MB).
    Completing 50% with 8 violations.
    elapsed time = 00:00:02, memory = 637.10 (MB).
    Completing 60% with 14 violations.
    elapsed time = 00:00:04, memory = 640.05 (MB).
    Completing 70% with 14 violations.
    elapsed time = 00:00:05, memory = 640.39 (MB).
    Completing 80% with 14 violations.
    elapsed time = 00:00:06, memory = 640.46 (MB).
    Completing 90% with 14 violations.
    elapsed time = 00:00:06, memory = 645.09 (MB).
    Completing 100% with 14 violations.
    elapsed time = 00:00:07, memory = 645.09 (MB).
[INFO DRT-0199]   Number of violations = 18.
Viol/Layer      Metal2 Metal3
Metal Spacing        1      0
Recheck              4      0
Short               12      1
[INFO DRT-0267] cpu time = 00:01:03, elapsed time = 00:00:08, memory = 734.78 (MB), peak = 732.61 (MB)
Total wire length = 94594 um.
Total wire length on LAYER Metal1 = 0 um.
Total wire length on LAYER Metal2 = 50461 um.
Total wire length on LAYER Metal3 = 42762 um.
Total wire length on LAYER Metal4 = 1370 um.
Total wire length on LAYER Metal5 = 0 um.
Total number of vias = 12357.
Up-via summary (total 12357):

----------------
  Poly2        0
 Metal1     6578
 Metal2     5674
 Metal3      105
 Metal4        0
----------------
       12357


[INFO DRT-0195] Start 1st optimization iteration.
    Completing 10% with 18 violations.
    elapsed time = 00:00:00, memory = 734.78 (MB).
    Completing 20% with 18 violations.
    elapsed time = 00:00:00, memory = 734.80 (MB).
    Completing 30% with 8 violations.
    elapsed time = 00:00:01, memory = 679.80 (MB).
    Completing 40% with 8 violations.
    elapsed time = 00:00:01, memory = 679.80 (MB).
    Completing 50% with 8 violations.
    elapsed time = 00:00:02, memory = 679.80 (MB).
    Completing 60% with 1 violations.
    elapsed time = 00:00:02, memory = 642.12 (MB).
    Completing 70% with 1 violations.
    elapsed time = 00:00:02, memory = 642.12 (MB).
    Completing 80% with 1 violations.
    elapsed time = 00:00:02, memory = 642.12 (MB).
    Completing 90% with 1 violations.
    elapsed time = 00:00:03, memory = 642.12 (MB).
    Completing 100% with 1 violations.
    elapsed time = 00:00:03, memory = 642.12 (MB).
[INFO DRT-0199]   Number of violations = 1.
Viol/Layer      Metal2
Short                1
[INFO DRT-0267] cpu time = 00:00:41, elapsed time = 00:00:03, memory = 734.82 (MB), peak = 732.71 (MB)
Total wire length = 94599 um.
Total wire length on LAYER Metal1 = 0 um.
Total wire length on LAYER Metal2 = 50451 um.
Total wire length on LAYER Metal3 = 42776 um.
Total wire length on LAYER Metal4 = 1370 um.
Total wire length on LAYER Metal5 = 0 um.
Total number of vias = 12360.
Up-via summary (total 12360):

----------------
  Poly2        0
 Metal1     6576
 Metal2     5679
 Metal3      105
 Metal4        0
----------------
       12360


[INFO DRT-0195] Start 2nd optimization iteration.
    Completing 10% with 1 violations.
    elapsed time = 00:00:00, memory = 734.82 (MB).
    Completing 20% with 1 violations.
    elapsed time = 00:00:00, memory = 734.82 (MB).
    Completing 30% with 1 violations.
    elapsed time = 00:00:00, memory = 734.82 (MB).
    Completing 40% with 1 violations.
    elapsed time = 00:00:00, memory = 734.82 (MB).
    Completing 50% with 1 violations.
    elapsed time = 00:00:00, memory = 734.82 (MB).
    Completing 60% with 1 violations.
    elapsed time = 00:00:00, memory = 734.82 (MB).
    Completing 70% with 1 violations.
    elapsed time = 00:00:00, memory = 734.82 (MB).
    Completing 80% with 1 violations.
    elapsed time = 00:00:00, memory = 734.82 (MB).
    Completing 90% with 1 violations.
    elapsed time = 00:00:00, memory = 734.82 (MB).
    Completing 100% with 0 violations.
    elapsed time = 00:00:00, memory = 734.82 (MB).
[INFO DRT-0199]   Number of violations = 0.
[INFO DRT-0267] cpu time = 00:00:06, elapsed time = 00:00:00, memory = 679.82 (MB), peak = 732.71 (MB)
Total wire length = 94599 um.
Total wire length on LAYER Metal1 = 0 um.
Total wire length on LAYER Metal2 = 50453 um.
Total wire length on LAYER Metal3 = 42775 um.
Total wire length on LAYER Metal4 = 1370 um.
Total wire length on LAYER Metal5 = 0 um.
Total number of vias = 12360.
Up-via summary (total 12360):

----------------
  Poly2        0
 Metal1     6576
 Metal2     5679
 Metal3      105
 Metal4        0
----------------
       12360


[INFO DRT-0198] Complete detail routing.
Total wire length = 94599 um.
Total wire length on LAYER Metal1 = 0 um.
Total wire length on LAYER Metal2 = 50453 um.
Total wire length on LAYER Metal3 = 42775 um.
Total wire length on LAYER Metal4 = 1370 um.
Total wire length on LAYER Metal5 = 0 um.
Total number of vias = 12360.
Up-via summary (total 12360):

----------------
  Poly2        0
 Metal1     6576
 Metal2     5679
 Metal3      105
 Metal4        0
----------------
       12360


[INFO DRT-0267] cpu time = 00:01:51, elapsed time = 00:00:13, memory = 679.82 (MB), peak = 732.71 (MB)

[INFO DRT-0180] Post processing.
+ check_antennas 
[INFO ANT-0002] Found 0 net violations.
[INFO ANT-0001] Found 0 pin violations.
Setting global connections for newly added cells…
[INFO] Setting global connections...
[INFO ODB-0403] 12 connections made, 0 conflicts skipped.
Updating metrics…
Cell type report:                       Count       Area
  Endcap cell                             198     869.30
  Tap cell                                961    4219.17
  Antenna cell                              3      13.17
  Tie cell                                 33     289.77
  Clock buffer                            119    8174.92
  Timing Repair Buffer                    528   14167.82
  Inverter                                 68     597.09
  Sequential cell                         339   25455.54
  Multi-Input combinational cell          887   19425.32
  Total                                  3136   73212.12
Writing OpenROAD database to '/home/sahana/core5_udma/hardening/uart_top/runs/CLOSURE_FULL_1/46-openroad-detailedrouting/udma_uart_top.odb'…
Writing netlist to '/home/sahana/core5_udma/hardening/uart_top/runs/CLOSURE_FULL_1/46-openroad-detailedrouting/udma_uart_top.nl.v'…
Writing powered netlist to '/home/sahana/core5_udma/hardening/uart_top/runs/CLOSURE_FULL_1/46-openroad-detailedrouting/udma_uart_top.pnl.v'…
Writing layout to '/home/sahana/core5_udma/hardening/uart_top/runs/CLOSURE_FULL_1/46-openroad-detailedrouting/udma_uart_top.def'…
Writing timing constraints to '/home/sahana/core5_udma/hardening/uart_top/runs/CLOSURE_FULL_1/46-openroad-detailedrouting/udma_uart_top.sdc'…
