
===========================================================================
report_checks -unconstrained
===========================================================================
======================= nom_ff_n40C_5v50 Corner ===================================

Startpoint: _2030_ (rising edge-triggered flip-flop clocked by sys_clk)
Endpoint: _2067_ (recovery check against rising-edge clock sys_clk)
Path Group: asynchronous
Path Type: max

Fanout         Cap        Slew       Delay        Time   Description
---------------------------------------------------------------------------------------------
                                  0.000000    0.000000   clock sys_clk (rise edge)
                                  0.000000    0.000000   clock source latency
     1    0.055819    0.169859    0.095090    0.095090 ^ sys_clk_i (in)
                                                         sys_clk_i (net)
                      0.170393    0.000000    0.095090 ^ clkbuf_0_sys_clk_i/I (gf180mcu_fd_sc_mcu7t5v0__clkbuf_16)
    16    0.287751    0.195415    0.244497    0.339587 ^ clkbuf_0_sys_clk_i/Z (gf180mcu_fd_sc_mcu7t5v0__clkbuf_16)
                                                         clknet_0_sys_clk_i (net)
                      0.209846    0.025216    0.364803 ^ clkbuf_4_7_0_sys_clk_i/I (gf180mcu_fd_sc_mcu7t5v0__clkbuf_8)
     2    0.050349    0.101994    0.204820    0.569623 ^ clkbuf_4_7_0_sys_clk_i/Z (gf180mcu_fd_sc_mcu7t5v0__clkbuf_8)
                                                         clknet_4_7_0_sys_clk_i (net)
                      0.101998    0.001029    0.570652 ^ clkbuf_5_14__f_sys_clk_i/I (gf180mcu_fd_sc_mcu7t5v0__clkbuf_16)
     6    0.041610    0.069004    0.160613    0.731265 ^ clkbuf_5_14__f_sys_clk_i/Z (gf180mcu_fd_sc_mcu7t5v0__clkbuf_16)
                                                         clknet_5_14__leaf_sys_clk_i (net)
                      0.069008    0.001019    0.732283 ^ _2030_/CLK (gf180mcu_fd_sc_mcu7t5v0__dffrnq_1)
     2    0.023928    0.182748    0.513922    1.246206 v _2030_/Q (gf180mcu_fd_sc_mcu7t5v0__dffrnq_1)
                                                         s_uart_rx_clean_fifo (net)
                      0.182765    0.001047    1.247253 v _0923_/A2 (gf180mcu_fd_sc_mcu7t5v0__nor2_1)
     2    0.017779    0.392580    0.272710    1.519962 ^ _0923_/ZN (gf180mcu_fd_sc_mcu7t5v0__nor2_1)
                                                         u_dc_fifo_rx.dst_rstn_i (net)
                      0.392580    0.000211    1.520174 ^ fanout356/I (gf180mcu_fd_sc_mcu7t5v0__buf_1)
     8    0.078671    0.868894    0.625438    2.145611 ^ fanout356/Z (gf180mcu_fd_sc_mcu7t5v0__buf_1)
                                                         net356 (net)
                      0.868949    0.003938    2.149549 ^ fanout352/I (gf180mcu_fd_sc_mcu7t5v0__dlyb_1)
     2    0.016037    0.212166    0.594615    2.744164 ^ fanout352/Z (gf180mcu_fd_sc_mcu7t5v0__dlyb_1)
                                                         net352 (net)
                      0.212166    0.000183    2.744348 ^ load_slew353/I (gf180mcu_fd_sc_mcu7t5v0__clkbuf_4)
     9    0.089267    0.259625    0.315071    3.059419 ^ load_slew353/Z (gf180mcu_fd_sc_mcu7t5v0__clkbuf_4)
                                                         net353 (net)
                      0.259726    0.002829    3.062247 ^ _2067_/SETN (gf180mcu_fd_sc_mcu7t5v0__dffsnq_1)
                                              3.062247   data arrival time

                                 20.000000   20.000000   clock sys_clk (rise edge)
                                  0.000000   20.000000   clock source latency
     1    0.055819    0.169859    0.095090   20.095091 ^ sys_clk_i (in)
                                                         sys_clk_i (net)
                      0.170393    0.000000   20.095091 ^ clkbuf_0_sys_clk_i/I (gf180mcu_fd_sc_mcu7t5v0__clkbuf_16)
    16    0.287751    0.195415    0.244496   20.339586 ^ clkbuf_0_sys_clk_i/Z (gf180mcu_fd_sc_mcu7t5v0__clkbuf_16)
                                                         clknet_0_sys_clk_i (net)
                      0.209618    0.024942   20.364529 ^ clkbuf_4_4_0_sys_clk_i/I (gf180mcu_fd_sc_mcu7t5v0__clkbuf_8)
     2    0.049220    0.100887    0.204103   20.568632 ^ clkbuf_4_4_0_sys_clk_i/Z (gf180mcu_fd_sc_mcu7t5v0__clkbuf_8)
                                                         clknet_4_4_0_sys_clk_i (net)
                      0.100887    0.000547   20.569180 ^ clkbuf_5_8__f_sys_clk_i/I (gf180mcu_fd_sc_mcu7t5v0__clkbuf_16)
     6    0.031172    0.063153    0.156057   20.725235 ^ clkbuf_5_8__f_sys_clk_i/Z (gf180mcu_fd_sc_mcu7t5v0__clkbuf_16)
                                                         clknet_5_8__leaf_sys_clk_i (net)
                      0.063153    0.000137   20.725372 ^ _2067_/CLK (gf180mcu_fd_sc_mcu7t5v0__dffsnq_1)
                                 -0.250000   20.475372   clock uncertainty
                                  0.000000   20.475372   clock reconvergence pessimism
                                 -0.007581   20.467793   library recovery time
                                             20.467793   data required time
---------------------------------------------------------------------------------------------
                                             20.467793   data required time
                                             -3.062247   data arrival time
---------------------------------------------------------------------------------------------
                                             17.405546   slack (MET)


Startpoint: _1984_ (rising edge-triggered flip-flop clocked by periph_clk)
Endpoint: uart_tx_o (output port clocked by periph_clk)
Path Group: periph_clk
Path Type: max

Fanout         Cap        Slew       Delay        Time   Description
---------------------------------------------------------------------------------------------
                                  0.000000    0.000000   clock periph_clk (rise edge)
                                  0.000000    0.000000   clock source latency
     1    0.050946    0.157440    0.086409    0.086409 ^ periph_clk_i (in)
                                                         periph_clk_i (net)
                      0.157686    0.000000    0.086409 ^ clkbuf_0_periph_clk_i/I (gf180mcu_fd_sc_mcu7t5v0__clkbuf_16)
    16    0.254723    0.195490    0.256039    0.342448 ^ clkbuf_0_periph_clk_i/Z (gf180mcu_fd_sc_mcu7t5v0__clkbuf_16)
                                                         clknet_0_periph_clk_i (net)
                      0.195766    0.004490    0.346938 ^ clkbuf_4_9_0_periph_clk_i/I (gf180mcu_fd_sc_mcu7t5v0__clkbuf_8)
     2    0.047219    0.098499    0.199327    0.546265 ^ clkbuf_4_9_0_periph_clk_i/Z (gf180mcu_fd_sc_mcu7t5v0__clkbuf_8)
                                                         clknet_4_9_0_periph_clk_i (net)
                      0.098500    0.000709    0.546974 ^ clkbuf_5_19__f_periph_clk_i/I (gf180mcu_fd_sc_mcu7t5v0__clkbuf_16)
     5    0.028160    0.061449    0.154301    0.701275 ^ clkbuf_5_19__f_periph_clk_i/Z (gf180mcu_fd_sc_mcu7t5v0__clkbuf_16)
                                                         clknet_5_19__leaf_periph_clk_i (net)
                      0.061449    0.000316    0.701591 ^ _1984_/CLK (gf180mcu_fd_sc_mcu7t5v0__dffrnq_1)
     8    0.051859    0.586919    0.831462    1.533053 ^ _1984_/Q (gf180mcu_fd_sc_mcu7t5v0__dffrnq_1)
                                                         u_uart_tx.CS[2] (net)
                      0.586921    0.000704    1.533757 ^ _0997_/A1 (gf180mcu_fd_sc_mcu7t5v0__nor2_1)
     3    0.014213    0.265361    0.173406    1.707163 v _0997_/ZN (gf180mcu_fd_sc_mcu7t5v0__nor2_1)
                                                         _0779_ (net)
                      0.265361    0.000129    1.707292 v _1203_/A2 (gf180mcu_fd_sc_mcu7t5v0__and2_1)
     5    0.031636    0.233443    0.344099    2.051390 v _1203_/Z (gf180mcu_fd_sc_mcu7t5v0__and2_1)
                                                         _0350_ (net)
                      0.233450    0.000688    2.052079 v _1205_/A2 (gf180mcu_fd_sc_mcu7t5v0__aoi21_1)
     1    0.022129    0.523592    0.357468    2.409547 ^ _1205_/ZN (gf180mcu_fd_sc_mcu7t5v0__aoi21_1)
                                                         net220 (net)
                      0.523593    0.001112    2.410659 ^ output220/I (gf180mcu_fd_sc_mcu7t5v0__buf_1)
     1    0.006658    0.113567    0.183507    2.594165 ^ output220/Z (gf180mcu_fd_sc_mcu7t5v0__buf_1)
                                                         net266 (net)
                      0.113567    0.000074    2.594240 ^ wire266/I (gf180mcu_fd_sc_mcu7t5v0__clkbuf_3)
     1    0.074894    0.223604    0.274327    2.868566 ^ wire266/Z (gf180mcu_fd_sc_mcu7t5v0__clkbuf_3)
                                                         uart_tx_o (net)
                      0.223623    0.001117    2.869684 ^ uart_tx_o (out)
                                              2.869684   data arrival time

                                 20.000000   20.000000   clock periph_clk (rise edge)
                                  0.000000   20.000000   clock network delay (propagated)
                                 -0.250000   19.750002   clock uncertainty
                                  0.000000   19.750002   clock reconvergence pessimism
                                 -2.000000   17.750002   output external delay
                                             17.750002   data required time
---------------------------------------------------------------------------------------------
                                             17.750002   data required time
                                             -2.869684   data arrival time
---------------------------------------------------------------------------------------------
                                             14.880318   slack (MET)


Startpoint: cfg_valid_i (input port clocked by sys_clk)
Endpoint: cfg_data_o[23] (output port clocked by sys_clk)
Path Group: sys_clk
Path Type: max

Fanout         Cap        Slew       Delay        Time   Description
---------------------------------------------------------------------------------------------
                                  0.000000    0.000000   clock sys_clk (rise edge)
                                  0.000000    0.000000   clock network delay (propagated)
                                  2.000000    2.000000 v input external delay
     1    0.007016    0.062071    0.028928    2.028929 v cfg_valid_i (in)
                                                         cfg_valid_i (net)
                      0.062071    0.000000    2.028929 v input99/I (gf180mcu_fd_sc_mcu7t5v0__dlyb_1)
     8    0.054350    0.413709    0.821702    2.850630 v input99/Z (gf180mcu_fd_sc_mcu7t5v0__dlyb_1)
                                                         net99 (net)
                      0.413762    0.002647    2.853278 v _1085_/A2 (gf180mcu_fd_sc_mcu7t5v0__nand3_1)
     5    0.023689    0.426117    0.355647    3.208925 ^ _1085_/ZN (gf180mcu_fd_sc_mcu7t5v0__nand3_1)
                                                         _0291_ (net)
                      0.426117    0.000415    3.209340 ^ _1086_/A2 (gf180mcu_fd_sc_mcu7t5v0__nor2_1)
     4    0.019786    0.317681    0.225407    3.434747 v _1086_/ZN (gf180mcu_fd_sc_mcu7t5v0__nor2_1)
                                                         _0292_ (net)
                      0.317681    0.000116    3.434863 v _1087_/A2 (gf180mcu_fd_sc_mcu7t5v0__and2_1)
     1    0.014176    0.134292    0.285965    3.720829 v _1087_/Z (gf180mcu_fd_sc_mcu7t5v0__and2_1)
                                                         _0293_ (net)
                      0.134292    0.000613    3.721442 v fanout339/I (gf180mcu_fd_sc_mcu7t5v0__buf_1)
    11    0.134995    0.891964    0.702589    4.424031 v fanout339/Z (gf180mcu_fd_sc_mcu7t5v0__buf_1)
                                                         net339 (net)
                      0.892017    0.003939    4.427969 v fanout338/I (gf180mcu_fd_sc_mcu7t5v0__dlyb_1)
     7    0.050073    0.388363    1.088315    5.516284 v fanout338/Z (gf180mcu_fd_sc_mcu7t5v0__dlyb_1)
                                                         net338 (net)
                      0.388367    0.000914    5.517199 v fanout337/I (gf180mcu_fd_sc_mcu7t5v0__dlyb_1)
    10    0.061013    0.451546    0.966920    6.484119 v fanout337/Z (gf180mcu_fd_sc_mcu7t5v0__dlyb_1)
                                                         net337 (net)
                      0.451546    0.000079    6.484198 v _1095_/A2 (gf180mcu_fd_sc_mcu7t5v0__and2_1)
     1    0.022651    0.184686    0.360280    6.844478 v _1095_/Z (gf180mcu_fd_sc_mcu7t5v0__and2_1)
                                                         net128 (net)
                      0.184687    0.001088    6.845565 v output128/I (gf180mcu_fd_sc_mcu7t5v0__buf_1)
     1    0.005809    0.080556    0.196207    7.041773 v output128/Z (gf180mcu_fd_sc_mcu7t5v0__buf_1)
                                                         net285 (net)
                      0.080556    0.000056    7.041829 v wire285/I (gf180mcu_fd_sc_mcu7t5v0__clkbuf_3)
     1    0.074128    0.220551    0.268384    7.310214 v wire285/Z (gf180mcu_fd_sc_mcu7t5v0__clkbuf_3)
                                                         cfg_data_o[23] (net)
                      0.220565    0.000978    7.311192 v cfg_data_o[23] (out)
                                              7.311192   data arrival time

                                 20.000000   20.000000   clock sys_clk (rise edge)
                                  0.000000   20.000000   clock network delay (propagated)
                                 -0.250000   19.750002   clock uncertainty
                                  0.000000   19.750002   clock reconvergence pessimism
                                 -2.000000   17.750002   output external delay
                                             17.750002   data required time
---------------------------------------------------------------------------------------------
                                             17.750002   data required time
                                             -7.311192   data arrival time
---------------------------------------------------------------------------------------------
                                             10.438809   slack (MET)




===========================================================================
report_checks --slack_max -0.01
============================================================================
======================= nom_ff_n40C_5v50 Corner ===================================

No paths found.


===========================================================================
 report_check_types -max_slew -max_cap -max_fanout -violators
============================================================================
======================= nom_ff_n40C_5v50 Corner ===================================

max fanout

Pin                                   Limit Fanout  Slack
---------------------------------------------------------
clkbuf_0_periph_clk_i/Z                  10     16     -6 (VIOLATED)
clkbuf_0_sys_clk_i/Z                     10     16     -6 (VIOLATED)
fanout339/Z                              10     11        (VIOLATED)

max capacitance

Pin                                        Limit         Cap       Slack
------------------------------------------------------------------------
clkbuf_0_sys_clk_i/Z                    0.200000    0.287751   -0.087751 (VIOLATED)
clkbuf_0_periph_clk_i/Z                 0.200000    0.254723   -0.054723 (VIOLATED)



===========================================================================
report_parasitic_annotation -report_unannotated
============================================================================
Found 45 unannotated drivers.
 data_tx_i[10]
 data_tx_i[11]
 data_tx_i[12]
 data_tx_i[13]
 data_tx_i[14]
 data_tx_i[15]
 data_tx_i[16]
 data_tx_i[17]
 data_tx_i[18]
 data_tx_i[19]
 data_tx_i[20]
 data_tx_i[21]
 data_tx_i[22]
 data_tx_i[23]
 data_tx_i[24]
 data_tx_i[25]
 data_tx_i[26]
 data_tx_i[27]
 data_tx_i[28]
 data_tx_i[29]
 data_tx_i[30]
 data_tx_i[31]
 data_tx_i[8]
 data_tx_i[9]
 clkload0/Z
 clkload1/Z
 clkload10/Z
 clkload11/Z
 clkload12/Z
 clkload13/Z
 clkload14/Z
 clkload15/Z
 clkload16/Z
 clkload17/Z
 clkload18/Z
 clkload19/Z
 clkload2/Z
 clkload20/Z
 clkload3/Z
 clkload4/Z
 clkload5/Z
 clkload6/Z
 clkload7/Z
 clkload8/Z
 clkload9/Z
Found 0 partially unannotated drivers.

===========================================================================
max slew violation count 0
max fanout violation count 3
max cap violation count 2
============================================================================

===========================================================================
check_setup -verbose -unconstrained_endpoints -multiple_clock -no_clock -no_input_delay -loops -generated_clocks
===========================================================================
Warning: There is 1 input port missing set_input_delay.
  rstn_i
