Clock: sys_clk
Sources: sys_clk_i 
Generated: no
Virtual: yes
Propagated: no
Period: 20.000000

===========================================================================
report_clock_properties
============================================================================
Clock                   Period          Waveform
----------------------------------------------------
sys_clk              20.000000    0.000000 10.000000

===========================================================================
report_clock_latency
============================================================================
Clock sys_clk
rise -> rise
    min     max
0.000000 0.000000 source latency
2.251399         network latency _1808_/CLK
        2.343366 network latency _1939_/CLK
---------------
2.251399 2.343366 latency
        0.091967 skew

fall -> fall
    min     max
0.000000 0.000000 source latency
2.212892         network latency _1808_/CLK
        2.315736 network latency _1939_/CLK
---------------
2.212892 2.315736 latency
        0.102844 skew



===========================================================================
report_clock_min_period
============================================================================
sys_clk period_min = 11.22 fmax = 89.09
Clock: periph_clk
Sources: periph_clk_i 
Generated: no
Virtual: yes
Propagated: no
Period: 20.000000

===========================================================================
report_clock_properties
============================================================================
Clock                   Period          Waveform
----------------------------------------------------
periph_clk           20.000000    0.000000 10.000000

===========================================================================
report_clock_latency
============================================================================
Clock periph_clk
rise -> rise
    min     max
0.000000 0.000000 source latency
2.191910         network latency _2035_/CLK
        2.231861 network latency _2077_/CLK
---------------
2.191910 2.231861 latency
        0.039952 skew

fall -> fall
    min     max
0.000000 0.000000 source latency
2.160755         network latency _2071_/CLK
        2.205818 network latency _2077_/CLK
---------------
2.160755 2.205818 latency
        0.045063 skew



===========================================================================
report_clock_min_period
============================================================================
periph_clk period_min = 18.85 fmax = 53.06
