Clock: clk_i
Sources: clk_i 
Generated: no
Virtual: yes
Propagated: no
Period: 20.000000

===========================================================================
report_clock_properties
============================================================================
Clock                   Period          Waveform
----------------------------------------------------
clk_i                20.000000    0.000000 10.000000

===========================================================================
report_clock_latency
============================================================================
Clock clk_i
rise -> rise
    min     max
0.000000 0.000000 source latency
0.408976         network latency _372_/CLK
        0.414314 network latency _390_/CLK
---------------
0.408976 0.414314 latency
        0.005338 skew

fall -> fall
    min     max
0.000000 0.000000 source latency
0.377838         network latency _372_/CLK
        0.383429 network latency _390_/CLK
---------------
0.377838 0.383429 latency
        0.005591 skew



===========================================================================
report_clock_min_period
============================================================================
clk_i period_min = 3.79 fmax = 264.19
