Clock: sys_clk
Sources: sys_clk_i 
Generated: no
Virtual: yes
Propagated: no
Period: 20.000000

===========================================================================
report_clock_properties
============================================================================
Clock                   Period          Waveform
----------------------------------------------------
sys_clk              20.000000    0.000000 10.000000

===========================================================================
report_clock_latency
============================================================================
Clock sys_clk
rise -> rise
    min     max
0.000000 0.000000 source latency
1.944129         network latency _1808_/CLK
        1.974645 network latency _1888_/CLK
---------------
1.944129 1.974645 latency
        0.030516 skew

fall -> fall
    min     max
0.000000 0.000000 source latency
1.894284         network latency _1808_/CLK
        1.925990 network latency _1895_/CLK
---------------
1.894284 1.925990 latency
        0.031706 skew



===========================================================================
report_clock_min_period
============================================================================
sys_clk period_min = 12.44 fmax = 80.41
Clock: periph_clk
Sources: periph_clk_i 
Generated: no
Virtual: yes
Propagated: no
Period: 20.000000

===========================================================================
report_clock_properties
============================================================================
Clock                   Period          Waveform
----------------------------------------------------
periph_clk           20.000000    0.000000 10.000000

===========================================================================
report_clock_latency
============================================================================
Clock periph_clk
rise -> rise
    min     max
0.000000 0.000000 source latency
1.878863         network latency _2021_/CLK
        1.900737 network latency _1798_/CLK
---------------
1.878863 1.900737 latency
        0.021874 skew

fall -> fall
    min     max
0.000000 0.000000 source latency
1.833634         network latency _2021_/CLK
        1.859062 network latency _1798_/CLK
---------------
1.833634 1.859062 latency
        0.025429 skew



===========================================================================
report_clock_min_period
============================================================================
periph_clk period_min = 16.82 fmax = 59.44
