Clock: sys_clk
Sources: sys_clk_i 
Generated: no
Virtual: yes
Propagated: no
Period: 20.000000

===========================================================================
report_clock_properties
============================================================================
Clock                   Period          Waveform
----------------------------------------------------
sys_clk              20.000000    0.000000 10.000000

===========================================================================
report_clock_latency
============================================================================
Clock sys_clk
rise -> rise
    min     max
0.000000 0.000000 source latency
0.841716         network latency _1808_/CLK
        0.885883 network latency _1939_/CLK
---------------
0.841716 0.885883 latency
        0.044167 skew

fall -> fall
    min     max
0.000000 0.000000 source latency
0.814441         network latency _1808_/CLK
        0.861419 network latency _1939_/CLK
---------------
0.814441 0.861419 latency
        0.046978 skew



===========================================================================
report_clock_min_period
============================================================================
sys_clk period_min = 4.19 fmax = 238.67
Clock: periph_clk
Sources: periph_clk_i 
Generated: no
Virtual: yes
Propagated: no
Period: 20.000000

===========================================================================
report_clock_properties
============================================================================
Clock                   Period          Waveform
----------------------------------------------------
periph_clk           20.000000    0.000000 10.000000

===========================================================================
report_clock_latency
============================================================================
Clock periph_clk
rise -> rise
    min     max
0.000000 0.000000 source latency
0.820566         network latency _2071_/CLK
        0.838689 network latency _2077_/CLK
---------------
0.820566 0.838689 latency
        0.018123 skew

fall -> fall
    min     max
0.000000 0.000000 source latency
0.796817         network latency _2071_/CLK
        0.816296 network latency _2077_/CLK
---------------
0.796817 0.816296 latency
        0.019479 skew



===========================================================================
report_clock_min_period
============================================================================
periph_clk period_min = 6.30 fmax = 158.64
