Starting…
Running 'Verilator.Lint' at '../../../../../../../home/sahana/core5_udma/hardening/uart_top/runs/CLOSURE_FULL_3/01-verilator-lint'…
Logging subprocess to [repr.filename]'../../../../../../../home/sahana/core5_udma/hardening/uart_top/runs/CLOSURE_FULL_3/01-verilator-lint/verilator-lint.log'[/repr.filename]…
Running 'Checker.LintTimingConstructs' at '../../../../../../../home/sahana/core5_udma/hardening/uart_top/runs/CLOSURE_FULL_3/02-checker-linttimingconstructs'…
Check for Lint Timing Errors clear.
Running 'Checker.LintErrors' at '../../../../../../../home/sahana/core5_udma/hardening/uart_top/runs/CLOSURE_FULL_3/03-checker-linterrors'…
Check for Lint errors clear.
Running 'Checker.LintWarnings' at '../../../../../../../home/sahana/core5_udma/hardening/uart_top/runs/CLOSURE_FULL_3/04-checker-lintwarnings'…
12 Lint warnings found.
Running 'Yosys.JsonHeader' at '../../../../../../../home/sahana/core5_udma/hardening/uart_top/runs/CLOSURE_FULL_3/05-yosys-jsonheader'…
Logging subprocess to [repr.filename]'../../../../../../../home/sahana/core5_udma/hardening/uart_top/runs/CLOSURE_FULL_3/05-yosys-jsonheader/yosys-jsonheader.log'[/repr.filename]…
Running 'Yosys.Synthesis' at '../../../../../../../home/sahana/core5_udma/hardening/uart_top/runs/CLOSURE_FULL_3/06-yosys-synthesis'…
Logging subprocess to [repr.filename]'../../../../../../../home/sahana/core5_udma/hardening/uart_top/runs/CLOSURE_FULL_3/06-yosys-synthesis/yosys-synthesis.log'[/repr.filename]…
Parsing synthesis checks…
Running 'Checker.YosysUnmappedCells' at '../../../../../../../home/sahana/core5_udma/hardening/uart_top/runs/CLOSURE_FULL_3/07-checker-yosysunmappedcells'…
Check for Unmapped Yosys instances clear.
Running 'Checker.YosysSynthChecks' at '../../../../../../../home/sahana/core5_udma/hardening/uart_top/runs/CLOSURE_FULL_3/08-checker-yosyssynthchecks'…
Check for Yosys check errors clear.
Running 'Checker.NetlistAssignStatements' at '../../../../../../../home/sahana/core5_udma/hardening/uart_top/runs/CLOSURE_FULL_3/09-checker-netlistassignstatements'…
Running 'OpenROAD.CheckSDCFiles' at '../../../../../../../home/sahana/core5_udma/hardening/uart_top/runs/CLOSURE_FULL_3/10-openroad-checksdcfiles'…
Running 'OpenROAD.CheckMacroInstances' at '../../../../../../../home/sahana/core5_udma/hardening/uart_top/runs/CLOSURE_FULL_3/11-openroad-checkmacroinstances'…
No macros found, skipping instance check…
Running 'OpenROAD.STAPrePNR' at '../../../../../../../home/sahana/core5_udma/hardening/uart_top/runs/CLOSURE_FULL_3/12-openroad-staprepnr'…
Starting STA for the nom_tt_025C_5v00 timing corner…
Starting STA for the nom_ss_125C_4v50 timing corner…
Starting STA for the nom_ff_n40C_5v50 timing corner…
Skipping corner min_tt_025C_5v00 for STA (identical to nom_tt_025C_5v00 at this stage)…
Skipping corner min_ss_125C_4v50 for STA (identical to nom_ss_125C_4v50 at this stage)…
Skipping corner min_ff_n40C_5v50 for STA (identical to nom_ff_n40C_5v50 at this stage)…
Skipping corner max_tt_025C_5v00 for STA (identical to nom_tt_025C_5v00 at this stage)…
Skipping corner max_ss_125C_4v50 for STA (identical to nom_ss_125C_4v50 at this stage)…
Skipping corner max_ff_n40C_5v50 for STA (identical to nom_ff_n40C_5v50 at this stage)…
Logging subprocess to [repr.filename]'../../../../../../../home/sahana/core5_udma/hardening/uart_top/runs/CLOSURE_FULL_3/12-openroad-staprepnr/nom_ss_125C_4v50/sta.log'[/repr.filename]…
Logging subprocess to [repr.filename]'../../../../../../../home/sahana/core5_udma/hardening/uart_top/runs/CLOSURE_FULL_3/12-openroad-staprepnr/nom_tt_025C_5v00/sta.log'[/repr.filename]…
Logging subprocess to [repr.filename]'../../../../../../../home/sahana/core5_udma/hardening/uart_top/runs/CLOSURE_FULL_3/12-openroad-staprepnr/nom_ff_n40C_5v50/sta.log'[/repr.filename]…
Finished STA for the nom_tt_025C_5v00 timing corner.
Finished STA for the nom_ss_125C_4v50 timing corner.
Finished STA for the nom_ff_n40C_5v50 timing corner.
Running 'OpenROAD.Floorplan' at '../../../../../../../home/sahana/core5_udma/hardening/uart_top/runs/CLOSURE_FULL_3/13-openroad-floorplan'…
Logging subprocess to [repr.filename]'../../../../../../../home/sahana/core5_udma/hardening/uart_top/runs/CLOSURE_FULL_3/13-openroad-floorplan/openroad-floorplan.log'[/repr.filename]…
Running 'OpenROAD.DumpRCValues' at '../../../../../../../home/sahana/core5_udma/hardening/uart_top/runs/CLOSURE_FULL_3/14-openroad-dumprcvalues'…
Logging subprocess to [repr.filename]'../../../../../../../home/sahana/core5_udma/hardening/uart_top/runs/CLOSURE_FULL_3/14-openroad-dumprcvalues/openroad-dumprcvalues.log'[/repr.filename]…
Running 'Odb.CheckMacroAntennaProperties' at '../../../../../../../home/sahana/core5_udma/hardening/uart_top/runs/CLOSURE_FULL_3/15-odb-checkmacroantennaproperties'…
No cells provided, skipping 'Odb.CheckMacroAntennaProperties'…
Running 'Odb.SetPowerConnections' at '../../../../../../../home/sahana/core5_udma/hardening/uart_top/runs/CLOSURE_FULL_3/16-odb-setpowerconnections'…
Logging subprocess to [repr.filename]'../../../../../../../home/sahana/core5_udma/hardening/uart_top/runs/CLOSURE_FULL_3/16-odb-setpowerconnections/odb-setpowerconnections.log'[/repr.filename]…
Running 'Odb.ManualMacroPlacement' at '../../../../../../../home/sahana/core5_udma/hardening/uart_top/runs/CLOSURE_FULL_3/17-odb-manualmacroplacement'…
No instances found, skipping 'Odb.ManualMacroPlacement'…
Running 'OpenROAD.CutRows' at '../../../../../../../home/sahana/core5_udma/hardening/uart_top/runs/CLOSURE_FULL_3/18-openroad-cutrows'…
Logging subprocess to [repr.filename]'../../../../../../../home/sahana/core5_udma/hardening/uart_top/runs/CLOSURE_FULL_3/18-openroad-cutrows/openroad-cutrows.log'[/repr.filename]…
Running 'OpenROAD.TapEndcapInsertion' at '../../../../../../../home/sahana/core5_udma/hardening/uart_top/runs/CLOSURE_FULL_3/19-openroad-tapendcapinsertion'…
Logging subprocess to [repr.filename]'../../../../../../../home/sahana/core5_udma/hardening/uart_top/runs/CLOSURE_FULL_3/19-openroad-tapendcapinsertion/openroad-tapendcapinsertion.log'[/repr.filename]…
Running 'Odb.AddPDNObstructions' at '../../../../../../../home/sahana/core5_udma/hardening/uart_top/runs/CLOSURE_FULL_3/20-odb-addpdnobstructions'…
'PDN_OBSTRUCTIONS' is not defined. Skipping 'Odb.AddPDNObstructions'…
Running 'OpenROAD.GeneratePDN' at '../../../../../../../home/sahana/core5_udma/hardening/uart_top/runs/CLOSURE_FULL_3/21-openroad-generatepdn'…
'PDN_CFG' not explicitly set, setting it to /nix/store/ffl2vg3m80k0p74pyffnmai83fnv38mf-python3-3.13.9-env/lib/python3.13/site-packages/librelane/scripts/openroad/common/pdn_cfg.tcl…
Logging subprocess to [repr.filename]'../../../../../../../home/sahana/core5_udma/hardening/uart_top/runs/CLOSURE_FULL_3/21-openroad-generatepdn/openroad-generatepdn.log'[/repr.filename]…
Running 'Odb.RemovePDNObstructions' at '../../../../../../../home/sahana/core5_udma/hardening/uart_top/runs/CLOSURE_FULL_3/22-odb-removepdnobstructions'…
'PDN_OBSTRUCTIONS' is not defined. Skipping 'Odb.RemovePDNObstructions'…
Running 'Odb.AddRoutingObstructions' at '../../../../../../../home/sahana/core5_udma/hardening/uart_top/runs/CLOSURE_FULL_3/23-odb-addroutingobstructions'…
'ROUTING_OBSTRUCTIONS' is not defined. Skipping 'Odb.AddRoutingObstructions'…
Running 'OpenROAD.GlobalPlacementSkipIO' at '../../../../../../../home/sahana/core5_udma/hardening/uart_top/runs/CLOSURE_FULL_3/24-openroad-globalplacementskipio'…
Logging subprocess to [repr.filename]'../../../../../../../home/sahana/core5_udma/hardening/uart_top/runs/CLOSURE_FULL_3/24-openroad-globalplacementskipio/openroad-globalplacementskipio.log'[/repr.filename]…
Running 'OpenROAD.IOPlacement' at '../../../../../../../home/sahana/core5_udma/hardening/uart_top/runs/CLOSURE_FULL_3/25-openroad-ioplacement'…
Logging subprocess to [repr.filename]'../../../../../../../home/sahana/core5_udma/hardening/uart_top/runs/CLOSURE_FULL_3/25-openroad-ioplacement/openroad-ioplacement.log'[/repr.filename]…
Running 'Odb.CustomIOPlacement' at '../../../../../../../home/sahana/core5_udma/hardening/uart_top/runs/CLOSURE_FULL_3/26-odb-customioplacement'…
No custom I/O placement file configured, skipping 'Odb.CustomIOPlacement'…
Running 'Odb.ApplyDEFTemplate' at '../../../../../../../home/sahana/core5_udma/hardening/uart_top/runs/CLOSURE_FULL_3/27-odb-applydeftemplate'…
No DEF template provided, skipping 'Odb.ApplyDEFTemplate'…
Running 'OpenROAD.GlobalPlacement' at '../../../../../../../home/sahana/core5_udma/hardening/uart_top/runs/CLOSURE_FULL_3/28-openroad-globalplacement'…
Logging subprocess to [repr.filename]'../../../../../../../home/sahana/core5_udma/hardening/uart_top/runs/CLOSURE_FULL_3/28-openroad-globalplacement/openroad-globalplacement.log'[/repr.filename]…
Running 'Odb.WriteVerilogHeader' at '../../../../../../../home/sahana/core5_udma/hardening/uart_top/runs/CLOSURE_FULL_3/29-odb-writeverilogheader'…
Logging subprocess to [repr.filename]'../../../../../../../home/sahana/core5_udma/hardening/uart_top/runs/CLOSURE_FULL_3/29-odb-writeverilogheader/odb-writeverilogheader.log'[/repr.filename]…
Running 'Checker.PowerGridViolations' at '../../../../../../../home/sahana/core5_udma/hardening/uart_top/runs/CLOSURE_FULL_3/30-checker-powergridviolations'…
Check for power grid violations (as reported by OpenROAD PSM- you may ignore these if LVS passes) clear.
Running 'OpenROAD.STAMidPNR' at '../../../../../../../home/sahana/core5_udma/hardening/uart_top/runs/CLOSURE_FULL_3/31-openroad-stamidpnr'…
Logging subprocess to [repr.filename]'../../../../../../../home/sahana/core5_udma/hardening/uart_top/runs/CLOSURE_FULL_3/31-openroad-stamidpnr/openroad-stamidpnr.log'[/repr.filename]…
Running 'OpenROAD.RepairDesignPostGPL' at '../../../../../../../home/sahana/core5_udma/hardening/uart_top/runs/CLOSURE_FULL_3/32-openroad-repairdesignpostgpl'…
Logging subprocess to [repr.filename]'../../../../../../../home/sahana/core5_udma/hardening/uart_top/runs/CLOSURE_FULL_3/32-openroad-repairdesignpostgpl/openroad-repairdesignpostgpl.log'[/repr.filename]…
[STA-1140] /home/sahana/.ciel/gf180mcuD/libs.ref/gf180mcu_fd_sc_mcu7t5v0/lib/gf180mcu_fd_sc_mcu7t5v0__ff_n40C_5v50.lib line 17, library gf180mcu_fd_sc_mcu7t5v0__ff_n40C_5v50 already exists.
[STA-1140] /home/sahana/.ciel/gf180mcuD/libs.ref/gf180mcu_fd_sc_mcu7t5v0/lib/gf180mcu_fd_sc_mcu7t5v0__tt_025C_5v00.lib line 17, library gf180mcu_fd_sc_mcu7t5v0__tt_025C_5v00 already exists.
[STA-1140] /home/sahana/.ciel/gf180mcuD/libs.ref/gf180mcu_fd_sc_mcu7t5v0/lib/gf180mcu_fd_sc_mcu7t5v0__ff_n40C_5v50.lib line 17, library gf180mcu_fd_sc_mcu7t5v0__ff_n40C_5v50 already exists.
[STA-1140] /home/sahana/.ciel/gf180mcuD/libs.ref/gf180mcu_fd_sc_mcu7t5v0/lib/gf180mcu_fd_sc_mcu7t5v0__tt_025C_5v00.lib line 17, library gf180mcu_fd_sc_mcu7t5v0__tt_025C_5v00 already exists.
[STA-1140] /home/sahana/.ciel/gf180mcuD/libs.ref/gf180mcu_fd_sc_mcu7t5v0/lib/gf180mcu_fd_sc_mcu7t5v0__ss_125C_4v50.lib line 17, library gf180mcu_fd_sc_mcu7t5v0__ss_125C_4v50 already exists.
[STA-1140] /home/sahana/.ciel/gf180mcuD/libs.ref/gf180mcu_fd_sc_mcu7t5v0/lib/gf180mcu_fd_sc_mcu7t5v0__ss_125C_4v50.lib line 17, library gf180mcu_fd_sc_mcu7t5v0__ss_125C_4v50 already exists.
