Clock: sys_clk
Sources: sys_clk_i 
Generated: no
Virtual: no
Propagated: no
Period: 20.000000

===========================================================================
report_clock_properties
============================================================================
Clock                   Period          Waveform
----------------------------------------------------
sys_clk              20.000000    0.000000 10.000000

===========================================================================
report_clock_latency
============================================================================
Clock sys_clk
rise -> rise
    min     max
0.000000 0.000000 source latency
1.079331         network latency _2025_/CLK
        1.120272 network latency _1950_/CLK
---------------
1.079331 1.120272 latency
        0.040941 skew

fall -> fall
    min     max
0.000000 0.000000 source latency
1.048051         network latency _2025_/CLK
        1.090852 network latency _1950_/CLK
---------------
1.048051 1.090852 latency
        0.042801 skew



===========================================================================
report_clock_min_period
============================================================================
sys_clk period_min = 5.62 fmax = 177.99
Clock: periph_clk
Sources: periph_clk_i 
Generated: no
Virtual: no
Propagated: no
Period: 20.000000

===========================================================================
report_clock_properties
============================================================================
Clock                   Period          Waveform
----------------------------------------------------
periph_clk           20.000000    0.000000 10.000000

===========================================================================
report_clock_latency
============================================================================
Clock periph_clk
rise -> rise
    min     max
0.000000 0.000000 source latency
1.035683         network latency _1997_/CLK
        1.046962 network latency _1846_/CLK
---------------
1.035683 1.046962 latency
        0.011279 skew

fall -> fall
    min     max
0.000000 0.000000 source latency
1.012015         network latency _1997_/CLK
        1.024828 network latency _1846_/CLK
---------------
1.012015 1.024828 latency
        0.012814 skew



===========================================================================
report_clock_min_period
============================================================================
periph_clk period_min = 7.34 fmax = 136.21
