Clock: sys_clk
Sources: sys_clk_i 
Generated: no
Virtual: yes
Propagated: no
Period: 20.000000

===========================================================================
report_clock_properties
============================================================================
Clock                   Period          Waveform
----------------------------------------------------
sys_clk              20.000000    0.000000 10.000000

===========================================================================
report_clock_latency
============================================================================
Clock sys_clk
rise -> rise
    min     max
0.000000 0.000000 source latency
0.725109         network latency _2025_/CLK
        0.786877 network latency _1950_/CLK
---------------
0.725109 0.786877 latency
        0.061768 skew

fall -> fall
    min     max
0.000000 0.000000 source latency
0.692421         network latency _2025_/CLK
        0.758617 network latency _1950_/CLK
---------------
0.692421 0.758617 latency
        0.066196 skew



===========================================================================
report_clock_min_period
============================================================================
sys_clk period_min = 3.97 fmax = 251.69
Clock: periph_clk
Sources: periph_clk_i 
Generated: no
Virtual: yes
Propagated: no
Period: 20.000000

===========================================================================
report_clock_properties
============================================================================
Clock                   Period          Waveform
----------------------------------------------------
periph_clk           20.000000    0.000000 10.000000

===========================================================================
report_clock_latency
============================================================================
Clock periph_clk
rise -> rise
    min     max
0.000000 0.000000 source latency
0.710416         network latency _2079_/CLK
        0.720895 network latency _1798_/CLK
---------------
0.710416 0.720895 latency
        0.010479 skew

fall -> fall
    min     max
0.000000 0.000000 source latency
0.681503         network latency _2079_/CLK
        0.693202 network latency _1798_/CLK
---------------
0.681503 0.693202 latency
        0.011699 skew



===========================================================================
report_clock_min_period
============================================================================
periph_clk period_min = 5.19 fmax = 192.86
