Clock: sys_clk
Sources: sys_clk_i 
Generated: no
Virtual: yes
Propagated: no
Period: 20.000000

===========================================================================
report_clock_properties
============================================================================
Clock                   Period          Waveform
----------------------------------------------------
sys_clk              20.000000    0.000000 10.000000

===========================================================================
report_clock_latency
============================================================================
Clock sys_clk
rise -> rise
    min     max
0.000000 0.000000 source latency
0.852508         network latency _1951_/CLK
        0.878742 network latency _1919_/CLK
---------------
0.852508 0.878742 latency
        0.026234 skew

fall -> fall
    min     max
0.000000 0.000000 source latency
0.824513         network latency _1951_/CLK
        0.852447 network latency _1919_/CLK
---------------
0.824513 0.852447 latency
        0.027934 skew



===========================================================================
report_clock_min_period
============================================================================
sys_clk period_min = 4.36 fmax = 229.38
Clock: periph_clk
Sources: periph_clk_i 
Generated: no
Virtual: yes
Propagated: no
Period: 20.000000

===========================================================================
report_clock_properties
============================================================================
Clock                   Period          Waveform
----------------------------------------------------
periph_clk           20.000000    0.000000 10.000000

===========================================================================
report_clock_latency
============================================================================
Clock periph_clk
rise -> rise
    min     max
0.000000 0.000000 source latency
0.824938         network latency _1848_/CLK
        0.852661 network latency _1798_/CLK
---------------
0.824938 0.852661 latency
        0.027723 skew

fall -> fall
    min     max
0.000000 0.000000 source latency
0.799920         network latency _1848_/CLK
        0.829382 network latency _1798_/CLK
---------------
0.799920 0.829382 latency
        0.029462 skew



===========================================================================
report_clock_min_period
============================================================================
periph_clk period_min = 5.68 fmax = 176.02
