
===========================================================================
report_checks -unconstrained
===========================================================================
======================= max_ss_125C_4v50 Corner ===================================

Startpoint: _2116_ (rising edge-triggered flip-flop clocked by sys_clk)
Endpoint: _2150_ (recovery check against rising-edge clock sys_clk)
Path Group: asynchronous
Path Type: max

Fanout         Cap        Slew       Delay        Time   Description
---------------------------------------------------------------------------------------------
                      0.150000    0.000000    0.000000   clock sys_clk (rise edge)
                                  0.000000    0.000000   clock network delay (ideal)
                      0.150000    0.000000    0.000000 ^ _2116_/CLK (gf180mcu_fd_sc_mcu7t5v0__dffrnq_1)
     2    0.011083    0.288956    1.356950    1.356950 v _2116_/Q (gf180mcu_fd_sc_mcu7t5v0__dffrnq_1)
                                                         s_uart_rx_clean_fifo (net)
                      0.288956    0.000258    1.357208 v _0966_/A2 (gf180mcu_fd_sc_mcu7t5v0__nor2_1)
    51    0.382128   20.800737   11.724009   13.081218 ^ _0966_/ZN (gf180mcu_fd_sc_mcu7t5v0__nor2_1)
                                                         u_dc_fifo_rx.dst_rstn_i (net)
                     20.800737    0.004279   13.085497 ^ _2150_/RN (gf180mcu_fd_sc_mcu7t5v0__dffrnq_1)
                                             13.085497   data arrival time

                      0.150000   20.000000   20.000000   clock sys_clk (rise edge)
                                  0.000000   20.000000   clock network delay (ideal)
                                 -0.250000   19.750002   clock uncertainty
                                  0.000000   19.750002   clock reconvergence pessimism
                                             19.750002 ^ _2150_/CLK (gf180mcu_fd_sc_mcu7t5v0__dffrnq_1)
                                 -8.025090   11.724911   library recovery time
                                             11.724911   data required time
---------------------------------------------------------------------------------------------
                                             11.724911   data required time
                                            -13.085497   data arrival time
---------------------------------------------------------------------------------------------
                                             -1.360585   slack (VIOLATED)


Startpoint: _2055_ (rising edge-triggered flip-flop clocked by periph_clk)
Endpoint: _1876_ (rising edge-triggered flip-flop clocked by periph_clk)
Path Group: periph_clk
Path Type: max

Fanout         Cap        Slew       Delay        Time   Description
---------------------------------------------------------------------------------------------
                      0.150000    0.000000    0.000000   clock periph_clk (rise edge)
                                  0.000000    0.000000   clock network delay (ideal)
                      0.150000    0.000000    0.000000 ^ _2055_/CLK (gf180mcu_fd_sc_mcu7t5v0__dffrnq_1)
    11    0.047275    1.445613    2.375206    2.375206 ^ _2055_/Q (gf180mcu_fd_sc_mcu7t5v0__dffrnq_1)
                                                         u_uart_rx.CS[2] (net)
                      1.445613    0.000268    2.375474 ^ _1047_/A3 (gf180mcu_fd_sc_mcu7t5v0__nand4_1)
     3    0.014866    1.047685    0.709327    3.084801 v _1047_/ZN (gf180mcu_fd_sc_mcu7t5v0__nand4_1)
                                                         _0823_ (net)
                      1.047685    0.000429    3.085230 v _1048_/A1 (gf180mcu_fd_sc_mcu7t5v0__nor2_1)
     4    0.015180    1.073531    0.883747    3.968977 ^ _1048_/ZN (gf180mcu_fd_sc_mcu7t5v0__nor2_1)
                                                         _0824_ (net)
                      1.073531    0.000064    3.969041 ^ _1171_/A1 (gf180mcu_fd_sc_mcu7t5v0__nand2_1)
     2    0.009679    0.528364    0.384718    4.353759 v _1171_/ZN (gf180mcu_fd_sc_mcu7t5v0__nand2_1)
                                                         _0331_ (net)
                      0.528364    0.000028    4.353787 v _1424_/A2 (gf180mcu_fd_sc_mcu7t5v0__nor4_1)
     8    0.087349    9.910196    5.680294   10.034081 ^ _1424_/ZN (gf180mcu_fd_sc_mcu7t5v0__nor4_1)
                                                         _0491_ (net)
                      9.910196    0.003068   10.037149 ^ _1429_/S (gf180mcu_fd_sc_mcu7t5v0__mux2_2)
     1    0.003077    0.329533    0.401640   10.438788 ^ _1429_/Z (gf180mcu_fd_sc_mcu7t5v0__mux2_2)
                                                         _0064_ (net)
                      0.329533    0.000004   10.438793 ^ _1876_/D (gf180mcu_fd_sc_mcu7t5v0__dffrnq_1)
                                             10.438793   data arrival time

                      0.150000   20.000000   20.000000   clock periph_clk (rise edge)
                                  0.000000   20.000000   clock network delay (ideal)
                                 -0.250000   19.750002   clock uncertainty
                                  0.000000   19.750002   clock reconvergence pessimism
                                             19.750002 ^ _1876_/CLK (gf180mcu_fd_sc_mcu7t5v0__dffrnq_1)
                                 -0.630311   19.119690   library setup time
                                             19.119690   data required time
---------------------------------------------------------------------------------------------
                                             19.119690   data required time
                                            -10.438793   data arrival time
---------------------------------------------------------------------------------------------
                                              8.680896   slack (MET)


Startpoint: cfg_addr_i[2] (input port clocked by sys_clk)
Endpoint: _1974_ (rising edge-triggered flip-flop clocked by sys_clk)
Path Group: sys_clk
Path Type: max

Fanout         Cap        Slew       Delay        Time   Description
---------------------------------------------------------------------------------------------
                      0.150000    0.000000    0.000000   clock sys_clk (rise edge)
                                  0.000000    0.000000   clock network delay (ideal)
                                  4.000000    4.000000 v input external delay
    11    0.049263    0.827638    0.477090    4.477090 v cfg_addr_i[2] (in)
                                                         cfg_addr_i[2] (net)
                      0.827647    0.000000    4.477090 v _0906_/I (gf180mcu_fd_sc_mcu7t5v0__clkinv_1)
    24    0.086415    2.418300    1.642809    6.119899 ^ _0906_/ZN (gf180mcu_fd_sc_mcu7t5v0__clkinv_1)
                                                         _0697_ (net)
                      2.418300    0.000487    6.120386 ^ _0979_/A1 (gf180mcu_fd_sc_mcu7t5v0__nand2_1)
     3    0.012384    0.852353    0.508126    6.628512 v _0979_/ZN (gf180mcu_fd_sc_mcu7t5v0__nand2_1)
                                                         _0763_ (net)
                      0.852353    0.000009    6.628521 v _1583_/A4 (gf180mcu_fd_sc_mcu7t5v0__nor4_1)
    23    0.247617   26.118465   15.368094   21.996616 ^ _1583_/ZN (gf180mcu_fd_sc_mcu7t5v0__nor4_1)
                                                         _0564_ (net)
                     26.118465    0.025949   22.022566 ^ _1600_/S (gf180mcu_fd_sc_mcu7t5v0__mux2_2)
     1    0.003272    0.592857   -0.221936   21.800629 ^ _1600_/Z (gf180mcu_fd_sc_mcu7t5v0__mux2_2)
                                                         _0162_ (net)
                      0.592857    0.000016   21.800646 ^ _1974_/D (gf180mcu_fd_sc_mcu7t5v0__dffrnq_1)
                                             21.800646   data arrival time

                      0.150000   20.000000   20.000000   clock sys_clk (rise edge)
                                  0.000000   20.000000   clock network delay (ideal)
                                 -0.250000   19.750002   clock uncertainty
                                  0.000000   19.750002   clock reconvergence pessimism
                                             19.750002 ^ _1974_/CLK (gf180mcu_fd_sc_mcu7t5v0__dffrnq_1)
                                 -0.682779   19.067223   library setup time
                                             19.067223   data required time
---------------------------------------------------------------------------------------------
                                             19.067223   data required time
                                            -21.800646   data arrival time
---------------------------------------------------------------------------------------------
                                             -2.733423   slack (VIOLATED)




===========================================================================
report_checks --slack_max -0.01
============================================================================
======================= max_ss_125C_4v50 Corner ===================================

Startpoint: _2116_ (rising edge-triggered flip-flop clocked by sys_clk)
Endpoint: _2150_ (recovery check against rising-edge clock sys_clk)
Path Group: asynchronous
Path Type: max

Fanout         Cap        Slew       Delay        Time   Description
---------------------------------------------------------------------------------------------
                      0.150000    0.000000    0.000000   clock sys_clk (rise edge)
                                  0.000000    0.000000   clock network delay (ideal)
                      0.150000    0.000000    0.000000 ^ _2116_/CLK (gf180mcu_fd_sc_mcu7t5v0__dffrnq_1)
     2    0.011083    0.288956    1.356950    1.356950 v _2116_/Q (gf180mcu_fd_sc_mcu7t5v0__dffrnq_1)
                                                         s_uart_rx_clean_fifo (net)
                      0.288956    0.000258    1.357208 v _0966_/A2 (gf180mcu_fd_sc_mcu7t5v0__nor2_1)
    51    0.382128   20.800737   11.724009   13.081218 ^ _0966_/ZN (gf180mcu_fd_sc_mcu7t5v0__nor2_1)
                                                         u_dc_fifo_rx.dst_rstn_i (net)
                     20.800737    0.004279   13.085497 ^ _2150_/RN (gf180mcu_fd_sc_mcu7t5v0__dffrnq_1)
                                             13.085497   data arrival time

                      0.150000   20.000000   20.000000   clock sys_clk (rise edge)
                                  0.000000   20.000000   clock network delay (ideal)
                                 -0.250000   19.750002   clock uncertainty
                                  0.000000   19.750002   clock reconvergence pessimism
                                             19.750002 ^ _2150_/CLK (gf180mcu_fd_sc_mcu7t5v0__dffrnq_1)
                                 -8.025090   11.724911   library recovery time
                                             11.724911   data required time
---------------------------------------------------------------------------------------------
                                             11.724911   data required time
                                            -13.085497   data arrival time
---------------------------------------------------------------------------------------------
                                             -1.360585   slack (VIOLATED)


Startpoint: cfg_addr_i[2] (input port clocked by sys_clk)
Endpoint: _1974_ (rising edge-triggered flip-flop clocked by sys_clk)
Path Group: sys_clk
Path Type: max

Fanout         Cap        Slew       Delay        Time   Description
---------------------------------------------------------------------------------------------
                      0.150000    0.000000    0.000000   clock sys_clk (rise edge)
                                  0.000000    0.000000   clock network delay (ideal)
                                  4.000000    4.000000 v input external delay
    11    0.049263    0.827638    0.477090    4.477090 v cfg_addr_i[2] (in)
                                                         cfg_addr_i[2] (net)
                      0.827647    0.000000    4.477090 v _0906_/I (gf180mcu_fd_sc_mcu7t5v0__clkinv_1)
    24    0.086415    2.418300    1.642809    6.119899 ^ _0906_/ZN (gf180mcu_fd_sc_mcu7t5v0__clkinv_1)
                                                         _0697_ (net)
                      2.418300    0.000487    6.120386 ^ _0979_/A1 (gf180mcu_fd_sc_mcu7t5v0__nand2_1)
     3    0.012384    0.852353    0.508126    6.628512 v _0979_/ZN (gf180mcu_fd_sc_mcu7t5v0__nand2_1)
                                                         _0763_ (net)
                      0.852353    0.000009    6.628521 v _1583_/A4 (gf180mcu_fd_sc_mcu7t5v0__nor4_1)
    23    0.247617   26.118465   15.368094   21.996616 ^ _1583_/ZN (gf180mcu_fd_sc_mcu7t5v0__nor4_1)
                                                         _0564_ (net)
                     26.118465    0.025949   22.022566 ^ _1600_/S (gf180mcu_fd_sc_mcu7t5v0__mux2_2)
     1    0.003272    0.592857   -0.221936   21.800629 ^ _1600_/Z (gf180mcu_fd_sc_mcu7t5v0__mux2_2)
                                                         _0162_ (net)
                      0.592857    0.000016   21.800646 ^ _1974_/D (gf180mcu_fd_sc_mcu7t5v0__dffrnq_1)
                                             21.800646   data arrival time

                      0.150000   20.000000   20.000000   clock sys_clk (rise edge)
                                  0.000000   20.000000   clock network delay (ideal)
                                 -0.250000   19.750002   clock uncertainty
                                  0.000000   19.750002   clock reconvergence pessimism
                                             19.750002 ^ _1974_/CLK (gf180mcu_fd_sc_mcu7t5v0__dffrnq_1)
                                 -0.682779   19.067223   library setup time
                                             19.067223   data required time
---------------------------------------------------------------------------------------------
                                             19.067223   data required time
                                            -21.800646   data arrival time
---------------------------------------------------------------------------------------------
                                             -2.733423   slack (VIOLATED)




===========================================================================
 report_check_types -max_slew -max_cap -max_fanout -violators
============================================================================
======================= max_ss_125C_4v50 Corner ===================================

max slew

Pin                                        Limit        Slew       Slack
------------------------------------------------------------------------
_1897_/RN                               3.000000   59.298824  -56.298824 (VIOLATED)
_1898_/RN                               3.000000   59.298859  -56.298859 (VIOLATED)
_1899_/RN                               3.000000   59.298862  -56.298859 (VIOLATED)
_1900_/RN                               3.000000   59.298847  -56.298847 (VIOLATED)
_1901_/RN                               3.000000   59.298862  -56.298859 (VIOLATED)
_1902_/RN                               3.000000   59.298862  -56.298859 (VIOLATED)
_1905_/RN                               3.000000   59.298820  -56.298820 (VIOLATED)
_1906_/RN                               3.000000   59.298843  -56.298843 (VIOLATED)
_1908_/RN                               3.000000   59.298836  -56.298836 (VIOLATED)
_1909_/RN                               3.000000   59.298843  -56.298843 (VIOLATED)
_1913_/RN                               3.000000   59.298824  -56.298824 (VIOLATED)
_1914_/RN                               3.000000   59.298862  -56.298859 (VIOLATED)
_1915_/RN                               3.000000   59.298866  -56.298862 (VIOLATED)
_1916_/RN                               3.000000   59.298851  -56.298851 (VIOLATED)
_1917_/RN                               3.000000   59.298862  -56.298859 (VIOLATED)
_1918_/RN                               3.000000   59.298866  -56.298862 (VIOLATED)
_1920_/RN                               3.000000   59.298813  -56.298813 (VIOLATED)
_1921_/RN                               3.000000   59.298813  -56.298809 (VIOLATED)
_1922_/RN                               3.000000   59.298813  -56.298809 (VIOLATED)
_1924_/RN                               3.000000   59.298813  -56.298809 (VIOLATED)
_1925_/RN                               3.000000   59.298813  -56.298813 (VIOLATED)
_1927_/RN                               3.000000   59.298813  -56.298813 (VIOLATED)
_1943_/RN                               3.000000   59.298855  -56.298855 (VIOLATED)
_1946_/RN                               3.000000   59.298828  -56.298828 (VIOLATED)
_1951_/RN                               3.000000   59.298855  -56.298855 (VIOLATED)
_1954_/RN                               3.000000   59.298828  -56.298828 (VIOLATED)
_2071_/SETN                             3.000000   59.298752  -56.298752 (VIOLATED)
_2072_/SETN                             3.000000   59.298786  -56.298786 (VIOLATED)
_2073_/SETN                             3.000000   59.298790  -56.298790 (VIOLATED)
_2078_/SETN                             3.000000   59.298790  -56.298790 (VIOLATED)
_2082_/RN                               3.000000   59.298752  -56.298752 (VIOLATED)
_1896_/RN                               3.000000   59.298679  -56.298679 (VIOLATED)
_1903_/RN                               3.000000   59.298695  -56.298695 (VIOLATED)
_1904_/RN                               3.000000   59.298679  -56.298679 (VIOLATED)
_1911_/RN                               3.000000   59.298676  -56.298676 (VIOLATED)
_1912_/RN                               3.000000   59.298679  -56.298679 (VIOLATED)
_1919_/RN                               3.000000   59.298695  -56.298695 (VIOLATED)
_1932_/SETN                             3.000000   59.298748  -56.298748 (VIOLATED)
_1933_/SETN                             3.000000   59.298748  -56.298748 (VIOLATED)
_1928_/RN                               3.000000   59.298664  -56.298664 (VIOLATED)
_1929_/RN                               3.000000   59.298668  -56.298668 (VIOLATED)
_1934_/RN                               3.000000   59.298710  -56.298710 (VIOLATED)
_1935_/RN                               3.000000   59.298717  -56.298717 (VIOLATED)
_1930_/SETN                             3.000000   59.298656  -56.298653 (VIOLATED)
_1931_/SETN                             3.000000   59.298653  -56.298653 (VIOLATED)
_1939_/RN                               3.000000   59.298676  -56.298676 (VIOLATED)
_1940_/RN                               3.000000   59.298691  -56.298691 (VIOLATED)
_1941_/RN                               3.000000   59.298687  -56.298687 (VIOLATED)
_1942_/RN                               3.000000   59.298683  -56.298683 (VIOLATED)
_1944_/RN                               3.000000   59.298683  -56.298683 (VIOLATED)
_1945_/RN                               3.000000   59.298698  -56.298698 (VIOLATED)
_1947_/RN                               3.000000   59.298698  -56.298698 (VIOLATED)
_1948_/RN                               3.000000   59.298691  -56.298691 (VIOLATED)
_1949_/RN                               3.000000   59.298691  -56.298691 (VIOLATED)
_1950_/RN                               3.000000   59.298683  -56.298683 (VIOLATED)
_1952_/RN                               3.000000   59.298683  -56.298683 (VIOLATED)
_1953_/RN                               3.000000   59.298702  -56.298702 (VIOLATED)
_1955_/RN                               3.000000   59.298698  -56.298698 (VIOLATED)
_2118_/RN                               3.000000   59.298676  -56.298676 (VIOLATED)
_2119_/RN                               3.000000   59.298672  -56.298672 (VIOLATED)
_1936_/RN                               3.000000   59.298611  -56.298611 (VIOLATED)
_1937_/RN                               3.000000   59.298611  -56.298611 (VIOLATED)
_1938_/RN                               3.000000   59.298618  -56.298618 (VIOLATED)
_1956_/RN                               3.000000   59.298607  -56.298603 (VIOLATED)
_1957_/RN                               3.000000   59.298641  -56.298641 (VIOLATED)
_2120_/SETN                             3.000000   59.298645  -56.298645 (VIOLATED)
_2121_/SETN                             3.000000   59.298645  -56.298645 (VIOLATED)
_2122_/RN                               3.000000   59.298653  -56.298653 (VIOLATED)
_2123_/RN                               3.000000   59.298653  -56.298653 (VIOLATED)
_2124_/SETN                             3.000000   59.298653  -56.298653 (VIOLATED)
_2125_/SETN                             3.000000   59.298653  -56.298653 (VIOLATED)
_1958_/RN                               3.000000   59.298531  -56.298531 (VIOLATED)
_1978_/RN                               3.000000   59.298569  -56.298569 (VIOLATED)
_1981_/RN                               3.000000   59.298588  -56.298588 (VIOLATED)
_1983_/RN                               3.000000   59.298592  -56.298592 (VIOLATED)
_1984_/RN                               3.000000   59.298592  -56.298592 (VIOLATED)
_1985_/RN                               3.000000   59.298611  -56.298611 (VIOLATED)
_1986_/RN                               3.000000   59.298611  -56.298611 (VIOLATED)
_1987_/RN                               3.000000   59.298607  -56.298603 (VIOLATED)
_1988_/RN                               3.000000   59.298607  -56.298607 (VIOLATED)
_1989_/RN                               3.000000   59.298611  -56.298611 (VIOLATED)
_2001_/RN                               3.000000   59.298618  -56.298618 (VIOLATED)
_2002_/RN                               3.000000   59.298622  -56.298622 (VIOLATED)
_2003_/RN                               3.000000   59.298595  -56.298595 (VIOLATED)
_2004_/RN                               3.000000   59.298622  -56.298622 (VIOLATED)
_2005_/RN                               3.000000   59.298626  -56.298626 (VIOLATED)
_2029_/RN                               3.000000   59.298622  -56.298622 (VIOLATED)
_2030_/RN                               3.000000   59.298622  -56.298622 (VIOLATED)
_2031_/RN                               3.000000   59.298622  -56.298622 (VIOLATED)
_2032_/RN                               3.000000   59.298595  -56.298595 (VIOLATED)
_2033_/RN                               3.000000   59.298622  -56.298622 (VIOLATED)
_2034_/RN                               3.000000   59.298626  -56.298626 (VIOLATED)
_2036_/RN                               3.000000   59.298615  -56.298615 (VIOLATED)
_2103_/RN                               3.000000   59.298580  -56.298580 (VIOLATED)
_2126_/RN                               3.000000   59.298634  -56.298634 (VIOLATED)
_2127_/RN                               3.000000   59.298618  -56.298618 (VIOLATED)
_2128_/RN                               3.000000   59.298641  -56.298641 (VIOLATED)
_1959_/RN                               3.000000   59.298508  -56.298508 (VIOLATED)
_1977_/RN                               3.000000   59.298512  -56.298512 (VIOLATED)
_1990_/RN                               3.000000   59.298561  -56.298561 (VIOLATED)
_1991_/RN                               3.000000   59.298523  -56.298523 (VIOLATED)
_1992_/RN                               3.000000   59.298538  -56.298538 (VIOLATED)
_1993_/RN                               3.000000   59.298546  -56.298546 (VIOLATED)
_1994_/RN                               3.000000   59.298576  -56.298576 (VIOLATED)
_1995_/RN                               3.000000   59.298576  -56.298576 (VIOLATED)
_1996_/RN                               3.000000   59.298592  -56.298592 (VIOLATED)
_1997_/RN                               3.000000   59.298618  -56.298618 (VIOLATED)
_1998_/RN                               3.000000   59.298580  -56.298580 (VIOLATED)
_1999_/RN                               3.000000   59.298588  -56.298588 (VIOLATED)
_2000_/RN                               3.000000   59.298622  -56.298622 (VIOLATED)
_2007_/RN                               3.000000   59.298561  -56.298561 (VIOLATED)
_2008_/RN                               3.000000   59.298580  -56.298580 (VIOLATED)
_2009_/RN                               3.000000   59.298561  -56.298561 (VIOLATED)
_2010_/RN                               3.000000   59.298565  -56.298565 (VIOLATED)
_2011_/RN                               3.000000   59.298576  -56.298576 (VIOLATED)
_2012_/RN                               3.000000   59.298576  -56.298576 (VIOLATED)
_2013_/RN                               3.000000   59.298588  -56.298588 (VIOLATED)
_2014_/RN                               3.000000   59.298607  -56.298607 (VIOLATED)
_2015_/RN                               3.000000   59.298569  -56.298569 (VIOLATED)
_2016_/RN                               3.000000   59.298565  -56.298565 (VIOLATED)
_2017_/RN                               3.000000   59.298607  -56.298603 (VIOLATED)
_2018_/RN                               3.000000   59.298615  -56.298615 (VIOLATED)
_2019_/RN                               3.000000   59.298573  -56.298573 (VIOLATED)
_2020_/RN                               3.000000   59.298553  -56.298553 (VIOLATED)
_2021_/RN                               3.000000   59.298576  -56.298576 (VIOLATED)
_2022_/RN                               3.000000   59.298561  -56.298561 (VIOLATED)
_2024_/RN                               3.000000   59.298595  -56.298595 (VIOLATED)
_2025_/RN                               3.000000   59.298595  -56.298595 (VIOLATED)
_2026_/RN                               3.000000   59.298611  -56.298611 (VIOLATED)
_2027_/RN                               3.000000   59.298595  -56.298595 (VIOLATED)
_2028_/RN                               3.000000   59.298584  -56.298584 (VIOLATED)
_2037_/RN                               3.000000   59.298512  -56.298512 (VIOLATED)
_2068_/RN                               3.000000   59.298557  -56.298557 (VIOLATED)
_2083_/RN                               3.000000   59.298595  -56.298595 (VIOLATED)
_2084_/RN                               3.000000   59.298546  -56.298546 (VIOLATED)
_2104_/RN                               3.000000   59.298557  -56.298557 (VIOLATED)
_2106_/RN                               3.000000   59.298592  -56.298592 (VIOLATED)
_2107_/RN                               3.000000   59.298557  -56.298557 (VIOLATED)
_1960_/RN                               3.000000   59.298454  -56.298454 (VIOLATED)
_1907_/RN                               3.000000   59.298401  -56.298397 (VIOLATED)
_1910_/RN                               3.000000   59.298401  -56.298397 (VIOLATED)
_1923_/RN                               3.000000   59.298401  -56.298397 (VIOLATED)
_1926_/RN                               3.000000   59.298401  -56.298397 (VIOLATED)
_1966_/RN                               3.000000   59.298450  -56.298447 (VIOLATED)
_1967_/RN                               3.000000   59.298450  -56.298450 (VIOLATED)
_2085_/RN                               3.000000   59.298450  -56.298450 (VIOLATED)
_2102_/RN                               3.000000   59.298481  -56.298481 (VIOLATED)
_2105_/RN                               3.000000   59.298485  -56.298485 (VIOLATED)
_2108_/RN                               3.000000   59.298485  -56.298485 (VIOLATED)
_2109_/RN                               3.000000   59.298512  -56.298512 (VIOLATED)
_2111_/RN                               3.000000   59.298485  -56.298485 (VIOLATED)
_2184_/RN                               3.000000   59.298477  -56.298477 (VIOLATED)
_2190_/RN                               3.000000   59.298477  -56.298477 (VIOLATED)
_1961_/RN                               3.000000   59.298389  -56.298389 (VIOLATED)
_1962_/RN                               3.000000   59.298393  -56.298393 (VIOLATED)
_1963_/RN                               3.000000   59.298435  -56.298435 (VIOLATED)
_1964_/RN                               3.000000   59.298454  -56.298454 (VIOLATED)
_1965_/RN                               3.000000   59.298450  -56.298450 (VIOLATED)
_1968_/RN                               3.000000   59.298431  -56.298431 (VIOLATED)
_1969_/RN                               3.000000   59.298447  -56.298447 (VIOLATED)
_1970_/RN                               3.000000   59.298447  -56.298447 (VIOLATED)
_1971_/RN                               3.000000   59.298454  -56.298454 (VIOLATED)
_1972_/RN                               3.000000   59.298431  -56.298431 (VIOLATED)
_1973_/RN                               3.000000   59.298443  -56.298443 (VIOLATED)
_1974_/RN                               3.000000   59.298439  -56.298439 (VIOLATED)
_1975_/RN                               3.000000   59.298439  -56.298439 (VIOLATED)
_1976_/RN                               3.000000   59.298458  -56.298458 (VIOLATED)
_2053_/RN                               3.000000   59.298485  -56.298485 (VIOLATED)
_2070_/RN                               3.000000   59.298485  -56.298485 (VIOLATED)
_1979_/RN                               3.000000   59.298424  -56.298424 (VIOLATED)
_1980_/RN                               3.000000   59.298424  -56.298424 (VIOLATED)
_1982_/RN                               3.000000   59.298424  -56.298424 (VIOLATED)
_2006_/RN                               3.000000   59.298416  -56.298416 (VIOLATED)
_2023_/RN                               3.000000   59.298424  -56.298424 (VIOLATED)
_2035_/RN                               3.000000   59.298416  -56.298416 (VIOLATED)
_2040_/RN                               3.000000   59.298405  -56.298405 (VIOLATED)
_2041_/RN                               3.000000   59.298439  -56.298439 (VIOLATED)
_2042_/RN                               3.000000   59.298397  -56.298393 (VIOLATED)
_2074_/SETN                             3.000000   59.298397  -56.298393 (VIOLATED)
_2075_/SETN                             3.000000   59.298367  -56.298367 (VIOLATED)
_2076_/SETN                             3.000000   59.298382  -56.298382 (VIOLATED)
_2077_/SETN                             3.000000   59.298393  -56.298393 (VIOLATED)
_2086_/RN                               3.000000   59.298420  -56.298420 (VIOLATED)
_2087_/RN                               3.000000   59.298439  -56.298439 (VIOLATED)
_2088_/RN                               3.000000   59.298435  -56.298435 (VIOLATED)
_2089_/RN                               3.000000   59.298450  -56.298450 (VIOLATED)
_2090_/RN                               3.000000   59.298420  -56.298420 (VIOLATED)
_2091_/RN                               3.000000   59.298439  -56.298439 (VIOLATED)
_2092_/RN                               3.000000   59.298439  -56.298439 (VIOLATED)
_2093_/RN                               3.000000   59.298416  -56.298416 (VIOLATED)
_2094_/RN                               3.000000   59.298393  -56.298393 (VIOLATED)
_2095_/RN                               3.000000   59.298416  -56.298416 (VIOLATED)
_2096_/RN                               3.000000   59.298450  -56.298450 (VIOLATED)
_2097_/RN                               3.000000   59.298428  -56.298428 (VIOLATED)
_2098_/RN                               3.000000   59.298431  -56.298431 (VIOLATED)
_2113_/RN                               3.000000   59.298420  -56.298420 (VIOLATED)
_2114_/RN                               3.000000   59.298420  -56.298420 (VIOLATED)
_2115_/RN                               3.000000   59.298420  -56.298420 (VIOLATED)
_2117_/RN                               3.000000   59.298420  -56.298420 (VIOLATED)
_2189_/RN                               3.000000   59.298412  -56.298412 (VIOLATED)
_2191_/RN                               3.000000   59.298447  -56.298447 (VIOLATED)
_2129_/RN                               3.000000   59.298355  -56.298355 (VIOLATED)
_2130_/RN                               3.000000   59.298393  -56.298393 (VIOLATED)
_2131_/RN                               3.000000   59.298439  -56.298439 (VIOLATED)
_2132_/RN                               3.000000   59.298393  -56.298393 (VIOLATED)
_2133_/RN                               3.000000   59.298420  -56.298420 (VIOLATED)
_2134_/RN                               3.000000   59.298389  -56.298389 (VIOLATED)
_2135_/RN                               3.000000   59.298374  -56.298374 (VIOLATED)
_2136_/RN                               3.000000   59.298382  -56.298382 (VIOLATED)
_2054_/RN                               3.000000   59.298283  -56.298283 (VIOLATED)
_2060_/SETN                             3.000000   59.298286  -56.298286 (VIOLATED)
_2064_/RN                               3.000000   59.298294  -56.298290 (VIOLATED)
_2065_/RN                               3.000000   59.298325  -56.298325 (VIOLATED)
_2079_/RN                               3.000000   59.298340  -56.298340 (VIOLATED)
_2066_/RN                               3.000000   59.298283  -56.298283 (VIOLATED)
_2080_/RN                               3.000000   59.298325  -56.298325 (VIOLATED)
_2137_/RN                               3.000000   59.298336  -56.298336 (VIOLATED)
_2138_/RN                               3.000000   59.298363  -56.298363 (VIOLATED)
_2139_/RN                               3.000000   59.298347  -56.298344 (VIOLATED)
_2140_/RN                               3.000000   59.298336  -56.298336 (VIOLATED)
_2141_/RN                               3.000000   59.298336  -56.298336 (VIOLATED)
_2142_/RN                               3.000000   59.298336  -56.298336 (VIOLATED)
_2143_/RN                               3.000000   59.298336  -56.298336 (VIOLATED)
_2144_/RN                               3.000000   59.298336  -56.298336 (VIOLATED)
_2145_/RN                               3.000000   59.298355  -56.298355 (VIOLATED)
_2157_/SETN                             3.000000   59.298306  -56.298306 (VIOLATED)
_2067_/RN                               3.000000   59.298248  -56.298248 (VIOLATED)
_2069_/RN                               3.000000   59.298283  -56.298283 (VIOLATED)
_2081_/RN                               3.000000   59.298283  -56.298283 (VIOLATED)
_2158_/SETN                             3.000000   59.298294  -56.298294 (VIOLATED)
_2159_/SETN                             3.000000   59.298283  -56.298283 (VIOLATED)
_2160_/RN                               3.000000   59.298317  -56.298317 (VIOLATED)
_2161_/RN                               3.000000   59.298286  -56.298286 (VIOLATED)
_2192_/RN                               3.000000   59.298317  -56.298317 (VIOLATED)
_2193_/RN                               3.000000   59.298370  -56.298370 (VIOLATED)
_2194_/RN                               3.000000   59.298306  -56.298306 (VIOLATED)
_2038_/RN                               3.000000   59.298180  -56.298180 (VIOLATED)
_2039_/RN                               3.000000   59.298218  -56.298218 (VIOLATED)
_2051_/RN                               3.000000   59.298119  -56.298119 (VIOLATED)
_2052_/RN                               3.000000   59.298168  -56.298168 (VIOLATED)
_2055_/RN                               3.000000   59.298187  -56.298187 (VIOLATED)
_2061_/SETN                             3.000000   59.298161  -56.298161 (VIOLATED)
_2062_/SETN                             3.000000   59.298199  -56.298199 (VIOLATED)
_2063_/SETN                             3.000000   59.298199  -56.298199 (VIOLATED)
_2059_/SETN                             3.000000   59.298092  -56.298092 (VIOLATED)
_2099_/RN                               3.000000   59.298141  -56.298141 (VIOLATED)
_2100_/RN                               3.000000   59.298141  -56.298141 (VIOLATED)
_2101_/RN                               3.000000   59.298176  -56.298176 (VIOLATED)
_2110_/RN                               3.000000   59.298187  -56.298187 (VIOLATED)
_2112_/RN                               3.000000   59.298187  -56.298187 (VIOLATED)
_2183_/RN                               3.000000   59.298187  -56.298187 (VIOLATED)
_2185_/RN                               3.000000   59.298187  -56.298187 (VIOLATED)
_2186_/RN                               3.000000   59.298187  -56.298187 (VIOLATED)
_2187_/RN                               3.000000   59.298187  -56.298187 (VIOLATED)
_2116_/RN                               3.000000   59.298119  -56.298119 (VIOLATED)
_2162_/RN                               3.000000   59.298130  -56.298130 (VIOLATED)
_2163_/RN                               3.000000   59.298130  -56.298130 (VIOLATED)
_2164_/RN                               3.000000   59.298138  -56.298134 (VIOLATED)
_2188_/RN                               3.000000   59.298183  -56.298183 (VIOLATED)
_2165_/RN                               3.000000   59.298122  -56.298122 (VIOLATED)
_2166_/RN                               3.000000   59.298122  -56.298122 (VIOLATED)
_2167_/RN                               3.000000   59.298111  -56.298111 (VIOLATED)
_2168_/RN                               3.000000   59.298107  -56.298107 (VIOLATED)
_2169_/RN                               3.000000   59.298103  -56.298103 (VIOLATED)
_2170_/RN                               3.000000   59.298103  -56.298103 (VIOLATED)
_2171_/RN                               3.000000   59.298107  -56.298107 (VIOLATED)
_2172_/RN                               3.000000   59.298107  -56.298107 (VIOLATED)
_2173_/RN                               3.000000   59.298138  -56.298134 (VIOLATED)
_2174_/RN                               3.000000   59.298141  -56.298138 (VIOLATED)
_2175_/RN                               3.000000   59.298141  -56.298141 (VIOLATED)
_2176_/RN                               3.000000   59.298141  -56.298138 (VIOLATED)
_2177_/RN                               3.000000   59.298191  -56.298187 (VIOLATED)
_2178_/RN                               3.000000   59.298191  -56.298187 (VIOLATED)
_2179_/RN                               3.000000   59.298191  -56.298187 (VIOLATED)
_2180_/RN                               3.000000   59.298180  -56.298180 (VIOLATED)
_2181_/RN                               3.000000   59.298191  -56.298187 (VIOLATED)
_2182_/RN                               3.000000   59.298180  -56.298180 (VIOLATED)
_2046_/RN                               3.000000   59.297997  -56.297997 (VIOLATED)
_2057_/SETN                             3.000000   59.298038  -56.298035 (VIOLATED)
_2058_/SETN                             3.000000   59.298080  -56.298080 (VIOLATED)
_2050_/RN                               3.000000   59.297962  -56.297962 (VIOLATED)
_2056_/SETN                             3.000000   59.297935  -56.297935 (VIOLATED)
_2044_/RN                               3.000000   59.297882  -56.297878 (VIOLATED)
_2045_/RN                               3.000000   59.297909  -56.297909 (VIOLATED)
_0904_/I                                3.000000   59.297802  -56.297802 (VIOLATED)
_2047_/RN                               3.000000   59.297825  -56.297825 (VIOLATED)
_2049_/RN                               3.000000   59.297859  -56.297859 (VIOLATED)
_2048_/RN                               3.000000   59.297771  -56.297771 (VIOLATED)
rstn_i                                  3.000000   59.297520  -56.297520 (VIOLATED)
_2043_/RN                               3.000000   59.297520  -56.297520 (VIOLATED)
_1583_/ZN                               3.000000   26.118465  -23.118464 (VIOLATED)
_1584_/S                                3.000000   26.118465  -23.118464 (VIOLATED)
_1585_/S                                3.000000   26.118465  -23.118464 (VIOLATED)
_1586_/S                                3.000000   26.118465  -23.118464 (VIOLATED)
_1587_/S                                3.000000   26.118465  -23.118464 (VIOLATED)
_1588_/S                                3.000000   26.118465  -23.118464 (VIOLATED)
_1589_/S                                3.000000   26.118465  -23.118464 (VIOLATED)
_1590_/S                                3.000000   26.118465  -23.118464 (VIOLATED)
_1591_/S                                3.000000   26.118465  -23.118464 (VIOLATED)
_1592_/S                                3.000000   26.118465  -23.118464 (VIOLATED)
_1593_/S                                3.000000   26.118465  -23.118464 (VIOLATED)
_1594_/S                                3.000000   26.118465  -23.118464 (VIOLATED)
_1595_/S                                3.000000   26.118465  -23.118464 (VIOLATED)
_1596_/S                                3.000000   26.118465  -23.118464 (VIOLATED)
_1597_/S                                3.000000   26.118465  -23.118464 (VIOLATED)
_1598_/S                                3.000000   26.118465  -23.118464 (VIOLATED)
_1599_/S                                3.000000   26.118465  -23.118464 (VIOLATED)
_1600_/S                                3.000000   26.118465  -23.118464 (VIOLATED)
_1601_/S                                3.000000   26.118465  -23.118464 (VIOLATED)
_1602_/S                                3.000000   26.118465  -23.118464 (VIOLATED)
_1603_/S                                3.000000   26.118465  -23.118464 (VIOLATED)
_1666_/S                                3.000000   26.118465  -23.118464 (VIOLATED)
_1667_/S                                3.000000   26.118465  -23.118464 (VIOLATED)
_1672_/S                                3.000000   26.118465  -23.118464 (VIOLATED)
_0966_/ZN                               3.000000   20.800737  -17.800737 (VIOLATED)
_1856_/RN                               3.000000   20.800737  -17.800737 (VIOLATED)
_1857_/RN                               3.000000   20.800737  -17.800737 (VIOLATED)
_1858_/RN                               3.000000   20.800737  -17.800737 (VIOLATED)
_1859_/RN                               3.000000   20.800737  -17.800737 (VIOLATED)
_1860_/RN                               3.000000   20.800737  -17.800737 (VIOLATED)
_1861_/RN                               3.000000   20.800737  -17.800737 (VIOLATED)
_1862_/RN                               3.000000   20.800737  -17.800737 (VIOLATED)
_1863_/RN                               3.000000   20.800737  -17.800737 (VIOLATED)
_1864_/RN                               3.000000   20.800737  -17.800737 (VIOLATED)
_1865_/RN                               3.000000   20.800737  -17.800737 (VIOLATED)
_1866_/RN                               3.000000   20.800737  -17.800737 (VIOLATED)
_1867_/RN                               3.000000   20.800737  -17.800737 (VIOLATED)
_1868_/RN                               3.000000   20.800737  -17.800737 (VIOLATED)
_1869_/RN                               3.000000   20.800737  -17.800737 (VIOLATED)
_1870_/RN                               3.000000   20.800737  -17.800737 (VIOLATED)
_1871_/RN                               3.000000   20.800737  -17.800737 (VIOLATED)
_1872_/RN                               3.000000   20.800737  -17.800737 (VIOLATED)
_1873_/RN                               3.000000   20.800737  -17.800737 (VIOLATED)
_1874_/RN                               3.000000   20.800737  -17.800737 (VIOLATED)
_1875_/RN                               3.000000   20.800737  -17.800737 (VIOLATED)
_1876_/RN                               3.000000   20.800737  -17.800737 (VIOLATED)
_1877_/RN                               3.000000   20.800737  -17.800737 (VIOLATED)
_1878_/RN                               3.000000   20.800737  -17.800737 (VIOLATED)
_1879_/RN                               3.000000   20.800737  -17.800737 (VIOLATED)
_1880_/RN                               3.000000   20.800737  -17.800737 (VIOLATED)
_1881_/RN                               3.000000   20.800737  -17.800737 (VIOLATED)
_1882_/RN                               3.000000   20.800737  -17.800737 (VIOLATED)
_1883_/RN                               3.000000   20.800737  -17.800737 (VIOLATED)
_1884_/RN                               3.000000   20.800737  -17.800737 (VIOLATED)
_1885_/RN                               3.000000   20.800737  -17.800737 (VIOLATED)
_1886_/RN                               3.000000   20.800737  -17.800737 (VIOLATED)
_1887_/RN                               3.000000   20.800737  -17.800737 (VIOLATED)
_1888_/RN                               3.000000   20.800737  -17.800737 (VIOLATED)
_1889_/RN                               3.000000   20.800737  -17.800737 (VIOLATED)
_1890_/SETN                             3.000000   20.800737  -17.800737 (VIOLATED)
_1891_/SETN                             3.000000   20.800737  -17.800737 (VIOLATED)
_1892_/SETN                             3.000000   20.800737  -17.800737 (VIOLATED)
_1893_/SETN                             3.000000   20.800737  -17.800737 (VIOLATED)
_1894_/RN                               3.000000   20.800737  -17.800737 (VIOLATED)
_1895_/RN                               3.000000   20.800737  -17.800737 (VIOLATED)
_2146_/RN                               3.000000   20.800737  -17.800737 (VIOLATED)
_2147_/RN                               3.000000   20.800737  -17.800737 (VIOLATED)
_2148_/SETN                             3.000000   20.800737  -17.800737 (VIOLATED)
_2149_/SETN                             3.000000   20.800737  -17.800737 (VIOLATED)
_2150_/RN                               3.000000   20.800737  -17.800737 (VIOLATED)
_2151_/RN                               3.000000   20.800737  -17.800737 (VIOLATED)
_2152_/SETN                             3.000000   20.800737  -17.800737 (VIOLATED)
_2153_/SETN                             3.000000   20.800737  -17.800737 (VIOLATED)
_2154_/RN                               3.000000   20.800737  -17.800737 (VIOLATED)
_2155_/RN                               3.000000   20.800737  -17.800737 (VIOLATED)
_2156_/RN                               3.000000   20.800737  -17.800737 (VIOLATED)
_1617_/ZN                               3.000000   19.024252  -16.024250 (VIOLATED)
_1618_/S                                3.000000   19.024252  -16.024250 (VIOLATED)
_1619_/S                                3.000000   19.024252  -16.024250 (VIOLATED)
_1620_/S                                3.000000   19.024252  -16.024250 (VIOLATED)
_1621_/S                                3.000000   19.024252  -16.024250 (VIOLATED)
_1622_/S                                3.000000   19.024252  -16.024250 (VIOLATED)
_1623_/S                                3.000000   19.024252  -16.024250 (VIOLATED)
_1624_/S                                3.000000   19.024252  -16.024250 (VIOLATED)
_1625_/S                                3.000000   19.024252  -16.024250 (VIOLATED)
_1626_/S                                3.000000   19.024252  -16.024250 (VIOLATED)
_1627_/S                                3.000000   19.024252  -16.024250 (VIOLATED)
_1628_/S                                3.000000   19.024252  -16.024250 (VIOLATED)
_1629_/S                                3.000000   19.024252  -16.024250 (VIOLATED)
_1630_/S                                3.000000   19.024252  -16.024250 (VIOLATED)
_1631_/S                                3.000000   19.024252  -16.024250 (VIOLATED)
_1632_/S                                3.000000   19.024252  -16.024250 (VIOLATED)
_1633_/S                                3.000000   19.024252  -16.024250 (VIOLATED)
_1635_/ZN                               3.000000   14.261107  -11.261107 (VIOLATED)
_1636_/S                                3.000000   14.261107  -11.261107 (VIOLATED)
_1637_/S                                3.000000   14.261107  -11.261107 (VIOLATED)
_1638_/S                                3.000000   14.261107  -11.261107 (VIOLATED)
_1639_/S                                3.000000   14.261107  -11.261107 (VIOLATED)
_1640_/S                                3.000000   14.261107  -11.261107 (VIOLATED)
_1641_/S                                3.000000   14.261107  -11.261107 (VIOLATED)
_1642_/S                                3.000000   14.261107  -11.261107 (VIOLATED)
_1643_/S                                3.000000   14.261107  -11.261107 (VIOLATED)
_1644_/S                                3.000000   14.261107  -11.261107 (VIOLATED)
_1645_/S                                3.000000   14.261107  -11.261107 (VIOLATED)
_1646_/S                                3.000000   14.261107  -11.261107 (VIOLATED)
_1647_/S                                3.000000   14.261107  -11.261107 (VIOLATED)
_1648_/ZN                               3.000000   14.187826  -11.187826 (VIOLATED)
_1649_/S                                3.000000   14.187826  -11.187826 (VIOLATED)
_1650_/S                                3.000000   14.187826  -11.187826 (VIOLATED)
_1651_/S                                3.000000   14.187826  -11.187826 (VIOLATED)
_1652_/S                                3.000000   14.187826  -11.187826 (VIOLATED)
_1653_/S                                3.000000   14.187826  -11.187826 (VIOLATED)
_1654_/S                                3.000000   14.187826  -11.187826 (VIOLATED)
_1655_/S                                3.000000   14.187826  -11.187826 (VIOLATED)
_1656_/S                                3.000000   14.187826  -11.187826 (VIOLATED)
_1657_/S                                3.000000   14.187826  -11.187826 (VIOLATED)
_1658_/S                                3.000000   14.187826  -11.187826 (VIOLATED)
_1659_/S                                3.000000   14.187826  -11.187826 (VIOLATED)
_1660_/S                                3.000000   14.187826  -11.187826 (VIOLATED)
_1661_/S                                3.000000   14.187826  -11.187826 (VIOLATED)
_1662_/S                                3.000000   14.187826  -11.187826 (VIOLATED)
_1663_/S                                3.000000   14.187826  -11.187826 (VIOLATED)
_1664_/S                                3.000000   14.187826  -11.187826 (VIOLATED)
_1835_/ZN                               3.000000   11.742332   -8.742333 (VIOLATED)
_1836_/S                                3.000000   11.742332   -8.742333 (VIOLATED)
_1837_/S                                3.000000   11.742332   -8.742333 (VIOLATED)
_1838_/S                                3.000000   11.742332   -8.742333 (VIOLATED)
_1839_/S                                3.000000   11.742332   -8.742333 (VIOLATED)
_1840_/S                                3.000000   11.742332   -8.742333 (VIOLATED)
_1841_/S                                3.000000   11.742332   -8.742333 (VIOLATED)
_1842_/S                                3.000000   11.742332   -8.742333 (VIOLATED)
_1843_/S                                3.000000   11.742332   -8.742333 (VIOLATED)
_1844_/S                                3.000000   11.742332   -8.742333 (VIOLATED)
_1845_/S                                3.000000   11.742332   -8.742333 (VIOLATED)
_1846_/S                                3.000000   11.742332   -8.742333 (VIOLATED)
_1847_/S                                3.000000   11.742332   -8.742333 (VIOLATED)
_1848_/S                                3.000000   11.742332   -8.742333 (VIOLATED)
_1849_/S                                3.000000   11.742332   -8.742333 (VIOLATED)
_1850_/S                                3.000000   11.742332   -8.742333 (VIOLATED)
_1851_/S                                3.000000   11.742332   -8.742333 (VIOLATED)
_1852_/S                                3.000000   11.742332   -8.742333 (VIOLATED)
_1853_/S                                3.000000   11.742332   -8.742333 (VIOLATED)
_1854_/S                                3.000000   11.742332   -8.742333 (VIOLATED)
_1855_/S                                3.000000   11.742332   -8.742333 (VIOLATED)
_1424_/ZN                               3.000000    9.910196   -6.910197 (VIOLATED)
_1425_/S                                3.000000    9.910196   -6.910197 (VIOLATED)
_1426_/S                                3.000000    9.910196   -6.910197 (VIOLATED)
_1427_/S                                3.000000    9.910196   -6.910197 (VIOLATED)
_1428_/S                                3.000000    9.910196   -6.910197 (VIOLATED)
_1429_/S                                3.000000    9.910196   -6.910197 (VIOLATED)
_1430_/S                                3.000000    9.910196   -6.910197 (VIOLATED)
_1431_/S                                3.000000    9.910196   -6.910197 (VIOLATED)
_1432_/S                                3.000000    9.910196   -6.910197 (VIOLATED)
_1332_/ZN                               3.000000    9.088519   -6.088519 (VIOLATED)
_1334_/A2                               3.000000    9.088519   -6.088519 (VIOLATED)
_1351_/B1                               3.000000    9.088519   -6.088519 (VIOLATED)
_1359_/B1                               3.000000    9.088519   -6.088519 (VIOLATED)
_1362_/A2                               3.000000    9.088519   -6.088519 (VIOLATED)
_1371_/B1                               3.000000    9.088519   -6.088519 (VIOLATED)
_1375_/A2                               3.000000    9.088519   -6.088519 (VIOLATED)
_1381_/A2                               3.000000    9.088519   -6.088519 (VIOLATED)
_1384_/A2                               3.000000    9.088519   -6.088519 (VIOLATED)
_1387_/A2                               3.000000    9.088519   -6.088519 (VIOLATED)
_1390_/A2                               3.000000    9.088519   -6.088519 (VIOLATED)
_1392_/A2                               3.000000    9.088519   -6.088519 (VIOLATED)
_1395_/A2                               3.000000    9.088519   -6.088519 (VIOLATED)
_1398_/A2                               3.000000    9.088519   -6.088519 (VIOLATED)
_1400_/A2                               3.000000    9.088519   -6.088519 (VIOLATED)
_1402_/A2                               3.000000    9.088519   -6.088519 (VIOLATED)
_1404_/A2                               3.000000    9.088519   -6.088519 (VIOLATED)
_1455_/ZN                               3.000000    6.627484   -3.627484 (VIOLATED)
_1457_/A1                               3.000000    6.627484   -3.627484 (VIOLATED)
_1475_/A4                               3.000000    6.627484   -3.627484 (VIOLATED)
_1478_/A2                               3.000000    6.627484   -3.627484 (VIOLATED)
_1481_/A1                               3.000000    6.627484   -3.627484 (VIOLATED)
_1484_/A1                               3.000000    6.627484   -3.627484 (VIOLATED)
_1487_/A1                               3.000000    6.627484   -3.627484 (VIOLATED)
_1490_/A1                               3.000000    6.627484   -3.627484 (VIOLATED)
_1493_/A1                               3.000000    6.627484   -3.627484 (VIOLATED)
_1496_/A1                               3.000000    6.627484   -3.627484 (VIOLATED)
_1498_/A1                               3.000000    6.627484   -3.627484 (VIOLATED)
_1501_/A1                               3.000000    6.627484   -3.627484 (VIOLATED)
_1510_/A1                               3.000000    6.627484   -3.627484 (VIOLATED)
_1511_/B                                3.000000    6.627484   -3.627484 (VIOLATED)
_1528_/S                                3.000000    6.627484   -3.627484 (VIOLATED)
_1529_/S                                3.000000    6.627484   -3.627484 (VIOLATED)
_1530_/S                                3.000000    6.627484   -3.627484 (VIOLATED)
_1531_/S                                3.000000    6.627484   -3.627484 (VIOLATED)
_1560_/A2                               3.000000    6.627484   -3.627484 (VIOLATED)
_1577_/A1                               3.000000    6.627484   -3.627484 (VIOLATED)
_0904_/ZN                               3.000000    6.510837   -3.510837 (VIOLATED)
_0966_/A1                               3.000000    6.510837   -3.510837 (VIOLATED)
_1335_/ZN                               3.000000    6.330672   -3.330672 (VIOLATED)
_1350_/B1                               3.000000    6.330672   -3.330672 (VIOLATED)
_1357_/B1                               3.000000    6.330672   -3.330672 (VIOLATED)
_1364_/B1                               3.000000    6.330672   -3.330672 (VIOLATED)
_1369_/B1                               3.000000    6.330672   -3.330672 (VIOLATED)
_1375_/B1                               3.000000    6.330672   -3.330672 (VIOLATED)
_1381_/C1                               3.000000    6.330672   -3.330672 (VIOLATED)
_1384_/C1                               3.000000    6.330672   -3.330672 (VIOLATED)
_1387_/C1                               3.000000    6.330672   -3.330672 (VIOLATED)
_1390_/C1                               3.000000    6.330672   -3.330672 (VIOLATED)
_1392_/B1                               3.000000    6.330672   -3.330672 (VIOLATED)
_1395_/B1                               3.000000    6.330672   -3.330672 (VIOLATED)
rx_char_event_o                         3.000000    6.146810   -3.146810 (VIOLATED)
_0965_/ZN                               3.000000    6.146810   -3.146810 (VIOLATED)
_1604_/ZN                               3.000000    6.111812   -3.111812 (VIOLATED)
_1605_/S                                3.000000    6.111812   -3.111812 (VIOLATED)
_1606_/S                                3.000000    6.111812   -3.111812 (VIOLATED)
_1607_/S                                3.000000    6.111812   -3.111812 (VIOLATED)
_1608_/S                                3.000000    6.111812   -3.111812 (VIOLATED)
_1609_/S                                3.000000    6.111812   -3.111812 (VIOLATED)
_1610_/S                                3.000000    6.111812   -3.111812 (VIOLATED)
_1611_/S                                3.000000    6.111812   -3.111812 (VIOLATED)
_1612_/S                                3.000000    6.111812   -3.111812 (VIOLATED)
_1613_/S                                3.000000    6.111812   -3.111812 (VIOLATED)
_1614_/S                                3.000000    6.111812   -3.111812 (VIOLATED)
_1615_/S                                3.000000    6.111812   -3.111812 (VIOLATED)
_1616_/S                                3.000000    6.111812   -3.111812 (VIOLATED)
data_tx_req_o                           3.000000    5.752676   -2.752677 (VIOLATED)
_0996_/ZN                               3.000000    5.752676   -2.752677 (VIOLATED)
_1548_/A1                               3.000000    5.752676   -2.752677 (VIOLATED)
_1549_/A1                               3.000000    5.752676   -2.752677 (VIOLATED)
_1550_/A1                               3.000000    5.752676   -2.752677 (VIOLATED)
_1180_/A3                               3.000000    5.610425   -2.610426 (VIOLATED)
_1181_/A3                               3.000000    5.610425   -2.610425 (VIOLATED)
_1182_/A3                               3.000000    5.610425   -2.610425 (VIOLATED)
_1184_/A3                               3.000000    5.610425   -2.610426 (VIOLATED)
_1187_/A3                               3.000000    5.610425   -2.610425 (VIOLATED)
_1183_/A3                               3.000000    5.610423   -2.610423 (VIOLATED)
_1185_/A3                               3.000000    5.610425   -2.610425 (VIOLATED)
_1186_/A3                               3.000000    5.610424   -2.610424 (VIOLATED)
_1188_/A3                               3.000000    5.610423   -2.610423 (VIOLATED)
_1189_/A3                               3.000000    5.610423   -2.610423 (VIOLATED)
_1190_/A3                               3.000000    5.610423   -2.610423 (VIOLATED)
_1191_/A3                               3.000000    5.610425   -2.610425 (VIOLATED)
_1193_/A3                               3.000000    5.610424   -2.610424 (VIOLATED)
_1194_/A3                               3.000000    5.610423   -2.610423 (VIOLATED)
_1195_/A3                               3.000000    5.610423   -2.610423 (VIOLATED)
_1192_/A3                               3.000000    5.610420   -2.610420 (VIOLATED)
_1177_/ZN                               3.000000    5.610401   -2.610401 (VIOLATED)
_1179_/A1                               3.000000    5.610401   -2.610401 (VIOLATED)
_1325_/A4                               3.000000    5.610401   -2.610401 (VIOLATED)
_1326_/A4                               3.000000    5.610401   -2.610401 (VIOLATED)
_1333_/A1                               3.000000    5.610401   -2.610401 (VIOLATED)
_1051_/ZN                               3.000000    5.191878   -2.191878 (VIOLATED)
_1057_/A2                               3.000000    5.191878   -2.191878 (VIOLATED)
_1305_/S0                               3.000000    5.191878   -2.191878 (VIOLATED)
_1306_/S0                               3.000000    5.191878   -2.191878 (VIOLATED)
_1307_/S0                               3.000000    5.191878   -2.191878 (VIOLATED)
_1308_/S0                               3.000000    5.191878   -2.191878 (VIOLATED)
_1309_/S0                               3.000000    5.191878   -2.191878 (VIOLATED)
_1310_/S0                               3.000000    5.191878   -2.191878 (VIOLATED)
_1311_/S0                               3.000000    5.191878   -2.191878 (VIOLATED)
_1312_/S0                               3.000000    5.191878   -2.191878 (VIOLATED)
_1706_/ZN                               3.000000    5.162845   -2.162845 (VIOLATED)
_1707_/S                                3.000000    5.162845   -2.162845 (VIOLATED)
_1708_/S                                3.000000    5.162845   -2.162845 (VIOLATED)
_1709_/S                                3.000000    5.162845   -2.162845 (VIOLATED)
_1710_/S                                3.000000    5.162845   -2.162845 (VIOLATED)
_1714_/S                                3.000000    5.162845   -2.162845 (VIOLATED)
_1718_/S                                3.000000    5.162845   -2.162845 (VIOLATED)
_1721_/A1                               3.000000    5.162845   -2.162845 (VIOLATED)
_1722_/A1                               3.000000    5.162845   -2.162845 (VIOLATED)
_1723_/A1                               3.000000    5.162845   -2.162845 (VIOLATED)
_1724_/A2                               3.000000    5.162845   -2.162845 (VIOLATED)
_1726_/I1                               3.000000    5.162845   -2.162845 (VIOLATED)
_1729_/B1                               3.000000    5.162845   -2.162845 (VIOLATED)
_1731_/A2                               3.000000    5.162845   -2.162845 (VIOLATED)
_1732_/A2                               3.000000    5.162845   -2.162845 (VIOLATED)
_1433_/ZN                               3.000000    4.881554   -1.881554 (VIOLATED)
_1434_/S                                3.000000    4.881554   -1.881554 (VIOLATED)
_1435_/S                                3.000000    4.881554   -1.881554 (VIOLATED)
_1436_/S                                3.000000    4.881554   -1.881554 (VIOLATED)
_1437_/S                                3.000000    4.881554   -1.881554 (VIOLATED)
_1438_/S                                3.000000    4.881554   -1.881554 (VIOLATED)
_1439_/S                                3.000000    4.881554   -1.881554 (VIOLATED)
_1440_/S                                3.000000    4.881554   -1.881554 (VIOLATED)
_1441_/S                                3.000000    4.881554   -1.881554 (VIOLATED)
_1558_/ZN                               3.000000    4.823005   -1.823005 (VIOLATED)
_1561_/S                                3.000000    4.823005   -1.823005 (VIOLATED)
_1562_/S                                3.000000    4.823005   -1.823005 (VIOLATED)
_1563_/S                                3.000000    4.823005   -1.823005 (VIOLATED)
_1564_/S                                3.000000    4.823005   -1.823005 (VIOLATED)
_1565_/S                                3.000000    4.823005   -1.823005 (VIOLATED)
_1566_/S                                3.000000    4.823005   -1.823005 (VIOLATED)
_1567_/S                                3.000000    4.823005   -1.823005 (VIOLATED)
_1568_/S                                3.000000    4.823005   -1.823005 (VIOLATED)
_1501_/ZN                               3.000000    4.815664   -1.815665 (VIOLATED)
_1502_/S                                3.000000    4.815664   -1.815665 (VIOLATED)
_1503_/S                                3.000000    4.815664   -1.815665 (VIOLATED)
_1504_/S                                3.000000    4.815664   -1.815665 (VIOLATED)
_1505_/S                                3.000000    4.815664   -1.815665 (VIOLATED)
_1506_/S                                3.000000    4.815664   -1.815665 (VIOLATED)
_1507_/S                                3.000000    4.815664   -1.815665 (VIOLATED)
_1508_/S                                3.000000    4.815664   -1.815665 (VIOLATED)
_1509_/S                                3.000000    4.815664   -1.815665 (VIOLATED)
_1676_/ZN                               3.000000    4.721560   -1.721561 (VIOLATED)
_1677_/S                                3.000000    4.721560   -1.721561 (VIOLATED)
_1678_/S                                3.000000    4.721560   -1.721561 (VIOLATED)
_1679_/S                                3.000000    4.721560   -1.721561 (VIOLATED)
_1680_/S                                3.000000    4.721560   -1.721561 (VIOLATED)
_1681_/S                                3.000000    4.721560   -1.721561 (VIOLATED)
_1682_/S                                3.000000    4.721560   -1.721561 (VIOLATED)
_1683_/S                                3.000000    4.721560   -1.721561 (VIOLATED)
_1684_/S                                3.000000    4.721560   -1.721561 (VIOLATED)
_1170_/ZN                               3.000000    4.446168   -1.446169 (VIOLATED)
_1433_/B                                3.000000    4.446168   -1.446169 (VIOLATED)
_1442_/S                                3.000000    4.446168   -1.446169 (VIOLATED)
_1443_/S                                3.000000    4.446168   -1.446169 (VIOLATED)
_1444_/S                                3.000000    4.446168   -1.446169 (VIOLATED)
_1445_/S                                3.000000    4.446168   -1.446169 (VIOLATED)
_1415_/ZN                               3.000000    4.226648   -1.226648 (VIOLATED)
_1416_/S                                3.000000    4.226648   -1.226648 (VIOLATED)
_1417_/S                                3.000000    4.226648   -1.226648 (VIOLATED)
_1418_/S                                3.000000    4.226648   -1.226648 (VIOLATED)
_1419_/S                                3.000000    4.226648   -1.226648 (VIOLATED)
_1420_/S                                3.000000    4.226648   -1.226648 (VIOLATED)
_1421_/S                                3.000000    4.226648   -1.226648 (VIOLATED)
_1422_/S                                3.000000    4.226648   -1.226648 (VIOLATED)
_1423_/S                                3.000000    4.226648   -1.226648 (VIOLATED)
uart_tx_o                               3.000000    4.179514   -1.179514 (VIOLATED)
_1316_/ZN                               3.000000    4.179514   -1.179514 (VIOLATED)
_1449_/ZN                               3.000000    4.135319   -1.135319 (VIOLATED)
_1450_/S                                3.000000    4.135319   -1.135319 (VIOLATED)
_1451_/S                                3.000000    4.135319   -1.135319 (VIOLATED)
_1452_/S                                3.000000    4.135319   -1.135319 (VIOLATED)
_1453_/S                                3.000000    4.135319   -1.135319 (VIOLATED)
_1457_/ZN                               3.000000    4.060508   -1.060508 (VIOLATED)
_1459_/S                                3.000000    4.060508   -1.060508 (VIOLATED)
_1461_/S                                3.000000    4.060508   -1.060508 (VIOLATED)
_1463_/S                                3.000000    4.060508   -1.060508 (VIOLATED)
_1465_/S                                3.000000    4.060508   -1.060508 (VIOLATED)
_1467_/S                                3.000000    4.060508   -1.060508 (VIOLATED)
_1469_/S                                3.000000    4.060508   -1.060508 (VIOLATED)
_1471_/S                                3.000000    4.060508   -1.060508 (VIOLATED)
_1473_/S                                3.000000    4.060508   -1.060508 (VIOLATED)
_1474_/ZN                               3.000000    3.863119   -0.863119 (VIOLATED)
_1477_/B                                3.000000    3.863119   -0.863119 (VIOLATED)
_1515_/A1                               3.000000    3.863119   -0.863119 (VIOLATED)
_1517_/A1                               3.000000    3.863119   -0.863119 (VIOLATED)
_1519_/A1                               3.000000    3.863119   -0.863119 (VIOLATED)
_1521_/A1                               3.000000    3.863119   -0.863119 (VIOLATED)
_1523_/A1                               3.000000    3.863119   -0.863119 (VIOLATED)
_1525_/A1                               3.000000    3.863119   -0.863119 (VIOLATED)
_1527_/A1                               3.000000    3.863119   -0.863119 (VIOLATED)
data_rx_o[0]                            3.000000    3.659627   -0.659627 (VIOLATED)
_1305_/Z                                3.000000    3.659627   -0.659627 (VIOLATED)
_1677_/I1                               3.000000    3.659627   -0.659627 (VIOLATED)
data_rx_o[4]                            3.000000    3.602817   -0.602817 (VIOLATED)
_1309_/Z                                3.000000    3.602803   -0.602803 (VIOLATED)
_1681_/I1                               3.000000    3.602803   -0.602803 (VIOLATED)
data_rx_o[6]                            3.000000    3.575906   -0.575906 (VIOLATED)
_1311_/Z                                3.000000    3.575906   -0.575906 (VIOLATED)
_1683_/I1                               3.000000    3.575906   -0.575906 (VIOLATED)
data_rx_o[5]                            3.000000    3.567008   -0.567008 (VIOLATED)
_1310_/Z                                3.000000    3.567008   -0.567008 (VIOLATED)
_1682_/I1                               3.000000    3.567008   -0.567008 (VIOLATED)
data_rx_o[7]                            3.000000    3.563312   -0.563312 (VIOLATED)
_1312_/Z                                3.000000    3.563312   -0.563312 (VIOLATED)
_1684_/I1                               3.000000    3.563312   -0.563312 (VIOLATED)
data_rx_o[3]                            3.000000    3.561026   -0.561026 (VIOLATED)
_1308_/Z                                3.000000    3.561026   -0.561026 (VIOLATED)
_1680_/I1                               3.000000    3.561026   -0.561026 (VIOLATED)
data_rx_o[2]                            3.000000    3.560484   -0.560484 (VIOLATED)
_1307_/Z                                3.000000    3.560484   -0.560484 (VIOLATED)
_1679_/I1                               3.000000    3.560484   -0.560484 (VIOLATED)
data_rx_o[1]                            3.000000    3.554935   -0.554935 (VIOLATED)
_1306_/Z                                3.000000    3.554935   -0.554935 (VIOLATED)
_1678_/I1                               3.000000    3.554935   -0.554935 (VIOLATED)
_1557_/ZN                               3.000000    3.283140   -0.283140 (VIOLATED)
_1569_/S                                3.000000    3.283140   -0.283140 (VIOLATED)
_1570_/S                                3.000000    3.283140   -0.283140 (VIOLATED)
_1571_/S                                3.000000    3.283140   -0.283140 (VIOLATED)
_1572_/S                                3.000000    3.283140   -0.283140 (VIOLATED)
_1573_/S                                3.000000    3.283140   -0.283140 (VIOLATED)
_1574_/S                                3.000000    3.283140   -0.283140 (VIOLATED)
_1575_/S                                3.000000    3.283140   -0.283140 (VIOLATED)
_1576_/S                                3.000000    3.283140   -0.283140 (VIOLATED)
_1056_/ZN                               3.000000    3.237815   -0.237816 (VIOLATED)
_1057_/C2                               3.000000    3.237815   -0.237816 (VIOLATED)
_1061_/A1                               3.000000    3.237815   -0.237816 (VIOLATED)
_1305_/S1                               3.000000    3.237815   -0.237816 (VIOLATED)
_1306_/S1                               3.000000    3.237815   -0.237816 (VIOLATED)
_1307_/S1                               3.000000    3.237815   -0.237816 (VIOLATED)
_1308_/S1                               3.000000    3.237815   -0.237816 (VIOLATED)
_1309_/S1                               3.000000    3.237815   -0.237816 (VIOLATED)
_1310_/S1                               3.000000    3.237815   -0.237816 (VIOLATED)
_1311_/S1                               3.000000    3.237815   -0.237816 (VIOLATED)
_1312_/S1                               3.000000    3.237815   -0.237816 (VIOLATED)
_1539_/ZN                               3.000000    3.083981   -0.083981 (VIOLATED)
_1541_/A2                               3.000000    3.083981   -0.083981 (VIOLATED)
_1752_/A2                               3.000000    3.083981   -0.083981 (VIOLATED)
_1761_/A1                               3.000000    3.083981   -0.083981 (VIOLATED)
_1768_/A1                               3.000000    3.083981   -0.083981 (VIOLATED)
_1776_/A1                               3.000000    3.083981   -0.083981 (VIOLATED)
_1784_/A1                               3.000000    3.083981   -0.083981 (VIOLATED)
_1792_/A1                               3.000000    3.083981   -0.083981 (VIOLATED)
_1800_/A1                               3.000000    3.083981   -0.083981 (VIOLATED)
_1808_/A1                               3.000000    3.083981   -0.083981 (VIOLATED)
_1816_/A1                               3.000000    3.083981   -0.083981 (VIOLATED)
_1822_/B                                3.000000    3.083981   -0.083981 (VIOLATED)

max fanout

Pin                                   Limit Fanout  Slack
---------------------------------------------------------
rstn_i                                   10    289   -279 (VIOLATED)
_0966_/ZN                                10     51    -41 (VIOLATED)
cfg_addr_i[3]                            10     27    -17 (VIOLATED)
_0906_/ZN                                10     24    -14 (VIOLATED)
_1583_/ZN                                10     23    -13 (VIOLATED)
_1177_/ZN                                10     20    -10 (VIOLATED)
_1835_/ZN                                10     20    -10 (VIOLATED)
_1455_/ZN                                10     19     -9 (VIOLATED)
_1009_/ZN                                10     17     -7 (VIOLATED)
_1012_/ZN                                10     16     -6 (VIOLATED)
_1196_/ZN                                10     16     -6 (VIOLATED)
_1332_/ZN                                10     16     -6 (VIOLATED)
_1333_/Z                                 10     16     -6 (VIOLATED)
_1617_/ZN                                10     16     -6 (VIOLATED)
_1648_/ZN                                10     16     -6 (VIOLATED)
cfg_addr_i[1]                            10     15     -5 (VIOLATED)
_2129_/Q                                 10     15     -5 (VIOLATED)
_1014_/ZN                                10     14     -4 (VIOLATED)
_1313_/Z                                 10     14     -4 (VIOLATED)
_1706_/ZN                                10     14     -4 (VIOLATED)
_2069_/Q                                 10     14     -4 (VIOLATED)
cfg_addr_i[4]                            10     13     -3 (VIOLATED)
_1159_/ZN                                10     13     -3 (VIOLATED)
_1251_/ZN                                10     13     -3 (VIOLATED)
cfg_rwn_i                                10     12     -2 (VIOLATED)
_0967_/ZN                                10     12     -2 (VIOLATED)
_1320_/ZN                                10     12     -2 (VIOLATED)
_1604_/ZN                                10     12     -2 (VIOLATED)
_1635_/ZN                                10     12     -2 (VIOLATED)
_1740_/ZN                                10     12     -2 (VIOLATED)
cfg_addr_i[2]                            10     11        (VIOLATED)
_1005_/ZN                                10     11        (VIOLATED)
_1335_/ZN                                10     11        (VIOLATED)
_1539_/ZN                                10     11        (VIOLATED)
_2054_/Q                                 10     11        (VIOLATED)
_2055_/Q                                 10     11        (VIOLATED)

max capacitance

Pin                                        Limit         Cap       Slack
------------------------------------------------------------------------
rstn_i                                  0.200000    2.178900   -1.978900 (VIOLATED)
_0966_/ZN                               0.121600    0.382128   -0.260528 (VIOLATED)
_1583_/ZN                               0.058450    0.247617   -0.189167 (VIOLATED)
_1617_/ZN                               0.058450    0.173063   -0.114613 (VIOLATED)
_1648_/ZN                               0.079850    0.172295   -0.092445 (VIOLATED)
_1635_/ZN                               0.058450    0.128272   -0.069822 (VIOLATED)
_1835_/ZN                               0.160800    0.215167   -0.054367 (VIOLATED)
_1424_/ZN                               0.058450    0.087349   -0.028899 (VIOLATED)
_1332_/ZN                               0.058450    0.082534   -0.024084 (VIOLATED)



===========================================================================
report_parasitic_annotation -report_unannotated
============================================================================
Found 26 unannotated drivers.
 data_tx_i[10]
 data_tx_i[11]
 data_tx_i[12]
 data_tx_i[13]
 data_tx_i[14]
 data_tx_i[15]
 data_tx_i[16]
 data_tx_i[17]
 data_tx_i[18]
 data_tx_i[19]
 data_tx_i[20]
 data_tx_i[21]
 data_tx_i[22]
 data_tx_i[23]
 data_tx_i[24]
 data_tx_i[25]
 data_tx_i[26]
 data_tx_i[27]
 data_tx_i[28]
 data_tx_i[29]
 data_tx_i[30]
 data_tx_i[31]
 data_tx_i[8]
 data_tx_i[9]
 periph_clk_i
 sys_clk_i
Found 0 partially unannotated drivers.

===========================================================================
max slew violation count 692
Writing metric design__max_slew_violation__count__corner:max_ss_125C_4v50: 692
max fanout violation count 36
Writing metric design__max_fanout_violation__count__corner:max_ss_125C_4v50: 36
max cap violation count 9
Writing metric design__max_cap_violation__count__corner:max_ss_125C_4v50: 9
============================================================================

===========================================================================
check_setup -verbose -unconstrained_endpoints -multiple_clock -no_clock -no_input_delay -loops -generated_clocks
===========================================================================
Warning: There is 1 input port missing set_input_delay.
  rstn_i
