
===========================================================================
Violator List
============================================================================
[setup in-reg] cfg_addr_i[2] -> _1974_/D : -2.733423
[setup in-reg] cfg_addr_i[2] -> _1975_/D : -2.732513
[setup in-reg] cfg_addr_i[2] -> _1967_/D : -2.729049
[setup in-reg] cfg_addr_i[2] -> _1968_/D : -2.728896
[setup in-reg] cfg_addr_i[2] -> _1966_/D : -2.728784
[setup in-reg] cfg_addr_i[2] -> _1965_/D : -2.728609
[setup in-reg] cfg_addr_i[2] -> _1971_/D : -2.728326
[setup in-reg] cfg_addr_i[2] -> _1973_/D : -2.728319
[setup in-reg] cfg_addr_i[2] -> _1963_/D : -2.728312
[setup in-reg] cfg_addr_i[2] -> _1969_/D : -2.727953
[setup in-reg] cfg_addr_i[2] -> _1972_/D : -2.727454
[setup in-reg] cfg_addr_i[2] -> _1970_/D : -2.727429
[setup in-reg] cfg_addr_i[2] -> _1964_/D : -2.727070
[setup in-reg] cfg_addr_i[2] -> _1960_/D : -2.726136
[setup in-reg] cfg_addr_i[2] -> _1962_/D : -2.721127
[setup in-reg] cfg_addr_i[2] -> _1961_/D : -2.719718
[setup in-reg] cfg_addr_i[2] -> _2036_/D : -2.709007
[setup in-reg] cfg_addr_i[2] -> _2037_/D : -2.708028
[setup in-reg] cfg_addr_i[2] -> _1958_/D : -2.706406
[setup in-reg] cfg_addr_i[2] -> _1976_/D : -2.705358
[setup in-reg] cfg_addr_i[2] -> _1977_/D : -2.705054
[setup in-reg] cfg_addr_i[2] -> _1959_/D : -2.703210
[setup in-reg] cfg_addr_i[2] -> _2040_/D : -2.700226
[setup reg-reg] _2116_/Q -> _2150_/RN : -1.360585
[setup reg-reg] _2116_/Q -> _1895_/RN : -1.360580
[setup reg-reg] _2116_/Q -> _1894_/RN : -1.360570
[setup reg-reg] _2116_/Q -> _2146_/RN : -1.360534
[setup reg-reg] _2116_/Q -> _2151_/RN : -1.360500
[setup reg-reg] _2116_/Q -> _2147_/RN : -1.360410
[setup reg-reg] _2116_/Q -> _2149_/SETN : -0.466915
[setup reg-reg] _2116_/Q -> _2153_/SETN : -0.466804
[setup reg-reg] _2116_/Q -> _2152_/SETN : -0.466748
[setup reg-reg] _2116_/Q -> _2148_/SETN : -0.466483
[setup reg-reg] _2116_/Q -> _1893_/SETN : -0.463587
[setup reg-reg] _2116_/Q -> _1892_/SETN : -0.463544
Writing metric timing__hold_vio__count__corner:max_ss_125C_4v50: 0
Writing metric timing__hold_r2r__ws__corner:max_ss_125C_4v50: 0.779731
Writing metric timing__hold_r2r_vio__count__corner:max_ss_125C_4v50: 0
Writing metric timing__setup_vio__count__corner:max_ss_125C_4v50: 35
Writing metric timing__setup_r2r__ws__corner:max_ss_125C_4v50: -1.360585
Writing metric timing__setup_r2r_vio__count__corner:max_ss_125C_4v50: 12
