
===========================================================================
report_checks -unconstrained
===========================================================================
======================= max_ff_n40C_5v50 Corner ===================================

Startpoint: _2116_ (rising edge-triggered flip-flop clocked by sys_clk)
Endpoint: _2148_ (recovery check against rising-edge clock sys_clk)
Path Group: asynchronous
Path Type: max

Fanout         Cap        Slew       Delay        Time   Description
---------------------------------------------------------------------------------------------
                                  0.000000    0.000000   clock sys_clk (rise edge)
                                  0.000000    0.000000   clock source latency
     1    0.059346    0.178869    0.101693    0.101693 ^ sys_clk_i (in)
                                                         sys_clk_i (net)
                      0.179716    0.000000    0.101693 ^ clkbuf_0_sys_clk_i/I (gf180mcu_fd_sc_mcu7t5v0__clkbuf_16)
    16    0.187172    0.152890    0.233457    0.335150 ^ clkbuf_0_sys_clk_i/Z (gf180mcu_fd_sc_mcu7t5v0__clkbuf_16)
                                                         clknet_0_sys_clk_i (net)
                      0.152942    0.004211    0.339361 ^ clkbuf_4_7_0_sys_clk_i/I (gf180mcu_fd_sc_mcu7t5v0__clkbuf_2)
     2    0.050561    0.291393    0.304643    0.644004 ^ clkbuf_4_7_0_sys_clk_i/Z (gf180mcu_fd_sc_mcu7t5v0__clkbuf_2)
                                                         clknet_4_7_0_sys_clk_i (net)
                      0.291404    0.000980    0.644985 ^ clkbuf_5_14__f_sys_clk_i/I (gf180mcu_fd_sc_mcu7t5v0__clkbuf_16)
     6    0.038936    0.071893    0.197672    0.842656 ^ clkbuf_5_14__f_sys_clk_i/Z (gf180mcu_fd_sc_mcu7t5v0__clkbuf_16)
                                                         clknet_5_14__leaf_sys_clk_i (net)
                      0.071894    0.000597    0.843253 ^ _2116_/CLK (gf180mcu_fd_sc_mcu7t5v0__dffrnq_1)
     2    0.033010    0.237435    0.551162    1.394415 v _2116_/Q (gf180mcu_fd_sc_mcu7t5v0__dffrnq_1)
                                                         s_uart_rx_clean_fifo (net)
                      0.237454    0.001317    1.395731 v _0966_/A2 (gf180mcu_fd_sc_mcu7t5v0__nor2_1)
     4    0.048506    0.946924    0.598454    1.994185 ^ _0966_/ZN (gf180mcu_fd_sc_mcu7t5v0__nor2_1)
                                                         u_dc_fifo_rx.dst_rstn_i (net)
                      0.946924    0.000469    1.994654 ^ fanout350/I (gf180mcu_fd_sc_mcu7t5v0__dlyb_1)
     5    0.047657    0.540438    0.786606    2.781260 ^ fanout350/Z (gf180mcu_fd_sc_mcu7t5v0__dlyb_1)
                                                         net350 (net)
                      0.540438    0.000459    2.781719 ^ fanout347/I (gf180mcu_fd_sc_mcu7t5v0__dlyb_1)
     8    0.075298    0.833293    0.976863    3.758582 ^ fanout347/Z (gf180mcu_fd_sc_mcu7t5v0__dlyb_1)
                                                         net347 (net)
                      0.833301    0.001508    3.760090 ^ fanout346/I (gf180mcu_fd_sc_mcu7t5v0__buf_1)
     4    0.034621    0.403981    0.355489    4.115579 ^ fanout346/Z (gf180mcu_fd_sc_mcu7t5v0__buf_1)
                                                         net346 (net)
                      0.403983    0.000507    4.116086 ^ max_cap534/I (gf180mcu_fd_sc_mcu7t5v0__buf_2)
     7    0.065417    0.370851    0.333218    4.449303 ^ max_cap534/Z (gf180mcu_fd_sc_mcu7t5v0__buf_2)
                                                         net534 (net)
                      0.370851    0.000338    4.449642 ^ _2148_/SETN (gf180mcu_fd_sc_mcu7t5v0__dffsnq_1)
                                              4.449642   data arrival time

                                 20.000000   20.000000   clock sys_clk (rise edge)
                                  0.000000   20.000000   clock source latency
     1    0.059346    0.178869    0.101693   20.101694 ^ sys_clk_i (in)
                                                         sys_clk_i (net)
                      0.179716    0.000000   20.101694 ^ clkbuf_0_sys_clk_i/I (gf180mcu_fd_sc_mcu7t5v0__clkbuf_16)
    16    0.187172    0.152890    0.233458   20.335152 ^ clkbuf_0_sys_clk_i/Z (gf180mcu_fd_sc_mcu7t5v0__clkbuf_16)
                                                         clknet_0_sys_clk_i (net)
                      0.152983    0.005073   20.340225 ^ clkbuf_4_5_0_sys_clk_i/I (gf180mcu_fd_sc_mcu7t5v0__clkbuf_2)
     2    0.048740    0.281813    0.299034   20.639257 ^ clkbuf_4_5_0_sys_clk_i/Z (gf180mcu_fd_sc_mcu7t5v0__clkbuf_2)
                                                         clknet_4_5_0_sys_clk_i (net)
                      0.281824    0.000943   20.640202 ^ clkbuf_5_11__f_sys_clk_i/I (gf180mcu_fd_sc_mcu7t5v0__clkbuf_16)
     6    0.043818    0.074217    0.198151   20.838352 ^ clkbuf_5_11__f_sys_clk_i/Z (gf180mcu_fd_sc_mcu7t5v0__clkbuf_16)
                                                         clknet_5_11__leaf_sys_clk_i (net)
                      0.074217    0.000178   20.838530 ^ _2148_/CLK (gf180mcu_fd_sc_mcu7t5v0__dffsnq_1)
                                 -0.250000   20.588531   clock uncertainty
                                  0.000000   20.588531   clock reconvergence pessimism
                                 -0.027740   20.560791   library recovery time
                                             20.560791   data required time
---------------------------------------------------------------------------------------------
                                             20.560791   data required time
                                             -4.449642   data arrival time
---------------------------------------------------------------------------------------------
                                             16.111149   slack (MET)


Startpoint: _2069_ (rising edge-triggered flip-flop clocked by periph_clk)
Endpoint: uart_tx_o (output port clocked by periph_clk)
Path Group: periph_clk
Path Type: max

Fanout         Cap        Slew       Delay        Time   Description
---------------------------------------------------------------------------------------------
                                  0.000000    0.000000   clock periph_clk (rise edge)
                                  0.000000    0.000000   clock source latency
     1    0.059658    0.180176    0.101608    0.101608 ^ periph_clk_i (in)
                                                         periph_clk_i (net)
                      0.180781    0.000000    0.101608 ^ clkbuf_0_periph_clk_i/I (gf180mcu_fd_sc_mcu7t5v0__clkbuf_16)
    16    0.186904    0.154456    0.235608    0.337216 ^ clkbuf_0_periph_clk_i/Z (gf180mcu_fd_sc_mcu7t5v0__clkbuf_16)
                                                         clknet_0_periph_clk_i (net)
                      0.154483    0.003029    0.340246 ^ clkbuf_4_9_0_periph_clk_i/I (gf180mcu_fd_sc_mcu7t5v0__clkbuf_2)
     2    0.052093    0.299400    0.309579    0.649825 ^ clkbuf_4_9_0_periph_clk_i/Z (gf180mcu_fd_sc_mcu7t5v0__clkbuf_2)
                                                         clknet_4_9_0_periph_clk_i (net)
                      0.299420    0.001387    0.651212 ^ clkbuf_5_18__f_periph_clk_i/I (gf180mcu_fd_sc_mcu7t5v0__clkbuf_16)
     5    0.025658    0.064622    0.193220    0.844432 ^ clkbuf_5_18__f_periph_clk_i/Z (gf180mcu_fd_sc_mcu7t5v0__clkbuf_16)
                                                         clknet_5_18__leaf_periph_clk_i (net)
                      0.064622    0.000337    0.844769 ^ _2069_/CLK (gf180mcu_fd_sc_mcu7t5v0__dffrnq_1)
     5    0.032958    0.237197    0.550135    1.394905 v _2069_/Q (gf180mcu_fd_sc_mcu7t5v0__dffrnq_1)
                                                         u_uart_tx.CS[1] (net)
                      0.237198    0.000462    1.395367 v fanout418/I (gf180mcu_fd_sc_mcu7t5v0__dlyb_1)
    10    0.065842    0.480229    0.931346    2.326713 v fanout418/Z (gf180mcu_fd_sc_mcu7t5v0__dlyb_1)
                                                         net418 (net)
                      0.480255    0.001997    2.328710 v _1313_/A1 (gf180mcu_fd_sc_mcu7t5v0__and2_1)
     5    0.037402    0.269605    0.404089    2.732799 v _1313_/Z (gf180mcu_fd_sc_mcu7t5v0__and2_1)
                                                         _0413_ (net)
                      0.269606    0.000292    2.733091 v fanout328/I (gf180mcu_fd_sc_mcu7t5v0__dlyb_1)
    10    0.074058    0.529575    0.976758    3.709849 v fanout328/Z (gf180mcu_fd_sc_mcu7t5v0__dlyb_1)
                                                         net328 (net)
                      0.529607    0.002334    3.712183 v _1315_/A2 (gf180mcu_fd_sc_mcu7t5v0__aoi221_1)
     1    0.005213    0.412956    0.364495    4.076678 ^ _1315_/ZN (gf180mcu_fd_sc_mcu7t5v0__aoi221_1)
                                                         _0415_ (net)
                      0.412956    0.000100    4.076778 ^ _1316_/B (gf180mcu_fd_sc_mcu7t5v0__oai21_1)
     1    0.022593    0.344044    0.231976    4.308754 v _1316_/ZN (gf180mcu_fd_sc_mcu7t5v0__oai21_1)
                                                         net220 (net)
                      0.344045    0.001175    4.309929 v output220/I (gf180mcu_fd_sc_mcu7t5v0__buf_1)
     1    0.007665    0.096381    0.254854    4.564783 v output220/Z (gf180mcu_fd_sc_mcu7t5v0__buf_1)
                                                         net236 (net)
                      0.096381    0.000095    4.564878 v wire236/I (gf180mcu_fd_sc_mcu7t5v0__clkbuf_3)
     1    0.075733    0.224621    0.274795    4.839673 v wire236/Z (gf180mcu_fd_sc_mcu7t5v0__clkbuf_3)
                                                         uart_tx_o (net)
                      0.224643    0.001232    4.840906 v uart_tx_o (out)
                                              4.840906   data arrival time

                                 20.000000   20.000000   clock periph_clk (rise edge)
                                  0.000000   20.000000   clock network delay (propagated)
                                 -0.250000   19.750002   clock uncertainty
                                  0.000000   19.750002   clock reconvergence pessimism
                                 -4.000000   15.750001   output external delay
                                             15.750001   data required time
---------------------------------------------------------------------------------------------
                                             15.750001   data required time
                                             -4.840906   data arrival time
---------------------------------------------------------------------------------------------
                                             10.909095   slack (MET)


Startpoint: cfg_addr_i[3] (input port clocked by sys_clk)
Endpoint: cfg_data_o[1] (output port clocked by sys_clk)
Path Group: sys_clk
Path Type: max

Fanout         Cap        Slew       Delay        Time   Description
---------------------------------------------------------------------------------------------
                                  0.000000    0.000000   clock sys_clk (rise edge)
                                  0.000000    0.000000   clock network delay (propagated)
                                  4.000000    4.000000 v input external delay
     1    0.008457    0.071427    0.034861    4.034861 v cfg_addr_i[3] (in)
                                                         cfg_addr_i[3] (net)
                      0.071427    0.000000    4.034861 v input4/I (gf180mcu_fd_sc_mcu7t5v0__dlyb_1)
     5    0.065187    0.474696    0.868907    4.903768 v input4/Z (gf180mcu_fd_sc_mcu7t5v0__dlyb_1)
                                                         net4 (net)
                      0.474944    0.006122    4.909890 v fanout428/I (gf180mcu_fd_sc_mcu7t5v0__dlyb_1)
    10    0.070596    0.508664    1.035834    5.945724 v fanout428/Z (gf180mcu_fd_sc_mcu7t5v0__dlyb_1)
                                                         net428 (net)
                      0.508745    0.003638    5.949362 v _0907_/I (gf180mcu_fd_sc_mcu7t5v0__clkinv_1)
     8    0.055609    0.629643    0.503125    6.452487 ^ _0907_/ZN (gf180mcu_fd_sc_mcu7t5v0__clkinv_1)
                                                         _0698_ (net)
                      0.629649    0.001164    6.453651 ^ _1323_/A1 (gf180mcu_fd_sc_mcu7t5v0__nand4_1)
     2    0.010252    0.366047    0.218076    6.671727 v _1323_/ZN (gf180mcu_fd_sc_mcu7t5v0__nand4_1)
                                                         _0422_ (net)
                      0.366047    0.000156    6.671884 v _1332_/A1 (gf180mcu_fd_sc_mcu7t5v0__nor4_1)
     2    0.044537    1.669839    0.982015    7.653899 ^ _1332_/ZN (gf180mcu_fd_sc_mcu7t5v0__nor4_1)
                                                         _0431_ (net)
                      1.669840    0.002382    7.656281 ^ fanout325/I (gf180mcu_fd_sc_mcu7t5v0__dlya_1)
    10    0.092457    1.012658    0.712532    8.368814 ^ fanout325/Z (gf180mcu_fd_sc_mcu7t5v0__dlya_1)
                                                         net325 (net)
                      1.012658    0.000587    8.369401 ^ _1351_/B1 (gf180mcu_fd_sc_mcu7t5v0__aoi22_1)
     1    0.019050    0.499141    0.304378    8.673779 v _1351_/ZN (gf180mcu_fd_sc_mcu7t5v0__aoi22_1)
                                                         _0449_ (net)
                      0.499141    0.000834    8.674612 v _1355_/A1 (gf180mcu_fd_sc_mcu7t5v0__and4_1)
     1    0.024217    0.204850    0.377430    9.052042 v _1355_/Z (gf180mcu_fd_sc_mcu7t5v0__and4_1)
                                                         _0453_ (net)
                      0.204854    0.001261    9.053304 v _1356_/A2 (gf180mcu_fd_sc_mcu7t5v0__nand2_1)
     1    0.017062    0.311023    0.213952    9.267256 ^ _1356_/ZN (gf180mcu_fd_sc_mcu7t5v0__nand2_1)
                                                         net124 (net)
                      0.311024    0.000663    9.267920 ^ output124/I (gf180mcu_fd_sc_mcu7t5v0__buf_1)
     1    0.010792    0.150906    0.199857    9.467776 ^ output124/Z (gf180mcu_fd_sc_mcu7t5v0__buf_1)
                                                         net227 (net)
                      0.150906    0.000282    9.468059 ^ wire227/I (gf180mcu_fd_sc_mcu7t5v0__clkbuf_3)
     1    0.081769    0.241055    0.292623    9.760681 ^ wire227/Z (gf180mcu_fd_sc_mcu7t5v0__clkbuf_3)
                                                         cfg_data_o[1] (net)
                      0.241116    0.002101    9.762782 ^ cfg_data_o[1] (out)
                                              9.762782   data arrival time

                                 20.000000   20.000000   clock sys_clk (rise edge)
                                  0.000000   20.000000   clock network delay (propagated)
                                 -0.250000   19.750002   clock uncertainty
                                  0.000000   19.750002   clock reconvergence pessimism
                                 -4.000000   15.750001   output external delay
                                             15.750001   data required time
---------------------------------------------------------------------------------------------
                                             15.750001   data required time
                                             -9.762782   data arrival time
---------------------------------------------------------------------------------------------
                                              5.987219   slack (MET)




===========================================================================
report_checks --slack_max -0.01
============================================================================
======================= max_ff_n40C_5v50 Corner ===================================

No paths found.


===========================================================================
 report_check_types -max_slew -max_cap -max_fanout -violators
============================================================================
======================= max_ff_n40C_5v50 Corner ===================================

max fanout

Pin                                   Limit Fanout  Slack
---------------------------------------------------------
clkbuf_0_periph_clk_i/Z                  10     16     -6 (VIOLATED)
clkbuf_0_sys_clk_i/Z                     10     16     -6 (VIOLATED)



===========================================================================
report_parasitic_annotation -report_unannotated
============================================================================
Found 45 unannotated drivers.
 data_tx_i[10]
 data_tx_i[11]
 data_tx_i[12]
 data_tx_i[13]
 data_tx_i[14]
 data_tx_i[15]
 data_tx_i[16]
 data_tx_i[17]
 data_tx_i[18]
 data_tx_i[19]
 data_tx_i[20]
 data_tx_i[21]
 data_tx_i[22]
 data_tx_i[23]
 data_tx_i[24]
 data_tx_i[25]
 data_tx_i[26]
 data_tx_i[27]
 data_tx_i[28]
 data_tx_i[29]
 data_tx_i[30]
 data_tx_i[31]
 data_tx_i[8]
 data_tx_i[9]
 clkload0/Z
 clkload1/Z
 clkload10/Z
 clkload11/Z
 clkload12/Z
 clkload13/Z
 clkload14/Z
 clkload15/Z
 clkload16/Z
 clkload17/Z
 clkload18/Z
 clkload19/Z
 clkload2/Z
 clkload20/Z
 clkload3/Z
 clkload4/Z
 clkload5/Z
 clkload6/Z
 clkload7/Z
 clkload8/Z
 clkload9/Z
Found 0 partially unannotated drivers.

===========================================================================
max slew violation count 0
max fanout violation count 2
max cap violation count 0
============================================================================

===========================================================================
check_setup -verbose -unconstrained_endpoints -multiple_clock -no_clock -no_input_delay -loops -generated_clocks
===========================================================================
Warning: There is 1 input port missing set_input_delay.
  rstn_i
