Clock: sys_clk
Sources: sys_clk_i 
Generated: no
Virtual: yes
Propagated: no
Period: 20.000000

===========================================================================
report_clock_properties
============================================================================
Clock                   Period          Waveform
----------------------------------------------------
sys_clk              20.000000    0.000000 10.000000

===========================================================================
report_clock_latency
============================================================================
Clock sys_clk
rise -> rise
    min     max
0.000000 0.000000 source latency
0.831552         network latency _2027_/CLK
        0.856607 network latency _2025_/CLK
---------------
0.831552 0.856607 latency
        0.025054 skew

fall -> fall
    min     max
0.000000 0.000000 source latency
0.795878         network latency _2027_/CLK
        0.822459 network latency _2025_/CLK
---------------
0.795878 0.822459 latency
        0.026581 skew



===========================================================================
report_clock_min_period
============================================================================
sys_clk period_min = 4.64 fmax = 215.74
Clock: periph_clk
Sources: periph_clk_i 
Generated: no
Virtual: yes
Propagated: no
Period: 20.000000

===========================================================================
report_clock_properties
============================================================================
Clock                   Period          Waveform
----------------------------------------------------
periph_clk           20.000000    0.000000 10.000000

===========================================================================
report_clock_latency
============================================================================
Clock periph_clk
rise -> rise
    min     max
0.000000 0.000000 source latency
0.822510         network latency _2053_/CLK
        0.860061 network latency _1888_/CLK
---------------
0.822510 0.860061 latency
        0.037551 skew

fall -> fall
    min     max
0.000000 0.000000 source latency
0.786259         network latency _2053_/CLK
        0.825807 network latency _1888_/CLK
---------------
0.786259 0.825807 latency
        0.039548 skew



===========================================================================
report_clock_min_period
============================================================================
periph_clk period_min = 5.04 fmax = 198.47
