
===========================================================================
 report_power
============================================================================
======================= max_ff_n40C_5v50 Corner ===================================

Group                    Internal    Switching      Leakage        Total
                            Power        Power        Power        Power (Watts)
------------------------------------------------------------------------
Sequential           1.475865e-02 1.749643e-03 1.822492e-07 1.650847e-02  31.0%
Combinational        6.832188e-03 5.234572e-03 2.557035e-07 1.206702e-02  22.6%
Clock                1.840650e-02 6.320275e-03 3.852207e-07 2.472716e-02  46.4%
Macro                0.000000e+00 0.000000e+00 0.000000e+00 0.000000e+00   0.0%
Pad                  0.000000e+00 0.000000e+00 0.000000e+00 0.000000e+00   0.0%
------------------------------------------------------------------------
Total                3.999737e-02 1.330449e-02 8.231706e-07 5.330268e-02 100.0%
                            75.0%        25.0%         0.0%

