
===========================================================================
report_checks -unconstrained
===========================================================================
======================= max_tt_025C_5v00 Corner ===================================

Startpoint: rstn_i (input port clocked by clk_i)
Endpoint: _389_ (recovery check against rising-edge clock clk_i)
Path Group: asynchronous
Path Type: max

Fanout         Cap        Slew       Delay        Time   Description
---------------------------------------------------------------------------------------------
                                  0.000000    0.000000   clock clk_i (rise edge)
                                  0.000000    0.000000   clock network delay (propagated)
                                  4.000000    4.000000 ^ input external delay
     1    0.004736    0.125466    0.046877    4.046877 ^ rstn_i (in)
                                                         rstn_i (net)
                      0.125466    0.000000    4.046877 ^ input21/I (gf180mcu_fd_sc_mcu7t5v0__dlyb_1)
     1    0.005177    0.169230    0.880682    4.927559 ^ input21/Z (gf180mcu_fd_sc_mcu7t5v0__dlyb_1)
                                                         net21 (net)
                      0.169230    0.000066    4.927626 ^ fanout44/I (gf180mcu_fd_sc_mcu7t5v0__dlyb_1)
     9    0.095208    1.574100    1.720941    6.648567 ^ fanout44/Z (gf180mcu_fd_sc_mcu7t5v0__dlyb_1)
                                                         net44 (net)
                      1.574100    0.000857    6.649424 ^ fanout41/I (gf180mcu_fd_sc_mcu7t5v0__dlyb_1)
    10    0.104460    1.724558    1.804101    8.453525 ^ fanout41/Z (gf180mcu_fd_sc_mcu7t5v0__dlyb_1)
                                                         net41 (net)
                      1.724573    0.002924    8.456449 ^ _389_/RN (gf180mcu_fd_sc_mcu7t5v0__dffrnq_1)
                                              8.456449   data arrival time

                                 20.000000   20.000000   clock clk_i (rise edge)
                                  0.000000   20.000000   clock source latency
     1    0.035553    0.177507    0.088365   20.088366 ^ clk_i (in)
                                                         clk_i (net)
                      0.177514    0.000000   20.088366 ^ clkbuf_0_clk_i/I (gf180mcu_fd_sc_mcu7t5v0__clkbuf_16)
     4    0.099766    0.158119    0.293504   20.381868 ^ clkbuf_0_clk_i/Z (gf180mcu_fd_sc_mcu7t5v0__clkbuf_16)
                                                         clknet_0_clk_i (net)
                      0.158119    0.000725   20.382593 ^ clkbuf_2_3__f_clk_i/I (gf180mcu_fd_sc_mcu7t5v0__clkbuf_16)
     9    0.052772    0.117550    0.258007   20.640600 ^ clkbuf_2_3__f_clk_i/Z (gf180mcu_fd_sc_mcu7t5v0__clkbuf_16)
                                                         clknet_2_3__leaf_clk_i (net)
                      0.117555    0.001645   20.642246 ^ _389_/CLK (gf180mcu_fd_sc_mcu7t5v0__dffrnq_1)
                                 -0.250000   20.392246   clock uncertainty
                                  0.000000   20.392246   clock reconvergence pessimism
                                 -0.208447   20.183800   library recovery time
                                             20.183800   data required time
---------------------------------------------------------------------------------------------
                                             20.183800   data required time
                                             -8.456449   data arrival time
---------------------------------------------------------------------------------------------
                                             11.727352   slack (MET)


Startpoint: rx_ready_i (input port clocked by clk_i)
Endpoint: err_overflow_o (output port clocked by clk_i)
Path Group: clk_i
Path Type: max

Fanout         Cap        Slew       Delay        Time   Description
---------------------------------------------------------------------------------------------
                                  0.000000    0.000000   clock clk_i (rise edge)
                                  0.000000    0.000000   clock network delay (propagated)
                                  4.000000    4.000000 v input external delay
     1    0.004872    0.074237    0.029780    4.029780 v rx_ready_i (in)
                                                         rx_ready_i (net)
                      0.074237    0.000000    4.029780 v input23/I (gf180mcu_fd_sc_mcu7t5v0__dlyb_1)
     2    0.008589    0.246451    1.000733    5.030513 v input23/Z (gf180mcu_fd_sc_mcu7t5v0__dlyb_1)
                                                         net23 (net)
                      0.246451    0.000123    5.030636 v _257_/A2 (gf180mcu_fd_sc_mcu7t5v0__nor3_1)
     1    0.004083    0.410906    0.292946    5.323582 ^ _257_/ZN (gf180mcu_fd_sc_mcu7t5v0__nor3_1)
                                                         net26 (net)
                      0.410906    0.000080    5.323662 ^ output26/I (gf180mcu_fd_sc_mcu7t5v0__dlyb_1)
     1    0.075120    1.254649    1.557733    6.881395 ^ output26/Z (gf180mcu_fd_sc_mcu7t5v0__dlyb_1)
                                                         err_overflow_o (net)
                      1.254649    0.001126    6.882521 ^ err_overflow_o (out)
                                              6.882521   data arrival time

                                 20.000000   20.000000   clock clk_i (rise edge)
                                  0.000000   20.000000   clock network delay (propagated)
                                 -0.250000   19.750002   clock uncertainty
                                  0.000000   19.750002   clock reconvergence pessimism
                                 -4.000000   15.750001   output external delay
                                             15.750001   data required time
---------------------------------------------------------------------------------------------
                                             15.750001   data required time
                                             -6.882521   data arrival time
---------------------------------------------------------------------------------------------
                                              8.867479   slack (MET)




===========================================================================
report_checks --slack_max -0.01
============================================================================
======================= max_tt_025C_5v00 Corner ===================================

No paths found.


===========================================================================
 report_check_types -max_slew -max_cap -max_fanout -violators
============================================================================
======================= max_tt_025C_5v00 Corner ===================================



===========================================================================
report_parasitic_annotation -report_unannotated
============================================================================
Found 4 unannotated drivers.
 cfg_stop_bits_i
 clkload0/Z
 clkload1/Z
 clkload2/Z
Found 0 partially unannotated drivers.

===========================================================================
max slew violation count 0
max fanout violation count 0
max cap violation count 0
============================================================================

===========================================================================
check_setup -verbose -unconstrained_endpoints -multiple_clock -no_clock -no_input_delay -loops -generated_clocks
===========================================================================
