Clock: clk_i
Sources: clk_i 
Generated: no
Virtual: yes
Propagated: no
Period: 20.000000

===========================================================================
report_clock_properties
============================================================================
Clock                   Period          Waveform
----------------------------------------------------
clk_i                20.000000    0.000000 10.000000

===========================================================================
report_clock_latency
============================================================================
Clock clk_i
rise -> rise
    min     max
0.000000 0.000000 source latency
0.641218         network latency _372_/CLK
        0.649872 network latency _390_/CLK
---------------
0.641218 0.649872 latency
        0.008654 skew

fall -> fall
    min     max
0.000000 0.000000 source latency
0.595824         network latency _372_/CLK
        0.605075 network latency _390_/CLK
---------------
0.595824 0.605075 latency
        0.009251 skew



===========================================================================
report_clock_min_period
============================================================================
clk_i period_min = 6.12 fmax = 163.27
