
===========================================================================
report_checks -unconstrained
===========================================================================
======================= nom_tt_025C_5v00 Corner ===================================

Startpoint: _2030_ (rising edge-triggered flip-flop clocked by sys_clk)
Endpoint: _2067_ (recovery check against rising-edge clock sys_clk)
Path Group: asynchronous
Path Type: max

Fanout         Cap        Slew       Delay        Time   Description
---------------------------------------------------------------------------------------------
                      0.150000    0.000000    0.000000   clock sys_clk (rise edge)
                                  0.000000    0.000000   clock network delay (ideal)
                      0.150000    0.000000    0.000000 ^ _2030_/CLK (gf180mcu_fd_sc_mcu7t5v0__dffrnq_1)
     2    0.016357    0.210484    0.777208    0.777208 v _2030_/Q (gf180mcu_fd_sc_mcu7t5v0__dffrnq_1)
                                                         s_uart_rx_clean_fifo (net)
                      0.210485    0.000368    0.777576 v _0923_/A2 (gf180mcu_fd_sc_mcu7t5v0__nor2_1)
     2    0.010868    0.444643    0.312546    1.090122 ^ _0923_/ZN (gf180mcu_fd_sc_mcu7t5v0__nor2_1)
                                                         u_dc_fifo_rx.dst_rstn_i (net)
                      0.444643    0.000086    1.090208 ^ fanout336/I (gf180mcu_fd_sc_mcu7t5v0__dlyd_1)
     1    0.006491    0.185752    2.257644    3.347852 ^ fanout336/Z (gf180mcu_fd_sc_mcu7t5v0__dlyd_1)
                                                         net336 (net)
                      0.185752    0.000062    3.347914 ^ wire338/I (gf180mcu_fd_sc_mcu7t5v0__clkbuf_2)
     5    0.035286    0.321516    0.387026    3.734940 ^ wire338/Z (gf180mcu_fd_sc_mcu7t5v0__clkbuf_2)
                                                         net338 (net)
                      0.321521    0.000728    3.735668 ^ load_slew337/I (gf180mcu_fd_sc_mcu7t5v0__clkbuf_2)
     4    0.028806    0.274048    0.385671    4.121339 ^ load_slew337/Z (gf180mcu_fd_sc_mcu7t5v0__clkbuf_2)
                                                         net337 (net)
                      0.274048    0.000130    4.121469 ^ fanout329/I (gf180mcu_fd_sc_mcu7t5v0__dlyd_1)
     2    0.012240    0.277200    2.304073    6.425542 ^ fanout329/Z (gf180mcu_fd_sc_mcu7t5v0__dlyd_1)
                                                         net329 (net)
                      0.277200    0.000023    6.425565 ^ load_slew332/I (gf180mcu_fd_sc_mcu7t5v0__clkbuf_2)
     4    0.032481    0.301107    0.393433    6.818998 ^ load_slew332/Z (gf180mcu_fd_sc_mcu7t5v0__clkbuf_2)
                                                         net332 (net)
                      0.301107    0.000309    6.819307 ^ load_slew331/I (gf180mcu_fd_sc_mcu7t5v0__clkbuf_2)
     4    0.028055    0.268361    0.377937    7.197244 ^ load_slew331/Z (gf180mcu_fd_sc_mcu7t5v0__clkbuf_2)
                                                         net331 (net)
                      0.268361    0.000136    7.197380 ^ load_slew330/I (gf180mcu_fd_sc_mcu7t5v0__buf_2)
     3    0.023863    0.231030    0.285374    7.482754 ^ load_slew330/Z (gf180mcu_fd_sc_mcu7t5v0__buf_2)
                                                         net330 (net)
                      0.231030    0.000059    7.482813 ^ _2067_/SETN (gf180mcu_fd_sc_mcu7t5v0__dffsnq_1)
                                              7.482813   data arrival time

                      0.150000   20.000000   20.000000   clock sys_clk (rise edge)
                                  0.000000   20.000000   clock network delay (ideal)
                                 -0.250000   19.750002   clock uncertainty
                                  0.000000   19.750002   clock reconvergence pessimism
                                             19.750002 ^ _2067_/CLK (gf180mcu_fd_sc_mcu7t5v0__dffsnq_1)
                                  0.029879   19.779881   library recovery time
                                             19.779881   data required time
---------------------------------------------------------------------------------------------
                                             19.779881   data required time
                                             -7.482813   data arrival time
---------------------------------------------------------------------------------------------
                                             12.297067   slack (MET)


Startpoint: _2019_ (rising edge-triggered flip-flop clocked by periph_clk)
Endpoint: _2010_ (rising edge-triggered flip-flop clocked by periph_clk)
Path Group: periph_clk
Path Type: max

Fanout         Cap        Slew       Delay        Time   Description
---------------------------------------------------------------------------------------------
                      0.150000    0.000000    0.000000   clock periph_clk (rise edge)
                                  0.000000    0.000000   clock network delay (ideal)
                      0.150000    0.000000    0.000000 ^ _2019_/CLK (gf180mcu_fd_sc_mcu7t5v0__dffrnq_1)
     3    0.015793    0.205802    0.773557    0.773557 v _2019_/Q (gf180mcu_fd_sc_mcu7t5v0__dffrnq_1)
                                                         r_uart_en_rx_sync[2] (net)
                      0.205802    0.000064    0.773621 v _0911_/I (gf180mcu_fd_sc_mcu7t5v0__clkinv_1)
     5    0.027101    0.478862    0.338123    1.111745 ^ _0911_/ZN (gf180mcu_fd_sc_mcu7t5v0__clkinv_1)
                                                         _0706_ (net)
                      0.478862    0.000050    1.111795 ^ _1739_/B2 (gf180mcu_fd_sc_mcu7t5v0__aoi22_1)
     1    0.004003    0.283722    0.193117    1.304912 v _1739_/ZN (gf180mcu_fd_sc_mcu7t5v0__aoi22_1)
                                                         _0642_ (net)
                      0.283722    0.000020    1.304932 v fanout296/I (gf180mcu_fd_sc_mcu7t5v0__dlyd_1)
     4    0.020267    0.360613    2.523689    3.828621 v fanout296/Z (gf180mcu_fd_sc_mcu7t5v0__dlyd_1)
                                                         net296 (net)
                      0.360613    0.000060    3.828681 v load_slew298/I (gf180mcu_fd_sc_mcu7t5v0__clkbuf_2)
     3    0.019905    0.203790    0.369498    4.198179 v load_slew298/Z (gf180mcu_fd_sc_mcu7t5v0__clkbuf_2)
                                                         net298 (net)
                      0.203790    0.000096    4.198276 v load_slew297/I (gf180mcu_fd_sc_mcu7t5v0__clkbuf_2)
     2    0.026961    0.250588    0.361694    4.559970 v load_slew297/Z (gf180mcu_fd_sc_mcu7t5v0__clkbuf_2)
                                                         net297 (net)
                      0.250594    0.000727    4.560697 v fanout293/I (gf180mcu_fd_sc_mcu7t5v0__dlyd_1)
     5    0.033105    0.458914    2.608779    7.169476 v fanout293/Z (gf180mcu_fd_sc_mcu7t5v0__dlyd_1)
                                                         net293 (net)
                      0.458914    0.000240    7.169716 v fanout291/I (gf180mcu_fd_sc_mcu7t5v0__dlyd_1)
     4    0.021053    0.357887    2.592650    9.762365 v fanout291/Z (gf180mcu_fd_sc_mcu7t5v0__dlyd_1)
                                                         net291 (net)
                      0.357887    0.000156    9.762522 v fanout288/I (gf180mcu_fd_sc_mcu7t5v0__dlyd_1)
     4    0.017718    0.336827    2.528273   12.290794 v fanout288/Z (gf180mcu_fd_sc_mcu7t5v0__dlyd_1)
                                                         net288 (net)
                      0.336827    0.000014   12.290809 v load_slew289/I (gf180mcu_fd_sc_mcu7t5v0__clkbuf_2)
     6    0.030583    0.277253    0.416097   12.706905 v load_slew289/Z (gf180mcu_fd_sc_mcu7t5v0__clkbuf_2)
                                                         net289 (net)
                      0.277253    0.000112   12.707017 v _1760_/A2 (gf180mcu_fd_sc_mcu7t5v0__nor2_1)
     1    0.008528    0.371938    0.284789   12.991806 ^ _1760_/ZN (gf180mcu_fd_sc_mcu7t5v0__nor2_1)
                                                         _0650_ (net)
                      0.371938    0.000113   12.991919 ^ _1761_/B (gf180mcu_fd_sc_mcu7t5v0__aoi21_1)
     1    0.003426    0.255613    0.204734   13.196653 v _1761_/ZN (gf180mcu_fd_sc_mcu7t5v0__aoi21_1)
                                                         _0284_ (net)
                      0.255613    0.000005   13.196658 v _2010_/D (gf180mcu_fd_sc_mcu7t5v0__dffrnq_1)
                                             13.196658   data arrival time

                      0.150000   20.000000   20.000000   clock periph_clk (rise edge)
                                  0.000000   20.000000   clock network delay (ideal)
                                 -0.250000   19.750002   clock uncertainty
                                  0.000000   19.750002   clock reconvergence pessimism
                                             19.750002 ^ _2010_/CLK (gf180mcu_fd_sc_mcu7t5v0__dffrnq_1)
                                 -0.169961   19.580040   library setup time
                                             19.580040   data required time
---------------------------------------------------------------------------------------------
                                             19.580040   data required time
                                            -13.196658   data arrival time
---------------------------------------------------------------------------------------------
                                              6.383381   slack (MET)


Startpoint: cfg_rwn_i (input port clocked by sys_clk)
Endpoint: cfg_data_o[20] (output port clocked by sys_clk)
Path Group: sys_clk
Path Type: max

Fanout         Cap        Slew       Delay        Time   Description
---------------------------------------------------------------------------------------------
                      0.150000    0.000000    0.000000   clock sys_clk (rise edge)
                                  0.000000    0.000000   clock network delay (ideal)
                                  2.000000    2.000000 v input external delay
     1    0.007401    0.098207    0.044970    2.044970 v cfg_rwn_i (in)
                                                         cfg_rwn_i (net)
                      0.098207    0.000000    2.044970 v input38/I (gf180mcu_fd_sc_mcu7t5v0__dlyd_1)
     8    0.047350    0.580647    2.654905    4.699875 v input38/Z (gf180mcu_fd_sc_mcu7t5v0__dlyd_1)
                                                         net38 (net)
                      0.580653    0.001296    4.701171 v _1085_/A1 (gf180mcu_fd_sc_mcu7t5v0__nand3_1)
     5    0.030569    0.800048    0.584638    5.285809 ^ _1085_/ZN (gf180mcu_fd_sc_mcu7t5v0__nand3_1)
                                                         _0291_ (net)
                      0.800048    0.000079    5.285887 ^ _1086_/A2 (gf180mcu_fd_sc_mcu7t5v0__nor2_1)
     4    0.016356    0.433525    0.329655    5.615542 v _1086_/ZN (gf180mcu_fd_sc_mcu7t5v0__nor2_1)
                                                         _0292_ (net)
                      0.433525    0.000008    5.615551 v _1087_/A2 (gf180mcu_fd_sc_mcu7t5v0__and2_1)
     1    0.006383    0.138994    0.372847    5.988397 v _1087_/Z (gf180mcu_fd_sc_mcu7t5v0__and2_1)
                                                         _0293_ (net)
                      0.138994    0.000069    5.988466 v fanout321/I (gf180mcu_fd_sc_mcu7t5v0__dlyd_1)
     5    0.034282    0.469361    2.577938    8.566404 v fanout321/Z (gf180mcu_fd_sc_mcu7t5v0__dlyd_1)
                                                         net321 (net)
                      0.469361    0.000023    8.566428 v load_slew322/I (gf180mcu_fd_sc_mcu7t5v0__buf_2)
     2    0.030680    0.194892    0.393664    8.960092 v load_slew322/Z (gf180mcu_fd_sc_mcu7t5v0__buf_2)
                                                         net322 (net)
                      0.194939    0.000966    8.961058 v fanout320/I (gf180mcu_fd_sc_mcu7t5v0__dlyd_1)
     7    0.033600    0.463351    2.592035   11.553093 v fanout320/Z (gf180mcu_fd_sc_mcu7t5v0__dlyd_1)
                                                         net320 (net)
                      0.463351    0.000133   11.553226 v fanout318/I (gf180mcu_fd_sc_mcu7t5v0__dlyd_1)
     2    0.012702    0.282093    2.520654   14.073880 v fanout318/Z (gf180mcu_fd_sc_mcu7t5v0__dlyd_1)
                                                         net318 (net)
                      0.282093    0.000164   14.074044 v wire319/I (gf180mcu_fd_sc_mcu7t5v0__clkbuf_2)
     9    0.034961    0.307666    0.422686   14.496731 v wire319/Z (gf180mcu_fd_sc_mcu7t5v0__clkbuf_2)
                                                         net319 (net)
                      0.307667    0.000338   14.497068 v _1092_/A2 (gf180mcu_fd_sc_mcu7t5v0__and2_1)
     1    0.008036    0.149692    0.349786   14.846854 v _1092_/Z (gf180mcu_fd_sc_mcu7t5v0__and2_1)
                                                         net125 (net)
                      0.149692    0.000109   14.846963 v output125/I (gf180mcu_fd_sc_mcu7t5v0__clkbuf_2)
     1    0.076133    0.615141    0.580595   15.427558 v output125/Z (gf180mcu_fd_sc_mcu7t5v0__clkbuf_2)
                                                         cfg_data_o[20] (net)
                      0.615147    0.001050   15.428608 v cfg_data_o[20] (out)
                                             15.428608   data arrival time

                      0.150000   20.000000   20.000000   clock sys_clk (rise edge)
                                  0.000000   20.000000   clock network delay (ideal)
                                 -0.250000   19.750002   clock uncertainty
                                  0.000000   19.750002   clock reconvergence pessimism
                                 -2.000000   17.750002   output external delay
                                             17.750002   data required time
---------------------------------------------------------------------------------------------
                                             17.750002   data required time
                                            -15.428608   data arrival time
---------------------------------------------------------------------------------------------
                                              2.321393   slack (MET)




===========================================================================
report_checks --slack_max -0.01
============================================================================
======================= nom_tt_025C_5v00 Corner ===================================

No paths found.


===========================================================================
 report_check_types -max_slew -max_cap -max_fanout -violators
============================================================================
======================= nom_tt_025C_5v00 Corner ===================================



===========================================================================
report_parasitic_annotation -report_unannotated
============================================================================
Found 146 unannotated drivers.
 data_tx_i[10]
 data_tx_i[11]
 data_tx_i[12]
 data_tx_i[13]
 data_tx_i[14]
 data_tx_i[15]
 data_tx_i[16]
 data_tx_i[17]
 data_tx_i[18]
 data_tx_i[19]
 data_tx_i[20]
 data_tx_i[21]
 data_tx_i[22]
 data_tx_i[23]
 data_tx_i[24]
 data_tx_i[25]
 data_tx_i[26]
 data_tx_i[27]
 data_tx_i[28]
 data_tx_i[29]
 data_tx_i[30]
 data_tx_i[31]
 data_tx_i[8]
 data_tx_i[9]
 periph_clk_i
 sys_clk_i
 clkbuf_0_periph_clk_i/Z
 clkbuf_0_sys_clk_i/Z
 clkbuf_4_0_0_periph_clk_i/Z
 clkbuf_4_0_0_sys_clk_i/Z
 clkbuf_4_10_0_periph_clk_i/Z
 clkbuf_4_10_0_sys_clk_i/Z
 clkbuf_4_11_0_periph_clk_i/Z
 clkbuf_4_11_0_sys_clk_i/Z
 clkbuf_4_12_0_periph_clk_i/Z
 clkbuf_4_12_0_sys_clk_i/Z
 clkbuf_4_13_0_periph_clk_i/Z
 clkbuf_4_13_0_sys_clk_i/Z
 clkbuf_4_14_0_periph_clk_i/Z
 clkbuf_4_14_0_sys_clk_i/Z
 clkbuf_4_15_0_periph_clk_i/Z
 clkbuf_4_15_0_sys_clk_i/Z
 clkbuf_4_1_0_periph_clk_i/Z
 clkbuf_4_1_0_sys_clk_i/Z
 clkbuf_4_2_0_periph_clk_i/Z
 clkbuf_4_2_0_sys_clk_i/Z
 clkbuf_4_3_0_periph_clk_i/Z
 clkbuf_4_3_0_sys_clk_i/Z
 clkbuf_4_4_0_periph_clk_i/Z
 clkbuf_4_4_0_sys_clk_i/Z
 clkbuf_4_5_0_periph_clk_i/Z
 clkbuf_4_5_0_sys_clk_i/Z
 clkbuf_4_6_0_periph_clk_i/Z
 clkbuf_4_6_0_sys_clk_i/Z
 clkbuf_4_7_0_periph_clk_i/Z
 clkbuf_4_7_0_sys_clk_i/Z
 clkbuf_4_8_0_periph_clk_i/Z
 clkbuf_4_8_0_sys_clk_i/Z
 clkbuf_4_9_0_periph_clk_i/Z
 clkbuf_4_9_0_sys_clk_i/Z
 clkbuf_5_0__f_periph_clk_i/Z
 clkbuf_5_0__f_sys_clk_i/Z
 clkbuf_5_10__f_periph_clk_i/Z
 clkbuf_5_10__f_sys_clk_i/Z
 clkbuf_5_11__f_periph_clk_i/Z
 clkbuf_5_11__f_sys_clk_i/Z
 clkbuf_5_12__f_periph_clk_i/Z
 clkbuf_5_12__f_sys_clk_i/Z
 clkbuf_5_13__f_periph_clk_i/Z
 clkbuf_5_13__f_sys_clk_i/Z
 clkbuf_5_14__f_periph_clk_i/Z
 clkbuf_5_14__f_sys_clk_i/Z
 clkbuf_5_15__f_periph_clk_i/Z
 clkbuf_5_15__f_sys_clk_i/Z
 clkbuf_5_16__f_periph_clk_i/Z
 clkbuf_5_16__f_sys_clk_i/Z
 clkbuf_5_17__f_periph_clk_i/Z
 clkbuf_5_17__f_sys_clk_i/Z
 clkbuf_5_18__f_periph_clk_i/Z
 clkbuf_5_18__f_sys_clk_i/Z
 clkbuf_5_19__f_periph_clk_i/Z
 clkbuf_5_19__f_sys_clk_i/Z
 clkbuf_5_1__f_periph_clk_i/Z
 clkbuf_5_1__f_sys_clk_i/Z
 clkbuf_5_20__f_periph_clk_i/Z
 clkbuf_5_20__f_sys_clk_i/Z
 clkbuf_5_21__f_periph_clk_i/Z
 clkbuf_5_21__f_sys_clk_i/Z
 clkbuf_5_22__f_periph_clk_i/Z
 clkbuf_5_22__f_sys_clk_i/Z
 clkbuf_5_23__f_periph_clk_i/Z
 clkbuf_5_23__f_sys_clk_i/Z
 clkbuf_5_24__f_periph_clk_i/Z
 clkbuf_5_24__f_sys_clk_i/Z
 clkbuf_5_25__f_periph_clk_i/Z
 clkbuf_5_25__f_sys_clk_i/Z
 clkbuf_5_26__f_periph_clk_i/Z
 clkbuf_5_26__f_sys_clk_i/Z
 clkbuf_5_27__f_periph_clk_i/Z
 clkbuf_5_27__f_sys_clk_i/Z
 clkbuf_5_28__f_periph_clk_i/Z
 clkbuf_5_28__f_sys_clk_i/Z
 clkbuf_5_29__f_periph_clk_i/Z
 clkbuf_5_29__f_sys_clk_i/Z
 clkbuf_5_2__f_periph_clk_i/Z
 clkbuf_5_2__f_sys_clk_i/Z
 clkbuf_5_30__f_periph_clk_i/Z
 clkbuf_5_30__f_sys_clk_i/Z
 clkbuf_5_31__f_periph_clk_i/Z
 clkbuf_5_31__f_sys_clk_i/Z
 clkbuf_5_3__f_periph_clk_i/Z
 clkbuf_5_3__f_sys_clk_i/Z
 clkbuf_5_4__f_periph_clk_i/Z
 clkbuf_5_4__f_sys_clk_i/Z
 clkbuf_5_5__f_periph_clk_i/Z
 clkbuf_5_5__f_sys_clk_i/Z
 clkbuf_5_6__f_periph_clk_i/Z
 clkbuf_5_6__f_sys_clk_i/Z
 clkbuf_5_7__f_periph_clk_i/Z
 clkbuf_5_7__f_sys_clk_i/Z
 clkbuf_5_8__f_periph_clk_i/Z
 clkbuf_5_8__f_sys_clk_i/Z
 clkbuf_5_9__f_periph_clk_i/Z
 clkbuf_5_9__f_sys_clk_i/Z
 clkload0/Z
 clkload1/Z
 clkload10/Z
 clkload11/Z
 clkload12/Z
 clkload13/Z
 clkload14/Z
 clkload15/Z
 clkload16/Z
 clkload17/Z
 clkload18/Z
 clkload19/Z
 clkload2/Z
 clkload20/Z
 clkload21/Z
 clkload3/Z
 clkload4/Z
 clkload5/Z
 clkload6/Z
 clkload7/Z
 clkload8/Z
 clkload9/Z
Found 0 partially unannotated drivers.

===========================================================================
max slew violation count 0
Writing metric design__max_slew_violation__count__corner:nom_tt_025C_5v00: 0
max fanout violation count 0
Writing metric design__max_fanout_violation__count__corner:nom_tt_025C_5v00: 0
max cap violation count 0
Writing metric design__max_cap_violation__count__corner:nom_tt_025C_5v00: 0
============================================================================

===========================================================================
check_setup -verbose -unconstrained_endpoints -multiple_clock -no_clock -no_input_delay -loops -generated_clocks
===========================================================================
Warning: There is 1 input port missing set_input_delay.
  rstn_i
