Clock: clk_i
Sources: clk_i 
Generated: no
Virtual: yes
Propagated: no
Period: 20.000000

===========================================================================
report_clock_properties
============================================================================
Clock                   Period          Waveform
----------------------------------------------------
clk_i                20.000000    0.000000 10.000000

===========================================================================
report_clock_latency
============================================================================
Clock clk_i
rise -> rise
    min     max
0.000000 0.000000 source latency
1.131238         network latency _372_/CLK
        1.144146 network latency _390_/CLK
---------------
1.131238 1.144146 latency
        0.012908 skew

fall -> fall
    min     max
0.000000 0.000000 source latency
1.053762         network latency _372_/CLK
        1.067539 network latency _390_/CLK
---------------
1.053762 1.067539 latency
        0.013777 skew



===========================================================================
report_clock_min_period
============================================================================
clk_i period_min = 10.89 fmax = 91.83
