Clock: sys_clk
Sources: sys_clk_i 
Generated: no
Virtual: yes
Propagated: no
Period: 20.000000

===========================================================================
report_clock_properties
============================================================================
Clock                   Period          Waveform
----------------------------------------------------
sys_clk              20.000000    0.000000 10.000000

===========================================================================
report_clock_latency
============================================================================
Clock sys_clk
rise -> rise
    min     max
0.000000 0.000000 source latency
0.719442         network latency _1808_/CLK
        0.744762 network latency _1888_/CLK
---------------
0.719442 0.744762 latency
        0.025320 skew

fall -> fall
    min     max
0.000000 0.000000 source latency
0.689705         network latency _1808_/CLK
        0.715929 network latency _1888_/CLK
---------------
0.689705 0.715929 latency
        0.026223 skew



===========================================================================
report_clock_min_period
============================================================================
sys_clk period_min = 4.53 fmax = 220.71
Clock: periph_clk
Sources: periph_clk_i 
Generated: no
Virtual: yes
Propagated: no
Period: 20.000000

===========================================================================
report_clock_properties
============================================================================
Clock                   Period          Waveform
----------------------------------------------------
periph_clk           20.000000    0.000000 10.000000

===========================================================================
report_clock_latency
============================================================================
Clock periph_clk
rise -> rise
    min     max
0.000000 0.000000 source latency
0.697284         network latency _2021_/CLK
        0.706129 network latency _1798_/CLK
---------------
0.697284 0.706129 latency
        0.008845 skew

fall -> fall
    min     max
0.000000 0.000000 source latency
0.670196         network latency _2021_/CLK
        0.680296 network latency _1798_/CLK
---------------
0.670196 0.680296 latency
        0.010099 skew



===========================================================================
report_clock_min_period
============================================================================
periph_clk period_min = 5.88 fmax = 170.05
