125. Printing statistics.

=== udma_uart_tx ===

        +----------Local Count, excluding submodules.
        |        +-Local Area, excluding submodules.
        |        | 
      181        - wires
      204        - wire bits
       43        - public wires
       66        - public wire bits
       12        - ports
       35        - port bits
      172 5.18E+03 cells
        5   87.808   gf180mcu_fd_sc_mcu7t5v0__and2_1
        4   87.808   gf180mcu_fd_sc_mcu7t5v0__and3_1
        2   48.294   gf180mcu_fd_sc_mcu7t5v0__and4_1
        4   87.808   gf180mcu_fd_sc_mcu7t5v0__aoi211_1
       14  245.862   gf180mcu_fd_sc_mcu7t5v0__aoi21_1
        1   19.757   gf180mcu_fd_sc_mcu7t5v0__aoi22_1
       11   96.589   gf180mcu_fd_sc_mcu7t5v0__clkinv_1
       24 1.79E+03   gf180mcu_fd_sc_mcu7t5v0__dffrnq_1
        8  632.218   gf180mcu_fd_sc_mcu7t5v0__dffsnq_1
       14  460.992   gf180mcu_fd_sc_mcu7t5v0__mux2_2
       11  120.736   gf180mcu_fd_sc_mcu7t5v0__nand2_1
        3   46.099   gf180mcu_fd_sc_mcu7t5v0__nand3_1
        6  118.541   gf180mcu_fd_sc_mcu7t5v0__nand4_1
       17   223.91   gf180mcu_fd_sc_mcu7t5v0__nor2_1
       12  210.739   gf180mcu_fd_sc_mcu7t5v0__nor3_1
        4   87.808   gf180mcu_fd_sc_mcu7t5v0__nor4_1
        1   21.952   gf180mcu_fd_sc_mcu7t5v0__oai211_1
        3   52.685   gf180mcu_fd_sc_mcu7t5v0__oai21_1
        1   26.342   gf180mcu_fd_sc_mcu7t5v0__oai221_1
        1   21.952   gf180mcu_fd_sc_mcu7t5v0__oai22_1
        2   48.294   gf180mcu_fd_sc_mcu7t5v0__oai31_1
        1   26.342   gf180mcu_fd_sc_mcu7t5v0__oai32_1
        1   17.562   gf180mcu_fd_sc_mcu7t5v0__or2_1
        8  228.301   gf180mcu_fd_sc_mcu7t5v0__xnor2_1
       14  368.794   gf180mcu_fd_sc_mcu7t5v0__xor2_1

   Chip area for module '\udma_uart_tx': 5178.476800
     of which used for sequential elements: 2423.500800 (46.80%)

