Reading timing models for corner max_ff_n40C_5v50…
Reading timing library for the 'max_ff_n40C_5v50' corner at '/home/sahana/.ciel/gf180mcuD/libs.ref/gf180mcu_fd_sc_mcu7t5v0/lib/gf180mcu_fd_sc_mcu7t5v0__ff_n40C_5v50.lib'…
Reading timing models for corner max_tt_025C_5v00…
Reading timing library for the 'max_tt_025C_5v00' corner at '/home/sahana/.ciel/gf180mcuD/libs.ref/gf180mcu_fd_sc_mcu7t5v0/lib/gf180mcu_fd_sc_mcu7t5v0__tt_025C_5v00.lib'…
Reading timing models for corner nom_ff_n40C_5v50…
Reading timing library for the 'nom_ff_n40C_5v50' corner at '/home/sahana/.ciel/gf180mcuD/libs.ref/gf180mcu_fd_sc_mcu7t5v0/lib/gf180mcu_fd_sc_mcu7t5v0__ff_n40C_5v50.lib'…
[WARNING STA-1140] /home/sahana/.ciel/gf180mcuD/libs.ref/gf180mcu_fd_sc_mcu7t5v0/lib/gf180mcu_fd_sc_mcu7t5v0__ff_n40C_5v50.lib line 17, library gf180mcu_fd_sc_mcu7t5v0__ff_n40C_5v50 already exists.
Reading timing models for corner nom_tt_025C_5v00…
Reading timing library for the 'nom_tt_025C_5v00' corner at '/home/sahana/.ciel/gf180mcuD/libs.ref/gf180mcu_fd_sc_mcu7t5v0/lib/gf180mcu_fd_sc_mcu7t5v0__tt_025C_5v00.lib'…
[WARNING STA-1140] /home/sahana/.ciel/gf180mcuD/libs.ref/gf180mcu_fd_sc_mcu7t5v0/lib/gf180mcu_fd_sc_mcu7t5v0__tt_025C_5v00.lib line 17, library gf180mcu_fd_sc_mcu7t5v0__tt_025C_5v00 already exists.
Reading timing models for corner min_ss_125C_4v50…
Reading timing library for the 'min_ss_125C_4v50' corner at '/home/sahana/.ciel/gf180mcuD/libs.ref/gf180mcu_fd_sc_mcu7t5v0/lib/gf180mcu_fd_sc_mcu7t5v0__ss_125C_4v50.lib'…
Reading timing models for corner min_ff_n40C_5v50…
Reading timing library for the 'min_ff_n40C_5v50' corner at '/home/sahana/.ciel/gf180mcuD/libs.ref/gf180mcu_fd_sc_mcu7t5v0/lib/gf180mcu_fd_sc_mcu7t5v0__ff_n40C_5v50.lib'…
[WARNING STA-1140] /home/sahana/.ciel/gf180mcuD/libs.ref/gf180mcu_fd_sc_mcu7t5v0/lib/gf180mcu_fd_sc_mcu7t5v0__ff_n40C_5v50.lib line 17, library gf180mcu_fd_sc_mcu7t5v0__ff_n40C_5v50 already exists.
Reading timing models for corner min_tt_025C_5v00…
Reading timing library for the 'min_tt_025C_5v00' corner at '/home/sahana/.ciel/gf180mcuD/libs.ref/gf180mcu_fd_sc_mcu7t5v0/lib/gf180mcu_fd_sc_mcu7t5v0__tt_025C_5v00.lib'…
[WARNING STA-1140] /home/sahana/.ciel/gf180mcuD/libs.ref/gf180mcu_fd_sc_mcu7t5v0/lib/gf180mcu_fd_sc_mcu7t5v0__tt_025C_5v00.lib line 17, library gf180mcu_fd_sc_mcu7t5v0__tt_025C_5v00 already exists.
Reading timing models for corner max_ss_125C_4v50…
Reading timing library for the 'max_ss_125C_4v50' corner at '/home/sahana/.ciel/gf180mcuD/libs.ref/gf180mcu_fd_sc_mcu7t5v0/lib/gf180mcu_fd_sc_mcu7t5v0__ss_125C_4v50.lib'…
[WARNING STA-1140] /home/sahana/.ciel/gf180mcuD/libs.ref/gf180mcu_fd_sc_mcu7t5v0/lib/gf180mcu_fd_sc_mcu7t5v0__ss_125C_4v50.lib line 17, library gf180mcu_fd_sc_mcu7t5v0__ss_125C_4v50 already exists.
Reading timing models for corner nom_ss_125C_4v50…
Reading timing library for the 'nom_ss_125C_4v50' corner at '/home/sahana/.ciel/gf180mcuD/libs.ref/gf180mcu_fd_sc_mcu7t5v0/lib/gf180mcu_fd_sc_mcu7t5v0__ss_125C_4v50.lib'…
[WARNING STA-1140] /home/sahana/.ciel/gf180mcuD/libs.ref/gf180mcu_fd_sc_mcu7t5v0/lib/gf180mcu_fd_sc_mcu7t5v0__ss_125C_4v50.lib line 17, library gf180mcu_fd_sc_mcu7t5v0__ss_125C_4v50 already exists.
Reading OpenROAD database at '/home/sahana/core5_udma/hardening/uart_top/runs/TRIAL_10/35-openroad-cts/udma_uart_top.odb'…
Reading design constraints file at '/home/sahana/core5_udma/hardening/uart_top/constraints.closure.sdc'…
+ repair_timing -verbose -setup -setup_margin 0.05000000000000000277555756156289135105907917022705078125 -max_buffer_percent 50 -repair_tns 100 -max_utilization 60
[INFO RSZ-0100] Repair move sequence: UnbufferMove SizeUpMove SwapPinsMove BufferMove CloneMove SplitLoadMove 
[INFO RSZ-0094] Found 54 endpoints with setup violations.
[INFO RSZ-0099] Repairing 54 out of 54 (100.00%) violating endpoints...
   Iter   | Removed | Resized | Inserted | Cloned |  Pin  |   Area   |    WNS   |   TNS      |  Viol  | Worst
          | Buffers |  Gates  | Buffers  |  Gates | Swaps |          |          |            | Endpts | Endpt
--------------------------------------------------------------------------------------------------------------
        0 |       0 |       0 |        0 |      0 |     0 |    +0.0% |   -9.538 |     -236.0 |     54 | cfg_data_o[23]
       10 |       1 |       8 |        0 |      0 |     0 |    -0.5% |   -2.506 |      -41.9 |     54 | _2010_/D
       12 |       2 |       9 |        0 |      0 |     0 |    -0.6% |   -1.745 |      -23.7 |     52 | cfg_data_o[0]
       14 |       2 |      10 |        0 |      0 |     0 |    -0.6% |   -1.745 |      -20.3 |     50 | cfg_data_o[0]
       15 |       2 |      10 |        0 |      0 |     0 |    -0.6% |   -1.745 |      -20.3 |     49 | cfg_data_o[0]
       16 |       2 |      10 |        0 |      0 |     0 |    -0.6% |   -1.745 |      -20.3 |     48 | cfg_data_o[0]
       17 |       2 |      10 |        0 |      0 |     0 |    -0.6% |   -1.745 |      -20.3 |     47 | cfg_data_o[0]
       18 |       2 |      10 |        0 |      0 |     0 |    -0.6% |   -1.745 |      -20.3 |     46 | cfg_data_o[0]
       19 |       2 |      10 |        0 |      0 |     0 |    -0.6% |   -1.745 |      -20.3 |     45 | cfg_data_o[0]
       20 |       2 |      10 |        0 |      0 |     0 |    -0.6% |   -1.745 |      -20.3 |     45 | cfg_data_o[0]
       20 |       2 |      10 |        0 |      0 |     0 |    -0.6% |   -1.745 |      -20.3 |     44 | cfg_data_o[0]
       21 |       2 |      10 |        0 |      0 |     0 |    -0.6% |   -1.745 |      -20.3 |     43 | cfg_data_o[0]
       22 |       2 |      10 |        0 |      0 |     0 |    -0.6% |   -1.745 |      -20.3 |     42 | cfg_data_o[0]
       30 |       2 |      17 |        0 |      0 |     0 |    -0.9% |   -0.776 |       -6.4 |     42 | cfg_data_o[0]
       33 |       2 |      20 |        0 |      0 |     0 |    -1.1% |    0.809 |        0.0 |     40 | _1791_/D
       34 |       2 |      20 |        0 |      0 |     0 |    -1.1% |    0.809 |        0.0 |     39 | _1791_/D
       35 |       2 |      20 |        0 |      0 |     0 |    -1.1% |    0.809 |        0.0 |     38 | _1791_/D
       36 |       2 |      20 |        0 |      0 |     0 |    -1.1% |    0.809 |        0.0 |     37 | _1791_/D
       37 |       2 |      20 |        0 |      0 |     0 |    -1.1% |    0.809 |        0.0 |     36 | _1791_/D
       38 |       2 |      20 |        0 |      0 |     0 |    -1.1% |    0.809 |        0.0 |     35 | _1791_/D
       39 |       2 |      20 |        0 |      0 |     0 |    -1.1% |    0.809 |        0.0 |     34 | _1791_/D
       40 |       2 |      20 |        0 |      0 |     0 |    -1.1% |    0.809 |        0.0 |     34 | _1791_/D
       40 |       2 |      20 |        0 |      0 |     0 |    -1.1% |    0.809 |        0.0 |     33 | _1791_/D
       41 |       2 |      20 |        0 |      0 |     0 |    -1.1% |    0.809 |        0.0 |     32 | _1791_/D
       42 |       2 |      20 |        0 |      0 |     0 |    -1.1% |    0.809 |        0.0 |     31 | _1791_/D
       43 |       2 |      20 |        0 |      0 |     0 |    -1.1% |    0.809 |        0.0 |     30 | _1791_/D
       44 |       2 |      20 |        0 |      0 |     0 |    -1.1% |    0.809 |        0.0 |     29 | _1791_/D
       45 |       2 |      20 |        0 |      0 |     0 |    -1.1% |    0.809 |        0.0 |     28 | _1791_/D
       46 |       2 |      20 |        0 |      0 |     0 |    -1.1% |    0.809 |        0.0 |     27 | _1791_/D
       47 |       2 |      20 |        0 |      0 |     0 |    -1.1% |    0.809 |        0.0 |     26 | _1791_/D
       48 |       2 |      20 |        0 |      0 |     0 |    -1.1% |    0.809 |        0.0 |     25 | _1791_/D
       49 |       2 |      20 |        0 |      0 |     0 |    -1.1% |    0.809 |        0.0 |     24 | _1791_/D
       50 |       2 |      20 |        0 |      0 |     0 |    -1.1% |    0.809 |        0.0 |     24 | _1791_/D
       50 |       2 |      20 |        0 |      0 |     0 |    -1.1% |    0.809 |        0.0 |     23 | _1791_/D
       51 |       2 |      20 |        0 |      0 |     0 |    -1.1% |    0.809 |        0.0 |     22 | _1791_/D
       52 |       2 |      20 |        0 |      0 |     0 |    -1.1% |    0.809 |        0.0 |     21 | _1791_/D
       53 |       2 |      20 |        0 |      0 |     0 |    -1.1% |    0.809 |        0.0 |     20 | _1791_/D
       54 |       2 |      20 |        0 |      0 |     0 |    -1.1% |    0.809 |        0.0 |     19 | _1791_/D
       55 |       2 |      20 |        0 |      0 |     0 |    -1.1% |    0.809 |        0.0 |     18 | _1791_/D
       56 |       2 |      20 |        0 |      0 |     0 |    -1.1% |    0.809 |        0.0 |     17 | _1791_/D
       57 |       2 |      20 |        0 |      0 |     0 |    -1.1% |    0.809 |        0.0 |     16 | _1791_/D
       58 |       2 |      20 |        0 |      0 |     0 |    -1.1% |    0.809 |        0.0 |     15 | _1791_/D
       59 |       2 |      20 |        0 |      0 |     0 |    -1.1% |    0.809 |        0.0 |     14 | _1791_/D
       60 |       2 |      20 |        0 |      0 |     0 |    -1.1% |    0.809 |        0.0 |     14 | _1791_/D
       60 |       2 |      20 |        0 |      0 |     0 |    -1.1% |    0.809 |        0.0 |     13 | _1791_/D
       61 |       2 |      20 |        0 |      0 |     0 |    -1.1% |    0.809 |        0.0 |     12 | _1791_/D
       62 |       2 |      20 |        0 |      0 |     0 |    -1.1% |    0.809 |        0.0 |     11 | _1791_/D
       63 |       2 |      20 |        0 |      0 |     0 |    -1.1% |    0.809 |        0.0 |     10 | _1791_/D
       64 |       2 |      20 |        0 |      0 |     0 |    -1.1% |    0.809 |        0.0 |      9 | _1791_/D
       65 |       2 |      20 |        0 |      0 |     0 |    -1.1% |    0.809 |        0.0 |      8 | _1791_/D
       66 |       2 |      20 |        0 |      0 |     0 |    -1.1% |    0.809 |        0.0 |      7 | _1791_/D
       67 |       2 |      20 |        0 |      0 |     0 |    -1.1% |    0.809 |        0.0 |      6 | _1791_/D
       68 |       2 |      20 |        0 |      0 |     0 |    -1.1% |    0.809 |        0.0 |      5 | _1791_/D
       69 |       2 |      20 |        0 |      0 |     0 |    -1.1% |    0.809 |        0.0 |      4 | _1791_/D
       70 |       2 |      20 |        0 |      0 |     0 |    -1.1% |    0.809 |        0.0 |      4 | _1791_/D
       70 |       2 |      20 |        0 |      0 |     0 |    -1.1% |    0.809 |        0.0 |      3 | _1791_/D
       71 |       2 |      20 |        0 |      0 |     0 |    -1.1% |    0.809 |        0.0 |      2 | _1791_/D
       72 |       2 |      20 |        0 |      0 |     0 |    -1.1% |    0.809 |        0.0 |      1 | _1791_/D
       73 |       2 |      20 |        0 |      0 |     0 |    -1.1% |    0.809 |        0.0 |      0 | _1791_/D
       74 |       2 |      20 |        0 |      0 |     0 |    -1.1% |    0.809 |        0.0 |      0 | _1791_/D
       75 |       2 |      20 |        0 |      0 |     0 |    -1.1% |    0.809 |        0.0 |      0 | _1791_/D
       76 |       2 |      20 |        0 |      0 |     0 |    -1.1% |    0.809 |        0.0 |      0 | _1791_/D
    final |       2 |      20 |        0 |      0 |     0 |    -1.1% |    0.809 |        0.0 |      0 | _1791_/D
--------------------------------------------------------------------------------------------------------------
[INFO RSZ-0059] Removed 2 buffers.
[INFO RSZ-0051] Resized 20 instances: 20 up, 0 up match, 0 down, 0 VT
+ repair_timing -verbose -hold -setup_margin 0.05000000000000000277555756156289135105907917022705078125 -hold_margin 0.1000000000000000055511151231257827021181583404541015625 -max_buffer_percent 50
[INFO RSZ-0046] Found 16 endpoints with hold violations.
Iteration | Resized | Buffers | Cloned Gates |   Area   |   WNS   |   TNS   | Endpoint
--------------------------------------------------------------------------------------
        0 |       0 |       0 |            0 |    +0.0% |   0.071 |   0.000 | _2060_/D
       10 |       0 |       9 |            0 |    +0.7% |   0.078 |   0.000 | _2018_/D
    final |       0 |      16 |            0 |    +1.2% |   0.109 |   0.000 | _2091_/D
--------------------------------------------------------------------------------------
[INFO RSZ-0032] Inserted 16 hold buffers.
+ detailed_placement -max_displacement  500 100 
Placement Analysis
---------------------------------
total displacement        182.3 u
average displacement        0.1 u
max displacement           15.8 u
original HPWL           85827.0 u
legalized HPWL          88892.1 u
delta HPWL                    4 %

[INFO DPL-0020] Mirrored 697 instances
[INFO DPL-0021] HPWL before           88892.1 u
[INFO DPL-0022] HPWL after            85879.4 u
[INFO DPL-0023] HPWL delta               -3.4 %
Setting global connections for newly added cells…
[INFO] Setting global connections...
[INFO ODB-0403] 64 connections made, 0 conflicts skipped.
Updating metrics…
Cell type report:                       Count       Area
  Endcap cell                             194     851.74
  Tap cell                                942    4135.76
  Tie cell                                 33     289.77
  Clock buffer                            121    9948.65
  Timing Repair Buffer                    499   20086.08
  Inverter                                 69     605.88
  Sequential cell                         339   25455.54
  Multi-Input combinational cell          843   17732.83
  Total                                  3040   79106.23
Writing OpenROAD database to '/home/sahana/core5_udma/hardening/uart_top/runs/TRIAL_10/37-openroad-resizertimingpostcts/udma_uart_top.odb'…
Writing netlist to '/home/sahana/core5_udma/hardening/uart_top/runs/TRIAL_10/37-openroad-resizertimingpostcts/udma_uart_top.nl.v'…
Writing powered netlist to '/home/sahana/core5_udma/hardening/uart_top/runs/TRIAL_10/37-openroad-resizertimingpostcts/udma_uart_top.pnl.v'…
Writing layout to '/home/sahana/core5_udma/hardening/uart_top/runs/TRIAL_10/37-openroad-resizertimingpostcts/udma_uart_top.def'…
Writing timing constraints to '/home/sahana/core5_udma/hardening/uart_top/runs/TRIAL_10/37-openroad-resizertimingpostcts/udma_uart_top.sdc'…
