
 /----------------------------------------------------------------------------\
 |  yosys -- Yosys Open SYnthesis Suite                                       |
 |  Copyright (C) 2012 - 2026  Claire Xenia Wolf <claire@yosyshq.com>         |
 |  Distributed under an ISC-like license, type "license" to see terms        |
 \----------------------------------------------------------------------------/
 Yosys 0.62 (git sha1 7326bb7d6641500ecb285c291a54a662cb1e76cf, clang++ 21.1.2 -fPIC -O3)

1. Executing Liberty frontend: /home/sahana/.ciel/gf180mcuD/libs.ref/gf180mcu_fd_sc_mcu7t5v0/lib/gf180mcu_fd_sc_mcu7t5v0__tt_025C_5v00.lib
Imported 229 cell types from liberty file.
[INFO] Using SDC file '/home/sahana/core5_udma/hardening/uart_rx/runs/RUN_2026-07-26_12-37-09/06-yosys-synthesis/synthesis.abc.sdc' for ABC…wtaf

2. Executing Verilog-2005 frontend: /home/sahana/core5_udma/udma_uart/rtl/udma_uart_rx.sv
Parsing SystemVerilog input from `/home/sahana/core5_udma/udma_uart/rtl/udma_uart_rx.sv' to AST representation.
Storing AST representation for module `$abstract\udma_uart_rx'.
Successfully finished Verilog frontend.

3. Executing HIERARCHY pass (managing design hierarchy).

4. Executing AST frontend in derive mode using pre-parsed AST for module `\udma_uart_rx'.
Generating RTLIL representation for module `\udma_uart_rx'.

4.1. Analyzing design hierarchy..
Top module:  \udma_uart_rx

4.2. Analyzing design hierarchy..
Top module:  \udma_uart_rx
Removing unused module `$abstract\udma_uart_rx'.
Removed 1 unused modules.
Renaming module udma_uart_rx to udma_uart_rx.

5. Executing ATTRMAP pass (move or copy attributes).

6. Executing HIERARCHY pass (managing design hierarchy).

6.1. Analyzing design hierarchy..
Top module:  \udma_uart_rx

6.2. Analyzing design hierarchy..
Top module:  \udma_uart_rx
Removed 0 unused modules.

7. Executing PROC_CLEAN pass (remove empty switches from decision trees).
Cleaned up 0 empty switches.

8. Executing PROC_RMDEAD pass (remove dead branches from decision trees).
Marked 2 switch rules as full_case in process $proc$/home/sahana/core5_udma/udma_uart/rtl/udma_uart_rx.sv:258$24 in module udma_uart_rx.
Marked 4 switch rules as full_case in process $proc$/home/sahana/core5_udma/udma_uart/rtl/udma_uart_rx.sv:223$16 in module udma_uart_rx.
Marked 2 switch rules as full_case in process $proc$/home/sahana/core5_udma/udma_uart/rtl/udma_uart_rx.sv:210$14 in module udma_uart_rx.
Marked 2 switch rules as full_case in process $proc$/home/sahana/core5_udma/udma_uart/rtl/udma_uart_rx.sv:185$10 in module udma_uart_rx.
Removed 1 dead cases from process $proc$/home/sahana/core5_udma/udma_uart/rtl/udma_uart_rx.sv:84$3 in module udma_uart_rx.
Marked 12 switch rules as full_case in process $proc$/home/sahana/core5_udma/udma_uart/rtl/udma_uart_rx.sv:84$3 in module udma_uart_rx.
Removed 1 dead cases from process $proc$/home/sahana/core5_udma/udma_uart/rtl/udma_uart_rx.sv:70$2 in module udma_uart_rx.
Marked 1 switch rules as full_case in process $proc$/home/sahana/core5_udma/udma_uart/rtl/udma_uart_rx.sv:70$2 in module udma_uart_rx.
Removed a total of 2 dead cases.

9. Executing PROC_PRUNE pass (remove redundant assignments in processes).
Removed 5 redundant assignments.
Promoted 14 assignments to connections.

10. Executing PROC_INIT pass (extract init attributes).

11. Executing PROC_ARST pass (detect async resets in processes).
Found async reset \rstn_i in `\udma_uart_rx.$proc$/home/sahana/core5_udma/udma_uart/rtl/udma_uart_rx.sv:258$24'.
Found async reset \rstn_i in `\udma_uart_rx.$proc$/home/sahana/core5_udma/udma_uart/rtl/udma_uart_rx.sv:223$16'.
Found async reset \rstn_i in `\udma_uart_rx.$proc$/home/sahana/core5_udma/udma_uart/rtl/udma_uart_rx.sv:210$14'.
Found async reset \rstn_i in `\udma_uart_rx.$proc$/home/sahana/core5_udma/udma_uart/rtl/udma_uart_rx.sv:185$10'.

12. Executing PROC_ROM pass (convert switches to ROMs).
Converted 0 switches.
<suppressed ~22 debug messages>

13. Executing PROC_MUX pass (convert decision trees to multiplexers).
Creating decoders for process `\udma_uart_rx.$proc$/home/sahana/core5_udma/udma_uart/rtl/udma_uart_rx.sv:258$24'.
     1/1: $0\r_error_parity[0:0]
Creating decoders for process `\udma_uart_rx.$proc$/home/sahana/core5_udma/udma_uart/rtl/udma_uart_rx.sv:223$16'.
     1/2: $0\bit_done[0:0]
     2/2: $0\baud_cnt[15:0]
Creating decoders for process `\udma_uart_rx.$proc$/home/sahana/core5_udma/udma_uart/rtl/udma_uart_rx.sv:210$14'.
     1/1: $0\reg_rx_sync[2:0]
Creating decoders for process `\udma_uart_rx.$proc$/home/sahana/core5_udma/udma_uart/rtl/udma_uart_rx.sv:185$10'.
     1/4: $0\CS[2:0]
     2/4: $0\reg_bit_count[2:0]
     3/4: $0\parity_bit[0:0]
     4/4: $0\reg_data[7:0]
Creating decoders for process `\udma_uart_rx.$proc$/home/sahana/core5_udma/udma_uart/rtl/udma_uart_rx.sv:84$3'.
     1/39: $4\err_overflow_o[0:0]
     2/39: $4\char_event_o[0:0]
     3/39: $3\char_event_o[0:0]
     4/39: $3\err_overflow_o[0:0]
     5/39: $3\rx_valid_o[0:0]
     6/39: $3\err_parity_o[0:0]
     7/39: $2\rx_valid_o[0:0]
     8/39: $2\char_event_o[0:0]
     9/39: $2\err_overflow_o[0:0]
    10/39: $2\err_parity_o[0:0]
    11/39: $8\NS[2:0]
    12/39: $3\s_set_error_parity[0:0]
    13/39: $7\NS[2:0]
    14/39: $2\s_set_error_parity[0:0]
    15/39: $6\NS[2:0]
    16/39: $5\NS[2:0]
    17/39: $3\reg_bit_count_next[2:0]
    18/39: $2\reg_bit_count_next[2:0]
    19/39: $4\NS[2:0]
    20/39: $2\s_sample_data[0:0]
    21/39: $2\reg_data_next[7:0]
    22/39: $3\NS[2:0]
    23/39: $2\s_err_clear[0:0]
    24/39: $2\start_bit[0:0]
    25/39: $2\baudgen_en[0:0]
    26/39: $2\NS[2:0]
    27/39: $1\s_err_clear[0:0]
    28/39: $1\start_bit[0:0]
    29/39: $1\baudgen_en[0:0]
    30/39: $1\NS[2:0]
    31/39: $1\s_set_error_parity[0:0]
    32/39: $1\s_sample_data[0:0]
    33/39: $1\parity_bit_next[0:0]
    34/39: $1\reg_bit_count_next[2:0]
    35/39: $1\reg_data_next[7:0]
    36/39: $1\rx_valid_o[0:0]
    37/39: $1\char_event_o[0:0]
    38/39: $1\err_overflow_o[0:0]
    39/39: $1\err_parity_o[0:0]
Creating decoders for process `\udma_uart_rx.$proc$/home/sahana/core5_udma/udma_uart/rtl/udma_uart_rx.sv:70$2'.
     1/1: $1\s_target_bits[2:0]

14. Executing PROC_DLATCH pass (convert process syncs to latches).
No latch inferred for signal `\udma_uart_rx.\err_parity_o' from process `\udma_uart_rx.$proc$/home/sahana/core5_udma/udma_uart/rtl/udma_uart_rx.sv:84$3'.
No latch inferred for signal `\udma_uart_rx.\err_overflow_o' from process `\udma_uart_rx.$proc$/home/sahana/core5_udma/udma_uart/rtl/udma_uart_rx.sv:84$3'.
No latch inferred for signal `\udma_uart_rx.\char_event_o' from process `\udma_uart_rx.$proc$/home/sahana/core5_udma/udma_uart/rtl/udma_uart_rx.sv:84$3'.
No latch inferred for signal `\udma_uart_rx.\rx_valid_o' from process `\udma_uart_rx.$proc$/home/sahana/core5_udma/udma_uart/rtl/udma_uart_rx.sv:84$3'.
No latch inferred for signal `\udma_uart_rx.\NS' from process `\udma_uart_rx.$proc$/home/sahana/core5_udma/udma_uart/rtl/udma_uart_rx.sv:84$3'.
No latch inferred for signal `\udma_uart_rx.\reg_data_next' from process `\udma_uart_rx.$proc$/home/sahana/core5_udma/udma_uart/rtl/udma_uart_rx.sv:84$3'.
No latch inferred for signal `\udma_uart_rx.\reg_bit_count_next' from process `\udma_uart_rx.$proc$/home/sahana/core5_udma/udma_uart/rtl/udma_uart_rx.sv:84$3'.
No latch inferred for signal `\udma_uart_rx.\parity_bit_next' from process `\udma_uart_rx.$proc$/home/sahana/core5_udma/udma_uart/rtl/udma_uart_rx.sv:84$3'.
No latch inferred for signal `\udma_uart_rx.\s_sample_data' from process `\udma_uart_rx.$proc$/home/sahana/core5_udma/udma_uart/rtl/udma_uart_rx.sv:84$3'.
No latch inferred for signal `\udma_uart_rx.\baudgen_en' from process `\udma_uart_rx.$proc$/home/sahana/core5_udma/udma_uart/rtl/udma_uart_rx.sv:84$3'.
No latch inferred for signal `\udma_uart_rx.\start_bit' from process `\udma_uart_rx.$proc$/home/sahana/core5_udma/udma_uart/rtl/udma_uart_rx.sv:84$3'.
No latch inferred for signal `\udma_uart_rx.\s_set_error_parity' from process `\udma_uart_rx.$proc$/home/sahana/core5_udma/udma_uart/rtl/udma_uart_rx.sv:84$3'.
No latch inferred for signal `\udma_uart_rx.\s_err_clear' from process `\udma_uart_rx.$proc$/home/sahana/core5_udma/udma_uart/rtl/udma_uart_rx.sv:84$3'.
No latch inferred for signal `\udma_uart_rx.\s_target_bits' from process `\udma_uart_rx.$proc$/home/sahana/core5_udma/udma_uart/rtl/udma_uart_rx.sv:70$2'.

15. Executing PROC_DFF pass (convert process syncs to FFs).
Creating register for signal `\udma_uart_rx.\r_error_parity' using process `\udma_uart_rx.$proc$/home/sahana/core5_udma/udma_uart/rtl/udma_uart_rx.sv:258$24'.
  created $adff cell `$procdff$366' with positive edge clock and positive level reset.
Creating register for signal `\udma_uart_rx.\baud_cnt' using process `\udma_uart_rx.$proc$/home/sahana/core5_udma/udma_uart/rtl/udma_uart_rx.sv:223$16'.
  created $adff cell `$procdff$371' with positive edge clock and positive level reset.
Creating register for signal `\udma_uart_rx.\bit_done' using process `\udma_uart_rx.$proc$/home/sahana/core5_udma/udma_uart/rtl/udma_uart_rx.sv:223$16'.
  created $adff cell `$procdff$376' with positive edge clock and positive level reset.
Creating register for signal `\udma_uart_rx.\reg_rx_sync' using process `\udma_uart_rx.$proc$/home/sahana/core5_udma/udma_uart/rtl/udma_uart_rx.sv:210$14'.
  created $adff cell `$procdff$381' with positive edge clock and positive level reset.
Creating register for signal `\udma_uart_rx.\CS' using process `\udma_uart_rx.$proc$/home/sahana/core5_udma/udma_uart/rtl/udma_uart_rx.sv:185$10'.
  created $adff cell `$procdff$386' with positive edge clock and positive level reset.
Creating register for signal `\udma_uart_rx.\reg_data' using process `\udma_uart_rx.$proc$/home/sahana/core5_udma/udma_uart/rtl/udma_uart_rx.sv:185$10'.
  created $adff cell `$procdff$391' with positive edge clock and positive level reset.
Creating register for signal `\udma_uart_rx.\reg_bit_count' using process `\udma_uart_rx.$proc$/home/sahana/core5_udma/udma_uart/rtl/udma_uart_rx.sv:185$10'.
  created $adff cell `$procdff$396' with positive edge clock and positive level reset.
Creating register for signal `\udma_uart_rx.\parity_bit' using process `\udma_uart_rx.$proc$/home/sahana/core5_udma/udma_uart/rtl/udma_uart_rx.sv:185$10'.
  created $adff cell `$procdff$401' with positive edge clock and positive level reset.

16. Executing PROC_MEMWR pass (convert process memory writes to cells).

17. Executing PROC_CLEAN pass (remove empty switches from decision trees).
Found and cleaned up 2 empty switches in `\udma_uart_rx.$proc$/home/sahana/core5_udma/udma_uart/rtl/udma_uart_rx.sv:258$24'.
Removing empty process `udma_uart_rx.$proc$/home/sahana/core5_udma/udma_uart/rtl/udma_uart_rx.sv:258$24'.
Found and cleaned up 3 empty switches in `\udma_uart_rx.$proc$/home/sahana/core5_udma/udma_uart/rtl/udma_uart_rx.sv:223$16'.
Removing empty process `udma_uart_rx.$proc$/home/sahana/core5_udma/udma_uart/rtl/udma_uart_rx.sv:223$16'.
Found and cleaned up 1 empty switch in `\udma_uart_rx.$proc$/home/sahana/core5_udma/udma_uart/rtl/udma_uart_rx.sv:210$14'.
Removing empty process `udma_uart_rx.$proc$/home/sahana/core5_udma/udma_uart/rtl/udma_uart_rx.sv:210$14'.
Found and cleaned up 3 empty switches in `\udma_uart_rx.$proc$/home/sahana/core5_udma/udma_uart/rtl/udma_uart_rx.sv:185$10'.
Removing empty process `udma_uart_rx.$proc$/home/sahana/core5_udma/udma_uart/rtl/udma_uart_rx.sv:185$10'.
Found and cleaned up 12 empty switches in `\udma_uart_rx.$proc$/home/sahana/core5_udma/udma_uart/rtl/udma_uart_rx.sv:84$3'.
Removing empty process `udma_uart_rx.$proc$/home/sahana/core5_udma/udma_uart/rtl/udma_uart_rx.sv:84$3'.
Found and cleaned up 1 empty switch in `\udma_uart_rx.$proc$/home/sahana/core5_udma/udma_uart/rtl/udma_uart_rx.sv:70$2'.
Removing empty process `udma_uart_rx.$proc$/home/sahana/core5_udma/udma_uart/rtl/udma_uart_rx.sv:70$2'.
Cleaned up 22 empty switches.

18. Executing CHECK pass (checking for obvious problems).
Checking module udma_uart_rx...
Found and reported 0 problems.

19. Executing OPT_EXPR pass (perform const folding).
Optimizing module udma_uart_rx.
<suppressed ~39 debug messages>

20. Executing FLATTEN pass (flatten design).

21. Executing OPT_EXPR pass (perform const folding).
Optimizing module udma_uart_rx.

22. Executing OPT_CLEAN pass (remove unused cells and wires).
Finding unused cells or wires in module \udma_uart_rx..
Removed 14 unused cells and 150 unused wires.
<suppressed ~15 debug messages>

23. Executing OPT_EXPR pass (perform const folding).
Optimizing module udma_uart_rx.

24. Executing OPT_MERGE pass (detect identical cells).
Finding identical cells in module `\udma_uart_rx'.
Computing hashes of 169 cells of `\udma_uart_rx'.
Finding duplicate cells in `\udma_uart_rx'.
Computing hashes of 121 cells of `\udma_uart_rx'.
Finding duplicate cells in `\udma_uart_rx'.
<suppressed ~144 debug messages>
Removed a total of 48 cells.

25. Executing OPT_MUXTREE pass (detect dead branches in mux trees).
Running muxtree optimizer on module \udma_uart_rx..
  Creating internal representation of mux trees.
  Evaluating internal representation of mux trees.
  Analyzing evaluation results.
    dead port 2/2 on $mux $procmux$164.
    dead port 2/2 on $mux $procmux$171.
    dead port 2/2 on $mux $procmux$181.
    dead port 2/2 on $mux $procmux$183.
    dead port 2/2 on $mux $procmux$185.
    dead port 2/2 on $mux $procmux$194.
    dead port 2/2 on $mux $procmux$196.
    dead port 2/2 on $mux $procmux$205.
    dead port 2/2 on $mux $procmux$207.
    dead port 2/2 on $mux $procmux$215.
    dead port 2/2 on $mux $procmux$223.
    dead port 2/2 on $mux $procmux$231.
    dead port 2/2 on $mux $procmux$241.
    dead port 2/2 on $mux $procmux$250.
    dead port 2/2 on $mux $procmux$260.
    dead port 2/2 on $mux $procmux$270.
    dead port 2/2 on $mux $procmux$280.
    dead port 2/2 on $mux $procmux$290.
    dead port 2/2 on $mux $procmux$106.
    dead port 2/2 on $mux $procmux$108.
    dead port 2/2 on $mux $procmux$115.
    dead port 2/2 on $mux $procmux$117.
    dead port 2/2 on $mux $procmux$123.
    dead port 2/2 on $mux $procmux$129.
    dead port 2/2 on $mux $procmux$135.
    dead port 2/2 on $mux $procmux$141.
    dead port 2/2 on $mux $procmux$147.
    dead port 1/2 on $mux $procmux$65.
    dead port 2/2 on $mux $procmux$67.
    dead port 2/2 on $mux $procmux$69.
    dead port 2/2 on $mux $procmux$155.
    dead port 1/2 on $mux $procmux$77.
    dead port 2/2 on $mux $procmux$79.
    dead port 2/2 on $mux $procmux$81.
    dead port 2/2 on $mux $procmux$157.
    dead port 2/2 on $mux $procmux$88.
    dead port 2/2 on $mux $procmux$90.
    dead port 2/2 on $mux $procmux$97.
    dead port 2/2 on $mux $procmux$99.
Removed 39 multiplexer ports.
<suppressed ~109 debug messages>

26. Executing OPT_REDUCE pass (consolidate $*mux and $reduce_* inputs).
  Optimizing cells in module \udma_uart_rx.
    New ctrl vector for $pmux cell $procmux$307: { $procmux$261_CMP $auto$opt_reduce.cc:137:opt_pmux$403 }
  Optimizing cells in module \udma_uart_rx.
Performed a total of 1 changes.

27. Executing OPT_MERGE pass (detect identical cells).
Finding identical cells in module `\udma_uart_rx'.
Computing hashes of 83 cells of `\udma_uart_rx'.
Finding duplicate cells in `\udma_uart_rx'.
Computing hashes of 81 cells of `\udma_uart_rx'.
Finding duplicate cells in `\udma_uart_rx'.
<suppressed ~6 debug messages>
Removed a total of 2 cells.

28. Executing OPT_DFF pass (perform DFF optimizations).

29. Executing OPT_CLEAN pass (remove unused cells and wires).
Finding unused cells or wires in module \udma_uart_rx..
Removed 0 unused cells and 89 unused wires.
<suppressed ~1 debug messages>

30. Executing OPT_EXPR pass (perform const folding).
Optimizing module udma_uart_rx.

31. Rerunning OPT passes. (Maybe there is more to do…)

32. Executing OPT_MUXTREE pass (detect dead branches in mux trees).
Running muxtree optimizer on module \udma_uart_rx..
  Creating internal representation of mux trees.
  Evaluating internal representation of mux trees.
  Analyzing evaluation results.
Removed 0 multiplexer ports.
<suppressed ~72 debug messages>

33. Executing OPT_REDUCE pass (consolidate $*mux and $reduce_* inputs).
  Optimizing cells in module \udma_uart_rx.
Performed a total of 0 changes.

34. Executing OPT_MERGE pass (detect identical cells).
Finding identical cells in module `\udma_uart_rx'.
Computing hashes of 81 cells of `\udma_uart_rx'.
Finding duplicate cells in `\udma_uart_rx'.
Removed a total of 0 cells.

35. Executing OPT_DFF pass (perform DFF optimizations).

36. Executing OPT_CLEAN pass (remove unused cells and wires).
Finding unused cells or wires in module \udma_uart_rx..

37. Executing OPT_EXPR pass (perform const folding).
Optimizing module udma_uart_rx.

38. Executing FSM pass (extract and optimize FSM).

38.1. Executing FSM_DETECT pass (finding FSMs in design).
Not marking udma_uart_rx.CS as FSM state register:
    Users of register don't seem to benefit from recoding.

38.2. Executing FSM_EXTRACT pass (extracting FSM from design).

38.3. Executing FSM_OPT pass (simple optimizations of FSMs).

38.4. Executing OPT_CLEAN pass (remove unused cells and wires).
Finding unused cells or wires in module \udma_uart_rx..

38.5. Executing FSM_OPT pass (simple optimizations of FSMs).

38.6. Executing FSM_RECODE pass (re-assigning FSM state encoding).

38.7. Executing FSM_INFO pass (dumping all available information on FSM cells).

38.8. Executing FSM_MAP pass (mapping FSMs to basic logic).

39. Executing OPT_EXPR pass (perform const folding).
Optimizing module udma_uart_rx.

40. Executing OPT_MERGE pass (detect identical cells).
Finding identical cells in module `\udma_uart_rx'.
Computing hashes of 81 cells of `\udma_uart_rx'.
Finding duplicate cells in `\udma_uart_rx'.
Removed a total of 0 cells.

41. Executing OPT_MUXTREE pass (detect dead branches in mux trees).
Running muxtree optimizer on module \udma_uart_rx..
  Creating internal representation of mux trees.
  Evaluating internal representation of mux trees.
  Analyzing evaluation results.
Removed 0 multiplexer ports.
<suppressed ~72 debug messages>

42. Executing OPT_REDUCE pass (consolidate $*mux and $reduce_* inputs).
  Optimizing cells in module \udma_uart_rx.
Performed a total of 0 changes.

43. Executing OPT_MERGE pass (detect identical cells).
Finding identical cells in module `\udma_uart_rx'.
Computing hashes of 81 cells of `\udma_uart_rx'.
Finding duplicate cells in `\udma_uart_rx'.
Removed a total of 0 cells.

44. Executing OPT_DFF pass (perform DFF optimizations).
Adding EN signal on $procdff$401 ($adff) from module udma_uart_rx (D = \parity_bit_next, Q = \parity_bit).
Adding EN signal on $procdff$396 ($adff) from module udma_uart_rx (D = $3\reg_bit_count_next[2:0], Q = \reg_bit_count).
Adding EN signal on $procdff$391 ($adff) from module udma_uart_rx (D = $2\reg_data_next[7:0], Q = \reg_data).
Adding EN signal on $procdff$386 ($adff) from module udma_uart_rx (D = $0\CS[2:0], Q = \CS).
Adding EN signal on $procdff$366 ($adff) from module udma_uart_rx (D = $0\r_error_parity[0:0], Q = \r_error_parity).

45. Executing OPT_CLEAN pass (remove unused cells and wires).
Finding unused cells or wires in module \udma_uart_rx..
Removed 5 unused cells and 5 unused wires.
<suppressed ~8 debug messages>

46. Executing OPT_EXPR pass (perform const folding).
Optimizing module udma_uart_rx.
<suppressed ~2 debug messages>

47. Rerunning OPT passes. (Maybe there is more to do…)

48. Executing OPT_MUXTREE pass (detect dead branches in mux trees).
Running muxtree optimizer on module \udma_uart_rx..
  Creating internal representation of mux trees.
  Evaluating internal representation of mux trees.
  Analyzing evaluation results.
Removed 0 multiplexer ports.
<suppressed ~67 debug messages>

49. Executing OPT_REDUCE pass (consolidate $*mux and $reduce_* inputs).
  Optimizing cells in module \udma_uart_rx.
Performed a total of 0 changes.

50. Executing OPT_MERGE pass (detect identical cells).
Finding identical cells in module `\udma_uart_rx'.
Computing hashes of 88 cells of `\udma_uart_rx'.
Finding duplicate cells in `\udma_uart_rx'.
Removed a total of 0 cells.

51. Executing OPT_DFF pass (perform DFF optimizations).

52. Executing OPT_CLEAN pass (remove unused cells and wires).
Finding unused cells or wires in module \udma_uart_rx..

53. Executing OPT_EXPR pass (perform const folding).
Optimizing module udma_uart_rx.

54. Executing WREDUCE pass (reducing word size of cells).
Removed top 31 bits (of 32) from port B of cell udma_uart_rx.$add$/home/sahana/core5_udma/udma_uart/rtl/udma_uart_rx.sv:148$6 ($add).
Removed top 29 bits (of 32) from port Y of cell udma_uart_rx.$add$/home/sahana/core5_udma/udma_uart/rtl/udma_uart_rx.sv:148$6 ($add).
Removed top 1 bits (of 16) from port B of cell udma_uart_rx.$eq$/home/sahana/core5_udma/udma_uart/rtl/udma_uart_rx.sv:239$21 ($eq).
Removed top 31 bits (of 32) from port B of cell udma_uart_rx.$add$/home/sahana/core5_udma/udma_uart/rtl/udma_uart_rx.sv:246$23 ($add).
Removed top 16 bits (of 32) from port Y of cell udma_uart_rx.$add$/home/sahana/core5_udma/udma_uart/rtl/udma_uart_rx.sv:246$23 ($add).
Removed top 1 bits (of 3) from port B of cell udma_uart_rx.$procmux$158_CMP0 ($eq).
Removed top 1 bits (of 3) from port B of cell udma_uart_rx.$procmux$186_CMP0 ($eq).
Removed top 1 bits (of 2) from port B of cell udma_uart_rx.$procmux$239_CMP0 ($eq).
Removed top 2 bits (of 3) from port B of cell udma_uart_rx.$procmux$251_CMP0 ($eq).
Removed top 29 bits (of 32) from wire udma_uart_rx.$add$/home/sahana/core5_udma/udma_uart/rtl/udma_uart_rx.sv:148$6_Y.
Removed top 16 bits (of 32) from wire udma_uart_rx.$add$/home/sahana/core5_udma/udma_uart/rtl/udma_uart_rx.sv:246$23_Y.
Removed top 2 bits (of 3) from wire udma_uart_rx.reg_bit_count.

55. Executing PEEPOPT pass (run peephole optimizers).

56. Executing OPT_CLEAN pass (remove unused cells and wires).
Finding unused cells or wires in module \udma_uart_rx..
Removed 0 unused cells and 2 unused wires.
<suppressed ~1 debug messages>

57. Executing ALUMACC pass (create $alu and $macc cells).
Extracting $alu and $macc cells in module udma_uart_rx:
  creating $macc model for $add$/home/sahana/core5_udma/udma_uart/rtl/udma_uart_rx.sv:148$6 ($add).
  creating $macc model for $add$/home/sahana/core5_udma/udma_uart/rtl/udma_uart_rx.sv:246$23 ($add).
  creating $alu model for $macc $add$/home/sahana/core5_udma/udma_uart/rtl/udma_uart_rx.sv:246$23.
  creating $alu model for $macc $add$/home/sahana/core5_udma/udma_uart/rtl/udma_uart_rx.sv:148$6.
  creating $alu cell for $add$/home/sahana/core5_udma/udma_uart/rtl/udma_uart_rx.sv:148$6: $auto$alumacc.cc:512:replace_alu$436
  creating $alu cell for $add$/home/sahana/core5_udma/udma_uart/rtl/udma_uart_rx.sv:246$23: $auto$alumacc.cc:512:replace_alu$439
  created 2 $alu and 0 $macc cells.

58. Executing SHARE pass (SAT-based resource sharing).

59. Executing OPT_EXPR pass (perform const folding).
Optimizing module udma_uart_rx.

60. Executing OPT_MERGE pass (detect identical cells).
Finding identical cells in module `\udma_uart_rx'.
Computing hashes of 88 cells of `\udma_uart_rx'.
Finding duplicate cells in `\udma_uart_rx'.
Removed a total of 0 cells.

61. Executing OPT_MUXTREE pass (detect dead branches in mux trees).
Running muxtree optimizer on module \udma_uart_rx..
  Creating internal representation of mux trees.
  Evaluating internal representation of mux trees.
  Analyzing evaluation results.
Removed 0 multiplexer ports.
<suppressed ~67 debug messages>

62. Executing OPT_REDUCE pass (consolidate $*mux and $reduce_* inputs).
  Optimizing cells in module \udma_uart_rx.
Performed a total of 0 changes.

63. Executing OPT_MERGE pass (detect identical cells).
Finding identical cells in module `\udma_uart_rx'.
Computing hashes of 88 cells of `\udma_uart_rx'.
Finding duplicate cells in `\udma_uart_rx'.
Removed a total of 0 cells.

64. Executing OPT_DFF pass (perform DFF optimizations).

65. Executing OPT_CLEAN pass (remove unused cells and wires).
Finding unused cells or wires in module \udma_uart_rx..

66. Executing OPT_EXPR pass (perform const folding).
Optimizing module udma_uart_rx.

67. Executing MEMORY pass.

67.1. Executing OPT_MEM pass (optimize memories).
Performed a total of 0 transformations.

67.2. Executing OPT_MEM_PRIORITY pass (removing unnecessary memory write priority relations).
Performed a total of 0 transformations.

67.3. Executing OPT_MEM_FEEDBACK pass (finding memory read-to-write feedback paths).

67.4. Executing MEMORY_BMUX2ROM pass (converting muxes to ROMs).

67.5. Executing MEMORY_DFF pass (merging $dff cells to $memrd).

67.6. Executing OPT_CLEAN pass (remove unused cells and wires).
Finding unused cells or wires in module \udma_uart_rx..

67.7. Executing MEMORY_SHARE pass (consolidating $memrd/$memwr cells).

67.8. Executing OPT_MEM_WIDEN pass (optimize memories where all ports are wide).
Performed a total of 0 transformations.

67.9. Executing OPT_CLEAN pass (remove unused cells and wires).
Finding unused cells or wires in module \udma_uart_rx..

67.10. Executing MEMORY_COLLECT pass (generating $mem cells).

68. Executing OPT_CLEAN pass (remove unused cells and wires).
Finding unused cells or wires in module \udma_uart_rx..

69. Executing OPT_EXPR pass (perform const folding).
Optimizing module udma_uart_rx.
<suppressed ~33 debug messages>

70. Executing OPT_MERGE pass (detect identical cells).
Finding identical cells in module `\udma_uart_rx'.
Computing hashes of 75 cells of `\udma_uart_rx'.
Finding duplicate cells in `\udma_uart_rx'.
Removed a total of 0 cells.

71. Executing OPT_DFF pass (perform DFF optimizations).

72. Executing OPT_CLEAN pass (remove unused cells and wires).
Finding unused cells or wires in module \udma_uart_rx..
Removed 1 unused cells and 14 unused wires.
<suppressed ~2 debug messages>

73. Executing MEMORY_MAP pass (converting memories to logic and flip-flops).

74. Executing OPT_EXPR pass (perform const folding).
Optimizing module udma_uart_rx.
<suppressed ~1 debug messages>

75. Executing OPT_MERGE pass (detect identical cells).
Finding identical cells in module `\udma_uart_rx'.
Computing hashes of 74 cells of `\udma_uart_rx'.
Finding duplicate cells in `\udma_uart_rx'.
Removed a total of 0 cells.

76. Executing OPT_MUXTREE pass (detect dead branches in mux trees).
Running muxtree optimizer on module \udma_uart_rx..
  Creating internal representation of mux trees.
  Evaluating internal representation of mux trees.
  Analyzing evaluation results.
Removed 0 multiplexer ports.
<suppressed ~24 debug messages>

77. Executing OPT_REDUCE pass (consolidate $*mux and $reduce_* inputs).
  Optimizing cells in module \udma_uart_rx.
    Consolidated identical input bits for $mux cell $procmux$179:
      Old ports: A=3'100, B=3'011, Y=$4\NS[2:0]
      New ports: A=2'10, B=2'01, Y={ $4\NS[2:0] [2] $4\NS[2:0] [0] }
      New connections: $4\NS[2:0] [1] = $4\NS[2:0] [0]
    Consolidated identical input bits for $pmux cell $procmux$236:
      Old ports: A={ 3'000 \reg_rx_sync [2] \reg_data [4:1] }, B={ 2'00 \reg_rx_sync [2] \reg_data [5:1] 1'0 \reg_rx_sync [2] \reg_data [6:1] \reg_rx_sync [2] \reg_data [7:1] }, Y=$2\reg_data_next[7:0]
      New ports: A={ 3'000 \reg_rx_sync [2] }, B={ 2'00 \reg_rx_sync [2] \reg_data [5] 1'0 \reg_rx_sync [2] \reg_data [6:5] \reg_rx_sync [2] \reg_data [7:5] }, Y=$2\reg_data_next[7:0] [7:4]
      New connections: $2\reg_data_next[7:0] [3:0] = \reg_data [4:1]
    New ctrl vector for $pmux cell $procmux$314: { $procmux$261_CMP $procmux$251_CMP $procmux$186_CMP $procmux$158_CMP }
    Consolidated identical input bits for $pmux cell $procmux$357:
      Old ports: A=3'100, B=9'101110111, Y=\s_target_bits
      New ports: A=2'00, B=6'011011, Y=\s_target_bits [1:0]
      New connections: \s_target_bits [2] = 1'1
  Optimizing cells in module \udma_uart_rx.
Performed a total of 4 changes.

78. Executing OPT_MERGE pass (detect identical cells).
Finding identical cells in module `\udma_uart_rx'.
Computing hashes of 74 cells of `\udma_uart_rx'.
Finding duplicate cells in `\udma_uart_rx'.
Removed a total of 0 cells.

79. Executing OPT_SHARE pass.

80. Executing OPT_DFF pass (perform DFF optimizations).

81. Executing OPT_CLEAN pass (remove unused cells and wires).
Finding unused cells or wires in module \udma_uart_rx..

82. Executing OPT_EXPR pass (perform const folding).
Optimizing module udma_uart_rx.

83. Rerunning OPT passes. (Maybe there is more to do…)

84. Executing OPT_MUXTREE pass (detect dead branches in mux trees).
Running muxtree optimizer on module \udma_uart_rx..
  Creating internal representation of mux trees.
  Evaluating internal representation of mux trees.
  Analyzing evaluation results.
Removed 0 multiplexer ports.
<suppressed ~24 debug messages>

85. Executing OPT_REDUCE pass (consolidate $*mux and $reduce_* inputs).
  Optimizing cells in module \udma_uart_rx.
Performed a total of 0 changes.

86. Executing OPT_MERGE pass (detect identical cells).
Finding identical cells in module `\udma_uart_rx'.
Computing hashes of 74 cells of `\udma_uart_rx'.
Finding duplicate cells in `\udma_uart_rx'.
Removed a total of 0 cells.

87. Executing OPT_SHARE pass.

88. Executing OPT_DFF pass (perform DFF optimizations).

89. Executing OPT_CLEAN pass (remove unused cells and wires).
Finding unused cells or wires in module \udma_uart_rx..

90. Executing OPT_EXPR pass (perform const folding).
Optimizing module udma_uart_rx.

91. Executing TECHMAP pass (map to technology primitives).

91.1. Executing Verilog-2005 frontend: /nix/store/f1q0w7rd0a4ny4hqvfxlhs4cmariidcy-yosys-0.62/bin/../share/yosys/techmap.v
Parsing Verilog input from `/nix/store/f1q0w7rd0a4ny4hqvfxlhs4cmariidcy-yosys-0.62/bin/../share/yosys/techmap.v' to AST representation.
Generating RTLIL representation for module `\_90_simplemap_bool_ops'.
Generating RTLIL representation for module `\_90_simplemap_reduce_ops'.
Generating RTLIL representation for module `\_90_simplemap_logic_ops'.
Generating RTLIL representation for module `\_90_simplemap_compare_ops'.
Generating RTLIL representation for module `\_90_simplemap_various'.
Generating RTLIL representation for module `\_90_simplemap_registers'.
Generating RTLIL representation for module `\_90_shift_ops_shr_shl_sshl_sshr'.
Generating RTLIL representation for module `\_90_shift_shiftx'.
Generating RTLIL representation for module `\_90_fa'.
Generating RTLIL representation for module `\_90_lcu_brent_kung'.
Generating RTLIL representation for module `\_90_alu'.
Generating RTLIL representation for module `\_90_macc'.
Generating RTLIL representation for module `\_90_alumacc'.
Generating RTLIL representation for module `$__div_mod_u'.
Generating RTLIL representation for module `$__div_mod_trunc'.
Generating RTLIL representation for module `\_90_div'.
Generating RTLIL representation for module `\_90_mod'.
Generating RTLIL representation for module `$__div_mod_floor'.
Generating RTLIL representation for module `\_90_divfloor'.
Generating RTLIL representation for module `\_90_modfloor'.
Generating RTLIL representation for module `\_90_pow'.
Generating RTLIL representation for module `\_90_pmux'.
Generating RTLIL representation for module `\_90_demux'.
Generating RTLIL representation for module `\_90_lut'.
Generating RTLIL representation for module `$connect'.
Generating RTLIL representation for module `$input_port'.
Successfully finished Verilog frontend.

91.2. Continuing TECHMAP pass.
Using template $paramod$2af30114e9bd4ccb04dad757b3f0a8f6bf0615b0\_90_alu for cells of type $alu.
Using template $paramod$3ef7d3dd227da7627a99c5e5a6a4deb817573e39\_90_alu for cells of type $alu.
Using extmapper simplemap for cells of type $reduce_bool.
Using extmapper simplemap for cells of type $adffe.
Using extmapper simplemap for cells of type $reduce_and.
Using extmapper simplemap for cells of type $ne.
Using extmapper simplemap for cells of type $reduce_or.
Using extmapper simplemap for cells of type $xor.
Using extmapper simplemap for cells of type $eq.
Using extmapper simplemap for cells of type $not.
Using extmapper simplemap for cells of type $and.
Using extmapper simplemap for cells of type $logic_not.
Using extmapper simplemap for cells of type $logic_and.
Using extmapper simplemap for cells of type $or.
Using extmapper simplemap for cells of type $mux.
Using template $paramod$c2e415ef15bc3ccd2723772353a6b450d3d76206\_90_pmux for cells of type $pmux.
Using template $paramod$c5c783b17ab1d780abfad8cfe6563a0a7b47a3b0\_90_pmux for cells of type $pmux.
Using template $paramod$d31bf4d7d72e59528d18fbd4f322e9d608532043\_90_pmux for cells of type $pmux.
Using template $paramod$97565c3687be688407d1272a293bd9d0ae6852dc\_90_pmux for cells of type $pmux.
Using extmapper simplemap for cells of type $adff.
Using extmapper simplemap for cells of type $pos.
Using template $paramod\_90_fa\WIDTH=32'00000000000000000000000000000011 for cells of type $fa.
Using template $paramod\_90_lcu_brent_kung\WIDTH=32'00000000000000000000000000000011 for cells of type $lcu.
Using template $paramod\_90_fa\WIDTH=32'00000000000000000000000000010000 for cells of type $fa.
Using template $paramod\_90_lcu_brent_kung\WIDTH=32'00000000000000000000000000010000 for cells of type $lcu.
No more expansions possible.
<suppressed ~626 debug messages>

92. Executing OPT_EXPR pass (perform const folding).
Optimizing module udma_uart_rx.
<suppressed ~240 debug messages>

93. Executing OPT_MERGE pass (detect identical cells).
Finding identical cells in module `\udma_uart_rx'.
Computing hashes of 365 cells of `\udma_uart_rx'.
Finding duplicate cells in `\udma_uart_rx'.
Computing hashes of 342 cells of `\udma_uart_rx'.
Finding duplicate cells in `\udma_uart_rx'.
Computing hashes of 337 cells of `\udma_uart_rx'.
Finding duplicate cells in `\udma_uart_rx'.
<suppressed ~84 debug messages>
Removed a total of 28 cells.

94. Executing OPT_DFF pass (perform DFF optimizations).

95. Executing OPT_CLEAN pass (remove unused cells and wires).
Finding unused cells or wires in module \udma_uart_rx..
Removed 21 unused cells and 279 unused wires.
<suppressed ~22 debug messages>

96. Executing OPT_EXPR pass (perform const folding).
Optimizing module udma_uart_rx.

97. Executing OPT_MERGE pass (detect identical cells).
Finding identical cells in module `\udma_uart_rx'.
Computing hashes of 316 cells of `\udma_uart_rx'.
Finding duplicate cells in `\udma_uart_rx'.
Removed a total of 0 cells.

98. Executing OPT_DFF pass (perform DFF optimizations).

99. Executing OPT_CLEAN pass (remove unused cells and wires).
Finding unused cells or wires in module \udma_uart_rx..

100. Executing ABC pass (technology mapping using ABC).

100.1. Extracting gate netlist of module `\udma_uart_rx' to `<abc-temp-dir>/input.blif'..

100.1.1. Executed ABC.
Extracted 280 gates and 335 wires to a netlist network with 53 inputs and 42 outputs.
Running ABC script: <abc-temp-dir>/abc.script
ABC: ======== ABC command line "source <abc-temp-dir>/abc.script"
ABC: + read_blif <abc-temp-dir>/input.blif 
ABC: + read_library /tmp/yosys-abc-RMHcgy/stdcells.genlib 
ABC: + strash 
ABC: + dretime 
ABC: + map 
ABC: + write_blif <abc-temp-dir>/output.blif 

100.1.2. Re-integrating ABC results.
ABC RESULTS:               AND cells:        9
ABC RESULTS:            ANDNOT cells:       58
ABC RESULTS:               MUX cells:        2
ABC RESULTS:              NAND cells:       11
ABC RESULTS:               NOR cells:        9
ABC RESULTS:               NOT cells:        5
ABC RESULTS:                OR cells:       95
ABC RESULTS:             ORNOT cells:       17
ABC RESULTS:              XNOR cells:        2
ABC RESULTS:               XOR cells:       49
ABC RESULTS:        internal signals:      240
ABC RESULTS:           input signals:       53
ABC RESULTS:          output signals:       42
Removing temp directory.
Removing global temp directory.

101. Executing OPT pass (performing simple optimizations).

101.1. Executing OPT_EXPR pass (perform const folding).
Optimizing module udma_uart_rx.

101.2. Executing OPT_MERGE pass (detect identical cells).
Finding identical cells in module `\udma_uart_rx'.
Computing hashes of 293 cells of `\udma_uart_rx'.
Finding duplicate cells in `\udma_uart_rx'.
Computing hashes of 292 cells of `\udma_uart_rx'.
Finding duplicate cells in `\udma_uart_rx'.
<suppressed ~3 debug messages>
Removed a total of 1 cells.

101.3. Executing OPT_DFF pass (perform DFF optimizations).

101.4. Executing OPT_CLEAN pass (remove unused cells and wires).
Finding unused cells or wires in module \udma_uart_rx..
Removed 0 unused cells and 200 unused wires.
<suppressed ~7 debug messages>

101.5. Finished fast OPT passes.

102. Executing HIERARCHY pass (managing design hierarchy).

102.1. Analyzing design hierarchy..
Top module:  \udma_uart_rx

102.2. Analyzing design hierarchy..
Top module:  \udma_uart_rx
Removed 0 unused modules.

103. Executing CHECK pass (checking for obvious problems).
Checking module udma_uart_rx...
Found and reported 0 problems.

104. Printing statistics.

=== udma_uart_rx ===

        +----------Local Count, excluding submodules.
        | 
      252 wires
      329 wire bits
       26 public wires
       77 public wire bits
       15 ports
       38 port bits
      292 cells
       57   $_ANDNOT_
        9   $_AND_
        8   $_DFFE_PN0P_
        8   $_DFFE_PN1P_
       17   $_DFF_PN0_
        3   $_DFF_PN1_
        2   $_MUX_
       11   $_NAND_
        9   $_NOR_
        5   $_NOT_
       17   $_ORNOT_
       95   $_OR_
        2   $_XNOR_
       49   $_XOR_

105. Executing OPT pass (performing simple optimizations).

105.1. Executing OPT_EXPR pass (perform const folding).
Optimizing module udma_uart_rx.

105.2. Executing OPT_MERGE pass (detect identical cells).
Finding identical cells in module `\udma_uart_rx'.
Computing hashes of 292 cells of `\udma_uart_rx'.
Finding duplicate cells in `\udma_uart_rx'.
Removed a total of 0 cells.

105.3. Executing OPT_MUXTREE pass (detect dead branches in mux trees).
Running muxtree optimizer on module \udma_uart_rx..
  Creating internal representation of mux trees.
  No muxes found in this module.
Removed 0 multiplexer ports.

105.4. Executing OPT_REDUCE pass (consolidate $*mux and $reduce_* inputs).
  Optimizing cells in module \udma_uart_rx.
Performed a total of 0 changes.

105.5. Executing OPT_MERGE pass (detect identical cells).
Finding identical cells in module `\udma_uart_rx'.
Computing hashes of 292 cells of `\udma_uart_rx'.
Finding duplicate cells in `\udma_uart_rx'.
Removed a total of 0 cells.

105.6. Executing OPT_DFF pass (perform DFF optimizations).

105.7. Executing OPT_CLEAN pass (remove unused cells and wires).
Finding unused cells or wires in module \udma_uart_rx..

105.8. Executing OPT_EXPR pass (perform const folding).
Optimizing module udma_uart_rx.

105.9. Finished fast OPT passes. (There is nothing left to do.)

106. Executing OPT_CLEAN pass (remove unused cells and wires).
Finding unused cells or wires in module \udma_uart_rx..
Removed 0 unused cells and 2 unused wires.
<suppressed ~2 debug messages>
{
   "creator": "Yosys 0.62 (git sha1 7326bb7d6641500ecb285c291a54a662cb1e76cf, clang++ 21.1.2 -fPIC -O3)",
   "invocation": "stat -json -liberty /home/sahana/core5_udma/hardening/uart_rx/runs/RUN_2026-07-26_12-37-09/tmp/56e57001409b47a5ac26702d13bba8da.lib ",
   "modules": {
      "\\udma_uart_rx": {
         "num_wires":         250,
         "num_wire_bits":     318,
         "num_pub_wires":     24,
         "num_pub_wire_bits": 66,
         "num_ports":         15,
         "num_port_bits":     38,
         "num_memories":      0,
         "num_memory_bits":   0,
         "num_processes":     0,
         "num_cells":         292,
         "num_submodules":       0,
         "num_cells_by_type": {
            "$_ANDNOT_": 57,
            "$_AND_": 9,
            "$_DFFE_PN0P_": 8,
            "$_DFFE_PN1P_": 8,
            "$_DFF_PN0_": 17,
            "$_DFF_PN1_": 3,
            "$_MUX_": 2,
            "$_NAND_": 11,
            "$_NOR_": 9,
            "$_NOT_": 5,
            "$_ORNOT_": 17,
            "$_OR_": 95,
            "$_XNOR_": 2,
            "$_XOR_": 49
         }
      }
   },
      "design": {
         "num_wires":         250,
         "num_wire_bits":     318,
         "num_pub_wires":     24,
         "num_pub_wire_bits": 66,
         "num_ports":         15,
         "num_port_bits":     38,
         "num_memories":      0,
         "num_memory_bits":   0,
         "num_processes":     0,
         "num_cells":         292,
         "num_submodules":       0,
         "num_cells_by_type": {
            "$_ANDNOT_": 57,
            "$_AND_": 9,
            "$_DFFE_PN0P_": 8,
            "$_DFFE_PN1P_": 8,
            "$_DFF_PN0_": 17,
            "$_DFF_PN1_": 3,
            "$_MUX_": 2,
            "$_NAND_": 11,
            "$_NOR_": 9,
            "$_NOT_": 5,
            "$_ORNOT_": 17,
            "$_OR_": 95,
            "$_XNOR_": 2,
            "$_XOR_": 49
         }
      }
}

107. Printing statistics.

=== udma_uart_rx ===

        +----------Local Count, excluding submodules.
        | 
      250 wires
      318 wire bits
       24 public wires
       66 public wire bits
       15 ports
       38 port bits
      292 cells
       57   $_ANDNOT_
        9   $_AND_
        8   $_DFFE_PN0P_
        8   $_DFFE_PN1P_
       17   $_DFF_PN0_
        3   $_DFF_PN1_
        2   $_MUX_
       11   $_NAND_
        9   $_NOR_
        5   $_NOT_
       17   $_ORNOT_
       95   $_OR_
        2   $_XNOR_
       49   $_XOR_

   Area for cell type $_ANDNOT_ is unknown!
   Area for cell type $_AND_ is unknown!
   Area for cell type $_DFFE_PN0P_ is unknown!
   Area for cell type $_DFFE_PN1P_ is unknown!
   Area for cell type $_DFF_PN0_ is unknown!
   Area for cell type $_DFF_PN1_ is unknown!
   Area for cell type $_MUX_ is unknown!
   Area for cell type $_NAND_ is unknown!
   Area for cell type $_NOR_ is unknown!
   Area for cell type $_NOT_ is unknown!
   Area for cell type $_ORNOT_ is unknown!
   Area for cell type $_OR_ is unknown!
   Area for cell type $_XNOR_ is unknown!
   Area for cell type $_XOR_ is unknown!

108. Executing DFFLIBMAP pass (mapping DFF cells to sequential cells from liberty file).
  cell gf180mcu_fd_sc_mcu7t5v0__dffnq_1 (noninv, pins=3, area=65.86) is a direct match for cell type $_DFF_N_.
  cell gf180mcu_fd_sc_mcu7t5v0__dffq_1 (noninv, pins=3, area=63.66) is a direct match for cell type $_DFF_P_.
  cell gf180mcu_fd_sc_mcu7t5v0__dffnrnq_1 (noninv, pins=4, area=74.64) is a direct match for cell type $_DFF_NN0_.
  cell gf180mcu_fd_sc_mcu7t5v0__dffnsnq_1 (noninv, pins=4, area=79.03) is a direct match for cell type $_DFF_NN1_.
  cell gf180mcu_fd_sc_mcu7t5v0__dffrnq_1 (noninv, pins=4, area=74.64) is a direct match for cell type $_DFF_PN0_.
  cell gf180mcu_fd_sc_mcu7t5v0__dffsnq_1 (noninv, pins=4, area=79.03) is a direct match for cell type $_DFF_PN1_.
  cell gf180mcu_fd_sc_mcu7t5v0__dffnrsnq_1 (noninv, pins=5, area=94.39) is a direct match for cell type $_DFFSR_NNN_.
  cell gf180mcu_fd_sc_mcu7t5v0__dffrsnq_1 (noninv, pins=5, area=85.61) is a direct match for cell type $_DFFSR_PNN_.
  final dff cell mappings:
    \gf180mcu_fd_sc_mcu7t5v0__dffnq_1 _DFF_N_ (.CLKN( C), .D( D), .Q( Q));
    \gf180mcu_fd_sc_mcu7t5v0__dffq_1 _DFF_P_ (.CLK( C), .D( D), .Q( Q));
    \gf180mcu_fd_sc_mcu7t5v0__dffnrnq_1 _DFF_NN0_ (.CLKN( C), .D( D), .Q( Q), .RN( R));
    \gf180mcu_fd_sc_mcu7t5v0__dffnsnq_1 _DFF_NN1_ (.CLKN( C), .D( D), .Q( Q), .SETN( R));
    unmapped dff cell: $_DFF_NP0_
    unmapped dff cell: $_DFF_NP1_
    \gf180mcu_fd_sc_mcu7t5v0__dffrnq_1 _DFF_PN0_ (.CLK( C), .D( D), .Q( Q), .RN( R));
    \gf180mcu_fd_sc_mcu7t5v0__dffsnq_1 _DFF_PN1_ (.CLK( C), .D( D), .Q( Q), .SETN( R));
    unmapped dff cell: $_DFF_PP0_
    unmapped dff cell: $_DFF_PP1_
    unmapped dff cell: $_DFFE_NN_
    unmapped dff cell: $_DFFE_NP_
    unmapped dff cell: $_DFFE_PN_
    unmapped dff cell: $_DFFE_PP_
    \gf180mcu_fd_sc_mcu7t5v0__dffnrsnq_1 _DFFSR_NNN_ (.CLKN( C), .D( D), .Q( Q), .RN( R), .SETN( S));
    unmapped dff cell: $_DFFSR_NNP_
    unmapped dff cell: $_DFFSR_NPN_
    unmapped dff cell: $_DFFSR_NPP_
    \gf180mcu_fd_sc_mcu7t5v0__dffrsnq_1 _DFFSR_PNN_ (.CLK( C), .D( D), .Q( Q), .RN( R), .SETN( S));
    unmapped dff cell: $_DFFSR_PNP_
    unmapped dff cell: $_DFFSR_PPN_
    unmapped dff cell: $_DFFSR_PPP_

108.1. Executing DFFLEGALIZE pass (convert FFs to types supported by the target).
Mapping DFF cells in module `\udma_uart_rx':
  mapped 25 $_DFF_PN0_ cells to \gf180mcu_fd_sc_mcu7t5v0__dffrnq_1 cells.
  mapped 11 $_DFF_PN1_ cells to \gf180mcu_fd_sc_mcu7t5v0__dffsnq_1 cells.
{
   "creator": "Yosys 0.62 (git sha1 7326bb7d6641500ecb285c291a54a662cb1e76cf, clang++ 21.1.2 -fPIC -O3)",
   "invocation": "stat -json -liberty /home/sahana/core5_udma/hardening/uart_rx/runs/RUN_2026-07-26_12-37-09/tmp/56e57001409b47a5ac26702d13bba8da.lib ",
   "modules": {
      "\\udma_uart_rx": {
         "num_wires":         266,
         "num_wire_bits":     334,
         "num_pub_wires":     24,
         "num_pub_wire_bits": 66,
         "num_ports":         15,
         "num_port_bits":     38,
         "num_memories":      0,
         "num_memory_bits":   0,
         "num_processes":     0,
         "num_cells":         308,
         "num_submodules":       0,
         "area":              2735.219200,
         "sequential_area":    2735.219200,
         "num_cells_by_type": {
            "$_ANDNOT_": 57,
            "$_AND_": 9,
            "$_MUX_": 18,
            "$_NAND_": 11,
            "$_NOR_": 9,
            "$_NOT_": 5,
            "$_ORNOT_": 17,
            "$_OR_": 95,
            "$_XNOR_": 2,
            "$_XOR_": 49,
            "gf180mcu_fd_sc_mcu7t5v0__dffrnq_1": 25,
            "gf180mcu_fd_sc_mcu7t5v0__dffsnq_1": 11
         }
      }
   },
      "design": {
         "num_wires":         266,
         "num_wire_bits":     334,
         "num_pub_wires":     24,
         "num_pub_wire_bits": 66,
         "num_ports":         15,
         "num_port_bits":     38,
         "num_memories":      0,
         "num_memory_bits":   0,
         "num_processes":     0,
         "num_cells":         308,
         "num_submodules":       0,
         "area":              2735.219200,
         "sequential_area":    2735.219200,
         "num_cells_by_type": {
            "$_ANDNOT_": 57,
            "$_AND_": 9,
            "$_MUX_": 18,
            "$_NAND_": 11,
            "$_NOR_": 9,
            "$_NOT_": 5,
            "$_ORNOT_": 17,
            "$_OR_": 95,
            "$_XNOR_": 2,
            "$_XOR_": 49,
            "gf180mcu_fd_sc_mcu7t5v0__dffrnq_1": 25,
            "gf180mcu_fd_sc_mcu7t5v0__dffsnq_1": 11
         }
      }
}

109. Printing statistics.

=== udma_uart_rx ===

        +----------Local Count, excluding submodules.
        |        +-Local Area, excluding submodules.
        |        | 
      266        - wires
      334        - wire bits
       24        - public wires
       66        - public wire bits
       15        - ports
       38        - port bits
      308 2.74E+03 cells
       57        -   $_ANDNOT_
        9        -   $_AND_
       18        -   $_MUX_
       11        -   $_NAND_
        9        -   $_NOR_
        5        -   $_NOT_
       17        -   $_ORNOT_
       95        -   $_OR_
        2        -   $_XNOR_
       49        -   $_XOR_
       25  1865.92   gf180mcu_fd_sc_mcu7t5v0__dffrnq_1
       11  869.299   gf180mcu_fd_sc_mcu7t5v0__dffsnq_1

   Area for cell type $_ANDNOT_ is unknown!
   Area for cell type $_AND_ is unknown!
   Area for cell type $_MUX_ is unknown!
   Area for cell type $_NAND_ is unknown!
   Area for cell type $_NOR_ is unknown!
   Area for cell type $_NOT_ is unknown!
   Area for cell type $_ORNOT_ is unknown!
   Area for cell type $_OR_ is unknown!
   Area for cell type $_XNOR_ is unknown!
   Area for cell type $_XOR_ is unknown!

   Chip area for module '\udma_uart_rx': 2735.219200
     of which used for sequential elements: 2735.219200 (100.00%)

[INFO] Using generated ABC script '/home/sahana/core5_udma/hardening/uart_rx/runs/RUN_2026-07-26_12-37-09/06-yosys-synthesis/AREA_0.abc'…

110. Executing ABC pass (technology mapping using ABC).

110.1. Extracting gate netlist of module `\udma_uart_rx' to `/tmp/yosys-abc-VT4AzB/input.blif'..

110.1.1. Executed ABC.
Extracted 272 gates and 330 wires to a netlist network with 58 inputs and 41 outputs.
Running ABC script: /tmp/yosys-abc-VT4AzB/abc.script
ABC: ======== ABC command line "source /tmp/yosys-abc-VT4AzB/abc.script"
ABC: + read_blif /tmp/yosys-abc-VT4AzB/input.blif 
ABC: + read_lib -w /home/sahana/core5_udma/hardening/uart_rx/runs/RUN_2026-07-26_12-37-09/tmp/56e57001409b47a5ac26702d13bba8da.lib 
ABC: Parsing finished successfully.  Parsing time =     0.87 sec
ABC: Scl_LibertyReadGenlib() skipped cell "gf180mcu_fd_sc_mcu7t5v0__antenna" without logic function.
ABC: Scl_LibertyReadGenlib() skipped three-state cell "gf180mcu_fd_sc_mcu7t5v0__bufz_1".
ABC: Scl_LibertyReadGenlib() skipped three-state cell "gf180mcu_fd_sc_mcu7t5v0__bufz_2".
ABC: Scl_LibertyReadGenlib() skipped three-state cell "gf180mcu_fd_sc_mcu7t5v0__bufz_3".
ABC: Scl_LibertyReadGenlib() skipped three-state cell "gf180mcu_fd_sc_mcu7t5v0__bufz_4".
ABC: Scl_LibertyReadGenlib() skipped three-state cell "gf180mcu_fd_sc_mcu7t5v0__bufz_8".
ABC: Scl_LibertyReadGenlib() skipped three-state cell "gf180mcu_fd_sc_mcu7t5v0__bufz_12".
ABC: Scl_LibertyReadGenlib() skipped three-state cell "gf180mcu_fd_sc_mcu7t5v0__bufz_16".
ABC: Scl_LibertyReadGenlib() skipped sequential cell "gf180mcu_fd_sc_mcu7t5v0__dffnq_1".
ABC: Scl_LibertyReadGenlib() skipped sequential cell "gf180mcu_fd_sc_mcu7t5v0__dffnq_2".
ABC: Scl_LibertyReadGenlib() skipped sequential cell "gf180mcu_fd_sc_mcu7t5v0__dffnq_4".
ABC: Scl_LibertyReadGenlib() skipped sequential cell "gf180mcu_fd_sc_mcu7t5v0__dffnrnq_1".
ABC: Scl_LibertyReadGenlib() skipped sequential cell "gf180mcu_fd_sc_mcu7t5v0__dffnrnq_2".
ABC: Scl_LibertyReadGenlib() skipped sequential cell "gf180mcu_fd_sc_mcu7t5v0__dffnrnq_4".
ABC: Scl_LibertyReadGenlib() skipped sequential cell "gf180mcu_fd_sc_mcu7t5v0__dffnrsnq_1".
ABC: Scl_LibertyReadGenlib() skipped sequential cell "gf180mcu_fd_sc_mcu7t5v0__dffnrsnq_2".
ABC: Scl_LibertyReadGenlib() skipped sequential cell "gf180mcu_fd_sc_mcu7t5v0__dffnrsnq_4".
ABC: Scl_LibertyReadGenlib() skipped sequential cell "gf180mcu_fd_sc_mcu7t5v0__dffnsnq_1".
ABC: Scl_LibertyReadGenlib() skipped sequential cell "gf180mcu_fd_sc_mcu7t5v0__dffnsnq_2".
ABC: Scl_LibertyReadGenlib() skipped sequential cell "gf180mcu_fd_sc_mcu7t5v0__dffnsnq_4".
ABC: Scl_LibertyReadGenlib() skipped sequential cell "gf180mcu_fd_sc_mcu7t5v0__dffq_1".
ABC: Scl_LibertyReadGenlib() skipped sequential cell "gf180mcu_fd_sc_mcu7t5v0__dffq_2".
ABC: Scl_LibertyReadGenlib() skipped sequential cell "gf180mcu_fd_sc_mcu7t5v0__dffq_4".
ABC: Scl_LibertyReadGenlib() skipped sequential cell "gf180mcu_fd_sc_mcu7t5v0__dffrnq_1".
ABC: Scl_LibertyReadGenlib() skipped sequential cell "gf180mcu_fd_sc_mcu7t5v0__dffrnq_2".
ABC: Scl_LibertyReadGenlib() skipped sequential cell "gf180mcu_fd_sc_mcu7t5v0__dffrnq_4".
ABC: Scl_LibertyReadGenlib() skipped sequential cell "gf180mcu_fd_sc_mcu7t5v0__dffrsnq_1".
ABC: Scl_LibertyReadGenlib() skipped sequential cell "gf180mcu_fd_sc_mcu7t5v0__dffrsnq_2".
ABC: Scl_LibertyReadGenlib() skipped sequential cell "gf180mcu_fd_sc_mcu7t5v0__dffrsnq_4".
ABC: Scl_LibertyReadGenlib() skipped sequential cell "gf180mcu_fd_sc_mcu7t5v0__dffsnq_1".
ABC: Scl_LibertyReadGenlib() skipped sequential cell "gf180mcu_fd_sc_mcu7t5v0__dffsnq_2".
ABC: Scl_LibertyReadGenlib() skipped sequential cell "gf180mcu_fd_sc_mcu7t5v0__dffsnq_4".
ABC: Scl_LibertyReadGenlib() skipped cell "gf180mcu_fd_sc_mcu7t5v0__endcap" without logic function.
ABC: Scl_LibertyReadGenlib() skipped cell "gf180mcu_fd_sc_mcu7t5v0__fill_1" without logic function.
ABC: Scl_LibertyReadGenlib() skipped cell "gf180mcu_fd_sc_mcu7t5v0__fill_2" without logic function.
ABC: Scl_LibertyReadGenlib() skipped cell "gf180mcu_fd_sc_mcu7t5v0__fill_4" without logic function.
ABC: Scl_LibertyReadGenlib() skipped cell "gf180mcu_fd_sc_mcu7t5v0__fill_8" without logic function.
ABC: Scl_LibertyReadGenlib() skipped cell "gf180mcu_fd_sc_mcu7t5v0__fill_16" without logic function.
ABC: Scl_LibertyReadGenlib() skipped cell "gf180mcu_fd_sc_mcu7t5v0__fill_32" without logic function.
ABC: Scl_LibertyReadGenlib() skipped cell "gf180mcu_fd_sc_mcu7t5v0__fill_64" without logic function.
ABC: Scl_LibertyReadGenlib() skipped cell "gf180mcu_fd_sc_mcu7t5v0__fillcap_4" without logic function.
ABC: Scl_LibertyReadGenlib() skipped cell "gf180mcu_fd_sc_mcu7t5v0__fillcap_8" without logic function.
ABC: Scl_LibertyReadGenlib() skipped cell "gf180mcu_fd_sc_mcu7t5v0__fillcap_16" without logic function.
ABC: Scl_LibertyReadGenlib() skipped cell "gf180mcu_fd_sc_mcu7t5v0__fillcap_32" without logic function.
ABC: Scl_LibertyReadGenlib() skipped cell "gf180mcu_fd_sc_mcu7t5v0__fillcap_64" without logic function.
ABC: Scl_LibertyReadGenlib() skipped cell "gf180mcu_fd_sc_mcu7t5v0__filltie" without logic function.
ABC: Scl_LibertyReadGenlib() skipped three-state cell "gf180mcu_fd_sc_mcu7t5v0__hold".
ABC: Scl_LibertyReadGenlib() skipped cell "gf180mcu_fd_sc_mcu7t5v0__icgtn_1" without logic function.
ABC: Scl_LibertyReadGenlib() skipped cell "gf180mcu_fd_sc_mcu7t5v0__icgtn_2" without logic function.
ABC: Scl_LibertyReadGenlib() skipped cell "gf180mcu_fd_sc_mcu7t5v0__icgtn_4" without logic function.
ABC: Scl_LibertyReadGenlib() skipped cell "gf180mcu_fd_sc_mcu7t5v0__icgtp_1" without logic function.
ABC: Scl_LibertyReadGenlib() skipped cell "gf180mcu_fd_sc_mcu7t5v0__icgtp_2" without logic function.
ABC: Scl_LibertyReadGenlib() skipped cell "gf180mcu_fd_sc_mcu7t5v0__icgtp_4" without logic function.
ABC: Scl_LibertyReadGenlib() skipped three-state cell "gf180mcu_fd_sc_mcu7t5v0__invz_1".
ABC: Scl_LibertyReadGenlib() skipped three-state cell "gf180mcu_fd_sc_mcu7t5v0__invz_2".
ABC: Scl_LibertyReadGenlib() skipped three-state cell "gf180mcu_fd_sc_mcu7t5v0__invz_3".
ABC: Scl_LibertyReadGenlib() skipped three-state cell "gf180mcu_fd_sc_mcu7t5v0__invz_4".
ABC: Scl_LibertyReadGenlib() skipped three-state cell "gf180mcu_fd_sc_mcu7t5v0__invz_8".
ABC: Scl_LibertyReadGenlib() skipped three-state cell "gf180mcu_fd_sc_mcu7t5v0__invz_12".
ABC: Scl_LibertyReadGenlib() skipped three-state cell "gf180mcu_fd_sc_mcu7t5v0__invz_16".
ABC: Scl_LibertyReadGenlib() skipped sequential cell "gf180mcu_fd_sc_mcu7t5v0__latq_1".
ABC: Scl_LibertyReadGenlib() skipped sequential cell "gf180mcu_fd_sc_mcu7t5v0__latq_2".
ABC: Scl_LibertyReadGenlib() skipped sequential cell "gf180mcu_fd_sc_mcu7t5v0__latq_4".
ABC: Scl_LibertyReadGenlib() skipped sequential cell "gf180mcu_fd_sc_mcu7t5v0__latrnq_1".
ABC: Scl_LibertyReadGenlib() skipped sequential cell "gf180mcu_fd_sc_mcu7t5v0__latrnq_2".
ABC: Scl_LibertyReadGenlib() skipped sequential cell "gf180mcu_fd_sc_mcu7t5v0__latrnq_4".
ABC: Scl_LibertyReadGenlib() skipped sequential cell "gf180mcu_fd_sc_mcu7t5v0__latrsnq_1".
ABC: Scl_LibertyReadGenlib() skipped sequential cell "gf180mcu_fd_sc_mcu7t5v0__latrsnq_2".
ABC: Scl_LibertyReadGenlib() skipped sequential cell "gf180mcu_fd_sc_mcu7t5v0__latrsnq_4".
ABC: Scl_LibertyReadGenlib() skipped sequential cell "gf180mcu_fd_sc_mcu7t5v0__latsnq_1".
ABC: Scl_LibertyReadGenlib() skipped sequential cell "gf180mcu_fd_sc_mcu7t5v0__latsnq_2".
ABC: Scl_LibertyReadGenlib() skipped sequential cell "gf180mcu_fd_sc_mcu7t5v0__latsnq_4".
ABC: Library "gf180mcu_fd_sc_mcu7t5v0__tt_025C_5v00" from "/home/sahana/core5_udma/hardening/uart_rx/runs/RUN_2026-07-26_12-37-09/tmp/56e57001409b47a5ac26702d13bba8da.lib" has 143 cells (72 skipped: 36 seq; 15 tri-state; 21 no func; 0 dont_use; 0 with 2 outputs; 0 with 3+ outputs).  Time =     1.15 sec
ABC: Memory =   23.83 MB. Time =     1.15 sec
ABC: Warning: Detected 6 multi-output cells (for example, "gf180mcu_fd_sc_mcu7t5v0__addf_1").
ABC: + read_constr -v /home/sahana/core5_udma/hardening/uart_rx/runs/RUN_2026-07-26_12-37-09/06-yosys-synthesis/synthesis.abc.sdc 
ABC: Setting driving cell to be "gf180mcu_fd_sc_mcu7t5v0__inv_1/ZN".
ABC: Setting output load to be 72.910004.
ABC: + source /home/sahana/core5_udma/hardening/uart_rx/runs/RUN_2026-07-26_12-37-09/06-yosys-synthesis/AREA_0.abc 
ABC: Error: The network is combinational.
ABC: Cannot find the default PI driving cell (gf180mcu_fd_sc_mcu7t5v0__inv_1/ZN) in the library.
ABC: WireLoad = "none"  Gates =    183 ( 12.0 %)   Cap = 21.3 ff ( 12.5 %)   Area =     3305.97 ( 78.7 %)   Delay =  4583.08 ps  ( 13.1 %)               
ABC: Path  0 --       2 : 0    5 pi                               A =   0.00  Df =   0.0   -0.0 ps  S =   0.0 ps  Cin =  0.0 ff  Cout =  21.9 ff  Cmax =   0.0 ff  G =    0  
ABC: Path  1 --     121 : 2    4 gf180mcu_fd_sc_mcu7t5v0__nor2_1  A =  13.17  Df = 436.9 -202.3 ps  S = 723.7 ps  Cin =  4.4 ff  Cout =  20.2 ff  Cmax = 125.1 ff  G =  463  
ABC: Path  2 --     128 : 4    4 gf180mcu_fd_sc_mcu7t5v0__nand4_1 A =  19.76  Df = 850.2 -101.6 ps  S = 709.3 ps  Cin =  4.0 ff  Cout =  19.2 ff  Cmax = 143.5 ff  G =  481  
ABC: Path  3 --     130 : 3    2 gf180mcu_fd_sc_mcu7t5v0__oai21_1 A =  17.56  Df =1228.3 -263.8 ps  S = 410.4 ps  Cin =  4.9 ff  Cout =   6.9 ff  Cmax = 124.5 ff  G =  141  
ABC: Path  4 --     149 : 4    2 gf180mcu_fd_sc_mcu7t5v0__or4_1   A =  26.34  Df =1854.9 -314.4 ps  S = 311.7 ps  Cin =  2.8 ff  Cout =   7.2 ff  Cmax = 238.9 ff  G =  258  
ABC: Path  5 --     179 : 3   15 gf180mcu_fd_sc_mcu7t5v0__nand3_1 A =  15.37  Df =2748.8 -372.9 ps  S =1493.8 ps  Cin =  4.3 ff  Cout =  64.4 ff  Cmax = 181.7 ff  G = 1500  
ABC: Path  6 --     185 : 3    1 gf180mcu_fd_sc_mcu7t5v0__nor3_1  A =  17.56  Df =4583.1 -760.9 ps  S =3397.5 ps  Cin =  4.1 ff  Cout =  72.9 ff  Cmax =  84.3 ff  G = 1778  
ABC: Start-point = pi1 (\CS [0]).  End-point = po8 ($0\baud_cnt[15:0] [2]).
ABC: netlist                       : i/o =   58/   41  lat =    0  nd =   183  edge =    450  area =3305.95  delay = 6.00  lev = 6
ABC: + write_blif /tmp/yosys-abc-VT4AzB/output.blif 

110.1.2. Re-integrating ABC results.
ABC RESULTS:   gf180mcu_fd_sc_mcu7t5v0__and2_1 cells:        8
ABC RESULTS:   gf180mcu_fd_sc_mcu7t5v0__and3_1 cells:        1
ABC RESULTS:   gf180mcu_fd_sc_mcu7t5v0__and4_1 cells:        4
ABC RESULTS:   gf180mcu_fd_sc_mcu7t5v0__aoi211_1 cells:        1
ABC RESULTS:   gf180mcu_fd_sc_mcu7t5v0__aoi21_1 cells:       10
ABC RESULTS:   gf180mcu_fd_sc_mcu7t5v0__aoi221_1 cells:        1
ABC RESULTS:   gf180mcu_fd_sc_mcu7t5v0__aoi22_1 cells:        4
ABC RESULTS:   gf180mcu_fd_sc_mcu7t5v0__clkinv_1 cells:       22
ABC RESULTS:   gf180mcu_fd_sc_mcu7t5v0__mux2_2 cells:        7
ABC RESULTS:   gf180mcu_fd_sc_mcu7t5v0__nand2_1 cells:       19
ABC RESULTS:   gf180mcu_fd_sc_mcu7t5v0__nand3_1 cells:        7
ABC RESULTS:   gf180mcu_fd_sc_mcu7t5v0__nand4_1 cells:        6
ABC RESULTS:   gf180mcu_fd_sc_mcu7t5v0__nor2_1 cells:       24
ABC RESULTS:   gf180mcu_fd_sc_mcu7t5v0__nor3_1 cells:       14
ABC RESULTS:   gf180mcu_fd_sc_mcu7t5v0__nor4_1 cells:        4
ABC RESULTS:   gf180mcu_fd_sc_mcu7t5v0__oai211_1 cells:        2
ABC RESULTS:   gf180mcu_fd_sc_mcu7t5v0__oai21_1 cells:       10
ABC RESULTS:   gf180mcu_fd_sc_mcu7t5v0__oai222_1 cells:        1
ABC RESULTS:   gf180mcu_fd_sc_mcu7t5v0__oai22_1 cells:        2
ABC RESULTS:   gf180mcu_fd_sc_mcu7t5v0__oai31_1 cells:        1
ABC RESULTS:   gf180mcu_fd_sc_mcu7t5v0__or2_1 cells:        2
ABC RESULTS:   gf180mcu_fd_sc_mcu7t5v0__or4_1 cells:        1
ABC RESULTS:   gf180mcu_fd_sc_mcu7t5v0__xnor2_1 cells:        6
ABC RESULTS:   gf180mcu_fd_sc_mcu7t5v0__xor2_1 cells:       26
ABC RESULTS:        internal signals:      231
ABC RESULTS:           input signals:       58
ABC RESULTS:          output signals:       41
Removing temp directory.
Removing global temp directory.

111. Executing SETUNDEF pass (replace undef values with defined constants).

112. Executing HILOMAP pass (mapping to constant drivers).

113. Executing SPLITNETS pass (splitting up multi-bit signals).

114. Executing OPT_CLEAN pass (remove unused cells and wires).
Finding unused cells or wires in module \udma_uart_rx..
Removed 0 unused cells and 331 unused wires.
<suppressed ~3 debug messages>

115. Executing INSBUF pass (insert buffer cells for connected wires).

116. Executing CHECK pass (checking for obvious problems).
Checking module udma_uart_rx...
Found and reported 0 problems.
{
   "creator": "Yosys 0.62 (git sha1 7326bb7d6641500ecb285c291a54a662cb1e76cf, clang++ 21.1.2 -fPIC -O3)",
   "invocation": "stat -json -liberty /home/sahana/core5_udma/hardening/uart_rx/runs/RUN_2026-07-26_12-37-09/tmp/56e57001409b47a5ac26702d13bba8da.lib ",
   "modules": {
      "\\udma_uart_rx": {
         "num_wires":         221,
         "num_wire_bits":     244,
         "num_pub_wires":     41,
         "num_pub_wire_bits": 64,
         "num_ports":         15,
         "num_port_bits":     38,
         "num_memories":      0,
         "num_memory_bits":   0,
         "num_processes":     0,
         "num_cells":         219,
         "num_submodules":       0,
         "area":              6041.190400,
         "sequential_area":    2735.219200,
         "num_cells_by_type": {
            "gf180mcu_fd_sc_mcu7t5v0__and2_1": 8,
            "gf180mcu_fd_sc_mcu7t5v0__and3_1": 1,
            "gf180mcu_fd_sc_mcu7t5v0__and4_1": 4,
            "gf180mcu_fd_sc_mcu7t5v0__aoi211_1": 1,
            "gf180mcu_fd_sc_mcu7t5v0__aoi21_1": 10,
            "gf180mcu_fd_sc_mcu7t5v0__aoi221_1": 1,
            "gf180mcu_fd_sc_mcu7t5v0__aoi22_1": 4,
            "gf180mcu_fd_sc_mcu7t5v0__clkinv_1": 22,
            "gf180mcu_fd_sc_mcu7t5v0__dffrnq_1": 25,
            "gf180mcu_fd_sc_mcu7t5v0__dffsnq_1": 11,
            "gf180mcu_fd_sc_mcu7t5v0__mux2_2": 7,
            "gf180mcu_fd_sc_mcu7t5v0__nand2_1": 19,
            "gf180mcu_fd_sc_mcu7t5v0__nand3_1": 7,
            "gf180mcu_fd_sc_mcu7t5v0__nand4_1": 6,
            "gf180mcu_fd_sc_mcu7t5v0__nor2_1": 24,
            "gf180mcu_fd_sc_mcu7t5v0__nor3_1": 14,
            "gf180mcu_fd_sc_mcu7t5v0__nor4_1": 4,
            "gf180mcu_fd_sc_mcu7t5v0__oai211_1": 2,
            "gf180mcu_fd_sc_mcu7t5v0__oai21_1": 10,
            "gf180mcu_fd_sc_mcu7t5v0__oai222_1": 1,
            "gf180mcu_fd_sc_mcu7t5v0__oai22_1": 2,
            "gf180mcu_fd_sc_mcu7t5v0__oai31_1": 1,
            "gf180mcu_fd_sc_mcu7t5v0__or2_1": 2,
            "gf180mcu_fd_sc_mcu7t5v0__or4_1": 1,
            "gf180mcu_fd_sc_mcu7t5v0__xnor2_1": 6,
            "gf180mcu_fd_sc_mcu7t5v0__xor2_1": 26
         }
      }
   },
      "design": {
         "num_wires":         221,
         "num_wire_bits":     244,
         "num_pub_wires":     41,
         "num_pub_wire_bits": 64,
         "num_ports":         15,
         "num_port_bits":     38,
         "num_memories":      0,
         "num_memory_bits":   0,
         "num_processes":     0,
         "num_cells":         219,
         "num_submodules":       0,
         "area":              6041.190400,
         "sequential_area":    2735.219200,
         "num_cells_by_type": {
            "gf180mcu_fd_sc_mcu7t5v0__and2_1": 8,
            "gf180mcu_fd_sc_mcu7t5v0__and3_1": 1,
            "gf180mcu_fd_sc_mcu7t5v0__and4_1": 4,
            "gf180mcu_fd_sc_mcu7t5v0__aoi211_1": 1,
            "gf180mcu_fd_sc_mcu7t5v0__aoi21_1": 10,
            "gf180mcu_fd_sc_mcu7t5v0__aoi221_1": 1,
            "gf180mcu_fd_sc_mcu7t5v0__aoi22_1": 4,
            "gf180mcu_fd_sc_mcu7t5v0__clkinv_1": 22,
            "gf180mcu_fd_sc_mcu7t5v0__dffrnq_1": 25,
            "gf180mcu_fd_sc_mcu7t5v0__dffsnq_1": 11,
            "gf180mcu_fd_sc_mcu7t5v0__mux2_2": 7,
            "gf180mcu_fd_sc_mcu7t5v0__nand2_1": 19,
            "gf180mcu_fd_sc_mcu7t5v0__nand3_1": 7,
            "gf180mcu_fd_sc_mcu7t5v0__nand4_1": 6,
            "gf180mcu_fd_sc_mcu7t5v0__nor2_1": 24,
            "gf180mcu_fd_sc_mcu7t5v0__nor3_1": 14,
            "gf180mcu_fd_sc_mcu7t5v0__nor4_1": 4,
            "gf180mcu_fd_sc_mcu7t5v0__oai211_1": 2,
            "gf180mcu_fd_sc_mcu7t5v0__oai21_1": 10,
            "gf180mcu_fd_sc_mcu7t5v0__oai222_1": 1,
            "gf180mcu_fd_sc_mcu7t5v0__oai22_1": 2,
            "gf180mcu_fd_sc_mcu7t5v0__oai31_1": 1,
            "gf180mcu_fd_sc_mcu7t5v0__or2_1": 2,
            "gf180mcu_fd_sc_mcu7t5v0__or4_1": 1,
            "gf180mcu_fd_sc_mcu7t5v0__xnor2_1": 6,
            "gf180mcu_fd_sc_mcu7t5v0__xor2_1": 26
         }
      }
}

117. Printing statistics.

=== udma_uart_rx ===

        +----------Local Count, excluding submodules.
        |        +-Local Area, excluding submodules.
        |        | 
      221        - wires
      244        - wire bits
       41        - public wires
       64        - public wire bits
       15        - ports
       38        - port bits
      219  6041.19 cells
        8  140.493   gf180mcu_fd_sc_mcu7t5v0__and2_1
        1   21.952   gf180mcu_fd_sc_mcu7t5v0__and3_1
        4   96.589   gf180mcu_fd_sc_mcu7t5v0__and4_1
        1   21.952   gf180mcu_fd_sc_mcu7t5v0__aoi211_1
       10  175.616   gf180mcu_fd_sc_mcu7t5v0__aoi21_1
        1   24.147   gf180mcu_fd_sc_mcu7t5v0__aoi221_1
        4   79.027   gf180mcu_fd_sc_mcu7t5v0__aoi22_1
       22  193.178   gf180mcu_fd_sc_mcu7t5v0__clkinv_1
       25  1865.92   gf180mcu_fd_sc_mcu7t5v0__dffrnq_1
       11  869.299   gf180mcu_fd_sc_mcu7t5v0__dffsnq_1
        7  230.496   gf180mcu_fd_sc_mcu7t5v0__mux2_2
       19  208.544   gf180mcu_fd_sc_mcu7t5v0__nand2_1
        7  107.565   gf180mcu_fd_sc_mcu7t5v0__nand3_1
        6  118.541   gf180mcu_fd_sc_mcu7t5v0__nand4_1
       24  316.109   gf180mcu_fd_sc_mcu7t5v0__nor2_1
       14  245.862   gf180mcu_fd_sc_mcu7t5v0__nor3_1
        4   87.808   gf180mcu_fd_sc_mcu7t5v0__nor4_1
        2   43.904   gf180mcu_fd_sc_mcu7t5v0__oai211_1
       10  175.616   gf180mcu_fd_sc_mcu7t5v0__oai21_1
        1   32.928   gf180mcu_fd_sc_mcu7t5v0__oai222_1
        2   43.904   gf180mcu_fd_sc_mcu7t5v0__oai22_1
        1   24.147   gf180mcu_fd_sc_mcu7t5v0__oai31_1
        2   35.123   gf180mcu_fd_sc_mcu7t5v0__or2_1
        1   26.342   gf180mcu_fd_sc_mcu7t5v0__or4_1
        6  171.226   gf180mcu_fd_sc_mcu7t5v0__xnor2_1
       26  684.902   gf180mcu_fd_sc_mcu7t5v0__xor2_1

   Chip area for module '\udma_uart_rx': 6041.190400
     of which used for sequential elements: 2735.219200 (45.28%)

118. Executing Verilog backend.
Dumping module `\udma_uart_rx'.

119. Executing JSON backend.
