Clock: sys_clk
Sources: sys_clk_i 
Generated: no
Virtual: yes
Propagated: no
Period: 20.000000

===========================================================================
report_clock_properties
============================================================================
Clock                   Period          Waveform
----------------------------------------------------
sys_clk              20.000000    0.000000 10.000000

===========================================================================
report_clock_latency
============================================================================
Clock sys_clk
rise -> rise
    min     max
0.000000 0.000000 source latency
2.288052         network latency _1822_/CLK
        2.344186 network latency _1911_/CLK
---------------
2.288052 2.344186 latency
        0.056134 skew

fall -> fall
    min     max
0.000000 0.000000 source latency
2.249161         network latency _1822_/CLK
        2.312013 network latency _1911_/CLK
---------------
2.249161 2.312013 latency
        0.062852 skew



===========================================================================
report_clock_min_period
============================================================================
sys_clk period_min = 10.72 fmax = 93.27
Clock: periph_clk
Sources: periph_clk_i 
Generated: no
Virtual: yes
Propagated: no
Period: 20.000000

===========================================================================
report_clock_properties
============================================================================
Clock                   Period          Waveform
----------------------------------------------------
periph_clk           20.000000    0.000000 10.000000

===========================================================================
report_clock_latency
============================================================================
Clock periph_clk
rise -> rise
    min     max
0.000000 0.000000 source latency
2.199530         network latency _1848_/CLK
        2.247305 network latency _1798_/CLK
---------------
2.199530 2.247305 latency
        0.047774 skew

fall -> fall
    min     max
0.000000 0.000000 source latency
2.167208         network latency _1784_/CLK
        2.220626 network latency _1798_/CLK
---------------
2.167208 2.220626 latency
        0.053419 skew



===========================================================================
report_clock_min_period
============================================================================
periph_clk period_min = 14.46 fmax = 69.17
