
===========================================================================
 report_power
============================================================================
======================= nom_tt_025C_5v00 Corner ===================================

Group                    Internal    Switching      Leakage        Total
                            Power        Power        Power        Power (Watts)
------------------------------------------------------------------------
Sequential           1.199380e-02 8.099198e-04 1.537154e-07 1.280387e-02  32.5%
Combinational        4.153855e-03 3.310401e-03 1.995875e-07 7.464456e-03  19.0%
Clock                1.517157e-02 3.929364e-03 1.171454e-07 1.910105e-02  48.5%
Macro                0.000000e+00 0.000000e+00 0.000000e+00 0.000000e+00   0.0%
Pad                  0.000000e+00 0.000000e+00 0.000000e+00 0.000000e+00   0.0%
------------------------------------------------------------------------
Total                3.131922e-02 8.049693e-03 4.704374e-07 3.936938e-02 100.0%
                            79.6%        20.4%         0.0%
Writing metric power__internal__total: 0.03131921589374542
Writing metric power__switching__total: 0.008049692958593369
Writing metric power__leakage__total: 4.7043738504726207e-7
Writing metric power__total: 0.0393693782389164

