Clock: sys_clk
Sources: sys_clk_i 
Generated: no
Virtual: no
Propagated: no
Period: 20.000000

===========================================================================
report_clock_properties
============================================================================
Clock                   Period          Waveform
----------------------------------------------------
sys_clk              20.000000    0.000000 10.000000

===========================================================================
report_clock_latency
============================================================================
Clock sys_clk
rise -> rise
    min     max
0.000000 0.000000 source latency
1.815066         network latency _1896_/CLK
        1.820711 network latency _1979_/CLK
---------------
1.815066 1.820711 latency
        0.005645 skew

fall -> fall
    min     max
0.000000 0.000000 source latency
1.792569         network latency _1896_/CLK
        1.798509 network latency _1979_/CLK
---------------
1.792569 1.798509 latency
        0.005940 skew



===========================================================================
report_clock_min_period
============================================================================
sys_clk period_min = 11.65 fmax = 85.85
Clock: periph_clk
Sources: periph_clk_i 
Generated: no
Virtual: no
Propagated: no
Period: 20.000000

===========================================================================
report_clock_properties
============================================================================
Clock                   Period          Waveform
----------------------------------------------------
periph_clk           20.000000    0.000000 10.000000

===========================================================================
report_clock_latency
============================================================================
Clock periph_clk
rise -> rise
    min     max
0.000000 0.000000 source latency
1.809814         network latency _1856_/CLK
        1.815502 network latency _1932_/CLK
---------------
1.809814 1.815502 latency
        0.005688 skew

fall -> fall
    min     max
0.000000 0.000000 source latency
1.787043         network latency _1856_/CLK
        1.793028 network latency _1932_/CLK
---------------
1.787043 1.793028 latency
        0.005985 skew



===========================================================================
report_clock_min_period
============================================================================
periph_clk period_min = 12.37 fmax = 80.83
