
===========================================================================
 report_power
============================================================================
======================= max_ss_125C_4v50 Corner ===================================

Group                    Internal    Switching      Leakage        Total
                            Power        Power        Power        Power (Watts)
------------------------------------------------------------------------
Sequential           9.936237e-03 7.031033e-04 4.221912e-07 1.063976e-02  36.0%
Combinational        3.895269e-03 2.527115e-03 9.723584e-07 6.423356e-03  21.7%
Clock                9.650975e-03 2.853667e-03 7.045211e-07 1.250535e-02  42.3%
Macro                0.000000e+00 0.000000e+00 0.000000e+00 0.000000e+00   0.0%
Pad                  0.000000e+00 0.000000e+00 0.000000e+00 0.000000e+00   0.0%
------------------------------------------------------------------------
Total                2.348247e-02 6.083882e-03 2.099072e-06 2.956845e-02 100.0%
                            79.4%        20.6%         0.0%
Writing metric power__internal__total: 0.023482466116547585
Writing metric power__switching__total: 0.006083882413804531
Writing metric power__leakage__total: 2.0990721623093123e-6
Writing metric power__total: 0.029568446800112724

