
===========================================================================
Violator List
============================================================================
[setup in-reg] cfg_addr_i[2] -> _1968_/D : -3.361585
[setup in-reg] cfg_addr_i[2] -> _1974_/D : -3.361130
[setup in-reg] cfg_addr_i[2] -> _1972_/D : -3.360640
[setup in-reg] cfg_addr_i[2] -> _1963_/D : -3.360487
[setup in-reg] cfg_addr_i[2] -> _1973_/D : -3.359267
[setup in-reg] cfg_addr_i[2] -> _1967_/D : -2.628797
[setup in-reg] cfg_addr_i[2] -> _1966_/D : -2.628234
[setup in-reg] cfg_addr_i[2] -> _1970_/D : -2.627770
[setup in-reg] cfg_addr_i[2] -> _1969_/D : -2.627738
[setup in-reg] cfg_addr_i[2] -> _1965_/D : -2.627609
[setup in-out] cfg_addr_i[2] -> cfg_data_o[24] : -1.924663
[setup in-out] cfg_addr_i[2] -> cfg_data_o[22] : -1.924395
[setup in-out] cfg_addr_i[2] -> cfg_data_o[25] : -1.920297
[setup in-out] cfg_addr_i[2] -> cfg_data_o[19] : -1.918842
[setup in-out] cfg_addr_i[2] -> cfg_data_o[27] : -1.916932
[setup in-out] cfg_addr_i[2] -> cfg_data_o[26] : -1.914620
[setup in-out] cfg_addr_i[2] -> cfg_data_o[20] : -1.913929
[setup in-out] cfg_addr_i[2] -> cfg_data_o[23] : -1.913900
[setup in-out] cfg_addr_i[2] -> cfg_data_o[21] : -1.912428
[setup in-out] cfg_addr_i[2] -> cfg_data_o[16] : -1.910660
[setup in-out] cfg_rwn_i -> cfg_data_o[8] : -1.891300
[setup in-out] cfg_rwn_i -> cfg_data_o[3] : -1.876117
[setup in-out] cfg_rwn_i -> cfg_data_o[7] : -1.867180
[setup in-out] cfg_rwn_i -> cfg_data_o[6] : -1.865516
[setup in-out] cfg_addr_i[2] -> cfg_data_o[5] : -1.778641
[setup in-out] cfg_addr_i[2] -> cfg_data_o[1] : -1.681061
[setup in-out] cfg_rwn_i -> cfg_data_o[2] : -1.560739
[setup in-out] cfg_rwn_i -> cfg_data_o[0] : -1.539151
[setup in-out] cfg_rwn_i -> cfg_data_o[4] : -1.535234
[setup in-out] cfg_rwn_i -> cfg_data_o[9] : -1.504059
[setup in-out] cfg_rwn_i -> cfg_data_o[10] : -1.442338
[setup in-out] cfg_rwn_i -> cfg_data_o[11] : -1.434092
[setup in-out] cfg_rwn_i -> cfg_data_o[14] : -1.016220
[setup in-out] cfg_rwn_i -> cfg_data_o[15] : -1.014600
[setup in-out] cfg_rwn_i -> cfg_data_o[13] : -1.011733
[setup in-out] cfg_rwn_i -> cfg_data_o[12] : -1.008518
[setup in-out] cfg_rwn_i -> cfg_data_o[18] : -0.448694
[setup in-out] cfg_rwn_i -> cfg_data_o[28] : -0.161402
[setup in-out] cfg_rwn_i -> cfg_data_o[30] : -0.159067
[setup in-out] cfg_rwn_i -> cfg_data_o[29] : -0.150795
[setup in-out] cfg_rwn_i -> cfg_data_o[31] : -0.150775
Writing metric timing__hold_vio__count__corner:max_ss_125C_4v50: 0
Writing metric timing__hold_r2r__ws__corner:max_ss_125C_4v50: 0.780365
Writing metric timing__hold_r2r_vio__count__corner:max_ss_125C_4v50: 0
Writing metric timing__setup_vio__count__corner:max_ss_125C_4v50: 41
Writing metric timing__setup_r2r__ws__corner:max_ss_125C_4v50: 7.628332
Writing metric timing__setup_r2r_vio__count__corner:max_ss_125C_4v50: 0
