Clock: clk_i
Sources: clk_i 
Generated: no
Virtual: yes
Propagated: no
Period: 20.000000

===========================================================================
report_clock_properties
============================================================================
Clock                   Period          Waveform
----------------------------------------------------
clk_i                20.000000    0.000000 10.000000

===========================================================================
report_clock_latency
============================================================================
Clock clk_i
rise -> rise
    min     max
0.000000 0.000000 source latency
0.415935         network latency _372_/CLK
        0.422219 network latency _390_/CLK
---------------
0.415935 0.422219 latency
        0.006284 skew

fall -> fall
    min     max
0.000000 0.000000 source latency
0.383576         network latency _372_/CLK
        0.390154 network latency _390_/CLK
---------------
0.383576 0.390154 latency
        0.006578 skew



===========================================================================
report_clock_min_period
============================================================================
clk_i period_min = 3.93 fmax = 254.29
