
===========================================================================
report_checks -unconstrained
===========================================================================
======================= nom_ss_125C_4v50 Corner ===================================

Startpoint: _2030_ (rising edge-triggered flip-flop clocked by sys_clk)
Endpoint: _2067_ (recovery check against rising-edge clock sys_clk)
Path Group: asynchronous
Path Type: max

Fanout         Cap        Slew       Delay        Time   Description
---------------------------------------------------------------------------------------------
                                  0.000000    0.000000   clock sys_clk (rise edge)
                                  0.000000    0.000000   clock source latency
     1    0.061424    0.475921    0.247519    0.247519 ^ sys_clk_i (in)
                                                         sys_clk_i (net)
                      0.475982    0.000000    0.247519 ^ clkbuf_0_sys_clk_i/I (gf180mcu_fd_sc_mcu7t5v0__clkbuf_20)
    16    0.161411    0.327465    0.592138    0.839657 ^ clkbuf_0_sys_clk_i/Z (gf180mcu_fd_sc_mcu7t5v0__clkbuf_20)
                                                         clknet_0_sys_clk_i (net)
                      0.327522    0.006989    0.846646 ^ clkbuf_4_7_0_sys_clk_i/I (gf180mcu_fd_sc_mcu7t5v0__clkbuf_2)
     2    0.061529    0.901704    0.892848    1.739494 ^ clkbuf_4_7_0_sys_clk_i/Z (gf180mcu_fd_sc_mcu7t5v0__clkbuf_2)
                                                         clknet_4_7_0_sys_clk_i (net)
                      0.901710    0.001296    1.740789 ^ clkbuf_5_14__f_sys_clk_i/I (gf180mcu_fd_sc_mcu7t5v0__clkbuf_20)
     6    0.043884    0.200004    0.564029    2.304819 ^ clkbuf_5_14__f_sys_clk_i/Z (gf180mcu_fd_sc_mcu7t5v0__clkbuf_20)
                                                         clknet_5_14__leaf_sys_clk_i (net)
                      0.200005    0.001094    2.305912 ^ _2030_/CLK (gf180mcu_fd_sc_mcu7t5v0__dffrnq_1)
     2    0.024568    0.479668    1.515301    3.821213 v _2030_/Q (gf180mcu_fd_sc_mcu7t5v0__dffrnq_1)
                                                         s_uart_rx_clean_fifo (net)
                      0.479674    0.001108    3.822321 v _0923_/A2 (gf180mcu_fd_sc_mcu7t5v0__nor2_1)
     2    0.017994    1.189835    0.807577    4.629898 ^ _0923_/ZN (gf180mcu_fd_sc_mcu7t5v0__nor2_1)
                                                         u_dc_fifo_rx.dst_rstn_i (net)
                      1.189835    0.000228    4.630126 ^ fanout331/I (gf180mcu_fd_sc_mcu7t5v0__dlyb_1)
     8    0.076299    2.167107    2.894456    7.524582 ^ fanout331/Z (gf180mcu_fd_sc_mcu7t5v0__dlyb_1)
                                                         net331 (net)
                      2.167118    0.002827    7.527409 ^ fanout329/I (gf180mcu_fd_sc_mcu7t5v0__buf_1)
     3    0.027538    0.855139    0.872584    8.399993 ^ fanout329/Z (gf180mcu_fd_sc_mcu7t5v0__buf_1)
                                                         net329 (net)
                      0.855139    0.000501    8.400494 ^ max_cap502/I (gf180mcu_fd_sc_mcu7t5v0__buf_2)
     8    0.071987    1.042003    0.915583    9.316077 ^ max_cap502/Z (gf180mcu_fd_sc_mcu7t5v0__buf_2)
                                                         net502 (net)
                      1.042012    0.001722    9.317800 ^ _2067_/SETN (gf180mcu_fd_sc_mcu7t5v0__dffsnq_1)
                                              9.317800   data arrival time

                                 20.000000   20.000000   clock sys_clk (rise edge)
                                  0.000000   20.000000   clock source latency
     1    0.061424    0.475921    0.247519   20.247520 ^ sys_clk_i (in)
                                                         sys_clk_i (net)
                      0.475982    0.000000   20.247520 ^ clkbuf_0_sys_clk_i/I (gf180mcu_fd_sc_mcu7t5v0__clkbuf_20)
    16    0.161411    0.327465    0.592138   20.839657 ^ clkbuf_0_sys_clk_i/Z (gf180mcu_fd_sc_mcu7t5v0__clkbuf_20)
                                                         clknet_0_sys_clk_i (net)
                      0.327539    0.007882   20.847540 ^ clkbuf_4_4_0_sys_clk_i/I (gf180mcu_fd_sc_mcu7t5v0__clkbuf_2)
     2    0.059558    0.875301    0.877376   21.724916 ^ clkbuf_4_4_0_sys_clk_i/Z (gf180mcu_fd_sc_mcu7t5v0__clkbuf_2)
                                                         clknet_4_4_0_sys_clk_i (net)
                      0.875310    0.001593   21.726509 ^ clkbuf_5_8__f_sys_clk_i/I (gf180mcu_fd_sc_mcu7t5v0__clkbuf_20)
     6    0.028148    0.179070    0.542769   22.269279 ^ clkbuf_5_8__f_sys_clk_i/Z (gf180mcu_fd_sc_mcu7t5v0__clkbuf_20)
                                                         clknet_5_8__leaf_sys_clk_i (net)
                      0.179070    0.000037   22.269316 ^ _2067_/CLK (gf180mcu_fd_sc_mcu7t5v0__dffsnq_1)
                                 -0.250000   22.019318   clock uncertainty
                                  0.000000   22.019318   clock reconvergence pessimism
                                 -0.111133   21.908184   library recovery time
                                             21.908184   data required time
---------------------------------------------------------------------------------------------
                                             21.908184   data required time
                                             -9.317800   data arrival time
---------------------------------------------------------------------------------------------
                                             12.590385   slack (MET)


Startpoint: _2019_ (rising edge-triggered flip-flop clocked by periph_clk)
Endpoint: _2010_ (rising edge-triggered flip-flop clocked by periph_clk)
Path Group: periph_clk
Path Type: max

Fanout         Cap        Slew       Delay        Time   Description
---------------------------------------------------------------------------------------------
                                  0.000000    0.000000   clock periph_clk (rise edge)
                                  0.000000    0.000000   clock source latency
     1    0.055473    0.436215    0.223337    0.223337 ^ periph_clk_i (in)
                                                         periph_clk_i (net)
                      0.436230    0.000000    0.223337 ^ clkbuf_0_periph_clk_i/I (gf180mcu_fd_sc_mcu7t5v0__clkbuf_20)
    16    0.137120    0.297371    0.564504    0.787842 ^ clkbuf_0_periph_clk_i/Z (gf180mcu_fd_sc_mcu7t5v0__clkbuf_20)
                                                         clknet_0_periph_clk_i (net)
                      0.297377    0.002751    0.790593 ^ clkbuf_4_3_0_periph_clk_i/I (gf180mcu_fd_sc_mcu7t5v0__clkbuf_2)
     2    0.060739    0.890868    0.879636    1.670229 ^ clkbuf_4_3_0_periph_clk_i/Z (gf180mcu_fd_sc_mcu7t5v0__clkbuf_2)
                                                         clknet_4_3_0_periph_clk_i (net)
                      0.890885    0.002146    1.672375 ^ clkbuf_5_7__f_periph_clk_i/I (gf180mcu_fd_sc_mcu7t5v0__clkbuf_20)
     5    0.027887    0.179348    0.544988    2.217362 ^ clkbuf_5_7__f_periph_clk_i/Z (gf180mcu_fd_sc_mcu7t5v0__clkbuf_20)
                                                         clknet_5_7__leaf_periph_clk_i (net)
                      0.179348    0.000491    2.217853 ^ _2019_/CLK (gf180mcu_fd_sc_mcu7t5v0__dffrnq_1)
     3    0.021278    0.728859    1.969633    4.187486 ^ _2019_/Q (gf180mcu_fd_sc_mcu7t5v0__dffrnq_1)
                                                         r_uart_en_rx_sync[2] (net)
                      0.728859    0.000538    4.188024 ^ _0911_/I (gf180mcu_fd_sc_mcu7t5v0__clkinv_1)
     5    0.035255    1.021583    0.806575    4.994599 v _0911_/ZN (gf180mcu_fd_sc_mcu7t5v0__clkinv_1)
                                                         _0706_ (net)
                      1.021583    0.000380    4.994979 v _1739_/B2 (gf180mcu_fd_sc_mcu7t5v0__aoi22_1)
     1    0.006481    0.856630    0.796074    5.791054 ^ _1739_/ZN (gf180mcu_fd_sc_mcu7t5v0__aoi22_1)
                                                         _0642_ (net)
                      0.856630    0.000148    5.791202 ^ fanout311/I (gf180mcu_fd_sc_mcu7t5v0__dlyb_1)
     7    0.078189    2.218291    2.914084    8.705286 ^ fanout311/Z (gf180mcu_fd_sc_mcu7t5v0__dlyb_1)
                                                         net311 (net)
                      2.218291    0.001865    8.707150 ^ fanout310/I (gf180mcu_fd_sc_mcu7t5v0__buf_1)
     4    0.046758    1.366765    1.168655    9.875806 ^ fanout310/Z (gf180mcu_fd_sc_mcu7t5v0__buf_1)
                                                         net310 (net)
                      1.366765    0.000686    9.876492 ^ max_cap497/I (gf180mcu_fd_sc_mcu7t5v0__buf_2)
     6    0.060694    0.892028    0.857178   10.733670 ^ max_cap497/Z (gf180mcu_fd_sc_mcu7t5v0__buf_2)
                                                         net497 (net)
                      0.892045    0.002186   10.735856 ^ fanout309/I (gf180mcu_fd_sc_mcu7t5v0__dlyb_1)
     7    0.050843    1.482155    2.491132   13.226988 ^ fanout309/Z (gf180mcu_fd_sc_mcu7t5v0__dlyb_1)
                                                         net309 (net)
                      1.482160    0.001639   13.228626 ^ fanout308/I (gf180mcu_fd_sc_mcu7t5v0__dlyb_1)
    10    0.075586    2.147435    2.884009   16.112635 ^ fanout308/Z (gf180mcu_fd_sc_mcu7t5v0__dlyb_1)
                                                         net308 (net)
                      2.147435    0.001691   16.114326 ^ _1760_/A2 (gf180mcu_fd_sc_mcu7t5v0__nor2_1)
     1    0.010934    0.804758    0.528658   16.642984 v _1760_/ZN (gf180mcu_fd_sc_mcu7t5v0__nor2_1)
                                                         _0650_ (net)
                      0.804758    0.000238   16.643223 v _1761_/B (gf180mcu_fd_sc_mcu7t5v0__aoi21_1)
     1    0.004198    0.656880    0.574506   17.217728 ^ _1761_/ZN (gf180mcu_fd_sc_mcu7t5v0__aoi21_1)
                                                         _0284_ (net)
                      0.656880    0.000080   17.217808 ^ _2010_/D (gf180mcu_fd_sc_mcu7t5v0__dffrnq_1)
                                             17.217808   data arrival time

                                 20.000000   20.000000   clock periph_clk (rise edge)
                                  0.000000   20.000000   clock source latency
     1    0.055473    0.436215    0.223338   20.223339 ^ periph_clk_i (in)
                                                         periph_clk_i (net)
                      0.436230    0.000000   20.223339 ^ clkbuf_0_periph_clk_i/I (gf180mcu_fd_sc_mcu7t5v0__clkbuf_20)
    16    0.137120    0.297371    0.564503   20.787842 ^ clkbuf_0_periph_clk_i/Z (gf180mcu_fd_sc_mcu7t5v0__clkbuf_20)
                                                         clknet_0_periph_clk_i (net)
                      0.297376    0.002478   20.790319 ^ clkbuf_4_14_0_periph_clk_i/I (gf180mcu_fd_sc_mcu7t5v0__clkbuf_2)
     2    0.060046    0.881865    0.874673   21.664991 ^ clkbuf_4_14_0_periph_clk_i/Z (gf180mcu_fd_sc_mcu7t5v0__clkbuf_2)
                                                         clknet_4_14_0_periph_clk_i (net)
                      0.881870    0.001211   21.666204 ^ clkbuf_5_28__f_periph_clk_i/I (gf180mcu_fd_sc_mcu7t5v0__clkbuf_20)
     5    0.034693    0.188250    0.551863   22.218067 ^ clkbuf_5_28__f_periph_clk_i/Z (gf180mcu_fd_sc_mcu7t5v0__clkbuf_20)
                                                         clknet_5_28__leaf_periph_clk_i (net)
                      0.188251    0.000792   22.218859 ^ _2010_/CLK (gf180mcu_fd_sc_mcu7t5v0__dffrnq_1)
                                 -0.250000   21.968859   clock uncertainty
                                  0.000000   21.968859   clock reconvergence pessimism
                                 -0.681906   21.286953   library setup time
                                             21.286953   data required time
---------------------------------------------------------------------------------------------
                                             21.286953   data required time
                                            -17.217808   data arrival time
---------------------------------------------------------------------------------------------
                                              4.069145   slack (MET)


Startpoint: cfg_rwn_i (input port clocked by sys_clk)
Endpoint: cfg_data_o[23] (output port clocked by sys_clk)
Path Group: sys_clk
Path Type: max

Fanout         Cap        Slew       Delay        Time   Description
---------------------------------------------------------------------------------------------
                                  0.000000    0.000000   clock sys_clk (rise edge)
                                  0.000000    0.000000   clock network delay (propagated)
                                  2.000000    2.000000 v input external delay
     1    0.009450    0.198594    0.092546    2.092546 v cfg_rwn_i (in)
                                                         cfg_rwn_i (net)
                      0.198594    0.000000    2.092546 v input38/I (gf180mcu_fd_sc_mcu7t5v0__dlyb_1)
     8    0.059679    1.197087    2.604538    4.697084 v input38/Z (gf180mcu_fd_sc_mcu7t5v0__dlyb_1)
                                                         net38 (net)
                      1.197369    0.002703    4.699787 v _1085_/A1 (gf180mcu_fd_sc_mcu7t5v0__nand3_1)
     5    0.024380    1.139467    0.963881    5.663667 ^ _1085_/ZN (gf180mcu_fd_sc_mcu7t5v0__nand3_1)
                                                         _0291_ (net)
                      1.139467    0.000426    5.664093 ^ _1086_/A2 (gf180mcu_fd_sc_mcu7t5v0__nor2_1)
     4    0.019749    0.823943    0.624841    6.288934 v _1086_/ZN (gf180mcu_fd_sc_mcu7t5v0__nor2_1)
                                                         _0292_ (net)
                      0.823943    0.000117    6.289051 v _1087_/A2 (gf180mcu_fd_sc_mcu7t5v0__and2_1)
     1    0.010848    0.307472    0.752138    7.041188 v _1087_/Z (gf180mcu_fd_sc_mcu7t5v0__and2_1)
                                                         _0293_ (net)
                      0.307472    0.000329    7.041517 v fanout322/I (gf180mcu_fd_sc_mcu7t5v0__dlyb_1)
    10    0.141609    2.391796    3.479621   10.521138 v fanout322/Z (gf180mcu_fd_sc_mcu7t5v0__dlyb_1)
                                                         net322 (net)
                      2.391818    0.004147   10.525285 v fanout321/I (gf180mcu_fd_sc_mcu7t5v0__dlyb_1)
     7    0.051388    1.077420    3.258001   13.783286 v fanout321/Z (gf180mcu_fd_sc_mcu7t5v0__dlyb_1)
                                                         net321 (net)
                      1.077420    0.000937   13.784223 v fanout320/I (gf180mcu_fd_sc_mcu7t5v0__dlyb_1)
    10    0.057992    1.172677    2.903847   16.688070 v fanout320/Z (gf180mcu_fd_sc_mcu7t5v0__dlyb_1)
                                                         net320 (net)
                      1.172677    0.000334   16.688404 v _1095_/A2 (gf180mcu_fd_sc_mcu7t5v0__and2_1)
     1    0.023718    0.494395    1.000227   17.688631 v _1095_/Z (gf180mcu_fd_sc_mcu7t5v0__and2_1)
                                                         net128 (net)
                      0.494395    0.001188   17.689819 v output128/I (gf180mcu_fd_sc_mcu7t5v0__buf_1)
     1    0.005916    0.220706    0.556515   18.246334 v output128/Z (gf180mcu_fd_sc_mcu7t5v0__buf_1)
                                                         net278 (net)
                      0.220706    0.000057   18.246391 v wire278/I (gf180mcu_fd_sc_mcu7t5v0__clkbuf_3)
     1    0.074161    0.596875    0.741753   18.988146 v wire278/Z (gf180mcu_fd_sc_mcu7t5v0__clkbuf_3)
                                                         cfg_data_o[23] (net)
                      0.596880    0.000979   18.989124 v cfg_data_o[23] (out)
                                             18.989124   data arrival time

                                 20.000000   20.000000   clock sys_clk (rise edge)
                                  0.000000   20.000000   clock network delay (propagated)
                                 -0.250000   19.750002   clock uncertainty
                                  0.000000   19.750002   clock reconvergence pessimism
                                 -2.000000   17.750002   output external delay
                                             17.750002   data required time
---------------------------------------------------------------------------------------------
                                             17.750002   data required time
                                            -18.989124   data arrival time
---------------------------------------------------------------------------------------------
                                             -1.239123   slack (VIOLATED)




===========================================================================
report_checks --slack_max -0.01
============================================================================
======================= nom_ss_125C_4v50 Corner ===================================

Startpoint: cfg_rwn_i (input port clocked by sys_clk)
Endpoint: cfg_data_o[23] (output port clocked by sys_clk)
Path Group: sys_clk
Path Type: max

Fanout         Cap        Slew       Delay        Time   Description
---------------------------------------------------------------------------------------------
                                  0.000000    0.000000   clock sys_clk (rise edge)
                                  0.000000    0.000000   clock network delay (propagated)
                                  2.000000    2.000000 v input external delay
     1    0.009450    0.198594    0.092546    2.092546 v cfg_rwn_i (in)
                                                         cfg_rwn_i (net)
                      0.198594    0.000000    2.092546 v input38/I (gf180mcu_fd_sc_mcu7t5v0__dlyb_1)
     8    0.059679    1.197087    2.604538    4.697084 v input38/Z (gf180mcu_fd_sc_mcu7t5v0__dlyb_1)
                                                         net38 (net)
                      1.197369    0.002703    4.699787 v _1085_/A1 (gf180mcu_fd_sc_mcu7t5v0__nand3_1)
     5    0.024380    1.139467    0.963881    5.663667 ^ _1085_/ZN (gf180mcu_fd_sc_mcu7t5v0__nand3_1)
                                                         _0291_ (net)
                      1.139467    0.000426    5.664093 ^ _1086_/A2 (gf180mcu_fd_sc_mcu7t5v0__nor2_1)
     4    0.019749    0.823943    0.624841    6.288934 v _1086_/ZN (gf180mcu_fd_sc_mcu7t5v0__nor2_1)
                                                         _0292_ (net)
                      0.823943    0.000117    6.289051 v _1087_/A2 (gf180mcu_fd_sc_mcu7t5v0__and2_1)
     1    0.010848    0.307472    0.752138    7.041188 v _1087_/Z (gf180mcu_fd_sc_mcu7t5v0__and2_1)
                                                         _0293_ (net)
                      0.307472    0.000329    7.041517 v fanout322/I (gf180mcu_fd_sc_mcu7t5v0__dlyb_1)
    10    0.141609    2.391796    3.479621   10.521138 v fanout322/Z (gf180mcu_fd_sc_mcu7t5v0__dlyb_1)
                                                         net322 (net)
                      2.391818    0.004147   10.525285 v fanout321/I (gf180mcu_fd_sc_mcu7t5v0__dlyb_1)
     7    0.051388    1.077420    3.258001   13.783286 v fanout321/Z (gf180mcu_fd_sc_mcu7t5v0__dlyb_1)
                                                         net321 (net)
                      1.077420    0.000937   13.784223 v fanout320/I (gf180mcu_fd_sc_mcu7t5v0__dlyb_1)
    10    0.057992    1.172677    2.903847   16.688070 v fanout320/Z (gf180mcu_fd_sc_mcu7t5v0__dlyb_1)
                                                         net320 (net)
                      1.172677    0.000334   16.688404 v _1095_/A2 (gf180mcu_fd_sc_mcu7t5v0__and2_1)
     1    0.023718    0.494395    1.000227   17.688631 v _1095_/Z (gf180mcu_fd_sc_mcu7t5v0__and2_1)
                                                         net128 (net)
                      0.494395    0.001188   17.689819 v output128/I (gf180mcu_fd_sc_mcu7t5v0__buf_1)
     1    0.005916    0.220706    0.556515   18.246334 v output128/Z (gf180mcu_fd_sc_mcu7t5v0__buf_1)
                                                         net278 (net)
                      0.220706    0.000057   18.246391 v wire278/I (gf180mcu_fd_sc_mcu7t5v0__clkbuf_3)
     1    0.074161    0.596875    0.741753   18.988146 v wire278/Z (gf180mcu_fd_sc_mcu7t5v0__clkbuf_3)
                                                         cfg_data_o[23] (net)
                      0.596880    0.000979   18.989124 v cfg_data_o[23] (out)
                                             18.989124   data arrival time

                                 20.000000   20.000000   clock sys_clk (rise edge)
                                  0.000000   20.000000   clock network delay (propagated)
                                 -0.250000   19.750002   clock uncertainty
                                  0.000000   19.750002   clock reconvergence pessimism
                                 -2.000000   17.750002   output external delay
                                             17.750002   data required time
---------------------------------------------------------------------------------------------
                                             17.750002   data required time
                                            -18.989124   data arrival time
---------------------------------------------------------------------------------------------
                                             -1.239123   slack (VIOLATED)




===========================================================================
 report_check_types -max_slew -max_cap -max_fanout -violators
============================================================================
======================= nom_ss_125C_4v50 Corner ===================================

max slew

Pin                                        Limit        Slew       Slack
------------------------------------------------------------------------
_1214_/ZN                               3.000000    5.015874   -2.015874 (VIOLATED)
fanout318/I                             3.000000    5.015874   -2.015874 (VIOLATED)
wire319/I                               3.000000    5.015874   -2.015874 (VIOLATED)
ANTENNA_2/I                             3.000000    3.936458   -0.936458 (VIOLATED)
fanout321/I                             3.000000    3.936458   -0.936458 (VIOLATED)
_1225_/A2                               3.000000    3.936445   -0.936445 (VIOLATED)
_1232_/A2                               3.000000    3.936445   -0.936445 (VIOLATED)
_1236_/A2                               3.000000    3.936445   -0.936445 (VIOLATED)
_1238_/A2                               3.000000    3.936445   -0.936445 (VIOLATED)
_1243_/A2                               3.000000    3.936445   -0.936445 (VIOLATED)
_1249_/A2                               3.000000    3.936445   -0.936445 (VIOLATED)
_1259_/A2                               3.000000    3.936445   -0.936445 (VIOLATED)
_1262_/A2                               3.000000    3.936445   -0.936445 (VIOLATED)
fanout322/Z                             3.000000    3.936445   -0.936445 (VIOLATED)
_1209_/ZN                               3.000000    3.763725   -0.763725 (VIOLATED)
_1227_/A2                               3.000000    3.763725   -0.763725 (VIOLATED)
_1241_/A2                               3.000000    3.763725   -0.763725 (VIOLATED)
_1248_/A2                               3.000000    3.763725   -0.763725 (VIOLATED)
_1211_/ZN                               3.000000    3.731231   -0.731232 (VIOLATED)
_1223_/A2                               3.000000    3.731231   -0.731232 (VIOLATED)
_1244_/A2                               3.000000    3.731231   -0.731232 (VIOLATED)
_1248_/B1                               3.000000    3.731231   -0.731232 (VIOLATED)
_1264_/B1                               3.000000    3.548683   -0.548683 (VIOLATED)
_1267_/B1                               3.000000    3.548681   -0.548681 (VIOLATED)
_1218_/ZN                               3.000000    3.548660   -0.548660 (VIOLATED)
fanout313/I                             3.000000    3.548660   -0.548660 (VIOLATED)
_1232_/ZN                               3.000000    3.438059   -0.438059 (VIOLATED)
_1234_/A2                               3.000000    3.438059   -0.438059 (VIOLATED)
_1238_/C1                               3.000000    3.131404   -0.131404 (VIOLATED)
_1252_/B1                               3.000000    3.131403   -0.131403 (VIOLATED)
_1235_/C1                               3.000000    3.131400   -0.131400 (VIOLATED)
_1233_/C1                               3.000000    3.131389   -0.131390 (VIOLATED)
_1247_/B1                               3.000000    3.131374   -0.131374 (VIOLATED)
_1244_/C1                               3.000000    3.131372   -0.131372 (VIOLATED)
_1255_/B1                               3.000000    3.131358   -0.131358 (VIOLATED)
_1226_/A2                               3.000000    3.131318   -0.131319 (VIOLATED)
_1258_/B1                               3.000000    3.131318   -0.131319 (VIOLATED)
_1261_/B1                               3.000000    3.131318   -0.131319 (VIOLATED)
fanout313/Z                             3.000000    3.131318   -0.131319 (VIOLATED)
_1238_/B1                               3.000000    3.118841   -0.118841 (VIOLATED)
_1235_/A2                               3.000000    3.118838   -0.118838 (VIOLATED)
_1253_/B1                               3.000000    3.118838   -0.118838 (VIOLATED)
_1233_/A2                               3.000000    3.118837   -0.118837 (VIOLATED)
_1244_/B1                               3.000000    3.118829   -0.118830 (VIOLATED)
_1247_/A2                               3.000000    3.118828   -0.118828 (VIOLATED)
_1223_/B1                               3.000000    3.118816   -0.118816 (VIOLATED)
_1256_/B1                               3.000000    3.118816   -0.118816 (VIOLATED)
_1259_/B1                               3.000000    3.118816   -0.118816 (VIOLATED)
_1262_/B1                               3.000000    3.118816   -0.118816 (VIOLATED)
fanout318/Z                             3.000000    3.118816   -0.118816 (VIOLATED)
_1253_/A2                               3.000000    3.082306   -0.082306 (VIOLATED)
_1239_/A2                               3.000000    3.082302   -0.082302 (VIOLATED)
_1236_/C1                               3.000000    3.082298   -0.082298 (VIOLATED)
_1249_/B1                               3.000000    3.082284   -0.082284 (VIOLATED)
_1242_/A2                               3.000000    3.082278   -0.082278 (VIOLATED)
_1231_/A2                               3.000000    3.082255   -0.082256 (VIOLATED)
_1225_/B1                               3.000000    3.082244   -0.082244 (VIOLATED)
_1207_/Z                                3.000000    3.082232   -0.082232 (VIOLATED)
_1256_/A2                               3.000000    3.082232   -0.082232 (VIOLATED)
_1348_/A1                               3.000000    3.082232   -0.082232 (VIOLATED)
_1350_/A1                               3.000000    3.082232   -0.082232 (VIOLATED)
_1287_/ZN                               3.000000    3.055894   -0.055894 (VIOLATED)
_1288_/A2                               3.000000    3.055894   -0.055894 (VIOLATED)
_1294_/A2                               3.000000    3.055894   -0.055894 (VIOLATED)
_1297_/A2                               3.000000    3.055894   -0.055894 (VIOLATED)
_1300_/A2                               3.000000    3.055894   -0.055894 (VIOLATED)
_1303_/A2                               3.000000    3.055894   -0.055894 (VIOLATED)
_1306_/A2                               3.000000    3.055894   -0.055894 (VIOLATED)
_1309_/A2                               3.000000    3.055894   -0.055894 (VIOLATED)
_1312_/A2                               3.000000    3.055894   -0.055894 (VIOLATED)
_1961_/RN                               3.000000    3.040481   -0.040481 (VIOLATED)
_1959_/RN                               3.000000    3.040476   -0.040476 (VIOLATED)
_1963_/RN                               3.000000    3.040474   -0.040474 (VIOLATED)
_1960_/RN                               3.000000    3.040473   -0.040473 (VIOLATED)
_1971_/SETN                             3.000000    3.040459   -0.040459 (VIOLATED)
_1970_/SETN                             3.000000    3.040453   -0.040453 (VIOLATED)
_2096_/RN                               3.000000    3.040431   -0.040431 (VIOLATED)
fanout417/I                             3.000000    3.040431   -0.040431 (VIOLATED)
fanout418/I                             3.000000    3.040431   -0.040431 (VIOLATED)
fanout420/I                             3.000000    3.040431   -0.040431 (VIOLATED)
fanout421/Z                             3.000000    3.040431   -0.040431 (VIOLATED)
_1197_/S1                               3.000000    3.019647   -0.019647 (VIOLATED)
_1198_/S1                               3.000000    3.019644   -0.019645 (VIOLATED)
_1201_/S1                               3.000000    3.019641   -0.019641 (VIOLATED)
_1196_/S1                               3.000000    3.019637   -0.019637 (VIOLATED)
_1202_/S1                               3.000000    3.019636   -0.019637 (VIOLATED)
_1199_/S1                               3.000000    3.019634   -0.019634 (VIOLATED)
_1200_/S1                               3.000000    3.019633   -0.019633 (VIOLATED)
_1195_/S1                               3.000000    3.019631   -0.019631 (VIOLATED)
_1011_/ZN                               3.000000    3.019618   -0.019618 (VIOLATED)
_1015_/A2                               3.000000    3.019618   -0.019618 (VIOLATED)

max fanout

Pin                                   Limit Fanout  Slack
---------------------------------------------------------
clkbuf_0_periph_clk_i/Z                  10     16     -6 (VIOLATED)
clkbuf_0_sys_clk_i/Z                     10     16     -6 (VIOLATED)



===========================================================================
report_parasitic_annotation -report_unannotated
============================================================================
Found 45 unannotated drivers.
 data_tx_i[10]
 data_tx_i[11]
 data_tx_i[12]
 data_tx_i[13]
 data_tx_i[14]
 data_tx_i[15]
 data_tx_i[16]
 data_tx_i[17]
 data_tx_i[18]
 data_tx_i[19]
 data_tx_i[20]
 data_tx_i[21]
 data_tx_i[22]
 data_tx_i[23]
 data_tx_i[24]
 data_tx_i[25]
 data_tx_i[26]
 data_tx_i[27]
 data_tx_i[28]
 data_tx_i[29]
 data_tx_i[30]
 data_tx_i[31]
 data_tx_i[8]
 data_tx_i[9]
 clkload0/Z
 clkload1/Z
 clkload10/Z
 clkload11/Z
 clkload12/Z
 clkload13/Z
 clkload14/Z
 clkload15/Z
 clkload16/Z
 clkload17/Z
 clkload18/Z
 clkload19/Z
 clkload2/Z
 clkload20/Z
 clkload3/Z
 clkload4/Z
 clkload5/Z
 clkload6/Z
 clkload7/Z
 clkload8/Z
 clkload9/Z
Found 0 partially unannotated drivers.

===========================================================================
max slew violation count 91
max fanout violation count 2
max cap violation count 0
============================================================================

===========================================================================
check_setup -verbose -unconstrained_endpoints -multiple_clock -no_clock -no_input_delay -loops -generated_clocks
===========================================================================
Warning: There is 1 input port missing set_input_delay.
  rstn_i
