Clock: sys_clk
Sources: sys_clk_i 
Generated: no
Virtual: yes
Propagated: no
Period: 20.000000

===========================================================================
report_clock_properties
============================================================================
Clock                   Period          Waveform
----------------------------------------------------
sys_clk              20.000000    0.000000 10.000000

===========================================================================
report_clock_latency
============================================================================
Clock sys_clk
rise -> rise
    min     max
0.000000 0.000000 source latency
2.269316         network latency _2067_/CLK
        2.324251 network latency _1919_/CLK
---------------
2.269316 2.324251 latency
        0.054936 skew

fall -> fall
    min     max
0.000000 0.000000 source latency
2.229398         network latency _2067_/CLK
        2.290147 network latency _1919_/CLK
---------------
2.229398 2.290147 latency
        0.060749 skew



===========================================================================
report_clock_min_period
============================================================================
sys_clk period_min = 11.64 fmax = 85.93
Clock: periph_clk
Sources: periph_clk_i 
Generated: no
Virtual: yes
Propagated: no
Period: 20.000000

===========================================================================
report_clock_properties
============================================================================
Clock                   Period          Waveform
----------------------------------------------------
periph_clk           20.000000    0.000000 10.000000

===========================================================================
report_clock_latency
============================================================================
Clock periph_clk
rise -> rise
    min     max
0.000000 0.000000 source latency
2.199180         network latency _1848_/CLK
        2.259170 network latency _1798_/CLK
---------------
2.199180 2.259170 latency
        0.059989 skew

fall -> fall
    min     max
0.000000 0.000000 source latency
2.165314         network latency _1848_/CLK
        2.232417 network latency _1798_/CLK
---------------
2.165314 2.232417 latency
        0.067103 skew



===========================================================================
report_clock_min_period
============================================================================
periph_clk period_min = 15.93 fmax = 62.77
