
===========================================================================
report_checks -unconstrained
===========================================================================
======================= max_ss_125C_4v50 Corner ===================================

Startpoint: _2030_ (rising edge-triggered flip-flop clocked by sys_clk)
Endpoint: _2067_ (recovery check against rising-edge clock sys_clk)
Path Group: asynchronous
Path Type: max

Fanout         Cap        Slew       Delay        Time   Description
---------------------------------------------------------------------------------------------
                                  0.000000    0.000000   clock sys_clk (rise edge)
                                  0.000000    0.000000   clock source latency
     1    0.064307    0.494790    0.259256    0.259256 ^ sys_clk_i (in)
                                                         sys_clk_i (net)
                      0.494933    0.000000    0.259256 ^ clkbuf_0_sys_clk_i/I (gf180mcu_fd_sc_mcu7t5v0__clkbuf_20)
    16    0.173540    0.342085    0.605179    0.864435 ^ clkbuf_0_sys_clk_i/Z (gf180mcu_fd_sc_mcu7t5v0__clkbuf_20)
                                                         clknet_0_sys_clk_i (net)
                      0.342137    0.006895    0.871330 ^ clkbuf_4_7_0_sys_clk_i/I (gf180mcu_fd_sc_mcu7t5v0__clkbuf_2)
     2    0.061133    0.896420    0.892972    1.764301 ^ clkbuf_4_7_0_sys_clk_i/Z (gf180mcu_fd_sc_mcu7t5v0__clkbuf_2)
                                                         clknet_4_7_0_sys_clk_i (net)
                      0.896426    0.001293    1.765594 ^ clkbuf_5_14__f_sys_clk_i/I (gf180mcu_fd_sc_mcu7t5v0__clkbuf_20)
     6    0.040504    0.195801    0.559843    2.325437 ^ clkbuf_5_14__f_sys_clk_i/Z (gf180mcu_fd_sc_mcu7t5v0__clkbuf_20)
                                                         clknet_5_14__leaf_sys_clk_i (net)
                      0.195803    0.001300    2.326737 ^ _2030_/CLK (gf180mcu_fd_sc_mcu7t5v0__dffrnq_1)
     2    0.040673    0.716525    1.676125    4.002862 v _2030_/Q (gf180mcu_fd_sc_mcu7t5v0__dffrnq_1)
                                                         s_uart_rx_clean_fifo (net)
                      0.716538    0.002052    4.004914 v _0923_/A2 (gf180mcu_fd_sc_mcu7t5v0__nor2_1)
     2    0.022922    1.416007    0.996907    5.001822 ^ _0923_/ZN (gf180mcu_fd_sc_mcu7t5v0__nor2_1)
                                                         u_dc_fifo_rx.dst_rstn_i (net)
                      1.416007    0.000772    5.002594 ^ fanout336/I (gf180mcu_fd_sc_mcu7t5v0__dlyd_1)
     1    0.010345    0.433269    4.492306    9.494900 ^ fanout336/Z (gf180mcu_fd_sc_mcu7t5v0__dlyd_1)
                                                         net336 (net)
                      0.433269    0.000321    9.495220 ^ wire338/I (gf180mcu_fd_sc_mcu7t5v0__clkbuf_2)
     5    0.050936    0.760083    0.833029   10.328249 ^ wire338/Z (gf180mcu_fd_sc_mcu7t5v0__clkbuf_2)
                                                         net338 (net)
                      0.760116    0.002777   10.331026 ^ load_slew337/I (gf180mcu_fd_sc_mcu7t5v0__clkbuf_2)
     4    0.042303    0.648038    0.828519   11.159545 ^ load_slew337/Z (gf180mcu_fd_sc_mcu7t5v0__clkbuf_2)
                                                         net337 (net)
                      0.648039    0.001211   11.160756 ^ fanout329/I (gf180mcu_fd_sc_mcu7t5v0__dlyd_1)
     2    0.015031    0.564260    4.548119   15.708875 ^ fanout329/Z (gf180mcu_fd_sc_mcu7t5v0__dlyd_1)
                                                         net329 (net)
                      0.564260    0.000162   15.709036 ^ load_slew332/I (gf180mcu_fd_sc_mcu7t5v0__clkbuf_2)
     4    0.045008    0.682161    0.816538   16.525574 ^ load_slew332/Z (gf180mcu_fd_sc_mcu7t5v0__clkbuf_2)
                                                         net332 (net)
                      0.682174    0.001730   16.527304 ^ load_slew331/I (gf180mcu_fd_sc_mcu7t5v0__clkbuf_2)
     4    0.031850    0.514331    0.733532   17.260838 ^ load_slew331/Z (gf180mcu_fd_sc_mcu7t5v0__clkbuf_2)
                                                         net331 (net)
                      0.514331    0.000346   17.261183 ^ load_slew330/I (gf180mcu_fd_sc_mcu7t5v0__buf_2)
     3    0.027755    0.447993    0.540712   17.801895 ^ load_slew330/Z (gf180mcu_fd_sc_mcu7t5v0__buf_2)
                                                         net330 (net)
                      0.447993    0.000410   17.802305 ^ _2067_/SETN (gf180mcu_fd_sc_mcu7t5v0__dffsnq_1)
                                             17.802305   data arrival time

                                 20.000000   20.000000   clock sys_clk (rise edge)
                                  0.000000   20.000000   clock source latency
     1    0.064307    0.494790    0.259256   20.259256 ^ sys_clk_i (in)
                                                         sys_clk_i (net)
                      0.494933    0.000000   20.259256 ^ clkbuf_0_sys_clk_i/I (gf180mcu_fd_sc_mcu7t5v0__clkbuf_20)
    16    0.173540    0.342085    0.605180   20.864435 ^ clkbuf_0_sys_clk_i/Z (gf180mcu_fd_sc_mcu7t5v0__clkbuf_20)
                                                         clknet_0_sys_clk_i (net)
                      0.342133    0.006631   20.871067 ^ clkbuf_4_4_0_sys_clk_i/I (gf180mcu_fd_sc_mcu7t5v0__clkbuf_2)
     2    0.059852    0.879214    0.882821   21.753889 ^ clkbuf_4_4_0_sys_clk_i/Z (gf180mcu_fd_sc_mcu7t5v0__clkbuf_2)
                                                         clknet_4_4_0_sys_clk_i (net)
                      0.879221    0.001407   21.755295 ^ clkbuf_5_8__f_sys_clk_i/I (gf180mcu_fd_sc_mcu7t5v0__clkbuf_20)
     6    0.031525    0.183498    0.547622   22.302917 ^ clkbuf_5_8__f_sys_clk_i/Z (gf180mcu_fd_sc_mcu7t5v0__clkbuf_20)
                                                         clknet_5_8__leaf_sys_clk_i (net)
                      0.183498    0.000105   22.303022 ^ _2067_/CLK (gf180mcu_fd_sc_mcu7t5v0__dffsnq_1)
                                 -0.250000   22.053022   clock uncertainty
                                  0.000000   22.053022   clock reconvergence pessimism
                                  0.010125   22.063148   library recovery time
                                             22.063148   data required time
---------------------------------------------------------------------------------------------
                                             22.063148   data required time
                                            -17.802305   data arrival time
---------------------------------------------------------------------------------------------
                                              4.260842   slack (MET)


Startpoint: _1967_ (rising edge-triggered flip-flop clocked by periph_clk)
Endpoint: _1774_ (rising edge-triggered flip-flop clocked by periph_clk)
Path Group: periph_clk
Path Type: max

Fanout         Cap        Slew       Delay        Time   Description
---------------------------------------------------------------------------------------------
                                  0.000000    0.000000   clock periph_clk (rise edge)
                                  0.000000    0.000000   clock source latency
     1    0.060968    0.472386    0.245255    0.245255 ^ periph_clk_i (in)
                                                         periph_clk_i (net)
                      0.472417    0.000000    0.245255 ^ clkbuf_0_periph_clk_i/I (gf180mcu_fd_sc_mcu7t5v0__clkbuf_20)
    16    0.146071    0.308495    0.581149    0.826404 ^ clkbuf_0_periph_clk_i/Z (gf180mcu_fd_sc_mcu7t5v0__clkbuf_20)
                                                         clknet_0_periph_clk_i (net)
                      0.308499    0.002159    0.828562 ^ clkbuf_4_12_0_periph_clk_i/I (gf180mcu_fd_sc_mcu7t5v0__clkbuf_2)
     2    0.063515    0.928005    0.903751    1.732313 ^ clkbuf_4_12_0_periph_clk_i/Z (gf180mcu_fd_sc_mcu7t5v0__clkbuf_2)
                                                         clknet_4_12_0_periph_clk_i (net)
                      0.928019    0.002018    1.734332 ^ clkbuf_5_24__f_periph_clk_i/I (gf180mcu_fd_sc_mcu7t5v0__clkbuf_20)
     5    0.027428    0.180219    0.550650    2.284982 ^ clkbuf_5_24__f_periph_clk_i/Z (gf180mcu_fd_sc_mcu7t5v0__clkbuf_20)
                                                         clknet_5_24__leaf_periph_clk_i (net)
                      0.180219    0.000510    2.285492 ^ _1967_/CLK (gf180mcu_fd_sc_mcu7t5v0__dffrnq_1)
     8    0.061516    1.775725    2.603137    4.888629 ^ _1967_/Q (gf180mcu_fd_sc_mcu7t5v0__dffrnq_1)
                                                         u_uart_rx.CS[0] (net)
                      1.775725    0.001344    4.889974 ^ _1003_/A1 (gf180mcu_fd_sc_mcu7t5v0__nor2_1)
     2    0.010469    0.671969    0.427455    5.317429 v _1003_/ZN (gf180mcu_fd_sc_mcu7t5v0__nor2_1)
                                                         _0783_ (net)
                      0.671969    0.000073    5.317501 v _1005_/A4 (gf180mcu_fd_sc_mcu7t5v0__nand4_1)
     3    0.029337    1.602977    1.155478    6.472980 ^ _1005_/ZN (gf180mcu_fd_sc_mcu7t5v0__nand4_1)
                                                         _0785_ (net)
                      1.602977    0.001095    6.474074 ^ _1077_/B (gf180mcu_fd_sc_mcu7t5v0__aoi21_1)
     1    0.007583    0.770287    0.570047    7.044121 v _1077_/ZN (gf180mcu_fd_sc_mcu7t5v0__aoi21_1)
                                                         _0851_ (net)
                      0.770287    0.000193    7.044315 v fanout285/I (gf180mcu_fd_sc_mcu7t5v0__dlyd_1)
     4    0.034079    0.828873    5.169393   12.213708 v fanout285/Z (gf180mcu_fd_sc_mcu7t5v0__dlyd_1)
                                                         net285 (net)
                      0.828873    0.000798   12.214505 v fanout282/I (gf180mcu_fd_sc_mcu7t5v0__dlyd_1)
     3    0.026209    0.715732    5.087017   17.301523 v fanout282/Z (gf180mcu_fd_sc_mcu7t5v0__dlyd_1)
                                                         net282 (net)
                      0.715732    0.000284   17.301807 v load_slew284/I (gf180mcu_fd_sc_mcu7t5v0__clkbuf_2)
     6    0.042152    0.626943    0.868123   18.169930 v load_slew284/Z (gf180mcu_fd_sc_mcu7t5v0__clkbuf_2)
                                                         net284 (net)
                      0.626948    0.001037   18.170967 v _1078_/I (gf180mcu_fd_sc_mcu7t5v0__clkinv_1)
     3    0.045037    1.301388    0.942475   19.113441 ^ _1078_/ZN (gf180mcu_fd_sc_mcu7t5v0__clkinv_1)
                                                         _0852_ (net)
                      1.301388    0.001005   19.114447 ^ _1278_/A2 (gf180mcu_fd_sc_mcu7t5v0__nor2_4)
     4    0.064706    0.782570    0.571665   19.686113 v _1278_/ZN (gf180mcu_fd_sc_mcu7t5v0__nor2_4)
                                                         _0408_ (net)
                      0.782570    0.001087   19.687201 v load_slew224/I (gf180mcu_fd_sc_mcu7t5v0__clkbuf_3)
     5    0.079331    0.634662    0.920311   20.607512 v load_slew224/Z (gf180mcu_fd_sc_mcu7t5v0__clkbuf_3)
                                                         net224 (net)
                      0.634740    0.003896   20.611406 v _1283_/S (gf180mcu_fd_sc_mcu7t5v0__mux2_2)
     1    0.006233    0.216573    0.798314   21.409721 ^ _1283_/Z (gf180mcu_fd_sc_mcu7t5v0__mux2_2)
                                                         _0048_ (net)
                      0.216573    0.000137   21.409857 ^ _1774_/D (gf180mcu_fd_sc_mcu7t5v0__dffrnq_1)
                                             21.409857   data arrival time

                                 20.000000   20.000000   clock periph_clk (rise edge)
                                  0.000000   20.000000   clock source latency
     1    0.060968    0.472386    0.245254   20.245255 ^ periph_clk_i (in)
                                                         periph_clk_i (net)
                      0.472417    0.000000   20.245255 ^ clkbuf_0_periph_clk_i/I (gf180mcu_fd_sc_mcu7t5v0__clkbuf_20)
    16    0.146071    0.308495    0.581149   20.826405 ^ clkbuf_0_periph_clk_i/Z (gf180mcu_fd_sc_mcu7t5v0__clkbuf_20)
                                                         clknet_0_periph_clk_i (net)
                      0.308499    0.002160   20.828564 ^ clkbuf_4_7_0_periph_clk_i/I (gf180mcu_fd_sc_mcu7t5v0__clkbuf_2)
     2    0.064678    0.943712    0.913095   21.741659 ^ clkbuf_4_7_0_periph_clk_i/Z (gf180mcu_fd_sc_mcu7t5v0__clkbuf_2)
                                                         clknet_4_7_0_periph_clk_i (net)
                      0.943719    0.001423   21.743082 ^ clkbuf_5_14__f_periph_clk_i/I (gf180mcu_fd_sc_mcu7t5v0__clkbuf_20)
     5    0.027131    0.180455    0.552918   22.296000 ^ clkbuf_5_14__f_periph_clk_i/Z (gf180mcu_fd_sc_mcu7t5v0__clkbuf_20)
                                                         clknet_5_14__leaf_periph_clk_i (net)
                      0.180455    0.000249   22.296249 ^ _1774_/CLK (gf180mcu_fd_sc_mcu7t5v0__dffrnq_1)
                                 -0.250000   22.046249   clock uncertainty
                                  0.000000   22.046249   clock reconvergence pessimism
                                 -0.599206   21.447044   library setup time
                                             21.447044   data required time
---------------------------------------------------------------------------------------------
                                             21.447044   data required time
                                            -21.409857   data arrival time
---------------------------------------------------------------------------------------------
                                              0.037186   slack (MET)


Startpoint: cfg_rwn_i (input port clocked by sys_clk)
Endpoint: cfg_data_o[2] (output port clocked by sys_clk)
Path Group: sys_clk
Path Type: max

Fanout         Cap        Slew       Delay        Time   Description
---------------------------------------------------------------------------------------------
                                  0.000000    0.000000   clock sys_clk (rise edge)
                                  0.000000    0.000000   clock network delay (propagated)
                                  2.000000    2.000000 ^ input external delay
     1    0.018989    0.602631    0.299999    2.299999 ^ cfg_rwn_i (in)
                                                         cfg_rwn_i (net)
                      0.602631    0.000000    2.299999 ^ input38/I (gf180mcu_fd_sc_mcu7t5v0__clkbuf_2)
     8    0.077813    1.118525    1.075739    3.375738 ^ input38/Z (gf180mcu_fd_sc_mcu7t5v0__clkbuf_2)
                                                         net38 (net)
                      1.118597    0.004996    3.380733 ^ _1206_/A1 (gf180mcu_fd_sc_mcu7t5v0__nand3_1)
     3    0.016500    0.880921    0.667683    4.048417 v _1206_/ZN (gf180mcu_fd_sc_mcu7t5v0__nand3_1)
                                                         _0352_ (net)
                      0.880921    0.000203    4.048619 v _1210_/A2 (gf180mcu_fd_sc_mcu7t5v0__or2_1)
     3    0.049111    0.951554    1.462795    5.511414 v _1210_/Z (gf180mcu_fd_sc_mcu7t5v0__or2_1)
                                                         _0356_ (net)
                      0.951554    0.000882    5.512296 v _1215_/A4 (gf180mcu_fd_sc_mcu7t5v0__nor4_4)
     4    0.050487    2.048957    1.516222    7.028518 ^ _1215_/ZN (gf180mcu_fd_sc_mcu7t5v0__nor4_4)
                                                         _0361_ (net)
                      2.048957    0.000814    7.029332 ^ load_slew313/I (gf180mcu_fd_sc_mcu7t5v0__clkbuf_2)
     4    0.059836    0.890518    1.125631    8.154963 ^ load_slew313/Z (gf180mcu_fd_sc_mcu7t5v0__clkbuf_2)
                                                         net313 (net)
                      0.890546    0.002704    8.157666 ^ fanout310/I (gf180mcu_fd_sc_mcu7t5v0__dlyd_1)
     5    0.045551    1.336790    5.040929   13.198595 ^ fanout310/Z (gf180mcu_fd_sc_mcu7t5v0__dlyd_1)
                                                         net310 (net)
                      1.336790    0.000473   13.199067 ^ load_slew311/I (gf180mcu_fd_sc_mcu7t5v0__clkbuf_2)
     6    0.072647    1.051612    1.145644   14.344710 ^ load_slew311/Z (gf180mcu_fd_sc_mcu7t5v0__clkbuf_2)
                                                         net311 (net)
                      1.051677    0.004606   14.349317 ^ _1236_/B1 (gf180mcu_fd_sc_mcu7t5v0__aoi222_2)
     1    0.013532    1.061029    0.549365   14.898682 v _1236_/ZN (gf180mcu_fd_sc_mcu7t5v0__aoi222_2)
                                                         _0380_ (net)
                      1.061029    0.000509   14.899191 v _1237_/A2 (gf180mcu_fd_sc_mcu7t5v0__nand2_1)
     1    0.020982    0.853849    0.806039   15.705230 ^ _1237_/ZN (gf180mcu_fd_sc_mcu7t5v0__nand2_1)
                                                         net135 (net)
                      0.853849    0.000854   15.706084 ^ output135/I (gf180mcu_fd_sc_mcu7t5v0__buf_2)
     1    0.088840    1.269230    1.044748   16.750832 ^ output135/Z (gf180mcu_fd_sc_mcu7t5v0__buf_2)
                                                         cfg_data_o[2] (net)
                      1.269273    0.004103   16.754936 ^ cfg_data_o[2] (out)
                                             16.754936   data arrival time

                                 20.000000   20.000000   clock sys_clk (rise edge)
                                  0.000000   20.000000   clock network delay (propagated)
                                 -0.250000   19.750002   clock uncertainty
                                  0.000000   19.750002   clock reconvergence pessimism
                                 -2.000000   17.750002   output external delay
                                             17.750002   data required time
---------------------------------------------------------------------------------------------
                                             17.750002   data required time
                                            -16.754936   data arrival time
---------------------------------------------------------------------------------------------
                                              0.995065   slack (MET)




===========================================================================
report_checks --slack_max -0.01
============================================================================
======================= max_ss_125C_4v50 Corner ===================================

No paths found.


===========================================================================
 report_check_types -max_slew -max_cap -max_fanout -violators
============================================================================
======================= max_ss_125C_4v50 Corner ===================================

max fanout

Pin                                   Limit Fanout  Slack
---------------------------------------------------------
clkbuf_0_periph_clk_i/Z                  10     16     -6 (VIOLATED)
clkbuf_0_sys_clk_i/Z                     10     16     -6 (VIOLATED)



===========================================================================
report_parasitic_annotation -report_unannotated
============================================================================
Found 46 unannotated drivers.
 data_tx_i[10]
 data_tx_i[11]
 data_tx_i[12]
 data_tx_i[13]
 data_tx_i[14]
 data_tx_i[15]
 data_tx_i[16]
 data_tx_i[17]
 data_tx_i[18]
 data_tx_i[19]
 data_tx_i[20]
 data_tx_i[21]
 data_tx_i[22]
 data_tx_i[23]
 data_tx_i[24]
 data_tx_i[25]
 data_tx_i[26]
 data_tx_i[27]
 data_tx_i[28]
 data_tx_i[29]
 data_tx_i[30]
 data_tx_i[31]
 data_tx_i[8]
 data_tx_i[9]
 clkload0/Z
 clkload1/Z
 clkload10/Z
 clkload11/Z
 clkload12/Z
 clkload13/Z
 clkload14/Z
 clkload15/Z
 clkload16/Z
 clkload17/Z
 clkload18/Z
 clkload19/Z
 clkload2/Z
 clkload20/Z
 clkload21/Z
 clkload3/Z
 clkload4/Z
 clkload5/Z
 clkload6/Z
 clkload7/Z
 clkload8/Z
 clkload9/Z
Found 0 partially unannotated drivers.

===========================================================================
max slew violation count 0
max fanout violation count 2
max cap violation count 0
============================================================================

===========================================================================
check_setup -verbose -unconstrained_endpoints -multiple_clock -no_clock -no_input_delay -loops -generated_clocks
===========================================================================
Warning: There is 1 input port missing set_input_delay.
  rstn_i
