Clock: sys_clk
Sources: sys_clk_i 
Generated: no
Virtual: yes
Propagated: no
Period: 20.000000

===========================================================================
report_clock_properties
============================================================================
Clock                   Period          Waveform
----------------------------------------------------
sys_clk              20.000000    0.000000 10.000000

===========================================================================
report_clock_latency
============================================================================
Clock sys_clk
rise -> rise
    min     max
0.000000 0.000000 source latency
2.303021         network latency _2067_/CLK
        2.414917 network latency _1905_/CLK
---------------
2.303021 2.414917 latency
        0.111896 skew

fall -> fall
    min     max
0.000000 0.000000 source latency
2.260209         network latency _2067_/CLK
        2.385486 network latency _1905_/CLK
---------------
2.260209 2.385486 latency
        0.125277 skew



===========================================================================
report_clock_min_period
============================================================================
sys_clk period_min = 15.74 fmax = 63.54
Clock: periph_clk
Sources: periph_clk_i 
Generated: no
Virtual: yes
Propagated: no
Period: 20.000000

===========================================================================
report_clock_properties
============================================================================
Clock                   Period          Waveform
----------------------------------------------------
periph_clk           20.000000    0.000000 10.000000

===========================================================================
report_clock_latency
============================================================================
Clock periph_clk
rise -> rise
    min     max
0.000000 0.000000 source latency
2.242106         network latency _2032_/CLK
        2.309403 network latency _1991_/CLK
---------------
2.242106 2.309403 latency
        0.067297 skew

fall -> fall
    min     max
0.000000 0.000000 source latency
2.200222         network latency _2032_/CLK
        2.275255 network latency _1991_/CLK
---------------
2.200222 2.275255 latency
        0.075032 skew



===========================================================================
report_clock_min_period
============================================================================
periph_clk period_min = 19.96 fmax = 50.09
