
===========================================================================
report_checks -unconstrained
===========================================================================
======================= nom_ss_125C_4v50 Corner ===================================

Startpoint: _2116_ (rising edge-triggered flip-flop clocked by sys_clk)
Endpoint: _1894_ (recovery check against rising-edge clock sys_clk)
Path Group: asynchronous
Path Type: max

Fanout         Cap        Slew       Delay        Time   Description
---------------------------------------------------------------------------------------------
                      0.150000    0.000000    0.000000   clock sys_clk (rise edge)
                                  0.000000    0.000000   clock network delay (ideal)
                      0.150000    0.000000    0.000000 ^ _2116_/CLK (gf180mcu_fd_sc_mcu7t5v0__dffrnq_1)
     2    0.009422    0.272476    1.338152    1.338152 v _2116_/Q (gf180mcu_fd_sc_mcu7t5v0__dffrnq_1)
                                                         s_uart_rx_clean_fifo (net)
                      0.272476    0.000000    1.338152 v _0966_/A2 (gf180mcu_fd_sc_mcu7t5v0__nor2_1)
    51    0.371046   20.204201   11.388196   12.726348 ^ _0966_/ZN (gf180mcu_fd_sc_mcu7t5v0__nor2_1)
                                                         u_dc_fifo_rx.dst_rstn_i (net)
                     20.204201    0.000000   12.726348 ^ _1894_/RN (gf180mcu_fd_sc_mcu7t5v0__dffrnq_1)
                                             12.726348   data arrival time

                      0.150000   20.000000   20.000000   clock sys_clk (rise edge)
                                  0.000000   20.000000   clock network delay (ideal)
                                 -0.250000   19.750002   clock uncertainty
                                  0.000000   19.750002   clock reconvergence pessimism
                                             19.750002 ^ _1894_/CLK (gf180mcu_fd_sc_mcu7t5v0__dffrnq_1)
                                 -7.764184   11.985818   library recovery time
                                             11.985818   data required time
---------------------------------------------------------------------------------------------
                                             11.985818   data required time
                                            -12.726348   data arrival time
---------------------------------------------------------------------------------------------
                                             -0.740529   slack (VIOLATED)


Startpoint: _2053_ (rising edge-triggered flip-flop clocked by periph_clk)
Endpoint: _1872_ (rising edge-triggered flip-flop clocked by periph_clk)
Path Group: periph_clk
Path Type: max

Fanout         Cap        Slew       Delay        Time   Description
---------------------------------------------------------------------------------------------
                      0.150000    0.000000    0.000000   clock periph_clk (rise edge)
                                  0.000000    0.000000   clock network delay (ideal)
                      0.150000    0.000000    0.000000 ^ _2053_/CLK (gf180mcu_fd_sc_mcu7t5v0__dffrnq_1)
     9    0.038732    0.710022    1.648467    1.648467 v _2053_/Q (gf180mcu_fd_sc_mcu7t5v0__dffrnq_1)
                                                         u_uart_rx.CS[0] (net)
                      0.710022    0.000000    1.648467 v _0929_/I (gf180mcu_fd_sc_mcu7t5v0__clkinv_1)
     7    0.028790    0.911704    0.717267    2.365735 ^ _0929_/ZN (gf180mcu_fd_sc_mcu7t5v0__clkinv_1)
                                                         _0720_ (net)
                      0.911704    0.000000    2.365735 ^ _1047_/A1 (gf180mcu_fd_sc_mcu7t5v0__nand4_1)
     3    0.013734    1.019928    0.673136    3.038870 v _1047_/ZN (gf180mcu_fd_sc_mcu7t5v0__nand4_1)
                                                         _0823_ (net)
                      1.019928    0.000000    3.038870 v _1048_/A1 (gf180mcu_fd_sc_mcu7t5v0__nor2_1)
     4    0.014823    1.054248    0.864755    3.903625 ^ _1048_/ZN (gf180mcu_fd_sc_mcu7t5v0__nor2_1)
                                                         _0824_ (net)
                      1.054248    0.000000    3.903625 ^ _1171_/A1 (gf180mcu_fd_sc_mcu7t5v0__nand2_1)
     2    0.008558    0.498450    0.360734    4.264359 v _1171_/ZN (gf180mcu_fd_sc_mcu7t5v0__nand2_1)
                                                         _0331_ (net)
                      0.498450    0.000000    4.264359 v _1424_/A2 (gf180mcu_fd_sc_mcu7t5v0__nor4_1)
     8    0.083280    9.476680    5.433941    9.698301 ^ _1424_/ZN (gf180mcu_fd_sc_mcu7t5v0__nor4_1)
                                                         _0491_ (net)
                      9.476680    0.000000    9.698301 ^ _1425_/S (gf180mcu_fd_sc_mcu7t5v0__mux2_2)
     1    0.003014    0.321604    0.417406   10.115706 ^ _1425_/Z (gf180mcu_fd_sc_mcu7t5v0__mux2_2)
                                                         _0060_ (net)
                      0.321604    0.000000   10.115706 ^ _1872_/D (gf180mcu_fd_sc_mcu7t5v0__dffrnq_1)
                                             10.115706   data arrival time

                      0.150000   20.000000   20.000000   clock periph_clk (rise edge)
                                  0.000000   20.000000   clock network delay (ideal)
                                 -0.250000   19.750002   clock uncertainty
                                  0.000000   19.750002   clock reconvergence pessimism
                                             19.750002 ^ _1872_/CLK (gf180mcu_fd_sc_mcu7t5v0__dffrnq_1)
                                 -0.628665   19.121336   library setup time
                                             19.121336   data required time
---------------------------------------------------------------------------------------------
                                             19.121336   data required time
                                            -10.115706   data arrival time
---------------------------------------------------------------------------------------------
                                              9.005630   slack (MET)


Startpoint: cfg_addr_i[2] (input port clocked by sys_clk)
Endpoint: _1958_ (rising edge-triggered flip-flop clocked by sys_clk)
Path Group: sys_clk
Path Type: max

Fanout         Cap        Slew       Delay        Time   Description
---------------------------------------------------------------------------------------------
                      0.150000    0.000000    0.000000   clock sys_clk (rise edge)
                                  0.000000    0.000000   clock network delay (ideal)
                                  4.000000    4.000000 v input external delay
    11    0.045702    0.795996    0.442563    4.442563 v cfg_addr_i[2] (in)
                                                         cfg_addr_i[2] (net)
                      0.795996    0.000000    4.442563 v _0906_/I (gf180mcu_fd_sc_mcu7t5v0__clkinv_1)
    24    0.078336    2.274487    1.510901    5.953464 ^ _0906_/ZN (gf180mcu_fd_sc_mcu7t5v0__clkinv_1)
                                                         _0697_ (net)
                      2.274487    0.000000    5.953464 ^ _0979_/A1 (gf180mcu_fd_sc_mcu7t5v0__nand2_1)
     3    0.011684    0.807207    0.485043    6.438506 v _0979_/ZN (gf180mcu_fd_sc_mcu7t5v0__nand2_1)
                                                         _0763_ (net)
                      0.807207    0.000000    6.438506 v _1583_/A4 (gf180mcu_fd_sc_mcu7t5v0__nor4_1)
    23    0.239430   26.099361   14.895763   21.334270 ^ _1583_/ZN (gf180mcu_fd_sc_mcu7t5v0__nor4_1)
                                                         _0564_ (net)
                     26.099361    0.000000   21.334270 ^ _1584_/S (gf180mcu_fd_sc_mcu7t5v0__mux2_2)
     1    0.003014    0.586478   -0.227871   21.106400 ^ _1584_/Z (gf180mcu_fd_sc_mcu7t5v0__mux2_2)
                                                         _0146_ (net)
                      0.586478    0.000000   21.106400 ^ _1958_/D (gf180mcu_fd_sc_mcu7t5v0__dffrnq_1)
                                             21.106400   data arrival time

                      0.150000   20.000000   20.000000   clock sys_clk (rise edge)
                                  0.000000   20.000000   clock network delay (ideal)
                                 -0.250000   19.750002   clock uncertainty
                                  0.000000   19.750002   clock reconvergence pessimism
                                             19.750002 ^ _1958_/CLK (gf180mcu_fd_sc_mcu7t5v0__dffrnq_1)
                                 -0.681884   19.068119   library setup time
                                             19.068119   data required time
---------------------------------------------------------------------------------------------
                                             19.068119   data required time
                                            -21.106400   data arrival time
---------------------------------------------------------------------------------------------
                                             -2.038281   slack (VIOLATED)




===========================================================================
report_checks --slack_max -0.01
============================================================================
======================= nom_ss_125C_4v50 Corner ===================================

Startpoint: _2116_ (rising edge-triggered flip-flop clocked by sys_clk)
Endpoint: _1894_ (recovery check against rising-edge clock sys_clk)
Path Group: asynchronous
Path Type: max

Fanout         Cap        Slew       Delay        Time   Description
---------------------------------------------------------------------------------------------
                      0.150000    0.000000    0.000000   clock sys_clk (rise edge)
                                  0.000000    0.000000   clock network delay (ideal)
                      0.150000    0.000000    0.000000 ^ _2116_/CLK (gf180mcu_fd_sc_mcu7t5v0__dffrnq_1)
     2    0.009422    0.272476    1.338152    1.338152 v _2116_/Q (gf180mcu_fd_sc_mcu7t5v0__dffrnq_1)
                                                         s_uart_rx_clean_fifo (net)
                      0.272476    0.000000    1.338152 v _0966_/A2 (gf180mcu_fd_sc_mcu7t5v0__nor2_1)
    51    0.371046   20.204201   11.388196   12.726348 ^ _0966_/ZN (gf180mcu_fd_sc_mcu7t5v0__nor2_1)
                                                         u_dc_fifo_rx.dst_rstn_i (net)
                     20.204201    0.000000   12.726348 ^ _1894_/RN (gf180mcu_fd_sc_mcu7t5v0__dffrnq_1)
                                             12.726348   data arrival time

                      0.150000   20.000000   20.000000   clock sys_clk (rise edge)
                                  0.000000   20.000000   clock network delay (ideal)
                                 -0.250000   19.750002   clock uncertainty
                                  0.000000   19.750002   clock reconvergence pessimism
                                             19.750002 ^ _1894_/CLK (gf180mcu_fd_sc_mcu7t5v0__dffrnq_1)
                                 -7.764184   11.985818   library recovery time
                                             11.985818   data required time
---------------------------------------------------------------------------------------------
                                             11.985818   data required time
                                            -12.726348   data arrival time
---------------------------------------------------------------------------------------------
                                             -0.740529   slack (VIOLATED)


Startpoint: cfg_addr_i[2] (input port clocked by sys_clk)
Endpoint: _1958_ (rising edge-triggered flip-flop clocked by sys_clk)
Path Group: sys_clk
Path Type: max

Fanout         Cap        Slew       Delay        Time   Description
---------------------------------------------------------------------------------------------
                      0.150000    0.000000    0.000000   clock sys_clk (rise edge)
                                  0.000000    0.000000   clock network delay (ideal)
                                  4.000000    4.000000 v input external delay
    11    0.045702    0.795996    0.442563    4.442563 v cfg_addr_i[2] (in)
                                                         cfg_addr_i[2] (net)
                      0.795996    0.000000    4.442563 v _0906_/I (gf180mcu_fd_sc_mcu7t5v0__clkinv_1)
    24    0.078336    2.274487    1.510901    5.953464 ^ _0906_/ZN (gf180mcu_fd_sc_mcu7t5v0__clkinv_1)
                                                         _0697_ (net)
                      2.274487    0.000000    5.953464 ^ _0979_/A1 (gf180mcu_fd_sc_mcu7t5v0__nand2_1)
     3    0.011684    0.807207    0.485043    6.438506 v _0979_/ZN (gf180mcu_fd_sc_mcu7t5v0__nand2_1)
                                                         _0763_ (net)
                      0.807207    0.000000    6.438506 v _1583_/A4 (gf180mcu_fd_sc_mcu7t5v0__nor4_1)
    23    0.239430   26.099361   14.895763   21.334270 ^ _1583_/ZN (gf180mcu_fd_sc_mcu7t5v0__nor4_1)
                                                         _0564_ (net)
                     26.099361    0.000000   21.334270 ^ _1584_/S (gf180mcu_fd_sc_mcu7t5v0__mux2_2)
     1    0.003014    0.586478   -0.227871   21.106400 ^ _1584_/Z (gf180mcu_fd_sc_mcu7t5v0__mux2_2)
                                                         _0146_ (net)
                      0.586478    0.000000   21.106400 ^ _1958_/D (gf180mcu_fd_sc_mcu7t5v0__dffrnq_1)
                                             21.106400   data arrival time

                      0.150000   20.000000   20.000000   clock sys_clk (rise edge)
                                  0.000000   20.000000   clock network delay (ideal)
                                 -0.250000   19.750002   clock uncertainty
                                  0.000000   19.750002   clock reconvergence pessimism
                                             19.750002 ^ _1958_/CLK (gf180mcu_fd_sc_mcu7t5v0__dffrnq_1)
                                 -0.681884   19.068119   library setup time
                                             19.068119   data required time
---------------------------------------------------------------------------------------------
                                             19.068119   data required time
                                            -21.106400   data arrival time
---------------------------------------------------------------------------------------------
                                             -2.038281   slack (VIOLATED)




===========================================================================
 report_check_types -max_slew -max_cap -max_fanout -violators
============================================================================
======================= nom_ss_125C_4v50 Corner ===================================

max slew

Pin                                        Limit        Slew       Slack
------------------------------------------------------------------------
rstn_i                                  3.000000   59.445343  -56.445343 (VIOLATED)
_0904_/I                                3.000000   59.445343  -56.445343 (VIOLATED)
_1896_/RN                               3.000000   59.445343  -56.445343 (VIOLATED)
_1897_/RN                               3.000000   59.445343  -56.445343 (VIOLATED)
_1898_/RN                               3.000000   59.445343  -56.445343 (VIOLATED)
_1899_/RN                               3.000000   59.445343  -56.445343 (VIOLATED)
_1900_/RN                               3.000000   59.445343  -56.445343 (VIOLATED)
_1901_/RN                               3.000000   59.445343  -56.445343 (VIOLATED)
_1902_/RN                               3.000000   59.445343  -56.445343 (VIOLATED)
_1903_/RN                               3.000000   59.445343  -56.445343 (VIOLATED)
_1904_/RN                               3.000000   59.445343  -56.445343 (VIOLATED)
_1905_/RN                               3.000000   59.445343  -56.445343 (VIOLATED)
_1906_/RN                               3.000000   59.445343  -56.445343 (VIOLATED)
_1907_/RN                               3.000000   59.445343  -56.445343 (VIOLATED)
_1908_/RN                               3.000000   59.445343  -56.445343 (VIOLATED)
_1909_/RN                               3.000000   59.445343  -56.445343 (VIOLATED)
_1910_/RN                               3.000000   59.445343  -56.445343 (VIOLATED)
_1911_/RN                               3.000000   59.445343  -56.445343 (VIOLATED)
_1912_/RN                               3.000000   59.445343  -56.445343 (VIOLATED)
_1913_/RN                               3.000000   59.445343  -56.445343 (VIOLATED)
_1914_/RN                               3.000000   59.445343  -56.445343 (VIOLATED)
_1915_/RN                               3.000000   59.445343  -56.445343 (VIOLATED)
_1916_/RN                               3.000000   59.445343  -56.445343 (VIOLATED)
_1917_/RN                               3.000000   59.445343  -56.445343 (VIOLATED)
_1918_/RN                               3.000000   59.445343  -56.445343 (VIOLATED)
_1919_/RN                               3.000000   59.445343  -56.445343 (VIOLATED)
_1920_/RN                               3.000000   59.445343  -56.445343 (VIOLATED)
_1921_/RN                               3.000000   59.445343  -56.445343 (VIOLATED)
_1922_/RN                               3.000000   59.445343  -56.445343 (VIOLATED)
_1923_/RN                               3.000000   59.445343  -56.445343 (VIOLATED)
_1924_/RN                               3.000000   59.445343  -56.445343 (VIOLATED)
_1925_/RN                               3.000000   59.445343  -56.445343 (VIOLATED)
_1926_/RN                               3.000000   59.445343  -56.445343 (VIOLATED)
_1927_/RN                               3.000000   59.445343  -56.445343 (VIOLATED)
_1928_/RN                               3.000000   59.445343  -56.445343 (VIOLATED)
_1929_/RN                               3.000000   59.445343  -56.445343 (VIOLATED)
_1930_/SETN                             3.000000   59.445343  -56.445343 (VIOLATED)
_1931_/SETN                             3.000000   59.445343  -56.445343 (VIOLATED)
_1932_/SETN                             3.000000   59.445343  -56.445343 (VIOLATED)
_1933_/SETN                             3.000000   59.445343  -56.445343 (VIOLATED)
_1934_/RN                               3.000000   59.445343  -56.445343 (VIOLATED)
_1935_/RN                               3.000000   59.445343  -56.445343 (VIOLATED)
_1936_/RN                               3.000000   59.445343  -56.445343 (VIOLATED)
_1937_/RN                               3.000000   59.445343  -56.445343 (VIOLATED)
_1938_/RN                               3.000000   59.445343  -56.445343 (VIOLATED)
_1939_/RN                               3.000000   59.445343  -56.445343 (VIOLATED)
_1940_/RN                               3.000000   59.445343  -56.445343 (VIOLATED)
_1941_/RN                               3.000000   59.445343  -56.445343 (VIOLATED)
_1942_/RN                               3.000000   59.445343  -56.445343 (VIOLATED)
_1943_/RN                               3.000000   59.445343  -56.445343 (VIOLATED)
_1944_/RN                               3.000000   59.445343  -56.445343 (VIOLATED)
_1945_/RN                               3.000000   59.445343  -56.445343 (VIOLATED)
_1946_/RN                               3.000000   59.445343  -56.445343 (VIOLATED)
_1947_/RN                               3.000000   59.445343  -56.445343 (VIOLATED)
_1948_/RN                               3.000000   59.445343  -56.445343 (VIOLATED)
_1949_/RN                               3.000000   59.445343  -56.445343 (VIOLATED)
_1950_/RN                               3.000000   59.445343  -56.445343 (VIOLATED)
_1951_/RN                               3.000000   59.445343  -56.445343 (VIOLATED)
_1952_/RN                               3.000000   59.445343  -56.445343 (VIOLATED)
_1953_/RN                               3.000000   59.445343  -56.445343 (VIOLATED)
_1954_/RN                               3.000000   59.445343  -56.445343 (VIOLATED)
_1955_/RN                               3.000000   59.445343  -56.445343 (VIOLATED)
_1956_/RN                               3.000000   59.445343  -56.445343 (VIOLATED)
_1957_/RN                               3.000000   59.445343  -56.445343 (VIOLATED)
_1958_/RN                               3.000000   59.445343  -56.445343 (VIOLATED)
_1959_/RN                               3.000000   59.445343  -56.445343 (VIOLATED)
_1960_/RN                               3.000000   59.445343  -56.445343 (VIOLATED)
_1961_/RN                               3.000000   59.445343  -56.445343 (VIOLATED)
_1962_/RN                               3.000000   59.445343  -56.445343 (VIOLATED)
_1963_/RN                               3.000000   59.445343  -56.445343 (VIOLATED)
_1964_/RN                               3.000000   59.445343  -56.445343 (VIOLATED)
_1965_/RN                               3.000000   59.445343  -56.445343 (VIOLATED)
_1966_/RN                               3.000000   59.445343  -56.445343 (VIOLATED)
_1967_/RN                               3.000000   59.445343  -56.445343 (VIOLATED)
_1968_/RN                               3.000000   59.445343  -56.445343 (VIOLATED)
_1969_/RN                               3.000000   59.445343  -56.445343 (VIOLATED)
_1970_/RN                               3.000000   59.445343  -56.445343 (VIOLATED)
_1971_/RN                               3.000000   59.445343  -56.445343 (VIOLATED)
_1972_/RN                               3.000000   59.445343  -56.445343 (VIOLATED)
_1973_/RN                               3.000000   59.445343  -56.445343 (VIOLATED)
_1974_/RN                               3.000000   59.445343  -56.445343 (VIOLATED)
_1975_/RN                               3.000000   59.445343  -56.445343 (VIOLATED)
_1976_/RN                               3.000000   59.445343  -56.445343 (VIOLATED)
_1977_/RN                               3.000000   59.445343  -56.445343 (VIOLATED)
_1978_/RN                               3.000000   59.445343  -56.445343 (VIOLATED)
_1979_/RN                               3.000000   59.445343  -56.445343 (VIOLATED)
_1980_/RN                               3.000000   59.445343  -56.445343 (VIOLATED)
_1981_/RN                               3.000000   59.445343  -56.445343 (VIOLATED)
_1982_/RN                               3.000000   59.445343  -56.445343 (VIOLATED)
_1983_/RN                               3.000000   59.445343  -56.445343 (VIOLATED)
_1984_/RN                               3.000000   59.445343  -56.445343 (VIOLATED)
_1985_/RN                               3.000000   59.445343  -56.445343 (VIOLATED)
_1986_/RN                               3.000000   59.445343  -56.445343 (VIOLATED)
_1987_/RN                               3.000000   59.445343  -56.445343 (VIOLATED)
_1988_/RN                               3.000000   59.445343  -56.445343 (VIOLATED)
_1989_/RN                               3.000000   59.445343  -56.445343 (VIOLATED)
_1990_/RN                               3.000000   59.445343  -56.445343 (VIOLATED)
_1991_/RN                               3.000000   59.445343  -56.445343 (VIOLATED)
_1992_/RN                               3.000000   59.445343  -56.445343 (VIOLATED)
_1993_/RN                               3.000000   59.445343  -56.445343 (VIOLATED)
_1994_/RN                               3.000000   59.445343  -56.445343 (VIOLATED)
_1995_/RN                               3.000000   59.445343  -56.445343 (VIOLATED)
_1996_/RN                               3.000000   59.445343  -56.445343 (VIOLATED)
_1997_/RN                               3.000000   59.445343  -56.445343 (VIOLATED)
_1998_/RN                               3.000000   59.445343  -56.445343 (VIOLATED)
_1999_/RN                               3.000000   59.445343  -56.445343 (VIOLATED)
_2000_/RN                               3.000000   59.445343  -56.445343 (VIOLATED)
_2001_/RN                               3.000000   59.445343  -56.445343 (VIOLATED)
_2002_/RN                               3.000000   59.445343  -56.445343 (VIOLATED)
_2003_/RN                               3.000000   59.445343  -56.445343 (VIOLATED)
_2004_/RN                               3.000000   59.445343  -56.445343 (VIOLATED)
_2005_/RN                               3.000000   59.445343  -56.445343 (VIOLATED)
_2006_/RN                               3.000000   59.445343  -56.445343 (VIOLATED)
_2007_/RN                               3.000000   59.445343  -56.445343 (VIOLATED)
_2008_/RN                               3.000000   59.445343  -56.445343 (VIOLATED)
_2009_/RN                               3.000000   59.445343  -56.445343 (VIOLATED)
_2010_/RN                               3.000000   59.445343  -56.445343 (VIOLATED)
_2011_/RN                               3.000000   59.445343  -56.445343 (VIOLATED)
_2012_/RN                               3.000000   59.445343  -56.445343 (VIOLATED)
_2013_/RN                               3.000000   59.445343  -56.445343 (VIOLATED)
_2014_/RN                               3.000000   59.445343  -56.445343 (VIOLATED)
_2015_/RN                               3.000000   59.445343  -56.445343 (VIOLATED)
_2016_/RN                               3.000000   59.445343  -56.445343 (VIOLATED)
_2017_/RN                               3.000000   59.445343  -56.445343 (VIOLATED)
_2018_/RN                               3.000000   59.445343  -56.445343 (VIOLATED)
_2019_/RN                               3.000000   59.445343  -56.445343 (VIOLATED)
_2020_/RN                               3.000000   59.445343  -56.445343 (VIOLATED)
_2021_/RN                               3.000000   59.445343  -56.445343 (VIOLATED)
_2022_/RN                               3.000000   59.445343  -56.445343 (VIOLATED)
_2023_/RN                               3.000000   59.445343  -56.445343 (VIOLATED)
_2024_/RN                               3.000000   59.445343  -56.445343 (VIOLATED)
_2025_/RN                               3.000000   59.445343  -56.445343 (VIOLATED)
_2026_/RN                               3.000000   59.445343  -56.445343 (VIOLATED)
_2027_/RN                               3.000000   59.445343  -56.445343 (VIOLATED)
_2028_/RN                               3.000000   59.445343  -56.445343 (VIOLATED)
_2029_/RN                               3.000000   59.445343  -56.445343 (VIOLATED)
_2030_/RN                               3.000000   59.445343  -56.445343 (VIOLATED)
_2031_/RN                               3.000000   59.445343  -56.445343 (VIOLATED)
_2032_/RN                               3.000000   59.445343  -56.445343 (VIOLATED)
_2033_/RN                               3.000000   59.445343  -56.445343 (VIOLATED)
_2034_/RN                               3.000000   59.445343  -56.445343 (VIOLATED)
_2035_/RN                               3.000000   59.445343  -56.445343 (VIOLATED)
_2036_/RN                               3.000000   59.445343  -56.445343 (VIOLATED)
_2037_/RN                               3.000000   59.445343  -56.445343 (VIOLATED)
_2038_/RN                               3.000000   59.445343  -56.445343 (VIOLATED)
_2039_/RN                               3.000000   59.445343  -56.445343 (VIOLATED)
_2040_/RN                               3.000000   59.445343  -56.445343 (VIOLATED)
_2041_/RN                               3.000000   59.445343  -56.445343 (VIOLATED)
_2042_/RN                               3.000000   59.445343  -56.445343 (VIOLATED)
_2043_/RN                               3.000000   59.445343  -56.445343 (VIOLATED)
_2044_/RN                               3.000000   59.445343  -56.445343 (VIOLATED)
_2045_/RN                               3.000000   59.445343  -56.445343 (VIOLATED)
_2046_/RN                               3.000000   59.445343  -56.445343 (VIOLATED)
_2047_/RN                               3.000000   59.445343  -56.445343 (VIOLATED)
_2048_/RN                               3.000000   59.445343  -56.445343 (VIOLATED)
_2049_/RN                               3.000000   59.445343  -56.445343 (VIOLATED)
_2050_/RN                               3.000000   59.445343  -56.445343 (VIOLATED)
_2051_/RN                               3.000000   59.445343  -56.445343 (VIOLATED)
_2052_/RN                               3.000000   59.445343  -56.445343 (VIOLATED)
_2053_/RN                               3.000000   59.445343  -56.445343 (VIOLATED)
_2054_/RN                               3.000000   59.445343  -56.445343 (VIOLATED)
_2055_/RN                               3.000000   59.445343  -56.445343 (VIOLATED)
_2056_/SETN                             3.000000   59.445343  -56.445343 (VIOLATED)
_2057_/SETN                             3.000000   59.445343  -56.445343 (VIOLATED)
_2058_/SETN                             3.000000   59.445343  -56.445343 (VIOLATED)
_2059_/SETN                             3.000000   59.445343  -56.445343 (VIOLATED)
_2060_/SETN                             3.000000   59.445343  -56.445343 (VIOLATED)
_2061_/SETN                             3.000000   59.445343  -56.445343 (VIOLATED)
_2062_/SETN                             3.000000   59.445343  -56.445343 (VIOLATED)
_2063_/SETN                             3.000000   59.445343  -56.445343 (VIOLATED)
_2064_/RN                               3.000000   59.445343  -56.445343 (VIOLATED)
_2065_/RN                               3.000000   59.445343  -56.445343 (VIOLATED)
_2066_/RN                               3.000000   59.445343  -56.445343 (VIOLATED)
_2067_/RN                               3.000000   59.445343  -56.445343 (VIOLATED)
_2068_/RN                               3.000000   59.445343  -56.445343 (VIOLATED)
_2069_/RN                               3.000000   59.445343  -56.445343 (VIOLATED)
_2070_/RN                               3.000000   59.445343  -56.445343 (VIOLATED)
_2071_/SETN                             3.000000   59.445343  -56.445343 (VIOLATED)
_2072_/SETN                             3.000000   59.445343  -56.445343 (VIOLATED)
_2073_/SETN                             3.000000   59.445343  -56.445343 (VIOLATED)
_2074_/SETN                             3.000000   59.445343  -56.445343 (VIOLATED)
_2075_/SETN                             3.000000   59.445343  -56.445343 (VIOLATED)
_2076_/SETN                             3.000000   59.445343  -56.445343 (VIOLATED)
_2077_/SETN                             3.000000   59.445343  -56.445343 (VIOLATED)
_2078_/SETN                             3.000000   59.445343  -56.445343 (VIOLATED)
_2079_/RN                               3.000000   59.445343  -56.445343 (VIOLATED)
_2080_/RN                               3.000000   59.445343  -56.445343 (VIOLATED)
_2081_/RN                               3.000000   59.445343  -56.445343 (VIOLATED)
_2082_/RN                               3.000000   59.445343  -56.445343 (VIOLATED)
_2083_/RN                               3.000000   59.445343  -56.445343 (VIOLATED)
_2084_/RN                               3.000000   59.445343  -56.445343 (VIOLATED)
_2085_/RN                               3.000000   59.445343  -56.445343 (VIOLATED)
_2086_/RN                               3.000000   59.445343  -56.445343 (VIOLATED)
_2087_/RN                               3.000000   59.445343  -56.445343 (VIOLATED)
_2088_/RN                               3.000000   59.445343  -56.445343 (VIOLATED)
_2089_/RN                               3.000000   59.445343  -56.445343 (VIOLATED)
_2090_/RN                               3.000000   59.445343  -56.445343 (VIOLATED)
_2091_/RN                               3.000000   59.445343  -56.445343 (VIOLATED)
_2092_/RN                               3.000000   59.445343  -56.445343 (VIOLATED)
_2093_/RN                               3.000000   59.445343  -56.445343 (VIOLATED)
_2094_/RN                               3.000000   59.445343  -56.445343 (VIOLATED)
_2095_/RN                               3.000000   59.445343  -56.445343 (VIOLATED)
_2096_/RN                               3.000000   59.445343  -56.445343 (VIOLATED)
_2097_/RN                               3.000000   59.445343  -56.445343 (VIOLATED)
_2098_/RN                               3.000000   59.445343  -56.445343 (VIOLATED)
_2099_/RN                               3.000000   59.445343  -56.445343 (VIOLATED)
_2100_/RN                               3.000000   59.445343  -56.445343 (VIOLATED)
_2101_/RN                               3.000000   59.445343  -56.445343 (VIOLATED)
_2102_/RN                               3.000000   59.445343  -56.445343 (VIOLATED)
_2103_/RN                               3.000000   59.445343  -56.445343 (VIOLATED)
_2104_/RN                               3.000000   59.445343  -56.445343 (VIOLATED)
_2105_/RN                               3.000000   59.445343  -56.445343 (VIOLATED)
_2106_/RN                               3.000000   59.445343  -56.445343 (VIOLATED)
_2107_/RN                               3.000000   59.445343  -56.445343 (VIOLATED)
_2108_/RN                               3.000000   59.445343  -56.445343 (VIOLATED)
_2109_/RN                               3.000000   59.445343  -56.445343 (VIOLATED)
_2110_/RN                               3.000000   59.445343  -56.445343 (VIOLATED)
_2111_/RN                               3.000000   59.445343  -56.445343 (VIOLATED)
_2112_/RN                               3.000000   59.445343  -56.445343 (VIOLATED)
_2113_/RN                               3.000000   59.445343  -56.445343 (VIOLATED)
_2114_/RN                               3.000000   59.445343  -56.445343 (VIOLATED)
_2115_/RN                               3.000000   59.445343  -56.445343 (VIOLATED)
_2116_/RN                               3.000000   59.445343  -56.445343 (VIOLATED)
_2117_/RN                               3.000000   59.445343  -56.445343 (VIOLATED)
_2118_/RN                               3.000000   59.445343  -56.445343 (VIOLATED)
_2119_/RN                               3.000000   59.445343  -56.445343 (VIOLATED)
_2120_/SETN                             3.000000   59.445343  -56.445343 (VIOLATED)
_2121_/SETN                             3.000000   59.445343  -56.445343 (VIOLATED)
_2122_/RN                               3.000000   59.445343  -56.445343 (VIOLATED)
_2123_/RN                               3.000000   59.445343  -56.445343 (VIOLATED)
_2124_/SETN                             3.000000   59.445343  -56.445343 (VIOLATED)
_2125_/SETN                             3.000000   59.445343  -56.445343 (VIOLATED)
_2126_/RN                               3.000000   59.445343  -56.445343 (VIOLATED)
_2127_/RN                               3.000000   59.445343  -56.445343 (VIOLATED)
_2128_/RN                               3.000000   59.445343  -56.445343 (VIOLATED)
_2129_/RN                               3.000000   59.445343  -56.445343 (VIOLATED)
_2130_/RN                               3.000000   59.445343  -56.445343 (VIOLATED)
_2131_/RN                               3.000000   59.445343  -56.445343 (VIOLATED)
_2132_/RN                               3.000000   59.445343  -56.445343 (VIOLATED)
_2133_/RN                               3.000000   59.445343  -56.445343 (VIOLATED)
_2134_/RN                               3.000000   59.445343  -56.445343 (VIOLATED)
_2135_/RN                               3.000000   59.445343  -56.445343 (VIOLATED)
_2136_/RN                               3.000000   59.445343  -56.445343 (VIOLATED)
_2137_/RN                               3.000000   59.445343  -56.445343 (VIOLATED)
_2138_/RN                               3.000000   59.445343  -56.445343 (VIOLATED)
_2139_/RN                               3.000000   59.445343  -56.445343 (VIOLATED)
_2140_/RN                               3.000000   59.445343  -56.445343 (VIOLATED)
_2141_/RN                               3.000000   59.445343  -56.445343 (VIOLATED)
_2142_/RN                               3.000000   59.445343  -56.445343 (VIOLATED)
_2143_/RN                               3.000000   59.445343  -56.445343 (VIOLATED)
_2144_/RN                               3.000000   59.445343  -56.445343 (VIOLATED)
_2145_/RN                               3.000000   59.445343  -56.445343 (VIOLATED)
_2157_/SETN                             3.000000   59.445343  -56.445343 (VIOLATED)
_2158_/SETN                             3.000000   59.445343  -56.445343 (VIOLATED)
_2159_/SETN                             3.000000   59.445343  -56.445343 (VIOLATED)
_2160_/RN                               3.000000   59.445343  -56.445343 (VIOLATED)
_2161_/RN                               3.000000   59.445343  -56.445343 (VIOLATED)
_2162_/RN                               3.000000   59.445343  -56.445343 (VIOLATED)
_2163_/RN                               3.000000   59.445343  -56.445343 (VIOLATED)
_2164_/RN                               3.000000   59.445343  -56.445343 (VIOLATED)
_2165_/RN                               3.000000   59.445343  -56.445343 (VIOLATED)
_2166_/RN                               3.000000   59.445343  -56.445343 (VIOLATED)
_2167_/RN                               3.000000   59.445343  -56.445343 (VIOLATED)
_2168_/RN                               3.000000   59.445343  -56.445343 (VIOLATED)
_2169_/RN                               3.000000   59.445343  -56.445343 (VIOLATED)
_2170_/RN                               3.000000   59.445343  -56.445343 (VIOLATED)
_2171_/RN                               3.000000   59.445343  -56.445343 (VIOLATED)
_2172_/RN                               3.000000   59.445343  -56.445343 (VIOLATED)
_2173_/RN                               3.000000   59.445343  -56.445343 (VIOLATED)
_2174_/RN                               3.000000   59.445343  -56.445343 (VIOLATED)
_2175_/RN                               3.000000   59.445343  -56.445343 (VIOLATED)
_2176_/RN                               3.000000   59.445343  -56.445343 (VIOLATED)
_2177_/RN                               3.000000   59.445343  -56.445343 (VIOLATED)
_2178_/RN                               3.000000   59.445343  -56.445343 (VIOLATED)
_2179_/RN                               3.000000   59.445343  -56.445343 (VIOLATED)
_2180_/RN                               3.000000   59.445343  -56.445343 (VIOLATED)
_2181_/RN                               3.000000   59.445343  -56.445343 (VIOLATED)
_2182_/RN                               3.000000   59.445343  -56.445343 (VIOLATED)
_2183_/RN                               3.000000   59.445343  -56.445343 (VIOLATED)
_2184_/RN                               3.000000   59.445343  -56.445343 (VIOLATED)
_2185_/RN                               3.000000   59.445343  -56.445343 (VIOLATED)
_2186_/RN                               3.000000   59.445343  -56.445343 (VIOLATED)
_2187_/RN                               3.000000   59.445343  -56.445343 (VIOLATED)
_2188_/RN                               3.000000   59.445343  -56.445343 (VIOLATED)
_2189_/RN                               3.000000   59.445343  -56.445343 (VIOLATED)
_2190_/RN                               3.000000   59.445343  -56.445343 (VIOLATED)
_2191_/RN                               3.000000   59.445343  -56.445343 (VIOLATED)
_2192_/RN                               3.000000   59.445343  -56.445343 (VIOLATED)
_2193_/RN                               3.000000   59.445343  -56.445343 (VIOLATED)
_2194_/RN                               3.000000   59.445343  -56.445343 (VIOLATED)
_1583_/ZN                               3.000000   26.099361  -23.099361 (VIOLATED)
_1584_/S                                3.000000   26.099361  -23.099361 (VIOLATED)
_1585_/S                                3.000000   26.099361  -23.099361 (VIOLATED)
_1586_/S                                3.000000   26.099361  -23.099361 (VIOLATED)
_1587_/S                                3.000000   26.099361  -23.099361 (VIOLATED)
_1588_/S                                3.000000   26.099361  -23.099361 (VIOLATED)
_1589_/S                                3.000000   26.099361  -23.099361 (VIOLATED)
_1590_/S                                3.000000   26.099361  -23.099361 (VIOLATED)
_1591_/S                                3.000000   26.099361  -23.099361 (VIOLATED)
_1592_/S                                3.000000   26.099361  -23.099361 (VIOLATED)
_1593_/S                                3.000000   26.099361  -23.099361 (VIOLATED)
_1594_/S                                3.000000   26.099361  -23.099361 (VIOLATED)
_1595_/S                                3.000000   26.099361  -23.099361 (VIOLATED)
_1596_/S                                3.000000   26.099361  -23.099361 (VIOLATED)
_1597_/S                                3.000000   26.099361  -23.099361 (VIOLATED)
_1598_/S                                3.000000   26.099361  -23.099361 (VIOLATED)
_1599_/S                                3.000000   26.099361  -23.099361 (VIOLATED)
_1600_/S                                3.000000   26.099361  -23.099361 (VIOLATED)
_1601_/S                                3.000000   26.099361  -23.099361 (VIOLATED)
_1602_/S                                3.000000   26.099361  -23.099361 (VIOLATED)
_1603_/S                                3.000000   26.099361  -23.099361 (VIOLATED)
_1666_/S                                3.000000   26.099361  -23.099361 (VIOLATED)
_1667_/S                                3.000000   26.099361  -23.099361 (VIOLATED)
_1672_/S                                3.000000   26.099361  -23.099361 (VIOLATED)
_0966_/ZN                               3.000000   20.204201  -17.204201 (VIOLATED)
_1856_/RN                               3.000000   20.204201  -17.204201 (VIOLATED)
_1857_/RN                               3.000000   20.204201  -17.204201 (VIOLATED)
_1858_/RN                               3.000000   20.204201  -17.204201 (VIOLATED)
_1859_/RN                               3.000000   20.204201  -17.204201 (VIOLATED)
_1860_/RN                               3.000000   20.204201  -17.204201 (VIOLATED)
_1861_/RN                               3.000000   20.204201  -17.204201 (VIOLATED)
_1862_/RN                               3.000000   20.204201  -17.204201 (VIOLATED)
_1863_/RN                               3.000000   20.204201  -17.204201 (VIOLATED)
_1864_/RN                               3.000000   20.204201  -17.204201 (VIOLATED)
_1865_/RN                               3.000000   20.204201  -17.204201 (VIOLATED)
_1866_/RN                               3.000000   20.204201  -17.204201 (VIOLATED)
_1867_/RN                               3.000000   20.204201  -17.204201 (VIOLATED)
_1868_/RN                               3.000000   20.204201  -17.204201 (VIOLATED)
_1869_/RN                               3.000000   20.204201  -17.204201 (VIOLATED)
_1870_/RN                               3.000000   20.204201  -17.204201 (VIOLATED)
_1871_/RN                               3.000000   20.204201  -17.204201 (VIOLATED)
_1872_/RN                               3.000000   20.204201  -17.204201 (VIOLATED)
_1873_/RN                               3.000000   20.204201  -17.204201 (VIOLATED)
_1874_/RN                               3.000000   20.204201  -17.204201 (VIOLATED)
_1875_/RN                               3.000000   20.204201  -17.204201 (VIOLATED)
_1876_/RN                               3.000000   20.204201  -17.204201 (VIOLATED)
_1877_/RN                               3.000000   20.204201  -17.204201 (VIOLATED)
_1878_/RN                               3.000000   20.204201  -17.204201 (VIOLATED)
_1879_/RN                               3.000000   20.204201  -17.204201 (VIOLATED)
_1880_/RN                               3.000000   20.204201  -17.204201 (VIOLATED)
_1881_/RN                               3.000000   20.204201  -17.204201 (VIOLATED)
_1882_/RN                               3.000000   20.204201  -17.204201 (VIOLATED)
_1883_/RN                               3.000000   20.204201  -17.204201 (VIOLATED)
_1884_/RN                               3.000000   20.204201  -17.204201 (VIOLATED)
_1885_/RN                               3.000000   20.204201  -17.204201 (VIOLATED)
_1886_/RN                               3.000000   20.204201  -17.204201 (VIOLATED)
_1887_/RN                               3.000000   20.204201  -17.204201 (VIOLATED)
_1888_/RN                               3.000000   20.204201  -17.204201 (VIOLATED)
_1889_/RN                               3.000000   20.204201  -17.204201 (VIOLATED)
_1890_/SETN                             3.000000   20.204201  -17.204201 (VIOLATED)
_1891_/SETN                             3.000000   20.204201  -17.204201 (VIOLATED)
_1892_/SETN                             3.000000   20.204201  -17.204201 (VIOLATED)
_1893_/SETN                             3.000000   20.204201  -17.204201 (VIOLATED)
_1894_/RN                               3.000000   20.204201  -17.204201 (VIOLATED)
_1895_/RN                               3.000000   20.204201  -17.204201 (VIOLATED)
_2146_/RN                               3.000000   20.204201  -17.204201 (VIOLATED)
_2147_/RN                               3.000000   20.204201  -17.204201 (VIOLATED)
_2148_/SETN                             3.000000   20.204201  -17.204201 (VIOLATED)
_2149_/SETN                             3.000000   20.204201  -17.204201 (VIOLATED)
_2150_/RN                               3.000000   20.204201  -17.204201 (VIOLATED)
_2151_/RN                               3.000000   20.204201  -17.204201 (VIOLATED)
_2152_/SETN                             3.000000   20.204201  -17.204201 (VIOLATED)
_2153_/SETN                             3.000000   20.204201  -17.204201 (VIOLATED)
_2154_/RN                               3.000000   20.204201  -17.204201 (VIOLATED)
_2155_/RN                               3.000000   20.204201  -17.204201 (VIOLATED)
_2156_/RN                               3.000000   20.204201  -17.204201 (VIOLATED)
_1617_/ZN                               3.000000   18.332573  -15.332573 (VIOLATED)
_1618_/S                                3.000000   18.332573  -15.332573 (VIOLATED)
_1619_/S                                3.000000   18.332573  -15.332573 (VIOLATED)
_1620_/S                                3.000000   18.332573  -15.332573 (VIOLATED)
_1621_/S                                3.000000   18.332573  -15.332573 (VIOLATED)
_1622_/S                                3.000000   18.332573  -15.332573 (VIOLATED)
_1623_/S                                3.000000   18.332573  -15.332573 (VIOLATED)
_1624_/S                                3.000000   18.332573  -15.332573 (VIOLATED)
_1625_/S                                3.000000   18.332573  -15.332573 (VIOLATED)
_1626_/S                                3.000000   18.332573  -15.332573 (VIOLATED)
_1627_/S                                3.000000   18.332573  -15.332573 (VIOLATED)
_1628_/S                                3.000000   18.332573  -15.332573 (VIOLATED)
_1629_/S                                3.000000   18.332573  -15.332573 (VIOLATED)
_1630_/S                                3.000000   18.332573  -15.332573 (VIOLATED)
_1631_/S                                3.000000   18.332573  -15.332573 (VIOLATED)
_1632_/S                                3.000000   18.332573  -15.332573 (VIOLATED)
_1633_/S                                3.000000   18.332573  -15.332573 (VIOLATED)
_1635_/ZN                               3.000000   13.904551  -10.904551 (VIOLATED)
_1636_/S                                3.000000   13.904551  -10.904551 (VIOLATED)
_1637_/S                                3.000000   13.904551  -10.904551 (VIOLATED)
_1638_/S                                3.000000   13.904551  -10.904551 (VIOLATED)
_1639_/S                                3.000000   13.904551  -10.904551 (VIOLATED)
_1640_/S                                3.000000   13.904551  -10.904551 (VIOLATED)
_1641_/S                                3.000000   13.904551  -10.904551 (VIOLATED)
_1642_/S                                3.000000   13.904551  -10.904551 (VIOLATED)
_1643_/S                                3.000000   13.904551  -10.904551 (VIOLATED)
_1644_/S                                3.000000   13.904551  -10.904551 (VIOLATED)
_1645_/S                                3.000000   13.904551  -10.904551 (VIOLATED)
_1646_/S                                3.000000   13.904551  -10.904551 (VIOLATED)
_1647_/S                                3.000000   13.904551  -10.904551 (VIOLATED)
_1648_/ZN                               3.000000   13.729135  -10.729136 (VIOLATED)
_1649_/S                                3.000000   13.729135  -10.729136 (VIOLATED)
_1650_/S                                3.000000   13.729135  -10.729136 (VIOLATED)
_1651_/S                                3.000000   13.729135  -10.729136 (VIOLATED)
_1652_/S                                3.000000   13.729135  -10.729136 (VIOLATED)
_1653_/S                                3.000000   13.729135  -10.729136 (VIOLATED)
_1654_/S                                3.000000   13.729135  -10.729136 (VIOLATED)
_1655_/S                                3.000000   13.729135  -10.729136 (VIOLATED)
_1656_/S                                3.000000   13.729135  -10.729136 (VIOLATED)
_1657_/S                                3.000000   13.729135  -10.729136 (VIOLATED)
_1658_/S                                3.000000   13.729135  -10.729136 (VIOLATED)
_1659_/S                                3.000000   13.729135  -10.729136 (VIOLATED)
_1660_/S                                3.000000   13.729135  -10.729136 (VIOLATED)
_1661_/S                                3.000000   13.729135  -10.729136 (VIOLATED)
_1662_/S                                3.000000   13.729135  -10.729136 (VIOLATED)
_1663_/S                                3.000000   13.729135  -10.729136 (VIOLATED)
_1664_/S                                3.000000   13.729135  -10.729136 (VIOLATED)
_1835_/ZN                               3.000000   11.759253   -8.759254 (VIOLATED)
_1836_/S                                3.000000   11.759253   -8.759254 (VIOLATED)
_1837_/S                                3.000000   11.759253   -8.759254 (VIOLATED)
_1838_/S                                3.000000   11.759253   -8.759254 (VIOLATED)
_1839_/S                                3.000000   11.759253   -8.759254 (VIOLATED)
_1840_/S                                3.000000   11.759253   -8.759254 (VIOLATED)
_1841_/S                                3.000000   11.759253   -8.759254 (VIOLATED)
_1842_/S                                3.000000   11.759253   -8.759254 (VIOLATED)
_1843_/S                                3.000000   11.759253   -8.759254 (VIOLATED)
_1844_/S                                3.000000   11.759253   -8.759254 (VIOLATED)
_1845_/S                                3.000000   11.759253   -8.759254 (VIOLATED)
_1846_/S                                3.000000   11.759253   -8.759254 (VIOLATED)
_1847_/S                                3.000000   11.759253   -8.759254 (VIOLATED)
_1848_/S                                3.000000   11.759253   -8.759254 (VIOLATED)
_1849_/S                                3.000000   11.759253   -8.759254 (VIOLATED)
_1850_/S                                3.000000   11.759253   -8.759254 (VIOLATED)
_1851_/S                                3.000000   11.759253   -8.759254 (VIOLATED)
_1852_/S                                3.000000   11.759253   -8.759254 (VIOLATED)
_1853_/S                                3.000000   11.759253   -8.759254 (VIOLATED)
_1854_/S                                3.000000   11.759253   -8.759254 (VIOLATED)
_1855_/S                                3.000000   11.759253   -8.759254 (VIOLATED)
_1424_/ZN                               3.000000    9.476680   -6.476680 (VIOLATED)
_1425_/S                                3.000000    9.476680   -6.476680 (VIOLATED)
_1426_/S                                3.000000    9.476680   -6.476680 (VIOLATED)
_1427_/S                                3.000000    9.476680   -6.476680 (VIOLATED)
_1428_/S                                3.000000    9.476680   -6.476680 (VIOLATED)
_1429_/S                                3.000000    9.476680   -6.476680 (VIOLATED)
_1430_/S                                3.000000    9.476680   -6.476680 (VIOLATED)
_1431_/S                                3.000000    9.476680   -6.476680 (VIOLATED)
_1432_/S                                3.000000    9.476680   -6.476680 (VIOLATED)
_1332_/ZN                               3.000000    9.010574   -6.010574 (VIOLATED)
_1334_/A2                               3.000000    9.010574   -6.010574 (VIOLATED)
_1351_/B1                               3.000000    9.010574   -6.010574 (VIOLATED)
_1359_/B1                               3.000000    9.010574   -6.010574 (VIOLATED)
_1362_/A2                               3.000000    9.010574   -6.010574 (VIOLATED)
_1371_/B1                               3.000000    9.010574   -6.010574 (VIOLATED)
_1375_/A2                               3.000000    9.010574   -6.010574 (VIOLATED)
_1381_/A2                               3.000000    9.010574   -6.010574 (VIOLATED)
_1384_/A2                               3.000000    9.010574   -6.010574 (VIOLATED)
_1387_/A2                               3.000000    9.010574   -6.010574 (VIOLATED)
_1390_/A2                               3.000000    9.010574   -6.010574 (VIOLATED)
_1392_/A2                               3.000000    9.010574   -6.010574 (VIOLATED)
_1395_/A2                               3.000000    9.010574   -6.010574 (VIOLATED)
_1398_/A2                               3.000000    9.010574   -6.010574 (VIOLATED)
_1400_/A2                               3.000000    9.010574   -6.010574 (VIOLATED)
_1402_/A2                               3.000000    9.010574   -6.010574 (VIOLATED)
_1404_/A2                               3.000000    9.010574   -6.010574 (VIOLATED)
_1455_/ZN                               3.000000    6.655417   -3.655417 (VIOLATED)
_1457_/A1                               3.000000    6.655417   -3.655417 (VIOLATED)
_1475_/A4                               3.000000    6.655417   -3.655417 (VIOLATED)
_1478_/A2                               3.000000    6.655417   -3.655417 (VIOLATED)
_1481_/A1                               3.000000    6.655417   -3.655417 (VIOLATED)
_1484_/A1                               3.000000    6.655417   -3.655417 (VIOLATED)
_1487_/A1                               3.000000    6.655417   -3.655417 (VIOLATED)
_1490_/A1                               3.000000    6.655417   -3.655417 (VIOLATED)
_1493_/A1                               3.000000    6.655417   -3.655417 (VIOLATED)
_1496_/A1                               3.000000    6.655417   -3.655417 (VIOLATED)
_1498_/A1                               3.000000    6.655417   -3.655417 (VIOLATED)
_1501_/A1                               3.000000    6.655417   -3.655417 (VIOLATED)
_1510_/A1                               3.000000    6.655417   -3.655417 (VIOLATED)
_1511_/B                                3.000000    6.655417   -3.655417 (VIOLATED)
_1528_/S                                3.000000    6.655417   -3.655417 (VIOLATED)
_1529_/S                                3.000000    6.655417   -3.655417 (VIOLATED)
_1530_/S                                3.000000    6.655417   -3.655417 (VIOLATED)
_1531_/S                                3.000000    6.655417   -3.655417 (VIOLATED)
_1560_/A2                               3.000000    6.655417   -3.655417 (VIOLATED)
_1577_/A1                               3.000000    6.655417   -3.655417 (VIOLATED)
_0904_/ZN                               3.000000    6.522119   -3.522119 (VIOLATED)
_0966_/A1                               3.000000    6.522119   -3.522119 (VIOLATED)
rx_char_event_o                         3.000000    6.248726   -3.248726 (VIOLATED)
_0965_/ZN                               3.000000    6.248726   -3.248726 (VIOLATED)
_1335_/ZN                               3.000000    6.179907   -3.179908 (VIOLATED)
_1350_/B1                               3.000000    6.179907   -3.179908 (VIOLATED)
_1357_/B1                               3.000000    6.179907   -3.179908 (VIOLATED)
_1364_/B1                               3.000000    6.179907   -3.179908 (VIOLATED)
_1369_/B1                               3.000000    6.179907   -3.179908 (VIOLATED)
_1375_/B1                               3.000000    6.179907   -3.179908 (VIOLATED)
_1381_/C1                               3.000000    6.179907   -3.179908 (VIOLATED)
_1384_/C1                               3.000000    6.179907   -3.179908 (VIOLATED)
_1387_/C1                               3.000000    6.179907   -3.179908 (VIOLATED)
_1390_/C1                               3.000000    6.179907   -3.179908 (VIOLATED)
_1392_/B1                               3.000000    6.179907   -3.179908 (VIOLATED)
_1395_/B1                               3.000000    6.179907   -3.179908 (VIOLATED)
_1604_/ZN                               3.000000    6.138902   -3.138902 (VIOLATED)
_1605_/S                                3.000000    6.138902   -3.138902 (VIOLATED)
_1606_/S                                3.000000    6.138902   -3.138902 (VIOLATED)
_1607_/S                                3.000000    6.138902   -3.138902 (VIOLATED)
_1608_/S                                3.000000    6.138902   -3.138902 (VIOLATED)
_1609_/S                                3.000000    6.138902   -3.138902 (VIOLATED)
_1610_/S                                3.000000    6.138902   -3.138902 (VIOLATED)
_1611_/S                                3.000000    6.138902   -3.138902 (VIOLATED)
_1612_/S                                3.000000    6.138902   -3.138902 (VIOLATED)
_1613_/S                                3.000000    6.138902   -3.138902 (VIOLATED)
_1614_/S                                3.000000    6.138902   -3.138902 (VIOLATED)
_1615_/S                                3.000000    6.138902   -3.138902 (VIOLATED)
_1616_/S                                3.000000    6.138902   -3.138902 (VIOLATED)
data_tx_req_o                           3.000000    5.707353   -2.707353 (VIOLATED)
_0996_/ZN                               3.000000    5.707353   -2.707353 (VIOLATED)
_1548_/A1                               3.000000    5.707353   -2.707353 (VIOLATED)
_1549_/A1                               3.000000    5.707353   -2.707353 (VIOLATED)
_1550_/A1                               3.000000    5.707353   -2.707353 (VIOLATED)
_1177_/ZN                               3.000000    5.241509   -2.241509 (VIOLATED)
_1179_/A1                               3.000000    5.241509   -2.241509 (VIOLATED)
_1180_/A3                               3.000000    5.241509   -2.241509 (VIOLATED)
_1181_/A3                               3.000000    5.241509   -2.241509 (VIOLATED)
_1182_/A3                               3.000000    5.241509   -2.241509 (VIOLATED)
_1183_/A3                               3.000000    5.241509   -2.241509 (VIOLATED)
_1184_/A3                               3.000000    5.241509   -2.241509 (VIOLATED)
_1185_/A3                               3.000000    5.241509   -2.241509 (VIOLATED)
_1186_/A3                               3.000000    5.241509   -2.241509 (VIOLATED)
_1187_/A3                               3.000000    5.241509   -2.241509 (VIOLATED)
_1188_/A3                               3.000000    5.241509   -2.241509 (VIOLATED)
_1189_/A3                               3.000000    5.241509   -2.241509 (VIOLATED)
_1190_/A3                               3.000000    5.241509   -2.241509 (VIOLATED)
_1191_/A3                               3.000000    5.241509   -2.241509 (VIOLATED)
_1192_/A3                               3.000000    5.241509   -2.241509 (VIOLATED)
_1193_/A3                               3.000000    5.241509   -2.241509 (VIOLATED)
_1194_/A3                               3.000000    5.241509   -2.241509 (VIOLATED)
_1195_/A3                               3.000000    5.241509   -2.241509 (VIOLATED)
_1325_/A4                               3.000000    5.241509   -2.241509 (VIOLATED)
_1326_/A4                               3.000000    5.241509   -2.241509 (VIOLATED)
_1333_/A1                               3.000000    5.241509   -2.241509 (VIOLATED)
_1051_/ZN                               3.000000    5.159718   -2.159718 (VIOLATED)
_1057_/A2                               3.000000    5.159718   -2.159718 (VIOLATED)
_1305_/S0                               3.000000    5.159718   -2.159718 (VIOLATED)
_1306_/S0                               3.000000    5.159718   -2.159718 (VIOLATED)
_1307_/S0                               3.000000    5.159718   -2.159718 (VIOLATED)
_1308_/S0                               3.000000    5.159718   -2.159718 (VIOLATED)
_1309_/S0                               3.000000    5.159718   -2.159718 (VIOLATED)
_1310_/S0                               3.000000    5.159718   -2.159718 (VIOLATED)
_1311_/S0                               3.000000    5.159718   -2.159718 (VIOLATED)
_1312_/S0                               3.000000    5.159718   -2.159718 (VIOLATED)
_1706_/ZN                               3.000000    4.994031   -1.994032 (VIOLATED)
_1707_/S                                3.000000    4.994031   -1.994032 (VIOLATED)
_1708_/S                                3.000000    4.994031   -1.994032 (VIOLATED)
_1709_/S                                3.000000    4.994031   -1.994032 (VIOLATED)
_1710_/S                                3.000000    4.994031   -1.994032 (VIOLATED)
_1714_/S                                3.000000    4.994031   -1.994032 (VIOLATED)
_1718_/S                                3.000000    4.994031   -1.994032 (VIOLATED)
_1721_/A1                               3.000000    4.994031   -1.994032 (VIOLATED)
_1722_/A1                               3.000000    4.994031   -1.994032 (VIOLATED)
_1723_/A1                               3.000000    4.994031   -1.994032 (VIOLATED)
_1724_/A2                               3.000000    4.994031   -1.994032 (VIOLATED)
_1726_/I1                               3.000000    4.994031   -1.994032 (VIOLATED)
_1729_/B1                               3.000000    4.994031   -1.994032 (VIOLATED)
_1731_/A2                               3.000000    4.994031   -1.994032 (VIOLATED)
_1732_/A2                               3.000000    4.994031   -1.994032 (VIOLATED)
_1501_/ZN                               3.000000    4.894996   -1.894996 (VIOLATED)
_1502_/S                                3.000000    4.894996   -1.894996 (VIOLATED)
_1503_/S                                3.000000    4.894996   -1.894996 (VIOLATED)
_1504_/S                                3.000000    4.894996   -1.894996 (VIOLATED)
_1505_/S                                3.000000    4.894996   -1.894996 (VIOLATED)
_1506_/S                                3.000000    4.894996   -1.894996 (VIOLATED)
_1507_/S                                3.000000    4.894996   -1.894996 (VIOLATED)
_1508_/S                                3.000000    4.894996   -1.894996 (VIOLATED)
_1509_/S                                3.000000    4.894996   -1.894996 (VIOLATED)
_1433_/ZN                               3.000000    4.844434   -1.844434 (VIOLATED)
_1434_/S                                3.000000    4.844434   -1.844434 (VIOLATED)
_1435_/S                                3.000000    4.844434   -1.844434 (VIOLATED)
_1436_/S                                3.000000    4.844434   -1.844434 (VIOLATED)
_1437_/S                                3.000000    4.844434   -1.844434 (VIOLATED)
_1438_/S                                3.000000    4.844434   -1.844434 (VIOLATED)
_1439_/S                                3.000000    4.844434   -1.844434 (VIOLATED)
_1440_/S                                3.000000    4.844434   -1.844434 (VIOLATED)
_1441_/S                                3.000000    4.844434   -1.844434 (VIOLATED)
_1558_/ZN                               3.000000    4.708765   -1.708765 (VIOLATED)
_1561_/S                                3.000000    4.708765   -1.708765 (VIOLATED)
_1562_/S                                3.000000    4.708765   -1.708765 (VIOLATED)
_1563_/S                                3.000000    4.708765   -1.708765 (VIOLATED)
_1564_/S                                3.000000    4.708765   -1.708765 (VIOLATED)
_1565_/S                                3.000000    4.708765   -1.708765 (VIOLATED)
_1566_/S                                3.000000    4.708765   -1.708765 (VIOLATED)
_1567_/S                                3.000000    4.708765   -1.708765 (VIOLATED)
_1568_/S                                3.000000    4.708765   -1.708765 (VIOLATED)
_1676_/ZN                               3.000000    4.708734   -1.708734 (VIOLATED)
_1677_/S                                3.000000    4.708734   -1.708734 (VIOLATED)
_1678_/S                                3.000000    4.708734   -1.708734 (VIOLATED)
_1679_/S                                3.000000    4.708734   -1.708734 (VIOLATED)
_1680_/S                                3.000000    4.708734   -1.708734 (VIOLATED)
_1681_/S                                3.000000    4.708734   -1.708734 (VIOLATED)
_1682_/S                                3.000000    4.708734   -1.708734 (VIOLATED)
_1683_/S                                3.000000    4.708734   -1.708734 (VIOLATED)
_1684_/S                                3.000000    4.708734   -1.708734 (VIOLATED)
_1170_/ZN                               3.000000    4.375892   -1.375892 (VIOLATED)
_1433_/B                                3.000000    4.375892   -1.375892 (VIOLATED)
_1442_/S                                3.000000    4.375892   -1.375892 (VIOLATED)
_1443_/S                                3.000000    4.375892   -1.375892 (VIOLATED)
_1444_/S                                3.000000    4.375892   -1.375892 (VIOLATED)
_1445_/S                                3.000000    4.375892   -1.375892 (VIOLATED)
uart_tx_o                               3.000000    4.200232   -1.200232 (VIOLATED)
_1316_/ZN                               3.000000    4.200232   -1.200232 (VIOLATED)
_1415_/ZN                               3.000000    4.185620   -1.185620 (VIOLATED)
_1416_/S                                3.000000    4.185620   -1.185620 (VIOLATED)
_1417_/S                                3.000000    4.185620   -1.185620 (VIOLATED)
_1418_/S                                3.000000    4.185620   -1.185620 (VIOLATED)
_1419_/S                                3.000000    4.185620   -1.185620 (VIOLATED)
_1420_/S                                3.000000    4.185620   -1.185620 (VIOLATED)
_1421_/S                                3.000000    4.185620   -1.185620 (VIOLATED)
_1422_/S                                3.000000    4.185620   -1.185620 (VIOLATED)
_1423_/S                                3.000000    4.185620   -1.185620 (VIOLATED)
_1457_/ZN                               3.000000    4.149556   -1.149556 (VIOLATED)
_1459_/S                                3.000000    4.149556   -1.149556 (VIOLATED)
_1461_/S                                3.000000    4.149556   -1.149556 (VIOLATED)
_1463_/S                                3.000000    4.149556   -1.149556 (VIOLATED)
_1465_/S                                3.000000    4.149556   -1.149556 (VIOLATED)
_1467_/S                                3.000000    4.149556   -1.149556 (VIOLATED)
_1469_/S                                3.000000    4.149556   -1.149556 (VIOLATED)
_1471_/S                                3.000000    4.149556   -1.149556 (VIOLATED)
_1473_/S                                3.000000    4.149556   -1.149556 (VIOLATED)
_1449_/ZN                               3.000000    4.000856   -1.000856 (VIOLATED)
_1450_/S                                3.000000    4.000856   -1.000856 (VIOLATED)
_1451_/S                                3.000000    4.000856   -1.000856 (VIOLATED)
_1452_/S                                3.000000    4.000856   -1.000856 (VIOLATED)
_1453_/S                                3.000000    4.000856   -1.000856 (VIOLATED)
_1474_/ZN                               3.000000    3.844157   -0.844158 (VIOLATED)
_1477_/B                                3.000000    3.844157   -0.844158 (VIOLATED)
_1515_/A1                               3.000000    3.844157   -0.844158 (VIOLATED)
_1517_/A1                               3.000000    3.844157   -0.844158 (VIOLATED)
_1519_/A1                               3.000000    3.844157   -0.844158 (VIOLATED)
_1521_/A1                               3.000000    3.844157   -0.844158 (VIOLATED)
_1523_/A1                               3.000000    3.844157   -0.844158 (VIOLATED)
_1525_/A1                               3.000000    3.844157   -0.844158 (VIOLATED)
_1527_/A1                               3.000000    3.844157   -0.844158 (VIOLATED)
data_rx_o[0]                            3.000000    3.623208   -0.623208 (VIOLATED)
data_rx_o[1]                            3.000000    3.623208   -0.623208 (VIOLATED)
data_rx_o[2]                            3.000000    3.623208   -0.623208 (VIOLATED)
data_rx_o[3]                            3.000000    3.623208   -0.623208 (VIOLATED)
data_rx_o[4]                            3.000000    3.623208   -0.623208 (VIOLATED)
data_rx_o[5]                            3.000000    3.623208   -0.623208 (VIOLATED)
data_rx_o[6]                            3.000000    3.623208   -0.623208 (VIOLATED)
data_rx_o[7]                            3.000000    3.623208   -0.623208 (VIOLATED)
_1305_/Z                                3.000000    3.623208   -0.623208 (VIOLATED)
_1306_/Z                                3.000000    3.623208   -0.623208 (VIOLATED)
_1307_/Z                                3.000000    3.623208   -0.623208 (VIOLATED)
_1308_/Z                                3.000000    3.623208   -0.623208 (VIOLATED)
_1309_/Z                                3.000000    3.623208   -0.623208 (VIOLATED)
_1310_/Z                                3.000000    3.623208   -0.623208 (VIOLATED)
_1311_/Z                                3.000000    3.623208   -0.623208 (VIOLATED)
_1312_/Z                                3.000000    3.623208   -0.623208 (VIOLATED)
_1677_/I1                               3.000000    3.623208   -0.623208 (VIOLATED)
_1678_/I1                               3.000000    3.623208   -0.623208 (VIOLATED)
_1679_/I1                               3.000000    3.623208   -0.623208 (VIOLATED)
_1680_/I1                               3.000000    3.623208   -0.623208 (VIOLATED)
_1681_/I1                               3.000000    3.623208   -0.623208 (VIOLATED)
_1682_/I1                               3.000000    3.623208   -0.623208 (VIOLATED)
_1683_/I1                               3.000000    3.623208   -0.623208 (VIOLATED)
_1684_/I1                               3.000000    3.623208   -0.623208 (VIOLATED)
_1557_/ZN                               3.000000    3.331187   -0.331187 (VIOLATED)
_1569_/S                                3.000000    3.331187   -0.331187 (VIOLATED)
_1570_/S                                3.000000    3.331187   -0.331187 (VIOLATED)
_1571_/S                                3.000000    3.331187   -0.331187 (VIOLATED)
_1572_/S                                3.000000    3.331187   -0.331187 (VIOLATED)
_1573_/S                                3.000000    3.331187   -0.331187 (VIOLATED)
_1574_/S                                3.000000    3.331187   -0.331187 (VIOLATED)
_1575_/S                                3.000000    3.331187   -0.331187 (VIOLATED)
_1576_/S                                3.000000    3.331187   -0.331187 (VIOLATED)
_1056_/ZN                               3.000000    3.131600   -0.131600 (VIOLATED)
_1057_/C2                               3.000000    3.131600   -0.131600 (VIOLATED)
_1061_/A1                               3.000000    3.131600   -0.131600 (VIOLATED)
_1305_/S1                               3.000000    3.131600   -0.131600 (VIOLATED)
_1306_/S1                               3.000000    3.131600   -0.131600 (VIOLATED)
_1307_/S1                               3.000000    3.131600   -0.131600 (VIOLATED)
_1308_/S1                               3.000000    3.131600   -0.131600 (VIOLATED)
_1309_/S1                               3.000000    3.131600   -0.131600 (VIOLATED)
_1310_/S1                               3.000000    3.131600   -0.131600 (VIOLATED)
_1311_/S1                               3.000000    3.131600   -0.131600 (VIOLATED)
_1312_/S1                               3.000000    3.131600   -0.131600 (VIOLATED)
_1539_/ZN                               3.000000    3.040289   -0.040289 (VIOLATED)
_1541_/A2                               3.000000    3.040289   -0.040289 (VIOLATED)
_1752_/A2                               3.000000    3.040289   -0.040289 (VIOLATED)
_1761_/A1                               3.000000    3.040289   -0.040289 (VIOLATED)
_1768_/A1                               3.000000    3.040289   -0.040289 (VIOLATED)
_1776_/A1                               3.000000    3.040289   -0.040289 (VIOLATED)
_1784_/A1                               3.000000    3.040289   -0.040289 (VIOLATED)
_1792_/A1                               3.000000    3.040289   -0.040289 (VIOLATED)
_1800_/A1                               3.000000    3.040289   -0.040289 (VIOLATED)
_1808_/A1                               3.000000    3.040289   -0.040289 (VIOLATED)
_1816_/A1                               3.000000    3.040289   -0.040289 (VIOLATED)
_1822_/B                                3.000000    3.040289   -0.040289 (VIOLATED)

max fanout

Pin                                   Limit Fanout  Slack
---------------------------------------------------------
rstn_i                                   10    289   -279 (VIOLATED)
_0966_/ZN                                10     51    -41 (VIOLATED)
cfg_addr_i[3]                            10     27    -17 (VIOLATED)
_0906_/ZN                                10     24    -14 (VIOLATED)
_1583_/ZN                                10     23    -13 (VIOLATED)
_1177_/ZN                                10     20    -10 (VIOLATED)
_1835_/ZN                                10     20    -10 (VIOLATED)
_1455_/ZN                                10     19     -9 (VIOLATED)
_1009_/ZN                                10     17     -7 (VIOLATED)
_1012_/ZN                                10     16     -6 (VIOLATED)
_1196_/ZN                                10     16     -6 (VIOLATED)
_1332_/ZN                                10     16     -6 (VIOLATED)
_1333_/Z                                 10     16     -6 (VIOLATED)
_1617_/ZN                                10     16     -6 (VIOLATED)
_1648_/ZN                                10     16     -6 (VIOLATED)
cfg_addr_i[1]                            10     15     -5 (VIOLATED)
_2129_/Q                                 10     15     -5 (VIOLATED)
_1014_/ZN                                10     14     -4 (VIOLATED)
_1313_/Z                                 10     14     -4 (VIOLATED)
_1706_/ZN                                10     14     -4 (VIOLATED)
_2069_/Q                                 10     14     -4 (VIOLATED)
cfg_addr_i[4]                            10     13     -3 (VIOLATED)
_1159_/ZN                                10     13     -3 (VIOLATED)
_1251_/ZN                                10     13     -3 (VIOLATED)
cfg_rwn_i                                10     12     -2 (VIOLATED)
_0967_/ZN                                10     12     -2 (VIOLATED)
_1320_/ZN                                10     12     -2 (VIOLATED)
_1604_/ZN                                10     12     -2 (VIOLATED)
_1635_/ZN                                10     12     -2 (VIOLATED)
_1740_/ZN                                10     12     -2 (VIOLATED)
cfg_addr_i[2]                            10     11        (VIOLATED)
_1005_/ZN                                10     11        (VIOLATED)
_1335_/ZN                                10     11        (VIOLATED)
_1539_/ZN                                10     11        (VIOLATED)
_2054_/Q                                 10     11        (VIOLATED)
_2055_/Q                                 10     11        (VIOLATED)

max capacitance

Pin                                        Limit         Cap       Slack
------------------------------------------------------------------------
rstn_i                                  0.200000    2.115224   -1.915224 (VIOLATED)
_0966_/ZN                               0.121600    0.371046   -0.249446 (VIOLATED)
_1583_/ZN                               0.058450    0.239430   -0.180980 (VIOLATED)
_1617_/ZN                               0.058450    0.166560   -0.108110 (VIOLATED)
_1648_/ZN                               0.079850    0.166560   -0.086710 (VIOLATED)
_1635_/ZN                               0.058450    0.124920   -0.066470 (VIOLATED)
_1835_/ZN                               0.160800    0.208200   -0.047400 (VIOLATED)
_1424_/ZN                               0.058450    0.083280   -0.024830 (VIOLATED)
_1332_/ZN                               0.058450    0.078898   -0.020448 (VIOLATED)



===========================================================================
report_parasitic_annotation -report_unannotated
============================================================================
Found 1465 unannotated drivers.
 cfg_addr_i[0]
 cfg_addr_i[1]
 cfg_addr_i[2]
 cfg_addr_i[3]
 cfg_addr_i[4]
 cfg_data_i[0]
 cfg_data_i[10]
 cfg_data_i[11]
 cfg_data_i[12]
 cfg_data_i[13]
 cfg_data_i[14]
 cfg_data_i[15]
 cfg_data_i[16]
 cfg_data_i[17]
 cfg_data_i[18]
 cfg_data_i[19]
 cfg_data_i[1]
 cfg_data_i[20]
 cfg_data_i[21]
 cfg_data_i[22]
 cfg_data_i[23]
 cfg_data_i[24]
 cfg_data_i[25]
 cfg_data_i[26]
 cfg_data_i[27]
 cfg_data_i[28]
 cfg_data_i[29]
 cfg_data_i[2]
 cfg_data_i[30]
 cfg_data_i[31]
 cfg_data_i[3]
 cfg_data_i[4]
 cfg_data_i[5]
 cfg_data_i[6]
 cfg_data_i[7]
 cfg_data_i[8]
 cfg_data_i[9]
 cfg_rwn_i
 cfg_rx_bytes_left_i[0]
 cfg_rx_bytes_left_i[10]
 cfg_rx_bytes_left_i[11]
 cfg_rx_bytes_left_i[12]
 cfg_rx_bytes_left_i[13]
 cfg_rx_bytes_left_i[14]
 cfg_rx_bytes_left_i[15]
 cfg_rx_bytes_left_i[1]
 cfg_rx_bytes_left_i[2]
 cfg_rx_bytes_left_i[3]
 cfg_rx_bytes_left_i[4]
 cfg_rx_bytes_left_i[5]
 cfg_rx_bytes_left_i[6]
 cfg_rx_bytes_left_i[7]
 cfg_rx_bytes_left_i[8]
 cfg_rx_bytes_left_i[9]
 cfg_rx_curr_addr_i[0]
 cfg_rx_curr_addr_i[10]
 cfg_rx_curr_addr_i[11]
 cfg_rx_curr_addr_i[1]
 cfg_rx_curr_addr_i[2]
 cfg_rx_curr_addr_i[3]
 cfg_rx_curr_addr_i[4]
 cfg_rx_curr_addr_i[5]
 cfg_rx_curr_addr_i[6]
 cfg_rx_curr_addr_i[7]
 cfg_rx_curr_addr_i[8]
 cfg_rx_curr_addr_i[9]
 cfg_rx_en_i
 cfg_rx_pending_i
 cfg_tx_bytes_left_i[0]
 cfg_tx_bytes_left_i[10]
 cfg_tx_bytes_left_i[11]
 cfg_tx_bytes_left_i[12]
 cfg_tx_bytes_left_i[13]
 cfg_tx_bytes_left_i[14]
 cfg_tx_bytes_left_i[15]
 cfg_tx_bytes_left_i[1]
 cfg_tx_bytes_left_i[2]
 cfg_tx_bytes_left_i[3]
 cfg_tx_bytes_left_i[4]
 cfg_tx_bytes_left_i[5]
 cfg_tx_bytes_left_i[6]
 cfg_tx_bytes_left_i[7]
 cfg_tx_bytes_left_i[8]
 cfg_tx_bytes_left_i[9]
 cfg_tx_curr_addr_i[0]
 cfg_tx_curr_addr_i[10]
 cfg_tx_curr_addr_i[11]
 cfg_tx_curr_addr_i[1]
 cfg_tx_curr_addr_i[2]
 cfg_tx_curr_addr_i[3]
 cfg_tx_curr_addr_i[4]
 cfg_tx_curr_addr_i[5]
 cfg_tx_curr_addr_i[6]
 cfg_tx_curr_addr_i[7]
 cfg_tx_curr_addr_i[8]
 cfg_tx_curr_addr_i[9]
 cfg_tx_en_i
 cfg_tx_pending_i
 cfg_valid_i
 data_rx_ready_i
 data_tx_gnt_i
 data_tx_i[0]
 data_tx_i[10]
 data_tx_i[11]
 data_tx_i[12]
 data_tx_i[13]
 data_tx_i[14]
 data_tx_i[15]
 data_tx_i[16]
 data_tx_i[17]
 data_tx_i[18]
 data_tx_i[19]
 data_tx_i[1]
 data_tx_i[20]
 data_tx_i[21]
 data_tx_i[22]
 data_tx_i[23]
 data_tx_i[24]
 data_tx_i[25]
 data_tx_i[26]
 data_tx_i[27]
 data_tx_i[28]
 data_tx_i[29]
 data_tx_i[2]
 data_tx_i[30]
 data_tx_i[31]
 data_tx_i[3]
 data_tx_i[4]
 data_tx_i[5]
 data_tx_i[6]
 data_tx_i[7]
 data_tx_i[8]
 data_tx_i[9]
 data_tx_valid_i
 periph_clk_i
 rstn_i
 sys_clk_i
 uart_rx_i
 _0901_/ZN
 _0902_/ZN
 _0903_/ZN
 _0904_/ZN
 _0905_/ZN
 _0906_/ZN
 _0907_/ZN
 _0908_/ZN
 _0909_/ZN
 _0910_/ZN
 _0911_/ZN
 _0912_/ZN
 _0913_/ZN
 _0914_/ZN
 _0915_/ZN
 _0916_/ZN
 _0917_/ZN
 _0918_/ZN
 _0919_/ZN
 _0920_/ZN
 _0921_/ZN
 _0922_/ZN
 _0923_/ZN
 _0924_/ZN
 _0925_/ZN
 _0926_/ZN
 _0927_/ZN
 _0928_/ZN
 _0929_/ZN
 _0930_/ZN
 _0931_/ZN
 _0932_/ZN
 _0933_/ZN
 _0934_/ZN
 _0935_/ZN
 _0936_/ZN
 _0937_/ZN
 _0938_/ZN
 _0939_/ZN
 _0940_/ZN
 _0941_/ZN
 _0942_/ZN
 _0943_/ZN
 _0944_/ZN
 _0945_/ZN
 _0946_/ZN
 _0947_/ZN
 _0948_/ZN
 _0949_/ZN
 _0950_/ZN
 _0951_/ZN
 _0952_/ZN
 _0953_/ZN
 _0954_/ZN
 _0955_/ZN
 _0956_/ZN
 _0957_/ZN
 _0958_/ZN
 _0959_/ZN
 _0960_/ZN
 _0961_/ZN
 _0962_/ZN
 _0963_/Z
 _0964_/ZN
 _0965_/ZN
 _0966_/ZN
 _0967_/ZN
 _0968_/Z
 _0969_/ZN
 _0970_/ZN
 _0971_/ZN
 _0972_/Z
 _0973_/Z
 _0974_/ZN
 _0975_/ZN
 _0976_/ZN
 _0977_/Z
 _0978_/Z
 _0979_/ZN
 _0980_/ZN
 _0981_/ZN
 _0982_/ZN
 _0983_/Z
 _0984_/ZN
 _0985_/ZN
 _0986_/ZN
 _0987_/ZN
 _0988_/ZN
 _0989_/ZN
 _0990_/Z
 _0991_/ZN
 _0992_/ZN
 _0993_/ZN
 _0994_/Z
 _0995_/ZN
 _0996_/ZN
 _0997_/Z
 _0998_/ZN
 _0999_/ZN
 _1000_/Z
 _1001_/ZN
 _1002_/Z
 _1003_/ZN
 _1004_/ZN
 _1005_/ZN
 _1006_/ZN
 _1007_/ZN
 _1008_/ZN
 _1009_/ZN
 _1010_/ZN
 _1011_/ZN
 _1012_/ZN
 _1013_/ZN
 _1014_/ZN
 _1015_/ZN
 _1016_/ZN
 _1017_/ZN
 _1018_/ZN
 _1019_/ZN
 _1020_/Z
 _1021_/Z
 _1022_/Z
 _1023_/Z
 _1024_/ZN
 _1025_/Z
 _1026_/Z
 _1027_/ZN
 _1028_/Z
 _1029_/Z
 _1030_/Z
 _1031_/ZN
 _1032_/Z
 _1033_/Z
 _1034_/ZN
 _1035_/ZN
 _1036_/Z
 _1037_/ZN
 _1038_/Z
 _1039_/ZN
 _1040_/ZN
 _1041_/ZN
 _1042_/ZN
 _1043_/ZN
 _1044_/ZN
 _1045_/ZN
 _1046_/ZN
 _1047_/ZN
 _1048_/ZN
 _1049_/Z
 _1050_/ZN
 _1051_/ZN
 _1052_/ZN
 _1053_/ZN
 _1054_/Z
 _1055_/ZN
 _1056_/ZN
 _1057_/ZN
 _1058_/ZN
 _1059_/ZN
 _1060_/ZN
 _1061_/ZN
 _1062_/Z
 _1063_/ZN
 _1064_/ZN
 _1065_/Z
 _1066_/ZN
 _1067_/ZN
 _1068_/Z
 _1069_/ZN
 _1070_/ZN
 _1071_/ZN
 _1072_/Z
 _1073_/ZN
 _1074_/ZN
 _1075_/ZN
 _1076_/ZN
 _1077_/ZN
 _1078_/ZN
 _1079_/ZN
 _1080_/ZN
 _1081_/ZN
 _1082_/ZN
 _1083_/ZN
 _1084_/ZN
 _1085_/ZN
 _1086_/ZN
 _1087_/ZN
 _1088_/ZN
 _1089_/Z
 _1090_/ZN
 _1091_/ZN
 _1092_/ZN
 _1093_/ZN
 _1094_/ZN
 _1095_/Z
 _1096_/ZN
 _1097_/ZN
 _1098_/Z
 _1099_/ZN
 _1100_/Z
 _1101_/ZN
 _1102_/Z
 _1103_/ZN
 _1104_/Z
 _1105_/ZN
 _1106_/ZN
 _1107_/Z
 _1108_/ZN
 _1109_/ZN
 _1110_/ZN
 _1111_/ZN
 _1112_/ZN
 _1113_/ZN
 _1114_/Z
 _1115_/Z
 _1116_/ZN
 _1117_/ZN
 _1118_/ZN
 _1119_/Z
 _1120_/ZN
 _1121_/Z
 _1122_/ZN
 _1123_/ZN
 _1124_/Z
 _1125_/ZN
 _1126_/ZN
 _1127_/ZN
 _1128_/ZN
 _1129_/ZN
 _1130_/ZN
 _1131_/ZN
 _1132_/Z
 _1133_/ZN
 _1134_/ZN
 _1135_/ZN
 _1136_/ZN
 _1137_/ZN
 _1138_/ZN
 _1139_/ZN
 _1140_/ZN
 _1141_/ZN
 _1142_/Z
 _1143_/ZN
 _1144_/ZN
 _1145_/ZN
 _1146_/ZN
 _1147_/ZN
 _1148_/ZN
 _1149_/ZN
 _1150_/ZN
 _1151_/ZN
 _1152_/ZN
 _1153_/ZN
 _1154_/ZN
 _1155_/ZN
 _1156_/ZN
 _1157_/ZN
 _1158_/ZN
 _1159_/ZN
 _1160_/ZN
 _1161_/ZN
 _1162_/ZN
 _1163_/ZN
 _1164_/ZN
 _1165_/ZN
 _1166_/ZN
 _1167_/ZN
 _1168_/ZN
 _1169_/ZN
 _1170_/ZN
 _1171_/ZN
 _1172_/ZN
 _1173_/Z
 _1174_/ZN
 _1175_/ZN
 _1176_/ZN
 _1177_/ZN
 _1178_/ZN
 _1179_/Z
 _1180_/Z
 _1181_/Z
 _1182_/Z
 _1183_/Z
 _1184_/Z
 _1185_/Z
 _1186_/Z
 _1187_/Z
 _1188_/Z
 _1189_/Z
 _1190_/Z
 _1191_/Z
 _1192_/Z
 _1193_/Z
 _1194_/Z
 _1195_/Z
 _1196_/ZN
 _1197_/ZN
 _1198_/ZN
 _1199_/Z
 _1200_/ZN
 _1201_/Z
 _1202_/ZN
 _1203_/ZN
 _1204_/ZN
 _1205_/Z
 _1206_/ZN
 _1207_/ZN
 _1208_/Z
 _1209_/ZN
 _1210_/ZN
 _1211_/Z
 _1212_/ZN
 _1213_/Z
 _1214_/ZN
 _1215_/ZN
 _1216_/ZN
 _1217_/Z
 _1218_/Z
 _1219_/ZN
 _1220_/ZN
 _1221_/ZN
 _1222_/Z
 _1223_/ZN
 _1224_/ZN
 _1225_/ZN
 _1226_/Z
 _1227_/ZN
 _1228_/ZN
 _1229_/Z
 _1230_/ZN
 _1231_/ZN
 _1232_/ZN
 _1233_/ZN
 _1234_/ZN
 _1235_/ZN
 _1236_/Z
 _1237_/ZN
 _1238_/ZN
 _1239_/ZN
 _1240_/ZN
 _1241_/ZN
 _1242_/ZN
 _1243_/Z
 _1244_/ZN
 _1245_/ZN
 _1246_/Z
 _1247_/ZN
 _1248_/Z
 _1249_/Z
 _1250_/ZN
 _1251_/ZN
 _1252_/Z
 _1253_/ZN
 _1254_/ZN
 _1255_/Z
 _1256_/ZN
 _1257_/ZN
 _1258_/Z
 _1259_/ZN
 _1260_/Z
 _1261_/ZN
 _1262_/Z
 _1263_/ZN
 _1264_/ZN
 _1265_/Z
 _1266_/ZN
 _1267_/ZN
 _1268_/Z
 _1269_/ZN
 _1270_/ZN
 _1271_/ZN
 _1272_/Z
 _1273_/ZN
 _1274_/ZN
 _1275_/ZN
 _1276_/Z
 _1277_/ZN
 _1278_/ZN
 _1279_/Z
 _1280_/ZN
 _1281_/ZN
 _1282_/ZN
 _1283_/ZN
 _1284_/Z
 _1285_/ZN
 _1286_/Z
 _1287_/ZN
 _1288_/Z
 _1289_/ZN
 _1290_/ZN
 _1291_/ZN
 _1292_/ZN
 _1293_/ZN
 _1294_/Z
 _1295_/ZN
 _1296_/ZN
 _1297_/ZN
 _1298_/Z
 _1299_/ZN
 _1300_/ZN
 _1301_/Z
 _1302_/ZN
 _1303_/Z
 _1304_/Z
 _1305_/Z
 _1306_/Z
 _1307_/Z
 _1308_/Z
 _1309_/Z
 _1310_/Z
 _1311_/Z
 _1312_/Z
 _1313_/Z
 _1314_/Z
 _1315_/ZN
 _1316_/ZN
 _1317_/ZN
 _1318_/ZN
 _1319_/ZN
 _1320_/ZN
 _1321_/ZN
 _1322_/ZN
 _1323_/ZN
 _1324_/ZN
 _1325_/Z
 _1326_/ZN
 _1327_/ZN
 _1328_/ZN
 _1329_/Z
 _1330_/ZN
 _1331_/ZN
 _1332_/ZN
 _1333_/Z
 _1334_/ZN
 _1335_/ZN
 _1336_/ZN
 _1337_/ZN
 _1338_/ZN
 _1339_/ZN
 _1340_/ZN
 _1341_/ZN
 _1342_/ZN
 _1343_/ZN
 _1344_/ZN
 _1345_/ZN
 _1346_/ZN
 _1347_/ZN
 _1348_/ZN
 _1349_/ZN
 _1350_/ZN
 _1351_/ZN
 _1352_/ZN
 _1353_/ZN
 _1354_/ZN
 _1355_/Z
 _1356_/ZN
 _1357_/ZN
 _1358_/ZN
 _1359_/ZN
 _1360_/ZN
 _1361_/ZN
 _1362_/ZN
 _1363_/Z
 _1364_/ZN
 _1365_/ZN
 _1366_/ZN
 _1367_/ZN
 _1368_/ZN
 _1369_/ZN
 _1370_/ZN
 _1371_/ZN
 _1372_/ZN
 _1373_/ZN
 _1374_/ZN
 _1375_/ZN
 _1376_/ZN
 _1377_/ZN
 _1378_/ZN
 _1379_/ZN
 _1380_/ZN
 _1381_/ZN
 _1382_/ZN
 _1383_/ZN
 _1384_/ZN
 _1385_/ZN
 _1386_/ZN
 _1387_/ZN
 _1388_/ZN
 _1389_/ZN
 _1390_/ZN
 _1391_/ZN
 _1392_/ZN
 _1393_/ZN
 _1394_/ZN
 _1395_/ZN
 _1396_/ZN
 _1397_/ZN
 _1398_/ZN
 _1399_/ZN
 _1400_/ZN
 _1401_/ZN
 _1402_/ZN
 _1403_/ZN
 _1404_/ZN
 _1405_/ZN
 _1406_/Z
 _1407_/Z
 _1408_/Z
 _1409_/Z
 _1410_/Z
 _1411_/Z
 _1412_/Z
 _1413_/Z
 _1414_/Z
 _1415_/ZN
 _1416_/Z
 _1417_/Z
 _1418_/Z
 _1419_/Z
 _1420_/Z
 _1421_/Z
 _1422_/Z
 _1423_/Z
 _1424_/ZN
 _1425_/Z
 _1426_/Z
 _1427_/Z
 _1428_/Z
 _1429_/Z
 _1430_/Z
 _1431_/Z
 _1432_/Z
 _1433_/ZN
 _1434_/Z
 _1435_/Z
 _1436_/Z
 _1437_/Z
 _1438_/Z
 _1439_/Z
 _1440_/Z
 _1441_/Z
 _1442_/Z
 _1443_/Z
 _1444_/Z
 _1445_/Z
 _1446_/Z
 _1447_/ZN
 _1448_/ZN
 _1449_/ZN
 _1450_/Z
 _1451_/Z
 _1452_/Z
 _1453_/Z
 _1454_/ZN
 _1455_/ZN
 _1456_/ZN
 _1457_/ZN
 _1458_/Z
 _1459_/Z
 _1460_/Z
 _1461_/Z
 _1462_/Z
 _1463_/Z
 _1464_/Z
 _1465_/Z
 _1466_/Z
 _1467_/Z
 _1468_/Z
 _1469_/Z
 _1470_/Z
 _1471_/Z
 _1472_/Z
 _1473_/Z
 _1474_/ZN
 _1475_/ZN
 _1476_/ZN
 _1477_/ZN
 _1478_/ZN
 _1479_/ZN
 _1480_/ZN
 _1481_/ZN
 _1482_/ZN
 _1483_/ZN
 _1484_/ZN
 _1485_/ZN
 _1486_/ZN
 _1487_/ZN
 _1488_/ZN
 _1489_/ZN
 _1490_/ZN
 _1491_/ZN
 _1492_/ZN
 _1493_/ZN
 _1494_/ZN
 _1495_/ZN
 _1496_/ZN
 _1497_/ZN
 _1498_/ZN
 _1499_/ZN
 _1500_/ZN
 _1501_/ZN
 _1502_/Z
 _1503_/Z
 _1504_/Z
 _1505_/Z
 _1506_/Z
 _1507_/Z
 _1508_/Z
 _1509_/Z
 _1510_/ZN
 _1511_/ZN
 _1512_/ZN
 _1513_/ZN
 _1514_/ZN
 _1515_/ZN
 _1516_/ZN
 _1517_/ZN
 _1518_/ZN
 _1519_/ZN
 _1520_/ZN
 _1521_/ZN
 _1522_/ZN
 _1523_/ZN
 _1524_/ZN
 _1525_/ZN
 _1526_/ZN
 _1527_/ZN
 _1528_/Z
 _1529_/Z
 _1530_/Z
 _1531_/Z
 _1532_/ZN
 _1533_/ZN
 _1534_/ZN
 _1535_/Z
 _1536_/ZN
 _1537_/Z
 _1538_/ZN
 _1539_/ZN
 _1540_/ZN
 _1541_/ZN
 _1542_/Z
 _1543_/Z
 _1544_/Z
 _1545_/Z
 _1546_/ZN
 _1547_/ZN
 _1548_/ZN
 _1549_/ZN
 _1550_/ZN
 _1551_/Z
 _1552_/Z
 _1553_/ZN
 _1554_/Z
 _1555_/ZN
 _1556_/ZN
 _1557_/ZN
 _1558_/ZN
 _1559_/Z
 _1560_/Z
 _1561_/Z
 _1562_/Z
 _1563_/Z
 _1564_/Z
 _1565_/Z
 _1566_/Z
 _1567_/Z
 _1568_/Z
 _1569_/Z
 _1570_/Z
 _1571_/Z
 _1572_/Z
 _1573_/Z
 _1574_/Z
 _1575_/Z
 _1576_/Z
 _1577_/Z
 _1578_/Z
 _1579_/ZN
 _1580_/ZN
 _1581_/ZN
 _1582_/ZN
 _1583_/ZN
 _1584_/Z
 _1585_/Z
 _1586_/Z
 _1587_/Z
 _1588_/Z
 _1589_/Z
 _1590_/Z
 _1591_/Z
 _1592_/Z
 _1593_/Z
 _1594_/Z
 _1595_/Z
 _1596_/Z
 _1597_/Z
 _1598_/Z
 _1599_/Z
 _1600_/Z
 _1601_/Z
 _1602_/Z
 _1603_/Z
 _1604_/ZN
 _1605_/Z
 _1606_/Z
 _1607_/Z
 _1608_/Z
 _1609_/Z
 _1610_/Z
 _1611_/Z
 _1612_/Z
 _1613_/Z
 _1614_/Z
 _1615_/Z
 _1616_/Z
 _1617_/ZN
 _1618_/Z
 _1619_/Z
 _1620_/Z
 _1621_/Z
 _1622_/Z
 _1623_/Z
 _1624_/Z
 _1625_/Z
 _1626_/Z
 _1627_/Z
 _1628_/Z
 _1629_/Z
 _1630_/Z
 _1631_/Z
 _1632_/Z
 _1633_/Z
 _1634_/Z
 _1635_/ZN
 _1636_/Z
 _1637_/Z
 _1638_/Z
 _1639_/Z
 _1640_/Z
 _1641_/Z
 _1642_/Z
 _1643_/Z
 _1644_/Z
 _1645_/Z
 _1646_/Z
 _1647_/Z
 _1648_/ZN
 _1649_/Z
 _1650_/Z
 _1651_/Z
 _1652_/Z
 _1653_/Z
 _1654_/Z
 _1655_/Z
 _1656_/Z
 _1657_/Z
 _1658_/Z
 _1659_/Z
 _1660_/Z
 _1661_/Z
 _1662_/Z
 _1663_/Z
 _1664_/Z
 _1665_/Z
 _1666_/Z
 _1667_/Z
 _1668_/ZN
 _1669_/ZN
 _1670_/ZN
 _1671_/ZN
 _1672_/Z
 _1673_/ZN
 _1674_/Z
 _1675_/Z
 _1676_/ZN
 _1677_/Z
 _1678_/Z
 _1679_/Z
 _1680_/Z
 _1681_/Z
 _1682_/Z
 _1683_/Z
 _1684_/Z
 _1685_/ZN
 _1686_/ZN
 _1687_/Z
 _1688_/Z
 _1689_/ZN
 _1690_/ZN
 _1691_/ZN
 _1692_/ZN
 _1693_/ZN
 _1694_/ZN
 _1695_/ZN
 _1696_/ZN
 _1697_/ZN
 _1698_/ZN
 _1699_/ZN
 _1700_/ZN
 _1701_/ZN
 _1702_/ZN
 _1703_/ZN
 _1704_/ZN
 _1705_/ZN
 _1706_/ZN
 _1707_/Z
 _1708_/Z
 _1709_/Z
 _1710_/Z
 _1711_/ZN
 _1712_/ZN
 _1713_/ZN
 _1714_/Z
 _1715_/ZN
 _1716_/ZN
 _1717_/ZN
 _1718_/Z
 _1719_/ZN
 _1720_/ZN
 _1721_/ZN
 _1722_/ZN
 _1723_/ZN
 _1724_/ZN
 _1725_/Z
 _1726_/Z
 _1727_/ZN
 _1728_/Z
 _1729_/ZN
 _1730_/ZN
 _1731_/ZN
 _1732_/ZN
 _1733_/ZN
 _1734_/ZN
 _1735_/ZN
 _1736_/ZN
 _1737_/ZN
 _1738_/ZN
 _1739_/ZN
 _1740_/ZN
 _1741_/Z
 _1742_/ZN
 _1743_/ZN
 _1744_/ZN
 _1745_/ZN
 _1746_/ZN
 _1747_/Z
 _1748_/ZN
 _1749_/ZN
 _1750_/ZN
 _1751_/ZN
 _1752_/ZN
 _1753_/ZN
 _1754_/ZN
 _1755_/ZN
 _1756_/ZN
 _1757_/ZN
 _1758_/ZN
 _1759_/ZN
 _1760_/Z
 _1761_/ZN
 _1762_/ZN
 _1763_/ZN
 _1764_/ZN
 _1765_/ZN
 _1766_/ZN
 _1767_/ZN
 _1768_/ZN
 _1769_/ZN
 _1770_/ZN
 _1771_/ZN
 _1772_/ZN
 _1773_/ZN
 _1774_/ZN
 _1775_/ZN
 _1776_/ZN
 _1777_/ZN
 _1778_/ZN
 _1779_/ZN
 _1780_/ZN
 _1781_/ZN
 _1782_/ZN
 _1783_/ZN
 _1784_/ZN
 _1785_/ZN
 _1786_/ZN
 _1787_/ZN
 _1788_/ZN
 _1789_/ZN
 _1790_/ZN
 _1791_/ZN
 _1792_/ZN
 _1793_/ZN
 _1794_/ZN
 _1795_/ZN
 _1796_/ZN
 _1797_/ZN
 _1798_/ZN
 _1799_/ZN
 _1800_/ZN
 _1801_/ZN
 _1802_/ZN
 _1803_/ZN
 _1804_/ZN
 _1805_/ZN
 _1806_/ZN
 _1807_/ZN
 _1808_/ZN
 _1809_/ZN
 _1810_/ZN
 _1811_/ZN
 _1812_/ZN
 _1813_/ZN
 _1814_/ZN
 _1815_/ZN
 _1816_/ZN
 _1817_/ZN
 _1818_/ZN
 _1819_/ZN
 _1820_/Z
 _1821_/ZN
 _1822_/ZN
 _1823_/Z
 _1824_/Z
 _1825_/ZN
 _1826_/ZN
 _1827_/ZN
 _1828_/ZN
 _1829_/ZN
 _1830_/ZN
 _1831_/ZN
 _1832_/ZN
 _1833_/ZN
 _1834_/ZN
 _1835_/ZN
 _1836_/Z
 _1837_/Z
 _1838_/Z
 _1839_/Z
 _1840_/Z
 _1841_/Z
 _1842_/Z
 _1843_/Z
 _1844_/Z
 _1845_/Z
 _1846_/Z
 _1847_/Z
 _1848_/Z
 _1849_/Z
 _1850_/Z
 _1851_/Z
 _1852_/Z
 _1853_/Z
 _1854_/Z
 _1855_/Z
 _1856_/Q
 _1857_/Q
 _1858_/Q
 _1859_/Q
 _1860_/Q
 _1861_/Q
 _1862_/Q
 _1863_/Q
 _1864_/Q
 _1865_/Q
 _1866_/Q
 _1867_/Q
 _1868_/Q
 _1869_/Q
 _1870_/Q
 _1871_/Q
 _1872_/Q
 _1873_/Q
 _1874_/Q
 _1875_/Q
 _1876_/Q
 _1877_/Q
 _1878_/Q
 _1879_/Q
 _1880_/Q
 _1881_/Q
 _1882_/Q
 _1883_/Q
 _1884_/Q
 _1885_/Q
 _1886_/Q
 _1887_/Q
 _1888_/Q
 _1889_/Q
 _1890_/Q
 _1891_/Q
 _1892_/Q
 _1893_/Q
 _1894_/Q
 _1895_/Q
 _1896_/Q
 _1897_/Q
 _1898_/Q
 _1899_/Q
 _1900_/Q
 _1901_/Q
 _1902_/Q
 _1903_/Q
 _1904_/Q
 _1905_/Q
 _1906_/Q
 _1907_/Q
 _1908_/Q
 _1909_/Q
 _1910_/Q
 _1911_/Q
 _1912_/Q
 _1913_/Q
 _1914_/Q
 _1915_/Q
 _1916_/Q
 _1917_/Q
 _1918_/Q
 _1919_/Q
 _1920_/Q
 _1921_/Q
 _1922_/Q
 _1923_/Q
 _1924_/Q
 _1925_/Q
 _1926_/Q
 _1927_/Q
 _1928_/Q
 _1929_/Q
 _1930_/Q
 _1931_/Q
 _1932_/Q
 _1933_/Q
 _1934_/Q
 _1935_/Q
 _1936_/Q
 _1937_/Q
 _1938_/Q
 _1939_/Q
 _1940_/Q
 _1941_/Q
 _1942_/Q
 _1943_/Q
 _1944_/Q
 _1945_/Q
 _1946_/Q
 _1947_/Q
 _1948_/Q
 _1949_/Q
 _1950_/Q
 _1951_/Q
 _1952_/Q
 _1953_/Q
 _1954_/Q
 _1955_/Q
 _1956_/Q
 _1957_/Q
 _1958_/Q
 _1959_/Q
 _1960_/Q
 _1961_/Q
 _1962_/Q
 _1963_/Q
 _1964_/Q
 _1965_/Q
 _1966_/Q
 _1967_/Q
 _1968_/Q
 _1969_/Q
 _1970_/Q
 _1971_/Q
 _1972_/Q
 _1973_/Q
 _1974_/Q
 _1975_/Q
 _1976_/Q
 _1977_/Q
 _1978_/Q
 _1979_/Q
 _1980_/Q
 _1981_/Q
 _1982_/Q
 _1983_/Q
 _1984_/Q
 _1985_/Q
 _1986_/Q
 _1987_/Q
 _1988_/Q
 _1989_/Q
 _1990_/Q
 _1991_/Q
 _1992_/Q
 _1993_/Q
 _1994_/Q
 _1995_/Q
 _1996_/Q
 _1997_/Q
 _1998_/Q
 _1999_/Q
 _2000_/Q
 _2001_/Q
 _2002_/Q
 _2003_/Q
 _2004_/Q
 _2005_/Q
 _2006_/Q
 _2007_/Q
 _2008_/Q
 _2009_/Q
 _2010_/Q
 _2011_/Q
 _2012_/Q
 _2013_/Q
 _2014_/Q
 _2015_/Q
 _2016_/Q
 _2017_/Q
 _2018_/Q
 _2019_/Q
 _2020_/Q
 _2021_/Q
 _2022_/Q
 _2023_/Q
 _2024_/Q
 _2025_/Q
 _2026_/Q
 _2027_/Q
 _2028_/Q
 _2029_/Q
 _2030_/Q
 _2031_/Q
 _2032_/Q
 _2033_/Q
 _2034_/Q
 _2035_/Q
 _2036_/Q
 _2037_/Q
 _2038_/Q
 _2039_/Q
 _2040_/Q
 _2041_/Q
 _2042_/Q
 _2043_/Q
 _2044_/Q
 _2045_/Q
 _2046_/Q
 _2047_/Q
 _2048_/Q
 _2049_/Q
 _2050_/Q
 _2051_/Q
 _2052_/Q
 _2053_/Q
 _2054_/Q
 _2055_/Q
 _2056_/Q
 _2057_/Q
 _2058_/Q
 _2059_/Q
 _2060_/Q
 _2061_/Q
 _2062_/Q
 _2063_/Q
 _2064_/Q
 _2065_/Q
 _2066_/Q
 _2067_/Q
 _2068_/Q
 _2069_/Q
 _2070_/Q
 _2071_/Q
 _2072_/Q
 _2073_/Q
 _2074_/Q
 _2075_/Q
 _2076_/Q
 _2077_/Q
 _2078_/Q
 _2079_/Q
 _2080_/Q
 _2081_/Q
 _2082_/Q
 _2083_/Q
 _2084_/Q
 _2085_/Q
 _2086_/Q
 _2087_/Q
 _2088_/Q
 _2089_/Q
 _2090_/Q
 _2091_/Q
 _2092_/Q
 _2093_/Q
 _2094_/Q
 _2095_/Q
 _2096_/Q
 _2097_/Q
 _2098_/Q
 _2099_/Q
 _2100_/Q
 _2101_/Q
 _2102_/Q
 _2103_/Q
 _2104_/Q
 _2105_/Q
 _2106_/Q
 _2107_/Q
 _2108_/Q
 _2109_/Q
 _2110_/Q
 _2111_/Q
 _2112_/Q
 _2113_/Q
 _2114_/Q
 _2115_/Q
 _2116_/Q
 _2117_/Q
 _2118_/Q
 _2119_/Q
 _2120_/Q
 _2121_/Q
 _2122_/Q
 _2123_/Q
 _2124_/Q
 _2125_/Q
 _2126_/Q
 _2127_/Q
 _2128_/Q
 _2129_/Q
 _2130_/Q
 _2131_/Q
 _2132_/Q
 _2133_/Q
 _2134_/Q
 _2135_/Q
 _2136_/Q
 _2137_/Q
 _2138_/Q
 _2139_/Q
 _2140_/Q
 _2141_/Q
 _2142_/Q
 _2143_/Q
 _2144_/Q
 _2145_/Q
 _2146_/Q
 _2147_/Q
 _2148_/Q
 _2149_/Q
 _2150_/Q
 _2151_/Q
 _2152_/Q
 _2153_/Q
 _2154_/Q
 _2155_/Q
 _2156_/Q
 _2157_/Q
 _2158_/Q
 _2159_/Q
 _2160_/Q
 _2161_/Q
 _2162_/Q
 _2163_/Q
 _2164_/Q
 _2165_/Q
 _2166_/Q
 _2167_/Q
 _2168_/Q
 _2169_/Q
 _2170_/Q
 _2171_/Q
 _2172_/Q
 _2173_/Q
 _2174_/Q
 _2175_/Q
 _2176_/Q
 _2177_/Q
 _2178_/Q
 _2179_/Q
 _2180_/Q
 _2181_/Q
 _2182_/Q
 _2183_/Q
 _2184_/Q
 _2185_/Q
 _2186_/Q
 _2187_/Q
 _2188_/Q
 _2189_/Q
 _2190_/Q
 _2191_/Q
 _2192_/Q
 _2193_/Q
 _2194_/Q
 _2195_/Z
 _2196_/ZN
 _2197_/ZN
 _2198_/ZN
 _2199_/ZN
 _2200_/ZN
 _2201_/ZN
 _2202_/ZN
 _2203_/ZN
 _2204_/ZN
 _2205_/ZN
 _2206_/ZN
 _2207_/ZN
 _2208_/ZN
 _2209_/ZN
 _2210_/ZN
 _2211_/ZN
 _2212_/ZN
 _2213_/ZN
 _2214_/ZN
 _2215_/ZN
 _2216_/ZN
 _2217_/ZN
 _2218_/ZN
 _2219_/ZN
 _2220_/ZN
 _2221_/ZN
 _2222_/ZN
 _2223_/ZN
 _2224_/ZN
 _2225_/ZN
 _2226_/ZN
 _2227_/ZN
Found 0 partially unannotated drivers.

===========================================================================
max slew violation count 692
max fanout violation count 36
max cap violation count 9
============================================================================

===========================================================================
check_setup -verbose -unconstrained_endpoints -multiple_clock -no_clock -no_input_delay -loops -generated_clocks
===========================================================================
Warning: There is 1 input port missing set_input_delay.
  rstn_i
