Reading timing models for corner max_ss_125C_4v50…
Reading timing library for the 'max_ss_125C_4v50' corner at '/home/sahana/.ciel/gf180mcuD/libs.ref/gf180mcu_fd_sc_mcu7t5v0/lib/gf180mcu_fd_sc_mcu7t5v0__ss_125C_4v50.lib'…
Reading OpenROAD database at '/home/sahana/core5_udma/hardening/uart_top/runs/TRIAL_11/35-openroad-cts/udma_uart_top.odb'…
Reading design constraints file at '/home/sahana/core5_udma/hardening/uart_top/constraints.closure.sdc'…
+ repair_timing -verbose -setup -setup_margin 0.05000000000000000277555756156289135105907917022705078125 -max_buffer_percent 50 -repair_tns 100 -max_utilization 60
[INFO RSZ-0100] Repair move sequence: UnbufferMove SizeUpMove SwapPinsMove BufferMove CloneMove SplitLoadMove 
[INFO RSZ-0094] Found 51 endpoints with setup violations.
[INFO RSZ-0099] Repairing 51 out of 51 (100.00%) violating endpoints...
   Iter   | Removed | Resized | Inserted | Cloned |  Pin  |   Area   |    WNS   |   TNS      |  Viol  | Worst
          | Buffers |  Gates  | Buffers  |  Gates | Swaps |          |          |            | Endpts | Endpt
--------------------------------------------------------------------------------------------------------------
        0 |       0 |       0 |        0 |      0 |     0 |    +0.0% |   -9.741 |     -248.5 |     51 | cfg_data_o[20]
       10 |       0 |       9 |        0 |      0 |     0 |    -0.2% |   -9.197 |     -230.1 |     51 | cfg_data_o[21]
       20 |       3 |      16 |        0 |      0 |     0 |    -0.6% |   -4.055 |      -78.9 |     51 | cfg_data_o[20]
       22 |       4 |      17 |        0 |      0 |     0 |    -0.8% |   -1.091 |      -12.6 |     49 | _2010_/D
       27 |       5 |      20 |        0 |      0 |     0 |    -0.9% |   -1.091 |       -6.5 |     47 | _2010_/D
       28 |       5 |      20 |        0 |      0 |     0 |    -0.9% |   -1.091 |       -6.5 |     46 | _2010_/D
       29 |       5 |      20 |        0 |      0 |     0 |    -0.9% |   -1.091 |       -6.5 |     45 | _2010_/D
       30 |       5 |      20 |        0 |      0 |     0 |    -0.9% |   -1.091 |       -6.5 |     45 | _2010_/D
       30 |       5 |      20 |        0 |      0 |     0 |    -0.9% |   -1.091 |       -6.5 |     44 | _2010_/D
       31 |       5 |      20 |        0 |      0 |     0 |    -0.9% |   -1.091 |       -6.5 |     43 | _2010_/D
       32 |       5 |      20 |        0 |      0 |     0 |    -0.9% |   -1.091 |       -6.5 |     42 | _2010_/D
       33 |       5 |      20 |        0 |      0 |     0 |    -0.9% |   -1.091 |       -6.5 |     41 | _2010_/D
       34 |       5 |      20 |        0 |      0 |     0 |    -0.9% |   -1.091 |       -6.5 |     40 | _2010_/D
       35 |       5 |      20 |        0 |      0 |     0 |    -0.9% |   -1.091 |       -6.5 |     39 | _2010_/D
       36 |       5 |      20 |        0 |      0 |     0 |    -0.9% |   -1.091 |       -6.5 |     38 | _2010_/D
       37 |       5 |      20 |        0 |      0 |     0 |    -0.9% |   -1.091 |       -6.5 |     37 | _2010_/D
       40 |       6 |      21 |        0 |      0 |     0 |    -0.9% |   -0.420 |       -2.2 |     37 | _2010_/D
       44 |       6 |      25 |        0 |      0 |     0 |    -0.9% |    0.092 |        0.0 |     35 | _2010_/D
       45 |       6 |      25 |        0 |      0 |     0 |    -0.9% |    0.092 |        0.0 |     34 | _2010_/D
       46 |       6 |      25 |        0 |      0 |     0 |    -0.9% |    0.092 |        0.0 |     33 | _2010_/D
       47 |       6 |      25 |        0 |      0 |     0 |    -0.9% |    0.092 |        0.0 |     32 | _2010_/D
       48 |       6 |      25 |        0 |      0 |     0 |    -0.9% |    0.092 |        0.0 |     31 | _2010_/D
       49 |       6 |      25 |        0 |      0 |     0 |    -0.9% |    0.092 |        0.0 |     30 | _2010_/D
       50 |       6 |      25 |        0 |      0 |     0 |    -0.9% |    0.092 |        0.0 |     30 | _2010_/D
       50 |       6 |      25 |        0 |      0 |     0 |    -0.9% |    0.092 |        0.0 |     29 | _2010_/D
       51 |       6 |      25 |        0 |      0 |     0 |    -0.9% |    0.092 |        0.0 |     28 | _2010_/D
       52 |       6 |      25 |        0 |      0 |     0 |    -0.9% |    0.092 |        0.0 |     27 | _2010_/D
       53 |       6 |      25 |        0 |      0 |     0 |    -0.9% |    0.092 |        0.0 |     26 | _2010_/D
       54 |       6 |      25 |        0 |      0 |     0 |    -0.9% |    0.092 |        0.0 |     25 | _2010_/D
       55 |       6 |      25 |        0 |      0 |     0 |    -0.9% |    0.092 |        0.0 |     24 | _2010_/D
       56 |       6 |      25 |        0 |      0 |     0 |    -0.9% |    0.092 |        0.0 |     23 | _2010_/D
       57 |       6 |      25 |        0 |      0 |     0 |    -0.9% |    0.092 |        0.0 |     22 | _2010_/D
       58 |       6 |      25 |        0 |      0 |     0 |    -0.9% |    0.092 |        0.0 |     21 | _2010_/D
       59 |       6 |      25 |        0 |      0 |     0 |    -0.9% |    0.092 |        0.0 |     20 | _2010_/D
       60 |       6 |      25 |        0 |      0 |     0 |    -0.9% |    0.092 |        0.0 |     20 | _2010_/D
       60 |       6 |      25 |        0 |      0 |     0 |    -0.9% |    0.092 |        0.0 |     19 | _2010_/D
       61 |       6 |      25 |        0 |      0 |     0 |    -0.9% |    0.092 |        0.0 |     18 | _2010_/D
       62 |       6 |      25 |        0 |      0 |     0 |    -0.9% |    0.092 |        0.0 |     17 | _2010_/D
       63 |       6 |      25 |        0 |      0 |     0 |    -0.9% |    0.092 |        0.0 |     16 | _2010_/D
       64 |       6 |      25 |        0 |      0 |     0 |    -0.9% |    0.092 |        0.0 |     15 | _2010_/D
       65 |       6 |      25 |        0 |      0 |     0 |    -0.9% |    0.092 |        0.0 |     14 | _2010_/D
       66 |       6 |      25 |        0 |      0 |     0 |    -0.9% |    0.092 |        0.0 |     13 | _2010_/D
       67 |       6 |      25 |        0 |      0 |     0 |    -0.9% |    0.092 |        0.0 |     12 | _2010_/D
       68 |       6 |      25 |        0 |      0 |     0 |    -0.9% |    0.092 |        0.0 |     11 | _2010_/D
       69 |       6 |      25 |        0 |      0 |     0 |    -0.9% |    0.092 |        0.0 |     10 | _2010_/D
       70 |       6 |      25 |        0 |      0 |     0 |    -0.9% |    0.092 |        0.0 |     10 | _2010_/D
       70 |       6 |      25 |        0 |      0 |     0 |    -0.9% |    0.092 |        0.0 |      9 | _2010_/D
       71 |       6 |      25 |        0 |      0 |     0 |    -0.9% |    0.092 |        0.0 |      8 | _2010_/D
       72 |       6 |      25 |        0 |      0 |     0 |    -0.9% |    0.092 |        0.0 |      7 | _2010_/D
       73 |       6 |      25 |        0 |      0 |     0 |    -0.9% |    0.092 |        0.0 |      6 | _2010_/D
       74 |       6 |      25 |        0 |      0 |     0 |    -0.9% |    0.092 |        0.0 |      5 | _2010_/D
       75 |       6 |      25 |        0 |      0 |     0 |    -0.9% |    0.092 |        0.0 |      4 | _2010_/D
       76 |       6 |      25 |        0 |      0 |     0 |    -0.9% |    0.092 |        0.0 |      3 | _2010_/D
       77 |       6 |      25 |        0 |      0 |     0 |    -0.9% |    0.092 |        0.0 |      2 | _2010_/D
       78 |       6 |      25 |        0 |      0 |     0 |    -0.9% |    0.092 |        0.0 |      1 | _2010_/D
       79 |       6 |      25 |        0 |      0 |     0 |    -0.9% |    0.092 |        0.0 |      0 | _2010_/D
       80 |       6 |      25 |        0 |      0 |     0 |    -0.9% |    0.092 |        0.0 |      0 | _2010_/D
       80 |       6 |      25 |        0 |      0 |     0 |    -0.9% |    0.092 |        0.0 |      0 | _2010_/D
       81 |       6 |      25 |        0 |      0 |     0 |    -0.9% |    0.092 |        0.0 |      0 | _2010_/D
       82 |       6 |      25 |        0 |      0 |     0 |    -0.9% |    0.092 |        0.0 |      0 | _2010_/D
    final |       6 |      25 |        0 |      0 |     0 |    -0.9% |    0.092 |        0.0 |      0 | _2010_/D
--------------------------------------------------------------------------------------------------------------
[INFO RSZ-0059] Removed 6 buffers.
[INFO RSZ-0051] Resized 25 instances: 25 up, 0 up match, 0 down, 0 VT
+ repair_timing -verbose -hold -setup_margin 0.05000000000000000277555756156289135105907917022705078125 -hold_margin 0.1000000000000000055511151231257827021181583404541015625 -max_buffer_percent 50
[INFO RSZ-0033] No hold violations found.
+ detailed_placement -max_displacement  500 100 
Placement Analysis
---------------------------------
total displacement         23.5 u
average displacement        0.0 u
max displacement            7.8 u
original HPWL           85007.4 u
legalized HPWL          87774.2 u
delta HPWL                    3 %

[INFO DPL-0020] Mirrored 718 instances
[INFO DPL-0021] HPWL before           87774.2 u
[INFO DPL-0022] HPWL after            85021.7 u
[INFO DPL-0023] HPWL delta               -3.1 %
Setting global connections for newly added cells…
[INFO] Setting global connections...
[INFO ODB-0403] 0 connections made, 0 conflicts skipped.
Updating metrics…
Cell type report:                       Count       Area
  Endcap cell                             194     851.74
  Tap cell                                942    4135.76
  Tie cell                                 33     289.77
  Clock buffer                            120    9931.08
  Timing Repair Buffer                    452   18178.45
  Inverter                                 69     610.27
  Sequential cell                         339   25464.32
  Multi-Input combinational cell          843   18646.03
  Total                                  2992   78107.41
Writing OpenROAD database to '/home/sahana/core5_udma/hardening/uart_top/runs/TRIAL_11/37-openroad-resizertimingpostcts/udma_uart_top.odb'…
Writing netlist to '/home/sahana/core5_udma/hardening/uart_top/runs/TRIAL_11/37-openroad-resizertimingpostcts/udma_uart_top.nl.v'…
Writing powered netlist to '/home/sahana/core5_udma/hardening/uart_top/runs/TRIAL_11/37-openroad-resizertimingpostcts/udma_uart_top.pnl.v'…
Writing layout to '/home/sahana/core5_udma/hardening/uart_top/runs/TRIAL_11/37-openroad-resizertimingpostcts/udma_uart_top.def'…
Writing timing constraints to '/home/sahana/core5_udma/hardening/uart_top/runs/TRIAL_11/37-openroad-resizertimingpostcts/udma_uart_top.sdc'…
