
===========================================================================
report_checks -unconstrained
===========================================================================
======================= max_ss_125C_4v50 Corner ===================================

Startpoint: _2116_ (rising edge-triggered flip-flop clocked by sys_clk)
Endpoint: _2148_ (recovery check against rising-edge clock sys_clk)
Path Group: asynchronous
Path Type: max

Fanout         Cap        Slew       Delay        Time   Description
---------------------------------------------------------------------------------------------
                      0.150000    0.000000    0.000000   clock sys_clk (rise edge)
                                  0.000000    0.000000   clock network delay (ideal)
                      0.150000    0.000000    0.000000 ^ _2116_/CLK (gf180mcu_fd_sc_mcu7t5v0__dffrnq_1)
     2    0.010607    0.282301    1.351261    1.351261 v _2116_/Q (gf180mcu_fd_sc_mcu7t5v0__dffrnq_1)
                                                         s_uart_rx_clean_fifo (net)
                      0.282301    0.000752    1.352013 v _0966_/A2 (gf180mcu_fd_sc_mcu7t5v0__nor2_1)
     4    0.022588    1.392880    0.913168    2.265181 ^ _0966_/ZN (gf180mcu_fd_sc_mcu7t5v0__nor2_1)
                                                         u_dc_fifo_rx.dst_rstn_i (net)
                      1.392880    0.001312    2.266493 ^ fanout350/I (gf180mcu_fd_sc_mcu7t5v0__dlyb_1)
     5    0.029161    0.910703    2.163094    4.429586 ^ fanout350/Z (gf180mcu_fd_sc_mcu7t5v0__dlyb_1)
                                                         net350 (net)
                      0.910703    0.000648    4.430235 ^ fanout347/I (gf180mcu_fd_sc_mcu7t5v0__dlyb_1)
     8    0.053434    1.551614    2.532475    6.962710 ^ fanout347/Z (gf180mcu_fd_sc_mcu7t5v0__dlyb_1)
                                                         net347 (net)
                      1.551620    0.001676    6.964386 ^ fanout346/I (gf180mcu_fd_sc_mcu7t5v0__buf_1)
     4    0.025860    0.803662    0.837287    7.801672 ^ fanout346/Z (gf180mcu_fd_sc_mcu7t5v0__buf_1)
                                                         net346 (net)
                      0.803663    0.001127    7.802800 ^ max_cap534/I (gf180mcu_fd_sc_mcu7t5v0__buf_2)
     7    0.052301    0.775499    0.757931    8.560730 ^ max_cap534/Z (gf180mcu_fd_sc_mcu7t5v0__buf_2)
                                                         net534 (net)
                      0.775503    0.000952    8.561683 ^ _2148_/SETN (gf180mcu_fd_sc_mcu7t5v0__dffsnq_1)
                                              8.561683   data arrival time

                      0.150000   20.000000   20.000000   clock sys_clk (rise edge)
                                  0.000000   20.000000   clock network delay (ideal)
                                 -0.250000   19.750002   clock uncertainty
                                  0.000000   19.750002   clock reconvergence pessimism
                                             19.750002 ^ _2148_/CLK (gf180mcu_fd_sc_mcu7t5v0__dffsnq_1)
                                 -0.063196   19.686806   library recovery time
                                             19.686806   data required time
---------------------------------------------------------------------------------------------
                                             19.686806   data required time
                                             -8.561683   data arrival time
---------------------------------------------------------------------------------------------
                                             11.125123   slack (MET)


Startpoint: _2069_ (rising edge-triggered flip-flop clocked by periph_clk)
Endpoint: uart_tx_o (output port clocked by periph_clk)
Path Group: periph_clk
Path Type: max

Fanout         Cap        Slew       Delay        Time   Description
---------------------------------------------------------------------------------------------
                      0.150000    0.000000    0.000000   clock periph_clk (rise edge)
                                  0.000000    0.000000   clock network delay (ideal)
                      0.150000    0.000000    0.000000 ^ _2069_/CLK (gf180mcu_fd_sc_mcu7t5v0__dffrnq_1)
     5    0.020465    0.420898    1.462785    1.462785 v _2069_/Q (gf180mcu_fd_sc_mcu7t5v0__dffrnq_1)
                                                         u_uart_tx.CS[1] (net)
                      0.420898    0.000968    1.463753 v fanout418/I (gf180mcu_fd_sc_mcu7t5v0__dlyb_1)
    10    0.045217    0.989860    2.516829    3.980582 v fanout418/Z (gf180mcu_fd_sc_mcu7t5v0__dlyb_1)
                                                         net418 (net)
                      0.989866    0.001683    3.982265 v _1313_/A1 (gf180mcu_fd_sc_mcu7t5v0__and2_1)
     5    0.020763    0.444598    0.871959    4.854224 v _1313_/Z (gf180mcu_fd_sc_mcu7t5v0__and2_1)
                                                         _0413_ (net)
                      0.444598    0.000545    4.854770 v fanout328/I (gf180mcu_fd_sc_mcu7t5v0__dlyb_1)
    10    0.045027    0.987123    2.523016    7.377786 v fanout328/Z (gf180mcu_fd_sc_mcu7t5v0__dlyb_1)
                                                         net328 (net)
                      0.987137    0.002407    7.380193 v _1315_/A2 (gf180mcu_fd_sc_mcu7t5v0__aoi221_1)
     1    0.005073    1.207844    0.899581    8.279774 ^ _1315_/ZN (gf180mcu_fd_sc_mcu7t5v0__aoi221_1)
                                                         _0415_ (net)
                      1.207844    0.000328    8.280101 ^ _1316_/B (gf180mcu_fd_sc_mcu7t5v0__oai21_1)
     1    0.004540    0.441205    0.356133    8.636234 v _1316_/ZN (gf180mcu_fd_sc_mcu7t5v0__oai21_1)
                                                         net220 (net)
                      0.441205    0.000430    8.636664 v output220/I (gf180mcu_fd_sc_mcu7t5v0__buf_1)
     1    0.005903    0.219829    0.538177    9.174842 v output220/Z (gf180mcu_fd_sc_mcu7t5v0__buf_1)
                                                         net236 (net)
                      0.219829    0.000238    9.175079 v wire236/I (gf180mcu_fd_sc_mcu7t5v0__clkbuf_3)
     1    0.073247    0.590614    0.735743    9.910823 v wire236/Z (gf180mcu_fd_sc_mcu7t5v0__clkbuf_3)
                                                         uart_tx_o (net)
                      0.590662    0.003022    9.913844 v uart_tx_o (out)
                                              9.913844   data arrival time

                      0.150000   20.000000   20.000000   clock periph_clk (rise edge)
                                  0.000000   20.000000   clock network delay (ideal)
                                 -0.250000   19.750002   clock uncertainty
                                  0.000000   19.750002   clock reconvergence pessimism
                                 -4.000000   15.750001   output external delay
                                             15.750001   data required time
---------------------------------------------------------------------------------------------
                                             15.750001   data required time
                                             -9.913844   data arrival time
---------------------------------------------------------------------------------------------
                                              5.836157   slack (MET)


Startpoint: cfg_addr_i[4] (input port clocked by sys_clk)
Endpoint: cfg_data_o[9] (output port clocked by sys_clk)
Path Group: sys_clk
Path Type: max

Fanout         Cap        Slew       Delay        Time   Description
---------------------------------------------------------------------------------------------
                      0.150000    0.000000    0.000000   clock sys_clk (rise edge)
                                  0.000000    0.000000   clock network delay (ideal)
                                  4.000000    4.000000 ^ input external delay
     1    0.003079    0.172599    0.049897    4.049897 ^ cfg_addr_i[4] (in)
                                                         cfg_addr_i[4] (net)
                      0.172599    0.000000    4.049897 ^ input5/I (gf180mcu_fd_sc_mcu7t5v0__dlyb_1)
     4    0.017232    0.605647    1.891038    5.940934 ^ input5/Z (gf180mcu_fd_sc_mcu7t5v0__dlyb_1)
                                                         net5 (net)
                      0.605647    0.001068    5.942003 ^ fanout427/I (gf180mcu_fd_sc_mcu7t5v0__dlya_1)
    10    0.039758    1.165279    1.361945    7.303947 ^ fanout427/Z (gf180mcu_fd_sc_mcu7t5v0__dlya_1)
                                                         net427 (net)
                      1.165287    0.001680    7.305627 ^ _1177_/A2 (gf180mcu_fd_sc_mcu7t5v0__nor3_1)
     1    0.003255    0.530602    0.361384    7.667011 v _1177_/ZN (gf180mcu_fd_sc_mcu7t5v0__nor3_1)
                                                         _0336_ (net)
                      0.530602    0.000231    7.667242 v fanout338/I (gf180mcu_fd_sc_mcu7t5v0__dlyb_1)
     7    0.026323    0.717853    2.319919    9.987162 v fanout338/Z (gf180mcu_fd_sc_mcu7t5v0__dlyb_1)
                                                         net338 (net)
                      0.717853    0.001402    9.988564 v _1333_/A1 (gf180mcu_fd_sc_mcu7t5v0__and2_1)
     3    0.012939    0.341608    0.705176   10.693741 v _1333_/Z (gf180mcu_fd_sc_mcu7t5v0__and2_1)
                                                         _0432_ (net)
                      0.341608    0.000915   10.694655 v fanout324/I (gf180mcu_fd_sc_mcu7t5v0__dlyb_1)
     5    0.024771    0.696067    2.231707   12.926363 v fanout324/Z (gf180mcu_fd_sc_mcu7t5v0__dlyb_1)
                                                         net324 (net)
                      0.696067    0.001688   12.928050 v _1390_/B1 (gf180mcu_fd_sc_mcu7t5v0__aoi222_1)
     1    0.005025    1.574491    1.094501   14.022552 ^ _1390_/ZN (gf180mcu_fd_sc_mcu7t5v0__aoi222_1)
                                                         _0480_ (net)
                      1.574491    0.000355   14.022907 ^ _1391_/A2 (gf180mcu_fd_sc_mcu7t5v0__nand2_1)
     1    0.003433    0.422048    0.187254   14.210160 v _1391_/ZN (gf180mcu_fd_sc_mcu7t5v0__nand2_1)
                                                         net144 (net)
                      0.422048    0.000250   14.210410 v output144/I (gf180mcu_fd_sc_mcu7t5v0__buf_1)
     1    0.005762    0.217499    0.529736   14.740147 v output144/Z (gf180mcu_fd_sc_mcu7t5v0__buf_1)
                                                         net238 (net)
                      0.217499    0.000209   14.740355 v wire238/I (gf180mcu_fd_sc_mcu7t5v0__clkbuf_3)
     1    0.073436    0.591768    0.735533   15.475887 v wire238/Z (gf180mcu_fd_sc_mcu7t5v0__clkbuf_3)
                                                         cfg_data_o[9] (net)
                      0.591833    0.003492   15.479380 v cfg_data_o[9] (out)
                                             15.479380   data arrival time

                      0.150000   20.000000   20.000000   clock sys_clk (rise edge)
                                  0.000000   20.000000   clock network delay (ideal)
                                 -0.250000   19.750002   clock uncertainty
                                  0.000000   19.750002   clock reconvergence pessimism
                                 -4.000000   15.750001   output external delay
                                             15.750001   data required time
---------------------------------------------------------------------------------------------
                                             15.750001   data required time
                                            -15.479380   data arrival time
---------------------------------------------------------------------------------------------
                                              0.270621   slack (MET)




===========================================================================
report_checks --slack_max -0.01
============================================================================
======================= max_ss_125C_4v50 Corner ===================================

No paths found.


===========================================================================
 report_check_types -max_slew -max_cap -max_fanout -violators
============================================================================
======================= max_ss_125C_4v50 Corner ===================================



===========================================================================
report_parasitic_annotation -report_unannotated
============================================================================
Found 45 unannotated drivers.
 data_tx_i[10]
 data_tx_i[11]
 data_tx_i[12]
 data_tx_i[13]
 data_tx_i[14]
 data_tx_i[15]
 data_tx_i[16]
 data_tx_i[17]
 data_tx_i[18]
 data_tx_i[19]
 data_tx_i[20]
 data_tx_i[21]
 data_tx_i[22]
 data_tx_i[23]
 data_tx_i[24]
 data_tx_i[25]
 data_tx_i[26]
 data_tx_i[27]
 data_tx_i[28]
 data_tx_i[29]
 data_tx_i[30]
 data_tx_i[31]
 data_tx_i[8]
 data_tx_i[9]
 clkload0/Z
 clkload1/Z
 clkload10/Z
 clkload11/Z
 clkload12/Z
 clkload13/Z
 clkload14/Z
 clkload15/Z
 clkload16/Z
 clkload17/Z
 clkload18/Z
 clkload19/Z
 clkload2/Z
 clkload20/Z
 clkload3/Z
 clkload4/Z
 clkload5/Z
 clkload6/Z
 clkload7/Z
 clkload8/Z
 clkload9/Z
Found 0 partially unannotated drivers.

===========================================================================
max slew violation count 0
Writing metric design__max_slew_violation__count__corner:max_ss_125C_4v50: 0
max fanout violation count 0
Writing metric design__max_fanout_violation__count__corner:max_ss_125C_4v50: 0
max cap violation count 0
Writing metric design__max_cap_violation__count__corner:max_ss_125C_4v50: 0
============================================================================

===========================================================================
check_setup -verbose -unconstrained_endpoints -multiple_clock -no_clock -no_input_delay -loops -generated_clocks
===========================================================================
Warning: There is 1 input port missing set_input_delay.
  rstn_i
