Clock: sys_clk
Sources: sys_clk_i 
Generated: no
Virtual: no
Propagated: no
Period: 20.000000

===========================================================================
report_clock_properties
============================================================================
Clock                   Period          Waveform
----------------------------------------------------
sys_clk              20.000000    0.000000 10.000000

===========================================================================
report_clock_latency
============================================================================
Clock sys_clk
rise -> rise
    min     max
0.000000 0.000000 source latency
1.859005         network latency _2051_/CLK
        1.865727 network latency _2117_/CLK
---------------
1.859005 1.865727 latency
        0.006722 skew

fall -> fall
    min     max
0.000000 0.000000 source latency
1.830150         network latency _2051_/CLK
        1.837177 network latency _2117_/CLK
---------------
1.830150 1.837177 latency
        0.007026 skew



===========================================================================
report_clock_min_period
============================================================================
sys_clk period_min = 10.22 fmax = 97.89
Clock: periph_clk
Sources: periph_clk_i 
Generated: no
Virtual: no
Propagated: no
Period: 20.000000

===========================================================================
report_clock_properties
============================================================================
Clock                   Period          Waveform
----------------------------------------------------
periph_clk           20.000000    0.000000 10.000000

===========================================================================
report_clock_latency
============================================================================
Clock periph_clk
rise -> rise
    min     max
0.000000 0.000000 source latency
1.851137         network latency _2053_/CLK
        1.863089 network latency _2182_/CLK
---------------
1.851137 1.863089 latency
        0.011952 skew

fall -> fall
    min     max
0.000000 0.000000 source latency
1.821868         network latency _2083_/CLK
        1.834670 network latency _2182_/CLK
---------------
1.821868 1.834670 latency
        0.012802 skew



===========================================================================
report_clock_min_period
============================================================================
periph_clk period_min = 12.39 fmax = 80.68
