
===========================================================================
report_checks -unconstrained
===========================================================================
======================= max_tt_025C_5v00 Corner ===================================

Startpoint: _2030_ (rising edge-triggered flip-flop clocked by sys_clk)
Endpoint: _2067_ (recovery check against rising-edge clock sys_clk)
Path Group: asynchronous
Path Type: max

Fanout         Cap        Slew       Delay        Time   Description
---------------------------------------------------------------------------------------------
                                  0.000000    0.000000   clock sys_clk (rise edge)
                                  0.000000    0.000000   clock source latency
     1    0.064009    0.288427    0.157470    0.157470 ^ sys_clk_i (in)
                                                         sys_clk_i (net)
                      0.288986    0.000000    0.157470 ^ clkbuf_0_sys_clk_i/I (gf180mcu_fd_sc_mcu7t5v0__clkbuf_20)
    16    0.190969    0.204767    0.342502    0.499972 ^ clkbuf_0_sys_clk_i/Z (gf180mcu_fd_sc_mcu7t5v0__clkbuf_20)
                                                         clknet_0_sys_clk_i (net)
                      0.204911    0.007523    0.507495 ^ clkbuf_4_7_0_sys_clk_i/I (gf180mcu_fd_sc_mcu7t5v0__clkbuf_2)
     2    0.061284    0.525747    0.510849    1.018344 ^ clkbuf_4_7_0_sys_clk_i/Z (gf180mcu_fd_sc_mcu7t5v0__clkbuf_2)
                                                         clknet_4_7_0_sys_clk_i (net)
                      0.525758    0.001347    1.019691 ^ clkbuf_5_14__f_sys_clk_i/I (gf180mcu_fd_sc_mcu7t5v0__clkbuf_20)
     6    0.043983    0.112468    0.313437    1.333129 ^ clkbuf_5_14__f_sys_clk_i/Z (gf180mcu_fd_sc_mcu7t5v0__clkbuf_20)
                                                         clknet_5_14__leaf_sys_clk_i (net)
                      0.112470    0.001082    1.334211 ^ _2030_/CLK (gf180mcu_fd_sc_mcu7t5v0__dffrnq_1)
     2    0.027369    0.306369    0.838091    2.172301 v _2030_/Q (gf180mcu_fd_sc_mcu7t5v0__dffrnq_1)
                                                         s_uart_rx_clean_fifo (net)
                      0.306384    0.001321    2.173623 v _0923_/A2 (gf180mcu_fd_sc_mcu7t5v0__nor2_1)
     2    0.019192    0.675418    0.465747    2.639369 ^ _0923_/ZN (gf180mcu_fd_sc_mcu7t5v0__nor2_1)
                                                         u_dc_fifo_rx.dst_rstn_i (net)
                      0.675418    0.000259    2.639628 ^ fanout356/I (gf180mcu_fd_sc_mcu7t5v0__buf_1)
     8    0.077884    1.296576    0.940411    3.580039 ^ fanout356/Z (gf180mcu_fd_sc_mcu7t5v0__buf_1)
                                                         net356 (net)
                      1.296604    0.003356    3.583395 ^ fanout352/I (gf180mcu_fd_sc_mcu7t5v0__dlyb_1)
     2    0.015646    0.321996    0.997501    4.580897 ^ fanout352/Z (gf180mcu_fd_sc_mcu7t5v0__dlyb_1)
                                                         net352 (net)
                      0.321996    0.000169    4.581066 ^ load_slew353/I (gf180mcu_fd_sc_mcu7t5v0__clkbuf_4)
     9    0.088741    0.392333    0.478792    5.059857 ^ load_slew353/Z (gf180mcu_fd_sc_mcu7t5v0__clkbuf_4)
                                                         net353 (net)
                      0.392423    0.003276    5.063134 ^ _2067_/SETN (gf180mcu_fd_sc_mcu7t5v0__dffsnq_1)
                                              5.063134   data arrival time

                                 20.000000   20.000000   clock sys_clk (rise edge)
                                  0.000000   20.000000   clock source latency
     1    0.064009    0.288427    0.157470   20.157471 ^ sys_clk_i (in)
                                                         sys_clk_i (net)
                      0.288986    0.000000   20.157471 ^ clkbuf_0_sys_clk_i/I (gf180mcu_fd_sc_mcu7t5v0__clkbuf_20)
    16    0.190969    0.204767    0.342501   20.499971 ^ clkbuf_0_sys_clk_i/Z (gf180mcu_fd_sc_mcu7t5v0__clkbuf_20)
                                                         clknet_0_sys_clk_i (net)
                      0.205031    0.010262   20.510235 ^ clkbuf_4_4_0_sys_clk_i/I (gf180mcu_fd_sc_mcu7t5v0__clkbuf_2)
     2    0.061744    0.529357    0.512939   21.023172 ^ clkbuf_4_4_0_sys_clk_i/Z (gf180mcu_fd_sc_mcu7t5v0__clkbuf_2)
                                                         clknet_4_4_0_sys_clk_i (net)
                      0.529369    0.001435   21.024609 ^ clkbuf_5_8__f_sys_clk_i/I (gf180mcu_fd_sc_mcu7t5v0__clkbuf_20)
     6    0.032882    0.104747    0.307981   21.332590 ^ clkbuf_5_8__f_sys_clk_i/Z (gf180mcu_fd_sc_mcu7t5v0__clkbuf_20)
                                                         clknet_5_8__leaf_sys_clk_i (net)
                      0.104747    0.000039   21.332628 ^ _2067_/CLK (gf180mcu_fd_sc_mcu7t5v0__dffsnq_1)
                                 -0.250000   21.082630   clock uncertainty
                                  0.000000   21.082630   clock reconvergence pessimism
                                 -0.009544   21.073086   library recovery time
                                             21.073086   data required time
---------------------------------------------------------------------------------------------
                                             21.073086   data required time
                                             -5.063134   data arrival time
---------------------------------------------------------------------------------------------
                                             16.009951   slack (MET)


Startpoint: _1968_ (rising edge-triggered flip-flop clocked by periph_clk)
Endpoint: _1776_ (rising edge-triggered flip-flop clocked by periph_clk)
Path Group: periph_clk
Path Type: max

Fanout         Cap        Slew       Delay        Time   Description
---------------------------------------------------------------------------------------------
                                  0.000000    0.000000   clock periph_clk (rise edge)
                                  0.000000    0.000000   clock source latency
     1    0.057263    0.262907    0.140459    0.140459 ^ periph_clk_i (in)
                                                         periph_clk_i (net)
                      0.263065    0.000000    0.140459 ^ clkbuf_0_periph_clk_i/I (gf180mcu_fd_sc_mcu7t5v0__clkbuf_20)
    16    0.143980    0.172273    0.318662    0.459121 ^ clkbuf_0_periph_clk_i/Z (gf180mcu_fd_sc_mcu7t5v0__clkbuf_20)
                                                         clknet_0_periph_clk_i (net)
                      0.172283    0.002352    0.461472 ^ clkbuf_4_1_0_periph_clk_i/I (gf180mcu_fd_sc_mcu7t5v0__clkbuf_2)
     2    0.058858    0.506484    0.492818    0.954291 ^ clkbuf_4_1_0_periph_clk_i/Z (gf180mcu_fd_sc_mcu7t5v0__clkbuf_2)
                                                         clknet_4_1_0_periph_clk_i (net)
                      0.506494    0.001297    0.955588 ^ clkbuf_5_2__f_periph_clk_i/I (gf180mcu_fd_sc_mcu7t5v0__clkbuf_20)
     6    0.030789    0.102358    0.302824    1.258411 ^ clkbuf_5_2__f_periph_clk_i/Z (gf180mcu_fd_sc_mcu7t5v0__clkbuf_20)
                                                         clknet_5_2__leaf_periph_clk_i (net)
                      0.102359    0.000471    1.258882 ^ _1968_/CLK (gf180mcu_fd_sc_mcu7t5v0__dffrnq_1)
    10    0.057373    0.582134    1.015573    2.274456 v _1968_/Q (gf180mcu_fd_sc_mcu7t5v0__dffrnq_1)
                                                         u_uart_rx.CS[1] (net)
                      0.582145    0.001444    2.275900 v _1003_/A2 (gf180mcu_fd_sc_mcu7t5v0__nor2_1)
     2    0.010022    0.456133    0.368180    2.644080 ^ _1003_/ZN (gf180mcu_fd_sc_mcu7t5v0__nor2_1)
                                                         _0783_ (net)
                      0.456133    0.000088    2.644168 ^ _1005_/A4 (gf180mcu_fd_sc_mcu7t5v0__nand4_1)
     3    0.027851    0.858041    0.539858    3.184026 v _1005_/ZN (gf180mcu_fd_sc_mcu7t5v0__nand4_1)
                                                         _0785_ (net)
                      0.858041    0.000869    3.184894 v _1077_/B (gf180mcu_fd_sc_mcu7t5v0__aoi21_1)
     1    0.006868    0.480501    0.424136    3.609030 ^ _1077_/ZN (gf180mcu_fd_sc_mcu7t5v0__aoi21_1)
                                                         _0851_ (net)
                      0.480501    0.000159    3.609189 ^ fanout315/I (gf180mcu_fd_sc_mcu7t5v0__dlyb_1)
     8    0.073782    1.232940    1.547586    5.156775 ^ fanout315/Z (gf180mcu_fd_sc_mcu7t5v0__dlyb_1)
                                                         net315 (net)
                      1.232940    0.001189    5.157964 ^ fanout314/I (gf180mcu_fd_sc_mcu7t5v0__buf_1)
    10    0.083110    1.380518    0.995304    6.153268 ^ fanout314/Z (gf180mcu_fd_sc_mcu7t5v0__buf_1)
                                                         net314 (net)
                      1.380518    0.001302    6.154570 ^ _1078_/I (gf180mcu_fd_sc_mcu7t5v0__clkinv_1)
     3    0.024124    0.644703    0.500585    6.655155 v _1078_/ZN (gf180mcu_fd_sc_mcu7t5v0__clkinv_1)
                                                         _0852_ (net)
                      0.644703    0.000649    6.655804 v _1278_/A2 (gf180mcu_fd_sc_mcu7t5v0__nor2_1)
     3    0.043529    1.379998    0.925180    7.580983 ^ _1278_/ZN (gf180mcu_fd_sc_mcu7t5v0__nor2_1)
                                                         _0408_ (net)
                      1.379998    0.001140    7.582124 ^ max_cap535/I (gf180mcu_fd_sc_mcu7t5v0__clkbuf_2)
     3    0.043076    0.395223    0.581591    8.163714 ^ max_cap535/Z (gf180mcu_fd_sc_mcu7t5v0__clkbuf_2)
                                                         net535 (net)
                      0.395225    0.001347    8.165062 ^ max_cap227/I (gf180mcu_fd_sc_mcu7t5v0__buf_2)
     4    0.063682    0.545166    0.481029    8.646091 ^ max_cap227/Z (gf180mcu_fd_sc_mcu7t5v0__buf_2)
                                                         net227 (net)
                      0.545185    0.001795    8.647886 ^ _1285_/S (gf180mcu_fd_sc_mcu7t5v0__mux2_2)
     1    0.003681    0.101228    0.294417    8.942303 ^ _1285_/Z (gf180mcu_fd_sc_mcu7t5v0__mux2_2)
                                                         _0050_ (net)
                      0.101228    0.000039    8.942342 ^ _1776_/D (gf180mcu_fd_sc_mcu7t5v0__dffrnq_1)
                                              8.942342   data arrival time

                                 20.000000   20.000000   clock periph_clk (rise edge)
                                  0.000000   20.000000   clock source latency
     1    0.057263    0.262907    0.140458   20.140459 ^ periph_clk_i (in)
                                                         periph_clk_i (net)
                      0.263065    0.000000   20.140459 ^ clkbuf_0_periph_clk_i/I (gf180mcu_fd_sc_mcu7t5v0__clkbuf_20)
    16    0.143980    0.172273    0.318662   20.459122 ^ clkbuf_0_periph_clk_i/Z (gf180mcu_fd_sc_mcu7t5v0__clkbuf_20)
                                                         clknet_0_periph_clk_i (net)
                      0.172283    0.002352   20.461473 ^ clkbuf_4_1_0_periph_clk_i/I (gf180mcu_fd_sc_mcu7t5v0__clkbuf_2)
     2    0.058858    0.506484    0.492818   20.954290 ^ clkbuf_4_1_0_periph_clk_i/Z (gf180mcu_fd_sc_mcu7t5v0__clkbuf_2)
                                                         clknet_4_1_0_periph_clk_i (net)
                      0.506496    0.001387   20.955679 ^ clkbuf_5_3__f_periph_clk_i/I (gf180mcu_fd_sc_mcu7t5v0__clkbuf_20)
     5    0.031135    0.102605    0.303070   21.258749 ^ clkbuf_5_3__f_periph_clk_i/Z (gf180mcu_fd_sc_mcu7t5v0__clkbuf_20)
                                                         clknet_5_3__leaf_periph_clk_i (net)
                      0.102606    0.000313   21.259062 ^ _1776_/CLK (gf180mcu_fd_sc_mcu7t5v0__dffrnq_1)
                                 -0.250000   21.009062   clock uncertainty
                                  0.000000   21.009062   clock reconvergence pessimism
                                 -0.298313   20.710747   library setup time
                                             20.710747   data required time
---------------------------------------------------------------------------------------------
                                             20.710747   data required time
                                             -8.942342   data arrival time
---------------------------------------------------------------------------------------------
                                             11.768405   slack (MET)


Startpoint: cfg_rwn_i (input port clocked by sys_clk)
Endpoint: cfg_data_o[23] (output port clocked by sys_clk)
Path Group: sys_clk
Path Type: max

Fanout         Cap        Slew       Delay        Time   Description
---------------------------------------------------------------------------------------------
                                  0.000000    0.000000   clock sys_clk (rise edge)
                                  0.000000    0.000000   clock network delay (propagated)
                                  2.000000    2.000000 v input external delay
     1    0.010343    0.125977    0.062434    2.062434 v cfg_rwn_i (in)
                                                         cfg_rwn_i (net)
                      0.125977    0.000000    2.062434 v input38/I (gf180mcu_fd_sc_mcu7t5v0__dlyb_1)
     8    0.058962    0.681434    1.389674    3.452108 v input38/Z (gf180mcu_fd_sc_mcu7t5v0__dlyb_1)
                                                         net38 (net)
                      0.681493    0.003604    3.455712 v _1085_/A1 (gf180mcu_fd_sc_mcu7t5v0__nand3_1)
     5    0.023892    0.656209    0.537237    3.992949 ^ _1085_/ZN (gf180mcu_fd_sc_mcu7t5v0__nand3_1)
                                                         _0291_ (net)
                      0.656209    0.000431    3.993380 ^ _1086_/A2 (gf180mcu_fd_sc_mcu7t5v0__nor2_1)
     4    0.020474    0.497197    0.358019    4.351399 v _1086_/ZN (gf180mcu_fd_sc_mcu7t5v0__nor2_1)
                                                         _0292_ (net)
                      0.497197    0.000123    4.351521 v _1087_/A2 (gf180mcu_fd_sc_mcu7t5v0__and2_1)
     1    0.012652    0.193348    0.437576    4.789097 v _1087_/Z (gf180mcu_fd_sc_mcu7t5v0__and2_1)
                                                         _0293_ (net)
                      0.193348    0.000424    4.789521 v fanout339/I (gf180mcu_fd_sc_mcu7t5v0__buf_1)
    11    0.132733    1.301224    1.040776    5.830297 v fanout339/Z (gf180mcu_fd_sc_mcu7t5v0__buf_1)
                                                         net339 (net)
                      1.301264    0.004145    5.834442 v fanout338/I (gf180mcu_fd_sc_mcu7t5v0__dlyb_1)
     7    0.055627    0.652321    1.766186    7.600628 v fanout338/Z (gf180mcu_fd_sc_mcu7t5v0__dlyb_1)
                                                         net338 (net)
                      0.652324    0.001060    7.601687 v fanout337/I (gf180mcu_fd_sc_mcu7t5v0__dlyb_1)
    10    0.064890    0.730632    1.614835    9.216522 v fanout337/Z (gf180mcu_fd_sc_mcu7t5v0__dlyb_1)
                                                         net337 (net)
                      0.730632    0.000384    9.216906 v _1095_/A2 (gf180mcu_fd_sc_mcu7t5v0__and2_1)
     1    0.028132    0.327590    0.602038    9.818944 v _1095_/Z (gf180mcu_fd_sc_mcu7t5v0__and2_1)
                                                         net128 (net)
                      0.327616    0.001605    9.820549 v output128/I (gf180mcu_fd_sc_mcu7t5v0__buf_1)
     1    0.005866    0.126222    0.321927   10.142476 v output128/Z (gf180mcu_fd_sc_mcu7t5v0__buf_1)
                                                         net285 (net)
                      0.126222    0.000058   10.142534 v wire285/I (gf180mcu_fd_sc_mcu7t5v0__clkbuf_3)
     1    0.074192    0.340996    0.418148   10.560682 v wire285/Z (gf180mcu_fd_sc_mcu7t5v0__clkbuf_3)
                                                         cfg_data_o[23] (net)
                      0.341006    0.001028   10.561710 v cfg_data_o[23] (out)
                                             10.561710   data arrival time

                                 20.000000   20.000000   clock sys_clk (rise edge)
                                  0.000000   20.000000   clock network delay (propagated)
                                 -0.250000   19.750002   clock uncertainty
                                  0.000000   19.750002   clock reconvergence pessimism
                                 -2.000000   17.750002   output external delay
                                             17.750002   data required time
---------------------------------------------------------------------------------------------
                                             17.750002   data required time
                                            -10.561710   data arrival time
---------------------------------------------------------------------------------------------
                                              7.188291   slack (MET)




===========================================================================
report_checks --slack_max -0.01
============================================================================
======================= max_tt_025C_5v00 Corner ===================================

No paths found.


===========================================================================
 report_check_types -max_slew -max_cap -max_fanout -violators
============================================================================
======================= max_tt_025C_5v00 Corner ===================================

max fanout

Pin                                   Limit Fanout  Slack
---------------------------------------------------------
clkbuf_0_periph_clk_i/Z                  10     16     -6 (VIOLATED)
clkbuf_0_sys_clk_i/Z                     10     16     -6 (VIOLATED)
fanout339/Z                              10     11        (VIOLATED)



===========================================================================
report_parasitic_annotation -report_unannotated
============================================================================
Found 45 unannotated drivers.
 data_tx_i[10]
 data_tx_i[11]
 data_tx_i[12]
 data_tx_i[13]
 data_tx_i[14]
 data_tx_i[15]
 data_tx_i[16]
 data_tx_i[17]
 data_tx_i[18]
 data_tx_i[19]
 data_tx_i[20]
 data_tx_i[21]
 data_tx_i[22]
 data_tx_i[23]
 data_tx_i[24]
 data_tx_i[25]
 data_tx_i[26]
 data_tx_i[27]
 data_tx_i[28]
 data_tx_i[29]
 data_tx_i[30]
 data_tx_i[31]
 data_tx_i[8]
 data_tx_i[9]
 clkload0/Z
 clkload1/Z
 clkload10/Z
 clkload11/Z
 clkload12/Z
 clkload13/Z
 clkload14/Z
 clkload15/Z
 clkload16/Z
 clkload17/Z
 clkload18/Z
 clkload19/Z
 clkload2/Z
 clkload20/Z
 clkload3/Z
 clkload4/Z
 clkload5/Z
 clkload6/Z
 clkload7/Z
 clkload8/Z
 clkload9/Z
Found 0 partially unannotated drivers.

===========================================================================
max slew violation count 0
max fanout violation count 3
max cap violation count 0
============================================================================

===========================================================================
check_setup -verbose -unconstrained_endpoints -multiple_clock -no_clock -no_input_delay -loops -generated_clocks
===========================================================================
Warning: There is 1 input port missing set_input_delay.
  rstn_i
