
===========================================================================
report_checks -unconstrained
===========================================================================
======================= min_ff_n40C_5v50 Corner ===================================

Startpoint: _2030_ (rising edge-triggered flip-flop clocked by sys_clk)
Endpoint: _2067_ (recovery check against rising-edge clock sys_clk)
Path Group: asynchronous
Path Type: max

Fanout         Cap        Slew       Delay        Time   Description
---------------------------------------------------------------------------------------------
                                  0.000000    0.000000   clock sys_clk (rise edge)
                                  0.000000    0.000000   clock source latency
     1    0.059461    0.179866    0.100792    0.100792 ^ sys_clk_i (in)
                                                         sys_clk_i (net)
                      0.180335    0.000000    0.100792 ^ clkbuf_0_sys_clk_i/I (gf180mcu_fd_sc_mcu7t5v0__clkbuf_20)
    16    0.169315    0.121441    0.211305    0.312097 ^ clkbuf_0_sys_clk_i/Z (gf180mcu_fd_sc_mcu7t5v0__clkbuf_20)
                                                         clknet_0_sys_clk_i (net)
                      0.121538    0.005178    0.317275 ^ clkbuf_4_7_0_sys_clk_i/I (gf180mcu_fd_sc_mcu7t5v0__clkbuf_2)
     2    0.060243    0.342622    0.328403    0.645679 ^ clkbuf_4_7_0_sys_clk_i/Z (gf180mcu_fd_sc_mcu7t5v0__clkbuf_2)
                                                         clknet_4_7_0_sys_clk_i (net)
                      0.342636    0.001223    0.646902 ^ clkbuf_5_14__f_sys_clk_i/I (gf180mcu_fd_sc_mcu7t5v0__clkbuf_20)
     6    0.038987    0.069819    0.200167    0.847069 ^ clkbuf_5_14__f_sys_clk_i/Z (gf180mcu_fd_sc_mcu7t5v0__clkbuf_20)
                                                         clknet_5_14__leaf_sys_clk_i (net)
                      0.069821    0.000864    0.847933 ^ _2030_/CLK (gf180mcu_fd_sc_mcu7t5v0__dffrnq_1)
     2    0.023767    0.181769    0.513372    1.361305 v _2030_/Q (gf180mcu_fd_sc_mcu7t5v0__dffrnq_1)
                                                         s_uart_rx_clean_fifo (net)
                      0.181786    0.001047    1.362352 v _0923_/A2 (gf180mcu_fd_sc_mcu7t5v0__nor2_1)
     2    0.016190    0.364349    0.256217    1.618569 ^ _0923_/ZN (gf180mcu_fd_sc_mcu7t5v0__nor2_1)
                                                         u_dc_fifo_rx.dst_rstn_i (net)
                      0.364349    0.000204    1.618773 ^ fanout356/I (gf180mcu_fd_sc_mcu7t5v0__buf_1)
     8    0.072107    0.799366    0.583741    2.202514 ^ fanout356/Z (gf180mcu_fd_sc_mcu7t5v0__buf_1)
                                                         net356 (net)
                      0.799392    0.002589    2.205103 ^ fanout352/I (gf180mcu_fd_sc_mcu7t5v0__dlyb_1)
     2    0.015046    0.202375    0.592143    2.797246 ^ fanout352/Z (gf180mcu_fd_sc_mcu7t5v0__dlyb_1)
                                                         net352 (net)
                      0.202375    0.000149    2.797395 ^ load_slew353/I (gf180mcu_fd_sc_mcu7t5v0__clkbuf_4)
     9    0.084601    0.247592    0.305867    3.103262 ^ load_slew353/Z (gf180mcu_fd_sc_mcu7t5v0__clkbuf_4)
                                                         net353 (net)
                      0.247685    0.002656    3.105918 ^ _2067_/SETN (gf180mcu_fd_sc_mcu7t5v0__dffsnq_1)
                                              3.105918   data arrival time

                                 20.000000   20.000000   clock sys_clk (rise edge)
                                  0.000000   20.000000   clock source latency
     1    0.059461    0.179866    0.100792   20.100792 ^ sys_clk_i (in)
                                                         sys_clk_i (net)
                      0.180335    0.000000   20.100792 ^ clkbuf_0_sys_clk_i/I (gf180mcu_fd_sc_mcu7t5v0__clkbuf_20)
    16    0.169315    0.121441    0.211305   20.312098 ^ clkbuf_0_sys_clk_i/Z (gf180mcu_fd_sc_mcu7t5v0__clkbuf_20)
                                                         clknet_0_sys_clk_i (net)
                      0.121656    0.007116   20.319214 ^ clkbuf_4_4_0_sys_clk_i/I (gf180mcu_fd_sc_mcu7t5v0__clkbuf_2)
     2    0.060658    0.344801    0.329681   20.648895 ^ clkbuf_4_4_0_sys_clk_i/Z (gf180mcu_fd_sc_mcu7t5v0__clkbuf_2)
                                                         clknet_4_4_0_sys_clk_i (net)
                      0.344816    0.001288   20.650183 ^ clkbuf_5_8__f_sys_clk_i/I (gf180mcu_fd_sc_mcu7t5v0__clkbuf_20)
     6    0.030479    0.065837    0.197316   20.847498 ^ clkbuf_5_8__f_sys_clk_i/Z (gf180mcu_fd_sc_mcu7t5v0__clkbuf_20)
                                                         clknet_5_8__leaf_sys_clk_i (net)
                      0.065837    0.000037   20.847536 ^ _2067_/CLK (gf180mcu_fd_sc_mcu7t5v0__dffsnq_1)
                                 -0.250000   20.597536   clock uncertainty
                                  0.000000   20.597536   clock reconvergence pessimism
                                 -0.004602   20.592934   library recovery time
                                             20.592934   data required time
---------------------------------------------------------------------------------------------
                                             20.592934   data required time
                                             -3.105918   data arrival time
---------------------------------------------------------------------------------------------
                                             17.487015   slack (MET)


Startpoint: _1984_ (rising edge-triggered flip-flop clocked by periph_clk)
Endpoint: uart_tx_o (output port clocked by periph_clk)
Path Group: periph_clk
Path Type: max

Fanout         Cap        Slew       Delay        Time   Description
---------------------------------------------------------------------------------------------
                                  0.000000    0.000000   clock periph_clk (rise edge)
                                  0.000000    0.000000   clock source latency
     1    0.052427    0.161593    0.088572    0.088572 ^ periph_clk_i (in)
                                                         periph_clk_i (net)
                      0.161789    0.000000    0.088572 ^ clkbuf_0_periph_clk_i/I (gf180mcu_fd_sc_mcu7t5v0__clkbuf_20)
    16    0.130455    0.104898    0.197583    0.286154 ^ clkbuf_0_periph_clk_i/Z (gf180mcu_fd_sc_mcu7t5v0__clkbuf_20)
                                                         clknet_0_periph_clk_i (net)
                      0.104917    0.002285    0.288439 ^ clkbuf_4_9_0_periph_clk_i/I (gf180mcu_fd_sc_mcu7t5v0__clkbuf_2)
     2    0.058853    0.335298    0.320654    0.609093 ^ clkbuf_4_9_0_periph_clk_i/Z (gf180mcu_fd_sc_mcu7t5v0__clkbuf_2)
                                                         clknet_4_9_0_periph_clk_i (net)
                      0.335312    0.001204    0.610297 ^ clkbuf_5_19__f_periph_clk_i/I (gf180mcu_fd_sc_mcu7t5v0__clkbuf_20)
     5    0.028799    0.064711    0.194977    0.805274 ^ clkbuf_5_19__f_periph_clk_i/Z (gf180mcu_fd_sc_mcu7t5v0__clkbuf_20)
                                                         clknet_5_19__leaf_periph_clk_i (net)
                      0.064712    0.000296    0.805570 ^ _1984_/CLK (gf180mcu_fd_sc_mcu7t5v0__dffrnq_1)
     8    0.050581    0.573483    0.824265    1.629835 ^ _1984_/Q (gf180mcu_fd_sc_mcu7t5v0__dffrnq_1)
                                                         u_uart_tx.CS[2] (net)
                      0.573486    0.000711    1.630547 ^ _0997_/A1 (gf180mcu_fd_sc_mcu7t5v0__nor2_1)
     3    0.014152    0.261641    0.172329    1.802876 v _0997_/ZN (gf180mcu_fd_sc_mcu7t5v0__nor2_1)
                                                         _0779_ (net)
                      0.261641    0.000124    1.802999 v _1203_/A2 (gf180mcu_fd_sc_mcu7t5v0__and2_1)
     5    0.029652    0.221583    0.335092    2.138092 v _1203_/Z (gf180mcu_fd_sc_mcu7t5v0__and2_1)
                                                         _0350_ (net)
                      0.221585    0.000376    2.138468 v _1205_/A2 (gf180mcu_fd_sc_mcu7t5v0__aoi21_1)
     1    0.022138    0.523404    0.353844    2.492312 ^ _1205_/ZN (gf180mcu_fd_sc_mcu7t5v0__aoi21_1)
                                                         net220 (net)
                      0.523405    0.001009    2.493321 ^ output220/I (gf180mcu_fd_sc_mcu7t5v0__buf_1)
     1    0.006536    0.112425    0.182746    2.676067 ^ output220/Z (gf180mcu_fd_sc_mcu7t5v0__buf_1)
                                                         net266 (net)
                      0.112425    0.000071    2.676137 ^ wire266/I (gf180mcu_fd_sc_mcu7t5v0__clkbuf_3)
     1    0.074921    0.224072    0.274130    2.950268 ^ wire266/Z (gf180mcu_fd_sc_mcu7t5v0__clkbuf_3)
                                                         uart_tx_o (net)
                      0.224088    0.001049    2.951317 ^ uart_tx_o (out)
                                              2.951317   data arrival time

                                 20.000000   20.000000   clock periph_clk (rise edge)
                                  0.000000   20.000000   clock network delay (propagated)
                                 -0.250000   19.750002   clock uncertainty
                                  0.000000   19.750002   clock reconvergence pessimism
                                 -2.000000   17.750002   output external delay
                                             17.750002   data required time
---------------------------------------------------------------------------------------------
                                             17.750002   data required time
                                             -2.951317   data arrival time
---------------------------------------------------------------------------------------------
                                             14.798684   slack (MET)


Startpoint: cfg_rwn_i (input port clocked by sys_clk)
Endpoint: cfg_data_o[23] (output port clocked by sys_clk)
Path Group: sys_clk
Path Type: max

Fanout         Cap        Slew       Delay        Time   Description
---------------------------------------------------------------------------------------------
                                  0.000000    0.000000   clock sys_clk (rise edge)
                                  0.000000    0.000000   clock network delay (propagated)
                                  2.000000    2.000000 v input external delay
     1    0.008665    0.072755    0.035682    2.035682 v cfg_rwn_i (in)
                                                         cfg_rwn_i (net)
                      0.072756    0.000000    2.035682 v input38/I (gf180mcu_fd_sc_mcu7t5v0__dlyb_1)
     8    0.053351    0.407809    0.820466    2.856148 v input38/Z (gf180mcu_fd_sc_mcu7t5v0__dlyb_1)
                                                         net38 (net)
                      0.407870    0.002817    2.858964 v _1085_/A1 (gf180mcu_fd_sc_mcu7t5v0__nand3_1)
     5    0.022999    0.417327    0.331990    3.190954 ^ _1085_/ZN (gf180mcu_fd_sc_mcu7t5v0__nand3_1)
                                                         _0291_ (net)
                      0.417327    0.000392    3.191347 ^ _1086_/A2 (gf180mcu_fd_sc_mcu7t5v0__nor2_1)
     4    0.019006    0.302378    0.219218    3.410564 v _1086_/ZN (gf180mcu_fd_sc_mcu7t5v0__nor2_1)
                                                         _0292_ (net)
                      0.302378    0.000111    3.410676 v _1087_/A2 (gf180mcu_fd_sc_mcu7t5v0__and2_1)
     1    0.010593    0.114850    0.265586    3.676261 v _1087_/Z (gf180mcu_fd_sc_mcu7t5v0__and2_1)
                                                         _0293_ (net)
                      0.114850    0.000307    3.676569 v fanout339/I (gf180mcu_fd_sc_mcu7t5v0__buf_1)
    11    0.115530    0.766167    0.619054    4.295623 v fanout339/Z (gf180mcu_fd_sc_mcu7t5v0__buf_1)
                                                         net339 (net)
                      0.766203    0.003027    4.298650 v fanout338/I (gf180mcu_fd_sc_mcu7t5v0__dlyb_1)
     7    0.048745    0.380667    1.042260    5.340909 v fanout338/Z (gf180mcu_fd_sc_mcu7t5v0__dlyb_1)
                                                         net338 (net)
                      0.380671    0.000859    5.341769 v fanout337/I (gf180mcu_fd_sc_mcu7t5v0__dlyb_1)
    10    0.057621    0.433093    0.949876    6.291645 v fanout337/Z (gf180mcu_fd_sc_mcu7t5v0__dlyb_1)
                                                         net337 (net)
                      0.433093    0.000336    6.291981 v _1095_/A2 (gf180mcu_fd_sc_mcu7t5v0__and2_1)
     1    0.023161    0.186816    0.357433    6.649414 v _1095_/Z (gf180mcu_fd_sc_mcu7t5v0__and2_1)
                                                         net128 (net)
                      0.186847    0.001170    6.650584 v output128/I (gf180mcu_fd_sc_mcu7t5v0__buf_1)
     1    0.005778    0.080418    0.196756    6.847340 v output128/Z (gf180mcu_fd_sc_mcu7t5v0__buf_1)
                                                         net285 (net)
                      0.080418    0.000056    6.847396 v wire285/I (gf180mcu_fd_sc_mcu7t5v0__clkbuf_3)
     1    0.074039    0.220334    0.268242    7.115638 v wire285/Z (gf180mcu_fd_sc_mcu7t5v0__clkbuf_3)
                                                         cfg_data_o[23] (net)
                      0.220347    0.000928    7.116566 v cfg_data_o[23] (out)
                                              7.116566   data arrival time

                                 20.000000   20.000000   clock sys_clk (rise edge)
                                  0.000000   20.000000   clock network delay (propagated)
                                 -0.250000   19.750002   clock uncertainty
                                  0.000000   19.750002   clock reconvergence pessimism
                                 -2.000000   17.750002   output external delay
                                             17.750002   data required time
---------------------------------------------------------------------------------------------
                                             17.750002   data required time
                                             -7.116566   data arrival time
---------------------------------------------------------------------------------------------
                                             10.633435   slack (MET)




===========================================================================
report_checks --slack_max -0.01
============================================================================
======================= min_ff_n40C_5v50 Corner ===================================

No paths found.


===========================================================================
 report_check_types -max_slew -max_cap -max_fanout -violators
============================================================================
======================= min_ff_n40C_5v50 Corner ===================================

max fanout

Pin                                   Limit Fanout  Slack
---------------------------------------------------------
clkbuf_0_periph_clk_i/Z                  10     16     -6 (VIOLATED)
clkbuf_0_sys_clk_i/Z                     10     16     -6 (VIOLATED)
fanout339/Z                              10     11        (VIOLATED)



===========================================================================
report_parasitic_annotation -report_unannotated
============================================================================
Found 45 unannotated drivers.
 data_tx_i[10]
 data_tx_i[11]
 data_tx_i[12]
 data_tx_i[13]
 data_tx_i[14]
 data_tx_i[15]
 data_tx_i[16]
 data_tx_i[17]
 data_tx_i[18]
 data_tx_i[19]
 data_tx_i[20]
 data_tx_i[21]
 data_tx_i[22]
 data_tx_i[23]
 data_tx_i[24]
 data_tx_i[25]
 data_tx_i[26]
 data_tx_i[27]
 data_tx_i[28]
 data_tx_i[29]
 data_tx_i[30]
 data_tx_i[31]
 data_tx_i[8]
 data_tx_i[9]
 clkload0/Z
 clkload1/Z
 clkload10/Z
 clkload11/Z
 clkload12/Z
 clkload13/Z
 clkload14/Z
 clkload15/Z
 clkload16/Z
 clkload17/Z
 clkload18/Z
 clkload19/Z
 clkload2/Z
 clkload20/Z
 clkload3/Z
 clkload4/Z
 clkload5/Z
 clkload6/Z
 clkload7/Z
 clkload8/Z
 clkload9/Z
Found 0 partially unannotated drivers.

===========================================================================
max slew violation count 0
max fanout violation count 3
max cap violation count 0
============================================================================

===========================================================================
check_setup -verbose -unconstrained_endpoints -multiple_clock -no_clock -no_input_delay -loops -generated_clocks
===========================================================================
Warning: There is 1 input port missing set_input_delay.
  rstn_i
