
===========================================================================
report_checks -unconstrained
===========================================================================
======================= max_tt_025C_5v00 Corner ===================================

Startpoint: _2116_ (rising edge-triggered flip-flop clocked by sys_clk)
Endpoint: _2148_ (recovery check against rising-edge clock sys_clk)
Path Group: asynchronous
Path Type: max

Fanout         Cap        Slew       Delay        Time   Description
---------------------------------------------------------------------------------------------
                                  0.000000    0.000000   clock sys_clk (rise edge)
                                  0.000000    0.000000   clock source latency
     1    0.059336    0.270113    0.146783    0.146783 ^ sys_clk_i (in)
                                                         sys_clk_i (net)
                      0.270601    0.000000    0.146783 ^ clkbuf_0_sys_clk_i/I (gf180mcu_fd_sc_mcu7t5v0__clkbuf_16)
    16    0.187156    0.237188    0.363340    0.510123 ^ clkbuf_0_sys_clk_i/Z (gf180mcu_fd_sc_mcu7t5v0__clkbuf_16)
                                                         clknet_0_sys_clk_i (net)
                      0.237222    0.004217    0.514340 ^ clkbuf_4_7_0_sys_clk_i/I (gf180mcu_fd_sc_mcu7t5v0__clkbuf_2)
     2    0.050541    0.440872    0.468125    0.982465 ^ clkbuf_4_7_0_sys_clk_i/Z (gf180mcu_fd_sc_mcu7t5v0__clkbuf_2)
                                                         clknet_4_7_0_sys_clk_i (net)
                      0.440879    0.000980    0.983445 ^ clkbuf_5_14__f_sys_clk_i/I (gf180mcu_fd_sc_mcu7t5v0__clkbuf_16)
     6    0.038978    0.111915    0.305693    1.289139 ^ clkbuf_5_14__f_sys_clk_i/Z (gf180mcu_fd_sc_mcu7t5v0__clkbuf_16)
                                                         clknet_5_14__leaf_sys_clk_i (net)
                      0.111916    0.000597    1.289736 ^ _2116_/CLK (gf180mcu_fd_sc_mcu7t5v0__dffrnq_1)
     2    0.033106    0.357475    0.872773    2.162509 v _2116_/Q (gf180mcu_fd_sc_mcu7t5v0__dffrnq_1)
                                                         s_uart_rx_clean_fifo (net)
                      0.357487    0.001321    2.163831 v _0966_/A2 (gf180mcu_fd_sc_mcu7t5v0__nor2_1)
     4    0.048326    1.517745    0.956383    3.120214 ^ _0966_/ZN (gf180mcu_fd_sc_mcu7t5v0__nor2_1)
                                                         u_dc_fifo_rx.dst_rstn_i (net)
                      1.517745    0.000467    3.120681 ^ fanout350/I (gf180mcu_fd_sc_mcu7t5v0__dlyb_1)
     5    0.047414    0.813264    1.281419    4.402100 ^ fanout350/Z (gf180mcu_fd_sc_mcu7t5v0__dlyb_1)
                                                         net350 (net)
                      0.813264    0.000457    4.402557 ^ fanout347/I (gf180mcu_fd_sc_mcu7t5v0__dlyb_1)
     8    0.074644    1.246418    1.556757    5.959314 ^ fanout347/Z (gf180mcu_fd_sc_mcu7t5v0__dlyb_1)
                                                         net347 (net)
                      1.246424    0.001495    5.960809 ^ fanout346/I (gf180mcu_fd_sc_mcu7t5v0__buf_1)
     4    0.034386    0.606331    0.547054    6.507864 ^ fanout346/Z (gf180mcu_fd_sc_mcu7t5v0__buf_1)
                                                         net346 (net)
                      0.606331    0.000504    6.508368 ^ max_cap534/I (gf180mcu_fd_sc_mcu7t5v0__buf_2)
     7    0.064865    0.555361    0.501672    7.010040 ^ max_cap534/Z (gf180mcu_fd_sc_mcu7t5v0__buf_2)
                                                         net534 (net)
                      0.555361    0.000335    7.010375 ^ _2148_/SETN (gf180mcu_fd_sc_mcu7t5v0__dffsnq_1)
                                              7.010375   data arrival time

                                 20.000000   20.000000   clock sys_clk (rise edge)
                                  0.000000   20.000000   clock source latency
     1    0.059336    0.270113    0.146784   20.146784 ^ sys_clk_i (in)
                                                         sys_clk_i (net)
                      0.270601    0.000000   20.146784 ^ clkbuf_0_sys_clk_i/I (gf180mcu_fd_sc_mcu7t5v0__clkbuf_16)
    16    0.187156    0.237188    0.363340   20.510124 ^ clkbuf_0_sys_clk_i/Z (gf180mcu_fd_sc_mcu7t5v0__clkbuf_16)
                                                         clknet_0_sys_clk_i (net)
                      0.237238    0.005084   20.515207 ^ clkbuf_4_5_0_sys_clk_i/I (gf180mcu_fd_sc_mcu7t5v0__clkbuf_2)
     2    0.048720    0.426518    0.459782   20.974989 ^ clkbuf_4_5_0_sys_clk_i/Z (gf180mcu_fd_sc_mcu7t5v0__clkbuf_2)
                                                         clknet_4_5_0_sys_clk_i (net)
                      0.426525    0.000943   20.975933 ^ clkbuf_5_11__f_sys_clk_i/I (gf180mcu_fd_sc_mcu7t5v0__clkbuf_16)
     6    0.043852    0.115480    0.306571   21.282503 ^ clkbuf_5_11__f_sys_clk_i/Z (gf180mcu_fd_sc_mcu7t5v0__clkbuf_16)
                                                         clknet_5_11__leaf_sys_clk_i (net)
                      0.115480    0.000176   21.282679 ^ _2148_/CLK (gf180mcu_fd_sc_mcu7t5v0__dffsnq_1)
                                 -0.250000   21.032681   clock uncertainty
                                  0.000000   21.032681   clock reconvergence pessimism
                                 -0.037441   20.995237   library recovery time
                                             20.995237   data required time
---------------------------------------------------------------------------------------------
                                             20.995237   data required time
                                             -7.010375   data arrival time
---------------------------------------------------------------------------------------------
                                             13.984863   slack (MET)


Startpoint: _2069_ (rising edge-triggered flip-flop clocked by periph_clk)
Endpoint: uart_tx_o (output port clocked by periph_clk)
Path Group: periph_clk
Path Type: max

Fanout         Cap        Slew       Delay        Time   Description
---------------------------------------------------------------------------------------------
                                  0.000000    0.000000   clock periph_clk (rise edge)
                                  0.000000    0.000000   clock source latency
     1    0.059648    0.271778    0.146894    0.146894 ^ periph_clk_i (in)
                                                         periph_clk_i (net)
                      0.272138    0.000000    0.146894 ^ clkbuf_0_periph_clk_i/I (gf180mcu_fd_sc_mcu7t5v0__clkbuf_16)
    16    0.186888    0.237852    0.365455    0.512349 ^ clkbuf_0_periph_clk_i/Z (gf180mcu_fd_sc_mcu7t5v0__clkbuf_16)
                                                         clknet_0_periph_clk_i (net)
                      0.237869    0.003032    0.515381 ^ clkbuf_4_9_0_periph_clk_i/I (gf180mcu_fd_sc_mcu7t5v0__clkbuf_2)
     2    0.052073    0.452895    0.475181    0.990561 ^ clkbuf_4_9_0_periph_clk_i/Z (gf180mcu_fd_sc_mcu7t5v0__clkbuf_2)
                                                         clknet_4_9_0_periph_clk_i (net)
                      0.452909    0.001387    0.991948 ^ clkbuf_5_18__f_periph_clk_i/I (gf180mcu_fd_sc_mcu7t5v0__clkbuf_16)
     5    0.025693    0.100671    0.298557    1.290505 ^ clkbuf_5_18__f_periph_clk_i/Z (gf180mcu_fd_sc_mcu7t5v0__clkbuf_16)
                                                         clknet_5_18__leaf_periph_clk_i (net)
                      0.100671    0.000337    1.290843 ^ _2069_/CLK (gf180mcu_fd_sc_mcu7t5v0__dffrnq_1)
     5    0.033062    0.357127    0.870810    2.161653 v _2069_/Q (gf180mcu_fd_sc_mcu7t5v0__dffrnq_1)
                                                         u_uart_tx.CS[1] (net)
                      0.357128    0.000463    2.162116 v fanout418/I (gf180mcu_fd_sc_mcu7t5v0__dlyb_1)
    10    0.066099    0.741363    1.517421    3.679537 v fanout418/Z (gf180mcu_fd_sc_mcu7t5v0__dlyb_1)
                                                         net418 (net)
                      0.741380    0.002004    3.681541 v _1313_/A1 (gf180mcu_fd_sc_mcu7t5v0__and2_1)
     5    0.037421    0.405874    0.628663    4.310205 v _1313_/Z (gf180mcu_fd_sc_mcu7t5v0__and2_1)
                                                         _0413_ (net)
                      0.405874    0.000292    4.310496 v fanout328/I (gf180mcu_fd_sc_mcu7t5v0__dlyb_1)
    10    0.074250    0.812900    1.585370    5.895866 v fanout328/Z (gf180mcu_fd_sc_mcu7t5v0__dlyb_1)
                                                         net328 (net)
                      0.812921    0.002340    5.898206 v _1315_/A2 (gf180mcu_fd_sc_mcu7t5v0__aoi221_1)
     1    0.005252    0.677502    0.578180    6.476386 ^ _1315_/ZN (gf180mcu_fd_sc_mcu7t5v0__aoi221_1)
                                                         _0415_ (net)
                      0.677502    0.000101    6.476487 ^ _1316_/B (gf180mcu_fd_sc_mcu7t5v0__oai21_1)
     1    0.022572    0.526531    0.369932    6.846418 v _1316_/ZN (gf180mcu_fd_sc_mcu7t5v0__oai21_1)
                                                         net220 (net)
                      0.526532    0.001173    6.847591 v output220/I (gf180mcu_fd_sc_mcu7t5v0__buf_1)
     1    0.007681    0.148673    0.395656    7.243248 v output220/Z (gf180mcu_fd_sc_mcu7t5v0__buf_1)
                                                         net236 (net)
                      0.148673    0.000096    7.243343 v wire236/I (gf180mcu_fd_sc_mcu7t5v0__clkbuf_3)
     1    0.075733    0.346569    0.428022    7.671365 v wire236/Z (gf180mcu_fd_sc_mcu7t5v0__clkbuf_3)
                                                         uart_tx_o (net)
                      0.346583    0.001233    7.672598 v uart_tx_o (out)
                                              7.672598   data arrival time

                                 20.000000   20.000000   clock periph_clk (rise edge)
                                  0.000000   20.000000   clock network delay (propagated)
                                 -0.250000   19.750002   clock uncertainty
                                  0.000000   19.750002   clock reconvergence pessimism
                                 -4.000000   15.750001   output external delay
                                             15.750001   data required time
---------------------------------------------------------------------------------------------
                                             15.750001   data required time
                                             -7.672598   data arrival time
---------------------------------------------------------------------------------------------
                                              8.077403   slack (MET)


Startpoint: cfg_addr_i[3] (input port clocked by sys_clk)
Endpoint: cfg_data_o[1] (output port clocked by sys_clk)
Path Group: sys_clk
Path Type: max

Fanout         Cap        Slew       Delay        Time   Description
---------------------------------------------------------------------------------------------
                                  0.000000    0.000000   clock sys_clk (rise edge)
                                  0.000000    0.000000   clock network delay (propagated)
                                  4.000000    4.000000 v input external delay
     1    0.008448    0.108132    0.051255    4.051255 v cfg_addr_i[3] (in)
                                                         cfg_addr_i[3] (net)
                      0.108132    0.000000    4.051255 v input4/I (gf180mcu_fd_sc_mcu7t5v0__dlyb_1)
     5    0.065256    0.733532    1.423754    5.475009 v input4/Z (gf180mcu_fd_sc_mcu7t5v0__dlyb_1)
                                                         net4 (net)
                      0.733695    0.006124    5.481134 v fanout428/I (gf180mcu_fd_sc_mcu7t5v0__dlyb_1)
    10    0.070786    0.782307    1.678501    7.159636 v fanout428/Z (gf180mcu_fd_sc_mcu7t5v0__dlyb_1)
                                                         net428 (net)
                      0.782522    0.003650    7.163286 v _0907_/I (gf180mcu_fd_sc_mcu7t5v0__clkinv_1)
     8    0.055751    0.953852    0.767936    7.931222 ^ _0907_/ZN (gf180mcu_fd_sc_mcu7t5v0__clkinv_1)
                                                         _0698_ (net)
                      0.953857    0.001167    7.932389 ^ _1323_/A1 (gf180mcu_fd_sc_mcu7t5v0__nand4_1)
     2    0.010280    0.563098    0.350720    8.283110 v _1323_/ZN (gf180mcu_fd_sc_mcu7t5v0__nand4_1)
                                                         _0422_ (net)
                      0.563098    0.000156    8.283266 v _1332_/A1 (gf180mcu_fd_sc_mcu7t5v0__nor4_1)
     2    0.044497    2.784480    1.642867    9.926133 ^ _1332_/ZN (gf180mcu_fd_sc_mcu7t5v0__nor4_1)
                                                         _0431_ (net)
                      2.784480    0.002379    9.928513 ^ fanout325/I (gf180mcu_fd_sc_mcu7t5v0__dlya_1)
    10    0.092921    1.533011    1.076185   11.004698 ^ fanout325/Z (gf180mcu_fd_sc_mcu7t5v0__dlya_1)
                                                         net325 (net)
                      1.533011    0.000591   11.005288 ^ _1351_/B1 (gf180mcu_fd_sc_mcu7t5v0__aoi22_1)
     1    0.019037    0.748217    0.479779   11.485067 v _1351_/ZN (gf180mcu_fd_sc_mcu7t5v0__aoi22_1)
                                                         _0449_ (net)
                      0.748217    0.000833   11.485901 v _1355_/A1 (gf180mcu_fd_sc_mcu7t5v0__and4_1)
     1    0.024257    0.313390    0.596255   12.082156 v _1355_/Z (gf180mcu_fd_sc_mcu7t5v0__and4_1)
                                                         _0453_ (net)
                      0.313392    0.001264   12.083420 v _1356_/A2 (gf180mcu_fd_sc_mcu7t5v0__nand2_1)
     1    0.017041    0.476702    0.325743   12.409163 ^ _1356_/ZN (gf180mcu_fd_sc_mcu7t5v0__nand2_1)
                                                         net124 (net)
                      0.476703    0.000662   12.409824 ^ output124/I (gf180mcu_fd_sc_mcu7t5v0__buf_1)
     1    0.010808    0.232170    0.313251   12.723076 ^ output124/Z (gf180mcu_fd_sc_mcu7t5v0__buf_1)
                                                         net227 (net)
                      0.232170    0.000282   12.723358 ^ wire227/I (gf180mcu_fd_sc_mcu7t5v0__clkbuf_3)
     1    0.081769    0.366265    0.447642   13.171000 ^ wire227/Z (gf180mcu_fd_sc_mcu7t5v0__clkbuf_3)
                                                         cfg_data_o[1] (net)
                      0.366305    0.002101   13.173101 ^ cfg_data_o[1] (out)
                                             13.173101   data arrival time

                                 20.000000   20.000000   clock sys_clk (rise edge)
                                  0.000000   20.000000   clock network delay (propagated)
                                 -0.250000   19.750002   clock uncertainty
                                  0.000000   19.750002   clock reconvergence pessimism
                                 -4.000000   15.750001   output external delay
                                             15.750001   data required time
---------------------------------------------------------------------------------------------
                                             15.750001   data required time
                                            -13.173101   data arrival time
---------------------------------------------------------------------------------------------
                                              2.576900   slack (MET)




===========================================================================
report_checks --slack_max -0.01
============================================================================
======================= max_tt_025C_5v00 Corner ===================================

No paths found.


===========================================================================
 report_check_types -max_slew -max_cap -max_fanout -violators
============================================================================
======================= max_tt_025C_5v00 Corner ===================================

max fanout

Pin                                   Limit Fanout  Slack
---------------------------------------------------------
clkbuf_0_periph_clk_i/Z                  10     16     -6 (VIOLATED)
clkbuf_0_sys_clk_i/Z                     10     16     -6 (VIOLATED)



===========================================================================
report_parasitic_annotation -report_unannotated
============================================================================
Found 45 unannotated drivers.
 data_tx_i[10]
 data_tx_i[11]
 data_tx_i[12]
 data_tx_i[13]
 data_tx_i[14]
 data_tx_i[15]
 data_tx_i[16]
 data_tx_i[17]
 data_tx_i[18]
 data_tx_i[19]
 data_tx_i[20]
 data_tx_i[21]
 data_tx_i[22]
 data_tx_i[23]
 data_tx_i[24]
 data_tx_i[25]
 data_tx_i[26]
 data_tx_i[27]
 data_tx_i[28]
 data_tx_i[29]
 data_tx_i[30]
 data_tx_i[31]
 data_tx_i[8]
 data_tx_i[9]
 clkload0/Z
 clkload1/Z
 clkload10/Z
 clkload11/Z
 clkload12/Z
 clkload13/Z
 clkload14/Z
 clkload15/Z
 clkload16/Z
 clkload17/Z
 clkload18/Z
 clkload19/Z
 clkload2/Z
 clkload20/Z
 clkload3/Z
 clkload4/Z
 clkload5/Z
 clkload6/Z
 clkload7/Z
 clkload8/Z
 clkload9/Z
Found 0 partially unannotated drivers.

===========================================================================
max slew violation count 0
max fanout violation count 2
max cap violation count 0
============================================================================

===========================================================================
check_setup -verbose -unconstrained_endpoints -multiple_clock -no_clock -no_input_delay -loops -generated_clocks
===========================================================================
Warning: There is 1 input port missing set_input_delay.
  rstn_i
