Clock: sys_clk
Sources: sys_clk_i 
Generated: no
Virtual: yes
Propagated: no
Period: 20.000000

===========================================================================
report_clock_properties
============================================================================
Clock                   Period          Waveform
----------------------------------------------------
sys_clk              20.000000    0.000000 10.000000

===========================================================================
report_clock_latency
============================================================================
Clock sys_clk
rise -> rise
    min     max
0.000000 0.000000 source latency
1.270146         network latency _2027_/CLK
        1.308372 network latency _2025_/CLK
---------------
1.270146 1.308372 latency
        0.038226 skew

fall -> fall
    min     max
0.000000 0.000000 source latency
1.228249         network latency _2027_/CLK
        1.270271 network latency _2025_/CLK
---------------
1.228249 1.270271 latency
        0.042022 skew



===========================================================================
report_clock_min_period
============================================================================
sys_clk period_min = 7.31 fmax = 136.71
Clock: periph_clk
Sources: periph_clk_i 
Generated: no
Virtual: yes
Propagated: no
Period: 20.000000

===========================================================================
report_clock_properties
============================================================================
Clock                   Period          Waveform
----------------------------------------------------
periph_clk           20.000000    0.000000 10.000000

===========================================================================
report_clock_latency
============================================================================
Clock periph_clk
rise -> rise
    min     max
0.000000 0.000000 source latency
1.258778         network latency _2053_/CLK
        1.313231 network latency _1888_/CLK
---------------
1.258778 1.313231 latency
        0.054452 skew

fall -> fall
    min     max
0.000000 0.000000 source latency
1.216221         network latency _2053_/CLK
        1.275333 network latency _1888_/CLK
---------------
1.216221 1.275333 latency
        0.059112 skew



===========================================================================
report_clock_min_period
============================================================================
periph_clk period_min = 7.97 fmax = 125.53
