Clock: clk_i
Sources: clk_i 
Generated: no
Virtual: yes
Propagated: no
Period: 20.000000

===========================================================================
report_clock_properties
============================================================================
Clock                   Period          Waveform
----------------------------------------------------
clk_i                20.000000    0.000000 10.000000

===========================================================================
report_clock_latency
============================================================================
Clock clk_i
rise -> rise
    min     max
0.000000 0.000000 source latency
0.614005         network latency _372_/CLK
        0.619613 network latency _365_/CLK
---------------
0.614005 0.619613 latency
        0.005608 skew

fall -> fall
    min     max
0.000000 0.000000 source latency
0.572936         network latency _372_/CLK
        0.579071 network latency _365_/CLK
---------------
0.572936 0.579071 latency
        0.006136 skew



===========================================================================
report_clock_min_period
============================================================================
clk_i period_min = 5.48 fmax = 182.51
