Reading timing models for corner nom_tt_025C_5v00…
Reading timing library for the 'nom_tt_025C_5v00' corner at '/home/sahana/.ciel/gf180mcuD/libs.ref/gf180mcu_fd_sc_mcu7t5v0/lib/gf180mcu_fd_sc_mcu7t5v0__tt_025C_5v00.lib'…
Reading OpenROAD database at '/home/sahana/core5_udma/hardening/uart_top/runs/RUN_2026-08-01_23-18-46/55-odb-cellfrequencytables/udma_uart_top.odb'…
Reading design constraints file at '/home/sahana/core5_udma/hardening/uart_top/constraints.closure.sdc'…
[INFO] Using voltage extracted from lib (5V) for power nets and 0V for ground nets…
%OL_CREATE_REPORT irdrop.rpt
+ analyze_power_grid -net VDD -voltage_file /home/sahana/core5_udma/hardening/uart_top/runs/RUN_2026-08-01_23-18-46/58-openroad-irdropreport/net-VDD.csv
[INFO PSM-0040] All shapes on net VDD are connected.
########## IR report #################
Net              : VDD
Corner           : nom_tt_025C_5v00
Total power      : 4.16e-02 W
Supply voltage   : 5.00e+00 V
Worstcase voltage: 5.00e+00 V
Average voltage  : 5.00e+00 V
Average IR drop  : 2.76e-04 V
Worstcase IR drop: 6.88e-04 V
Percentage drop  : 0.01 %
######################################
+ analyze_power_grid -net VSS -voltage_file /home/sahana/core5_udma/hardening/uart_top/runs/RUN_2026-08-01_23-18-46/58-openroad-irdropreport/net-VSS.csv
[INFO PSM-0040] All shapes on net VSS are connected.
########## IR report #################
Net              : VSS
Corner           : nom_tt_025C_5v00
Total power      : 4.16e-02 W
Supply voltage   : 0.00e+00 V
Worstcase voltage: 6.69e-04 V
Average voltage  : 2.70e-04 V
Average IR drop  : 2.70e-04 V
Worstcase IR drop: 6.69e-04 V
Percentage drop  : 0.01 %
######################################
%OL_END_REPORT
