
===========================================================================
report_checks -unconstrained
===========================================================================
======================= min_tt_025C_5v00 Corner ===================================

Startpoint: _2030_ (rising edge-triggered flip-flop clocked by sys_clk)
Endpoint: _2067_ (recovery check against rising-edge clock sys_clk)
Path Group: asynchronous
Path Type: max

Fanout         Cap        Slew       Delay        Time   Description
---------------------------------------------------------------------------------------------
                                  0.000000    0.000000   clock sys_clk (rise edge)
                                  0.000000    0.000000   clock source latency
     1    0.053111    0.246408    0.130843    0.130843 ^ sys_clk_i (in)
                                                         sys_clk_i (net)
                      0.246514    0.000000    0.130843 ^ clkbuf_0_sys_clk_i/I (gf180mcu_fd_sc_mcu7t5v0__clkbuf_16)
    16    0.271638    0.309908    0.401564    0.532407 ^ clkbuf_0_sys_clk_i/Z (gf180mcu_fd_sc_mcu7t5v0__clkbuf_16)
                                                         clknet_0_sys_clk_i (net)
                      0.311007    0.008867    0.541274 ^ clkbuf_4_7_0_sys_clk_i/I (gf180mcu_fd_sc_mcu7t5v0__clkbuf_8)
     2    0.048819    0.155418    0.314049    0.855323 ^ clkbuf_4_7_0_sys_clk_i/Z (gf180mcu_fd_sc_mcu7t5v0__clkbuf_8)
                                                         clknet_4_7_0_sys_clk_i (net)
                      0.155420    0.000942    0.856266 ^ clkbuf_5_14__f_sys_clk_i/I (gf180mcu_fd_sc_mcu7t5v0__clkbuf_16)
     6    0.040229    0.106754    0.249232    1.105497 ^ clkbuf_5_14__f_sys_clk_i/Z (gf180mcu_fd_sc_mcu7t5v0__clkbuf_16)
                                                         clknet_5_14__leaf_sys_clk_i (net)
                      0.106756    0.000911    1.106408 ^ _2030_/CLK (gf180mcu_fd_sc_mcu7t5v0__dffrnq_1)
     2    0.024877    0.284371    0.822003    1.928411 v _2030_/Q (gf180mcu_fd_sc_mcu7t5v0__dffrnq_1)
                                                         s_uart_rx_clean_fifo (net)
                      0.284379    0.000939    1.929350 v _0923_/A2 (gf180mcu_fd_sc_mcu7t5v0__nor2_1)
     2    0.016098    0.585429    0.411277    2.340627 ^ _0923_/ZN (gf180mcu_fd_sc_mcu7t5v0__nor2_1)
                                                         u_dc_fifo_rx.dst_rstn_i (net)
                      0.585429    0.000042    2.340669 ^ fanout281/I (gf180mcu_fd_sc_mcu7t5v0__dlyb_1)
     8    0.073555    1.228168    1.547300    3.887968 ^ fanout281/Z (gf180mcu_fd_sc_mcu7t5v0__dlyb_1)
                                                         net281 (net)
                      1.228207    0.003868    3.891837 ^ fanout279/I (gf180mcu_fd_sc_mcu7t5v0__dlyb_1)
    10    0.095808    1.585025    1.738939    5.630775 ^ fanout279/Z (gf180mcu_fd_sc_mcu7t5v0__dlyb_1)
                                                         net279 (net)
                      1.585053    0.003774    5.634550 ^ _2067_/SETN (gf180mcu_fd_sc_mcu7t5v0__dffsnq_1)
                                              5.634550   data arrival time

                                 20.000000   20.000000   clock sys_clk (rise edge)
                                  0.000000   20.000000   clock source latency
     1    0.053111    0.246408    0.130843   20.130844 ^ sys_clk_i (in)
                                                         sys_clk_i (net)
                      0.246514    0.000000   20.130844 ^ clkbuf_0_sys_clk_i/I (gf180mcu_fd_sc_mcu7t5v0__clkbuf_16)
    16    0.271638    0.309908    0.401565   20.532408 ^ clkbuf_0_sys_clk_i/Z (gf180mcu_fd_sc_mcu7t5v0__clkbuf_16)
                                                         clknet_0_sys_clk_i (net)
                      0.310880    0.008141   20.540550 ^ clkbuf_4_4_0_sys_clk_i/I (gf180mcu_fd_sc_mcu7t5v0__clkbuf_8)
     2    0.047172    0.152729    0.312069   20.852617 ^ clkbuf_4_4_0_sys_clk_i/Z (gf180mcu_fd_sc_mcu7t5v0__clkbuf_8)
                                                         clknet_4_4_0_sys_clk_i (net)
                      0.152729    0.000542   20.853159 ^ clkbuf_5_8__f_sys_clk_i/I (gf180mcu_fd_sc_mcu7t5v0__clkbuf_16)
     6    0.027206    0.095422    0.240105   21.093266 ^ clkbuf_5_8__f_sys_clk_i/Z (gf180mcu_fd_sc_mcu7t5v0__clkbuf_16)
                                                         clknet_5_8__leaf_sys_clk_i (net)
                      0.095422    0.000082   21.093346 ^ _2067_/CLK (gf180mcu_fd_sc_mcu7t5v0__dffsnq_1)
                                 -0.250000   20.843348   clock uncertainty
                                  0.000000   20.843348   clock reconvergence pessimism
                                 -0.265720   20.577627   library recovery time
                                             20.577627   data required time
---------------------------------------------------------------------------------------------
                                             20.577627   data required time
                                             -5.634550   data arrival time
---------------------------------------------------------------------------------------------
                                             14.943078   slack (MET)


Startpoint: _1984_ (rising edge-triggered flip-flop clocked by periph_clk)
Endpoint: uart_tx_o (output port clocked by periph_clk)
Path Group: periph_clk
Path Type: max

Fanout         Cap        Slew       Delay        Time   Description
---------------------------------------------------------------------------------------------
                                  0.000000    0.000000   clock periph_clk (rise edge)
                                  0.000000    0.000000   clock source latency
     1    0.048275    0.227748    0.118784    0.118784 ^ periph_clk_i (in)
                                                         periph_clk_i (net)
                      0.227764    0.000000    0.118784 ^ clkbuf_0_periph_clk_i/I (gf180mcu_fd_sc_mcu7t5v0__clkbuf_16)
    16    0.246291    0.292790    0.389849    0.508633 ^ clkbuf_0_periph_clk_i/Z (gf180mcu_fd_sc_mcu7t5v0__clkbuf_16)
                                                         clknet_0_periph_clk_i (net)
                      0.292824    0.004274    0.512907 ^ clkbuf_4_9_0_periph_clk_i/I (gf180mcu_fd_sc_mcu7t5v0__clkbuf_8)
     2    0.047130    0.152368    0.307894    0.820801 ^ clkbuf_4_9_0_periph_clk_i/Z (gf180mcu_fd_sc_mcu7t5v0__clkbuf_8)
                                                         clknet_4_9_0_periph_clk_i (net)
                      0.152369    0.000803    0.821604 ^ clkbuf_5_19__f_periph_clk_i/I (gf180mcu_fd_sc_mcu7t5v0__clkbuf_16)
     5    0.027751    0.095942    0.240439    1.062043 ^ clkbuf_5_19__f_periph_clk_i/Z (gf180mcu_fd_sc_mcu7t5v0__clkbuf_16)
                                                         clknet_5_19__leaf_periph_clk_i (net)
                      0.095943    0.000283    1.062325 ^ _1984_/CLK (gf180mcu_fd_sc_mcu7t5v0__dffrnq_1)
     8    0.050428    0.864423    1.311561    2.373887 ^ _1984_/Q (gf180mcu_fd_sc_mcu7t5v0__dffrnq_1)
                                                         u_uart_tx.CS[2] (net)
                      0.864423    0.000703    2.374589 ^ _0997_/A1 (gf180mcu_fd_sc_mcu7t5v0__nor2_1)
     3    0.014115    0.391336    0.271812    2.646401 v _0997_/ZN (gf180mcu_fd_sc_mcu7t5v0__nor2_1)
                                                         _0779_ (net)
                      0.391336    0.000124    2.646525 v _1203_/A2 (gf180mcu_fd_sc_mcu7t5v0__and2_1)
     5    0.030295    0.340062    0.520267    3.166791 v _1203_/Z (gf180mcu_fd_sc_mcu7t5v0__and2_1)
                                                         _0350_ (net)
                      0.340064    0.000393    3.167184 v _1205_/A2 (gf180mcu_fd_sc_mcu7t5v0__aoi21_1)
     1    0.024839    0.921790    0.610947    3.778131 ^ _1205_/ZN (gf180mcu_fd_sc_mcu7t5v0__aoi21_1)
                                                         net220 (net)
                      0.921790    0.001334    3.779465 ^ output220/I (gf180mcu_fd_sc_mcu7t5v0__dlyb_1)
     1    0.073868    1.234429    1.548556    5.328021 ^ output220/Z (gf180mcu_fd_sc_mcu7t5v0__dlyb_1)
                                                         uart_tx_o (net)
                      1.234429    0.000886    5.328907 ^ uart_tx_o (out)
                                              5.328907   data arrival time

                                 20.000000   20.000000   clock periph_clk (rise edge)
                                  0.000000   20.000000   clock network delay (propagated)
                                 -0.250000   19.750002   clock uncertainty
                                  0.000000   19.750002   clock reconvergence pessimism
                                 -4.000000   15.750001   output external delay
                                             15.750001   data required time
---------------------------------------------------------------------------------------------
                                             15.750001   data required time
                                             -5.328907   data arrival time
---------------------------------------------------------------------------------------------
                                             10.421094   slack (MET)


Startpoint: cfg_rwn_i (input port clocked by sys_clk)
Endpoint: cfg_data_o[0] (output port clocked by sys_clk)
Path Group: sys_clk
Path Type: max

Fanout         Cap        Slew       Delay        Time   Description
---------------------------------------------------------------------------------------------
                                  0.000000    0.000000   clock sys_clk (rise edge)
                                  0.000000    0.000000   clock network delay (propagated)
                                  4.000000    4.000000 ^ input external delay
     1    0.011278    0.229738    0.109031    4.109031 ^ cfg_rwn_i (in)
                                                         cfg_rwn_i (net)
                      0.229738    0.000000    4.109031 ^ input38/I (gf180mcu_fd_sc_mcu7t5v0__dlyb_1)
     8    0.058190    0.982702    1.385688    5.494719 ^ input38/Z (gf180mcu_fd_sc_mcu7t5v0__dlyb_1)
                                                         net38 (net)
                      0.982750    0.003836    5.498555 ^ _1206_/A1 (gf180mcu_fd_sc_mcu7t5v0__nand3_1)
     3    0.012958    0.492011    0.344947    5.843502 v _1206_/ZN (gf180mcu_fd_sc_mcu7t5v0__nand3_1)
                                                         _0352_ (net)
                      0.492011    0.000158    5.843659 v _1210_/A2 (gf180mcu_fd_sc_mcu7t5v0__or2_1)
     3    0.018465    0.289112    0.597695    6.441355 v _1210_/Z (gf180mcu_fd_sc_mcu7t5v0__or2_1)
                                                         _0356_ (net)
                      0.289112    0.000356    6.441711 v _1214_/A4 (gf180mcu_fd_sc_mcu7t5v0__nor4_1)
     2    0.035380    2.281770    1.432728    7.874439 ^ _1214_/ZN (gf180mcu_fd_sc_mcu7t5v0__nor4_1)
                                                         _0360_ (net)
                      2.281770    0.001339    7.875779 ^ fanout268/I (gf180mcu_fd_sc_mcu7t5v0__dlyb_1)
    10    0.110178    1.814574    1.808699    9.684478 ^ fanout268/Z (gf180mcu_fd_sc_mcu7t5v0__dlyb_1)
                                                         net268 (net)
                      1.814574    0.001011    9.685489 ^ _1223_/B1 (gf180mcu_fd_sc_mcu7t5v0__aoi222_1)
     1    0.018094    0.879978    0.469636   10.155124 v _1223_/ZN (gf180mcu_fd_sc_mcu7t5v0__aoi222_1)
                                                         _0369_ (net)
                      0.879978    0.000815   10.155939 v _1229_/A1 (gf180mcu_fd_sc_mcu7t5v0__nand3_1)
     1    0.006023    0.355675    0.348977   10.504916 ^ _1229_/ZN (gf180mcu_fd_sc_mcu7t5v0__nand3_1)
                                                         net113 (net)
                      0.355675    0.000138   10.505054 ^ output113/I (gf180mcu_fd_sc_mcu7t5v0__dlya_1)
     1    0.079028    1.312922    1.131020   11.636074 ^ output113/Z (gf180mcu_fd_sc_mcu7t5v0__dlya_1)
                                                         cfg_data_o[0] (net)
                      1.312928    0.001530   11.637604 ^ cfg_data_o[0] (out)
                                             11.637604   data arrival time

                                 20.000000   20.000000   clock sys_clk (rise edge)
                                  0.000000   20.000000   clock network delay (propagated)
                                 -0.250000   19.750002   clock uncertainty
                                  0.000000   19.750002   clock reconvergence pessimism
                                 -4.000000   15.750001   output external delay
                                             15.750001   data required time
---------------------------------------------------------------------------------------------
                                             15.750001   data required time
                                            -11.637604   data arrival time
---------------------------------------------------------------------------------------------
                                              4.112397   slack (MET)




===========================================================================
report_checks --slack_max -0.01
============================================================================
======================= min_tt_025C_5v00 Corner ===================================

No paths found.


===========================================================================
 report_check_types -max_slew -max_cap -max_fanout -violators
============================================================================
======================= min_tt_025C_5v00 Corner ===================================

max fanout

Pin                                   Limit Fanout  Slack
---------------------------------------------------------
clkbuf_0_periph_clk_i/Z                  10     16     -6 (VIOLATED)
clkbuf_0_sys_clk_i/Z                     10     16     -6 (VIOLATED)

max capacitance

Pin                                        Limit         Cap       Slack
------------------------------------------------------------------------
clkbuf_0_sys_clk_i/Z                    0.200000    0.271638   -0.071638 (VIOLATED)
clkbuf_0_periph_clk_i/Z                 0.200000    0.246291   -0.046291 (VIOLATED)



===========================================================================
report_parasitic_annotation -report_unannotated
============================================================================
Found 46 unannotated drivers.
 data_tx_i[10]
 data_tx_i[11]
 data_tx_i[12]
 data_tx_i[13]
 data_tx_i[14]
 data_tx_i[15]
 data_tx_i[16]
 data_tx_i[17]
 data_tx_i[18]
 data_tx_i[19]
 data_tx_i[20]
 data_tx_i[21]
 data_tx_i[22]
 data_tx_i[23]
 data_tx_i[24]
 data_tx_i[25]
 data_tx_i[26]
 data_tx_i[27]
 data_tx_i[28]
 data_tx_i[29]
 data_tx_i[30]
 data_tx_i[31]
 data_tx_i[8]
 data_tx_i[9]
 clkload0/Z
 clkload1/Z
 clkload10/Z
 clkload11/Z
 clkload12/Z
 clkload13/Z
 clkload14/Z
 clkload15/Z
 clkload16/Z
 clkload17/Z
 clkload18/Z
 clkload19/Z
 clkload2/Z
 clkload20/Z
 clkload21/Z
 clkload3/Z
 clkload4/Z
 clkload5/Z
 clkload6/Z
 clkload7/Z
 clkload8/Z
 clkload9/Z
Found 0 partially unannotated drivers.

===========================================================================
max slew violation count 0
max fanout violation count 2
max cap violation count 2
============================================================================

===========================================================================
check_setup -verbose -unconstrained_endpoints -multiple_clock -no_clock -no_input_delay -loops -generated_clocks
===========================================================================
Warning: There is 1 input port missing set_input_delay.
  rstn_i
