Clock: sys_clk
Sources: sys_clk_i 
Generated: no
Virtual: yes
Propagated: no
Period: 20.000000

===========================================================================
report_clock_properties
============================================================================
Clock                   Period          Waveform
----------------------------------------------------
sys_clk              20.000000    0.000000 10.000000

===========================================================================
report_clock_latency
============================================================================
Clock sys_clk
rise -> rise
    min     max
0.000000 0.000000 source latency
1.093314         network latency _1808_/CLK
        1.117694 network latency _1888_/CLK
---------------
1.093314 1.117694 latency
        0.024380 skew

fall -> fall
    min     max
0.000000 0.000000 source latency
1.060454         network latency _1808_/CLK
        1.085708 network latency _1888_/CLK
---------------
1.060454 1.085708 latency
        0.025254 skew



===========================================================================
report_clock_min_period
============================================================================
sys_clk period_min = 6.88 fmax = 145.42
Clock: periph_clk
Sources: periph_clk_i 
Generated: no
Virtual: yes
Propagated: no
Period: 20.000000

===========================================================================
report_clock_properties
============================================================================
Clock                   Period          Waveform
----------------------------------------------------
periph_clk           20.000000    0.000000 10.000000

===========================================================================
report_clock_latency
============================================================================
Clock periph_clk
rise -> rise
    min     max
0.000000 0.000000 source latency
1.057749         network latency _2021_/CLK
        1.070041 network latency _1798_/CLK
---------------
1.057749 1.070041 latency
        0.012292 skew

fall -> fall
    min     max
0.000000 0.000000 source latency
1.027915         network latency _2021_/CLK
        1.042199 network latency _1798_/CLK
---------------
1.027915 1.042199 latency
        0.014285 skew



===========================================================================
report_clock_min_period
============================================================================
periph_clk period_min = 9.16 fmax = 109.13
