Net: net111
  Pin:   fanout458/I (gf180mcu_fd_sc_mcu7t5v0__dlyb_1)
    Layer: Via1
      Partial area ratio:    0.17
      Required ratio:   20.00 (Gate area) 
      Cumulative area ratio:    0.17
      Required ratio:    0.00 (Cumulative area) 

    Layer: Metal2
      Partial area ratio:    6.56
      Required ratio:    0.00 (Gate area) 
      Cumulative area ratio:    6.56
      Required ratio:    0.00 (Cumulative area) 
      Partial area ratio:   25.43
      Required ratio:  400.00 (Side area) 
      Cumulative area ratio:   25.43
      Required ratio:    0.00 (Cumulative side area) 

    Layer: Via2
      Partial area ratio:    0.51
      Required ratio:    0.00 (Gate area) 
      Cumulative area ratio:    0.68
      Required ratio:    0.00 (Cumulative area) 

    Layer: Metal3
      Partial area ratio:    3.80
      Required ratio:    0.00 (Gate area) 
      Cumulative area ratio:   10.36
      Required ratio:    0.00 (Cumulative area) 
      Partial area ratio:   15.13
      Required ratio:  400.00 (Side area) 
      Cumulative area ratio:   40.55
      Required ratio:    0.00 (Cumulative side area) 


  Pin:   fanout478/I (gf180mcu_fd_sc_mcu7t5v0__dlyb_1)
    Layer: Via1
      Partial area ratio:    0.17
      Required ratio:   20.00 (Gate area) 
      Cumulative area ratio:    0.17
      Required ratio:    0.00 (Cumulative area) 

    Layer: Metal2
      Partial area ratio:  110.55
      Required ratio:    0.00 (Gate area) 
      Cumulative area ratio:  110.55
      Required ratio:    0.00 (Cumulative area) 
      Partial area ratio:  427.15
      Required ratio:  400.00 (Side area) (VIOLATED)
      Cumulative area ratio:  427.15
      Required ratio:    0.00 (Cumulative side area) 

    Layer: Via2
      Partial area ratio:    0.34
      Required ratio:   20.00 (Gate area) 
      Cumulative area ratio:    0.51
      Required ratio:    0.00 (Cumulative area) 

    Layer: Metal3
      Partial area ratio:    3.80
      Required ratio:    0.00 (Gate area) 
      Cumulative area ratio:  114.35
      Required ratio:    0.00 (Cumulative area) 
      Partial area ratio:   15.13
      Required ratio:  400.00 (Side area) 
      Cumulative area ratio:  442.28
      Required ratio:    0.00 (Cumulative side area) 



Net: net338
  Pin:   _1179_/A1 (gf180mcu_fd_sc_mcu7t5v0__and3_1)
    Layer: Metal1
      Partial area ratio:    0.03
      Required ratio:    0.00 (Gate area) 
      Cumulative area ratio:    0.03
      Required ratio:    0.00 (Cumulative area) 
      Partial area ratio:    1.26
      Required ratio:  400.00 (Side area) 
      Cumulative area ratio:    1.26
      Required ratio:    0.00 (Cumulative side area) 

    Layer: Via1
      Partial area ratio:    0.14
      Required ratio:   20.00 (Gate area) 
      Cumulative area ratio:    0.14
      Required ratio:    0.00 (Cumulative area) 

    Layer: Metal2
      Partial area ratio:    9.44
      Required ratio:    0.00 (Gate area) 
      Cumulative area ratio:    9.47
      Required ratio:    0.00 (Cumulative area) 
      Partial area ratio:   36.52
      Required ratio:  400.00 (Side area) 
      Cumulative area ratio:   37.78
      Required ratio:    0.00 (Cumulative side area) 

    Layer: Via2
      Partial area ratio:    0.16
      Required ratio:   20.00 (Gate area) 
      Cumulative area ratio:    0.30
      Required ratio:    0.00 (Cumulative area) 

    Layer: Metal3
      Partial area ratio:    4.41
      Required ratio:    0.00 (Gate area) 
      Cumulative area ratio:   13.88
      Required ratio:    0.00 (Cumulative area) 
      Partial area ratio:   17.66
      Required ratio:  400.00 (Side area) 
      Cumulative area ratio:   55.45
      Required ratio:    0.00 (Cumulative side area) 


  Pin:   _1181_/A3 (gf180mcu_fd_sc_mcu7t5v0__and4_1)
    Layer: Via1
      Partial area ratio:    0.12
      Required ratio:   20.00 (Gate area) 
      Cumulative area ratio:    0.12
      Required ratio:    0.00 (Cumulative area) 

    Layer: Metal2
      Partial area ratio:    2.13
      Required ratio:    0.00 (Gate area) 
      Cumulative area ratio:    2.13
      Required ratio:    0.00 (Cumulative area) 
      Partial area ratio:    8.77
      Required ratio:  400.00 (Side area) 
      Cumulative area ratio:    8.77
      Required ratio:    0.00 (Cumulative side area) 

    Layer: Via2
      Partial area ratio:    0.24
      Required ratio:   20.00 (Gate area) 
      Cumulative area ratio:    0.37
      Required ratio:    0.00 (Cumulative area) 

    Layer: Metal3
      Partial area ratio:    4.41
      Required ratio:    0.00 (Gate area) 
      Cumulative area ratio:    6.55
      Required ratio:    0.00 (Cumulative area) 
      Partial area ratio:   17.66
      Required ratio:  400.00 (Side area) 
      Cumulative area ratio:   26.44
      Required ratio:    0.00 (Cumulative side area) 


  Pin:   _1325_/A4 (gf180mcu_fd_sc_mcu7t5v0__and4_1)
    Layer: Via1
      Partial area ratio:    0.12
      Required ratio:   20.00 (Gate area) 
      Cumulative area ratio:    0.12
      Required ratio:    0.00 (Cumulative area) 

    Layer: Metal2
      Partial area ratio:    9.44
      Required ratio:    0.00 (Gate area) 
      Cumulative area ratio:    9.44
      Required ratio:    0.00 (Cumulative area) 
      Partial area ratio:   36.52
      Required ratio:  400.00 (Side area) 
      Cumulative area ratio:   36.52
      Required ratio:    0.00 (Cumulative side area) 

    Layer: Via2
      Partial area ratio:    0.16
      Required ratio:   20.00 (Gate area) 
      Cumulative area ratio:    0.29
      Required ratio:    0.00 (Cumulative area) 

    Layer: Metal3
      Partial area ratio:    4.41
      Required ratio:    0.00 (Gate area) 
      Cumulative area ratio:   13.85
      Required ratio:    0.00 (Cumulative area) 
      Partial area ratio:   17.66
      Required ratio:  400.00 (Side area) 
      Cumulative area ratio:   54.18
      Required ratio:    0.00 (Cumulative side area) 


  Pin:   _1326_/A4 (gf180mcu_fd_sc_mcu7t5v0__nand4_1)
    Layer: Metal1
      Partial area ratio:    0.01
      Required ratio:    0.00 (Gate area) 
      Cumulative area ratio:    0.01
      Required ratio:    0.00 (Cumulative area) 
      Partial area ratio:    0.64
      Required ratio:  400.00 (Side area) 
      Cumulative area ratio:    0.64
      Required ratio:    0.00 (Cumulative side area) 

    Layer: Via1
      Partial area ratio:    0.07
      Required ratio:   20.00 (Gate area) 
      Cumulative area ratio:    0.07
      Required ratio:    0.00 (Cumulative area) 

    Layer: Metal2
      Partial area ratio:    9.44
      Required ratio:    0.00 (Gate area) 
      Cumulative area ratio:    9.44
      Required ratio:    0.00 (Cumulative area) 
      Partial area ratio:   36.52
      Required ratio:  400.00 (Side area) 
      Cumulative area ratio:   37.16
      Required ratio:    0.00 (Cumulative side area) 

    Layer: Via2
      Partial area ratio:    0.16
      Required ratio:   20.00 (Gate area) 
      Cumulative area ratio:    0.24
      Required ratio:    0.00 (Cumulative area) 

    Layer: Metal3
      Partial area ratio:    4.41
      Required ratio:    0.00 (Gate area) 
      Cumulative area ratio:   13.85
      Required ratio:    0.00 (Cumulative area) 
      Partial area ratio:   17.66
      Required ratio:  400.00 (Side area) 
      Cumulative area ratio:   54.82
      Required ratio:    0.00 (Cumulative side area) 


  Pin:   _1333_/A1 (gf180mcu_fd_sc_mcu7t5v0__and2_1)
    Layer: Metal1
      Partial area ratio:    0.01
      Required ratio:    0.00 (Gate area) 
      Cumulative area ratio:    0.01
      Required ratio:    0.00 (Cumulative area) 
      Partial area ratio:    1.12
      Required ratio:  400.00 (Side area) 
      Cumulative area ratio:    1.12
      Required ratio:    0.00 (Cumulative side area) 

    Layer: Via1
      Partial area ratio:    0.13
      Required ratio:   20.00 (Gate area) 
      Cumulative area ratio:    0.13
      Required ratio:    0.00 (Cumulative area) 

    Layer: Metal2
      Partial area ratio:    9.44
      Required ratio:    0.00 (Gate area) 
      Cumulative area ratio:    9.45
      Required ratio:    0.00 (Cumulative area) 
      Partial area ratio:   36.52
      Required ratio:  400.00 (Side area) 
      Cumulative area ratio:   37.64
      Required ratio:    0.00 (Cumulative side area) 

    Layer: Via2
      Partial area ratio:    0.16
      Required ratio:   20.00 (Gate area) 
      Cumulative area ratio:    0.29
      Required ratio:    0.00 (Cumulative area) 

    Layer: Metal3
      Partial area ratio:    4.41
      Required ratio:    0.00 (Gate area) 
      Cumulative area ratio:   13.86
      Required ratio:    0.00 (Cumulative area) 
      Partial area ratio:   17.66
      Required ratio:  400.00 (Side area) 
      Cumulative area ratio:   55.31
      Required ratio:    0.00 (Cumulative side area) 


  Pin:   fanout336/I (gf180mcu_fd_sc_mcu7t5v0__dlyb_1)
    Layer: Via1
      Partial area ratio:    0.17
      Required ratio:   20.00 (Gate area) 
      Cumulative area ratio:    0.17
      Required ratio:    0.00 (Cumulative area) 

    Layer: Metal2
      Partial area ratio:   45.68
      Required ratio:    0.00 (Gate area) 
      Cumulative area ratio:   45.68
      Required ratio:    0.00 (Cumulative area) 
      Partial area ratio:  176.95
      Required ratio:  400.00 (Side area) 
      Cumulative area ratio:  176.95
      Required ratio:    0.00 (Cumulative side area) 

    Layer: Via2
      Partial area ratio:    0.51
      Required ratio:   20.00 (Gate area) 
      Cumulative area ratio:    0.68
      Required ratio:    0.00 (Cumulative area) 

    Layer: Metal3
      Partial area ratio:    4.41
      Required ratio:    0.00 (Gate area) 
      Cumulative area ratio:   50.09
      Required ratio:    0.00 (Cumulative area) 
      Partial area ratio:   17.66
      Required ratio:  400.00 (Side area) 
      Cumulative area ratio:  194.62
      Required ratio:    0.00 (Cumulative side area) 


  Pin:   fanout337/I (gf180mcu_fd_sc_mcu7t5v0__dlyb_1)
    Layer: Via1
      Partial area ratio:    0.17
      Required ratio:   20.00 (Gate area) 
      Cumulative area ratio:    0.17
      Required ratio:    0.00 (Cumulative area) 

    Layer: Metal2
      Partial area ratio:  166.45
      Required ratio:    0.00 (Gate area) 
      Cumulative area ratio:  166.45
      Required ratio:    0.00 (Cumulative area) 
      Partial area ratio:  642.77
      Required ratio:  400.00 (Side area) (VIOLATED)
      Cumulative area ratio:  642.77
      Required ratio:    0.00 (Cumulative side area) 

    Layer: Via2
      Partial area ratio:    0.51
      Required ratio:   20.00 (Gate area) 
      Cumulative area ratio:    0.68
      Required ratio:    0.00 (Cumulative area) 

    Layer: Metal3
      Partial area ratio:    4.41
      Required ratio:    0.00 (Gate area) 
      Cumulative area ratio:  170.86
      Required ratio:    0.00 (Cumulative area) 
      Partial area ratio:   17.66
      Required ratio:  400.00 (Side area) 
      Cumulative area ratio:  660.43
      Required ratio:    0.00 (Cumulative side area) 



[INFO ANT-0002] Found 2 net violations.
[INFO ANT-0001] Found 2 pin violations.
