Clock: sys_clk
Sources: sys_clk_i 
Generated: no
Virtual: yes
Propagated: no
Period: 20.000000

===========================================================================
report_clock_properties
============================================================================
Clock                   Period          Waveform
----------------------------------------------------
sys_clk              20.000000    0.000000 10.000000

===========================================================================
report_clock_latency
============================================================================
Clock sys_clk
rise -> rise
    min     max
0.000000 0.000000 source latency
1.109050         network latency _2025_/CLK
        1.165175 network latency _1950_/CLK
---------------
1.109050 1.165175 latency
        0.056125 skew

fall -> fall
    min     max
0.000000 0.000000 source latency
1.074533         network latency _2025_/CLK
        1.133133 network latency _1950_/CLK
---------------
1.074533 1.133133 latency
        0.058599 skew



===========================================================================
report_clock_min_period
============================================================================
sys_clk period_min = 5.95 fmax = 168.19
Clock: periph_clk
Sources: periph_clk_i 
Generated: no
Virtual: yes
Propagated: no
Period: 20.000000

===========================================================================
report_clock_properties
============================================================================
Clock                   Period          Waveform
----------------------------------------------------
periph_clk           20.000000    0.000000 10.000000

===========================================================================
report_clock_latency
============================================================================
Clock periph_clk
rise -> rise
    min     max
0.000000 0.000000 source latency
1.074095         network latency _2021_/CLK
        1.088115 network latency _1798_/CLK
---------------
1.074095 1.088115 latency
        0.014020 skew

fall -> fall
    min     max
0.000000 0.000000 source latency
1.042195         network latency _2021_/CLK
        1.058372 network latency _1798_/CLK
---------------
1.042195 1.058372 latency
        0.016177 skew



===========================================================================
report_clock_min_period
============================================================================
periph_clk period_min = 7.80 fmax = 128.17
