
 /----------------------------------------------------------------------------\
 |  yosys -- Yosys Open SYnthesis Suite                                       |
 |  Copyright (C) 2012 - 2026  Claire Xenia Wolf <claire@yosyshq.com>         |
 |  Distributed under an ISC-like license, type "license" to see terms        |
 \----------------------------------------------------------------------------/
 Yosys 0.62 (git sha1 7326bb7d6641500ecb285c291a54a662cb1e76cf, clang++ 21.1.2 -fPIC -O3)

1. Executing Verilog-2005 frontend: /home/sahana/core5_udma/hardening/uart_rx/runs/RUN_2026-07-26_12-38-49/tmp/dadbcd2651cb4f9baece1f4774bcd9b5.bb.v
Parsing SystemVerilog input from `/home/sahana/core5_udma/hardening/uart_rx/runs/RUN_2026-07-26_12-38-49/tmp/dadbcd2651cb4f9baece1f4774bcd9b5.bb.v' to AST representation.
Generating RTLIL representation for module `\gf180mcu_fd_sc_mcu7t5v0__addf_1'.
Generating RTLIL representation for module `\gf180mcu_fd_sc_mcu7t5v0__addf_2'.
Generating RTLIL representation for module `\gf180mcu_fd_sc_mcu7t5v0__addf_4'.
Generating RTLIL representation for module `\gf180mcu_fd_sc_mcu7t5v0__addf_func'.
Generating RTLIL representation for module `\gf180mcu_fd_sc_mcu7t5v0__addh_1'.
Generating RTLIL representation for module `\gf180mcu_fd_sc_mcu7t5v0__addh_2'.
Generating RTLIL representation for module `\gf180mcu_fd_sc_mcu7t5v0__addh_4'.
Generating RTLIL representation for module `\gf180mcu_fd_sc_mcu7t5v0__addh_func'.
Generating RTLIL representation for module `\gf180mcu_fd_sc_mcu7t5v0__and2_1'.
Generating RTLIL representation for module `\gf180mcu_fd_sc_mcu7t5v0__and2_2'.
Generating RTLIL representation for module `\gf180mcu_fd_sc_mcu7t5v0__and2_4'.
Generating RTLIL representation for module `\gf180mcu_fd_sc_mcu7t5v0__and2_func'.
Generating RTLIL representation for module `\gf180mcu_fd_sc_mcu7t5v0__and3_1'.
Generating RTLIL representation for module `\gf180mcu_fd_sc_mcu7t5v0__and3_2'.
Generating RTLIL representation for module `\gf180mcu_fd_sc_mcu7t5v0__and3_4'.
Generating RTLIL representation for module `\gf180mcu_fd_sc_mcu7t5v0__and3_func'.
Generating RTLIL representation for module `\gf180mcu_fd_sc_mcu7t5v0__and4_1'.
Generating RTLIL representation for module `\gf180mcu_fd_sc_mcu7t5v0__and4_2'.
Generating RTLIL representation for module `\gf180mcu_fd_sc_mcu7t5v0__and4_4'.
Generating RTLIL representation for module `\gf180mcu_fd_sc_mcu7t5v0__and4_func'.
Generating RTLIL representation for module `\gf180mcu_fd_sc_mcu7t5v0__antenna'.
Generating RTLIL representation for module `\gf180mcu_fd_sc_mcu7t5v0__antenna_func'.
Generating RTLIL representation for module `\gf180mcu_fd_sc_mcu7t5v0__aoi211_1'.
Generating RTLIL representation for module `\gf180mcu_fd_sc_mcu7t5v0__aoi211_2'.
Generating RTLIL representation for module `\gf180mcu_fd_sc_mcu7t5v0__aoi211_4'.
Generating RTLIL representation for module `\gf180mcu_fd_sc_mcu7t5v0__aoi211_func'.
Generating RTLIL representation for module `\gf180mcu_fd_sc_mcu7t5v0__aoi21_1'.
Generating RTLIL representation for module `\gf180mcu_fd_sc_mcu7t5v0__aoi21_2'.
Generating RTLIL representation for module `\gf180mcu_fd_sc_mcu7t5v0__aoi21_4'.
Generating RTLIL representation for module `\gf180mcu_fd_sc_mcu7t5v0__aoi21_func'.
Generating RTLIL representation for module `\gf180mcu_fd_sc_mcu7t5v0__aoi221_1'.
Generating RTLIL representation for module `\gf180mcu_fd_sc_mcu7t5v0__aoi221_2'.
Generating RTLIL representation for module `\gf180mcu_fd_sc_mcu7t5v0__aoi221_4'.
Generating RTLIL representation for module `\gf180mcu_fd_sc_mcu7t5v0__aoi221_func'.
Generating RTLIL representation for module `\gf180mcu_fd_sc_mcu7t5v0__aoi222_1'.
Generating RTLIL representation for module `\gf180mcu_fd_sc_mcu7t5v0__aoi222_2'.
Generating RTLIL representation for module `\gf180mcu_fd_sc_mcu7t5v0__aoi222_4'.
Generating RTLIL representation for module `\gf180mcu_fd_sc_mcu7t5v0__aoi222_func'.
Generating RTLIL representation for module `\gf180mcu_fd_sc_mcu7t5v0__aoi22_1'.
Generating RTLIL representation for module `\gf180mcu_fd_sc_mcu7t5v0__aoi22_2'.
Generating RTLIL representation for module `\gf180mcu_fd_sc_mcu7t5v0__aoi22_4'.
Generating RTLIL representation for module `\gf180mcu_fd_sc_mcu7t5v0__aoi22_func'.
Generating RTLIL representation for module `\gf180mcu_fd_sc_mcu7t5v0__buf_1'.
Generating RTLIL representation for module `\gf180mcu_fd_sc_mcu7t5v0__buf_12'.
Generating RTLIL representation for module `\gf180mcu_fd_sc_mcu7t5v0__buf_16'.
Generating RTLIL representation for module `\gf180mcu_fd_sc_mcu7t5v0__buf_2'.
Generating RTLIL representation for module `\gf180mcu_fd_sc_mcu7t5v0__buf_20'.
Generating RTLIL representation for module `\gf180mcu_fd_sc_mcu7t5v0__buf_3'.
Generating RTLIL representation for module `\gf180mcu_fd_sc_mcu7t5v0__buf_4'.
Generating RTLIL representation for module `\gf180mcu_fd_sc_mcu7t5v0__buf_8'.
Generating RTLIL representation for module `\gf180mcu_fd_sc_mcu7t5v0__buf_func'.
Generating RTLIL representation for module `\gf180mcu_fd_sc_mcu7t5v0__bufz_1'.
Generating RTLIL representation for module `\gf180mcu_fd_sc_mcu7t5v0__bufz_12'.
Generating RTLIL representation for module `\gf180mcu_fd_sc_mcu7t5v0__bufz_16'.
Generating RTLIL representation for module `\gf180mcu_fd_sc_mcu7t5v0__bufz_2'.
Generating RTLIL representation for module `\gf180mcu_fd_sc_mcu7t5v0__bufz_3'.
Generating RTLIL representation for module `\gf180mcu_fd_sc_mcu7t5v0__bufz_4'.
Generating RTLIL representation for module `\gf180mcu_fd_sc_mcu7t5v0__bufz_8'.
Generating RTLIL representation for module `\gf180mcu_fd_sc_mcu7t5v0__bufz_func'.
Generating RTLIL representation for module `\gf180mcu_fd_sc_mcu7t5v0__clkbuf_1'.
Generating RTLIL representation for module `\gf180mcu_fd_sc_mcu7t5v0__clkbuf_12'.
Generating RTLIL representation for module `\gf180mcu_fd_sc_mcu7t5v0__clkbuf_16'.
Generating RTLIL representation for module `\gf180mcu_fd_sc_mcu7t5v0__clkbuf_2'.
Generating RTLIL representation for module `\gf180mcu_fd_sc_mcu7t5v0__clkbuf_20'.
Generating RTLIL representation for module `\gf180mcu_fd_sc_mcu7t5v0__clkbuf_3'.
Generating RTLIL representation for module `\gf180mcu_fd_sc_mcu7t5v0__clkbuf_4'.
Generating RTLIL representation for module `\gf180mcu_fd_sc_mcu7t5v0__clkbuf_8'.
Generating RTLIL representation for module `\gf180mcu_fd_sc_mcu7t5v0__clkbuf_func'.
Generating RTLIL representation for module `\gf180mcu_fd_sc_mcu7t5v0__clkinv_1'.
Generating RTLIL representation for module `\gf180mcu_fd_sc_mcu7t5v0__clkinv_12'.
Generating RTLIL representation for module `\gf180mcu_fd_sc_mcu7t5v0__clkinv_16'.
Generating RTLIL representation for module `\gf180mcu_fd_sc_mcu7t5v0__clkinv_2'.
Generating RTLIL representation for module `\gf180mcu_fd_sc_mcu7t5v0__clkinv_20'.
Generating RTLIL representation for module `\gf180mcu_fd_sc_mcu7t5v0__clkinv_3'.
Generating RTLIL representation for module `\gf180mcu_fd_sc_mcu7t5v0__clkinv_4'.
Generating RTLIL representation for module `\gf180mcu_fd_sc_mcu7t5v0__clkinv_8'.
Generating RTLIL representation for module `\gf180mcu_fd_sc_mcu7t5v0__clkinv_func'.
Generating RTLIL representation for module `\gf180mcu_fd_sc_mcu7t5v0__dffnq_1'.
Generating RTLIL representation for module `\gf180mcu_fd_sc_mcu7t5v0__dffnq_2'.
Generating RTLIL representation for module `\gf180mcu_fd_sc_mcu7t5v0__dffnq_4'.
Generating RTLIL representation for module `\gf180mcu_fd_sc_mcu7t5v0__dffnq_func'.
Generating RTLIL representation for module `\gf180mcu_fd_sc_mcu7t5v0__dffnrnq_1'.
Generating RTLIL representation for module `\gf180mcu_fd_sc_mcu7t5v0__dffnrnq_2'.
Generating RTLIL representation for module `\gf180mcu_fd_sc_mcu7t5v0__dffnrnq_4'.
Generating RTLIL representation for module `\gf180mcu_fd_sc_mcu7t5v0__dffnrnq_func'.
Generating RTLIL representation for module `\gf180mcu_fd_sc_mcu7t5v0__dffnrsnq_1'.
Generating RTLIL representation for module `\gf180mcu_fd_sc_mcu7t5v0__dffnrsnq_2'.
Generating RTLIL representation for module `\gf180mcu_fd_sc_mcu7t5v0__dffnrsnq_4'.
Generating RTLIL representation for module `\gf180mcu_fd_sc_mcu7t5v0__dffnrsnq_func'.
Generating RTLIL representation for module `\gf180mcu_fd_sc_mcu7t5v0__dffnsnq_1'.
Generating RTLIL representation for module `\gf180mcu_fd_sc_mcu7t5v0__dffnsnq_2'.
Generating RTLIL representation for module `\gf180mcu_fd_sc_mcu7t5v0__dffnsnq_4'.
Generating RTLIL representation for module `\gf180mcu_fd_sc_mcu7t5v0__dffnsnq_func'.
Generating RTLIL representation for module `\gf180mcu_fd_sc_mcu7t5v0__dffq_1'.
Generating RTLIL representation for module `\gf180mcu_fd_sc_mcu7t5v0__dffq_2'.
Generating RTLIL representation for module `\gf180mcu_fd_sc_mcu7t5v0__dffq_4'.
Generating RTLIL representation for module `\gf180mcu_fd_sc_mcu7t5v0__dffq_func'.
Generating RTLIL representation for module `\gf180mcu_fd_sc_mcu7t5v0__dffrnq_1'.
Generating RTLIL representation for module `\gf180mcu_fd_sc_mcu7t5v0__dffrnq_2'.
Generating RTLIL representation for module `\gf180mcu_fd_sc_mcu7t5v0__dffrnq_4'.
Generating RTLIL representation for module `\gf180mcu_fd_sc_mcu7t5v0__dffrnq_func'.
Generating RTLIL representation for module `\gf180mcu_fd_sc_mcu7t5v0__dffrsnq_1'.
Generating RTLIL representation for module `\gf180mcu_fd_sc_mcu7t5v0__dffrsnq_2'.
Generating RTLIL representation for module `\gf180mcu_fd_sc_mcu7t5v0__dffrsnq_4'.
Generating RTLIL representation for module `\gf180mcu_fd_sc_mcu7t5v0__dffrsnq_func'.
Generating RTLIL representation for module `\gf180mcu_fd_sc_mcu7t5v0__dffsnq_1'.
Generating RTLIL representation for module `\gf180mcu_fd_sc_mcu7t5v0__dffsnq_2'.
Generating RTLIL representation for module `\gf180mcu_fd_sc_mcu7t5v0__dffsnq_4'.
Generating RTLIL representation for module `\gf180mcu_fd_sc_mcu7t5v0__dffsnq_func'.
Generating RTLIL representation for module `\gf180mcu_fd_sc_mcu7t5v0__dlya_1'.
Generating RTLIL representation for module `\gf180mcu_fd_sc_mcu7t5v0__dlya_2'.
Generating RTLIL representation for module `\gf180mcu_fd_sc_mcu7t5v0__dlya_4'.
Generating RTLIL representation for module `\gf180mcu_fd_sc_mcu7t5v0__dlya_func'.
Generating RTLIL representation for module `\gf180mcu_fd_sc_mcu7t5v0__dlyb_1'.
Generating RTLIL representation for module `\gf180mcu_fd_sc_mcu7t5v0__dlyb_2'.
Generating RTLIL representation for module `\gf180mcu_fd_sc_mcu7t5v0__dlyb_4'.
Generating RTLIL representation for module `\gf180mcu_fd_sc_mcu7t5v0__dlyb_func'.
Generating RTLIL representation for module `\gf180mcu_fd_sc_mcu7t5v0__dlyc_1'.
Generating RTLIL representation for module `\gf180mcu_fd_sc_mcu7t5v0__dlyc_2'.
Generating RTLIL representation for module `\gf180mcu_fd_sc_mcu7t5v0__dlyc_4'.
Generating RTLIL representation for module `\gf180mcu_fd_sc_mcu7t5v0__dlyc_func'.
Generating RTLIL representation for module `\gf180mcu_fd_sc_mcu7t5v0__dlyd_1'.
Generating RTLIL representation for module `\gf180mcu_fd_sc_mcu7t5v0__dlyd_2'.
Generating RTLIL representation for module `\gf180mcu_fd_sc_mcu7t5v0__dlyd_4'.
Generating RTLIL representation for module `\gf180mcu_fd_sc_mcu7t5v0__dlyd_func'.
Generating RTLIL representation for module `\gf180mcu_fd_sc_mcu7t5v0__endcap'.
Generating RTLIL representation for module `\gf180mcu_fd_sc_mcu7t5v0__endcap_func'.
Generating RTLIL representation for module `\gf180mcu_fd_sc_mcu7t5v0__fill_1'.
Generating RTLIL representation for module `\gf180mcu_fd_sc_mcu7t5v0__fill_16'.
Generating RTLIL representation for module `\gf180mcu_fd_sc_mcu7t5v0__fill_2'.
Generating RTLIL representation for module `\gf180mcu_fd_sc_mcu7t5v0__fill_32'.
Generating RTLIL representation for module `\gf180mcu_fd_sc_mcu7t5v0__fill_4'.
Generating RTLIL representation for module `\gf180mcu_fd_sc_mcu7t5v0__fill_64'.
Generating RTLIL representation for module `\gf180mcu_fd_sc_mcu7t5v0__fill_8'.
Generating RTLIL representation for module `\gf180mcu_fd_sc_mcu7t5v0__fill_func'.
Generating RTLIL representation for module `\gf180mcu_fd_sc_mcu7t5v0__fillcap_16'.
Generating RTLIL representation for module `\gf180mcu_fd_sc_mcu7t5v0__fillcap_32'.
Generating RTLIL representation for module `\gf180mcu_fd_sc_mcu7t5v0__fillcap_4'.
Generating RTLIL representation for module `\gf180mcu_fd_sc_mcu7t5v0__fillcap_64'.
Generating RTLIL representation for module `\gf180mcu_fd_sc_mcu7t5v0__fillcap_8'.
Generating RTLIL representation for module `\gf180mcu_fd_sc_mcu7t5v0__fillcap_func'.
Generating RTLIL representation for module `\gf180mcu_fd_sc_mcu7t5v0__filltie'.
Generating RTLIL representation for module `\gf180mcu_fd_sc_mcu7t5v0__filltie_func'.
Generating RTLIL representation for module `\gf180mcu_fd_sc_mcu7t5v0__hold'.
Generating RTLIL representation for module `\gf180mcu_fd_sc_mcu7t5v0__hold_func'.
Generating RTLIL representation for module `\gf180mcu_fd_sc_mcu7t5v0__icgtn_1'.
Generating RTLIL representation for module `\gf180mcu_fd_sc_mcu7t5v0__icgtn_2'.
Generating RTLIL representation for module `\gf180mcu_fd_sc_mcu7t5v0__icgtn_4'.
Generating RTLIL representation for module `\gf180mcu_fd_sc_mcu7t5v0__icgtn_func'.
Generating RTLIL representation for module `\gf180mcu_fd_sc_mcu7t5v0__icgtp_1'.
Generating RTLIL representation for module `\gf180mcu_fd_sc_mcu7t5v0__icgtp_2'.
Generating RTLIL representation for module `\gf180mcu_fd_sc_mcu7t5v0__icgtp_4'.
Generating RTLIL representation for module `\gf180mcu_fd_sc_mcu7t5v0__icgtp_func'.
Generating RTLIL representation for module `\gf180mcu_fd_sc_mcu7t5v0__inv_1'.
Generating RTLIL representation for module `\gf180mcu_fd_sc_mcu7t5v0__inv_12'.
Generating RTLIL representation for module `\gf180mcu_fd_sc_mcu7t5v0__inv_16'.
Generating RTLIL representation for module `\gf180mcu_fd_sc_mcu7t5v0__inv_2'.
Generating RTLIL representation for module `\gf180mcu_fd_sc_mcu7t5v0__inv_20'.
Generating RTLIL representation for module `\gf180mcu_fd_sc_mcu7t5v0__inv_3'.
Generating RTLIL representation for module `\gf180mcu_fd_sc_mcu7t5v0__inv_4'.
Generating RTLIL representation for module `\gf180mcu_fd_sc_mcu7t5v0__inv_8'.
Generating RTLIL representation for module `\gf180mcu_fd_sc_mcu7t5v0__inv_func'.
Generating RTLIL representation for module `\gf180mcu_fd_sc_mcu7t5v0__invz_1'.
Generating RTLIL representation for module `\gf180mcu_fd_sc_mcu7t5v0__invz_12'.
Generating RTLIL representation for module `\gf180mcu_fd_sc_mcu7t5v0__invz_16'.
Generating RTLIL representation for module `\gf180mcu_fd_sc_mcu7t5v0__invz_2'.
Generating RTLIL representation for module `\gf180mcu_fd_sc_mcu7t5v0__invz_3'.
Generating RTLIL representation for module `\gf180mcu_fd_sc_mcu7t5v0__invz_4'.
Generating RTLIL representation for module `\gf180mcu_fd_sc_mcu7t5v0__invz_8'.
Generating RTLIL representation for module `\gf180mcu_fd_sc_mcu7t5v0__invz_func'.
Generating RTLIL representation for module `\gf180mcu_fd_sc_mcu7t5v0__latq_1'.
Generating RTLIL representation for module `\gf180mcu_fd_sc_mcu7t5v0__latq_2'.
Generating RTLIL representation for module `\gf180mcu_fd_sc_mcu7t5v0__latq_4'.
Generating RTLIL representation for module `\gf180mcu_fd_sc_mcu7t5v0__latq_func'.
Generating RTLIL representation for module `\gf180mcu_fd_sc_mcu7t5v0__latrnq_1'.
Generating RTLIL representation for module `\gf180mcu_fd_sc_mcu7t5v0__latrnq_2'.
Generating RTLIL representation for module `\gf180mcu_fd_sc_mcu7t5v0__latrnq_4'.
Generating RTLIL representation for module `\gf180mcu_fd_sc_mcu7t5v0__latrnq_func'.
Generating RTLIL representation for module `\gf180mcu_fd_sc_mcu7t5v0__latrsnq_1'.
Generating RTLIL representation for module `\gf180mcu_fd_sc_mcu7t5v0__latrsnq_2'.
Generating RTLIL representation for module `\gf180mcu_fd_sc_mcu7t5v0__latrsnq_4'.
Generating RTLIL representation for module `\gf180mcu_fd_sc_mcu7t5v0__latrsnq_func'.
Generating RTLIL representation for module `\gf180mcu_fd_sc_mcu7t5v0__latsnq_1'.
Generating RTLIL representation for module `\gf180mcu_fd_sc_mcu7t5v0__latsnq_2'.
Generating RTLIL representation for module `\gf180mcu_fd_sc_mcu7t5v0__latsnq_4'.
Generating RTLIL representation for module `\gf180mcu_fd_sc_mcu7t5v0__latsnq_func'.
Generating RTLIL representation for module `\gf180mcu_fd_sc_mcu7t5v0__mux2_1'.
Generating RTLIL representation for module `\gf180mcu_fd_sc_mcu7t5v0__mux2_2'.
Generating RTLIL representation for module `\gf180mcu_fd_sc_mcu7t5v0__mux2_4'.
Generating RTLIL representation for module `\gf180mcu_fd_sc_mcu7t5v0__mux2_func'.
Generating RTLIL representation for module `\gf180mcu_fd_sc_mcu7t5v0__mux4_1'.
Generating RTLIL representation for module `\gf180mcu_fd_sc_mcu7t5v0__mux4_2'.
Generating RTLIL representation for module `\gf180mcu_fd_sc_mcu7t5v0__mux4_4'.
Generating RTLIL representation for module `\gf180mcu_fd_sc_mcu7t5v0__mux4_func'.
Generating RTLIL representation for module `\gf180mcu_fd_sc_mcu7t5v0__nand2_1'.
Generating RTLIL representation for module `\gf180mcu_fd_sc_mcu7t5v0__nand2_2'.
Generating RTLIL representation for module `\gf180mcu_fd_sc_mcu7t5v0__nand2_4'.
Generating RTLIL representation for module `\gf180mcu_fd_sc_mcu7t5v0__nand2_func'.
Generating RTLIL representation for module `\gf180mcu_fd_sc_mcu7t5v0__nand3_1'.
Generating RTLIL representation for module `\gf180mcu_fd_sc_mcu7t5v0__nand3_2'.
Generating RTLIL representation for module `\gf180mcu_fd_sc_mcu7t5v0__nand3_4'.
Generating RTLIL representation for module `\gf180mcu_fd_sc_mcu7t5v0__nand3_func'.
Generating RTLIL representation for module `\gf180mcu_fd_sc_mcu7t5v0__nand4_1'.
Generating RTLIL representation for module `\gf180mcu_fd_sc_mcu7t5v0__nand4_2'.
Generating RTLIL representation for module `\gf180mcu_fd_sc_mcu7t5v0__nand4_4'.
Generating RTLIL representation for module `\gf180mcu_fd_sc_mcu7t5v0__nand4_func'.
Generating RTLIL representation for module `\gf180mcu_fd_sc_mcu7t5v0__nor2_1'.
Generating RTLIL representation for module `\gf180mcu_fd_sc_mcu7t5v0__nor2_2'.
Generating RTLIL representation for module `\gf180mcu_fd_sc_mcu7t5v0__nor2_4'.
Generating RTLIL representation for module `\gf180mcu_fd_sc_mcu7t5v0__nor2_func'.
Generating RTLIL representation for module `\gf180mcu_fd_sc_mcu7t5v0__nor3_1'.
Generating RTLIL representation for module `\gf180mcu_fd_sc_mcu7t5v0__nor3_2'.
Generating RTLIL representation for module `\gf180mcu_fd_sc_mcu7t5v0__nor3_4'.
Generating RTLIL representation for module `\gf180mcu_fd_sc_mcu7t5v0__nor3_func'.
Generating RTLIL representation for module `\gf180mcu_fd_sc_mcu7t5v0__nor4_1'.
Generating RTLIL representation for module `\gf180mcu_fd_sc_mcu7t5v0__nor4_2'.
Generating RTLIL representation for module `\gf180mcu_fd_sc_mcu7t5v0__nor4_4'.
Generating RTLIL representation for module `\gf180mcu_fd_sc_mcu7t5v0__nor4_func'.
Generating RTLIL representation for module `\gf180mcu_fd_sc_mcu7t5v0__oai211_1'.
Generating RTLIL representation for module `\gf180mcu_fd_sc_mcu7t5v0__oai211_2'.
Generating RTLIL representation for module `\gf180mcu_fd_sc_mcu7t5v0__oai211_4'.
Generating RTLIL representation for module `\gf180mcu_fd_sc_mcu7t5v0__oai211_func'.
Generating RTLIL representation for module `\gf180mcu_fd_sc_mcu7t5v0__oai21_1'.
Generating RTLIL representation for module `\gf180mcu_fd_sc_mcu7t5v0__oai21_2'.
Generating RTLIL representation for module `\gf180mcu_fd_sc_mcu7t5v0__oai21_4'.
Generating RTLIL representation for module `\gf180mcu_fd_sc_mcu7t5v0__oai21_func'.
Generating RTLIL representation for module `\gf180mcu_fd_sc_mcu7t5v0__oai221_1'.
Generating RTLIL representation for module `\gf180mcu_fd_sc_mcu7t5v0__oai221_2'.
Generating RTLIL representation for module `\gf180mcu_fd_sc_mcu7t5v0__oai221_4'.
Generating RTLIL representation for module `\gf180mcu_fd_sc_mcu7t5v0__oai221_func'.
Generating RTLIL representation for module `\gf180mcu_fd_sc_mcu7t5v0__oai222_1'.
Generating RTLIL representation for module `\gf180mcu_fd_sc_mcu7t5v0__oai222_2'.
Generating RTLIL representation for module `\gf180mcu_fd_sc_mcu7t5v0__oai222_4'.
Generating RTLIL representation for module `\gf180mcu_fd_sc_mcu7t5v0__oai222_func'.
Generating RTLIL representation for module `\gf180mcu_fd_sc_mcu7t5v0__oai22_1'.
Generating RTLIL representation for module `\gf180mcu_fd_sc_mcu7t5v0__oai22_2'.
Generating RTLIL representation for module `\gf180mcu_fd_sc_mcu7t5v0__oai22_4'.
Generating RTLIL representation for module `\gf180mcu_fd_sc_mcu7t5v0__oai22_func'.
Generating RTLIL representation for module `\gf180mcu_fd_sc_mcu7t5v0__oai31_1'.
Generating RTLIL representation for module `\gf180mcu_fd_sc_mcu7t5v0__oai31_2'.
Generating RTLIL representation for module `\gf180mcu_fd_sc_mcu7t5v0__oai31_4'.
Generating RTLIL representation for module `\gf180mcu_fd_sc_mcu7t5v0__oai31_func'.
Generating RTLIL representation for module `\gf180mcu_fd_sc_mcu7t5v0__oai32_1'.
Generating RTLIL representation for module `\gf180mcu_fd_sc_mcu7t5v0__oai32_2'.
Generating RTLIL representation for module `\gf180mcu_fd_sc_mcu7t5v0__oai32_4'.
Generating RTLIL representation for module `\gf180mcu_fd_sc_mcu7t5v0__oai32_func'.
Generating RTLIL representation for module `\gf180mcu_fd_sc_mcu7t5v0__oai33_1'.
Generating RTLIL representation for module `\gf180mcu_fd_sc_mcu7t5v0__oai33_2'.
Generating RTLIL representation for module `\gf180mcu_fd_sc_mcu7t5v0__oai33_4'.
Generating RTLIL representation for module `\gf180mcu_fd_sc_mcu7t5v0__oai33_func'.
Generating RTLIL representation for module `\gf180mcu_fd_sc_mcu7t5v0__or2_1'.
Generating RTLIL representation for module `\gf180mcu_fd_sc_mcu7t5v0__or2_2'.
Generating RTLIL representation for module `\gf180mcu_fd_sc_mcu7t5v0__or2_4'.
Generating RTLIL representation for module `\gf180mcu_fd_sc_mcu7t5v0__or2_func'.
Generating RTLIL representation for module `\gf180mcu_fd_sc_mcu7t5v0__or3_1'.
Generating RTLIL representation for module `\gf180mcu_fd_sc_mcu7t5v0__or3_2'.
Generating RTLIL representation for module `\gf180mcu_fd_sc_mcu7t5v0__or3_4'.
Generating RTLIL representation for module `\gf180mcu_fd_sc_mcu7t5v0__or3_func'.
Generating RTLIL representation for module `\gf180mcu_fd_sc_mcu7t5v0__or4_1'.
Generating RTLIL representation for module `\gf180mcu_fd_sc_mcu7t5v0__or4_2'.
Generating RTLIL representation for module `\gf180mcu_fd_sc_mcu7t5v0__or4_4'.
Generating RTLIL representation for module `\gf180mcu_fd_sc_mcu7t5v0__or4_func'.
Generating RTLIL representation for module `\gf180mcu_fd_sc_mcu7t5v0__sdffq_1'.
Generating RTLIL representation for module `\gf180mcu_fd_sc_mcu7t5v0__sdffq_2'.
Generating RTLIL representation for module `\gf180mcu_fd_sc_mcu7t5v0__sdffq_4'.
Generating RTLIL representation for module `\gf180mcu_fd_sc_mcu7t5v0__sdffq_func'.
Generating RTLIL representation for module `\gf180mcu_fd_sc_mcu7t5v0__sdffrnq_1'.
Generating RTLIL representation for module `\gf180mcu_fd_sc_mcu7t5v0__sdffrnq_2'.
Generating RTLIL representation for module `\gf180mcu_fd_sc_mcu7t5v0__sdffrnq_4'.
Generating RTLIL representation for module `\gf180mcu_fd_sc_mcu7t5v0__sdffrnq_func'.
Generating RTLIL representation for module `\gf180mcu_fd_sc_mcu7t5v0__sdffrsnq_1'.
Generating RTLIL representation for module `\gf180mcu_fd_sc_mcu7t5v0__sdffrsnq_2'.
Generating RTLIL representation for module `\gf180mcu_fd_sc_mcu7t5v0__sdffrsnq_4'.
Generating RTLIL representation for module `\gf180mcu_fd_sc_mcu7t5v0__sdffrsnq_func'.
Generating RTLIL representation for module `\gf180mcu_fd_sc_mcu7t5v0__sdffsnq_1'.
Generating RTLIL representation for module `\gf180mcu_fd_sc_mcu7t5v0__sdffsnq_2'.
Generating RTLIL representation for module `\gf180mcu_fd_sc_mcu7t5v0__sdffsnq_4'.
Generating RTLIL representation for module `\gf180mcu_fd_sc_mcu7t5v0__sdffsnq_func'.
Generating RTLIL representation for module `\gf180mcu_fd_sc_mcu7t5v0__tieh'.
Generating RTLIL representation for module `\gf180mcu_fd_sc_mcu7t5v0__tieh_func'.
Generating RTLIL representation for module `\gf180mcu_fd_sc_mcu7t5v0__tiel'.
Generating RTLIL representation for module `\gf180mcu_fd_sc_mcu7t5v0__tiel_func'.
Generating RTLIL representation for module `\gf180mcu_fd_sc_mcu7t5v0__xnor2_1'.
Generating RTLIL representation for module `\gf180mcu_fd_sc_mcu7t5v0__xnor2_2'.
Generating RTLIL representation for module `\gf180mcu_fd_sc_mcu7t5v0__xnor2_4'.
Generating RTLIL representation for module `\gf180mcu_fd_sc_mcu7t5v0__xnor2_func'.
Generating RTLIL representation for module `\gf180mcu_fd_sc_mcu7t5v0__xnor3_1'.
Generating RTLIL representation for module `\gf180mcu_fd_sc_mcu7t5v0__xnor3_2'.
Generating RTLIL representation for module `\gf180mcu_fd_sc_mcu7t5v0__xnor3_4'.
Generating RTLIL representation for module `\gf180mcu_fd_sc_mcu7t5v0__xnor3_func'.
Generating RTLIL representation for module `\gf180mcu_fd_sc_mcu7t5v0__xor2_1'.
Generating RTLIL representation for module `\gf180mcu_fd_sc_mcu7t5v0__xor2_2'.
Generating RTLIL representation for module `\gf180mcu_fd_sc_mcu7t5v0__xor2_4'.
Generating RTLIL representation for module `\gf180mcu_fd_sc_mcu7t5v0__xor2_func'.
Generating RTLIL representation for module `\gf180mcu_fd_sc_mcu7t5v0__xor3_1'.
Generating RTLIL representation for module `\gf180mcu_fd_sc_mcu7t5v0__xor3_2'.
Generating RTLIL representation for module `\gf180mcu_fd_sc_mcu7t5v0__xor3_4'.
Generating RTLIL representation for module `\gf180mcu_fd_sc_mcu7t5v0__xor3_func'.
Successfully finished Verilog frontend.
wtaf

2. Executing Verilog-2005 frontend: /home/sahana/core5_udma/udma_uart/rtl/udma_uart_rx.sv
Parsing SystemVerilog input from `/home/sahana/core5_udma/udma_uart/rtl/udma_uart_rx.sv' to AST representation.
Storing AST representation for module `$abstract\udma_uart_rx'.
Successfully finished Verilog frontend.

3. Executing HIERARCHY pass (managing design hierarchy).

4. Executing AST frontend in derive mode using pre-parsed AST for module `\udma_uart_rx'.
Generating RTLIL representation for module `\udma_uart_rx'.

4.1. Analyzing design hierarchy..
Top module:  \udma_uart_rx

4.2. Analyzing design hierarchy..
Top module:  \udma_uart_rx
Removing unused module `$abstract\udma_uart_rx'.
Removed 1 unused modules.
Renaming module udma_uart_rx to udma_uart_rx.

5. Executing PROC pass (convert processes to netlists).

5.1. Executing PROC_CLEAN pass (remove empty switches from decision trees).
Cleaned up 0 empty switches.

5.2. Executing PROC_RMDEAD pass (remove dead branches from decision trees).
Marked 2 switch rules as full_case in process $proc$/home/sahana/core5_udma/udma_uart/rtl/udma_uart_rx.sv:258$24 in module udma_uart_rx.
Marked 4 switch rules as full_case in process $proc$/home/sahana/core5_udma/udma_uart/rtl/udma_uart_rx.sv:223$16 in module udma_uart_rx.
Marked 2 switch rules as full_case in process $proc$/home/sahana/core5_udma/udma_uart/rtl/udma_uart_rx.sv:210$14 in module udma_uart_rx.
Marked 2 switch rules as full_case in process $proc$/home/sahana/core5_udma/udma_uart/rtl/udma_uart_rx.sv:185$10 in module udma_uart_rx.
Removed 1 dead cases from process $proc$/home/sahana/core5_udma/udma_uart/rtl/udma_uart_rx.sv:84$3 in module udma_uart_rx.
Marked 12 switch rules as full_case in process $proc$/home/sahana/core5_udma/udma_uart/rtl/udma_uart_rx.sv:84$3 in module udma_uart_rx.
Removed 1 dead cases from process $proc$/home/sahana/core5_udma/udma_uart/rtl/udma_uart_rx.sv:70$2 in module udma_uart_rx.
Marked 1 switch rules as full_case in process $proc$/home/sahana/core5_udma/udma_uart/rtl/udma_uart_rx.sv:70$2 in module udma_uart_rx.
Removed a total of 2 dead cases.

5.3. Executing PROC_PRUNE pass (remove redundant assignments in processes).
Removed 5 redundant assignments.
Promoted 14 assignments to connections.

5.4. Executing PROC_INIT pass (extract init attributes).

5.5. Executing PROC_ARST pass (detect async resets in processes).
Found async reset \rstn_i in `\udma_uart_rx.$proc$/home/sahana/core5_udma/udma_uart/rtl/udma_uart_rx.sv:258$24'.
Found async reset \rstn_i in `\udma_uart_rx.$proc$/home/sahana/core5_udma/udma_uart/rtl/udma_uart_rx.sv:223$16'.
Found async reset \rstn_i in `\udma_uart_rx.$proc$/home/sahana/core5_udma/udma_uart/rtl/udma_uart_rx.sv:210$14'.
Found async reset \rstn_i in `\udma_uart_rx.$proc$/home/sahana/core5_udma/udma_uart/rtl/udma_uart_rx.sv:185$10'.

5.6. Executing PROC_ROM pass (convert switches to ROMs).
Converted 0 switches.
<suppressed ~22 debug messages>

5.7. Executing PROC_MUX pass (convert decision trees to multiplexers).
Creating decoders for process `\udma_uart_rx.$proc$/home/sahana/core5_udma/udma_uart/rtl/udma_uart_rx.sv:258$24'.
     1/1: $0\r_error_parity[0:0]
Creating decoders for process `\udma_uart_rx.$proc$/home/sahana/core5_udma/udma_uart/rtl/udma_uart_rx.sv:223$16'.
     1/2: $0\bit_done[0:0]
     2/2: $0\baud_cnt[15:0]
Creating decoders for process `\udma_uart_rx.$proc$/home/sahana/core5_udma/udma_uart/rtl/udma_uart_rx.sv:210$14'.
     1/1: $0\reg_rx_sync[2:0]
Creating decoders for process `\udma_uart_rx.$proc$/home/sahana/core5_udma/udma_uart/rtl/udma_uart_rx.sv:185$10'.
     1/4: $0\CS[2:0]
     2/4: $0\reg_bit_count[2:0]
     3/4: $0\parity_bit[0:0]
     4/4: $0\reg_data[7:0]
Creating decoders for process `\udma_uart_rx.$proc$/home/sahana/core5_udma/udma_uart/rtl/udma_uart_rx.sv:84$3'.
     1/39: $4\err_overflow_o[0:0]
     2/39: $4\char_event_o[0:0]
     3/39: $3\char_event_o[0:0]
     4/39: $3\err_overflow_o[0:0]
     5/39: $3\rx_valid_o[0:0]
     6/39: $3\err_parity_o[0:0]
     7/39: $2\rx_valid_o[0:0]
     8/39: $2\char_event_o[0:0]
     9/39: $2\err_overflow_o[0:0]
    10/39: $2\err_parity_o[0:0]
    11/39: $8\NS[2:0]
    12/39: $3\s_set_error_parity[0:0]
    13/39: $7\NS[2:0]
    14/39: $2\s_set_error_parity[0:0]
    15/39: $6\NS[2:0]
    16/39: $5\NS[2:0]
    17/39: $3\reg_bit_count_next[2:0]
    18/39: $2\reg_bit_count_next[2:0]
    19/39: $4\NS[2:0]
    20/39: $2\s_sample_data[0:0]
    21/39: $2\reg_data_next[7:0]
    22/39: $3\NS[2:0]
    23/39: $2\s_err_clear[0:0]
    24/39: $2\start_bit[0:0]
    25/39: $2\baudgen_en[0:0]
    26/39: $2\NS[2:0]
    27/39: $1\s_err_clear[0:0]
    28/39: $1\start_bit[0:0]
    29/39: $1\baudgen_en[0:0]
    30/39: $1\NS[2:0]
    31/39: $1\s_set_error_parity[0:0]
    32/39: $1\s_sample_data[0:0]
    33/39: $1\parity_bit_next[0:0]
    34/39: $1\reg_bit_count_next[2:0]
    35/39: $1\reg_data_next[7:0]
    36/39: $1\rx_valid_o[0:0]
    37/39: $1\char_event_o[0:0]
    38/39: $1\err_overflow_o[0:0]
    39/39: $1\err_parity_o[0:0]
Creating decoders for process `\udma_uart_rx.$proc$/home/sahana/core5_udma/udma_uart/rtl/udma_uart_rx.sv:70$2'.
     1/1: $1\s_target_bits[2:0]

5.8. Executing PROC_DLATCH pass (convert process syncs to latches).
No latch inferred for signal `\udma_uart_rx.\err_parity_o' from process `\udma_uart_rx.$proc$/home/sahana/core5_udma/udma_uart/rtl/udma_uart_rx.sv:84$3'.
No latch inferred for signal `\udma_uart_rx.\err_overflow_o' from process `\udma_uart_rx.$proc$/home/sahana/core5_udma/udma_uart/rtl/udma_uart_rx.sv:84$3'.
No latch inferred for signal `\udma_uart_rx.\char_event_o' from process `\udma_uart_rx.$proc$/home/sahana/core5_udma/udma_uart/rtl/udma_uart_rx.sv:84$3'.
No latch inferred for signal `\udma_uart_rx.\rx_valid_o' from process `\udma_uart_rx.$proc$/home/sahana/core5_udma/udma_uart/rtl/udma_uart_rx.sv:84$3'.
No latch inferred for signal `\udma_uart_rx.\NS' from process `\udma_uart_rx.$proc$/home/sahana/core5_udma/udma_uart/rtl/udma_uart_rx.sv:84$3'.
No latch inferred for signal `\udma_uart_rx.\reg_data_next' from process `\udma_uart_rx.$proc$/home/sahana/core5_udma/udma_uart/rtl/udma_uart_rx.sv:84$3'.
No latch inferred for signal `\udma_uart_rx.\reg_bit_count_next' from process `\udma_uart_rx.$proc$/home/sahana/core5_udma/udma_uart/rtl/udma_uart_rx.sv:84$3'.
No latch inferred for signal `\udma_uart_rx.\parity_bit_next' from process `\udma_uart_rx.$proc$/home/sahana/core5_udma/udma_uart/rtl/udma_uart_rx.sv:84$3'.
No latch inferred for signal `\udma_uart_rx.\s_sample_data' from process `\udma_uart_rx.$proc$/home/sahana/core5_udma/udma_uart/rtl/udma_uart_rx.sv:84$3'.
No latch inferred for signal `\udma_uart_rx.\baudgen_en' from process `\udma_uart_rx.$proc$/home/sahana/core5_udma/udma_uart/rtl/udma_uart_rx.sv:84$3'.
No latch inferred for signal `\udma_uart_rx.\start_bit' from process `\udma_uart_rx.$proc$/home/sahana/core5_udma/udma_uart/rtl/udma_uart_rx.sv:84$3'.
No latch inferred for signal `\udma_uart_rx.\s_set_error_parity' from process `\udma_uart_rx.$proc$/home/sahana/core5_udma/udma_uart/rtl/udma_uart_rx.sv:84$3'.
No latch inferred for signal `\udma_uart_rx.\s_err_clear' from process `\udma_uart_rx.$proc$/home/sahana/core5_udma/udma_uart/rtl/udma_uart_rx.sv:84$3'.
No latch inferred for signal `\udma_uart_rx.\s_target_bits' from process `\udma_uart_rx.$proc$/home/sahana/core5_udma/udma_uart/rtl/udma_uart_rx.sv:70$2'.

5.9. Executing PROC_DFF pass (convert process syncs to FFs).
Creating register for signal `\udma_uart_rx.\r_error_parity' using process `\udma_uart_rx.$proc$/home/sahana/core5_udma/udma_uart/rtl/udma_uart_rx.sv:258$24'.
  created $adff cell `$procdff$366' with positive edge clock and positive level reset.
Creating register for signal `\udma_uart_rx.\baud_cnt' using process `\udma_uart_rx.$proc$/home/sahana/core5_udma/udma_uart/rtl/udma_uart_rx.sv:223$16'.
  created $adff cell `$procdff$371' with positive edge clock and positive level reset.
Creating register for signal `\udma_uart_rx.\bit_done' using process `\udma_uart_rx.$proc$/home/sahana/core5_udma/udma_uart/rtl/udma_uart_rx.sv:223$16'.
  created $adff cell `$procdff$376' with positive edge clock and positive level reset.
Creating register for signal `\udma_uart_rx.\reg_rx_sync' using process `\udma_uart_rx.$proc$/home/sahana/core5_udma/udma_uart/rtl/udma_uart_rx.sv:210$14'.
  created $adff cell `$procdff$381' with positive edge clock and positive level reset.
Creating register for signal `\udma_uart_rx.\CS' using process `\udma_uart_rx.$proc$/home/sahana/core5_udma/udma_uart/rtl/udma_uart_rx.sv:185$10'.
  created $adff cell `$procdff$386' with positive edge clock and positive level reset.
Creating register for signal `\udma_uart_rx.\reg_data' using process `\udma_uart_rx.$proc$/home/sahana/core5_udma/udma_uart/rtl/udma_uart_rx.sv:185$10'.
  created $adff cell `$procdff$391' with positive edge clock and positive level reset.
Creating register for signal `\udma_uart_rx.\reg_bit_count' using process `\udma_uart_rx.$proc$/home/sahana/core5_udma/udma_uart/rtl/udma_uart_rx.sv:185$10'.
  created $adff cell `$procdff$396' with positive edge clock and positive level reset.
Creating register for signal `\udma_uart_rx.\parity_bit' using process `\udma_uart_rx.$proc$/home/sahana/core5_udma/udma_uart/rtl/udma_uart_rx.sv:185$10'.
  created $adff cell `$procdff$401' with positive edge clock and positive level reset.

5.10. Executing PROC_MEMWR pass (convert process memory writes to cells).

5.11. Executing PROC_CLEAN pass (remove empty switches from decision trees).
Found and cleaned up 2 empty switches in `\udma_uart_rx.$proc$/home/sahana/core5_udma/udma_uart/rtl/udma_uart_rx.sv:258$24'.
Removing empty process `udma_uart_rx.$proc$/home/sahana/core5_udma/udma_uart/rtl/udma_uart_rx.sv:258$24'.
Found and cleaned up 3 empty switches in `\udma_uart_rx.$proc$/home/sahana/core5_udma/udma_uart/rtl/udma_uart_rx.sv:223$16'.
Removing empty process `udma_uart_rx.$proc$/home/sahana/core5_udma/udma_uart/rtl/udma_uart_rx.sv:223$16'.
Found and cleaned up 1 empty switch in `\udma_uart_rx.$proc$/home/sahana/core5_udma/udma_uart/rtl/udma_uart_rx.sv:210$14'.
Removing empty process `udma_uart_rx.$proc$/home/sahana/core5_udma/udma_uart/rtl/udma_uart_rx.sv:210$14'.
Found and cleaned up 3 empty switches in `\udma_uart_rx.$proc$/home/sahana/core5_udma/udma_uart/rtl/udma_uart_rx.sv:185$10'.
Removing empty process `udma_uart_rx.$proc$/home/sahana/core5_udma/udma_uart/rtl/udma_uart_rx.sv:185$10'.
Found and cleaned up 12 empty switches in `\udma_uart_rx.$proc$/home/sahana/core5_udma/udma_uart/rtl/udma_uart_rx.sv:84$3'.
Removing empty process `udma_uart_rx.$proc$/home/sahana/core5_udma/udma_uart/rtl/udma_uart_rx.sv:84$3'.
Found and cleaned up 1 empty switch in `\udma_uart_rx.$proc$/home/sahana/core5_udma/udma_uart/rtl/udma_uart_rx.sv:70$2'.
Removing empty process `udma_uart_rx.$proc$/home/sahana/core5_udma/udma_uart/rtl/udma_uart_rx.sv:70$2'.
Cleaned up 22 empty switches.

5.12. Executing OPT_EXPR pass (perform const folding).
Optimizing module udma_uart_rx.
<suppressed ~39 debug messages>

6. Executing FLATTEN pass (flatten design).

7. Executing OPT_CLEAN pass (remove unused cells and wires).
Finding unused cells or wires in module \udma_uart_rx..
Removed 14 unused cells and 151 unused wires.
<suppressed ~16 debug messages>
