Clock: sys_clk
Sources: sys_clk_i 
Generated: no
Virtual: yes
Propagated: no
Period: 20.000000

===========================================================================
report_clock_properties
============================================================================
Clock                   Period          Waveform
----------------------------------------------------
sys_clk              20.000000    0.000000 10.000000

===========================================================================
report_clock_latency
============================================================================
Clock sys_clk
rise -> rise
    min     max
0.000000 0.000000 source latency
0.804551         network latency _2027_/CLK
        0.823987 network latency _2034_/CLK
---------------
0.804551 0.823987 latency
        0.019436 skew

fall -> fall
    min     max
0.000000 0.000000 source latency
0.771823         network latency _2027_/CLK
        0.792284 network latency _2034_/CLK
---------------
0.771823 0.792284 latency
        0.020461 skew



===========================================================================
report_clock_min_period
============================================================================
sys_clk period_min = 4.53 fmax = 220.67
Clock: periph_clk
Sources: periph_clk_i 
Generated: no
Virtual: yes
Propagated: no
Period: 20.000000

===========================================================================
report_clock_properties
============================================================================
Clock                   Period          Waveform
----------------------------------------------------
periph_clk           20.000000    0.000000 10.000000

===========================================================================
report_clock_latency
============================================================================
Clock periph_clk
rise -> rise
    min     max
0.000000 0.000000 source latency
0.797877         network latency _2053_/CLK
        0.827069 network latency _1888_/CLK
---------------
0.797877 0.827069 latency
        0.029192 skew

fall -> fall
    min     max
0.000000 0.000000 source latency
0.764516         network latency _2053_/CLK
        0.795198 network latency _1888_/CLK
---------------
0.764516 0.795198 latency
        0.030681 skew



===========================================================================
report_clock_min_period
============================================================================
periph_clk period_min = 4.85 fmax = 205.98
