Reading timing models for corner nom_tt_025C_5v00…
Reading timing library for the 'nom_tt_025C_5v00' corner at '/home/sahana/.ciel/gf180mcuD/libs.ref/gf180mcu_fd_sc_mcu7t5v0/lib/gf180mcu_fd_sc_mcu7t5v0__tt_025C_5v00.lib'…
Reading OpenROAD database at '/home/sahana/core5_udma/hardening/uart_top/runs/RUN_2026-08-01_22-28-41/44-openroad-resizertimingpostgrt/udma_uart_top.odb'…
Reading design constraints file at '/home/sahana/core5_udma/hardening/uart_top/constraints.closure.sdc'…
[INFO ORD-0030] Using 16 thread(s).
+ detailed_route -droute_end_iter 64 -or_seed 42 -verbose 1 -output_drc /home/sahana/core5_udma/hardening/uart_top/runs/RUN_2026-08-01_22-28-41/46-openroad-detailedrouting/drt-run-0/udma_uart_top.drc
[INFO DRT-0149] Reading tech and libs.
[WARNING DRT-0349] LEF58_ENCLOSURE with no CUTCLASS is not supported. Skipping for layer Via1
[WARNING DRT-0349] LEF58_ENCLOSURE with no CUTCLASS is not supported. Skipping for layer Via1
[WARNING DRT-0349] LEF58_ENCLOSURE with no CUTCLASS is not supported. Skipping for layer Via2
[WARNING DRT-0349] LEF58_ENCLOSURE with no CUTCLASS is not supported. Skipping for layer Via2
[WARNING DRT-0349] LEF58_ENCLOSURE with no CUTCLASS is not supported. Skipping for layer Via3
[WARNING DRT-0349] LEF58_ENCLOSURE with no CUTCLASS is not supported. Skipping for layer Via3
[WARNING DRT-0349] LEF58_ENCLOSURE with no CUTCLASS is not supported. Skipping for layer Via4
[WARNING DRT-0349] LEF58_ENCLOSURE with no CUTCLASS is not supported. Skipping for layer Via4

Units:                2000
Number of layers:     11
Number of macros:     229
Number of vias:       60
Number of viarulegen: 16

[INFO DRT-0150] Reading design.

Design:                   udma_uart_top
Die area:                 ( 0 0 ) ( 793270 829110 )
Number of track patterns: 10
Number of DEF vias:       0
Number of components:     3051
Number of terminals:      281
Number of snets:          2
Number of nets:           2032

[INFO DRT-0167] List of default vias:
  Layer Via2
    default via: Via2_VH
  Layer Via3
    default via: Via3_HV
  Layer Via4
    default via: Via4_VH
[INFO DRT-0162] Library cell analysis.
[INFO DRT-0163] Instance analysis.
[INFO DRT-0164] Number of unique instances = 158.
[INFO DRT-0168] Init region query.
[INFO DRT-0024]   Complete Poly2.
[INFO DRT-0024]   Complete CON.
[INFO DRT-0024]   Complete Metal1.
[INFO DRT-0024]   Complete Via1.
[INFO DRT-0024]   Complete Metal2.
[INFO DRT-0024]   Complete Via2.
[INFO DRT-0024]   Complete Metal3.
[INFO DRT-0024]   Complete Via3.
[INFO DRT-0024]   Complete Metal4.
[INFO DRT-0024]   Complete Via4.
[INFO DRT-0024]   Complete Metal5.
[INFO DRT-0033] Poly2 shape region query size = 0.
[INFO DRT-0033] CON shape region query size = 0.
[INFO DRT-0033] Metal1 shape region query size = 58808.
[INFO DRT-0033] Via1 shape region query size = 882.
[INFO DRT-0033] Metal2 shape region query size = 740.
[INFO DRT-0033] Via2 shape region query size = 882.
[INFO DRT-0033] Metal3 shape region query size = 715.
[INFO DRT-0033] Via3 shape region query size = 882.
[INFO DRT-0033] Metal4 shape region query size = 324.
[INFO DRT-0033] Via4 shape region query size = 162.
[INFO DRT-0033] Metal5 shape region query size = 30.
[INFO DRT-0165] Start pin access.
[INFO DRT-0076]   Complete 1000 pins.
[INFO DRT-0078]   Complete 1150 pins.
[INFO DRT-0079]   Complete 100 unique inst patterns.
[INFO DRT-0081]   Complete 154 unique inst patterns.
[INFO DRT-0084]   Complete 1368 groups.
#scanned instances     = 3051
#unique  instances     = 158
#stdCellGenAp          = 2790
#stdCellValidPlanarAp  = 0
#stdCellValidViaAp     = 2527
#stdCellPinNoAp        = 0
#stdCellPinCnt         = 5975
#instTermValidViaApCnt = 0
#macroGenAp            = 0
#macroValidPlanarAp    = 0
#macroValidViaAp       = 0
#macroNoAp             = 0
[INFO DRT-0166] Complete pin access.
[INFO DRT-0267] cpu time = 00:00:11, elapsed time = 00:00:00, memory = 151.62 (MB), peak = 150.24 (MB)

[INFO DRT-0157] Number of guides:     15422

[INFO DRT-0169] Post process guides.
[INFO DRT-0176] GCELLGRID X 0 DO 47 STEP 16800 ;
[INFO DRT-0177] GCELLGRID Y 0 DO 49 STEP 16800 ;
[INFO DRT-0028]   Complete Poly2.
[INFO DRT-0028]   Complete CON.
[INFO DRT-0028]   Complete Metal1.
[INFO DRT-0028]   Complete Via1.
[INFO DRT-0028]   Complete Metal2.
[INFO DRT-0028]   Complete Via2.
[INFO DRT-0028]   Complete Metal3.
[INFO DRT-0028]   Complete Via3.
[INFO DRT-0028]   Complete Metal4.
[INFO DRT-0028]   Complete Via4.
[INFO DRT-0028]   Complete Metal5.
[INFO DRT-0178] Init guide query.
[INFO DRT-0035]   Complete Poly2 (guide).
[INFO DRT-0035]   Complete CON (guide).
[INFO DRT-0035]   Complete Metal1 (guide).
[INFO DRT-0035]   Complete Via1 (guide).
[INFO DRT-0035]   Complete Metal2 (guide).
[INFO DRT-0035]   Complete Via2 (guide).
[INFO DRT-0035]   Complete Metal3 (guide).
[INFO DRT-0035]   Complete Via3 (guide).
[INFO DRT-0035]   Complete Metal4 (guide).
[INFO DRT-0035]   Complete Via4 (guide).
[INFO DRT-0035]   Complete Metal5 (guide).
[INFO DRT-0036] Poly2 guide region query size = 0.
[INFO DRT-0036] CON guide region query size = 0.
[INFO DRT-0036] Metal1 guide region query size = 5407.
[INFO DRT-0036] Via1 guide region query size = 0.
[INFO DRT-0036] Metal2 guide region query size = 4915.
[INFO DRT-0036] Via2 guide region query size = 0.
[INFO DRT-0036] Metal3 guide region query size = 2478.
[INFO DRT-0036] Via3 guide region query size = 0.
[INFO DRT-0036] Metal4 guide region query size = 57.
[INFO DRT-0036] Via4 guide region query size = 0.
[INFO DRT-0036] Metal5 guide region query size = 17.
[INFO DRT-0179] Init gr pin query.
[INFO DRT-0267] cpu time = 00:00:00, elapsed time = 00:00:00, memory = 156.57 (MB), peak = 155.11 (MB)
[INFO DRT-0245] skipped writing guide updates to database.
[INFO DRT-0185] Post process initialize RPin region query.
[INFO DRT-0181] Start track assignment.
[INFO DRT-0184] Done with 4972 vertical wires in 1 frboxes and 7902 horizontal wires in 1 frboxes.
[INFO DRT-0186] Done with 942 vertical wires in 1 frboxes and 824 horizontal wires in 1 frboxes.
[INFO DRT-0182] Complete track assignment.
[INFO DRT-0267] cpu time = 00:00:04, elapsed time = 00:00:00, memory = 179.02 (MB), peak = 180.37 (MB)
[INFO DRT-0187] Start routing data preparation.
[INFO DRT-0267] cpu time = 00:00:00, elapsed time = 00:00:00, memory = 179.09 (MB), peak = 180.37 (MB)
[INFO DRT-0194] Start detail routing.
[INFO DRT-0195] Start 0th optimization iteration.
    Completing 10% with 0 violations.
    elapsed time = 00:00:00, memory = 211.20 (MB).
    Completing 20% with 0 violations.
    elapsed time = 00:00:00, memory = 226.29 (MB).
    Completing 30% with 0 violations.
    elapsed time = 00:00:00, memory = 230.95 (MB).
    Completing 40% with 50 violations.
    elapsed time = 00:00:00, memory = 245.59 (MB).
    Completing 50% with 50 violations.
    elapsed time = 00:00:00, memory = 251.14 (MB).
    Completing 60% with 77 violations.
    elapsed time = 00:00:00, memory = 255.55 (MB).
    Completing 70% with 77 violations.
    elapsed time = 00:00:00, memory = 261.49 (MB).
    Completing 80% with 77 violations.
    elapsed time = 00:00:01, memory = 260.33 (MB).
    Completing 90% with 134 violations.
    elapsed time = 00:00:01, memory = 275.91 (MB).
    Completing 100% with 189 violations.
    elapsed time = 00:00:01, memory = 275.91 (MB).
[INFO DRT-0199]   Number of violations = 276.
Viol/Layer      Metal1 Metal2 Metal3 Metal4
Metal Spacing        1     54      0      0
Recheck              3     64     19      1
Short                0    121     13      0
[INFO DRT-0267] cpu time = 00:00:21, elapsed time = 00:00:01, memory = 563.02 (MB), peak = 573.64 (MB)
Total wire length = 87428 um.
Total wire length on LAYER Metal1 = 0 um.
Total wire length on LAYER Metal2 = 46040 um.
Total wire length on LAYER Metal3 = 38760 um.
Total wire length on LAYER Metal4 = 1851 um.
Total wire length on LAYER Metal5 = 776 um.
Total number of vias = 11533.
Up-via summary (total 11533):

----------------
  Poly2        0
 Metal1     6169
 Metal2     5215
 Metal3      121
 Metal4       28
----------------
       11533


[INFO DRT-0195] Start 1st optimization iteration.
    Completing 10% with 276 violations.
    elapsed time = 00:00:00, memory = 567.77 (MB).
    Completing 20% with 276 violations.
    elapsed time = 00:00:00, memory = 569.32 (MB).
    Completing 30% with 197 violations.
    elapsed time = 00:00:00, memory = 570.82 (MB).
    Completing 40% with 197 violations.
    elapsed time = 00:00:02, memory = 572.23 (MB).
    Completing 50% with 197 violations.
    elapsed time = 00:00:02, memory = 572.51 (MB).
    Completing 60% with 117 violations.
    elapsed time = 00:00:02, memory = 579.18 (MB).
    Completing 70% with 117 violations.
    elapsed time = 00:00:02, memory = 583.20 (MB).
    Completing 80% with 92 violations.
    elapsed time = 00:00:02, memory = 584.99 (MB).
    Completing 90% with 92 violations.
    elapsed time = 00:00:02, memory = 593.38 (MB).
    Completing 100% with 35 violations.
    elapsed time = 00:00:02, memory = 593.39 (MB).
[INFO DRT-0199]   Number of violations = 35.
Viol/Layer      Metal2
Metal Spacing       10
Short               25
[INFO DRT-0267] cpu time = 00:00:21, elapsed time = 00:00:03, memory = 605.66 (MB), peak = 604.04 (MB)
Total wire length = 86966 um.
Total wire length on LAYER Metal1 = 0 um.
Total wire length on LAYER Metal2 = 45823 um.
Total wire length on LAYER Metal3 = 38525 um.
Total wire length on LAYER Metal4 = 1841 um.
Total wire length on LAYER Metal5 = 776 um.
Total number of vias = 11498.
Up-via summary (total 11498):

----------------
  Poly2        0
 Metal1     6184
 Metal2     5177
 Metal3      109
 Metal4       28
----------------
       11498


[INFO DRT-0195] Start 2nd optimization iteration.
    Completing 10% with 35 violations.
    elapsed time = 00:00:00, memory = 605.66 (MB).
    Completing 20% with 35 violations.
    elapsed time = 00:00:00, memory = 605.99 (MB).
    Completing 30% with 41 violations.
    elapsed time = 00:00:00, memory = 607.54 (MB).
    Completing 40% with 41 violations.
    elapsed time = 00:00:00, memory = 607.54 (MB).
    Completing 50% with 41 violations.
    elapsed time = 00:00:00, memory = 617.39 (MB).
    Completing 60% with 24 violations.
    elapsed time = 00:00:00, memory = 617.39 (MB).
    Completing 70% with 24 violations.
    elapsed time = 00:00:00, memory = 617.39 (MB).
    Completing 80% with 22 violations.
    elapsed time = 00:00:01, memory = 618.89 (MB).
    Completing 90% with 22 violations.
    elapsed time = 00:00:01, memory = 618.89 (MB).
    Completing 100% with 24 violations.
    elapsed time = 00:00:01, memory = 619.15 (MB).
[INFO DRT-0199]   Number of violations = 24.
Viol/Layer      Metal2
Metal Spacing        7
Short               17
[INFO DRT-0267] cpu time = 00:00:16, elapsed time = 00:00:01, memory = 619.15 (MB), peak = 617.54 (MB)
Total wire length = 86939 um.
Total wire length on LAYER Metal1 = 0 um.
Total wire length on LAYER Metal2 = 45850 um.
Total wire length on LAYER Metal3 = 38431 um.
Total wire length on LAYER Metal4 = 1879 um.
Total wire length on LAYER Metal5 = 777 um.
Total number of vias = 11488.
Up-via summary (total 11488):

----------------
  Poly2        0
 Metal1     6185
 Metal2     5151
 Metal3      124
 Metal4       28
----------------
       11488


[INFO DRT-0195] Start 3rd guides tiles iteration.
    Completing 10% with 24 violations.
    elapsed time = 00:00:00, memory = 619.21 (MB).
    Completing 20% with 24 violations.
    elapsed time = 00:00:00, memory = 619.21 (MB).
    Completing 30% with 24 violations.
    elapsed time = 00:00:00, memory = 619.21 (MB).
    Completing 40% with 24 violations.
    elapsed time = 00:00:00, memory = 619.21 (MB).
    Completing 50% with 0 violations.
    elapsed time = 00:00:00, memory = 619.21 (MB).
    Completing 60% with 0 violations.
    elapsed time = 00:00:00, memory = 619.21 (MB).
    Completing 70% with 0 violations.
    elapsed time = 00:00:00, memory = 619.21 (MB).
    Completing 80% with 0 violations.
    elapsed time = 00:00:00, memory = 619.21 (MB).
    Completing 90% with 0 violations.
    elapsed time = 00:00:00, memory = 619.21 (MB).
    Completing 100% with 0 violations.
    elapsed time = 00:00:00, memory = 619.21 (MB).
[INFO DRT-0199]   Number of violations = 0.
[INFO DRT-0267] cpu time = 00:00:01, elapsed time = 00:00:00, memory = 619.21 (MB), peak = 617.54 (MB)
Total wire length = 86928 um.
Total wire length on LAYER Metal1 = 0 um.
Total wire length on LAYER Metal2 = 45530 um.
Total wire length on LAYER Metal3 = 38467 um.
Total wire length on LAYER Metal4 = 2153 um.
Total wire length on LAYER Metal5 = 777 um.
Total number of vias = 11534.
Up-via summary (total 11534):

----------------
  Poly2        0
 Metal1     6183
 Metal2     5175
 Metal3      148
 Metal4       28
----------------
       11534


[INFO DRT-0198] Complete detail routing.
Total wire length = 86928 um.
Total wire length on LAYER Metal1 = 0 um.
Total wire length on LAYER Metal2 = 45530 um.
Total wire length on LAYER Metal3 = 38467 um.
Total wire length on LAYER Metal4 = 2153 um.
Total wire length on LAYER Metal5 = 777 um.
Total number of vias = 11534.
Up-via summary (total 11534):

----------------
  Poly2        0
 Metal1     6183
 Metal2     5175
 Metal3      148
 Metal4       28
----------------
       11534


[INFO DRT-0267] cpu time = 00:01:02, elapsed time = 00:00:06, memory = 619.34 (MB), peak = 617.70 (MB)

[INFO DRT-0180] Post processing.
+ check_antennas 
[INFO ANT-0002] Found 1 net violations.
[INFO ANT-0001] Found 1 pin violations.
[INFO] Running antenna repair iteration 1…
+ repair_antennas gf180mcu_fd_sc_mcu7t5v0__antenna -ratio_margin 10
[INFO GRT-0012] Found 1 antenna violations.
[INFO GRT-0015] Inserted 1 diodes.
+ detailed_route -droute_end_iter 64 -or_seed 42 -verbose 1 -output_drc /home/sahana/core5_udma/hardening/uart_top/runs/RUN_2026-08-01_22-28-41/46-openroad-detailedrouting/drt-run-1/udma_uart_top.drc
[INFO DRT-0024]   Complete Poly2.
[INFO DRT-0024]   Complete CON.
[INFO DRT-0024]   Complete Metal1.
[INFO DRT-0024]   Complete Via1.
[INFO DRT-0024]   Complete Metal2.
[INFO DRT-0024]   Complete Via2.
[INFO DRT-0024]   Complete Metal3.
[INFO DRT-0024]   Complete Via3.
[INFO DRT-0024]   Complete Metal4.
[INFO DRT-0024]   Complete Via4.
[INFO DRT-0024]   Complete Metal5.
[INFO DRT-0165] Start pin access.
[INFO DRT-0076]   Complete 1000 pins.
[INFO DRT-0078]   Complete 1155 pins.
[INFO DRT-0079]   Complete 100 unique inst patterns.
[INFO DRT-0081]   Complete 155 unique inst patterns.
[INFO DRT-0084]   Complete 1369 groups.
#scanned instances     = 3052
#unique  instances     = 159
#stdCellGenAp          = 2794
#stdCellValidPlanarAp  = 0
#stdCellValidViaAp     = 2531
#stdCellPinNoAp        = 0
#stdCellPinCnt         = 5975
#instTermValidViaApCnt = 0
#macroGenAp            = 0
#macroValidPlanarAp    = 0
#macroValidViaAp       = 0
#macroNoAp             = 0
[INFO DRT-0166] Complete pin access.
[INFO DRT-0267] cpu time = 00:00:12, elapsed time = 00:00:00, memory = 621.00 (MB), peak = 619.36 (MB)

[INFO DRT-0157] Number of guides:     15412

[INFO DRT-0169] Post process guides.
[INFO DRT-0176] GCELLGRID X 0 DO 47 STEP 16800 ;
[INFO DRT-0177] GCELLGRID Y 0 DO 49 STEP 16800 ;
[INFO DRT-0028]   Complete Poly2.
[INFO DRT-0028]   Complete CON.
[INFO DRT-0028]   Complete Metal1.
[INFO DRT-0028]   Complete Via1.
[INFO DRT-0028]   Complete Metal2.
[INFO DRT-0028]   Complete Via2.
[INFO DRT-0028]   Complete Metal3.
[INFO DRT-0028]   Complete Via3.
[INFO DRT-0028]   Complete Metal4.
[INFO DRT-0028]   Complete Via4.
[INFO DRT-0028]   Complete Metal5.
[INFO DRT-0178] Init guide query.
[INFO DRT-0035]   Complete Poly2 (guide).
[INFO DRT-0035]   Complete CON (guide).
[INFO DRT-0035]   Complete Metal1 (guide).
[INFO DRT-0035]   Complete Via1 (guide).
[INFO DRT-0035]   Complete Metal2 (guide).
[INFO DRT-0035]   Complete Via2 (guide).
[INFO DRT-0035]   Complete Metal3 (guide).
[INFO DRT-0035]   Complete Via3 (guide).
[INFO DRT-0035]   Complete Metal4 (guide).
[INFO DRT-0035]   Complete Via4 (guide).
[INFO DRT-0035]   Complete Metal5 (guide).
[INFO DRT-0036] Poly2 guide region query size = 0.
[INFO DRT-0036] CON guide region query size = 0.
[INFO DRT-0036] Metal1 guide region query size = 5408.
[INFO DRT-0036] Via1 guide region query size = 0.
[INFO DRT-0036] Metal2 guide region query size = 4917.
[INFO DRT-0036] Via2 guide region query size = 0.
[INFO DRT-0036] Metal3 guide region query size = 2474.
[INFO DRT-0036] Via3 guide region query size = 0.
[INFO DRT-0036] Metal4 guide region query size = 51.
[INFO DRT-0036] Via4 guide region query size = 0.
[INFO DRT-0036] Metal5 guide region query size = 14.
[INFO DRT-0179] Init gr pin query.
[INFO DRT-0267] cpu time = 00:00:00, elapsed time = 00:00:00, memory = 621.00 (MB), peak = 619.36 (MB)
[INFO DRT-0245] skipped writing guide updates to database.
[INFO DRT-0185] Post process initialize RPin region query.
[INFO DRT-0181] Start track assignment.
[INFO DRT-0184] Done with 4968 vertical wires in 1 frboxes and 7896 horizontal wires in 1 frboxes.
[INFO DRT-0186] Done with 968 vertical wires in 1 frboxes and 833 horizontal wires in 1 frboxes.
[INFO DRT-0182] Complete track assignment.
[INFO DRT-0267] cpu time = 00:00:04, elapsed time = 00:00:00, memory = 621.00 (MB), peak = 619.36 (MB)
[INFO DRT-0187] Start routing data preparation.
[INFO DRT-0267] cpu time = 00:00:00, elapsed time = 00:00:00, memory = 621.00 (MB), peak = 619.36 (MB)
[INFO DRT-0194] Start detail routing.
[INFO DRT-0195] Start 0th optimization iteration.
    Completing 10% with 0 violations.
    elapsed time = 00:00:00, memory = 621.33 (MB).
    Completing 20% with 0 violations.
    elapsed time = 00:00:00, memory = 621.62 (MB).
    Completing 30% with 0 violations.
    elapsed time = 00:00:00, memory = 621.62 (MB).
    Completing 40% with 1 violations.
    elapsed time = 00:00:00, memory = 627.14 (MB).
    Completing 50% with 1 violations.
    elapsed time = 00:00:00, memory = 627.14 (MB).
    Completing 60% with 5 violations.
    elapsed time = 00:00:00, memory = 628.06 (MB).
    Completing 70% with 5 violations.
    elapsed time = 00:00:00, memory = 628.06 (MB).
    Completing 80% with 5 violations.
    elapsed time = 00:00:00, memory = 628.06 (MB).
    Completing 90% with 5 violations.
    elapsed time = 00:00:00, memory = 628.06 (MB).
    Completing 100% with 6 violations.
    elapsed time = 00:00:00, memory = 628.84 (MB).
[INFO DRT-0199]   Number of violations = 11.
Viol/Layer      Metal2 Metal3
Recheck              2      3
Short                4      2
[INFO DRT-0267] cpu time = 00:00:15, elapsed time = 00:00:00, memory = 708.48 (MB), peak = 706.86 (MB)
Total wire length = 86944 um.
Total wire length on LAYER Metal1 = 0 um.
Total wire length on LAYER Metal2 = 45620 um.
Total wire length on LAYER Metal3 = 38602 um.
Total wire length on LAYER Metal4 = 2080 um.
Total wire length on LAYER Metal5 = 640 um.
Total number of vias = 11524.
Up-via summary (total 11524):

----------------
  Poly2        0
 Metal1     6184
 Metal2     5174
 Metal3      141
 Metal4       25
----------------
       11524


[INFO DRT-0195] Start 1st optimization iteration.
    Completing 10% with 11 violations.
    elapsed time = 00:00:00, memory = 708.48 (MB).
    Completing 20% with 11 violations.
    elapsed time = 00:00:00, memory = 708.48 (MB).
    Completing 30% with 10 violations.
    elapsed time = 00:00:00, memory = 708.48 (MB).
    Completing 40% with 10 violations.
    elapsed time = 00:00:00, memory = 708.48 (MB).
    Completing 50% with 10 violations.
    elapsed time = 00:00:00, memory = 708.48 (MB).
    Completing 60% with 10 violations.
    elapsed time = 00:00:00, memory = 708.49 (MB).
    Completing 70% with 10 violations.
    elapsed time = 00:00:00, memory = 708.49 (MB).
    Completing 80% with 7 violations.
    elapsed time = 00:00:00, memory = 708.51 (MB).
    Completing 90% with 7 violations.
    elapsed time = 00:00:00, memory = 708.51 (MB).
    Completing 100% with 6 violations.
    elapsed time = 00:00:00, memory = 628.98 (MB).
[INFO DRT-0199]   Number of violations = 6.
Viol/Layer      Metal2
Metal Spacing        1
Short                5
[INFO DRT-0267] cpu time = 00:00:15, elapsed time = 00:00:00, memory = 708.50 (MB), peak = 706.98 (MB)
Total wire length = 86941 um.
Total wire length on LAYER Metal1 = 0 um.
Total wire length on LAYER Metal2 = 45619 um.
Total wire length on LAYER Metal3 = 38601 um.
Total wire length on LAYER Metal4 = 2080 um.
Total wire length on LAYER Metal5 = 640 um.
Total number of vias = 11525.
Up-via summary (total 11525):

----------------
  Poly2        0
 Metal1     6184
 Metal2     5175
 Metal3      141
 Metal4       25
----------------
       11525


[INFO DRT-0195] Start 2nd optimization iteration.
    Completing 10% with 6 violations.
    elapsed time = 00:00:00, memory = 708.50 (MB).
    Completing 20% with 6 violations.
    elapsed time = 00:00:00, memory = 708.50 (MB).
    Completing 30% with 2 violations.
    elapsed time = 00:00:00, memory = 708.50 (MB).
    Completing 40% with 2 violations.
    elapsed time = 00:00:00, memory = 708.50 (MB).
    Completing 50% with 2 violations.
    elapsed time = 00:00:00, memory = 708.50 (MB).
    Completing 60% with 2 violations.
    elapsed time = 00:00:00, memory = 708.50 (MB).
    Completing 70% with 2 violations.
    elapsed time = 00:00:00, memory = 708.50 (MB).
    Completing 80% with 2 violations.
    elapsed time = 00:00:00, memory = 708.50 (MB).
    Completing 90% with 2 violations.
    elapsed time = 00:00:00, memory = 708.50 (MB).
    Completing 100% with 2 violations.
    elapsed time = 00:00:00, memory = 708.50 (MB).
[INFO DRT-0199]   Number of violations = 2.
Viol/Layer      Metal2
Short                2
[INFO DRT-0267] cpu time = 00:00:07, elapsed time = 00:00:00, memory = 653.50 (MB), peak = 706.98 (MB)
Total wire length = 86943 um.
Total wire length on LAYER Metal1 = 0 um.
Total wire length on LAYER Metal2 = 45621 um.
Total wire length on LAYER Metal3 = 38601 um.
Total wire length on LAYER Metal4 = 2080 um.
Total wire length on LAYER Metal5 = 640 um.
Total number of vias = 11526.
Up-via summary (total 11526):

----------------
  Poly2        0
 Metal1     6184
 Metal2     5176
 Metal3      141
 Metal4       25
----------------
       11526


[INFO DRT-0195] Start 3rd guides tiles iteration.
    Completing 50% with 2 violations.
    elapsed time = 00:00:00, memory = 653.50 (MB).
    Completing 100% with 0 violations.
    elapsed time = 00:00:00, memory = 653.50 (MB).
[INFO DRT-0199]   Number of violations = 0.
[INFO DRT-0267] cpu time = 00:00:01, elapsed time = 00:00:00, memory = 708.50 (MB), peak = 706.99 (MB)
Total wire length = 86936 um.
Total wire length on LAYER Metal1 = 0 um.
Total wire length on LAYER Metal2 = 45532 um.
Total wire length on LAYER Metal3 = 38602 um.
Total wire length on LAYER Metal4 = 2160 um.
Total wire length on LAYER Metal5 = 640 um.
Total number of vias = 11530.
Up-via summary (total 11530):

----------------
  Poly2        0
 Metal1     6184
 Metal2     5175
 Metal3      146
 Metal4       25
----------------
       11530


[INFO DRT-0198] Complete detail routing.
Total wire length = 86936 um.
Total wire length on LAYER Metal1 = 0 um.
Total wire length on LAYER Metal2 = 45532 um.
Total wire length on LAYER Metal3 = 38602 um.
Total wire length on LAYER Metal4 = 2160 um.
Total wire length on LAYER Metal5 = 640 um.
Total number of vias = 11530.
Up-via summary (total 11530):

----------------
  Poly2        0
 Metal1     6184
 Metal2     5175
 Metal3      146
 Metal4       25
----------------
       11530


[INFO DRT-0267] cpu time = 00:00:40, elapsed time = 00:00:02, memory = 708.50 (MB), peak = 706.99 (MB)

[INFO DRT-0180] Post processing.
+ check_antennas 
[INFO ANT-0002] Found 1 net violations.
[INFO ANT-0001] Found 1 pin violations.
[INFO] Running antenna repair iteration 2…
+ repair_antennas gf180mcu_fd_sc_mcu7t5v0__antenna -ratio_margin 10
[INFO GRT-0012] Found 1 antenna violations.
[INFO GRT-0015] Inserted 1 diodes.
+ detailed_route -droute_end_iter 64 -or_seed 42 -verbose 1 -output_drc /home/sahana/core5_udma/hardening/uart_top/runs/RUN_2026-08-01_22-28-41/46-openroad-detailedrouting/drt-run-2/udma_uart_top.drc
[INFO DRT-0024]   Complete Poly2.
[INFO DRT-0024]   Complete CON.
[INFO DRT-0024]   Complete Metal1.
[INFO DRT-0024]   Complete Via1.
[INFO DRT-0024]   Complete Metal2.
[INFO DRT-0024]   Complete Via2.
[INFO DRT-0024]   Complete Metal3.
[INFO DRT-0024]   Complete Via3.
[INFO DRT-0024]   Complete Metal4.
[INFO DRT-0024]   Complete Via4.
[INFO DRT-0024]   Complete Metal5.
[INFO DRT-0165] Start pin access.
[INFO DRT-0076]   Complete 1000 pins.
[INFO DRT-0078]   Complete 1160 pins.
[INFO DRT-0079]   Complete 100 unique inst patterns.
[INFO DRT-0081]   Complete 156 unique inst patterns.
[INFO DRT-0084]   Complete 1370 groups.
#scanned instances     = 3053
#unique  instances     = 160
#stdCellGenAp          = 2798
#stdCellValidPlanarAp  = 0
#stdCellValidViaAp     = 2535
#stdCellPinNoAp        = 0
#stdCellPinCnt         = 5975
#instTermValidViaApCnt = 0
#macroGenAp            = 0
#macroValidPlanarAp    = 0
#macroValidViaAp       = 0
#macroNoAp             = 0
[INFO DRT-0166] Complete pin access.
[INFO DRT-0267] cpu time = 00:00:12, elapsed time = 00:00:00, memory = 708.50 (MB), peak = 706.99 (MB)

[INFO DRT-0157] Number of guides:     15414

[INFO DRT-0169] Post process guides.
[INFO DRT-0176] GCELLGRID X 0 DO 47 STEP 16800 ;
[INFO DRT-0177] GCELLGRID Y 0 DO 49 STEP 16800 ;
[INFO DRT-0028]   Complete Poly2.
[INFO DRT-0028]   Complete CON.
[INFO DRT-0028]   Complete Metal1.
[INFO DRT-0028]   Complete Via1.
[INFO DRT-0028]   Complete Metal2.
[INFO DRT-0028]   Complete Via2.
[INFO DRT-0028]   Complete Metal3.
[INFO DRT-0028]   Complete Via3.
[INFO DRT-0028]   Complete Metal4.
[INFO DRT-0028]   Complete Via4.
[INFO DRT-0028]   Complete Metal5.
[INFO DRT-0178] Init guide query.
[INFO DRT-0035]   Complete Poly2 (guide).
[INFO DRT-0035]   Complete CON (guide).
[INFO DRT-0035]   Complete Metal1 (guide).
[INFO DRT-0035]   Complete Via1 (guide).
[INFO DRT-0035]   Complete Metal2 (guide).
[INFO DRT-0035]   Complete Via2 (guide).
[INFO DRT-0035]   Complete Metal3 (guide).
[INFO DRT-0035]   Complete Via3 (guide).
[INFO DRT-0035]   Complete Metal4 (guide).
[INFO DRT-0035]   Complete Via4 (guide).
[INFO DRT-0035]   Complete Metal5 (guide).
[INFO DRT-0036] Poly2 guide region query size = 0.
[INFO DRT-0036] CON guide region query size = 0.
[INFO DRT-0036] Metal1 guide region query size = 5409.
[INFO DRT-0036] Via1 guide region query size = 0.
[INFO DRT-0036] Metal2 guide region query size = 4917.
[INFO DRT-0036] Via2 guide region query size = 0.
[INFO DRT-0036] Metal3 guide region query size = 2474.
[INFO DRT-0036] Via3 guide region query size = 0.
[INFO DRT-0036] Metal4 guide region query size = 51.
[INFO DRT-0036] Via4 guide region query size = 0.
[INFO DRT-0036] Metal5 guide region query size = 14.
[INFO DRT-0179] Init gr pin query.
[INFO DRT-0267] cpu time = 00:00:00, elapsed time = 00:00:00, memory = 708.50 (MB), peak = 706.99 (MB)
[INFO DRT-0245] skipped writing guide updates to database.
[INFO DRT-0185] Post process initialize RPin region query.
[INFO DRT-0181] Start track assignment.
[INFO DRT-0184] Done with 4968 vertical wires in 1 frboxes and 7897 horizontal wires in 1 frboxes.
[INFO DRT-0186] Done with 945 vertical wires in 1 frboxes and 837 horizontal wires in 1 frboxes.
[INFO DRT-0182] Complete track assignment.
[INFO DRT-0267] cpu time = 00:00:04, elapsed time = 00:00:00, memory = 708.50 (MB), peak = 706.99 (MB)
[INFO DRT-0187] Start routing data preparation.
[INFO DRT-0267] cpu time = 00:00:00, elapsed time = 00:00:00, memory = 708.50 (MB), peak = 706.99 (MB)
[INFO DRT-0194] Start detail routing.
[INFO DRT-0195] Start 0th optimization iteration.
    Completing 10% with 0 violations.
    elapsed time = 00:00:00, memory = 708.50 (MB).
    Completing 20% with 0 violations.
    elapsed time = 00:00:00, memory = 708.50 (MB).
    Completing 30% with 0 violations.
    elapsed time = 00:00:00, memory = 708.50 (MB).
    Completing 40% with 2 violations.
    elapsed time = 00:00:00, memory = 708.50 (MB).
    Completing 50% with 2 violations.
    elapsed time = 00:00:00, memory = 708.50 (MB).
    Completing 60% with 5 violations.
    elapsed time = 00:00:00, memory = 710.30 (MB).
    Completing 70% with 5 violations.
    elapsed time = 00:00:00, memory = 710.30 (MB).
    Completing 80% with 5 violations.
    elapsed time = 00:00:00, memory = 710.30 (MB).
    Completing 90% with 5 violations.
    elapsed time = 00:00:00, memory = 711.02 (MB).
    Completing 100% with 6 violations.
    elapsed time = 00:00:00, memory = 711.02 (MB).
[INFO DRT-0199]   Number of violations = 9.
Viol/Layer      Metal2 Metal3
Recheck              0      3
Short                4      2
[INFO DRT-0267] cpu time = 00:00:14, elapsed time = 00:00:00, memory = 714.02 (MB), peak = 712.49 (MB)
Total wire length = 86953 um.
Total wire length on LAYER Metal1 = 0 um.
Total wire length on LAYER Metal2 = 45590 um.
Total wire length on LAYER Metal3 = 38611 um.
Total wire length on LAYER Metal4 = 2110 um.
Total wire length on LAYER Metal5 = 640 um.
Total number of vias = 11527.
Up-via summary (total 11527):

----------------
  Poly2        0
 Metal1     6185
 Metal2     5173
 Metal3      144
 Metal4       25
----------------
       11527


[INFO DRT-0195] Start 1st optimization iteration.
    Completing 10% with 9 violations.
    elapsed time = 00:00:00, memory = 714.02 (MB).
    Completing 20% with 9 violations.
    elapsed time = 00:00:00, memory = 714.02 (MB).
    Completing 30% with 4 violations.
    elapsed time = 00:00:00, memory = 714.02 (MB).
    Completing 40% with 4 violations.
    elapsed time = 00:00:00, memory = 714.02 (MB).
    Completing 50% with 4 violations.
    elapsed time = 00:00:00, memory = 714.02 (MB).
    Completing 60% with 4 violations.
    elapsed time = 00:00:00, memory = 714.31 (MB).
    Completing 70% with 4 violations.
    elapsed time = 00:00:00, memory = 714.31 (MB).
    Completing 80% with 1 violations.
    elapsed time = 00:00:00, memory = 714.39 (MB).
    Completing 90% with 1 violations.
    elapsed time = 00:00:00, memory = 714.50 (MB).
    Completing 100% with 1 violations.
    elapsed time = 00:00:00, memory = 714.50 (MB).
[INFO DRT-0199]   Number of violations = 1.
Viol/Layer      Metal2
Short                1
[INFO DRT-0267] cpu time = 00:00:15, elapsed time = 00:00:00, memory = 714.50 (MB), peak = 712.99 (MB)
Total wire length = 86950 um.
Total wire length on LAYER Metal1 = 0 um.
Total wire length on LAYER Metal2 = 45587 um.
Total wire length on LAYER Metal3 = 38612 um.
Total wire length on LAYER Metal4 = 2110 um.
Total wire length on LAYER Metal5 = 640 um.
Total number of vias = 11529.
Up-via summary (total 11529):

----------------
  Poly2        0
 Metal1     6185
 Metal2     5175
 Metal3      144
 Metal4       25
----------------
       11529


[INFO DRT-0195] Start 2nd optimization iteration.
    Completing 10% with 1 violations.
    elapsed time = 00:00:00, memory = 714.50 (MB).
    Completing 20% with 1 violations.
    elapsed time = 00:00:00, memory = 714.50 (MB).
    Completing 30% with 1 violations.
    elapsed time = 00:00:00, memory = 714.50 (MB).
    Completing 40% with 1 violations.
    elapsed time = 00:00:00, memory = 714.50 (MB).
    Completing 50% with 1 violations.
    elapsed time = 00:00:00, memory = 714.50 (MB).
    Completing 60% with 1 violations.
    elapsed time = 00:00:00, memory = 714.50 (MB).
    Completing 70% with 1 violations.
    elapsed time = 00:00:00, memory = 714.50 (MB).
    Completing 80% with 1 violations.
    elapsed time = 00:00:00, memory = 714.50 (MB).
    Completing 90% with 1 violations.
    elapsed time = 00:00:00, memory = 714.50 (MB).
    Completing 100% with 1 violations.
    elapsed time = 00:00:00, memory = 714.50 (MB).
[INFO DRT-0199]   Number of violations = 1.
Viol/Layer      Metal2
Short                1
[INFO DRT-0267] cpu time = 00:00:03, elapsed time = 00:00:00, memory = 714.50 (MB), peak = 712.99 (MB)
Total wire length = 86950 um.
Total wire length on LAYER Metal1 = 0 um.
Total wire length on LAYER Metal2 = 45587 um.
Total wire length on LAYER Metal3 = 38612 um.
Total wire length on LAYER Metal4 = 2110 um.
Total wire length on LAYER Metal5 = 640 um.
Total number of vias = 11529.
Up-via summary (total 11529):

----------------
  Poly2        0
 Metal1     6185
 Metal2     5175
 Metal3      144
 Metal4       25
----------------
       11529


[INFO DRT-0195] Start 3rd guides tiles iteration.
    Completing 100% with 0 violations.
    elapsed time = 00:00:00, memory = 714.79 (MB).
[INFO DRT-0199]   Number of violations = 0.
[INFO DRT-0267] cpu time = 00:00:02, elapsed time = 00:00:00, memory = 714.79 (MB), peak = 713.24 (MB)
Total wire length = 86933 um.
Total wire length on LAYER Metal1 = 0 um.
Total wire length on LAYER Metal2 = 45280 um.
Total wire length on LAYER Metal3 = 38601 um.
Total wire length on LAYER Metal4 = 2410 um.
Total wire length on LAYER Metal5 = 640 um.
Total number of vias = 11532.
Up-via summary (total 11532):

----------------
  Poly2        0
 Metal1     6185
 Metal2     5173
 Metal3      149
 Metal4       25
----------------
       11532


[INFO DRT-0198] Complete detail routing.
Total wire length = 86933 um.
Total wire length on LAYER Metal1 = 0 um.
Total wire length on LAYER Metal2 = 45280 um.
Total wire length on LAYER Metal3 = 38601 um.
Total wire length on LAYER Metal4 = 2410 um.
Total wire length on LAYER Metal5 = 640 um.
Total number of vias = 11532.
Up-via summary (total 11532):

----------------
  Poly2        0
 Metal1     6185
 Metal2     5173
 Metal3      149
 Metal4       25
----------------
       11532


[INFO DRT-0267] cpu time = 00:00:36, elapsed time = 00:00:02, memory = 714.79 (MB), peak = 713.24 (MB)

[INFO DRT-0180] Post processing.
+ check_antennas 
[INFO ANT-0002] Found 0 net violations.
[INFO ANT-0001] Found 0 pin violations.
Setting global connections for newly added cells…
[INFO] Setting global connections...
[INFO ODB-0403] 8 connections made, 0 conflicts skipped.
Updating metrics…
Cell type report:                       Count       Area
  Endcap cell                             194     851.74
  Tap cell                                942    4135.76
  Antenna cell                              2       8.78
  Tie cell                                 33     289.77
  Clock buffer                            119    9439.36
  Timing Repair Buffer                    512   13737.56
  Inverter                                 69     605.88
  Sequential cell                         339   25455.54
  Multi-Input combinational cell          843   17721.85
  Total                                  3053   72246.23
Writing OpenROAD database to '/home/sahana/core5_udma/hardening/uart_top/runs/RUN_2026-08-01_22-28-41/46-openroad-detailedrouting/udma_uart_top.odb'…
Writing netlist to '/home/sahana/core5_udma/hardening/uart_top/runs/RUN_2026-08-01_22-28-41/46-openroad-detailedrouting/udma_uart_top.nl.v'…
Writing powered netlist to '/home/sahana/core5_udma/hardening/uart_top/runs/RUN_2026-08-01_22-28-41/46-openroad-detailedrouting/udma_uart_top.pnl.v'…
Writing layout to '/home/sahana/core5_udma/hardening/uart_top/runs/RUN_2026-08-01_22-28-41/46-openroad-detailedrouting/udma_uart_top.def'…
Writing timing constraints to '/home/sahana/core5_udma/hardening/uart_top/runs/RUN_2026-08-01_22-28-41/46-openroad-detailedrouting/udma_uart_top.sdc'…
