
===========================================================================
report_checks -unconstrained
===========================================================================
======================= nom_tt_025C_5v00 Corner ===================================

Startpoint: rstn_i (input port clocked by clk_i)
Endpoint: _363_ (recovery check against rising-edge clock clk_i)
Path Group: asynchronous
Path Type: max

Fanout         Cap        Slew       Delay        Time   Description
---------------------------------------------------------------------------------------------
                      0.150000    0.000000    0.000000   clock clk_i (rise edge)
                                  0.000000    0.000000   clock network delay (ideal)
                                  4.000000    4.000000 ^ input external delay
    36    0.253310    4.233507    2.362702    6.362702 ^ rstn_i (in)
                                                         rstn_i (net)
                      4.233507    0.000000    6.362702 ^ _363_/RN (gf180mcu_fd_sc_mcu7t5v0__dffrnq_1)
                                              6.362702   data arrival time

                      0.150000   20.000000   20.000000   clock clk_i (rise edge)
                                  0.000000   20.000000   clock network delay (ideal)
                                 -0.250000   19.750002   clock uncertainty
                                  0.000000   19.750002   clock reconvergence pessimism
                                             19.750002 ^ _363_/CLK (gf180mcu_fd_sc_mcu7t5v0__dffrnq_1)
                                 -1.230100   18.519901   library recovery time
                                             18.519901   data required time
---------------------------------------------------------------------------------------------
                                             18.519901   data required time
                                             -6.362702   data arrival time
---------------------------------------------------------------------------------------------
                                             12.157199   slack (MET)


Startpoint: rx_ready_i (input port clocked by clk_i)
Endpoint: err_overflow_o (output port clocked by clk_i)
Path Group: clk_i
Path Type: max

Fanout         Cap        Slew       Delay        Time   Description
---------------------------------------------------------------------------------------------
                      0.150000    0.000000    0.000000   clock clk_i (rise edge)
                                  0.000000    0.000000   clock network delay (ideal)
                                  4.000000    4.000000 v input external delay
     2    0.006780    0.094820    0.041183    4.041183 v rx_ready_i (in)
                                                         rx_ready_i (net)
                      0.094820    0.000000    4.041183 v _257_/A2 (gf180mcu_fd_sc_mcu7t5v0__nor3_1)
     1    0.072910    3.400723    1.940228    5.981411 ^ _257_/ZN (gf180mcu_fd_sc_mcu7t5v0__nor3_1)
                                                         err_overflow_o (net)
                      3.400723    0.000000    5.981411 ^ err_overflow_o (out)
                                              5.981411   data arrival time

                      0.150000   20.000000   20.000000   clock clk_i (rise edge)
                                  0.000000   20.000000   clock network delay (ideal)
                                 -0.250000   19.750002   clock uncertainty
                                  0.000000   19.750002   clock reconvergence pessimism
                                 -4.000000   15.750001   output external delay
                                             15.750001   data required time
---------------------------------------------------------------------------------------------
                                             15.750001   data required time
                                             -5.981411   data arrival time
---------------------------------------------------------------------------------------------
                                              9.768590   slack (MET)




===========================================================================
report_checks --slack_max -0.01
============================================================================
======================= nom_tt_025C_5v00 Corner ===================================

No paths found.


===========================================================================
 report_check_types -max_slew -max_cap -max_fanout -violators
============================================================================
======================= nom_tt_025C_5v00 Corner ===================================

max slew

Pin                                        Limit        Slew       Slack
------------------------------------------------------------------------
rstn_i                                  3.000000    4.233507   -1.233507 (VIOLATED)
_363_/RN                                3.000000    4.233507   -1.233507 (VIOLATED)
_364_/RN                                3.000000    4.233507   -1.233507 (VIOLATED)
_365_/RN                                3.000000    4.233507   -1.233507 (VIOLATED)
_366_/RN                                3.000000    4.233507   -1.233507 (VIOLATED)
_367_/SETN                              3.000000    4.233507   -1.233507 (VIOLATED)
_368_/SETN                              3.000000    4.233507   -1.233507 (VIOLATED)
_369_/SETN                              3.000000    4.233507   -1.233507 (VIOLATED)
_370_/SETN                              3.000000    4.233507   -1.233507 (VIOLATED)
_371_/SETN                              3.000000    4.233507   -1.233507 (VIOLATED)
_372_/SETN                              3.000000    4.233507   -1.233507 (VIOLATED)
_373_/SETN                              3.000000    4.233507   -1.233507 (VIOLATED)
_374_/SETN                              3.000000    4.233507   -1.233507 (VIOLATED)
_375_/RN                                3.000000    4.233507   -1.233507 (VIOLATED)
_376_/RN                                3.000000    4.233507   -1.233507 (VIOLATED)
_377_/RN                                3.000000    4.233507   -1.233507 (VIOLATED)
_378_/RN                                3.000000    4.233507   -1.233507 (VIOLATED)
_379_/RN                                3.000000    4.233507   -1.233507 (VIOLATED)
_380_/RN                                3.000000    4.233507   -1.233507 (VIOLATED)
_381_/RN                                3.000000    4.233507   -1.233507 (VIOLATED)
_382_/RN                                3.000000    4.233507   -1.233507 (VIOLATED)
_383_/RN                                3.000000    4.233507   -1.233507 (VIOLATED)
_384_/RN                                3.000000    4.233507   -1.233507 (VIOLATED)
_385_/RN                                3.000000    4.233507   -1.233507 (VIOLATED)
_386_/RN                                3.000000    4.233507   -1.233507 (VIOLATED)
_387_/RN                                3.000000    4.233507   -1.233507 (VIOLATED)
_388_/RN                                3.000000    4.233507   -1.233507 (VIOLATED)
_389_/RN                                3.000000    4.233507   -1.233507 (VIOLATED)
_390_/RN                                3.000000    4.233507   -1.233507 (VIOLATED)
_391_/RN                                3.000000    4.233507   -1.233507 (VIOLATED)
_392_/RN                                3.000000    4.233507   -1.233507 (VIOLATED)
_393_/RN                                3.000000    4.233507   -1.233507 (VIOLATED)
_394_/RN                                3.000000    4.233507   -1.233507 (VIOLATED)
_395_/RN                                3.000000    4.233507   -1.233507 (VIOLATED)
_396_/SETN                              3.000000    4.233507   -1.233507 (VIOLATED)
_397_/SETN                              3.000000    4.233507   -1.233507 (VIOLATED)
_398_/SETN                              3.000000    4.233507   -1.233507 (VIOLATED)
err_overflow_o                          3.000000    3.400723   -0.400723 (VIOLATED)
_257_/ZN                                3.000000    3.400723   -0.400723 (VIOLATED)

max fanout

Pin                                   Limit Fanout  Slack
---------------------------------------------------------
rstn_i                                   10     36    -26 (VIOLATED)
_259_/ZN                                 10     15     -5 (VIOLATED)
_332_/ZN                                 10     15     -5 (VIOLATED)

max capacitance

Pin                                        Limit         Cap       Slack
------------------------------------------------------------------------
rstn_i                                  0.200000    0.253310   -0.053310 (VIOLATED)



===========================================================================
report_parasitic_annotation -report_unannotated
============================================================================
Found 244 unannotated drivers.
 cfg_bits_i[0]
 cfg_bits_i[1]
 cfg_div_i[0]
 cfg_div_i[10]
 cfg_div_i[11]
 cfg_div_i[12]
 cfg_div_i[13]
 cfg_div_i[14]
 cfg_div_i[15]
 cfg_div_i[1]
 cfg_div_i[2]
 cfg_div_i[3]
 cfg_div_i[4]
 cfg_div_i[5]
 cfg_div_i[6]
 cfg_div_i[7]
 cfg_div_i[8]
 cfg_div_i[9]
 cfg_en_i
 cfg_parity_en_i
 cfg_stop_bits_i
 clk_i
 rstn_i
 rx_i
 rx_ready_i
 _180_/ZN
 _181_/ZN
 _182_/ZN
 _183_/ZN
 _184_/ZN
 _185_/ZN
 _186_/ZN
 _187_/ZN
 _188_/ZN
 _189_/ZN
 _190_/ZN
 _191_/ZN
 _192_/ZN
 _193_/ZN
 _194_/ZN
 _195_/ZN
 _196_/ZN
 _197_/ZN
 _198_/ZN
 _199_/ZN
 _200_/ZN
 _201_/ZN
 _202_/ZN
 _203_/Z
 _204_/Z
 _205_/Z
 _206_/Z
 _207_/ZN
 _208_/ZN
 _209_/ZN
 _210_/ZN
 _211_/Z
 _212_/Z
 _213_/Z
 _214_/Z
 _215_/Z
 _216_/Z
 _217_/Z
 _218_/Z
 _219_/ZN
 _220_/Z
 _221_/Z
 _222_/ZN
 _223_/ZN
 _224_/ZN
 _225_/ZN
 _226_/ZN
 _227_/Z
 _228_/ZN
 _229_/Z
 _230_/ZN
 _231_/Z
 _232_/ZN
 _233_/Z
 _234_/Z
 _235_/Z
 _236_/ZN
 _237_/Z
 _238_/ZN
 _239_/Z
 _240_/ZN
 _241_/ZN
 _242_/ZN
 _243_/Z
 _244_/ZN
 _245_/Z
 _246_/ZN
 _247_/ZN
 _248_/ZN
 _249_/ZN
 _250_/Z
 _251_/Z
 _252_/ZN
 _253_/ZN
 _254_/ZN
 _255_/ZN
 _256_/Z
 _257_/ZN
 _258_/ZN
 _259_/ZN
 _260_/ZN
 _261_/Z
 _262_/ZN
 _263_/Z
 _264_/ZN
 _265_/ZN
 _266_/Z
 _267_/ZN
 _268_/ZN
 _269_/Z
 _270_/ZN
 _271_/Z
 _272_/Z
 _273_/ZN
 _274_/ZN
 _275_/ZN
 _276_/ZN
 _277_/ZN
 _278_/ZN
 _279_/ZN
 _280_/Z
 _281_/ZN
 _282_/Z
 _283_/ZN
 _284_/ZN
 _285_/ZN
 _286_/ZN
 _287_/ZN
 _288_/ZN
 _289_/ZN
 _290_/ZN
 _291_/ZN
 _292_/ZN
 _293_/ZN
 _294_/ZN
 _295_/ZN
 _296_/ZN
 _297_/ZN
 _298_/ZN
 _299_/ZN
 _300_/ZN
 _301_/ZN
 _302_/Z
 _303_/ZN
 _304_/ZN
 _305_/ZN
 _306_/Z
 _307_/Z
 _308_/ZN
 _309_/Z
 _310_/ZN
 _311_/ZN
 _312_/ZN
 _313_/ZN
 _314_/ZN
 _315_/ZN
 _316_/ZN
 _317_/ZN
 _318_/ZN
 _319_/Z
 _320_/ZN
 _321_/ZN
 _322_/ZN
 _323_/ZN
 _324_/ZN
 _325_/ZN
 _326_/ZN
 _327_/Z
 _328_/Z
 _329_/ZN
 _330_/ZN
 _331_/ZN
 _332_/ZN
 _333_/Z
 _334_/Z
 _335_/Z
 _336_/Z
 _337_/ZN
 _338_/ZN
 _339_/Z
 _340_/ZN
 _341_/ZN
 _342_/ZN
 _343_/ZN
 _344_/ZN
 _345_/ZN
 _346_/ZN
 _347_/ZN
 _348_/ZN
 _349_/ZN
 _350_/ZN
 _351_/ZN
 _352_/Z
 _353_/Z
 _354_/ZN
 _355_/ZN
 _356_/ZN
 _357_/ZN
 _358_/ZN
 _359_/ZN
 _360_/ZN
 _361_/ZN
 _362_/ZN
 _363_/Q
 _364_/Q
 _365_/Q
 _366_/Q
 _367_/Q
 _368_/Q
 _369_/Q
 _370_/Q
 _371_/Q
 _372_/Q
 _373_/Q
 _374_/Q
 _375_/Q
 _376_/Q
 _377_/Q
 _378_/Q
 _379_/Q
 _380_/Q
 _381_/Q
 _382_/Q
 _383_/Q
 _384_/Q
 _385_/Q
 _386_/Q
 _387_/Q
 _388_/Q
 _389_/Q
 _390_/Q
 _391_/Q
 _392_/Q
 _393_/Q
 _394_/Q
 _395_/Q
 _396_/Q
 _397_/Q
 _398_/Q
Found 0 partially unannotated drivers.

===========================================================================
max slew violation count 39
max fanout violation count 3
max cap violation count 1
============================================================================

===========================================================================
check_setup -verbose -unconstrained_endpoints -multiple_clock -no_clock -no_input_delay -loops -generated_clocks
===========================================================================
