Clock: sys_clk
Sources: sys_clk_i 
Generated: no
Virtual: yes
Propagated: no
Period: 20.000000

===========================================================================
report_clock_properties
============================================================================
Clock                   Period          Waveform
----------------------------------------------------
sys_clk              20.000000    0.000000 10.000000

===========================================================================
report_clock_latency
============================================================================
Clock sys_clk
rise -> rise
    min     max
0.000000 0.000000 source latency
0.853307         network latency _1808_/CLK
        0.904103 network latency _1939_/CLK
---------------
0.853307 0.904103 latency
        0.050795 skew

fall -> fall
    min     max
0.000000 0.000000 source latency
0.824690         network latency _1808_/CLK
        0.878813 network latency _1939_/CLK
---------------
0.824690 0.878813 latency
        0.054123 skew



===========================================================================
report_clock_min_period
============================================================================
sys_clk period_min = 4.30 fmax = 232.74
Clock: periph_clk
Sources: periph_clk_i 
Generated: no
Virtual: yes
Propagated: no
Period: 20.000000

===========================================================================
report_clock_properties
============================================================================
Clock                   Period          Waveform
----------------------------------------------------
periph_clk           20.000000    0.000000 10.000000

===========================================================================
report_clock_latency
============================================================================
Clock periph_clk
rise -> rise
    min     max
0.000000 0.000000 source latency
0.832743         network latency _1998_/CLK
        0.853655 network latency _2077_/CLK
---------------
0.832743 0.853655 latency
        0.020913 skew

fall -> fall
    min     max
0.000000 0.000000 source latency
0.807451         network latency _1998_/CLK
        0.829973 network latency _2077_/CLK
---------------
0.807451 0.829973 latency
        0.022522 skew



===========================================================================
report_clock_min_period
============================================================================
periph_clk period_min = 6.39 fmax = 156.42
