
===========================================================================
report_checks -unconstrained
===========================================================================
======================= min_tt_025C_5v00 Corner ===================================

Startpoint: _2030_ (rising edge-triggered flip-flop clocked by sys_clk)
Endpoint: _2067_ (recovery check against rising-edge clock sys_clk)
Path Group: asynchronous
Path Type: max

Fanout         Cap        Slew       Delay        Time   Description
---------------------------------------------------------------------------------------------
                                  0.000000    0.000000   clock sys_clk (rise edge)
                                  0.000000    0.000000   clock source latency
     1    0.059845    0.272730    0.146852    0.146852 ^ sys_clk_i (in)
                                                         sys_clk_i (net)
                      0.273018    0.000000    0.146852 ^ clkbuf_0_sys_clk_i/I (gf180mcu_fd_sc_mcu7t5v0__clkbuf_20)
    16    0.160986    0.183984    0.326937    0.473789 ^ clkbuf_0_sys_clk_i/Z (gf180mcu_fd_sc_mcu7t5v0__clkbuf_20)
                                                         clknet_0_sys_clk_i (net)
                      0.184016    0.003888    0.477677 ^ clkbuf_4_7_0_sys_clk_i/I (gf180mcu_fd_sc_mcu7t5v0__clkbuf_2)
     2    0.060022    0.515787    0.500767    0.978443 ^ clkbuf_4_7_0_sys_clk_i/Z (gf180mcu_fd_sc_mcu7t5v0__clkbuf_2)
                                                         clknet_4_7_0_sys_clk_i (net)
                      0.515795    0.001148    0.979591 ^ clkbuf_5_14__f_sys_clk_i/I (gf180mcu_fd_sc_mcu7t5v0__clkbuf_20)
     6    0.040594    0.109827    0.309985    1.289577 ^ clkbuf_5_14__f_sys_clk_i/Z (gf180mcu_fd_sc_mcu7t5v0__clkbuf_20)
                                                         clknet_5_14__leaf_sys_clk_i (net)
                      0.109829    0.001126    1.290702 ^ _2030_/CLK (gf180mcu_fd_sc_mcu7t5v0__dffrnq_1)
     2    0.025841    0.292926    0.828580    2.119282 v _2030_/Q (gf180mcu_fd_sc_mcu7t5v0__dffrnq_1)
                                                         s_uart_rx_clean_fifo (net)
                      0.292932    0.000875    2.120157 v _0923_/A2 (gf180mcu_fd_sc_mcu7t5v0__nor2_1)
     2    0.016136    0.587204    0.413284    2.533441 ^ _0923_/ZN (gf180mcu_fd_sc_mcu7t5v0__nor2_1)
                                                         u_dc_fifo_rx.dst_rstn_i (net)
                      0.587204    0.000131    2.533571 ^ fanout356/I (gf180mcu_fd_sc_mcu7t5v0__clkbuf_1)
     8    0.074952    1.245132    0.929025    3.462596 ^ fanout356/Z (gf180mcu_fd_sc_mcu7t5v0__clkbuf_1)
                                                         net356 (net)
                      1.245150    0.002666    3.465262 ^ fanout352/I (gf180mcu_fd_sc_mcu7t5v0__dlyd_1)
     2    0.013943    0.295152    2.319737    5.784998 ^ fanout352/Z (gf180mcu_fd_sc_mcu7t5v0__dlyd_1)
                                                         net352 (net)
                      0.295152    0.000090    5.785089 ^ load_slew353/I (gf180mcu_fd_sc_mcu7t5v0__buf_3)
     9    0.084715    0.493653    0.478110    6.263198 ^ load_slew353/Z (gf180mcu_fd_sc_mcu7t5v0__buf_3)
                                                         net353 (net)
                      0.493716    0.003072    6.266270 ^ _2067_/SETN (gf180mcu_fd_sc_mcu7t5v0__dffsnq_1)
                                              6.266270   data arrival time

                                 20.000000   20.000000   clock sys_clk (rise edge)
                                  0.000000   20.000000   clock source latency
     1    0.059845    0.272730    0.146851   20.146852 ^ sys_clk_i (in)
                                                         sys_clk_i (net)
                      0.273018    0.000000   20.146852 ^ clkbuf_0_sys_clk_i/I (gf180mcu_fd_sc_mcu7t5v0__clkbuf_20)
    16    0.160986    0.183984    0.326937   20.473789 ^ clkbuf_0_sys_clk_i/Z (gf180mcu_fd_sc_mcu7t5v0__clkbuf_20)
                                                         clknet_0_sys_clk_i (net)
                      0.184016    0.003920   20.477709 ^ clkbuf_4_4_0_sys_clk_i/I (gf180mcu_fd_sc_mcu7t5v0__clkbuf_2)
     2    0.058053    0.500204    0.491674   20.969383 ^ clkbuf_4_4_0_sys_clk_i/Z (gf180mcu_fd_sc_mcu7t5v0__clkbuf_2)
                                                         clknet_4_4_0_sys_clk_i (net)
                      0.500212    0.001172   20.970556 ^ clkbuf_5_8__f_sys_clk_i/I (gf180mcu_fd_sc_mcu7t5v0__clkbuf_20)
     6    0.029293    0.101051    0.300785   21.271341 ^ clkbuf_5_8__f_sys_clk_i/Z (gf180mcu_fd_sc_mcu7t5v0__clkbuf_20)
                                                         clknet_5_8__leaf_sys_clk_i (net)
                      0.101051    0.000082   21.271423 ^ _2067_/CLK (gf180mcu_fd_sc_mcu7t5v0__dffsnq_1)
                                 -0.250000   21.021423   clock uncertainty
                                  0.000000   21.021423   clock reconvergence pessimism
                                 -0.029300   20.992125   library recovery time
                                             20.992125   data required time
---------------------------------------------------------------------------------------------
                                             20.992125   data required time
                                             -6.266270   data arrival time
---------------------------------------------------------------------------------------------
                                             14.725855   slack (MET)


Startpoint: _1968_ (rising edge-triggered flip-flop clocked by periph_clk)
Endpoint: _2078_ (rising edge-triggered flip-flop clocked by periph_clk)
Path Group: periph_clk
Path Type: max

Fanout         Cap        Slew       Delay        Time   Description
---------------------------------------------------------------------------------------------
                                  0.000000    0.000000   clock periph_clk (rise edge)
                                  0.000000    0.000000   clock source latency
     1    0.053634    0.248826    0.131459    0.131459 ^ periph_clk_i (in)
                                                         periph_clk_i (net)
                      0.248881    0.000000    0.131459 ^ clkbuf_0_periph_clk_i/I (gf180mcu_fd_sc_mcu7t5v0__clkbuf_20)
    16    0.132295    0.164280    0.309791    0.441250 ^ clkbuf_0_periph_clk_i/Z (gf180mcu_fd_sc_mcu7t5v0__clkbuf_20)
                                                         clknet_0_periph_clk_i (net)
                      0.164287    0.001826    0.443076 ^ clkbuf_4_1_0_periph_clk_i/I (gf180mcu_fd_sc_mcu7t5v0__clkbuf_2)
     2    0.060159    0.516773    0.497157    0.940233 ^ clkbuf_4_1_0_periph_clk_i/Z (gf180mcu_fd_sc_mcu7t5v0__clkbuf_2)
                                                         clknet_4_1_0_periph_clk_i (net)
                      0.516785    0.001407    0.941639 ^ clkbuf_5_2__f_periph_clk_i/I (gf180mcu_fd_sc_mcu7t5v0__clkbuf_20)
     6    0.032157    0.103729    0.305390    1.247030 ^ clkbuf_5_2__f_periph_clk_i/Z (gf180mcu_fd_sc_mcu7t5v0__clkbuf_20)
                                                         clknet_5_2__leaf_periph_clk_i (net)
                      0.103730    0.000800    1.247830 ^ _1968_/CLK (gf180mcu_fd_sc_mcu7t5v0__dffrnq_1)
    10    0.053670    0.547543    0.994040    2.241870 v _1968_/Q (gf180mcu_fd_sc_mcu7t5v0__dffrnq_1)
                                                         u_uart_rx.CS[1] (net)
                      0.547547    0.000903    2.242773 v _1022_/A2 (gf180mcu_fd_sc_mcu7t5v0__nor3_1)
     2    0.015886    0.892450    0.633214    2.875986 ^ _1022_/ZN (gf180mcu_fd_sc_mcu7t5v0__nor3_1)
                                                         _0800_ (net)
                      0.892450    0.000041    2.876027 ^ max_cap348/I (gf180mcu_fd_sc_mcu7t5v0__clkbuf_1)
     2    0.010901    0.234890    0.368141    3.244168 ^ max_cap348/Z (gf180mcu_fd_sc_mcu7t5v0__clkbuf_1)
                                                         net348 (net)
                      0.234890    0.000105    3.244273 ^ _1025_/A3 (gf180mcu_fd_sc_mcu7t5v0__nand3_1)
     4    0.023529    0.634550    0.380186    3.624459 v _1025_/ZN (gf180mcu_fd_sc_mcu7t5v0__nand3_1)
                                                         _0802_ (net)
                      0.634550    0.000504    3.624963 v _1052_/A1 (gf180mcu_fd_sc_mcu7t5v0__nand4_1)
     1    0.003427    0.327674    0.288201    3.913165 ^ _1052_/ZN (gf180mcu_fd_sc_mcu7t5v0__nand4_1)
                                                         _0829_ (net)
                      0.327674    0.000034    3.913198 ^ _1053_/A3 (gf180mcu_fd_sc_mcu7t5v0__or3_1)
     2    0.010554    0.230369    0.352747    4.265945 ^ _1053_/Z (gf180mcu_fd_sc_mcu7t5v0__or3_1)
                                                         _0830_ (net)
                      0.230369    0.000092    4.266037 ^ _1152_/B (gf180mcu_fd_sc_mcu7t5v0__oai211_1)
     1    0.004556    0.288791    0.247477    4.513514 v _1152_/ZN (gf180mcu_fd_sc_mcu7t5v0__oai211_1)
                                                         _0323_ (net)
                      0.288791    0.000091    4.513606 v fanout229/I (gf180mcu_fd_sc_mcu7t5v0__dlyd_1)
     7    0.050643    0.608831    2.741858    7.255464 v fanout229/Z (gf180mcu_fd_sc_mcu7t5v0__dlyd_1)
                                                         net229 (net)
                      0.608833    0.000951    7.256415 v fanout228/I (gf180mcu_fd_sc_mcu7t5v0__dlyd_1)
    10    0.067905    0.756569    2.968506   10.224921 v fanout228/Z (gf180mcu_fd_sc_mcu7t5v0__dlyd_1)
                                                         net228 (net)
                      0.756570    0.000880   10.225801 v _1161_/A1 (gf180mcu_fd_sc_mcu7t5v0__nor3_1)
     1    0.007109    0.554820    0.487228   10.713030 ^ _1161_/ZN (gf180mcu_fd_sc_mcu7t5v0__nor3_1)
                                                         _0016_ (net)
                      0.554820    0.000166   10.713196 ^ _2078_/D (gf180mcu_fd_sc_mcu7t5v0__dffrnq_1)
                                             10.713196   data arrival time

                                 20.000000   20.000000   clock periph_clk (rise edge)
                                  0.000000   20.000000   clock source latency
     1    0.053634    0.248826    0.131459   20.131460 ^ periph_clk_i (in)
                                                         periph_clk_i (net)
                      0.248881    0.000000   20.131460 ^ clkbuf_0_periph_clk_i/I (gf180mcu_fd_sc_mcu7t5v0__clkbuf_20)
    16    0.132295    0.164280    0.309791   20.441252 ^ clkbuf_0_periph_clk_i/Z (gf180mcu_fd_sc_mcu7t5v0__clkbuf_20)
                                                         clknet_0_periph_clk_i (net)
                      0.164289    0.002135   20.443386 ^ clkbuf_4_13_0_periph_clk_i/I (gf180mcu_fd_sc_mcu7t5v0__clkbuf_2)
     2    0.063167    0.540540    0.510962   20.954348 ^ clkbuf_4_13_0_periph_clk_i/Z (gf180mcu_fd_sc_mcu7t5v0__clkbuf_2)
                                                         clknet_4_13_0_periph_clk_i (net)
                      0.540554    0.001538   20.955887 ^ clkbuf_5_26__f_periph_clk_i/I (gf180mcu_fd_sc_mcu7t5v0__clkbuf_20)
     5    0.026594    0.100622    0.305342   21.261229 ^ clkbuf_5_26__f_periph_clk_i/Z (gf180mcu_fd_sc_mcu7t5v0__clkbuf_20)
                                                         clknet_5_26__leaf_periph_clk_i (net)
                      0.100622    0.000268   21.261496 ^ _2078_/CLK (gf180mcu_fd_sc_mcu7t5v0__dffrnq_1)
                                 -0.250000   21.011497   clock uncertainty
                                  0.000000   21.011497   clock reconvergence pessimism
                                 -0.376732   20.634766   library setup time
                                             20.634766   data required time
---------------------------------------------------------------------------------------------
                                             20.634766   data required time
                                            -10.713196   data arrival time
---------------------------------------------------------------------------------------------
                                              9.921570   slack (MET)


Startpoint: cfg_addr_i[2] (input port clocked by sys_clk)
Endpoint: cfg_data_o[0] (output port clocked by sys_clk)
Path Group: sys_clk
Path Type: max

Fanout         Cap        Slew       Delay        Time   Description
---------------------------------------------------------------------------------------------
                                  0.000000    0.000000   clock sys_clk (rise edge)
                                  0.000000    0.000000   clock network delay (propagated)
                                  2.000000    2.000000 ^ input external delay
     1    0.015309    0.293810    0.146833    2.146833 ^ cfg_addr_i[2] (in)
                                                         cfg_addr_i[2] (net)
                      0.293811    0.000000    2.146833 ^ input3/I (gf180mcu_fd_sc_mcu7t5v0__dlya_1)
     8    0.063370    1.060492    0.981171    3.128004 ^ input3/Z (gf180mcu_fd_sc_mcu7t5v0__dlya_1)
                                                         net3 (net)
                      1.060543    0.004146    3.132149 ^ _1206_/A3 (gf180mcu_fd_sc_mcu7t5v0__nand3_1)
     3    0.012922    0.462352    0.262589    3.394738 v _1206_/ZN (gf180mcu_fd_sc_mcu7t5v0__nand3_1)
                                                         _0352_ (net)
                      0.462352    0.000157    3.394896 v _1210_/A2 (gf180mcu_fd_sc_mcu7t5v0__or2_1)
     3    0.017960    0.284356    0.585955    3.980850 v _1210_/Z (gf180mcu_fd_sc_mcu7t5v0__or2_1)
                                                         _0356_ (net)
                      0.284356    0.000318    3.981168 v _1214_/A4 (gf180mcu_fd_sc_mcu7t5v0__nor4_1)
     1    0.009043    0.848423    0.594419    4.575587 ^ _1214_/ZN (gf180mcu_fd_sc_mcu7t5v0__nor4_1)
                                                         _0360_ (net)
                      0.848423    0.000240    4.575828 ^ wire334/I (gf180mcu_fd_sc_mcu7t5v0__dlyc_1)
     2    0.020261    0.392465    1.737726    6.313553 ^ wire334/Z (gf180mcu_fd_sc_mcu7t5v0__dlyc_1)
                                                         net334 (net)
                      0.392465    0.000311    6.313864 ^ fanout331/I (gf180mcu_fd_sc_mcu7t5v0__buf_3)
    10    0.104332    0.597829    0.550858    6.864722 ^ fanout331/Z (gf180mcu_fd_sc_mcu7t5v0__buf_3)
                                                         net331 (net)
                      0.597829    0.000543    6.865265 ^ _1223_/B1 (gf180mcu_fd_sc_mcu7t5v0__aoi222_1)
     1    0.016921    0.665520    0.387696    7.252961 v _1223_/ZN (gf180mcu_fd_sc_mcu7t5v0__aoi222_1)
                                                         _0369_ (net)
                      0.665520    0.000623    7.253583 v wire311/I (gf180mcu_fd_sc_mcu7t5v0__dlyc_1)
     1    0.009642    0.260956    1.908546    9.162129 v wire311/Z (gf180mcu_fd_sc_mcu7t5v0__dlyc_1)
                                                         net311 (net)
                      0.260956    0.000247    9.162376 v _1229_/A1 (gf180mcu_fd_sc_mcu7t5v0__nand3_1)
     1    0.003870    0.286508    0.180743    9.343120 ^ _1229_/ZN (gf180mcu_fd_sc_mcu7t5v0__nand3_1)
                                                         net113 (net)
                      0.286508    0.000036    9.343156 ^ output113/I (gf180mcu_fd_sc_mcu7t5v0__clkbuf_1)
     1    0.011455    0.233896    0.302677    9.645833 ^ output113/Z (gf180mcu_fd_sc_mcu7t5v0__clkbuf_1)
                                                         net222 (net)
                      0.233896    0.000307    9.646140 ^ wire222/I (gf180mcu_fd_sc_mcu7t5v0__buf_3)
     1    0.079520    0.466351    0.451705   10.097845 ^ wire222/Z (gf180mcu_fd_sc_mcu7t5v0__buf_3)
                                                         cfg_data_o[0] (net)
                      0.466392    0.002426   10.100271 ^ cfg_data_o[0] (out)
                                             10.100271   data arrival time

                                 20.000000   20.000000   clock sys_clk (rise edge)
                                  0.000000   20.000000   clock network delay (propagated)
                                 -0.250000   19.750002   clock uncertainty
                                  0.000000   19.750002   clock reconvergence pessimism
                                 -2.000000   17.750002   output external delay
                                             17.750002   data required time
---------------------------------------------------------------------------------------------
                                             17.750002   data required time
                                            -10.100271   data arrival time
---------------------------------------------------------------------------------------------
                                              7.649730   slack (MET)




===========================================================================
report_checks --slack_max -0.01
============================================================================
======================= min_tt_025C_5v00 Corner ===================================

No paths found.


===========================================================================
 report_check_types -max_slew -max_cap -max_fanout -violators
============================================================================
======================= min_tt_025C_5v00 Corner ===================================

max fanout

Pin                                   Limit Fanout  Slack
---------------------------------------------------------
clkbuf_0_periph_clk_i/Z                  10     16     -6 (VIOLATED)
clkbuf_0_sys_clk_i/Z                     10     16     -6 (VIOLATED)



===========================================================================
report_parasitic_annotation -report_unannotated
============================================================================
Found 47 unannotated drivers.
 data_tx_i[10]
 data_tx_i[11]
 data_tx_i[12]
 data_tx_i[13]
 data_tx_i[14]
 data_tx_i[15]
 data_tx_i[16]
 data_tx_i[17]
 data_tx_i[18]
 data_tx_i[19]
 data_tx_i[20]
 data_tx_i[21]
 data_tx_i[22]
 data_tx_i[23]
 data_tx_i[24]
 data_tx_i[25]
 data_tx_i[26]
 data_tx_i[27]
 data_tx_i[28]
 data_tx_i[29]
 data_tx_i[30]
 data_tx_i[31]
 data_tx_i[8]
 data_tx_i[9]
 clkload0/Z
 clkload1/Z
 clkload10/Z
 clkload11/Z
 clkload12/Z
 clkload13/Z
 clkload14/Z
 clkload15/Z
 clkload16/Z
 clkload17/Z
 clkload18/Z
 clkload19/Z
 clkload2/Z
 clkload20/Z
 clkload21/Z
 clkload22/Z
 clkload3/Z
 clkload4/Z
 clkload5/Z
 clkload6/Z
 clkload7/Z
 clkload8/Z
 clkload9/Z
Found 0 partially unannotated drivers.

===========================================================================
max slew violation count 0
max fanout violation count 2
max cap violation count 0
============================================================================

===========================================================================
check_setup -verbose -unconstrained_endpoints -multiple_clock -no_clock -no_input_delay -loops -generated_clocks
===========================================================================
Warning: There is 1 input port missing set_input_delay.
  rstn_i
