Clock: sys_clk
Sources: sys_clk_i 
Generated: no
Virtual: yes
Propagated: no
Period: 20.000000

===========================================================================
report_clock_properties
============================================================================
Clock                   Period          Waveform
----------------------------------------------------
sys_clk              20.000000    0.000000 10.000000

===========================================================================
report_clock_latency
============================================================================
Clock sys_clk
rise -> rise
    min     max
0.000000 0.000000 source latency
1.271389         network latency _1808_/CLK
        1.326736 network latency _1939_/CLK
---------------
1.271389 1.326736 latency
        0.055347 skew

fall -> fall
    min     max
0.000000 0.000000 source latency
1.245027         network latency _1808_/CLK
        1.305655 network latency _1939_/CLK
---------------
1.245027 1.305655 latency
        0.060628 skew



===========================================================================
report_clock_min_period
============================================================================
sys_clk period_min = 6.28 fmax = 159.17
Clock: periph_clk
Sources: periph_clk_i 
Generated: no
Virtual: yes
Propagated: no
Period: 20.000000

===========================================================================
report_clock_properties
============================================================================
Clock                   Period          Waveform
----------------------------------------------------
periph_clk           20.000000    0.000000 10.000000

===========================================================================
report_clock_latency
============================================================================
Clock periph_clk
rise -> rise
    min     max
0.000000 0.000000 source latency
1.238052         network latency _2035_/CLK
        1.261663 network latency _2077_/CLK
---------------
1.238052 1.261663 latency
        0.023611 skew

fall -> fall
    min     max
0.000000 0.000000 source latency
1.216354         network latency _2035_/CLK
        1.242296 network latency _2077_/CLK
---------------
1.216354 1.242296 latency
        0.025942 skew



===========================================================================
report_clock_min_period
============================================================================
periph_clk period_min = 10.08 fmax = 99.22
