
===========================================================================
report_checks -unconstrained
===========================================================================
======================= nom_ff_n40C_5v50 Corner ===================================

Startpoint: rstn_i (input port clocked by clk_i)
Endpoint: _279_ (recovery check against rising-edge clock clk_i)
Path Group: asynchronous
Path Type: max

Fanout         Cap        Slew       Delay        Time   Description
---------------------------------------------------------------------------------------------
                                  0.000000    0.000000   clock clk_i (rise edge)
                                  0.000000    0.000000   clock network delay (propagated)
                                  4.000000    4.000000 ^ input external delay
     1    0.004572    0.079597    0.030761    4.030761 ^ rstn_i (in)
                                                         rstn_i (net)
                      0.079597    0.000000    4.030761 ^ input22/I (gf180mcu_fd_sc_mcu7t5v0__dlyb_1)
     1    0.004496    0.100157    0.520652    4.551413 ^ input22/Z (gf180mcu_fd_sc_mcu7t5v0__dlyb_1)
                                                         net22 (net)
                      0.100157    0.000053    4.551466 ^ fanout46/I (gf180mcu_fd_sc_mcu7t5v0__dlyb_1)
     7    0.069831    0.775447    0.931066    5.482532 ^ fanout46/Z (gf180mcu_fd_sc_mcu7t5v0__dlyb_1)
                                                         net46 (net)
                      0.775461    0.001858    5.484389 ^ fanout45/I (gf180mcu_fd_sc_mcu7t5v0__dlyb_1)
    10    0.102779    1.126063    1.139929    6.624319 ^ fanout45/Z (gf180mcu_fd_sc_mcu7t5v0__dlyb_1)
                                                         net45 (net)
                      1.126067    0.001285    6.625604 ^ _279_/RN (gf180mcu_fd_sc_mcu7t5v0__dffrnq_1)
                                              6.625604   data arrival time

                                 20.000000   20.000000   clock clk_i (rise edge)
                                  0.000000   20.000000   clock source latency
     1    0.034826    0.114660    0.059353   20.059355 ^ clk_i (in)
                                                         clk_i (net)
                      0.114667    0.000000   20.059355 ^ clkbuf_0_clk_i/I (gf180mcu_fd_sc_mcu7t5v0__clkbuf_16)
     4    0.096398    0.099662    0.186795   20.246149 ^ clkbuf_0_clk_i/Z (gf180mcu_fd_sc_mcu7t5v0__clkbuf_16)
                                                         clknet_0_clk_i (net)
                      0.099665    0.001000   20.247149 ^ clkbuf_2_3__f_clk_i/I (gf180mcu_fd_sc_mcu7t5v0__clkbuf_16)
     9    0.044825    0.070801    0.161675   20.408823 ^ clkbuf_2_3__f_clk_i/Z (gf180mcu_fd_sc_mcu7t5v0__clkbuf_16)
                                                         clknet_2_3__leaf_clk_i (net)
                      0.070801    0.000091   20.408915 ^ _279_/CLK (gf180mcu_fd_sc_mcu7t5v0__dffrnq_1)
                                 -0.250000   20.158915   clock uncertainty
                                  0.000000   20.158915   clock reconvergence pessimism
                                 -0.181354   19.977562   library recovery time
                                             19.977562   data required time
---------------------------------------------------------------------------------------------
                                             19.977562   data required time
                                             -6.625604   data arrival time
---------------------------------------------------------------------------------------------
                                             13.351958   slack (MET)


Startpoint: cfg_en_i (input port clocked by clk_i)
Endpoint: tx_ready_o (output port clocked by clk_i)
Path Group: clk_i
Path Type: max

Fanout         Cap        Slew       Delay        Time   Description
---------------------------------------------------------------------------------------------
                                  0.000000    0.000000   clock clk_i (rise edge)
                                  0.000000    0.000000   clock network delay (propagated)
                                  4.000000    4.000000 ^ input external delay
     1    0.004892    0.082950    0.032884    4.032884 ^ cfg_en_i (in)
                                                         cfg_en_i (net)
                      0.082950    0.000000    4.032884 ^ input19/I (gf180mcu_fd_sc_mcu7t5v0__dlyb_1)
     1    0.005335    0.107911    0.526748    4.559632 ^ input19/Z (gf180mcu_fd_sc_mcu7t5v0__dlyb_1)
                                                         net19 (net)
                      0.107911    0.000060    4.559692 ^ _141_/I (gf180mcu_fd_sc_mcu7t5v0__clkinv_1)
     4    0.021861    0.244913    0.182789    4.742482 v _141_/ZN (gf180mcu_fd_sc_mcu7t5v0__clkinv_1)
                                                         _034_ (net)
                      0.244913    0.000137    4.742619 v _175_/A1 (gf180mcu_fd_sc_mcu7t5v0__nor2_1)
     1    0.004430    0.168250    0.154526    4.897145 ^ _175_/ZN (gf180mcu_fd_sc_mcu7t5v0__nor2_1)
                                                         net34 (net)
                      0.168250    0.000053    4.897198 ^ output34/I (gf180mcu_fd_sc_mcu7t5v0__dlyb_1)
     1    0.074528    0.825628    0.967184    5.864382 ^ output34/Z (gf180mcu_fd_sc_mcu7t5v0__dlyb_1)
                                                         tx_ready_o (net)
                      0.825632    0.000993    5.865375 ^ tx_ready_o (out)
                                              5.865375   data arrival time

                                 20.000000   20.000000   clock clk_i (rise edge)
                                  0.000000   20.000000   clock network delay (propagated)
                                 -0.250000   19.750002   clock uncertainty
                                  0.000000   19.750002   clock reconvergence pessimism
                                 -4.000000   15.750001   output external delay
                                             15.750001   data required time
---------------------------------------------------------------------------------------------
                                             15.750001   data required time
                                             -5.865375   data arrival time
---------------------------------------------------------------------------------------------
                                              9.884626   slack (MET)




===========================================================================
report_checks --slack_max -0.01
============================================================================
======================= nom_ff_n40C_5v50 Corner ===================================

No paths found.


===========================================================================
 report_check_types -max_slew -max_cap -max_fanout -violators
============================================================================
======================= nom_ff_n40C_5v50 Corner ===================================



===========================================================================
report_parasitic_annotation -report_unannotated
============================================================================
Found 2 unannotated drivers.
 clkload0/Z
 clkload1/Z
Found 0 partially unannotated drivers.

===========================================================================
max slew violation count 0
max fanout violation count 0
max cap violation count 0
============================================================================

===========================================================================
check_setup -verbose -unconstrained_endpoints -multiple_clock -no_clock -no_input_delay -loops -generated_clocks
===========================================================================
