Clock: clk_i
Sources: clk_i 
Generated: no
Virtual: yes
Propagated: no
Period: 20.000000

===========================================================================
report_clock_properties
============================================================================
Clock                   Period          Waveform
----------------------------------------------------
clk_i                20.000000    0.000000 10.000000

===========================================================================
report_clock_latency
============================================================================
Clock clk_i
rise -> rise
    min     max
0.000000 0.000000 source latency
0.407137         network latency _282_/CLK
        0.413046 network latency _301_/CLK
---------------
0.407137 0.413046 latency
        0.005909 skew

fall -> fall
    min     max
0.000000 0.000000 source latency
0.374807         network latency _282_/CLK
        0.381092 network latency _301_/CLK
---------------
0.374807 0.381092 latency
        0.006285 skew



===========================================================================
report_clock_min_period
============================================================================
clk_i period_min = 3.66 fmax = 273.50
