                                                                        Cells by Master                                                                         
┏━━━━━━━━━━━━━━━━━━━━━━━━━━━━━━━━━━━━━━━━━━━━━━━━━━━━━━━━━━━━━━━━━━━━━━━━━━━━━━━━━━━━━━━━━━━━━━━━━━━━━━━━━━━━━━━━━━━━━━━━━━━━━━━━━━━━━┳━━━━━━━━━━━━━━━━━━━━━━━━┓
┃ Cell                                                                                                                                ┃ Count                  ┃
┡━━━━━━━━━━━━━━━━━━━━━━━━━━━━━━━━━━━━━━━━━━━━━━━━━━━━━━━━━━━━━━━━━━━━━━━━━━━━━━━━━━━━━━━━━━━━━━━━━━━━━━━━━━━━━━━━━━━━━━━━━━━━━━━━━━━━━╇━━━━━━━━━━━━━━━━━━━━━━━━┩
│ gf180mcu_fd_sc_mcu7t5v0__and2_1                                                                                                     │ 37                     │
│ gf180mcu_fd_sc_mcu7t5v0__and2_2                                                                                                     │ 1                      │
│ gf180mcu_fd_sc_mcu7t5v0__and3_1                                                                                                     │ 16                     │
│ gf180mcu_fd_sc_mcu7t5v0__and4_1                                                                                                     │ 6                      │
│ gf180mcu_fd_sc_mcu7t5v0__aoi211_1                                                                                                   │ 10                     │
│ gf180mcu_fd_sc_mcu7t5v0__aoi21_1                                                                                                    │ 52                     │
│ gf180mcu_fd_sc_mcu7t5v0__aoi221_1                                                                                                   │ 9                      │
│ gf180mcu_fd_sc_mcu7t5v0__aoi222_1                                                                                                   │ 13                     │
│ gf180mcu_fd_sc_mcu7t5v0__aoi22_1                                                                                                    │ 43                     │
│ gf180mcu_fd_sc_mcu7t5v0__buf_1                                                                                                      │ 2                      │
│ gf180mcu_fd_sc_mcu7t5v0__buf_2                                                                                                      │ 12                     │
│ gf180mcu_fd_sc_mcu7t5v0__buf_4                                                                                                      │ 4                      │
│ gf180mcu_fd_sc_mcu7t5v0__clkbuf_1                                                                                                   │ 2                      │
│ gf180mcu_fd_sc_mcu7t5v0__clkbuf_16                                                                                                  │ 66                     │
│ gf180mcu_fd_sc_mcu7t5v0__clkbuf_2                                                                                                   │ 27                     │
│ gf180mcu_fd_sc_mcu7t5v0__clkbuf_3                                                                                                   │ 2                      │
│ gf180mcu_fd_sc_mcu7t5v0__clkbuf_8                                                                                                   │ 32                     │
│ gf180mcu_fd_sc_mcu7t5v0__clkinv_1                                                                                                   │ 69                     │
│ gf180mcu_fd_sc_mcu7t5v0__dffrnq_1                                                                                                   │ 304                    │
│ gf180mcu_fd_sc_mcu7t5v0__dffsnq_1                                                                                                   │ 35                     │
│ gf180mcu_fd_sc_mcu7t5v0__dlya_1                                                                                                     │ 23                     │
│ gf180mcu_fd_sc_mcu7t5v0__dlyb_1                                                                                                     │ 273                    │
│ gf180mcu_fd_sc_mcu7t5v0__dlyc_1                                                                                                     │ 16                     │
│ gf180mcu_fd_sc_mcu7t5v0__endcap                                                                                                     │ 194                    │
│ gf180mcu_fd_sc_mcu7t5v0__fill_1                                                                                                     │ 879                    │
│ gf180mcu_fd_sc_mcu7t5v0__fill_2                                                                                                     │ 885                    │
│ gf180mcu_fd_sc_mcu7t5v0__fillcap_16                                                                                                 │ 448                    │
│ gf180mcu_fd_sc_mcu7t5v0__fillcap_32                                                                                                 │ 232                    │
│ gf180mcu_fd_sc_mcu7t5v0__fillcap_4                                                                                                  │ 873                    │
│ gf180mcu_fd_sc_mcu7t5v0__fillcap_64                                                                                                 │ 134                    │
│ gf180mcu_fd_sc_mcu7t5v0__fillcap_8                                                                                                  │ 640                    │
│ gf180mcu_fd_sc_mcu7t5v0__filltie                                                                                                    │ 942                    │
│ gf180mcu_fd_sc_mcu7t5v0__mux2_2                                                                                                     │ 178                    │
│ gf180mcu_fd_sc_mcu7t5v0__mux4_1                                                                                                     │ 8                      │
│ gf180mcu_fd_sc_mcu7t5v0__nand2_1                                                                                                    │ 157                    │
│ gf180mcu_fd_sc_mcu7t5v0__nand3_1                                                                                                    │ 56                     │
│ gf180mcu_fd_sc_mcu7t5v0__nand4_1                                                                                                    │ 13                     │
│ gf180mcu_fd_sc_mcu7t5v0__nor2_1                                                                                                     │ 68                     │
│ gf180mcu_fd_sc_mcu7t5v0__nor3_1                                                                                                     │ 28                     │
│ gf180mcu_fd_sc_mcu7t5v0__nor3_2                                                                                                     │ 1                      │
│ gf180mcu_fd_sc_mcu7t5v0__nor4_1                                                                                                     │ 11                     │
│ gf180mcu_fd_sc_mcu7t5v0__oai211_1                                                                                                   │ 9                      │
│ gf180mcu_fd_sc_mcu7t5v0__oai21_1                                                                                                    │ 52                     │
│ gf180mcu_fd_sc_mcu7t5v0__oai221_1                                                                                                   │ 2                      │
│ gf180mcu_fd_sc_mcu7t5v0__oai22_1                                                                                                    │ 3                      │
│ gf180mcu_fd_sc_mcu7t5v0__oai31_1                                                                                                    │ 2                      │
│ gf180mcu_fd_sc_mcu7t5v0__oai32_1                                                                                                    │ 3                      │
│ gf180mcu_fd_sc_mcu7t5v0__or2_1                                                                                                      │ 5                      │
│ gf180mcu_fd_sc_mcu7t5v0__or3_1                                                                                                      │ 6                      │
│ gf180mcu_fd_sc_mcu7t5v0__or4_1                                                                                                      │ 1                      │
│ gf180mcu_fd_sc_mcu7t5v0__tieh                                                                                                       │ 1                      │
│ gf180mcu_fd_sc_mcu7t5v0__tiel                                                                                                       │ 32                     │
│ gf180mcu_fd_sc_mcu7t5v0__xnor2_1                                                                                                    │ 13                     │
│ gf180mcu_fd_sc_mcu7t5v0__xor2_1                                                                                                     │ 40                     │
└─────────────────────────────────────────────────────────────────────────────────────────────────────────────────────────────────────┴────────────────────────┘
