
===========================================================================
report_checks -unconstrained
===========================================================================
======================= nom_tt_025C_5v00 Corner ===================================

Startpoint: _2030_ (rising edge-triggered flip-flop clocked by sys_clk)
Endpoint: _2067_ (recovery check against rising-edge clock sys_clk)
Path Group: asynchronous
Path Type: max

Fanout         Cap        Slew       Delay        Time   Description
---------------------------------------------------------------------------------------------
                      0.150000    0.000000    0.000000   clock sys_clk (rise edge)
                                  0.000000    0.000000   clock network delay (ideal)
                      0.150000    0.000000    0.000000 ^ _2030_/CLK (gf180mcu_fd_sc_mcu7t5v0__dffrnq_1)
     2    0.015213    0.200962    0.769532    0.769532 v _2030_/Q (gf180mcu_fd_sc_mcu7t5v0__dffrnq_1)
                                                         s_uart_rx_clean_fifo (net)
                      0.200962    0.000312    0.769844 v _0923_/A2 (gf180mcu_fd_sc_mcu7t5v0__nor2_1)
     2    0.010283    0.416776    0.301145    1.070988 ^ _0923_/ZN (gf180mcu_fd_sc_mcu7t5v0__nor2_1)
                                                         u_dc_fifo_rx.dst_rstn_i (net)
                      0.416776    0.000011    1.070999 ^ fanout281/I (gf180mcu_fd_sc_mcu7t5v0__dlyb_1)
     8    0.059401    1.002781    1.412364    2.483363 ^ fanout281/Z (gf180mcu_fd_sc_mcu7t5v0__dlyb_1)
                                                         net281 (net)
                      1.002784    0.001111    2.484474 ^ fanout279/I (gf180mcu_fd_sc_mcu7t5v0__dlyb_1)
    10    0.082984    1.380064    1.631574    4.116048 ^ fanout279/Z (gf180mcu_fd_sc_mcu7t5v0__dlyb_1)
                                                         net279 (net)
                      1.380064    0.001203    4.117251 ^ _2067_/SETN (gf180mcu_fd_sc_mcu7t5v0__dffsnq_1)
                                              4.117251   data arrival time

                      0.150000   20.000000   20.000000   clock sys_clk (rise edge)
                                  0.000000   20.000000   clock network delay (ideal)
                                 -0.250000   19.750002   clock uncertainty
                                  0.000000   19.750002   clock reconvergence pessimism
                                             19.750002 ^ _2067_/CLK (gf180mcu_fd_sc_mcu7t5v0__dffsnq_1)
                                 -0.205851   19.544149   library recovery time
                                             19.544149   data required time
---------------------------------------------------------------------------------------------
                                             19.544149   data required time
                                             -4.117251   data arrival time
---------------------------------------------------------------------------------------------
                                             15.426899   slack (MET)


Startpoint: _2019_ (rising edge-triggered flip-flop clocked by periph_clk)
Endpoint: _2008_ (rising edge-triggered flip-flop clocked by periph_clk)
Path Group: periph_clk
Path Type: max

Fanout         Cap        Slew       Delay        Time   Description
---------------------------------------------------------------------------------------------
                      0.150000    0.000000    0.000000   clock periph_clk (rise edge)
                                  0.000000    0.000000   clock network delay (ideal)
                      0.150000    0.000000    0.000000 ^ _2019_/CLK (gf180mcu_fd_sc_mcu7t5v0__dffrnq_1)
     3    0.016029    0.207770    0.775150    0.775150 v _2019_/Q (gf180mcu_fd_sc_mcu7t5v0__dffrnq_1)
                                                         r_uart_en_rx_sync[2] (net)
                      0.207770    0.000065    0.775215 v _0911_/I (gf180mcu_fd_sc_mcu7t5v0__clkinv_1)
     5    0.027101    0.478900    0.338685    1.113900 ^ _0911_/ZN (gf180mcu_fd_sc_mcu7t5v0__clkinv_1)
                                                         _0706_ (net)
                      0.478900    0.000050    1.113950 ^ _1739_/B2 (gf180mcu_fd_sc_mcu7t5v0__aoi22_1)
     1    0.003868    0.282120    0.191694    1.305644 v _1739_/ZN (gf180mcu_fd_sc_mcu7t5v0__aoi22_1)
                                                         _0642_ (net)
                      0.282120    0.000017    1.305661 v fanout261/I (gf180mcu_fd_sc_mcu7t5v0__dlyb_1)
     7    0.057811    0.671500    1.439131    2.744793 v fanout261/Z (gf180mcu_fd_sc_mcu7t5v0__dlyb_1)
                                                         net261 (net)
                      0.671500    0.000503    2.745295 v fanout260/I (gf180mcu_fd_sc_mcu7t5v0__dlyb_1)
     9    0.084575    0.904850    1.744797    4.490092 v fanout260/Z (gf180mcu_fd_sc_mcu7t5v0__dlyb_1)
                                                         net260 (net)
                      0.904858    0.001477    4.491569 v fanout259/I (gf180mcu_fd_sc_mcu7t5v0__dlyb_1)
     7    0.040737    0.524877    1.542507    6.034076 v fanout259/Z (gf180mcu_fd_sc_mcu7t5v0__dlyb_1)
                                                         net259 (net)
                      0.524877    0.000090    6.034165 v fanout258/I (gf180mcu_fd_sc_mcu7t5v0__dlyb_1)
    10    0.063581    0.719511    1.563436    7.597601 v fanout258/Z (gf180mcu_fd_sc_mcu7t5v0__dlyb_1)
                                                         net258 (net)
                      0.719511    0.000060    7.597661 v _1757_/S (gf180mcu_fd_sc_mcu7t5v0__mux2_2)
     1    0.003790    0.115359    0.512761    8.110421 ^ _1757_/Z (gf180mcu_fd_sc_mcu7t5v0__mux2_2)
                                                         _0282_ (net)
                      0.115359    0.000012    8.110433 ^ _2008_/D (gf180mcu_fd_sc_mcu7t5v0__dffrnq_1)
                                              8.110433   data arrival time

                      0.150000   20.000000   20.000000   clock periph_clk (rise edge)
                                  0.000000   20.000000   clock network delay (ideal)
                                 -0.250000   19.750002   clock uncertainty
                                  0.000000   19.750002   clock reconvergence pessimism
                                             19.750002 ^ _2008_/CLK (gf180mcu_fd_sc_mcu7t5v0__dffrnq_1)
                                 -0.290272   19.459730   library setup time
                                             19.459730   data required time
---------------------------------------------------------------------------------------------
                                             19.459730   data required time
                                             -8.110433   data arrival time
---------------------------------------------------------------------------------------------
                                             11.349298   slack (MET)


Startpoint: cfg_rwn_i (input port clocked by sys_clk)
Endpoint: cfg_data_o[23] (output port clocked by sys_clk)
Path Group: sys_clk
Path Type: max

Fanout         Cap        Slew       Delay        Time   Description
---------------------------------------------------------------------------------------------
                      0.150000    0.000000    0.000000   clock sys_clk (rise edge)
                                  0.000000    0.000000   clock network delay (ideal)
                                  4.000000    4.000000 v input external delay
     1    0.005989    0.084815    0.036477    4.036477 v cfg_rwn_i (in)
                                                         cfg_rwn_i (net)
                      0.084815    0.000000    4.036477 v input38/I (gf180mcu_fd_sc_mcu7t5v0__dlyb_1)
     8    0.043945    0.551880    1.279109    5.315586 v input38/Z (gf180mcu_fd_sc_mcu7t5v0__dlyb_1)
                                                         net38 (net)
                      0.551887    0.001250    5.316835 v _1085_/A1 (gf180mcu_fd_sc_mcu7t5v0__nand3_1)
     5    0.021562    0.619682    0.473022    5.789858 ^ _1085_/ZN (gf180mcu_fd_sc_mcu7t5v0__nand3_1)
                                                         _0291_ (net)
                      0.619682    0.000055    5.789912 ^ _1086_/A2 (gf180mcu_fd_sc_mcu7t5v0__nor2_1)
     4    0.016356    0.386994    0.312500    6.102412 v _1086_/ZN (gf180mcu_fd_sc_mcu7t5v0__nor2_1)
                                                         _0292_ (net)
                      0.386994    0.000008    6.102420 v _1087_/A2 (gf180mcu_fd_sc_mcu7t5v0__and2_1)
     1    0.006708    0.140009    0.362140    6.464560 v _1087_/Z (gf180mcu_fd_sc_mcu7t5v0__and2_1)
                                                         _0293_ (net)
                      0.140009    0.000078    6.464638 v fanout272/I (gf180mcu_fd_sc_mcu7t5v0__dlyb_1)
     9    0.080796    0.870796    1.532100    7.996738 v fanout272/Z (gf180mcu_fd_sc_mcu7t5v0__dlyb_1)
                                                         net272 (net)
                      0.870802    0.001310    7.998048 v fanout271/I (gf180mcu_fd_sc_mcu7t5v0__dlyb_1)
     7    0.032623    0.455366    1.473027    9.471075 v fanout271/Z (gf180mcu_fd_sc_mcu7t5v0__dlyb_1)
                                                         net271 (net)
                      0.455366    0.000131    9.471207 v fanout270/I (gf180mcu_fd_sc_mcu7t5v0__dlyb_1)
    10    0.041598    0.532115    1.392490   10.863696 v fanout270/Z (gf180mcu_fd_sc_mcu7t5v0__dlyb_1)
                                                         net270 (net)
                      0.532115    0.000011   10.863707 v _1095_/A2 (gf180mcu_fd_sc_mcu7t5v0__and2_1)
     1    0.010049    0.173757    0.429836   11.293543 v _1095_/Z (gf180mcu_fd_sc_mcu7t5v0__and2_1)
                                                         net128 (net)
                      0.173757    0.000222   11.293764 v output128/I (gf180mcu_fd_sc_mcu7t5v0__dlyb_1)
     1    0.073383    0.831386    1.498609   12.792374 v output128/Z (gf180mcu_fd_sc_mcu7t5v0__dlyb_1)
                                                         cfg_data_o[23] (net)
                      0.831386    0.000161   12.792535 v cfg_data_o[23] (out)
                                             12.792535   data arrival time

                      0.150000   20.000000   20.000000   clock sys_clk (rise edge)
                                  0.000000   20.000000   clock network delay (ideal)
                                 -0.250000   19.750002   clock uncertainty
                                  0.000000   19.750002   clock reconvergence pessimism
                                 -4.000000   15.750001   output external delay
                                             15.750001   data required time
---------------------------------------------------------------------------------------------
                                             15.750001   data required time
                                            -12.792535   data arrival time
---------------------------------------------------------------------------------------------
                                              2.957466   slack (MET)




===========================================================================
report_checks --slack_max -0.01
============================================================================
======================= nom_tt_025C_5v00 Corner ===================================

No paths found.


===========================================================================
 report_check_types -max_slew -max_cap -max_fanout -violators
============================================================================
======================= nom_tt_025C_5v00 Corner ===================================



===========================================================================
report_parasitic_annotation -report_unannotated
============================================================================
Found 146 unannotated drivers.
 data_tx_i[10]
 data_tx_i[11]
 data_tx_i[12]
 data_tx_i[13]
 data_tx_i[14]
 data_tx_i[15]
 data_tx_i[16]
 data_tx_i[17]
 data_tx_i[18]
 data_tx_i[19]
 data_tx_i[20]
 data_tx_i[21]
 data_tx_i[22]
 data_tx_i[23]
 data_tx_i[24]
 data_tx_i[25]
 data_tx_i[26]
 data_tx_i[27]
 data_tx_i[28]
 data_tx_i[29]
 data_tx_i[30]
 data_tx_i[31]
 data_tx_i[8]
 data_tx_i[9]
 periph_clk_i
 sys_clk_i
 clkbuf_0_periph_clk_i/Z
 clkbuf_0_sys_clk_i/Z
 clkbuf_4_0_0_periph_clk_i/Z
 clkbuf_4_0_0_sys_clk_i/Z
 clkbuf_4_10_0_periph_clk_i/Z
 clkbuf_4_10_0_sys_clk_i/Z
 clkbuf_4_11_0_periph_clk_i/Z
 clkbuf_4_11_0_sys_clk_i/Z
 clkbuf_4_12_0_periph_clk_i/Z
 clkbuf_4_12_0_sys_clk_i/Z
 clkbuf_4_13_0_periph_clk_i/Z
 clkbuf_4_13_0_sys_clk_i/Z
 clkbuf_4_14_0_periph_clk_i/Z
 clkbuf_4_14_0_sys_clk_i/Z
 clkbuf_4_15_0_periph_clk_i/Z
 clkbuf_4_15_0_sys_clk_i/Z
 clkbuf_4_1_0_periph_clk_i/Z
 clkbuf_4_1_0_sys_clk_i/Z
 clkbuf_4_2_0_periph_clk_i/Z
 clkbuf_4_2_0_sys_clk_i/Z
 clkbuf_4_3_0_periph_clk_i/Z
 clkbuf_4_3_0_sys_clk_i/Z
 clkbuf_4_4_0_periph_clk_i/Z
 clkbuf_4_4_0_sys_clk_i/Z
 clkbuf_4_5_0_periph_clk_i/Z
 clkbuf_4_5_0_sys_clk_i/Z
 clkbuf_4_6_0_periph_clk_i/Z
 clkbuf_4_6_0_sys_clk_i/Z
 clkbuf_4_7_0_periph_clk_i/Z
 clkbuf_4_7_0_sys_clk_i/Z
 clkbuf_4_8_0_periph_clk_i/Z
 clkbuf_4_8_0_sys_clk_i/Z
 clkbuf_4_9_0_periph_clk_i/Z
 clkbuf_4_9_0_sys_clk_i/Z
 clkbuf_5_0__f_periph_clk_i/Z
 clkbuf_5_0__f_sys_clk_i/Z
 clkbuf_5_10__f_periph_clk_i/Z
 clkbuf_5_10__f_sys_clk_i/Z
 clkbuf_5_11__f_periph_clk_i/Z
 clkbuf_5_11__f_sys_clk_i/Z
 clkbuf_5_12__f_periph_clk_i/Z
 clkbuf_5_12__f_sys_clk_i/Z
 clkbuf_5_13__f_periph_clk_i/Z
 clkbuf_5_13__f_sys_clk_i/Z
 clkbuf_5_14__f_periph_clk_i/Z
 clkbuf_5_14__f_sys_clk_i/Z
 clkbuf_5_15__f_periph_clk_i/Z
 clkbuf_5_15__f_sys_clk_i/Z
 clkbuf_5_16__f_periph_clk_i/Z
 clkbuf_5_16__f_sys_clk_i/Z
 clkbuf_5_17__f_periph_clk_i/Z
 clkbuf_5_17__f_sys_clk_i/Z
 clkbuf_5_18__f_periph_clk_i/Z
 clkbuf_5_18__f_sys_clk_i/Z
 clkbuf_5_19__f_periph_clk_i/Z
 clkbuf_5_19__f_sys_clk_i/Z
 clkbuf_5_1__f_periph_clk_i/Z
 clkbuf_5_1__f_sys_clk_i/Z
 clkbuf_5_20__f_periph_clk_i/Z
 clkbuf_5_20__f_sys_clk_i/Z
 clkbuf_5_21__f_periph_clk_i/Z
 clkbuf_5_21__f_sys_clk_i/Z
 clkbuf_5_22__f_periph_clk_i/Z
 clkbuf_5_22__f_sys_clk_i/Z
 clkbuf_5_23__f_periph_clk_i/Z
 clkbuf_5_23__f_sys_clk_i/Z
 clkbuf_5_24__f_periph_clk_i/Z
 clkbuf_5_24__f_sys_clk_i/Z
 clkbuf_5_25__f_periph_clk_i/Z
 clkbuf_5_25__f_sys_clk_i/Z
 clkbuf_5_26__f_periph_clk_i/Z
 clkbuf_5_26__f_sys_clk_i/Z
 clkbuf_5_27__f_periph_clk_i/Z
 clkbuf_5_27__f_sys_clk_i/Z
 clkbuf_5_28__f_periph_clk_i/Z
 clkbuf_5_28__f_sys_clk_i/Z
 clkbuf_5_29__f_periph_clk_i/Z
 clkbuf_5_29__f_sys_clk_i/Z
 clkbuf_5_2__f_periph_clk_i/Z
 clkbuf_5_2__f_sys_clk_i/Z
 clkbuf_5_30__f_periph_clk_i/Z
 clkbuf_5_30__f_sys_clk_i/Z
 clkbuf_5_31__f_periph_clk_i/Z
 clkbuf_5_31__f_sys_clk_i/Z
 clkbuf_5_3__f_periph_clk_i/Z
 clkbuf_5_3__f_sys_clk_i/Z
 clkbuf_5_4__f_periph_clk_i/Z
 clkbuf_5_4__f_sys_clk_i/Z
 clkbuf_5_5__f_periph_clk_i/Z
 clkbuf_5_5__f_sys_clk_i/Z
 clkbuf_5_6__f_periph_clk_i/Z
 clkbuf_5_6__f_sys_clk_i/Z
 clkbuf_5_7__f_periph_clk_i/Z
 clkbuf_5_7__f_sys_clk_i/Z
 clkbuf_5_8__f_periph_clk_i/Z
 clkbuf_5_8__f_sys_clk_i/Z
 clkbuf_5_9__f_periph_clk_i/Z
 clkbuf_5_9__f_sys_clk_i/Z
 clkload0/Z
 clkload1/Z
 clkload10/Z
 clkload11/Z
 clkload12/Z
 clkload13/Z
 clkload14/Z
 clkload15/Z
 clkload16/Z
 clkload17/Z
 clkload18/Z
 clkload19/Z
 clkload2/Z
 clkload20/Z
 clkload21/Z
 clkload3/Z
 clkload4/Z
 clkload5/Z
 clkload6/Z
 clkload7/Z
 clkload8/Z
 clkload9/Z
Found 0 partially unannotated drivers.

===========================================================================
max slew violation count 0
Writing metric design__max_slew_violation__count__corner:nom_tt_025C_5v00: 0
max fanout violation count 0
Writing metric design__max_fanout_violation__count__corner:nom_tt_025C_5v00: 0
max cap violation count 0
Writing metric design__max_cap_violation__count__corner:nom_tt_025C_5v00: 0
============================================================================

===========================================================================
check_setup -verbose -unconstrained_endpoints -multiple_clock -no_clock -no_input_delay -loops -generated_clocks
===========================================================================
Warning: There is 1 input port missing set_input_delay.
  rstn_i
