Clock: sys_clk
Sources: sys_clk_i 
Generated: no
Virtual: yes
Propagated: no
Period: 20.000000

===========================================================================
report_clock_properties
============================================================================
Clock                   Period          Waveform
----------------------------------------------------
sys_clk              20.000000    0.000000 10.000000

===========================================================================
report_clock_latency
============================================================================
Clock sys_clk
rise -> rise
    min     max
0.000000 0.000000 source latency
2.178998         network latency _2027_/CLK
        2.227960 network latency _1994_/CLK
---------------
2.178998 2.227960 latency
        0.048962 skew

fall -> fall
    min     max
0.000000 0.000000 source latency
2.117838         network latency _2027_/CLK
        2.172961 network latency _1994_/CLK
---------------
2.117838 2.172961 latency
        0.055123 skew



===========================================================================
report_clock_min_period
============================================================================
sys_clk period_min = 13.19 fmax = 75.83
Clock: periph_clk
Sources: periph_clk_i 
Generated: no
Virtual: yes
Propagated: no
Period: 20.000000

===========================================================================
report_clock_properties
============================================================================
Clock                   Period          Waveform
----------------------------------------------------
periph_clk           20.000000    0.000000 10.000000

===========================================================================
report_clock_latency
============================================================================
Clock periph_clk
rise -> rise
    min     max
0.000000 0.000000 source latency
2.166695         network latency _2053_/CLK
        2.237742 network latency _1888_/CLK
---------------
2.166695 2.237742 latency
        0.071047 skew

fall -> fall
    min     max
0.000000 0.000000 source latency
2.104185         network latency _2053_/CLK
        2.182559 network latency _1888_/CLK
---------------
2.104185 2.182559 latency
        0.078374 skew



===========================================================================
report_clock_min_period
============================================================================
periph_clk period_min = 14.11 fmax = 70.86
