
===========================================================================
Violator List
============================================================================
[setup in-out] cfg_addr_i[3] -> cfg_data_o[1] : -3.807239
[setup in-out] cfg_addr_i[3] -> cfg_data_o[4] : -2.932879
[setup in-out] cfg_addr_i[3] -> cfg_data_o[9] : -2.869779
[setup in-out] cfg_addr_i[3] -> cfg_data_o[5] : -2.860576
[setup in-out] cfg_addr_i[3] -> cfg_data_o[8] : -2.831445
[setup in-out] cfg_addr_i[2] -> cfg_data_o[22] : -2.747221
[setup in-out] cfg_addr_i[2] -> cfg_data_o[24] : -2.745098
[setup in-out] cfg_addr_i[3] -> cfg_data_o[2] : -2.692724
[setup in-out] cfg_addr_i[2] -> cfg_data_o[19] : -2.640041
[setup in-out] cfg_addr_i[2] -> cfg_data_o[25] : -2.634288
[setup in-out] cfg_addr_i[2] -> cfg_data_o[23] : -2.591032
[setup in-out] cfg_addr_i[2] -> cfg_data_o[27] : -2.589077
[setup in-out] cfg_addr_i[3] -> cfg_data_o[3] : -2.586260
[setup in-out] cfg_addr_i[2] -> cfg_data_o[26] : -2.584562
[setup in-out] cfg_addr_i[2] -> cfg_data_o[21] : -2.564576
[setup in-out] cfg_addr_i[2] -> cfg_data_o[20] : -2.556654
[setup in-out] cfg_addr_i[3] -> cfg_data_o[7] : -2.549259
[setup in-out] cfg_addr_i[2] -> cfg_data_o[16] : -2.535469
[setup in-out] cfg_addr_i[3] -> cfg_data_o[6] : -2.520777
[setup in-out] cfg_addr_i[3] -> cfg_data_o[0] : -2.510131
[setup in-out] cfg_addr_i[3] -> cfg_data_o[14] : -2.463590
[setup in-out] cfg_addr_i[3] -> cfg_data_o[15] : -2.459080
[setup in-out] cfg_addr_i[3] -> cfg_data_o[10] : -2.434236
[setup in-out] cfg_addr_i[3] -> cfg_data_o[13] : -2.412639
[setup in-out] cfg_addr_i[3] -> cfg_data_o[12] : -2.368740
[setup in-out] cfg_addr_i[3] -> cfg_data_o[11] : -2.354662
[setup in-out] cfg_addr_i[4] -> cfg_data_o[18] : -1.277069
[setup in-out] cfg_addr_i[4] -> cfg_data_o[30] : -0.839478
[setup in-out] cfg_addr_i[4] -> cfg_data_o[28] : -0.820611
[setup in-out] cfg_addr_i[4] -> cfg_data_o[31] : -0.732571
[setup in-out] cfg_addr_i[4] -> cfg_data_o[29] : -0.714021
[setup in-reg] cfg_addr_i[2] -> _1968_/D : -0.380279
[setup in-reg] cfg_addr_i[2] -> _1963_/D : -0.371710
[setup in-reg] cfg_addr_i[2] -> _1972_/D : -0.368246
[setup in-reg] cfg_addr_i[2] -> _1974_/D : -0.366553
[setup in-reg] cfg_addr_i[2] -> _1973_/D : -0.359123
