
32. Executing PROC_DLATCH pass (convert process syncs to latches).
No latch inferred for signal `$paramod$0ad33d1f997ad726d24e822dff04b6fc58b9a6fb\io_generic_fifo.$mem2reg_rd$\buffer$/home/sahana/core5_udma/udma_core/rtl/common/io_generic_fifo.sv:143$118_DATA' from process `$paramod$0ad33d1f997ad726d24e822dff04b6fc58b9a6fb\io_generic_fifo.$proc$/home/sahana/core5_udma/udma_core/rtl/common/io_generic_fifo.sv:143$155'.
No latch inferred for signal `$paramod$1de9a1f4945d4c5eb81ccb3e0154152c48ddb6ac\udma_uart_reg_if.\cfg_data_o' from process `$paramod$1de9a1f4945d4c5eb81ccb3e0154152c48ddb6ac\udma_uart_reg_if.$proc$/home/sahana/core5_udma/udma_uart/rtl/udma_uart_reg_if.sv:274$98'.
No latch inferred for signal `$paramod$1de9a1f4945d4c5eb81ccb3e0154152c48ddb6ac\udma_uart_reg_if.\s_err_clr' from process `$paramod$1de9a1f4945d4c5eb81ccb3e0154152c48ddb6ac\udma_uart_reg_if.$proc$/home/sahana/core5_udma/udma_uart/rtl/udma_uart_reg_if.sv:274$98'.
No latch inferred for signal `$paramod$1de9a1f4945d4c5eb81ccb3e0154152c48ddb6ac\udma_uart_reg_if.\s_rx_valid_clr' from process `$paramod$1de9a1f4945d4c5eb81ccb3e0154152c48ddb6ac\udma_uart_reg_if.$proc$/home/sahana/core5_udma/udma_uart/rtl/udma_uart_reg_if.sv:274$98'.
No latch inferred for signal `\udma_uart_tx.\tx_o' from process `\udma_uart_tx.$proc$/home/sahana/core5_udma/udma_uart/rtl/udma_uart_tx.sv:71$56'.
No latch inferred for signal `\udma_uart_tx.\tx_ready_o' from process `\udma_uart_tx.$proc$/home/sahana/core5_udma/udma_uart/rtl/udma_uart_tx.sv:71$56'.
No latch inferred for signal `\udma_uart_tx.\NS' from process `\udma_uart_tx.$proc$/home/sahana/core5_udma/udma_uart/rtl/udma_uart_tx.sv:71$56'.
No latch inferred for signal `\udma_uart_tx.\reg_data_next' from process `\udma_uart_tx.$proc$/home/sahana/core5_udma/udma_uart/rtl/udma_uart_tx.sv:71$56'.
No latch inferred for signal `\udma_uart_tx.\reg_bit_count_next' from process `\udma_uart_tx.$proc$/home/sahana/core5_udma/udma_uart/rtl/udma_uart_tx.sv:71$56'.
No latch inferred for signal `\udma_uart_tx.\parity_bit_next' from process `\udma_uart_tx.$proc$/home/sahana/core5_udma/udma_uart/rtl/udma_uart_tx.sv:71$56'.
No latch inferred for signal `\udma_uart_tx.\baudgen_en' from process `\udma_uart_tx.$proc$/home/sahana/core5_udma/udma_uart/rtl/udma_uart_tx.sv:71$56'.
No latch inferred for signal `\udma_uart_tx.\sampleData' from process `\udma_uart_tx.$proc$/home/sahana/core5_udma/udma_uart/rtl/udma_uart_tx.sv:71$56'.
No latch inferred for signal `\udma_uart_tx.\s_target_bits' from process `\udma_uart_tx.$proc$/home/sahana/core5_udma/udma_uart/rtl/udma_uart_tx.sv:57$55'.
No latch inferred for signal `\udma_uart_rx.\err_parity_o' from process `\udma_uart_rx.$proc$/home/sahana/core5_udma/udma_uart/rtl/udma_uart_rx.sv:84$31'.
No latch inferred for signal `\udma_uart_rx.\err_overflow_o' from process `\udma_uart_rx.$proc$/home/sahana/core5_udma/udma_uart/rtl/udma_uart_rx.sv:84$31'.
No latch inferred for signal `\udma_uart_rx.\char_event_o' from process `\udma_uart_rx.$proc$/home/sahana/core5_udma/udma_uart/rtl/udma_uart_rx.sv:84$31'.
No latch inferred for signal `\udma_uart_rx.\rx_valid_o' from process `\udma_uart_rx.$proc$/home/sahana/core5_udma/udma_uart/rtl/udma_uart_rx.sv:84$31'.
No latch inferred for signal `\udma_uart_rx.\NS' from process `\udma_uart_rx.$proc$/home/sahana/core5_udma/udma_uart/rtl/udma_uart_rx.sv:84$31'.
No latch inferred for signal `\udma_uart_rx.\reg_data_next' from process `\udma_uart_rx.$proc$/home/sahana/core5_udma/udma_uart/rtl/udma_uart_rx.sv:84$31'.
No latch inferred for signal `\udma_uart_rx.\reg_bit_count_next' from process `\udma_uart_rx.$proc$/home/sahana/core5_udma/udma_uart/rtl/udma_uart_rx.sv:84$31'.
No latch inferred for signal `\udma_uart_rx.\parity_bit_next' from process `\udma_uart_rx.$proc$/home/sahana/core5_udma/udma_uart/rtl/udma_uart_rx.sv:84$31'.
No latch inferred for signal `\udma_uart_rx.\s_sample_data' from process `\udma_uart_rx.$proc$/home/sahana/core5_udma/udma_uart/rtl/udma_uart_rx.sv:84$31'.
No latch inferred for signal `\udma_uart_rx.\baudgen_en' from process `\udma_uart_rx.$proc$/home/sahana/core5_udma/udma_uart/rtl/udma_uart_rx.sv:84$31'.
No latch inferred for signal `\udma_uart_rx.\start_bit' from process `\udma_uart_rx.$proc$/home/sahana/core5_udma/udma_uart/rtl/udma_uart_rx.sv:84$31'.
No latch inferred for signal `\udma_uart_rx.\s_set_error_parity' from process `\udma_uart_rx.$proc$/home/sahana/core5_udma/udma_uart/rtl/udma_uart_rx.sv:84$31'.
No latch inferred for signal `\udma_uart_rx.\s_err_clear' from process `\udma_uart_rx.$proc$/home/sahana/core5_udma/udma_uart/rtl/udma_uart_rx.sv:84$31'.
No latch inferred for signal `\udma_uart_rx.\s_target_bits' from process `\udma_uart_rx.$proc$/home/sahana/core5_udma/udma_uart/rtl/udma_uart_rx.sv:70$30'.
Latch inferred for signal `\tc_clk_gating.\clk_en' from process `\tc_clk_gating.$proc$/home/sahana/core5_udma/dependencies/tech_cells_generic/src/rtl/tc_clk.sv:40$200': $auto$proc_dlatch.cc:432:proc_dlatch$1051
No latch inferred for signal `$paramod$5e92e6b3c6bcb85ab5eddd5dee64d346c7f45743\dc_token_ring.\next_state' from process `$paramod$5e92e6b3c6bcb85ab5eddd5dee64d346c7f45743\dc_token_ring.$proc$/home/sahana/core5_udma/dependencies/logint_dc_fifo_xbar/dc_token_ring.v:32$179'.
No latch inferred for signal `$paramod$472709ea3bd0938e2c3e9c6e817c7d6d7fdedb92\dc_token_ring.\next_state' from process `$paramod$472709ea3bd0938e2c3e9c6e817c7d6d7fdedb92\dc_token_ring.$proc$/home/sahana/core5_udma/dependencies/logint_dc_fifo_xbar/dc_token_ring.v:32$164'.
