
36. Executing CHECK pass (checking for obvious problems).
Checking module udma_uart_top...
Checking module pulp_clock_gating...
Checking module $paramod$0ad33d1f997ad726d24e822dff04b6fc58b9a6fb\io_generic_fifo...
Checking module $paramod$a166b2234bf005b190ab6420bb103d60852421bb\dc_token_ring_fifo_din...
Checking module $paramod$a166b2234bf005b190ab6420bb103d60852421bb\dc_token_ring_fifo_dout...
Checking module pulp_sync_wedge...
Checking module $paramod$1de9a1f4945d4c5eb81ccb3e0154152c48ddb6ac\udma_uart_reg_if...
Checking module $paramod$7654e522d750779c4fca23ed504328738d7ed1e9\io_tx_fifo...
Checking module udma_uart_tx...
Checking module $paramod$a166b2234bf005b190ab6420bb103d60852421bb\udma_dc_fifo...
Checking module udma_uart_rx...
Checking module edge_propagator...
Checking module $paramod\pulp_sync\STAGES=32'00000000000000000000000000000010...
Checking module $paramod\onehot_to_bin\ONEHOT_WIDTH=s32'00000000000000000000000000000100...
Checking module $paramod\dc_synchronizer\WIDTH=s32'00000000000000000000000000000001\RESET_VALUE=1'0...
Checking module tc_clk_gating...
Checking module $paramod$a166b2234bf005b190ab6420bb103d60852421bb\dc_data_buffer...
Checking module $paramod$5e92e6b3c6bcb85ab5eddd5dee64d346c7f45743\dc_token_ring...
Checking module $paramod\dc_full_detector\BUFFER_DEPTH=s32'00000000000000000000000000000100...
Checking module $paramod$472709ea3bd0938e2c3e9c6e817c7d6d7fdedb92\dc_token_ring...
Checking module $paramod$7dadd2ee277a1a481f9118ee9d3a80ac7aeb0d0b\dc_synchronizer...
Found and reported 0 problems.
