
===========================================================================
report_checks -unconstrained
===========================================================================
======================= max_ss_125C_4v50 Corner ===================================

Startpoint: _2116_ (rising edge-triggered flip-flop clocked by sys_clk)
Endpoint: _2149_ (recovery check against rising-edge clock sys_clk)
Path Group: asynchronous
Path Type: max

Fanout         Cap        Slew       Delay        Time   Description
---------------------------------------------------------------------------------------------
                      0.150000    0.000000    0.000000   clock sys_clk (rise edge)
                                  0.000000    0.000000   clock network delay (ideal)
                      0.150000    0.000000    0.000000 ^ _2116_/CLK (gf180mcu_fd_sc_mcu7t5v0__dffrnq_1)
     2    0.010850    0.285750    1.354320    1.354320 v _2116_/Q (gf180mcu_fd_sc_mcu7t5v0__dffrnq_1)
                                                         s_uart_rx_clean_fifo (net)
                      0.285750    0.000213    1.354533 v _0966_/A2 (gf180mcu_fd_sc_mcu7t5v0__nor2_1)
     4    0.022159    1.371330    0.901834    2.256367 ^ _0966_/ZN (gf180mcu_fd_sc_mcu7t5v0__nor2_1)
                                                         u_dc_fifo_rx.dst_rstn_i (net)
                      1.371330    0.000133    2.256500 ^ fanout350/I (gf180mcu_fd_sc_mcu7t5v0__dlyb_1)
     5    0.029001    0.936012    2.161266    4.417766 ^ fanout350/Z (gf180mcu_fd_sc_mcu7t5v0__dlyb_1)
                                                         net350 (net)
                      0.936012    0.000146    4.417912 ^ fanout347/I (gf180mcu_fd_sc_mcu7t5v0__dlyb_1)
     8    0.053093    1.543048    2.529400    6.947312 ^ fanout347/Z (gf180mcu_fd_sc_mcu7t5v0__dlyb_1)
                                                         net347 (net)
                      1.543048    0.000516    6.947827 ^ fanout346/I (gf180mcu_fd_sc_mcu7t5v0__dlyb_1)
    10    0.072552    2.065617    2.837318    9.785146 ^ fanout346/Z (gf180mcu_fd_sc_mcu7t5v0__dlyb_1)
                                                         net346 (net)
                      2.065617    0.000396    9.785542 ^ _2149_/SETN (gf180mcu_fd_sc_mcu7t5v0__dffsnq_1)
                                              9.785542   data arrival time

                      0.150000   20.000000   20.000000   clock sys_clk (rise edge)
                                  0.000000   20.000000   clock network delay (ideal)
                                 -0.250000   19.750002   clock uncertainty
                                  0.000000   19.750002   clock reconvergence pessimism
                                             19.750002 ^ _2149_/CLK (gf180mcu_fd_sc_mcu7t5v0__dffsnq_1)
                                 -0.333827   19.416174   library recovery time
                                             19.416174   data required time
---------------------------------------------------------------------------------------------
                                             19.416174   data required time
                                             -9.785542   data arrival time
---------------------------------------------------------------------------------------------
                                              9.630632   slack (MET)


Startpoint: _2069_ (rising edge-triggered flip-flop clocked by periph_clk)
Endpoint: uart_tx_o (output port clocked by periph_clk)
Path Group: periph_clk
Path Type: max

Fanout         Cap        Slew       Delay        Time   Description
---------------------------------------------------------------------------------------------
                      0.150000    0.000000    0.000000   clock periph_clk (rise edge)
                                  0.000000    0.000000   clock network delay (ideal)
                      0.150000    0.000000    0.000000 ^ _2069_/CLK (gf180mcu_fd_sc_mcu7t5v0__dffrnq_1)
     5    0.020246    0.431108    1.461212    1.461212 v _2069_/Q (gf180mcu_fd_sc_mcu7t5v0__dffrnq_1)
                                                         u_uart_tx.CS[1] (net)
                      0.431108    0.000030    1.461241 v fanout418/I (gf180mcu_fd_sc_mcu7t5v0__dlyb_1)
    10    0.044791    0.984057    2.516843    3.978085 v fanout418/Z (gf180mcu_fd_sc_mcu7t5v0__dlyb_1)
                                                         net418 (net)
                      0.984057    0.000315    3.978400 v _1313_/A1 (gf180mcu_fd_sc_mcu7t5v0__and2_1)
     5    0.020664    0.443225    0.869769    4.848168 v _1313_/Z (gf180mcu_fd_sc_mcu7t5v0__and2_1)
                                                         _0413_ (net)
                      0.443225    0.000018    4.848186 v fanout328/I (gf180mcu_fd_sc_mcu7t5v0__dlyb_1)
    10    0.044952    0.986289    2.523099    7.371285 v fanout328/Z (gf180mcu_fd_sc_mcu7t5v0__dlyb_1)
                                                         net328 (net)
                      0.986289    0.000222    7.371507 v _1315_/A2 (gf180mcu_fd_sc_mcu7t5v0__aoi221_1)
     1    0.004977    1.204985    0.895281    8.266788 ^ _1315_/ZN (gf180mcu_fd_sc_mcu7t5v0__aoi221_1)
                                                         _0415_ (net)
                      1.204985    0.000007    8.266795 ^ _1316_/B (gf180mcu_fd_sc_mcu7t5v0__oai21_1)
     1    0.004927    0.449354    0.364059    8.630855 v _1316_/ZN (gf180mcu_fd_sc_mcu7t5v0__oai21_1)
                                                         net220 (net)
                      0.449354    0.000149    8.631003 v output220/I (gf180mcu_fd_sc_mcu7t5v0__buf_1)
     1    0.005701    0.221297    0.538273    9.169277 v output220/Z (gf180mcu_fd_sc_mcu7t5v0__buf_1)
                                                         net236 (net)
                      0.221297    0.000026    9.169303 v wire236/I (gf180mcu_fd_sc_mcu7t5v0__clkbuf_3)
     1    0.073172    0.590521    0.737905    9.907207 v wire236/Z (gf180mcu_fd_sc_mcu7t5v0__clkbuf_3)
                                                         uart_tx_o (net)
                      0.590521    0.000447    9.907655 v uart_tx_o (out)
                                              9.907655   data arrival time

                      0.150000   20.000000   20.000000   clock periph_clk (rise edge)
                                  0.000000   20.000000   clock network delay (ideal)
                                 -0.250000   19.750002   clock uncertainty
                                  0.000000   19.750002   clock reconvergence pessimism
                                 -4.000000   15.750001   output external delay
                                             15.750001   data required time
---------------------------------------------------------------------------------------------
                                             15.750001   data required time
                                             -9.907655   data arrival time
---------------------------------------------------------------------------------------------
                                              5.842346   slack (MET)


Startpoint: cfg_addr_i[3] (input port clocked by sys_clk)
Endpoint: _1968_ (rising edge-triggered flip-flop clocked by sys_clk)
Path Group: sys_clk
Path Type: max

Fanout         Cap        Slew       Delay        Time   Description
---------------------------------------------------------------------------------------------
                      0.150000    0.000000    0.000000   clock sys_clk (rise edge)
                                  0.000000    0.000000   clock network delay (ideal)
                                  4.000000    4.000000 v input external delay
     1    0.003276    0.101621    0.032231    4.032231 v cfg_addr_i[3] (in)
                                                         cfg_addr_i[3] (net)
                      0.101621    0.000000    4.032231 v input4/I (gf180mcu_fd_sc_mcu7t5v0__dlyb_1)
     4    0.014607    0.540292    2.003958    6.036189 v input4/Z (gf180mcu_fd_sc_mcu7t5v0__dlyb_1)
                                                         net4 (net)
                      0.540292    0.000803    6.036992 v fanout428/I (gf180mcu_fd_sc_mcu7t5v0__dlyb_1)
    10    0.043014    0.959029    2.535611    8.572602 v fanout428/Z (gf180mcu_fd_sc_mcu7t5v0__dlyb_1)
                                                         net428 (net)
                      0.959029    0.000692    8.573295 v _0979_/A2 (gf180mcu_fd_sc_mcu7t5v0__nand2_1)
     3    0.012435    0.667159    0.619890    9.193184 ^ _0979_/ZN (gf180mcu_fd_sc_mcu7t5v0__nand2_1)
                                                         _0763_ (net)
                      0.667159    0.000013    9.193197 ^ _1583_/A4 (gf180mcu_fd_sc_mcu7t5v0__nor4_1)
     1    0.003063    0.593052    0.428687    9.621885 v _1583_/ZN (gf180mcu_fd_sc_mcu7t5v0__nor4_1)
                                                         _0564_ (net)
                      0.593052    0.000029    9.621914 v fanout273/I (gf180mcu_fd_sc_mcu7t5v0__dlyb_1)
     3    0.026764    0.746590    2.349999   11.971913 v fanout273/Z (gf180mcu_fd_sc_mcu7t5v0__dlyb_1)
                                                         net273 (net)
                      0.746590    0.000020   11.971933 v load_slew274/I (gf180mcu_fd_sc_mcu7t5v0__buf_2)
     6    0.058599    0.532872    0.818782   12.790715 v load_slew274/Z (gf180mcu_fd_sc_mcu7t5v0__buf_2)
                                                         net274 (net)
                      0.532878    0.000996   12.791711 v fanout272/I (gf180mcu_fd_sc_mcu7t5v0__dlyb_1)
     7    0.068145    1.314752    2.815638   15.607348 v fanout272/Z (gf180mcu_fd_sc_mcu7t5v0__dlyb_1)
                                                         net272 (net)
                      1.314759    0.002318   15.609667 v fanout270/I (gf180mcu_fd_sc_mcu7t5v0__dlyb_1)
     6    0.058136    1.212568    2.988211   18.597878 v fanout270/Z (gf180mcu_fd_sc_mcu7t5v0__dlyb_1)
                                                         net270 (net)
                      1.212568    0.000057   18.597935 v load_slew271/I (gf180mcu_fd_sc_mcu7t5v0__buf_2)
     5    0.052930    0.500019    0.914557   19.512491 v load_slew271/Z (gf180mcu_fd_sc_mcu7t5v0__buf_2)
                                                         net271 (net)
                      0.500019    0.000329   19.512821 v _1594_/S (gf180mcu_fd_sc_mcu7t5v0__mux2_2)
     1    0.003208    0.170145    0.731259   20.244080 ^ _1594_/Z (gf180mcu_fd_sc_mcu7t5v0__mux2_2)
                                                         _0156_ (net)
                      0.170145    0.000016   20.244095 ^ _1968_/D (gf180mcu_fd_sc_mcu7t5v0__dffrnq_1)
                                             20.244095   data arrival time

                      0.150000   20.000000   20.000000   clock sys_clk (rise edge)
                                  0.000000   20.000000   clock network delay (ideal)
                                 -0.250000   19.750002   clock uncertainty
                                  0.000000   19.750002   clock reconvergence pessimism
                                             19.750002 ^ _1968_/CLK (gf180mcu_fd_sc_mcu7t5v0__dffrnq_1)
                                 -0.596485   19.153517   library setup time
                                             19.153517   data required time
---------------------------------------------------------------------------------------------
                                             19.153517   data required time
                                            -20.244095   data arrival time
---------------------------------------------------------------------------------------------
                                             -1.090578   slack (VIOLATED)




===========================================================================
report_checks --slack_max -0.01
============================================================================
======================= max_ss_125C_4v50 Corner ===================================

Startpoint: cfg_addr_i[3] (input port clocked by sys_clk)
Endpoint: _1968_ (rising edge-triggered flip-flop clocked by sys_clk)
Path Group: sys_clk
Path Type: max

Fanout         Cap        Slew       Delay        Time   Description
---------------------------------------------------------------------------------------------
                      0.150000    0.000000    0.000000   clock sys_clk (rise edge)
                                  0.000000    0.000000   clock network delay (ideal)
                                  4.000000    4.000000 v input external delay
     1    0.003276    0.101621    0.032231    4.032231 v cfg_addr_i[3] (in)
                                                         cfg_addr_i[3] (net)
                      0.101621    0.000000    4.032231 v input4/I (gf180mcu_fd_sc_mcu7t5v0__dlyb_1)
     4    0.014607    0.540292    2.003958    6.036189 v input4/Z (gf180mcu_fd_sc_mcu7t5v0__dlyb_1)
                                                         net4 (net)
                      0.540292    0.000803    6.036992 v fanout428/I (gf180mcu_fd_sc_mcu7t5v0__dlyb_1)
    10    0.043014    0.959029    2.535611    8.572602 v fanout428/Z (gf180mcu_fd_sc_mcu7t5v0__dlyb_1)
                                                         net428 (net)
                      0.959029    0.000692    8.573295 v _0979_/A2 (gf180mcu_fd_sc_mcu7t5v0__nand2_1)
     3    0.012435    0.667159    0.619890    9.193184 ^ _0979_/ZN (gf180mcu_fd_sc_mcu7t5v0__nand2_1)
                                                         _0763_ (net)
                      0.667159    0.000013    9.193197 ^ _1583_/A4 (gf180mcu_fd_sc_mcu7t5v0__nor4_1)
     1    0.003063    0.593052    0.428687    9.621885 v _1583_/ZN (gf180mcu_fd_sc_mcu7t5v0__nor4_1)
                                                         _0564_ (net)
                      0.593052    0.000029    9.621914 v fanout273/I (gf180mcu_fd_sc_mcu7t5v0__dlyb_1)
     3    0.026764    0.746590    2.349999   11.971913 v fanout273/Z (gf180mcu_fd_sc_mcu7t5v0__dlyb_1)
                                                         net273 (net)
                      0.746590    0.000020   11.971933 v load_slew274/I (gf180mcu_fd_sc_mcu7t5v0__buf_2)
     6    0.058599    0.532872    0.818782   12.790715 v load_slew274/Z (gf180mcu_fd_sc_mcu7t5v0__buf_2)
                                                         net274 (net)
                      0.532878    0.000996   12.791711 v fanout272/I (gf180mcu_fd_sc_mcu7t5v0__dlyb_1)
     7    0.068145    1.314752    2.815638   15.607348 v fanout272/Z (gf180mcu_fd_sc_mcu7t5v0__dlyb_1)
                                                         net272 (net)
                      1.314759    0.002318   15.609667 v fanout270/I (gf180mcu_fd_sc_mcu7t5v0__dlyb_1)
     6    0.058136    1.212568    2.988211   18.597878 v fanout270/Z (gf180mcu_fd_sc_mcu7t5v0__dlyb_1)
                                                         net270 (net)
                      1.212568    0.000057   18.597935 v load_slew271/I (gf180mcu_fd_sc_mcu7t5v0__buf_2)
     5    0.052930    0.500019    0.914557   19.512491 v load_slew271/Z (gf180mcu_fd_sc_mcu7t5v0__buf_2)
                                                         net271 (net)
                      0.500019    0.000329   19.512821 v _1594_/S (gf180mcu_fd_sc_mcu7t5v0__mux2_2)
     1    0.003208    0.170145    0.731259   20.244080 ^ _1594_/Z (gf180mcu_fd_sc_mcu7t5v0__mux2_2)
                                                         _0156_ (net)
                      0.170145    0.000016   20.244095 ^ _1968_/D (gf180mcu_fd_sc_mcu7t5v0__dffrnq_1)
                                             20.244095   data arrival time

                      0.150000   20.000000   20.000000   clock sys_clk (rise edge)
                                  0.000000   20.000000   clock network delay (ideal)
                                 -0.250000   19.750002   clock uncertainty
                                  0.000000   19.750002   clock reconvergence pessimism
                                             19.750002 ^ _1968_/CLK (gf180mcu_fd_sc_mcu7t5v0__dffrnq_1)
                                 -0.596485   19.153517   library setup time
                                             19.153517   data required time
---------------------------------------------------------------------------------------------
                                             19.153517   data required time
                                            -20.244095   data arrival time
---------------------------------------------------------------------------------------------
                                             -1.090578   slack (VIOLATED)




===========================================================================
 report_check_types -max_slew -max_cap -max_fanout -violators
============================================================================
======================= max_ss_125C_4v50 Corner ===================================

max slew

Pin                                        Limit        Slew       Slack
------------------------------------------------------------------------
_1424_/ZN                               3.000000    3.246735   -0.246735 (VIOLATED)
_1425_/S                                3.000000    3.246735   -0.246735 (VIOLATED)
_1426_/S                                3.000000    3.246735   -0.246735 (VIOLATED)
_1430_/S                                3.000000    3.246735   -0.246735 (VIOLATED)
_1431_/S                                3.000000    3.246735   -0.246735 (VIOLATED)
load_slew234/I                          3.000000    3.246735   -0.246735 (VIOLATED)
_1605_/S                                3.000000    3.001266   -0.001266 (VIOLATED)
_1606_/S                                3.000000    3.001266   -0.001266 (VIOLATED)
_1607_/S                                3.000000    3.001266   -0.001266 (VIOLATED)
_1610_/S                                3.000000    3.001266   -0.001266 (VIOLATED)
_1611_/S                                3.000000    3.001266   -0.001266 (VIOLATED)
_1612_/S                                3.000000    3.001266   -0.001266 (VIOLATED)
_1613_/S                                3.000000    3.001266   -0.001266 (VIOLATED)
_1614_/S                                3.000000    3.001266   -0.001266 (VIOLATED)
_1615_/S                                3.000000    3.001266   -0.001266 (VIOLATED)
_1616_/S                                3.000000    3.001266   -0.001266 (VIOLATED)
fanout316/Z                             3.000000    3.001266   -0.001266 (VIOLATED)
_1433_/ZN                               3.000000    3.000337   -0.000337 (VIOLATED)
_1434_/S                                3.000000    3.000337   -0.000337 (VIOLATED)
_1435_/S                                3.000000    3.000337   -0.000337 (VIOLATED)
_1439_/S                                3.000000    3.000337   -0.000337 (VIOLATED)
_1440_/S                                3.000000    3.000337   -0.000337 (VIOLATED)
load_slew253/I                          3.000000    3.000337   -0.000337 (VIOLATED)



===========================================================================
report_parasitic_annotation -report_unannotated
============================================================================
Found 145 unannotated drivers.
 data_tx_i[10]
 data_tx_i[11]
 data_tx_i[12]
 data_tx_i[13]
 data_tx_i[14]
 data_tx_i[15]
 data_tx_i[16]
 data_tx_i[17]
 data_tx_i[18]
 data_tx_i[19]
 data_tx_i[20]
 data_tx_i[21]
 data_tx_i[22]
 data_tx_i[23]
 data_tx_i[24]
 data_tx_i[25]
 data_tx_i[26]
 data_tx_i[27]
 data_tx_i[28]
 data_tx_i[29]
 data_tx_i[30]
 data_tx_i[31]
 data_tx_i[8]
 data_tx_i[9]
 periph_clk_i
 sys_clk_i
 clkbuf_0_periph_clk_i/Z
 clkbuf_0_sys_clk_i/Z
 clkbuf_4_0_0_periph_clk_i/Z
 clkbuf_4_0_0_sys_clk_i/Z
 clkbuf_4_10_0_periph_clk_i/Z
 clkbuf_4_10_0_sys_clk_i/Z
 clkbuf_4_11_0_periph_clk_i/Z
 clkbuf_4_11_0_sys_clk_i/Z
 clkbuf_4_12_0_periph_clk_i/Z
 clkbuf_4_12_0_sys_clk_i/Z
 clkbuf_4_13_0_periph_clk_i/Z
 clkbuf_4_13_0_sys_clk_i/Z
 clkbuf_4_14_0_periph_clk_i/Z
 clkbuf_4_14_0_sys_clk_i/Z
 clkbuf_4_15_0_periph_clk_i/Z
 clkbuf_4_15_0_sys_clk_i/Z
 clkbuf_4_1_0_periph_clk_i/Z
 clkbuf_4_1_0_sys_clk_i/Z
 clkbuf_4_2_0_periph_clk_i/Z
 clkbuf_4_2_0_sys_clk_i/Z
 clkbuf_4_3_0_periph_clk_i/Z
 clkbuf_4_3_0_sys_clk_i/Z
 clkbuf_4_4_0_periph_clk_i/Z
 clkbuf_4_4_0_sys_clk_i/Z
 clkbuf_4_5_0_periph_clk_i/Z
 clkbuf_4_5_0_sys_clk_i/Z
 clkbuf_4_6_0_periph_clk_i/Z
 clkbuf_4_6_0_sys_clk_i/Z
 clkbuf_4_7_0_periph_clk_i/Z
 clkbuf_4_7_0_sys_clk_i/Z
 clkbuf_4_8_0_periph_clk_i/Z
 clkbuf_4_8_0_sys_clk_i/Z
 clkbuf_4_9_0_periph_clk_i/Z
 clkbuf_4_9_0_sys_clk_i/Z
 clkbuf_5_0__f_periph_clk_i/Z
 clkbuf_5_0__f_sys_clk_i/Z
 clkbuf_5_10__f_periph_clk_i/Z
 clkbuf_5_10__f_sys_clk_i/Z
 clkbuf_5_11__f_periph_clk_i/Z
 clkbuf_5_11__f_sys_clk_i/Z
 clkbuf_5_12__f_periph_clk_i/Z
 clkbuf_5_12__f_sys_clk_i/Z
 clkbuf_5_13__f_periph_clk_i/Z
 clkbuf_5_13__f_sys_clk_i/Z
 clkbuf_5_14__f_periph_clk_i/Z
 clkbuf_5_14__f_sys_clk_i/Z
 clkbuf_5_15__f_periph_clk_i/Z
 clkbuf_5_15__f_sys_clk_i/Z
 clkbuf_5_16__f_periph_clk_i/Z
 clkbuf_5_16__f_sys_clk_i/Z
 clkbuf_5_17__f_periph_clk_i/Z
 clkbuf_5_17__f_sys_clk_i/Z
 clkbuf_5_18__f_periph_clk_i/Z
 clkbuf_5_18__f_sys_clk_i/Z
 clkbuf_5_19__f_periph_clk_i/Z
 clkbuf_5_19__f_sys_clk_i/Z
 clkbuf_5_1__f_periph_clk_i/Z
 clkbuf_5_1__f_sys_clk_i/Z
 clkbuf_5_20__f_periph_clk_i/Z
 clkbuf_5_20__f_sys_clk_i/Z
 clkbuf_5_21__f_periph_clk_i/Z
 clkbuf_5_21__f_sys_clk_i/Z
 clkbuf_5_22__f_periph_clk_i/Z
 clkbuf_5_22__f_sys_clk_i/Z
 clkbuf_5_23__f_periph_clk_i/Z
 clkbuf_5_23__f_sys_clk_i/Z
 clkbuf_5_24__f_periph_clk_i/Z
 clkbuf_5_24__f_sys_clk_i/Z
 clkbuf_5_25__f_periph_clk_i/Z
 clkbuf_5_25__f_sys_clk_i/Z
 clkbuf_5_26__f_periph_clk_i/Z
 clkbuf_5_26__f_sys_clk_i/Z
 clkbuf_5_27__f_periph_clk_i/Z
 clkbuf_5_27__f_sys_clk_i/Z
 clkbuf_5_28__f_periph_clk_i/Z
 clkbuf_5_28__f_sys_clk_i/Z
 clkbuf_5_29__f_periph_clk_i/Z
 clkbuf_5_29__f_sys_clk_i/Z
 clkbuf_5_2__f_periph_clk_i/Z
 clkbuf_5_2__f_sys_clk_i/Z
 clkbuf_5_30__f_periph_clk_i/Z
 clkbuf_5_30__f_sys_clk_i/Z
 clkbuf_5_31__f_periph_clk_i/Z
 clkbuf_5_31__f_sys_clk_i/Z
 clkbuf_5_3__f_periph_clk_i/Z
 clkbuf_5_3__f_sys_clk_i/Z
 clkbuf_5_4__f_periph_clk_i/Z
 clkbuf_5_4__f_sys_clk_i/Z
 clkbuf_5_5__f_periph_clk_i/Z
 clkbuf_5_5__f_sys_clk_i/Z
 clkbuf_5_6__f_periph_clk_i/Z
 clkbuf_5_6__f_sys_clk_i/Z
 clkbuf_5_7__f_periph_clk_i/Z
 clkbuf_5_7__f_sys_clk_i/Z
 clkbuf_5_8__f_periph_clk_i/Z
 clkbuf_5_8__f_sys_clk_i/Z
 clkbuf_5_9__f_periph_clk_i/Z
 clkbuf_5_9__f_sys_clk_i/Z
 clkload0/Z
 clkload1/Z
 clkload10/Z
 clkload11/Z
 clkload12/Z
 clkload13/Z
 clkload14/Z
 clkload15/Z
 clkload16/Z
 clkload17/Z
 clkload18/Z
 clkload19/Z
 clkload2/Z
 clkload20/Z
 clkload3/Z
 clkload4/Z
 clkload5/Z
 clkload6/Z
 clkload7/Z
 clkload8/Z
 clkload9/Z
Found 0 partially unannotated drivers.

===========================================================================
max slew violation count 23
Writing metric design__max_slew_violation__count__corner:max_ss_125C_4v50: 23
max fanout violation count 0
Writing metric design__max_fanout_violation__count__corner:max_ss_125C_4v50: 0
max cap violation count 0
Writing metric design__max_cap_violation__count__corner:max_ss_125C_4v50: 0
============================================================================

===========================================================================
check_setup -verbose -unconstrained_endpoints -multiple_clock -no_clock -no_input_delay -loops -generated_clocks
===========================================================================
Warning: There is 1 input port missing set_input_delay.
  rstn_i
